DEBUG variable x=192.168.197.186
INFO connection established
FATAL out of memory
DEBUG variable x=192.168.189.144
INFO request from 192.168.92.139
FATAL kernel panic
FATAL segfault at address 0x192.168.107.168
INFO processed 192.168.142.104 items
INFO connection established
DEBUG heap size: 192.168.121.141
WARN retry attempt 192.168.60.30 for 95648
ERROR connection timeout 503
FATAL segfault at address 0x192.168.82.31
FATAL unrecoverable disk error
INFO user 192.168.189.144 logged in
DEBUG heap size: 192.168.197.186
WARN memory threshold reached: 192.168.193.243MB
INFO user 192.168.189.144 logged in
INFO connection established
ERROR file not found: /tmp/192.168.92.139.log
WARN disk usage 192.168.57.185%
WARN slow query: 192.168.197.186ms
INFO user 192.168.141.220 logged in
ERROR null pointer in module 192.168.39.155
WARN memory threshold reached: 192.168.57.185MB
FATAL segfault at address 0x192.168.178.6
FATAL kernel panic
INFO processed 192.168.189.144 items
DEBUG variable x=192.168.36.209
INFO processed 192.168.82.31 items
ERROR null pointer in module 192.168.82.31
FATAL segfault at address 0x192.168.92.139
DEBUG cache hit for key=192.168.142.104
WARN slow query: 192.168.229.48ms
DEBUG cache hit for key=192.168.215.207
INFO request from 192.168.178.215
FATAL unrecoverable disk error
INFO request from 192.168.82.31
ERROR connection timeout 503
WARN memory threshold reached: 192.168.60.30MB
FATAL out of memory
ERROR connection timeout 503
INFO processed 192.168.92.139 items
WARN slow query: 192.168.141.220ms
INFO user 192.168.211.158 logged in
WARN slow query: 192.168.215.207ms
DEBUG entering function foo
WARN disk usage 192.168.178.6%
INFO connection established
DEBUG entering function foo
WARN disk usage 192.168.215.207%
WARN slow query: 192.168.141.220ms
INFO processed 192.168.57.185 items
ERROR auth failure for user 192.168.121.141
ERROR file not found: /tmp/192.168.9.50.log
ERROR connection timeout 503
ERROR file not found: /tmp/192.168.121.141.log
INFO connection established
INFO processed 192.168.229.48 items
ERROR auth failure for user 192.168.189.144
FATAL out of memory
FATAL out of memory
INFO connection established
ERROR auth failure for user 192.168.211.158
INFO processed 192.168.107.168 items
WARN slow query: 192.168.178.215ms
FATAL kernel panic
WARN memory threshold reached: 192.168.60.30MB
FATAL out of memory
DEBUG heap size: 192.168.215.207
INFO request from 192.168.215.207
INFO request from 192.168.82.31
INFO processed 192.168.121.141 items
INFO request from 192.168.82.31
ERROR file not found: /tmp/192.168.197.186.log
WARN memory threshold reached: 192.168.197.186MB
INFO user 192.168.39.155 logged in
DEBUG variable x=192.168.39.155
FATAL out of memory
INFO user 192.168.36.209 logged in
DEBUG entering function foo
INFO processed 192.168.92.139 items
WARN disk usage 192.168.92.139%
DEBUG entering function foo
DEBUG entering function foo
FATAL unrecoverable disk error
WARN slow query: 192.168.197.186ms
DEBUG heap size: 192.168.197.186
DEBUG cache hit for key=192.168.36.209
WARN memory threshold reached: 192.168.39.155MB
ERROR connection timeout 503
INFO request from 192.168.193.243
FATAL unrecoverable disk error
DEBUG cache hit for key=192.168.193.243
WARN memory threshold reached: 192.168.57.185MB
DEBUG cache hit for key=192.168.92.139
FATAL unrecoverable disk error
INFO processed 192.168.107.168 items
WARN slow query: 192.168.57.185ms
INFO request from 192.168.211.158
ERROR auth failure for user 192.168.141.220
WARN retry attempt 192.168.57.185 for 29220
DEBUG entering function foo
WARN disk usage 192.168.197.186%
FATAL kernel panic
DEBUG variable x=192.168.197.186
FATAL segfault at address 0x192.168.60.30
FATAL kernel panic
WARN slow query: 192.168.82.31ms
DEBUG heap size: 192.168.178.6
WARN disk usage 192.168.9.50%
FATAL unrecoverable disk error
DEBUG cache hit for key=192.168.82.31
DEBUG cache hit for key=192.168.215.207
ERROR file not found: /tmp/192.168.211.158.log
WARN memory threshold reached: 192.168.141.220MB
ERROR auth failure for user 192.168.82.31
WARN slow query: 192.168.92.139ms
WARN retry attempt 192.168.141.220 for 56347
FATAL segfault at address 0x192.168.39.155
ERROR auth failure for user 192.168.215.207
INFO request from 192.168.178.215
FATAL segfault at address 0x192.168.189.144
INFO user 192.168.57.185 logged in
INFO request from 192.168.60.30
ERROR connection timeout 503
FATAL unrecoverable disk error
ERROR auth failure for user 192.168.36.209
DEBUG variable x=192.168.9.50
INFO processed 192.168.60.30 items
INFO request from 192.168.39.155
ERROR file not found: /tmp/192.168.39.155.log
FATAL kernel panic
INFO processed 192.168.39.155 items
INFO user 192.168.215.207 logged in
INFO user 192.168.39.155 logged in
WARN memory threshold reached: 192.168.197.186MB
WARN disk usage 192.168.36.209%
INFO processed 192.168.36.209 items
INFO request from 192.168.9.50
WARN slow query: 192.168.9.50ms
INFO processed 192.168.211.158 items
DEBUG heap size: 192.168.219.168
WARN retry attempt 192.168.211.158 for 54922
FATAL unrecoverable disk error
WARN slow query: 192.168.219.168ms
ERROR file not found: /tmp/192.168.211.158.log
INFO processed 192.168.36.209 items
FATAL out of memory
FATAL out of memory
ERROR auth failure for user 192.168.39.155
DEBUG cache hit for key=192.168.211.158
INFO processed 192.168.142.104 items
ERROR file not found: /tmp/192.168.9.50.log
DEBUG heap size: 192.168.107.168
FATAL out of memory
DEBUG variable x=192.168.107.168
INFO request from 192.168.82.31
INFO connection established
DEBUG entering function foo
WARN retry attempt 192.168.229.48 for 79416
FATAL out of memory
DEBUG variable x=192.168.178.215
ERROR null pointer in module 192.168.141.220
FATAL unrecoverable disk error
WARN disk usage 192.168.178.6%
WARN slow query: 192.168.193.243ms
FATAL segfault at address 0x192.168.107.168
ERROR connection timeout 503
ERROR auth failure for user 192.168.9.50
FATAL segfault at address 0x192.168.82.31
ERROR null pointer in module 192.168.9.50
FATAL segfault at address 0x192.168.142.104
DEBUG cache hit for key=192.168.39.155
ERROR null pointer in module 192.168.142.104
ERROR file not found: /tmp/192.168.229.48.log
INFO user 192.168.197.186 logged in
WARN retry attempt 192.168.92.139 for 1331
FATAL unrecoverable disk error
ERROR null pointer in module 192.168.92.139
INFO processed 192.168.219.168 items
DEBUG variable x=192.168.178.215
ERROR auth failure for user 192.168.178.215
FATAL segfault at address 0x192.168.219.168
FATAL segfault at address 0x192.168.9.50
FATAL segfault at address 0x192.168.193.243
ERROR file not found: /tmp/192.168.178.215.log
INFO request from 192.168.141.220
DEBUG entering function foo
ERROR file not found: /tmp/192.168.178.6.log
FATAL segfault at address 0x192.168.121.141
WARN memory threshold reached: 192.168.193.243MB
WARN disk usage 192.168.92.139%
WARN disk usage 192.168.60.30%
WARN memory threshold reached: 192.168.219.168MB
DEBUG cache hit for key=192.168.219.168
ERROR file not found: /tmp/192.168.229.48.log
WARN slow query: 192.168.121.141ms
ERROR null pointer in module 192.168.189.144
DEBUG entering function foo
WARN disk usage 192.168.57.185%
FATAL kernel panic
FATAL unrecoverable disk error
ERROR null pointer in module 192.168.178.215
ERROR file not found: /tmp/192.168.178.6.log
DEBUG variable x=192.168.141.220
INFO user 192.168.189.144 logged in
INFO connection established
INFO request from 192.168.9.50
FATAL kernel panic
INFO user 192.168.178.215 logged in
ERROR connection timeout 503
FATAL unrecoverable disk error
FATAL unrecoverable disk error
INFO request from 192.168.60.30
WARN retry attempt 192.168.39.155 for 16300
ERROR file not found: /tmp/192.168.211.158.log
FATAL kernel panic
FATAL out of memory
WARN retry attempt 192.168.107.168 for 11971
INFO request from 192.168.197.186
DEBUG entering function foo
ERROR file not found: /tmp/192.168.229.48.log
ERROR null pointer in module 192.168.189.144
WARN slow query: 192.168.142.104ms
DEBUG entering function foo
ERROR file not found: /tmp/192.168.211.158.log
FATAL out of memory
WARN retry attempt 192.168.142.104 for 15195
ERROR connection timeout 503
ERROR connection timeout 503
WARN slow query: 192.168.39.155ms
DEBUG entering function foo
INFO user 192.168.39.155 logged in
ERROR connection timeout 503
FATAL unrecoverable disk error
FATAL out of memory
DEBUG entering function foo
DEBUG entering function foo
WARN retry attempt 192.168.9.50 for 63243
ERROR auth failure for user 192.168.39.155
INFO processed 192.168.141.220 items
FATAL unrecoverable disk error
ERROR file not found: /tmp/192.168.215.207.log
DEBUG cache hit for key=192.168.178.215
FATAL kernel panic
FATAL kernel panic
FATAL kernel panic
INFO connection established
INFO processed 192.168.60.30 items
ERROR null pointer in module 192.168.211.158
INFO processed 192.168.60.30 items
FATAL segfault at address 0x192.168.121.141
DEBUG heap size: 192.168.107.168
INFO processed 192.168.36.209 items
ERROR file not found: /tmp/192.168.142.104.log
ERROR connection timeout 503
FATAL kernel panic
ERROR connection timeout 503
INFO user 192.168.57.185 logged in
DEBUG heap size: 192.168.121.141
DEBUG heap size: 192.168.229.48
WARN disk usage 192.168.60.30%
DEBUG cache hit for key=192.168.193.243
ERROR auth failure for user 192.168.57.185
ERROR auth failure for user 192.168.229.48
DEBUG heap size: 192.168.82.31
INFO processed 192.168.178.6 items
INFO processed 192.168.197.186 items
WARN disk usage 192.168.39.155%
FATAL unrecoverable disk error
WARN retry attempt 192.168.9.50 for 90481
WARN slow query: 192.168.178.215ms
ERROR null pointer in module 192.168.121.141
ERROR file not found: /tmp/192.168.178.6.log
WARN disk usage 192.168.211.158%
DEBUG variable x=192.168.82.31
ERROR file not found: /tmp/192.168.57.185.log
WARN memory threshold reached: 192.168.141.220MB
WARN memory threshold reached: 192.168.121.141MB
DEBUG cache hit for key=192.168.39.155
FATAL segfault at address 0x192.168.36.209
WARN retry attempt 192.168.9.50 for 23022
INFO connection established
FATAL segfault at address 0x192.168.229.48
ERROR file not found: /tmp/192.168.142.104.log
ERROR connection timeout 503
INFO processed 192.168.92.139 items
DEBUG heap size: 192.168.107.168
FATAL out of memory
WARN slow query: 192.168.193.243ms
INFO processed 192.168.107.168 items
FATAL segfault at address 0x192.168.82.31
DEBUG heap size: 192.168.178.215
ERROR connection timeout 503
DEBUG cache hit for key=192.168.219.168
DEBUG entering function foo
ERROR null pointer in module 192.168.193.243
FATAL kernel panic
INFO processed 192.168.121.141 items
FATAL kernel panic
WARN memory threshold reached: 192.168.39.155MB
INFO user 192.168.121.141 logged in
WARN retry attempt 192.168.60.30 for 52185
WARN memory threshold reached: 192.168.121.141MB
DEBUG entering function foo
DEBUG cache hit for key=192.168.57.185
FATAL unrecoverable disk error
INFO connection established
INFO request from 192.168.197.186
INFO user 192.168.229.48 logged in
DEBUG entering function foo
INFO user 192.168.107.168 logged in
WARN disk usage 192.168.36.209%
ERROR connection timeout 503
ERROR file not found: /tmp/192.168.215.207.log
DEBUG heap size: 192.168.215.207
FATAL out of memory
ERROR connection timeout 503
ERROR null pointer in module 192.168.121.141
ERROR connection timeout 503
FATAL unrecoverable disk error
WARN retry attempt 192.168.211.158 for 78302
FATAL segfault at address 0x192.168.39.155
FATAL kernel panic
DEBUG entering function foo
INFO processed 192.168.142.104 items
ERROR null pointer in module 192.168.121.141
ERROR file not found: /tmp/192.168.197.186.log
INFO processed 192.168.189.144 items
DEBUG variable x=192.168.9.50
WARN memory threshold reached: 192.168.92.139MB
FATAL segfault at address 0x192.168.121.141
WARN slow query: 192.168.60.30ms
FATAL segfault at address 0x192.168.193.243
FATAL unrecoverable disk error
ERROR auth failure for user 192.168.121.141
FATAL segfault at address 0x192.168.121.141
WARN memory threshold reached: 192.168.9.50MB
FATAL out of memory
WARN disk usage 192.168.229.48%
WARN retry attempt 192.168.193.243 for 801
INFO connection established
ERROR connection timeout 503
DEBUG variable x=192.168.215.207
ERROR null pointer in module 192.168.39.155
INFO user 192.168.178.215 logged in
WARN disk usage 192.168.60.30%
INFO request from 192.168.189.144
ERROR null pointer in module 192.168.219.168
ERROR null pointer in module 192.168.197.186
FATAL out of memory
DEBUG cache hit for key=192.168.178.6
FATAL segfault at address 0x192.168.60.30
ERROR connection timeout 503
WARN memory threshold reached: 192.168.36.209MB
WARN retry attempt 192.168.121.141 for 1014
ERROR null pointer in module 192.168.229.48
ERROR auth failure for user 192.168.215.207
WARN disk usage 192.168.211.158%
DEBUG heap size: 192.168.107.168
DEBUG cache hit for key=192.168.178.6
FATAL kernel panic
DEBUG heap size: 192.168.107.168
INFO processed 192.168.193.243 items
ERROR connection timeout 503
FATAL kernel panic
ERROR file not found: /tmp/192.168.142.104.log
WARN memory threshold reached: 192.168.189.144MB
DEBUG entering function foo
INFO connection established
WARN memory threshold reached: 192.168.229.48MB
INFO request from 192.168.229.48
ERROR null pointer in module 192.168.178.6
FATAL kernel panic
FATAL segfault at address 0x192.168.142.104
ERROR connection timeout 503
WARN retry attempt 192.168.178.6 for 7363
WARN disk usage 192.168.178.215%
ERROR connection timeout 503
WARN disk usage 192.168.189.144%
FATAL kernel panic
FATAL out of memory
INFO user 192.168.82.31 logged in
FATAL unrecoverable disk error
DEBUG cache hit for key=192.168.189.144
INFO request from 192.168.57.185
ERROR null pointer in module 192.168.215.207
FATAL unrecoverable disk error
WARN slow query: 192.168.9.50ms
FATAL out of memory
WARN disk usage 192.168.92.139%
ERROR file not found: /tmp/192.168.197.186.log
FATAL unrecoverable disk error
FATAL unrecoverable disk error
ERROR auth failure for user 192.168.82.31
DEBUG cache hit for key=192.168.92.139
WARN memory threshold reached: 192.168.215.207MB
ERROR file not found: /tmp/192.168.107.168.log
WARN memory threshold reached: 192.168.141.220MB
ERROR auth failure for user 192.168.57.185
INFO request from 192.168.178.215
FATAL out of memory
INFO processed 192.168.36.209 items
INFO connection established
ERROR file not found: /tmp/192.168.57.185.log
FATAL segfault at address 0x192.168.39.155
FATAL unrecoverable disk error
INFO user 192.168.178.6 logged in
ERROR file not found: /tmp/192.168.211.158.log
FATAL kernel panic
FATAL unrecoverable disk error
ERROR file not found: /tmp/192.168.92.139.log
FATAL out of memory
INFO user 192.168.39.155 logged in
INFO processed 192.168.189.144 items
ERROR file not found: /tmp/192.168.107.168.log
DEBUG heap size: 192.168.215.207
INFO processed 192.168.189.144 items
INFO request from 192.168.142.104
WARN memory threshold reached: 192.168.36.209MB
WARN slow query: 192.168.36.209ms
ERROR null pointer in module 192.168.82.31
DEBUG variable x=192.168.197.186
INFO processed 192.168.121.141 items
INFO user 192.168.121.141 logged in
INFO processed 192.168.82.31 items
DEBUG variable x=192.168.219.168
FATAL out of memory
INFO connection established
DEBUG cache hit for key=192.168.57.185
ERROR auth failure for user 192.168.189.144
WARN disk usage 192.168.215.207%
FATAL out of memory
DEBUG heap size: 192.168.193.243
DEBUG cache hit for key=192.168.189.144
INFO request from 192.168.178.6
WARN memory threshold reached: 192.168.60.30MB
FATAL segfault at address 0x192.168.229.48
ERROR null pointer in module 192.168.229.48
DEBUG heap size: 192.168.60.30
INFO request from 192.168.141.220
WARN retry attempt 192.168.215.207 for 52197
FATAL kernel panic
INFO user 192.168.193.243 logged in
WARN retry attempt 192.168.121.141 for 48238
ERROR null pointer in module 192.168.39.155
WARN memory threshold reached: 192.168.219.168MB
ERROR file not found: /tmp/192.168.215.207.log
DEBUG heap size: 192.168.189.144
FATAL unrecoverable disk error
WARN disk usage 192.168.189.144%
WARN retry attempt 192.168.39.155 for 78987
ERROR auth failure for user 192.168.39.155
ERROR connection timeout 503
ERROR file not found: /tmp/192.168.60.30.log
ERROR file not found: /tmp/192.168.215.207.log
INFO request from 192.168.36.209
ERROR connection timeout 503
INFO user 192.168.193.243 logged in
FATAL out of memory
ERROR file not found: /tmp/192.168.193.243.log
DEBUG entering function foo
ERROR file not found: /tmp/192.168.197.186.log
DEBUG variable x=192.168.229.48
FATAL kernel panic
WARN retry attempt 192.168.39.155 for 28125
FATAL segfault at address 0x192.168.219.168
DEBUG entering function foo
INFO processed 192.168.189.144 items
WARN retry attempt 192.168.189.144 for 72090
FATAL segfault at address 0x192.168.178.215
INFO user 192.168.215.207 logged in
DEBUG entering function foo
ERROR connection timeout 503
FATAL segfault at address 0x192.168.39.155
INFO request from 192.168.189.144
ERROR null pointer in module 192.168.215.207
ERROR connection timeout 503
DEBUG heap size: 192.168.39.155
FATAL segfault at address 0x192.168.36.209
FATAL unrecoverable disk error
FATAL out of memory
INFO user 192.168.229.48 logged in
WARN memory threshold reached: 192.168.193.243MB
WARN disk usage 192.168.197.186%
FATAL segfault at address 0x192.168.36.209
WARN disk usage 192.168.215.207%
INFO connection established
FATAL segfault at address 0x192.168.178.6
DEBUG variable x=192.168.60.30
FATAL segfault at address 0x192.168.141.220
ERROR connection timeout 503
FATAL segfault at address 0x192.168.178.215
INFO processed 192.168.178.215 items
DEBUG variable x=192.168.229.48
ERROR null pointer in module 192.168.39.155
WARN memory threshold reached: 192.168.142.104MB
WARN retry attempt 192.168.211.158 for 17140
WARN disk usage 192.168.142.104%
ERROR connection timeout 503
INFO connection established
WARN slow query: 192.168.82.31ms
INFO connection established
WARN memory threshold reached: 192.168.229.48MB
FATAL kernel panic
ERROR connection timeout 503
FATAL kernel panic
FATAL segfault at address 0x192.168.60.30
WARN slow query: 192.168.82.31ms
ERROR file not found: /tmp/192.168.92.139.log
DEBUG heap size: 192.168.36.209
WARN slow query: 192.168.193.243ms
ERROR connection timeout 503
INFO user 192.168.92.139 logged in
DEBUG heap size: 192.168.215.207
FATAL segfault at address 0x192.168.82.31
FATAL out of memory
ERROR file not found: /tmp/192.168.142.104.log
WARN memory threshold reached: 192.168.141.220MB
FATAL kernel panic
DEBUG variable x=192.168.36.209
WARN slow query: 192.168.215.207ms
INFO connection established
WARN memory threshold reached: 192.168.211.158MB
WARN retry attempt 192.168.215.207 for 66810
FATAL kernel panic
ERROR connection timeout 503
DEBUG heap size: 192.168.178.6
DEBUG heap size: 192.168.197.186
FATAL unrecoverable disk error
ERROR auth failure for user 192.168.215.207
FATAL kernel panic
INFO request from 192.168.178.6
DEBUG entering function foo
WARN slow query: 192.168.36.209ms
INFO processed 192.168.215.207 items
ERROR connection timeout 503
INFO user 192.168.219.168 logged in
ERROR file not found: /tmp/192.168.229.48.log
FATAL segfault at address 0x192.168.92.139
WARN slow query: 192.168.141.220ms
WARN retry attempt 192.168.57.185 for 39009
WARN memory threshold reached: 192.168.219.168MB
ERROR file not found: /tmp/192.168.92.139.log
WARN retry attempt 192.168.121.141 for 75167
FATAL kernel panic
INFO user 192.168.60.30 logged in
DEBUG cache hit for key=192.168.39.155
WARN slow query: 192.168.141.220ms
FATAL segfault at address 0x192.168.92.139
WARN memory threshold reached: 192.168.121.141MB
FATAL unrecoverable disk error
FATAL unrecoverable disk error
DEBUG heap size: 192.168.142.104
ERROR connection timeout 503
FATAL unrecoverable disk error
ERROR null pointer in module 192.168.141.220
WARN retry attempt 192.168.178.215 for 84660
DEBUG variable x=192.168.178.6
FATAL out of memory
INFO request from 192.168.211.158
INFO user 192.168.60.30 logged in
WARN disk usage 192.168.142.104%
ERROR null pointer in module 192.168.36.209
ERROR file not found: /tmp/192.168.141.220.log
WARN memory threshold reached: 192.168.39.155MB
WARN memory threshold reached: 192.168.107.168MB
WARN retry attempt 192.168.178.6 for 88396
INFO connection established
ERROR null pointer in module 192.168.215.207
DEBUG heap size: 192.168.121.141
INFO processed 192.168.142.104 items
DEBUG cache hit for key=192.168.211.158
ERROR file not found: /tmp/192.168.142.104.log
FATAL out of memory
WARN memory threshold reached: 192.168.60.30MB
DEBUG heap size: 192.168.178.215
ERROR file not found: /tmp/192.168.121.141.log
WARN retry attempt 192.168.82.31 for 28948
INFO connection established
ERROR file not found: /tmp/192.168.9.50.log
FATAL kernel panic
INFO connection established
FATAL kernel panic
WARN disk usage 192.168.178.6%
DEBUG entering function foo
INFO connection established
ERROR connection timeout 503
FATAL kernel panic
ERROR connection timeout 503
FATAL kernel panic
DEBUG heap size: 192.168.178.215
DEBUG heap size: 192.168.197.186
INFO request from 192.168.60.30
WARN disk usage 192.168.92.139%
DEBUG heap size: 192.168.60.30
ERROR auth failure for user 192.168.36.209
ERROR file not found: /tmp/192.168.211.158.log
ERROR null pointer in module 192.168.189.144
FATAL unrecoverable disk error
INFO processed 192.168.215.207 items
INFO request from 192.168.107.168
ERROR null pointer in module 192.168.92.139
INFO connection established
INFO user 192.168.141.220 logged in
DEBUG variable x=192.168.9.50
DEBUG entering function foo
DEBUG variable x=192.168.39.155
DEBUG entering function foo
ERROR auth failure for user 192.168.92.139
DEBUG entering function foo
INFO user 192.168.178.6 logged in
WARN memory threshold reached: 192.168.178.215MB
FATAL unrecoverable disk error
WARN disk usage 192.168.92.139%
INFO processed 192.168.92.139 items
DEBUG cache hit for key=192.168.211.158
WARN slow query: 192.168.9.50ms
WARN slow query: 192.168.229.48ms
FATAL kernel panic
WARN memory threshold reached: 192.168.39.155MB
FATAL kernel panic
FATAL unrecoverable disk error
WARN memory threshold reached: 192.168.142.104MB
DEBUG heap size: 192.168.193.243
FATAL unrecoverable disk error
ERROR connection timeout 503
FATAL unrecoverable disk error
WARN retry attempt 192.168.107.168 for 27763
INFO request from 192.168.219.168
FATAL unrecoverable disk error
FATAL segfault at address 0x192.168.178.215
ERROR file not found: /tmp/192.168.178.215.log
WARN slow query: 192.168.39.155ms
ERROR file not found: /tmp/192.168.141.220.log
WARN slow query: 192.168.60.30ms
INFO connection established
FATAL kernel panic
INFO user 192.168.57.185 logged in
FATAL unrecoverable disk error
WARN retry attempt 192.168.219.168 for 94839
ERROR null pointer in module 192.168.229.48
WARN memory threshold reached: 192.168.36.209MB
FATAL kernel panic
DEBUG variable x=192.168.189.144
DEBUG variable x=192.168.9.50
INFO request from 192.168.36.209
INFO processed 192.168.193.243 items
FATAL kernel panic
DEBUG heap size: 192.168.107.168
FATAL segfault at address 0x192.168.92.139
DEBUG heap size: 192.168.229.48
DEBUG entering function foo
FATAL segfault at address 0x192.168.193.243
ERROR connection timeout 503
ERROR auth failure for user 192.168.57.185
DEBUG variable x=192.168.189.144
ERROR null pointer in module 192.168.92.139
DEBUG variable x=192.168.229.48
ERROR null pointer in module 192.168.142.104
DEBUG variable x=192.168.57.185
FATAL kernel panic
DEBUG cache hit for key=192.168.92.139
DEBUG entering function foo
INFO connection established
WARN memory threshold reached: 192.168.178.6MB
FATAL kernel panic
ERROR auth failure for user 192.168.189.144
WARN disk usage 192.168.121.141%
INFO request from 192.168.142.104
FATAL kernel panic
WARN slow query: 192.168.219.168ms
WARN slow query: 192.168.9.50ms
FATAL kernel panic
WARN memory threshold reached: 192.168.189.144MB
WARN memory threshold reached: 192.168.211.158MB
INFO processed 192.168.142.104 items
DEBUG variable x=192.168.107.168
ERROR file not found: /tmp/192.168.197.186.log
INFO request from 192.168.229.48
ERROR null pointer in module 192.168.121.141
DEBUG cache hit for key=192.168.92.139
FATAL segfault at address 0x192.168.211.158
WARN slow query: 192.168.211.158ms
FATAL unrecoverable disk error
INFO processed 192.168.229.48 items
WARN retry attempt 192.168.197.186 for 64635
INFO request from 192.168.229.48
WARN slow query: 192.168.178.215ms
DEBUG cache hit for key=192.168.197.186
ERROR auth failure for user 192.168.39.155
INFO user 192.168.107.168 logged in
WARN slow query: 192.168.142.104ms
WARN slow query: 192.168.82.31ms
WARN retry attempt 192.168.82.31 for 91134
INFO processed 192.168.142.104 items
ERROR file not found: /tmp/192.168.178.215.log
ERROR auth failure for user 192.168.142.104
WARN slow query: 192.168.193.243ms
FATAL unrecoverable disk error
INFO request from 192.168.39.155
INFO processed 192.168.178.215 items
DEBUG heap size: 192.168.219.168
WARN memory threshold reached: 192.168.197.186MB
INFO processed 192.168.211.158 items
ERROR null pointer in module 192.168.178.6
FATAL kernel panic
WARN disk usage 192.168.121.141%
WARN memory threshold reached: 192.168.82.31MB
FATAL kernel panic
DEBUG variable x=192.168.121.141
INFO connection established
ERROR null pointer in module 192.168.178.6
FATAL unrecoverable disk error
ERROR connection timeout 503
DEBUG variable x=192.168.36.209
WARN retry attempt 192.168.39.155 for 27115
FATAL kernel panic
DEBUG heap size: 192.168.39.155
DEBUG cache hit for key=192.168.60.30
DEBUG variable x=192.168.142.104
DEBUG entering function foo
INFO connection established
ERROR null pointer in module 192.168.57.185
INFO connection established
DEBUG entering function foo
ERROR null pointer in module 192.168.107.168
INFO connection established
DEBUG variable x=192.168.92.139
WARN retry attempt 192.168.141.220 for 59973
DEBUG cache hit for key=192.168.219.168
WARN slow query: 192.168.82.31ms
FATAL out of memory
ERROR auth failure for user 192.168.178.215
FATAL out of memory
DEBUG entering function foo
INFO user 192.168.36.209 logged in
ERROR null pointer in module 192.168.82.31
FATAL kernel panic
ERROR auth failure for user 192.168.92.139
ERROR file not found: /tmp/192.168.36.209.log
WARN slow query: 192.168.82.31ms
WARN disk usage 192.168.219.168%
INFO processed 192.168.92.139 items
ERROR null pointer in module 192.168.219.168
ERROR null pointer in module 192.168.229.48
FATAL out of memory
DEBUG cache hit for key=192.168.57.185
WARN memory threshold reached: 192.168.39.155MB
ERROR connection timeout 503
WARN retry attempt 192.168.92.139 for 99194
DEBUG heap size: 192.168.92.139
ERROR connection timeout 503
DEBUG heap size: 192.168.197.186
DEBUG heap size: 192.168.121.141
INFO user 192.168.82.31 logged in
ERROR auth failure for user 192.168.82.31
INFO connection established
WARN retry attempt 192.168.82.31 for 70618
INFO user 192.168.178.215 logged in
FATAL segfault at address 0x192.168.215.207
DEBUG entering function foo
WARN memory threshold reached: 192.168.36.209MB
INFO user 192.168.57.185 logged in
ERROR null pointer in module 192.168.36.209
WARN slow query: 192.168.211.158ms
DEBUG variable x=192.168.211.158
WARN retry attempt 192.168.39.155 for 63969
WARN disk usage 192.168.189.144%
ERROR file not found: /tmp/192.168.189.144.log
ERROR auth failure for user 192.168.9.50
ERROR file not found: /tmp/192.168.142.104.log
WARN memory threshold reached: 192.168.178.6MB
WARN disk usage 192.168.60.30%
ERROR connection timeout 503
ERROR null pointer in module 192.168.107.168
INFO connection established
WARN disk usage 192.168.193.243%
DEBUG cache hit for key=192.168.229.48
ERROR file not found: /tmp/192.168.57.185.log
DEBUG variable x=192.168.107.168
ERROR connection timeout 503
INFO processed 192.168.107.168 items
WARN disk usage 192.168.9.50%
INFO processed 192.168.189.144 items
ERROR connection timeout 503
WARN retry attempt 192.168.178.215 for 17974
ERROR auth failure for user 192.168.36.209
FATAL out of memory
INFO processed 192.168.193.243 items
INFO connection established
ERROR auth failure for user 192.168.189.144
INFO request from 192.168.178.6
ERROR file not found: /tmp/192.168.9.50.log
INFO connection established
DEBUG entering function foo
FATAL segfault at address 0x192.168.107.168
WARN memory threshold reached: 192.168.215.207MB
FATAL unrecoverable disk error
DEBUG entering function foo
DEBUG entering function foo
FATAL out of memory
WARN retry attempt 192.168.36.209 for 50704
FATAL kernel panic
INFO processed 192.168.189.144 items
FATAL out of memory
INFO request from 192.168.60.30
FATAL segfault at address 0x192.168.215.207
ERROR null pointer in module 192.168.189.144
FATAL unrecoverable disk error
WARN disk usage 192.168.215.207%
INFO user 192.168.211.158 logged in
DEBUG cache hit for key=192.168.9.50
INFO request from 192.168.57.185
ERROR connection timeout 503
FATAL out of memory
INFO request from 192.168.107.168
INFO request from 192.168.229.48
WARN retry attempt 192.168.229.48 for 48742
INFO user 192.168.121.141 logged in
WARN slow query: 192.168.197.186ms
DEBUG cache hit for key=192.168.178.6
DEBUG heap size: 192.168.39.155
WARN disk usage 192.168.219.168%
INFO user 192.168.229.48 logged in
DEBUG variable x=192.168.57.185
FATAL out of memory
INFO request from 192.168.219.168
ERROR auth failure for user 192.168.229.48
FATAL kernel panic
INFO processed 192.168.142.104 items
DEBUG cache hit for key=192.168.121.141
DEBUG entering function foo
DEBUG heap size: 192.168.189.144
WARN retry attempt 192.168.142.104 for 11323
FATAL kernel panic
INFO user 192.168.178.6 logged in
FATAL unrecoverable disk error
FATAL kernel panic
FATAL unrecoverable disk error
ERROR connection timeout 503
WARN disk usage 192.168.142.104%
ERROR file not found: /tmp/192.168.121.141.log
FATAL unrecoverable disk error
DEBUG entering function foo
DEBUG entering function foo
WARN slow query: 192.168.189.144ms
DEBUG entering function foo
FATAL out of memory
INFO connection established
WARN slow query: 192.168.142.104ms
ERROR file not found: /tmp/192.168.57.185.log
INFO connection established
INFO request from 192.168.229.48
ERROR file not found: /tmp/192.168.9.50.log
FATAL segfault at address 0x192.168.141.220
WARN slow query: 192.168.197.186ms
DEBUG entering function foo
FATAL out of memory
INFO request from 192.168.57.185
ERROR connection timeout 503
INFO request from 192.168.211.158
FATAL unrecoverable disk error
DEBUG entering function foo
DEBUG entering function foo
ERROR file not found: /tmp/192.168.189.144.log
FATAL segfault at address 0x192.168.189.144
DEBUG entering function foo
DEBUG cache hit for key=192.168.121.141
ERROR connection timeout 503
ERROR null pointer in module 192.168.219.168
ERROR null pointer in module 192.168.229.48
INFO connection established
ERROR auth failure for user 192.168.60.30
FATAL unrecoverable disk error
ERROR null pointer in module 192.168.60.30
WARN slow query: 192.168.36.209ms
INFO connection established
ERROR file not found: /tmp/192.168.219.168.log
ERROR file not found: /tmp/192.168.178.6.log
WARN slow query: 192.168.197.186ms
DEBUG cache hit for key=192.168.82.31
DEBUG cache hit for key=192.168.60.30
FATAL segfault at address 0x192.168.178.6
INFO request from 192.168.57.185
INFO user 192.168.92.139 logged in
DEBUG entering function foo
WARN memory threshold reached: 192.168.229.48MB
FATAL segfault at address 0x192.168.193.243
DEBUG cache hit for key=192.168.178.6
INFO connection established
WARN memory threshold reached: 192.168.219.168MB
DEBUG variable x=192.168.57.185
INFO request from 192.168.215.207
DEBUG cache hit for key=192.168.82.31
INFO user 192.168.229.48 logged in
DEBUG variable x=192.168.36.209
INFO request from 192.168.215.207
DEBUG cache hit for key=192.168.211.158
DEBUG cache hit for key=192.168.178.215
INFO connection established
ERROR file not found: /tmp/192.168.229.48.log
FATAL segfault at address 0x192.168.57.185
FATAL unrecoverable disk error
WARN memory threshold reached: 192.168.229.48MB
DEBUG heap size: 192.168.178.6
INFO user 192.168.82.31 logged in
FATAL out of memory
WARN disk usage 192.168.57.185%
WARN memory threshold reached: 192.168.189.144MB
WARN slow query: 192.168.107.168ms
INFO connection established
WARN disk usage 192.168.107.168%
ERROR null pointer in module 192.168.9.50
ERROR null pointer in module 192.168.211.158
FATAL kernel panic
FATAL unrecoverable disk error
DEBUG variable x=192.168.178.215
WARN retry attempt 192.168.121.141 for 9726
WARN memory threshold reached: 192.168.211.158MB
DEBUG variable x=192.168.142.104
FATAL kernel panic
INFO processed 192.168.229.48 items
DEBUG cache hit for key=192.168.141.220
ERROR file not found: /tmp/192.168.178.215.log
INFO request from 192.168.60.30
FATAL kernel panic
WARN disk usage 192.168.9.50%
WARN slow query: 192.168.141.220ms
DEBUG entering function foo
WARN disk usage 192.168.219.168%
WARN slow query: 192.168.219.168ms
WARN disk usage 192.168.92.139%
INFO user 192.168.211.158 logged in
INFO processed 192.168.60.30 items
ERROR null pointer in module 192.168.197.186
WARN disk usage 192.168.36.209%
DEBUG variable x=192.168.193.243
ERROR auth failure for user 192.168.92.139
ERROR null pointer in module 192.168.92.139
ERROR auth failure for user 192.168.219.168
DEBUG heap size: 192.168.60.30
FATAL unrecoverable disk error
ERROR auth failure for user 192.168.229.48
INFO connection established
DEBUG heap size: 192.168.141.220
INFO user 192.168.142.104 logged in
DEBUG variable x=192.168.211.158
ERROR file not found: /tmp/192.168.197.186.log
ERROR connection timeout 503
FATAL kernel panic
INFO connection established
FATAL out of memory
DEBUG cache hit for key=192.168.92.139
ERROR file not found: /tmp/192.168.211.158.log
ERROR null pointer in module 192.168.60.30
WARN slow query: 192.168.36.209ms
FATAL kernel panic
WARN memory threshold reached: 192.168.60.30MB
ERROR file not found: /tmp/192.168.193.243.log
WARN retry attempt 192.168.178.215 for 36746
ERROR connection timeout 503
WARN slow query: 192.168.142.104ms
ERROR connection timeout 503
INFO processed 192.168.219.168 items
FATAL segfault at address 0x192.168.60.30
INFO request from 192.168.178.215
FATAL kernel panic
FATAL out of memory
INFO request from 192.168.57.185
ERROR connection timeout 503
INFO user 192.168.193.243 logged in
FATAL kernel panic
DEBUG entering function foo
FATAL kernel panic
FATAL segfault at address 0x192.168.193.243
WARN disk usage 192.168.178.215%
ERROR connection timeout 503
INFO connection established
INFO user 192.168.9.50 logged in
DEBUG variable x=192.168.219.168
INFO request from 192.168.57.185
FATAL segfault at address 0x192.168.197.186
ERROR file not found: /tmp/192.168.39.155.log
INFO processed 192.168.178.215 items
FATAL kernel panic
DEBUG cache hit for key=192.168.92.139
FATAL segfault at address 0x192.168.178.215
DEBUG heap size: 192.168.189.144
WARN retry attempt 192.168.197.186 for 34230
WARN memory threshold reached: 192.168.36.209MB
INFO request from 192.168.82.31
WARN memory threshold reached: 192.168.107.168MB
ERROR file not found: /tmp/192.168.197.186.log
ERROR null pointer in module 192.168.60.30
FATAL unrecoverable disk error
INFO processed 192.168.193.243 items
WARN memory threshold reached: 192.168.92.139MB
WARN disk usage 192.168.219.168%
WARN memory threshold reached: 192.168.142.104MB
DEBUG entering function foo
WARN slow query: 192.168.142.104ms
WARN retry attempt 192.168.39.155 for 15438
ERROR connection timeout 503
FATAL out of memory
FATAL out of memory
WARN slow query: 192.168.60.30ms
INFO connection established
FATAL kernel panic
INFO request from 192.168.219.168
INFO user 192.168.60.30 logged in
ERROR file not found: /tmp/192.168.141.220.log
INFO connection established
INFO processed 192.168.9.50 items
ERROR null pointer in module 192.168.211.158
DEBUG entering function foo
WARN memory threshold reached: 192.168.107.168MB
DEBUG entering function foo
WARN retry attempt 192.168.36.209 for 13463
ERROR file not found: /tmp/192.168.229.48.log
DEBUG cache hit for key=192.168.178.215
FATAL segfault at address 0x192.168.9.50
INFO user 192.168.219.168 logged in
INFO connection established
INFO connection established
DEBUG entering function foo
DEBUG heap size: 192.168.197.186
FATAL out of memory
DEBUG variable x=192.168.60.30
DEBUG heap size: 192.168.39.155
DEBUG cache hit for key=192.168.219.168
INFO connection established
ERROR connection timeout 503
FATAL unrecoverable disk error
FATAL out of memory
DEBUG heap size: 192.168.141.220
INFO user 192.168.215.207 logged in
WARN slow query: 192.168.178.215ms
DEBUG heap size: 192.168.141.220
ERROR file not found: /tmp/192.168.57.185.log
DEBUG variable x=192.168.121.141
ERROR auth failure for user 192.168.189.144
DEBUG variable x=192.168.197.186
INFO processed 192.168.178.215 items
ERROR connection timeout 503
DEBUG cache hit for key=192.168.193.243
WARN slow query: 192.168.121.141ms
DEBUG variable x=192.168.36.209
INFO user 192.168.193.243 logged in
FATAL segfault at address 0x192.168.189.144
WARN memory threshold reached: 192.168.121.141MB
ERROR null pointer in module 192.168.197.186
ERROR null pointer in module 192.168.229.48
INFO request from 192.168.229.48
ERROR null pointer in module 192.168.178.6
ERROR auth failure for user 192.168.82.31
WARN disk usage 192.168.36.209%
ERROR connection timeout 503
DEBUG variable x=192.168.197.186
WARN disk usage 192.168.215.207%
FATAL unrecoverable disk error
FATAL out of memory
INFO processed 192.168.193.243 items
ERROR auth failure for user 192.168.92.139
DEBUG variable x=192.168.229.48
ERROR null pointer in module 192.168.229.48
ERROR file not found: /tmp/192.168.57.185.log
WARN disk usage 192.168.215.207%
FATAL kernel panic
DEBUG heap size: 192.168.39.155
ERROR connection timeout 503
WARN disk usage 192.168.219.168%
DEBUG variable x=192.168.211.158
DEBUG variable x=192.168.189.144
FATAL segfault at address 0x192.168.215.207
INFO processed 192.168.142.104 items
DEBUG entering function foo
FATAL kernel panic
ERROR connection timeout 503
INFO request from 192.168.142.104
WARN retry attempt 192.168.121.141 for 6001
INFO processed 192.168.36.209 items
ERROR connection timeout 503
INFO connection established
INFO processed 192.168.141.220 items
WARN disk usage 192.168.9.50%
FATAL out of memory
FATAL unrecoverable disk error
FATAL out of memory
FATAL kernel panic
FATAL unrecoverable disk error
ERROR file not found: /tmp/192.168.215.207.log
ERROR auth failure for user 192.168.197.186
WARN retry attempt 192.168.39.155 for 17482
INFO processed 192.168.82.31 items
FATAL segfault at address 0x192.168.92.139
FATAL unrecoverable disk error
FATAL segfault at address 0x192.168.193.243
INFO connection established
WARN disk usage 192.168.193.243%
ERROR null pointer in module 192.168.92.139
ERROR connection timeout 503
DEBUG heap size: 192.168.36.209
DEBUG entering function foo
INFO user 192.168.197.186 logged in
DEBUG cache hit for key=192.168.141.220
FATAL out of memory
DEBUG entering function foo
INFO user 192.168.60.30 logged in
ERROR null pointer in module 192.168.142.104
DEBUG variable x=192.168.197.186
FATAL kernel panic
WARN memory threshold reached: 192.168.141.220MB
ERROR auth failure for user 192.168.189.144
INFO request from 192.168.211.158
ERROR file not found: /tmp/192.168.92.139.log
INFO connection established
DEBUG cache hit for key=192.168.39.155
INFO request from 192.168.36.209
FATAL out of memory
WARN slow query: 192.168.178.6ms
WARN disk usage 192.168.142.104%
INFO connection established
FATAL unrecoverable disk error
FATAL kernel panic
INFO connection established
WARN retry attempt 192.168.141.220 for 98653
FATAL kernel panic
DEBUG variable x=192.168.193.243
INFO connection established
WARN slow query: 192.168.121.141ms
WARN retry attempt 192.168.107.168 for 67747
WARN slow query: 192.168.219.168ms
WARN memory threshold reached: 192.168.142.104MB
DEBUG variable x=192.168.229.48
FATAL out of memory
INFO processed 192.168.121.141 items
FATAL kernel panic
INFO request from 192.168.39.155
WARN disk usage 192.168.189.144%
DEBUG entering function foo
DEBUG entering function foo
ERROR null pointer in module 192.168.211.158
WARN disk usage 192.168.211.158%
DEBUG variable x=192.168.82.31
FATAL out of memory
FATAL out of memory
WARN disk usage 192.168.178.215%
ERROR null pointer in module 192.168.107.168
INFO connection established
ERROR file not found: /tmp/192.168.36.209.log
WARN disk usage 192.168.92.139%
INFO request from 192.168.60.30
FATAL kernel panic
DEBUG cache hit for key=192.168.141.220
WARN memory threshold reached: 192.168.9.50MB
FATAL unrecoverable disk error
INFO user 192.168.141.220 logged in
INFO request from 192.168.92.139
FATAL out of memory
DEBUG cache hit for key=192.168.121.141
FATAL kernel panic
INFO connection established
FATAL out of memory
ERROR null pointer in module 192.168.142.104
WARN memory threshold reached: 192.168.178.6MB
WARN retry attempt 192.168.9.50 for 22104
DEBUG cache hit for key=192.168.57.185
ERROR file not found: /tmp/192.168.193.243.log
WARN slow query: 192.168.39.155ms
WARN retry attempt 192.168.219.168 for 72309
DEBUG entering function foo
WARN memory threshold reached: 192.168.92.139MB
WARN disk usage 192.168.189.144%
FATAL out of memory
ERROR auth failure for user 192.168.60.30
WARN slow query: 192.168.36.209ms
ERROR auth failure for user 192.168.178.6
WARN memory threshold reached: 192.168.39.155MB
FATAL out of memory
FATAL out of memory
INFO connection established
INFO connection established
DEBUG entering function foo
DEBUG cache hit for key=192.168.193.243
DEBUG entering function foo
ERROR null pointer in module 192.168.39.155
DEBUG cache hit for key=192.168.121.141
FATAL segfault at address 0x192.168.197.186
FATAL unrecoverable disk error
ERROR file not found: /tmp/192.168.178.6.log
DEBUG cache hit for key=192.168.211.158
FATAL kernel panic
ERROR null pointer in module 192.168.82.31
FATAL unrecoverable disk error
INFO request from 192.168.215.207
WARN memory threshold reached: 192.168.36.209MB
INFO user 192.168.82.31 logged in
DEBUG entering function foo
DEBUG heap size: 192.168.219.168
INFO connection established
INFO request from 192.168.36.209
FATAL unrecoverable disk error
FATAL out of memory
DEBUG entering function foo
FATAL kernel panic
DEBUG cache hit for key=192.168.189.144
ERROR null pointer in module 192.168.219.168
INFO processed 192.168.82.31 items
FATAL unrecoverable disk error
FATAL segfault at address 0x192.168.229.48
WARN slow query: 192.168.82.31ms
DEBUG entering function foo
INFO request from 192.168.107.168
FATAL kernel panic
DEBUG entering function foo
FATAL out of memory
DEBUG variable x=192.168.219.168
INFO request from 192.168.9.50
ERROR file not found: /tmp/192.168.60.30.log
FATAL kernel panic
ERROR file not found: /tmp/192.168.178.6.log
FATAL out of memory
WARN slow query: 192.168.57.185ms
WARN slow query: 192.168.197.186ms
DEBUG variable x=192.168.178.6
DEBUG variable x=192.168.211.158
INFO user 192.168.9.50 logged in
DEBUG entering function foo
FATAL segfault at address 0x192.168.197.186
ERROR file not found: /tmp/192.168.82.31.log
ERROR auth failure for user 192.168.9.50
FATAL kernel panic
FATAL kernel panic
FATAL segfault at address 0x192.168.211.158
INFO request from 192.168.57.185
INFO request from 192.168.141.220
ERROR file not found: /tmp/192.168.92.139.log
DEBUG entering function foo
DEBUG variable x=192.168.36.209
FATAL kernel panic
WARN memory threshold reached: 192.168.193.243MB
FATAL out of memory
FATAL segfault at address 0x192.168.82.31
INFO processed 192.168.39.155 items
INFO user 192.168.141.220 logged in
FATAL unrecoverable disk error
DEBUG cache hit for key=192.168.57.185
DEBUG entering function foo
ERROR file not found: /tmp/192.168.211.158.log
FATAL unrecoverable disk error
DEBUG variable x=192.168.92.139
FATAL segfault at address 0x192.168.193.243
INFO connection established
FATAL out of memory
ERROR connection timeout 503
FATAL segfault at address 0x192.168.142.104
FATAL segfault at address 0x192.168.92.139
WARN slow query: 192.168.211.158ms
ERROR auth failure for user 192.168.142.104
ERROR connection timeout 503
WARN disk usage 192.168.211.158%
INFO connection established
WARN disk usage 192.168.197.186%
WARN disk usage 192.168.211.158%
WARN disk usage 192.168.92.139%
ERROR file not found: /tmp/192.168.193.243.log
FATAL segfault at address 0x192.168.229.48
INFO processed 192.168.141.220 items
INFO user 192.168.141.220 logged in
INFO connection established
INFO request from 192.168.121.141
ERROR connection timeout 503
ERROR file not found: /tmp/192.168.82.31.log
ERROR file not found: /tmp/192.168.219.168.log
FATAL segfault at address 0x192.168.211.158
FATAL unrecoverable disk error
ERROR null pointer in module 192.168.92.139
FATAL segfault at address 0x192.168.211.158
INFO processed 192.168.121.141 items
FATAL kernel panic
DEBUG variable x=192.168.141.220
FATAL out of memory
FATAL segfault at address 0x192.168.229.48
WARN memory threshold reached: 192.168.197.186MB
FATAL segfault at address 0x192.168.193.243
ERROR null pointer in module 192.168.141.220
WARN retry attempt 192.168.211.158 for 36652
ERROR auth failure for user 192.168.178.6
FATAL unrecoverable disk error
WARN memory threshold reached: 192.168.92.139MB
ERROR auth failure for user 192.168.36.209
INFO processed 192.168.107.168 items
ERROR null pointer in module 192.168.36.209
FATAL segfault at address 0x192.168.219.168
WARN disk usage 192.168.211.158%
INFO request from 192.168.141.220
ERROR connection timeout 503
WARN retry attempt 192.168.193.243 for 47227
FATAL segfault at address 0x192.168.193.243
ERROR connection timeout 503
FATAL unrecoverable disk error
FATAL unrecoverable disk error
WARN slow query: 192.168.39.155ms
ERROR file not found: /tmp/192.168.39.155.log
INFO connection established
FATAL kernel panic
INFO user 192.168.57.185 logged in
WARN retry attempt 192.168.197.186 for 79350
ERROR file not found: /tmp/192.168.39.155.log
FATAL kernel panic
INFO request from 192.168.36.209
INFO user 192.168.189.144 logged in
INFO processed 192.168.121.141 items
DEBUG heap size: 192.168.92.139
DEBUG heap size: 192.168.215.207
DEBUG cache hit for key=192.168.82.31
DEBUG heap size: 192.168.178.215
INFO user 192.168.39.155 logged in
INFO connection established
DEBUG variable x=192.168.193.243
ERROR null pointer in module 192.168.92.139
FATAL kernel panic
FATAL unrecoverable disk error
ERROR null pointer in module 192.168.215.207
FATAL segfault at address 0x192.168.193.243
FATAL unrecoverable disk error
WARN retry attempt 192.168.9.50 for 34054
INFO user 192.168.107.168 logged in
FATAL unrecoverable disk error
ERROR connection timeout 503
ERROR file not found: /tmp/192.168.107.168.log
WARN memory threshold reached: 192.168.107.168MB
WARN memory threshold reached: 192.168.9.50MB
ERROR null pointer in module 192.168.57.185
ERROR null pointer in module 192.168.57.185
DEBUG heap size: 192.168.57.185
FATAL segfault at address 0x192.168.178.215
FATAL segfault at address 0x192.168.9.50
DEBUG entering function foo
DEBUG heap size: 192.168.82.31
WARN slow query: 192.168.141.220ms
DEBUG entering function foo
DEBUG entering function foo
WARN memory threshold reached: 192.168.39.155MB
DEBUG entering function foo
DEBUG heap size: 192.168.141.220
ERROR file not found: /tmp/192.168.219.168.log
ERROR connection timeout 503
INFO request from 192.168.197.186
DEBUG heap size: 192.168.229.48
WARN slow query: 192.168.107.168ms
INFO processed 192.168.39.155 items
DEBUG entering function foo
DEBUG entering function foo
WARN retry attempt 192.168.229.48 for 82466
DEBUG variable x=192.168.197.186
WARN memory threshold reached: 192.168.193.243MB
INFO request from 192.168.57.185
ERROR file not found: /tmp/192.168.107.168.log
WARN disk usage 192.168.211.158%
DEBUG variable x=192.168.178.6
ERROR auth failure for user 192.168.193.243
INFO connection established
FATAL segfault at address 0x192.168.60.30
WARN memory threshold reached: 192.168.92.139MB
INFO processed 192.168.57.185 items
FATAL segfault at address 0x192.168.39.155
INFO request from 192.168.211.158
INFO user 192.168.60.30 logged in
ERROR file not found: /tmp/192.168.92.139.log
ERROR auth failure for user 192.168.178.6
FATAL segfault at address 0x192.168.142.104
ERROR file not found: /tmp/192.168.82.31.log
INFO request from 192.168.215.207
ERROR file not found: /tmp/192.168.197.186.log
WARN slow query: 192.168.107.168ms
FATAL kernel panic
FATAL segfault at address 0x192.168.82.31
WARN disk usage 192.168.92.139%
INFO processed 192.168.92.139 items
FATAL segfault at address 0x192.168.142.104
WARN disk usage 192.168.121.141%
DEBUG variable x=192.168.36.209
DEBUG entering function foo
INFO request from 192.168.60.30
ERROR null pointer in module 192.168.215.207
FATAL segfault at address 0x192.168.60.30
INFO request from 192.168.107.168
ERROR connection timeout 503
DEBUG cache hit for key=192.168.92.139
ERROR file not found: /tmp/192.168.60.30.log
WARN disk usage 192.168.189.144%
DEBUG entering function foo
DEBUG entering function foo
INFO connection established
INFO connection established
FATAL kernel panic
FATAL segfault at address 0x192.168.39.155
ERROR connection timeout 503
FATAL kernel panic
INFO processed 192.168.193.243 items
FATAL segfault at address 0x192.168.193.243
ERROR file not found: /tmp/192.168.82.31.log
FATAL unrecoverable disk error
WARN retry attempt 192.168.39.155 for 58655
ERROR connection timeout 503
FATAL out of memory
WARN disk usage 192.168.178.215%
INFO user 192.168.107.168 logged in
WARN memory threshold reached: 192.168.121.141MB
ERROR file not found: /tmp/192.168.36.209.log
WARN retry attempt 192.168.178.6 for 32750
INFO user 192.168.178.215 logged in
FATAL kernel panic
DEBUG cache hit for key=192.168.219.168
ERROR connection timeout 503
WARN disk usage 192.168.178.6%
DEBUG variable x=192.168.142.104
ERROR null pointer in module 192.168.121.141
FATAL out of memory
WARN disk usage 192.168.142.104%
FATAL unrecoverable disk error
INFO connection established
ERROR null pointer in module 192.168.82.31
FATAL out of memory
WARN slow query: 192.168.36.209ms
WARN disk usage 192.168.219.168%
DEBUG heap size: 192.168.197.186
ERROR null pointer in module 192.168.36.209
INFO processed 192.168.92.139 items
ERROR null pointer in module 192.168.178.6
FATAL unrecoverable disk error
WARN slow query: 192.168.142.104ms
FATAL out of memory
ERROR null pointer in module 192.168.193.243
INFO user 192.168.193.243 logged in
DEBUG cache hit for key=192.168.229.48
FATAL kernel panic
ERROR connection timeout 503
WARN memory threshold reached: 192.168.189.144MB
DEBUG entering function foo
WARN disk usage 192.168.142.104%
DEBUG cache hit for key=192.168.39.155
DEBUG cache hit for key=192.168.141.220
FATAL unrecoverable disk error
FATAL segfault at address 0x192.168.92.139
FATAL unrecoverable disk error
FATAL out of memory
DEBUG cache hit for key=192.168.141.220
FATAL segfault at address 0x192.168.60.30
DEBUG variable x=192.168.211.158
WARN retry attempt 192.168.121.141 for 2501
WARN slow query: 192.168.57.185ms
FATAL out of memory
FATAL out of memory
FATAL kernel panic
DEBUG variable x=192.168.57.185
WARN retry attempt 192.168.219.168 for 51564
INFO request from 192.168.193.243
WARN retry attempt 192.168.178.215 for 30960
FATAL segfault at address 0x192.168.60.30
WARN slow query: 192.168.107.168ms
WARN memory threshold reached: 192.168.36.209MB
ERROR auth failure for user 192.168.189.144
ERROR auth failure for user 192.168.9.50
FATAL unrecoverable disk error
FATAL segfault at address 0x192.168.39.155
INFO connection established
FATAL unrecoverable disk error
FATAL unrecoverable disk error
FATAL unrecoverable disk error
FATAL out of memory
INFO request from 192.168.142.104
ERROR file not found: /tmp/192.168.39.155.log
WARN memory threshold reached: 192.168.141.220MB
INFO connection established
FATAL segfault at address 0x192.168.82.31
FATAL unrecoverable disk error
INFO request from 192.168.193.243
ERROR auth failure for user 192.168.215.207
ERROR file not found: /tmp/192.168.229.48.log
ERROR null pointer in module 192.168.36.209
INFO connection established
DEBUG cache hit for key=192.168.9.50
INFO connection established
ERROR null pointer in module 192.168.142.104
INFO processed 192.168.211.158 items
FATAL kernel panic
FATAL out of memory
ERROR null pointer in module 192.168.60.30
FATAL kernel panic
ERROR connection timeout 503
ERROR null pointer in module 192.168.178.215
ERROR auth failure for user 192.168.9.50
FATAL out of memory
ERROR null pointer in module 192.168.189.144
FATAL out of memory
FATAL unrecoverable disk error
WARN slow query: 192.168.107.168ms
ERROR auth failure for user 192.168.39.155
WARN retry attempt 192.168.229.48 for 94159
DEBUG variable x=192.168.121.141
ERROR file not found: /tmp/192.168.189.144.log
ERROR auth failure for user 192.168.211.158
ERROR connection timeout 503
FATAL unrecoverable disk error
INFO request from 192.168.9.50
WARN slow query: 192.168.178.215ms
INFO request from 192.168.36.209
DEBUG cache hit for key=192.168.107.168
ERROR null pointer in module 192.168.92.139
FATAL kernel panic
FATAL kernel panic
ERROR connection timeout 503
DEBUG entering function foo
FATAL unrecoverable disk error
INFO request from 192.168.193.243
INFO request from 192.168.178.6
WARN retry attempt 192.168.189.144 for 6427
DEBUG heap size: 192.168.229.48
WARN memory threshold reached: 192.168.39.155MB
FATAL segfault at address 0x192.168.60.30
WARN retry attempt 192.168.193.243 for 49669
DEBUG heap size: 192.168.92.139
WARN slow query: 192.168.36.209ms
WARN retry attempt 192.168.215.207 for 54233
FATAL unrecoverable disk error
DEBUG variable x=192.168.178.6
FATAL out of memory
FATAL segfault at address 0x192.168.9.50
WARN retry attempt 192.168.215.207 for 75386
FATAL segfault at address 0x192.168.36.209
FATAL kernel panic
ERROR null pointer in module 192.168.229.48
INFO user 192.168.141.220 logged in
DEBUG variable x=192.168.39.155
DEBUG entering function foo
ERROR connection timeout 503
FATAL unrecoverable disk error
INFO user 192.168.197.186 logged in
WARN retry attempt 192.168.215.207 for 72089
WARN disk usage 192.168.121.141%
WARN retry attempt 192.168.211.158 for 94949
FATAL out of memory
WARN retry attempt 192.168.219.168 for 62194
DEBUG entering function foo
ERROR file not found: /tmp/192.168.39.155.log
DEBUG cache hit for key=192.168.178.6
WARN disk usage 192.168.141.220%
WARN retry attempt 192.168.189.144 for 19570
WARN disk usage 192.168.142.104%
FATAL unrecoverable disk error
ERROR auth failure for user 192.168.82.31
WARN retry attempt 192.168.60.30 for 35586
ERROR connection timeout 503
WARN slow query: 192.168.178.215ms
FATAL segfault at address 0x192.168.229.48
WARN disk usage 192.168.141.220%
ERROR connection timeout 503
INFO connection established
FATAL segfault at address 0x192.168.142.104
DEBUG entering function foo
DEBUG heap size: 192.168.211.158
FATAL out of memory
DEBUG variable x=192.168.142.104
DEBUG variable x=192.168.215.207
WARN disk usage 192.168.178.6%
WARN memory threshold reached: 192.168.142.104MB
INFO user 192.168.197.186 logged in
WARN slow query: 192.168.121.141ms
INFO connection established
DEBUG variable x=192.168.141.220
WARN retry attempt 192.168.197.186 for 18555
WARN memory threshold reached: 192.168.229.48MB
WARN retry attempt 192.168.92.139 for 58150
DEBUG entering function foo
DEBUG variable x=192.168.211.158
DEBUG heap size: 192.168.211.158
FATAL kernel panic
WARN retry attempt 192.168.141.220 for 93442
FATAL out of memory
INFO request from 192.168.39.155
ERROR file not found: /tmp/192.168.39.155.log
INFO connection established
WARN retry attempt 192.168.211.158 for 24033
WARN retry attempt 192.168.39.155 for 63899
DEBUG variable x=192.168.219.168
WARN slow query: 192.168.39.155ms
WARN retry attempt 192.168.82.31 for 75325
INFO request from 192.168.211.158
DEBUG cache hit for key=192.168.92.139
DEBUG cache hit for key=192.168.92.139
ERROR null pointer in module 192.168.57.185
INFO connection established
DEBUG cache hit for key=192.168.141.220
FATAL kernel panic
WARN memory threshold reached: 192.168.229.48MB
DEBUG heap size: 192.168.121.141
FATAL kernel panic
DEBUG heap size: 192.168.229.48
ERROR connection timeout 503
FATAL kernel panic
DEBUG variable x=192.168.141.220
FATAL out of memory
INFO processed 192.168.92.139 items
ERROR null pointer in module 192.168.141.220
WARN retry attempt 192.168.178.6 for 89072
WARN slow query: 192.168.193.243ms
FATAL out of memory
ERROR auth failure for user 192.168.178.215
WARN disk usage 192.168.107.168%
FATAL segfault at address 0x192.168.121.141
DEBUG entering function foo
FATAL kernel panic
ERROR null pointer in module 192.168.211.158
FATAL unrecoverable disk error
INFO connection established
WARN slow query: 192.168.36.209ms
INFO connection established
DEBUG entering function foo
ERROR auth failure for user 192.168.189.144
ERROR null pointer in module 192.168.82.31
FATAL unrecoverable disk error
ERROR null pointer in module 192.168.211.158
INFO connection established
DEBUG heap size: 192.168.57.185
FATAL segfault at address 0x192.168.9.50
FATAL segfault at address 0x192.168.60.30
FATAL kernel panic
FATAL kernel panic
FATAL segfault at address 0x192.168.39.155
DEBUG variable x=192.168.57.185
DEBUG cache hit for key=192.168.82.31
WARN disk usage 192.168.219.168%
FATAL kernel panic
WARN slow query: 192.168.193.243ms
WARN memory threshold reached: 192.168.60.30MB
FATAL segfault at address 0x192.168.178.6
DEBUG heap size: 192.168.178.6
FATAL out of memory
FATAL out of memory
DEBUG entering function foo
WARN retry attempt 192.168.36.209 for 80714
WARN retry attempt 192.168.197.186 for 1862
DEBUG entering function foo
INFO processed 192.168.193.243 items
WARN memory threshold reached: 192.168.219.168MB
FATAL out of memory
INFO connection established
ERROR null pointer in module 192.168.57.185
ERROR auth failure for user 192.168.141.220
WARN disk usage 192.168.197.186%
DEBUG variable x=192.168.229.48
ERROR null pointer in module 192.168.178.215
FATAL unrecoverable disk error
ERROR null pointer in module 192.168.197.186
FATAL kernel panic
ERROR null pointer in module 192.168.142.104
DEBUG variable x=192.168.92.139
WARN slow query: 192.168.82.31ms
WARN retry attempt 192.168.197.186 for 35008
DEBUG cache hit for key=192.168.178.6
ERROR auth failure for user 192.168.178.6
FATAL segfault at address 0x192.168.229.48
FATAL out of memory
DEBUG heap size: 192.168.121.141
DEBUG heap size: 192.168.193.243
WARN retry attempt 192.168.141.220 for 4462
DEBUG variable x=192.168.60.30
INFO request from 192.168.121.141
FATAL unrecoverable disk error
FATAL unrecoverable disk error
INFO user 192.168.178.215 logged in
DEBUG heap size: 192.168.197.186
WARN retry attempt 192.168.229.48 for 9699
WARN disk usage 192.168.211.158%
WARN disk usage 192.168.197.186%
INFO processed 192.168.189.144 items
INFO processed 192.168.229.48 items
ERROR connection timeout 503
ERROR auth failure for user 192.168.82.31
DEBUG heap size: 192.168.197.186
DEBUG variable x=192.168.189.144
WARN slow query: 192.168.107.168ms
INFO request from 192.168.60.30
ERROR file not found: /tmp/192.168.36.209.log
WARN slow query: 192.168.178.6ms
FATAL kernel panic
ERROR connection timeout 503
DEBUG heap size: 192.168.219.168
FATAL segfault at address 0x192.168.142.104
WARN slow query: 192.168.60.30ms
DEBUG cache hit for key=192.168.92.139
DEBUG heap size: 192.168.178.215
INFO connection established
ERROR auth failure for user 192.168.178.215
ERROR connection timeout 503
DEBUG heap size: 192.168.141.220
DEBUG entering function foo
FATAL unrecoverable disk error
DEBUG cache hit for key=192.168.219.168
ERROR connection timeout 503
DEBUG cache hit for key=192.168.60.30
DEBUG entering function foo
FATAL unrecoverable disk error
DEBUG variable x=192.168.36.209
DEBUG heap size: 192.168.82.31
INFO connection established
DEBUG cache hit for key=192.168.121.141
FATAL unrecoverable disk error
DEBUG variable x=192.168.219.168
FATAL unrecoverable disk error
ERROR file not found: /tmp/192.168.211.158.log
DEBUG entering function foo
DEBUG entering function foo
DEBUG cache hit for key=192.168.36.209
ERROR auth failure for user 192.168.193.243
INFO processed 192.168.57.185 items
DEBUG entering function foo
FATAL kernel panic
ERROR connection timeout 503
INFO request from 192.168.178.6
ERROR null pointer in module 192.168.36.209
INFO user 192.168.215.207 logged in
ERROR auth failure for user 192.168.229.48
DEBUG entering function foo
DEBUG cache hit for key=192.168.193.243
DEBUG entering function foo
FATAL out of memory
FATAL unrecoverable disk error
INFO user 192.168.60.30 logged in
DEBUG entering function foo
INFO connection established
WARN retry attempt 192.168.141.220 for 56974
WARN retry attempt 192.168.82.31 for 99407
ERROR connection timeout 503
DEBUG entering function foo
ERROR connection timeout 503
ERROR file not found: /tmp/192.168.9.50.log
WARN memory threshold reached: 192.168.121.141MB
INFO request from 192.168.57.185
ERROR auth failure for user 192.168.211.158
DEBUG heap size: 192.168.178.6
DEBUG heap size: 192.168.36.209
FATAL kernel panic
WARN memory threshold reached: 192.168.39.155MB
INFO user 192.168.197.186 logged in
WARN memory threshold reached: 192.168.60.30MB
FATAL out of memory
DEBUG heap size: 192.168.39.155
INFO user 192.168.57.185 logged in
FATAL unrecoverable disk error
FATAL unrecoverable disk error
FATAL kernel panic
ERROR null pointer in module 192.168.197.186
ERROR auth failure for user 192.168.57.185
ERROR auth failure for user 192.168.178.6
FATAL out of memory
DEBUG heap size: 192.168.215.207
ERROR null pointer in module 192.168.219.168
DEBUG heap size: 192.168.219.168
DEBUG variable x=192.168.9.50
INFO user 192.168.178.215 logged in
DEBUG variable x=192.168.219.168
WARN memory threshold reached: 192.168.39.155MB
FATAL out of memory
INFO processed 192.168.229.48 items
ERROR connection timeout 503
WARN disk usage 192.168.178.215%
WARN memory threshold reached: 192.168.189.144MB
WARN disk usage 192.168.215.207%
WARN disk usage 192.168.121.141%
WARN slow query: 192.168.82.31ms
WARN retry attempt 192.168.229.48 for 84958
FATAL out of memory
INFO connection established
FATAL out of memory
FATAL unrecoverable disk error
WARN retry attempt 192.168.215.207 for 89159
ERROR file not found: /tmp/192.168.60.30.log
WARN retry attempt 192.168.39.155 for 63731
FATAL out of memory
FATAL segfault at address 0x192.168.39.155
WARN disk usage 192.168.141.220%
DEBUG variable x=192.168.211.158
WARN disk usage 192.168.121.141%
WARN disk usage 192.168.36.209%
INFO connection established
DEBUG cache hit for key=192.168.9.50
FATAL unrecoverable disk error
ERROR null pointer in module 192.168.107.168
INFO request from 192.168.107.168
FATAL segfault at address 0x192.168.9.50
WARN retry attempt 192.168.219.168 for 77773
FATAL kernel panic
FATAL unrecoverable disk error
WARN memory threshold reached: 192.168.219.168MB
WARN disk usage 192.168.36.209%
WARN slow query: 192.168.229.48ms
INFO user 192.168.229.48 logged in
INFO connection established
DEBUG cache hit for key=192.168.178.6
ERROR file not found: /tmp/192.168.193.243.log
INFO request from 192.168.142.104
INFO user 192.168.39.155 logged in
INFO user 192.168.121.141 logged in
ERROR null pointer in module 192.168.36.209
WARN memory threshold reached: 192.168.107.168MB
FATAL segfault at address 0x192.168.178.215
WARN memory threshold reached: 192.168.178.6MB
ERROR file not found: /tmp/192.168.121.141.log
ERROR connection timeout 503
FATAL out of memory
ERROR auth failure for user 192.168.39.155
DEBUG cache hit for key=192.168.60.30
INFO connection established
DEBUG variable x=192.168.92.139
DEBUG heap size: 192.168.141.220
WARN disk usage 192.168.193.243%
INFO processed 192.168.193.243 items
WARN disk usage 192.168.178.215%
WARN retry attempt 192.168.39.155 for 73536
DEBUG entering function foo
ERROR null pointer in module 192.168.178.215
ERROR null pointer in module 192.168.36.209
FATAL out of memory
WARN slow query: 192.168.215.207ms
DEBUG heap size: 192.168.189.144
ERROR file not found: /tmp/192.168.9.50.log
FATAL kernel panic
INFO connection established
WARN slow query: 192.168.60.30ms
FATAL segfault at address 0x192.168.219.168
ERROR auth failure for user 192.168.107.168
INFO user 192.168.178.215 logged in
ERROR connection timeout 503
INFO processed 192.168.57.185 items
DEBUG cache hit for key=192.168.219.168
FATAL segfault at address 0x192.168.178.6
FATAL kernel panic
ERROR connection timeout 503
FATAL out of memory
FATAL out of memory
ERROR auth failure for user 192.168.193.243
DEBUG cache hit for key=192.168.193.243
WARN disk usage 192.168.178.215%
FATAL out of memory
INFO request from 192.168.82.31
INFO user 192.168.142.104 logged in
WARN retry attempt 192.168.193.243 for 12562
FATAL segfault at address 0x192.168.36.209
INFO user 192.168.193.243 logged in
ERROR file not found: /tmp/192.168.229.48.log
INFO connection established
INFO request from 192.168.9.50
DEBUG variable x=192.168.36.209
ERROR file not found: /tmp/192.168.178.215.log
WARN memory threshold reached: 192.168.39.155MB
FATAL segfault at address 0x192.168.229.48
WARN disk usage 192.168.121.141%
INFO connection established
INFO connection established
ERROR connection timeout 503
ERROR null pointer in module 192.168.60.30
DEBUG variable x=192.168.215.207
DEBUG heap size: 192.168.121.141
DEBUG variable x=192.168.178.215
DEBUG variable x=192.168.121.141
INFO connection established
WARN disk usage 192.168.189.144%
WARN retry attempt 192.168.193.243 for 21045
FATAL unrecoverable disk error
DEBUG variable x=192.168.178.6
FATAL unrecoverable disk error
INFO request from 192.168.121.141
FATAL kernel panic
FATAL unrecoverable disk error
DEBUG entering function foo
ERROR auth failure for user 192.168.215.207
ERROR connection timeout 503
ERROR connection timeout 503
ERROR file not found: /tmp/192.168.178.215.log
DEBUG variable x=192.168.142.104
DEBUG heap size: 192.168.178.215
FATAL segfault at address 0x192.168.39.155
FATAL kernel panic
INFO request from 192.168.219.168
WARN memory threshold reached: 192.168.107.168MB
ERROR connection timeout 503
FATAL out of memory
ERROR null pointer in module 192.168.178.6
INFO request from 192.168.193.243
WARN memory threshold reached: 192.168.82.31MB
DEBUG entering function foo
ERROR file not found: /tmp/192.168.178.6.log
WARN slow query: 192.168.193.243ms
FATAL kernel panic
WARN memory threshold reached: 192.168.39.155MB
DEBUG cache hit for key=192.168.219.168
INFO connection established
DEBUG variable x=192.168.219.168
DEBUG entering function foo
WARN memory threshold reached: 192.168.178.215MB
FATAL out of memory
FATAL kernel panic
WARN slow query: 192.168.219.168ms
WARN retry attempt 192.168.92.139 for 71647
DEBUG variable x=192.168.9.50
ERROR null pointer in module 192.168.142.104
ERROR null pointer in module 192.168.60.30
INFO user 192.168.229.48 logged in
ERROR auth failure for user 192.168.178.215
ERROR null pointer in module 192.168.121.141
ERROR null pointer in module 192.168.219.168
INFO request from 192.168.211.158
ERROR null pointer in module 192.168.82.31
WARN retry attempt 192.168.142.104 for 8051
DEBUG variable x=192.168.36.209
WARN disk usage 192.168.142.104%
DEBUG heap size: 192.168.193.243
ERROR file not found: /tmp/192.168.60.30.log
INFO connection established
WARN disk usage 192.168.189.144%
DEBUG cache hit for key=192.168.229.48
FATAL segfault at address 0x192.168.60.30
ERROR null pointer in module 192.168.197.186
ERROR connection timeout 503
FATAL kernel panic
DEBUG heap size: 192.168.121.141
INFO user 192.168.219.168 logged in
WARN memory threshold reached: 192.168.82.31MB
WARN slow query: 192.168.141.220ms
DEBUG entering function foo
DEBUG cache hit for key=192.168.178.6
INFO request from 192.168.178.6
FATAL segfault at address 0x192.168.197.186
FATAL kernel panic
WARN disk usage 192.168.178.215%
WARN slow query: 192.168.92.139ms
INFO processed 192.168.211.158 items
FATAL kernel panic
DEBUG entering function foo
INFO processed 192.168.197.186 items
FATAL kernel panic
DEBUG entering function foo
INFO connection established
WARN slow query: 192.168.9.50ms
DEBUG entering function foo
WARN memory threshold reached: 192.168.197.186MB
FATAL unrecoverable disk error
DEBUG entering function foo
INFO user 192.168.39.155 logged in
FATAL kernel panic
DEBUG entering function foo
INFO request from 192.168.197.186
FATAL unrecoverable disk error
ERROR connection timeout 503
WARN retry attempt 192.168.189.144 for 53348
WARN disk usage 192.168.211.158%
INFO connection established
FATAL out of memory
FATAL segfault at address 0x192.168.219.168
INFO request from 192.168.142.104
FATAL kernel panic
INFO connection established
INFO user 192.168.39.155 logged in
WARN disk usage 192.168.219.168%
WARN disk usage 192.168.142.104%
ERROR null pointer in module 192.168.57.185
INFO user 192.168.219.168 logged in
WARN retry attempt 192.168.107.168 for 84594
FATAL out of memory
INFO user 192.168.92.139 logged in
WARN retry attempt 192.168.121.141 for 70112
INFO processed 192.168.211.158 items
ERROR file not found: /tmp/192.168.178.215.log
INFO user 192.168.141.220 logged in
ERROR file not found: /tmp/192.168.9.50.log
WARN disk usage 192.168.219.168%
ERROR file not found: /tmp/192.168.9.50.log
INFO user 192.168.215.207 logged in
WARN slow query: 192.168.82.31ms
FATAL segfault at address 0x192.168.39.155
DEBUG variable x=192.168.229.48
ERROR auth failure for user 192.168.107.168
INFO user 192.168.142.104 logged in
DEBUG variable x=192.168.229.48
FATAL unrecoverable disk error
ERROR file not found: /tmp/192.168.39.155.log
INFO user 192.168.229.48 logged in
FATAL segfault at address 0x192.168.178.215
DEBUG heap size: 192.168.193.243
ERROR null pointer in module 192.168.178.6
DEBUG variable x=192.168.92.139
FATAL unrecoverable disk error
INFO user 192.168.229.48 logged in
ERROR null pointer in module 192.168.82.31
INFO request from 192.168.193.243
FATAL out of memory
FATAL kernel panic
ERROR connection timeout 503
INFO connection established
ERROR null pointer in module 192.168.36.209
INFO connection established
INFO processed 192.168.229.48 items
INFO request from 192.168.178.215
INFO processed 192.168.57.185 items
FATAL kernel panic
ERROR auth failure for user 192.168.142.104
ERROR auth failure for user 192.168.211.158
ERROR file not found: /tmp/192.168.189.144.log
FATAL out of memory
INFO processed 192.168.193.243 items
FATAL out of memory
FATAL kernel panic
WARN memory threshold reached: 192.168.92.139MB
FATAL unrecoverable disk error
FATAL kernel panic
INFO request from 192.168.142.104
FATAL kernel panic
DEBUG cache hit for key=192.168.60.30
ERROR file not found: /tmp/192.168.193.243.log
WARN retry attempt 192.168.82.31 for 99820
WARN retry attempt 192.168.9.50 for 21625
WARN slow query: 192.168.36.209ms
ERROR connection timeout 503
DEBUG entering function foo
ERROR file not found: /tmp/192.168.229.48.log
ERROR null pointer in module 192.168.121.141
DEBUG heap size: 192.168.193.243
FATAL kernel panic
DEBUG entering function foo
DEBUG entering function foo
INFO user 192.168.178.6 logged in
FATAL unrecoverable disk error
FATAL unrecoverable disk error
INFO processed 192.168.121.141 items
DEBUG cache hit for key=192.168.121.141
WARN disk usage 192.168.142.104%
DEBUG variable x=192.168.39.155
ERROR null pointer in module 192.168.197.186
DEBUG cache hit for key=192.168.60.30
FATAL kernel panic
FATAL unrecoverable disk error
WARN retry attempt 192.168.60.30 for 97492
DEBUG heap size: 192.168.189.144
WARN memory threshold reached: 192.168.57.185MB
DEBUG variable x=192.168.141.220
ERROR null pointer in module 192.168.178.215
INFO request from 192.168.178.215
ERROR file not found: /tmp/192.168.82.31.log
WARN disk usage 192.168.193.243%
INFO processed 192.168.39.155 items
ERROR file not found: /tmp/192.168.178.6.log
ERROR connection timeout 503
FATAL unrecoverable disk error
ERROR connection timeout 503
WARN slow query: 192.168.57.185ms
INFO processed 192.168.215.207 items
FATAL out of memory
ERROR connection timeout 503
INFO connection established
FATAL kernel panic
DEBUG variable x=192.168.60.30
DEBUG heap size: 192.168.9.50
ERROR file not found: /tmp/192.168.193.243.log
FATAL out of memory
DEBUG heap size: 192.168.229.48
ERROR connection timeout 503
WARN retry attempt 192.168.178.6 for 94909
ERROR null pointer in module 192.168.82.31
WARN memory threshold reached: 192.168.141.220MB
DEBUG cache hit for key=192.168.121.141
FATAL out of memory
DEBUG variable x=192.168.229.48
ERROR null pointer in module 192.168.211.158
FATAL kernel panic
FATAL segfault at address 0x192.168.211.158
DEBUG entering function foo
INFO request from 192.168.107.168
INFO request from 192.168.141.220
INFO connection established
FATAL unrecoverable disk error
ERROR auth failure for user 192.168.219.168
DEBUG variable x=192.168.229.48
ERROR null pointer in module 192.168.219.168
ERROR auth failure for user 192.168.141.220
FATAL kernel panic
DEBUG variable x=192.168.9.50
ERROR file not found: /tmp/192.168.60.30.log
ERROR null pointer in module 192.168.215.207
FATAL kernel panic
DEBUG variable x=192.168.9.50
WARN disk usage 192.168.197.186%
ERROR null pointer in module 192.168.121.141
FATAL segfault at address 0x192.168.39.155
ERROR connection timeout 503
INFO processed 192.168.193.243 items
INFO connection established
WARN slow query: 192.168.36.209ms
ERROR null pointer in module 192.168.193.243
INFO connection established
DEBUG heap size: 192.168.36.209
INFO connection established
DEBUG heap size: 192.168.219.168
INFO connection established
DEBUG cache hit for key=192.168.197.186
INFO connection established
DEBUG cache hit for key=192.168.9.50
FATAL unrecoverable disk error
INFO processed 192.168.197.186 items
WARN disk usage 192.168.92.139%
INFO request from 192.168.60.30
ERROR connection timeout 503
FATAL out of memory
FATAL out of memory
DEBUG entering function foo
WARN slow query: 192.168.215.207ms
DEBUG entering function foo
INFO request from 192.168.141.220
ERROR connection timeout 503
WARN retry attempt 192.168.215.207 for 22448
DEBUG cache hit for key=192.168.193.243
ERROR file not found: /tmp/192.168.57.185.log
FATAL kernel panic
ERROR null pointer in module 192.168.9.50
FATAL segfault at address 0x192.168.107.168
INFO request from 192.168.215.207
DEBUG cache hit for key=192.168.142.104
INFO processed 192.168.60.30 items
DEBUG entering function foo
FATAL segfault at address 0x192.168.9.50
FATAL segfault at address 0x192.168.142.104
DEBUG cache hit for key=192.168.215.207
INFO processed 192.168.39.155 items
INFO processed 192.168.193.243 items
ERROR auth failure for user 192.168.178.215
DEBUG cache hit for key=192.168.211.158
INFO user 192.168.141.220 logged in
FATAL segfault at address 0x192.168.215.207
INFO request from 192.168.107.168
FATAL segfault at address 0x192.168.57.185
ERROR connection timeout 503
WARN retry attempt 192.168.121.141 for 6257
DEBUG heap size: 192.168.178.215
DEBUG heap size: 192.168.142.104
FATAL unrecoverable disk error
WARN memory threshold reached: 192.168.211.158MB
INFO request from 192.168.142.104
FATAL unrecoverable disk error
DEBUG entering function foo
DEBUG variable x=192.168.60.30
INFO processed 192.168.141.220 items
DEBUG cache hit for key=192.168.215.207
FATAL kernel panic
ERROR null pointer in module 192.168.39.155
ERROR null pointer in module 192.168.229.48
FATAL unrecoverable disk error
ERROR auth failure for user 192.168.215.207
DEBUG entering function foo
DEBUG entering function foo
DEBUG heap size: 192.168.121.141
WARN retry attempt 192.168.60.30 for 68522
INFO request from 192.168.193.243
WARN retry attempt 192.168.178.215 for 63692
DEBUG entering function foo
ERROR connection timeout 503
INFO connection established
DEBUG cache hit for key=192.168.189.144
ERROR null pointer in module 192.168.178.6
FATAL kernel panic
ERROR auth failure for user 192.168.36.209
ERROR null pointer in module 192.168.39.155
WARN disk usage 192.168.82.31%
FATAL kernel panic
ERROR file not found: /tmp/192.168.92.139.log
ERROR file not found: /tmp/192.168.189.144.log
DEBUG cache hit for key=192.168.92.139
DEBUG variable x=192.168.141.220
FATAL out of memory
INFO processed 192.168.215.207 items
DEBUG entering function foo
INFO connection established
DEBUG cache hit for key=192.168.211.158
DEBUG heap size: 192.168.107.168
ERROR auth failure for user 192.168.9.50
FATAL segfault at address 0x192.168.211.158
DEBUG variable x=192.168.121.141
INFO user 192.168.36.209 logged in
WARN disk usage 192.168.36.209%
ERROR auth failure for user 192.168.60.30
WARN memory threshold reached: 192.168.107.168MB
DEBUG cache hit for key=192.168.211.158
WARN memory threshold reached: 192.168.9.50MB
WARN slow query: 192.168.121.141ms
INFO connection established
INFO processed 192.168.215.207 items
FATAL kernel panic
DEBUG cache hit for key=192.168.39.155
ERROR connection timeout 503
ERROR auth failure for user 192.168.107.168
FATAL out of memory
INFO user 192.168.178.6 logged in
ERROR connection timeout 503
INFO user 192.168.92.139 logged in
INFO processed 192.168.92.139 items
DEBUG variable x=192.168.39.155
WARN memory threshold reached: 192.168.107.168MB
ERROR file not found: /tmp/192.168.82.31.log
ERROR file not found: /tmp/192.168.141.220.log
FATAL segfault at address 0x192.168.60.30
FATAL out of memory
ERROR connection timeout 503
FATAL segfault at address 0x192.168.9.50
FATAL segfault at address 0x192.168.142.104
WARN slow query: 192.168.197.186ms
WARN retry attempt 192.168.141.220 for 60267
FATAL segfault at address 0x192.168.107.168
INFO request from 192.168.82.31
DEBUG variable x=192.168.229.48
FATAL kernel panic
DEBUG variable x=192.168.92.139
ERROR connection timeout 503
FATAL segfault at address 0x192.168.211.158
DEBUG variable x=192.168.39.155
INFO processed 192.168.107.168 items
DEBUG cache hit for key=192.168.193.243
DEBUG cache hit for key=192.168.57.185
ERROR file not found: /tmp/192.168.60.30.log
ERROR auth failure for user 192.168.107.168
ERROR connection timeout 503
FATAL kernel panic
INFO connection established
INFO request from 192.168.36.209
FATAL unrecoverable disk error
WARN memory threshold reached: 192.168.107.168MB
FATAL segfault at address 0x192.168.92.139
DEBUG heap size: 192.168.60.30
ERROR null pointer in module 192.168.197.186
FATAL kernel panic
FATAL out of memory
WARN slow query: 192.168.92.139ms
WARN disk usage 192.168.211.158%
WARN disk usage 192.168.178.6%
INFO processed 192.168.189.144 items
INFO connection established
DEBUG variable x=192.168.107.168
ERROR connection timeout 503
WARN retry attempt 192.168.57.185 for 14135
ERROR auth failure for user 192.168.142.104
WARN memory threshold reached: 192.168.189.144MB
FATAL kernel panic
ERROR connection timeout 503
DEBUG heap size: 192.168.142.104
DEBUG entering function foo
DEBUG cache hit for key=192.168.82.31
ERROR connection timeout 503
DEBUG variable x=192.168.178.215
ERROR connection timeout 503
ERROR auth failure for user 192.168.82.31
FATAL out of memory
ERROR null pointer in module 192.168.82.31
DEBUG cache hit for key=192.168.107.168
FATAL segfault at address 0x192.168.178.6
DEBUG variable x=192.168.107.168
DEBUG entering function foo
FATAL segfault at address 0x192.168.193.243
ERROR null pointer in module 192.168.229.48
INFO request from 192.168.60.30
WARN slow query: 192.168.215.207ms
WARN retry attempt 192.168.178.6 for 70929
INFO connection established
FATAL segfault at address 0x192.168.178.215
DEBUG entering function foo
FATAL out of memory
INFO connection established
WARN memory threshold reached: 192.168.219.168MB
ERROR file not found: /tmp/192.168.178.6.log
WARN retry attempt 192.168.9.50 for 43073
INFO request from 192.168.39.155
ERROR auth failure for user 192.168.107.168
INFO connection established
INFO connection established
WARN slow query: 192.168.141.220ms
INFO request from 192.168.193.243
DEBUG cache hit for key=192.168.107.168
DEBUG entering function foo
INFO user 192.168.60.30 logged in
INFO connection established
INFO user 192.168.229.48 logged in
FATAL unrecoverable disk error
DEBUG entering function foo
DEBUG entering function foo
DEBUG cache hit for key=192.168.141.220
ERROR auth failure for user 192.168.193.243
INFO processed 192.168.189.144 items
INFO connection established
FATAL kernel panic
FATAL kernel panic
FATAL unrecoverable disk error
INFO user 192.168.57.185 logged in
WARN memory threshold reached: 192.168.215.207MB
ERROR auth failure for user 192.168.189.144
FATAL out of memory
ERROR file not found: /tmp/192.168.219.168.log
ERROR auth failure for user 192.168.142.104
WARN slow query: 192.168.219.168ms
WARN slow query: 192.168.178.6ms
DEBUG entering function foo
ERROR auth failure for user 192.168.211.158
WARN slow query: 192.168.211.158ms
INFO user 192.168.197.186 logged in
DEBUG entering function foo
ERROR file not found: /tmp/192.168.57.185.log
DEBUG heap size: 192.168.215.207
WARN slow query: 192.168.39.155ms
ERROR null pointer in module 192.168.193.243
WARN retry attempt 192.168.211.158 for 3240
INFO processed 192.168.57.185 items
DEBUG cache hit for key=192.168.189.144
FATAL out of memory
DEBUG variable x=192.168.189.144
DEBUG entering function foo
WARN retry attempt 192.168.178.215 for 97677
WARN memory threshold reached: 192.168.82.31MB
FATAL segfault at address 0x192.168.107.168
WARN retry attempt 192.168.211.158 for 53184
FATAL out of memory
FATAL unrecoverable disk error
INFO connection established
FATAL kernel panic
DEBUG cache hit for key=192.168.141.220
ERROR auth failure for user 192.168.39.155
FATAL out of memory
FATAL unrecoverable disk error
DEBUG heap size: 192.168.193.243
INFO processed 192.168.9.50 items
ERROR file not found: /tmp/192.168.142.104.log
DEBUG variable x=192.168.36.209
WARN slow query: 192.168.211.158ms
ERROR connection timeout 503
INFO processed 192.168.121.141 items
FATAL kernel panic
INFO request from 192.168.92.139
DEBUG heap size: 192.168.107.168
INFO request from 192.168.211.158
INFO connection established
FATAL out of memory
WARN disk usage 192.168.229.48%
ERROR null pointer in module 192.168.229.48
INFO processed 192.168.219.168 items
DEBUG heap size: 192.168.141.220
INFO user 192.168.9.50 logged in
ERROR auth failure for user 192.168.82.31
WARN memory threshold reached: 192.168.215.207MB
ERROR file not found: /tmp/192.168.141.220.log
INFO processed 192.168.189.144 items
FATAL unrecoverable disk error
FATAL kernel panic
FATAL out of memory
ERROR file not found: /tmp/192.168.178.215.log
FATAL unrecoverable disk error
INFO processed 192.168.39.155 items
INFO request from 192.168.211.158
DEBUG entering function foo
FATAL segfault at address 0x192.168.189.144
INFO processed 192.168.9.50 items
FATAL out of memory
DEBUG cache hit for key=192.168.9.50
INFO user 192.168.141.220 logged in
DEBUG heap size: 192.168.107.168
ERROR null pointer in module 192.168.142.104
ERROR auth failure for user 192.168.211.158
DEBUG cache hit for key=192.168.121.141
INFO user 192.168.39.155 logged in
ERROR connection timeout 503
INFO processed 192.168.36.209 items
WARN memory threshold reached: 192.168.229.48MB
FATAL out of memory
DEBUG heap size: 192.168.229.48
DEBUG cache hit for key=192.168.36.209
WARN memory threshold reached: 192.168.141.220MB
DEBUG entering function foo
DEBUG variable x=192.168.211.158
WARN slow query: 192.168.60.30ms
DEBUG variable x=192.168.211.158
INFO user 192.168.57.185 logged in
DEBUG variable x=192.168.9.50
DEBUG cache hit for key=192.168.141.220
DEBUG entering function foo
INFO connection established
FATAL out of memory
FATAL unrecoverable disk error
FATAL kernel panic
INFO connection established
WARN memory threshold reached: 192.168.107.168MB
WARN disk usage 192.168.211.158%
ERROR auth failure for user 192.168.189.144
WARN retry attempt 192.168.60.30 for 8826
INFO processed 192.168.178.215 items
ERROR connection timeout 503
INFO user 192.168.121.141 logged in
WARN slow query: 192.168.36.209ms
INFO user 192.168.219.168 logged in
WARN disk usage 192.168.82.31%
ERROR null pointer in module 192.168.215.207
INFO request from 192.168.57.185
FATAL out of memory
ERROR auth failure for user 192.168.82.31
DEBUG entering function foo
WARN memory threshold reached: 192.168.36.209MB
INFO request from 192.168.57.185
FATAL kernel panic
WARN retry attempt 192.168.60.30 for 68272
ERROR file not found: /tmp/192.168.107.168.log
WARN retry attempt 192.168.57.185 for 26977
FATAL out of memory
INFO processed 192.168.215.207 items
INFO processed 192.168.107.168 items
ERROR connection timeout 503
INFO connection established
INFO connection established
DEBUG heap size: 192.168.39.155
INFO connection established
INFO connection established
FATAL kernel panic
ERROR connection timeout 503
ERROR auth failure for user 192.168.219.168
ERROR null pointer in module 192.168.36.209
DEBUG heap size: 192.168.9.50
WARN memory threshold reached: 192.168.92.139MB
INFO user 192.168.211.158 logged in
WARN slow query: 192.168.178.215ms
FATAL kernel panic
INFO processed 192.168.141.220 items
INFO request from 192.168.107.168
WARN slow query: 192.168.211.158ms
ERROR file not found: /tmp/192.168.211.158.log
WARN disk usage 192.168.9.50%
DEBUG heap size: 192.168.178.6
INFO processed 192.168.197.186 items
WARN slow query: 192.168.193.243ms
DEBUG heap size: 192.168.9.50
INFO connection established
WARN disk usage 192.168.36.209%
FATAL kernel panic
INFO connection established
DEBUG heap size: 192.168.211.158
FATAL out of memory
ERROR auth failure for user 192.168.9.50
WARN slow query: 192.168.178.6ms
ERROR connection timeout 503
FATAL segfault at address 0x192.168.36.209
INFO processed 192.168.178.215 items
INFO processed 192.168.107.168 items
DEBUG heap size: 192.168.215.207
WARN slow query: 192.168.229.48ms
WARN memory threshold reached: 192.168.36.209MB
ERROR auth failure for user 192.168.215.207
ERROR auth failure for user 192.168.229.48
DEBUG entering function foo
ERROR null pointer in module 192.168.82.31
INFO request from 192.168.178.215
ERROR connection timeout 503
WARN disk usage 192.168.178.6%
ERROR null pointer in module 192.168.121.141
DEBUG cache hit for key=192.168.107.168
FATAL out of memory
FATAL out of memory
FATAL segfault at address 0x192.168.219.168
WARN slow query: 192.168.142.104ms
WARN retry attempt 192.168.57.185 for 47345
ERROR null pointer in module 192.168.82.31
WARN retry attempt 192.168.121.141 for 405
ERROR null pointer in module 192.168.36.209
FATAL out of memory
INFO user 192.168.39.155 logged in
ERROR null pointer in module 192.168.141.220
WARN disk usage 192.168.193.243%
WARN slow query: 192.168.57.185ms
ERROR null pointer in module 192.168.82.31
WARN slow query: 192.168.219.168ms
DEBUG heap size: 192.168.178.215
INFO connection established
FATAL out of memory
DEBUG cache hit for key=192.168.92.139
INFO processed 192.168.121.141 items
FATAL unrecoverable disk error
INFO request from 192.168.121.141
DEBUG entering function foo
WARN memory threshold reached: 192.168.197.186MB
ERROR connection timeout 503
ERROR connection timeout 503
FATAL out of memory
ERROR null pointer in module 192.168.57.185
WARN disk usage 192.168.178.215%
DEBUG variable x=192.168.142.104
FATAL unrecoverable disk error
WARN memory threshold reached: 192.168.142.104MB
FATAL out of memory
FATAL unrecoverable disk error
WARN retry attempt 192.168.36.209 for 68125
FATAL unrecoverable disk error
DEBUG heap size: 192.168.142.104
WARN memory threshold reached: 192.168.219.168MB
ERROR auth failure for user 192.168.82.31
INFO request from 192.168.82.31
WARN disk usage 192.168.197.186%
FATAL kernel panic
WARN slow query: 192.168.60.30ms
INFO connection established
DEBUG entering function foo
ERROR file not found: /tmp/192.168.229.48.log
FATAL kernel panic
ERROR file not found: /tmp/192.168.211.158.log
DEBUG cache hit for key=192.168.178.215
INFO processed 192.168.121.141 items
WARN disk usage 192.168.178.215%
INFO connection established
ERROR file not found: /tmp/192.168.36.209.log
INFO connection established
FATAL out of memory
ERROR auth failure for user 192.168.60.30
WARN slow query: 192.168.229.48ms
DEBUG cache hit for key=192.168.178.6
INFO processed 192.168.57.185 items
DEBUG entering function foo
WARN memory threshold reached: 192.168.211.158MB
DEBUG heap size: 192.168.211.158
ERROR file not found: /tmp/192.168.107.168.log
DEBUG variable x=192.168.121.141
FATAL unrecoverable disk error
FATAL kernel panic
DEBUG entering function foo
ERROR file not found: /tmp/192.168.178.6.log
DEBUG cache hit for key=192.168.189.144
FATAL unrecoverable disk error
DEBUG heap size: 192.168.92.139
FATAL kernel panic
FATAL out of memory
DEBUG entering function foo
INFO request from 192.168.92.139
WARN disk usage 192.168.60.30%
FATAL unrecoverable disk error
FATAL segfault at address 0x192.168.60.30
DEBUG cache hit for key=192.168.193.243
INFO processed 192.168.107.168 items
WARN disk usage 192.168.215.207%
FATAL kernel panic
ERROR file not found: /tmp/192.168.215.207.log
FATAL unrecoverable disk error
DEBUG entering function foo
INFO user 192.168.141.220 logged in
FATAL unrecoverable disk error
WARN memory threshold reached: 192.168.82.31MB
DEBUG cache hit for key=192.168.197.186
INFO processed 192.168.39.155 items
WARN slow query: 192.168.36.209ms
INFO request from 192.168.197.186
INFO user 192.168.178.6 logged in
FATAL unrecoverable disk error
WARN slow query: 192.168.211.158ms
FATAL unrecoverable disk error
DEBUG variable x=192.168.92.139
DEBUG cache hit for key=192.168.189.144
WARN retry attempt 192.168.36.209 for 29592
WARN disk usage 192.168.121.141%
INFO processed 192.168.121.141 items
INFO user 192.168.178.6 logged in
DEBUG cache hit for key=192.168.178.6
FATAL segfault at address 0x192.168.82.31
DEBUG entering function foo
ERROR auth failure for user 192.168.193.243
FATAL kernel panic
INFO user 192.168.107.168 logged in
FATAL unrecoverable disk error
ERROR file not found: /tmp/192.168.60.30.log
WARN memory threshold reached: 192.168.82.31MB
ERROR auth failure for user 192.168.39.155
ERROR file not found: /tmp/192.168.197.186.log
FATAL unrecoverable disk error
DEBUG cache hit for key=192.168.9.50
DEBUG variable x=192.168.189.144
INFO request from 192.168.229.48
DEBUG variable x=192.168.178.215
ERROR connection timeout 503
FATAL unrecoverable disk error
FATAL out of memory
FATAL unrecoverable disk error
ERROR file not found: /tmp/192.168.57.185.log
FATAL out of memory
INFO connection established
WARN memory threshold reached: 192.168.215.207MB
DEBUG heap size: 192.168.219.168
INFO user 192.168.121.141 logged in
INFO request from 192.168.178.215
ERROR file not found: /tmp/192.168.197.186.log
DEBUG heap size: 192.168.141.220
FATAL out of memory
ERROR connection timeout 503
FATAL kernel panic
WARN disk usage 192.168.107.168%
INFO processed 192.168.193.243 items
DEBUG heap size: 192.168.219.168
DEBUG entering function foo
ERROR connection timeout 503
WARN memory threshold reached: 192.168.219.168MB
WARN retry attempt 192.168.193.243 for 56144
INFO user 192.168.121.141 logged in
ERROR auth failure for user 192.168.36.209
ERROR connection timeout 503
INFO request from 192.168.141.220
DEBUG entering function foo
WARN disk usage 192.168.229.48%
INFO processed 192.168.197.186 items
ERROR null pointer in module 192.168.92.139
INFO user 192.168.211.158 logged in
ERROR auth failure for user 192.168.121.141
DEBUG entering function foo
FATAL out of memory
WARN slow query: 192.168.82.31ms
DEBUG heap size: 192.168.219.168
WARN slow query: 192.168.189.144ms
ERROR auth failure for user 192.168.82.31
FATAL unrecoverable disk error
DEBUG cache hit for key=192.168.57.185
ERROR auth failure for user 192.168.219.168
DEBUG entering function foo
INFO connection established
ERROR connection timeout 503
INFO processed 192.168.107.168 items
INFO request from 192.168.60.30
ERROR file not found: /tmp/192.168.57.185.log
WARN slow query: 192.168.219.168ms
FATAL kernel panic
DEBUG cache hit for key=192.168.193.243
WARN slow query: 192.168.57.185ms
DEBUG entering function foo
DEBUG cache hit for key=192.168.141.220
ERROR file not found: /tmp/192.168.82.31.log
ERROR auth failure for user 192.168.197.186
WARN retry attempt 192.168.178.215 for 14619
DEBUG variable x=192.168.92.139
WARN retry attempt 192.168.193.243 for 97378
FATAL segfault at address 0x192.168.57.185
WARN memory threshold reached: 192.168.178.6MB
DEBUG variable x=192.168.36.209
FATAL out of memory
INFO connection established
DEBUG cache hit for key=192.168.178.215
ERROR auth failure for user 192.168.92.139
INFO request from 192.168.36.209
ERROR file not found: /tmp/192.168.92.139.log
WARN slow query: 192.168.121.141ms
DEBUG heap size: 192.168.9.50
FATAL out of memory
WARN memory threshold reached: 192.168.178.215MB
FATAL out of memory
ERROR null pointer in module 192.168.92.139
DEBUG entering function foo
FATAL kernel panic
ERROR file not found: /tmp/192.168.141.220.log
DEBUG entering function foo
FATAL out of memory
FATAL segfault at address 0x192.168.178.215
WARN retry attempt 192.168.92.139 for 15612
INFO connection established
INFO user 192.168.60.30 logged in
INFO user 192.168.36.209 logged in
DEBUG entering function foo
DEBUG variable x=192.168.193.243
FATAL segfault at address 0x192.168.142.104
FATAL segfault at address 0x192.168.36.209
FATAL segfault at address 0x192.168.142.104
DEBUG cache hit for key=192.168.57.185
WARN memory threshold reached: 192.168.197.186MB
FATAL out of memory
WARN memory threshold reached: 192.168.39.155MB
WARN retry attempt 192.168.141.220 for 76240
ERROR auth failure for user 192.168.39.155
ERROR file not found: /tmp/192.168.36.209.log
DEBUG heap size: 192.168.229.48
INFO connection established
ERROR auth failure for user 192.168.178.215
WARN memory threshold reached: 192.168.229.48MB
FATAL unrecoverable disk error
DEBUG heap size: 192.168.57.185
ERROR connection timeout 503
DEBUG variable x=192.168.211.158
DEBUG variable x=192.168.107.168
DEBUG entering function foo
WARN memory threshold reached: 192.168.82.31MB
DEBUG variable x=192.168.92.139
WARN disk usage 192.168.141.220%
ERROR null pointer in module 192.168.229.48
WARN slow query: 192.168.36.209ms
DEBUG cache hit for key=192.168.92.139
DEBUG variable x=192.168.121.141
WARN disk usage 192.168.215.207%
INFO request from 192.168.57.185
INFO processed 192.168.211.158 items
WARN retry attempt 192.168.57.185 for 89708
ERROR connection timeout 503
DEBUG entering function foo
WARN disk usage 192.168.82.31%
DEBUG cache hit for key=192.168.189.144
FATAL unrecoverable disk error
FATAL segfault at address 0x192.168.82.31
ERROR auth failure for user 192.168.178.215
WARN retry attempt 192.168.121.141 for 35533
ERROR file not found: /tmp/192.168.197.186.log
DEBUG variable x=192.168.36.209
INFO user 192.168.36.209 logged in
ERROR null pointer in module 192.168.189.144
FATAL kernel panic
DEBUG cache hit for key=192.168.36.209
ERROR file not found: /tmp/192.168.142.104.log
ERROR null pointer in module 192.168.9.50
WARN memory threshold reached: 192.168.57.185MB
ERROR null pointer in module 192.168.92.139
ERROR auth failure for user 192.168.211.158
FATAL kernel panic
INFO request from 192.168.57.185
DEBUG entering function foo
FATAL kernel panic
DEBUG cache hit for key=192.168.193.243
WARN slow query: 192.168.36.209ms
ERROR auth failure for user 192.168.141.220
DEBUG entering function foo
INFO processed 192.168.107.168 items
ERROR file not found: /tmp/192.168.60.30.log
DEBUG variable x=192.168.219.168
INFO request from 192.168.36.209
INFO request from 192.168.57.185
DEBUG heap size: 192.168.36.209
ERROR auth failure for user 192.168.215.207
WARN slow query: 192.168.9.50ms
WARN slow query: 192.168.107.168ms
DEBUG entering function foo
DEBUG entering function foo
DEBUG heap size: 192.168.9.50
ERROR file not found: /tmp/192.168.178.6.log
WARN memory threshold reached: 192.168.9.50MB
WARN disk usage 192.168.215.207%
INFO connection established
DEBUG entering function foo
FATAL out of memory
WARN slow query: 192.168.211.158ms
DEBUG cache hit for key=192.168.9.50
WARN disk usage 192.168.121.141%
WARN retry attempt 192.168.107.168 for 31396
WARN memory threshold reached: 192.168.92.139MB
DEBUG entering function foo
WARN memory threshold reached: 192.168.92.139MB
DEBUG entering function foo
FATAL out of memory
DEBUG variable x=192.168.142.104
WARN disk usage 192.168.193.243%
WARN slow query: 192.168.215.207ms
WARN slow query: 192.168.193.243ms
DEBUG cache hit for key=192.168.9.50
FATAL out of memory
DEBUG heap size: 192.168.219.168
DEBUG cache hit for key=192.168.229.48
ERROR connection timeout 503
INFO connection established
INFO user 192.168.39.155 logged in
WARN retry attempt 192.168.193.243 for 81720
ERROR connection timeout 503
INFO request from 192.168.36.209
ERROR connection timeout 503
WARN disk usage 192.168.219.168%
ERROR file not found: /tmp/192.168.229.48.log
INFO request from 192.168.197.186
WARN retry attempt 192.168.189.144 for 9324
INFO processed 192.168.197.186 items
WARN slow query: 192.168.36.209ms
FATAL kernel panic
WARN slow query: 192.168.9.50ms
INFO processed 192.168.193.243 items
FATAL segfault at address 0x192.168.193.243
ERROR null pointer in module 192.168.197.186
DEBUG variable x=192.168.57.185
FATAL out of memory
WARN slow query: 192.168.229.48ms
ERROR connection timeout 503
ERROR connection timeout 503
ERROR null pointer in module 192.168.121.141
INFO request from 192.168.211.158
INFO processed 192.168.142.104 items
WARN retry attempt 192.168.82.31 for 63740
INFO processed 192.168.121.141 items
ERROR connection timeout 503
ERROR auth failure for user 192.168.141.220
FATAL out of memory
DEBUG cache hit for key=192.168.9.50
INFO request from 192.168.141.220
ERROR file not found: /tmp/192.168.197.186.log
INFO request from 192.168.36.209
WARN slow query: 192.168.189.144ms
ERROR null pointer in module 192.168.215.207
WARN memory threshold reached: 192.168.60.30MB
ERROR file not found: /tmp/192.168.178.215.log
INFO user 192.168.9.50 logged in
ERROR auth failure for user 192.168.9.50
FATAL kernel panic
FATAL unrecoverable disk error
FATAL unrecoverable disk error
WARN disk usage 192.168.36.209%
INFO processed 192.168.142.104 items
ERROR file not found: /tmp/192.168.215.207.log
DEBUG heap size: 192.168.36.209
ERROR connection timeout 503
INFO processed 192.168.92.139 items
FATAL kernel panic
INFO connection established
WARN retry attempt 192.168.107.168 for 39577
WARN disk usage 192.168.219.168%
ERROR null pointer in module 192.168.9.50
WARN slow query: 192.168.215.207ms
DEBUG entering function foo
WARN memory threshold reached: 192.168.92.139MB
INFO processed 192.168.211.158 items
ERROR file not found: /tmp/192.168.82.31.log
DEBUG variable x=192.168.189.144
DEBUG heap size: 192.168.121.141
FATAL out of memory
FATAL out of memory
INFO connection established
ERROR connection timeout 503
DEBUG cache hit for key=192.168.39.155
ERROR connection timeout 503
FATAL segfault at address 0x192.168.197.186
WARN retry attempt 192.168.9.50 for 88251
INFO request from 192.168.9.50
DEBUG variable x=192.168.36.209
FATAL segfault at address 0x192.168.142.104
FATAL kernel panic
ERROR auth failure for user 192.168.82.31
ERROR connection timeout 503
INFO processed 192.168.229.48 items
WARN memory threshold reached: 192.168.9.50MB
DEBUG entering function foo
FATAL kernel panic
INFO user 192.168.141.220 logged in
DEBUG variable x=192.168.9.50
FATAL unrecoverable disk error
FATAL out of memory
DEBUG entering function foo
WARN memory threshold reached: 192.168.57.185MB
INFO user 192.168.141.220 logged in
INFO processed 192.168.197.186 items
DEBUG cache hit for key=192.168.189.144
DEBUG variable x=192.168.121.141
FATAL out of memory
WARN retry attempt 192.168.229.48 for 12161
DEBUG heap size: 192.168.193.243
ERROR connection timeout 503
ERROR connection timeout 503
DEBUG entering function foo
WARN slow query: 192.168.229.48ms
WARN disk usage 192.168.229.48%
FATAL out of memory
WARN slow query: 192.168.82.31ms
FATAL out of memory
WARN disk usage 192.168.141.220%
DEBUG variable x=192.168.215.207
INFO connection established
INFO request from 192.168.142.104
INFO request from 192.168.36.209
WARN slow query: 192.168.141.220ms
WARN retry attempt 192.168.39.155 for 97675
ERROR null pointer in module 192.168.215.207
INFO user 192.168.229.48 logged in
WARN slow query: 192.168.121.141ms
FATAL segfault at address 0x192.168.229.48
ERROR null pointer in module 192.168.39.155
FATAL segfault at address 0x192.168.142.104
DEBUG heap size: 192.168.9.50
FATAL segfault at address 0x192.168.193.243
DEBUG heap size: 192.168.229.48
FATAL segfault at address 0x192.168.178.6
WARN retry attempt 192.168.211.158 for 3925
DEBUG entering function foo
INFO user 192.168.57.185 logged in
INFO user 192.168.193.243 logged in
WARN disk usage 192.168.107.168%
DEBUG cache hit for key=192.168.141.220
FATAL segfault at address 0x192.168.57.185
DEBUG heap size: 192.168.178.215
INFO connection established
WARN disk usage 192.168.178.6%
ERROR null pointer in module 192.168.142.104
INFO connection established
ERROR connection timeout 503
DEBUG variable x=192.168.39.155
FATAL segfault at address 0x192.168.178.6
INFO request from 192.168.178.215
FATAL out of memory
INFO processed 192.168.60.30 items
FATAL out of memory
DEBUG variable x=192.168.219.168
ERROR file not found: /tmp/192.168.197.186.log
WARN slow query: 192.168.189.144ms
WARN slow query: 192.168.82.31ms
ERROR file not found: /tmp/192.168.39.155.log
DEBUG cache hit for key=192.168.82.31
DEBUG entering function foo
INFO request from 192.168.142.104
ERROR auth failure for user 192.168.229.48
INFO user 192.168.92.139 logged in
DEBUG cache hit for key=192.168.60.30
DEBUG cache hit for key=192.168.189.144
WARN slow query: 192.168.197.186ms
INFO connection established
DEBUG entering function foo
FATAL kernel panic
DEBUG entering function foo
ERROR file not found: /tmp/192.168.142.104.log
ERROR auth failure for user 192.168.189.144
WARN disk usage 192.168.193.243%
INFO connection established
ERROR connection timeout 503
INFO processed 192.168.211.158 items
ERROR connection timeout 503
FATAL segfault at address 0x192.168.178.215
ERROR auth failure for user 192.168.215.207
INFO connection established
ERROR auth failure for user 192.168.211.158
DEBUG cache hit for key=192.168.9.50
WARN disk usage 192.168.36.209%
DEBUG variable x=192.168.57.185
ERROR auth failure for user 192.168.197.186
ERROR null pointer in module 192.168.193.243
DEBUG variable x=192.168.193.243
INFO connection established
ERROR file not found: /tmp/192.168.60.30.log
WARN retry attempt 192.168.121.141 for 6441
ERROR null pointer in module 192.168.141.220
INFO processed 192.168.229.48 items
WARN slow query: 192.168.215.207ms
DEBUG variable x=192.168.57.185
INFO request from 192.168.60.30
FATAL segfault at address 0x192.168.57.185
FATAL out of memory
FATAL kernel panic
DEBUG entering function foo
INFO connection established
WARN retry attempt 192.168.107.168 for 12353
INFO processed 192.168.178.215 items
INFO connection established
DEBUG entering function foo
ERROR auth failure for user 192.168.107.168
ERROR null pointer in module 192.168.142.104
INFO user 192.168.189.144 logged in
DEBUG cache hit for key=192.168.219.168
DEBUG heap size: 192.168.57.185
DEBUG variable x=192.168.107.168
WARN memory threshold reached: 192.168.215.207MB
INFO connection established
WARN retry attempt 192.168.39.155 for 64313
WARN retry attempt 192.168.219.168 for 33232
WARN slow query: 192.168.107.168ms
WARN retry attempt 192.168.215.207 for 87024
FATAL kernel panic
FATAL out of memory
INFO connection established
DEBUG entering function foo
ERROR file not found: /tmp/192.168.141.220.log
DEBUG entering function foo
DEBUG cache hit for key=192.168.92.139
FATAL unrecoverable disk error
WARN retry attempt 192.168.211.158 for 77221
ERROR file not found: /tmp/192.168.178.215.log
DEBUG cache hit for key=192.168.82.31
ERROR null pointer in module 192.168.178.6
WARN disk usage 192.168.107.168%
INFO processed 192.168.36.209 items
WARN memory threshold reached: 192.168.178.215MB
WARN disk usage 192.168.178.215%
ERROR connection timeout 503
FATAL out of memory
WARN disk usage 192.168.9.50%
DEBUG variable x=192.168.197.186
WARN retry attempt 192.168.215.207 for 87206
FATAL unrecoverable disk error
WARN memory threshold reached: 192.168.141.220MB
FATAL out of memory
DEBUG heap size: 192.168.193.243
ERROR null pointer in module 192.168.211.158
WARN retry attempt 192.168.82.31 for 40729
INFO processed 192.168.142.104 items
INFO connection established
ERROR auth failure for user 192.168.178.215
DEBUG cache hit for key=192.168.178.6
ERROR auth failure for user 192.168.211.158
DEBUG entering function foo
WARN retry attempt 192.168.39.155 for 46425
ERROR null pointer in module 192.168.9.50
ERROR connection timeout 503
ERROR connection timeout 503
WARN memory threshold reached: 192.168.178.6MB
WARN memory threshold reached: 192.168.82.31MB
FATAL segfault at address 0x192.168.60.30
ERROR auth failure for user 192.168.211.158
DEBUG heap size: 192.168.215.207
DEBUG variable x=192.168.60.30
DEBUG cache hit for key=192.168.82.31
WARN slow query: 192.168.142.104ms
DEBUG variable x=192.168.141.220
INFO processed 192.168.36.209 items
INFO user 192.168.178.215 logged in
DEBUG heap size: 192.168.82.31
INFO request from 192.168.189.144
INFO request from 192.168.215.207
INFO connection established
DEBUG heap size: 192.168.211.158
DEBUG cache hit for key=192.168.211.158
INFO connection established
FATAL kernel panic
ERROR auth failure for user 192.168.107.168
INFO connection established
FATAL unrecoverable disk error
WARN retry attempt 192.168.121.141 for 77171
ERROR file not found: /tmp/192.168.197.186.log
ERROR connection timeout 503
ERROR auth failure for user 192.168.107.168
ERROR connection timeout 503
DEBUG cache hit for key=192.168.60.30
FATAL kernel panic
INFO processed 192.168.39.155 items
DEBUG entering function foo
FATAL unrecoverable disk error
FATAL kernel panic
INFO connection established
FATAL segfault at address 0x192.168.39.155
INFO user 192.168.178.215 logged in
DEBUG heap size: 192.168.211.158
FATAL unrecoverable disk error
FATAL segfault at address 0x192.168.36.209
WARN retry attempt 192.168.178.6 for 80934
ERROR connection timeout 503
INFO connection established
DEBUG heap size: 192.168.219.168
INFO connection established
ERROR null pointer in module 192.168.189.144
FATAL segfault at address 0x192.168.121.141
DEBUG heap size: 192.168.193.243
DEBUG entering function foo
ERROR null pointer in module 192.168.36.209
FATAL unrecoverable disk error
ERROR null pointer in module 192.168.178.215
INFO connection established
INFO request from 192.168.178.6
DEBUG entering function foo
DEBUG cache hit for key=192.168.9.50
FATAL out of memory
FATAL kernel panic
FATAL kernel panic
WARN memory threshold reached: 192.168.189.144MB
ERROR null pointer in module 192.168.189.144
DEBUG entering function foo
DEBUG variable x=192.168.219.168
DEBUG cache hit for key=192.168.107.168
WARN retry attempt 192.168.211.158 for 92180
WARN disk usage 192.168.229.48%
DEBUG entering function foo
FATAL segfault at address 0x192.168.211.158
DEBUG variable x=192.168.178.6
WARN disk usage 192.168.60.30%
ERROR file not found: /tmp/192.168.141.220.log
DEBUG entering function foo
WARN disk usage 192.168.57.185%
DEBUG variable x=192.168.193.243
ERROR connection timeout 503
INFO user 192.168.60.30 logged in
DEBUG heap size: 192.168.215.207
WARN slow query: 192.168.219.168ms
INFO request from 192.168.60.30
INFO processed 192.168.107.168 items
ERROR connection timeout 503
INFO processed 192.168.9.50 items
INFO request from 192.168.39.155
FATAL segfault at address 0x192.168.193.243
WARN slow query: 192.168.60.30ms
INFO request from 192.168.178.6
INFO processed 192.168.92.139 items
DEBUG variable x=192.168.57.185
DEBUG variable x=192.168.36.209
INFO user 192.168.60.30 logged in
WARN memory threshold reached: 192.168.178.215MB
FATAL kernel panic
DEBUG variable x=192.168.189.144
FATAL unrecoverable disk error
WARN memory threshold reached: 192.168.39.155MB
WARN retry attempt 192.168.92.139 for 38363
INFO user 192.168.142.104 logged in
FATAL out of memory
ERROR null pointer in module 192.168.197.186
INFO connection established
WARN memory threshold reached: 192.168.121.141MB
INFO request from 192.168.57.185
ERROR null pointer in module 192.168.121.141
ERROR connection timeout 503
FATAL kernel panic
DEBUG cache hit for key=192.168.82.31
ERROR connection timeout 503
ERROR connection timeout 503
ERROR auth failure for user 192.168.9.50
DEBUG cache hit for key=192.168.60.30
WARN disk usage 192.168.82.31%
WARN retry attempt 192.168.178.6 for 28383
DEBUG cache hit for key=192.168.82.31
ERROR connection timeout 503
ERROR file not found: /tmp/192.168.92.139.log
ERROR file not found: /tmp/192.168.229.48.log
ERROR auth failure for user 192.168.36.209
WARN retry attempt 192.168.189.144 for 32760
FATAL segfault at address 0x192.168.142.104
ERROR connection timeout 503
WARN retry attempt 192.168.197.186 for 85595
FATAL out of memory
FATAL segfault at address 0x192.168.197.186
ERROR null pointer in module 192.168.107.168
DEBUG heap size: 192.168.60.30
ERROR auth failure for user 192.168.9.50
FATAL out of memory
FATAL segfault at address 0x192.168.189.144
INFO user 192.168.197.186 logged in
ERROR auth failure for user 192.168.57.185
INFO connection established
DEBUG entering function foo
DEBUG entering function foo
FATAL segfault at address 0x192.168.60.30
INFO request from 192.168.197.186
DEBUG cache hit for key=192.168.92.139
DEBUG entering function foo
DEBUG heap size: 192.168.121.141
DEBUG entering function foo
FATAL segfault at address 0x192.168.9.50
ERROR file not found: /tmp/192.168.36.209.log
WARN retry attempt 192.168.142.104 for 53496
WARN slow query: 192.168.178.215ms
DEBUG entering function foo
WARN memory threshold reached: 192.168.178.6MB
DEBUG entering function foo
FATAL segfault at address 0x192.168.141.220
FATAL out of memory
DEBUG variable x=192.168.57.185
FATAL kernel panic
DEBUG variable x=192.168.82.31
FATAL kernel panic
INFO user 192.168.57.185 logged in
INFO user 192.168.57.185 logged in
WARN disk usage 192.168.57.185%
ERROR file not found: /tmp/192.168.189.144.log
FATAL out of memory
ERROR auth failure for user 192.168.39.155
INFO connection established
ERROR auth failure for user 192.168.82.31
WARN retry attempt 192.168.142.104 for 15462
DEBUG heap size: 192.168.9.50
INFO processed 192.168.141.220 items
ERROR connection timeout 503
ERROR file not found: /tmp/192.168.92.139.log
ERROR connection timeout 503
ERROR connection timeout 503
INFO processed 192.168.9.50 items
INFO processed 192.168.92.139 items
WARN disk usage 192.168.142.104%
FATAL out of memory
WARN slow query: 192.168.9.50ms
ERROR null pointer in module 192.168.178.215
ERROR auth failure for user 192.168.229.48
FATAL out of memory
FATAL segfault at address 0x192.168.39.155
WARN slow query: 192.168.229.48ms
FATAL segfault at address 0x192.168.121.141
WARN slow query: 192.168.142.104ms
FATAL kernel panic
ERROR file not found: /tmp/192.168.229.48.log
DEBUG entering function foo
WARN retry attempt 192.168.121.141 for 45528
WARN memory threshold reached: 192.168.121.141MB
WARN slow query: 192.168.39.155ms
INFO user 192.168.197.186 logged in
DEBUG entering function foo
DEBUG entering function foo
INFO request from 192.168.82.31
FATAL unrecoverable disk error
DEBUG cache hit for key=192.168.141.220
FATAL kernel panic
INFO processed 192.168.178.215 items
DEBUG heap size: 192.168.9.50
WARN disk usage 192.168.36.209%
DEBUG cache hit for key=192.168.189.144
INFO request from 192.168.142.104
FATAL segfault at address 0x192.168.197.186
FATAL out of memory
ERROR connection timeout 503
INFO request from 192.168.107.168
INFO processed 192.168.57.185 items
INFO user 192.168.219.168 logged in
ERROR auth failure for user 192.168.219.168
INFO connection established
INFO request from 192.168.9.50
ERROR auth failure for user 192.168.229.48
ERROR file not found: /tmp/192.168.82.31.log
FATAL unrecoverable disk error
FATAL unrecoverable disk error
WARN slow query: 192.168.219.168ms
ERROR file not found: /tmp/192.168.92.139.log
WARN disk usage 192.168.57.185%
WARN slow query: 192.168.39.155ms
INFO processed 192.168.121.141 items
ERROR file not found: /tmp/192.168.121.141.log
ERROR auth failure for user 192.168.219.168
FATAL kernel panic
WARN retry attempt 192.168.215.207 for 28195
ERROR connection timeout 503
WARN retry attempt 192.168.9.50 for 51299
ERROR null pointer in module 192.168.211.158
DEBUG cache hit for key=192.168.219.168
INFO user 192.168.60.30 logged in
ERROR null pointer in module 192.168.57.185
INFO connection established
FATAL segfault at address 0x192.168.36.209
FATAL out of memory
DEBUG cache hit for key=192.168.193.243
DEBUG variable x=192.168.215.207
WARN memory threshold reached: 192.168.229.48MB
ERROR auth failure for user 192.168.178.215
WARN retry attempt 192.168.9.50 for 28262
FATAL unrecoverable disk error
DEBUG variable x=192.168.215.207
ERROR connection timeout 503
WARN disk usage 192.168.57.185%
INFO request from 192.168.197.186
DEBUG heap size: 192.168.211.158
WARN disk usage 192.168.189.144%
FATAL kernel panic
FATAL unrecoverable disk error
FATAL kernel panic
WARN retry attempt 192.168.9.50 for 67156
DEBUG cache hit for key=192.168.197.186
INFO request from 192.168.197.186
FATAL kernel panic
ERROR connection timeout 503
FATAL segfault at address 0x192.168.219.168
FATAL unrecoverable disk error
ERROR null pointer in module 192.168.193.243
FATAL out of memory
FATAL out of memory
ERROR file not found: /tmp/192.168.219.168.log
DEBUG cache hit for key=192.168.142.104
DEBUG variable x=192.168.92.139
INFO processed 192.168.178.6 items
DEBUG entering function foo
ERROR auth failure for user 192.168.60.30
WARN slow query: 192.168.178.215ms
WARN memory threshold reached: 192.168.60.30MB
FATAL kernel panic
INFO processed 192.168.92.139 items
WARN memory threshold reached: 192.168.142.104MB
ERROR connection timeout 503
DEBUG heap size: 192.168.36.209
DEBUG entering function foo
DEBUG entering function foo
DEBUG variable x=192.168.9.50
INFO processed 192.168.36.209 items
FATAL kernel panic
WARN disk usage 192.168.9.50%
WARN retry attempt 192.168.82.31 for 48711
FATAL unrecoverable disk error
FATAL unrecoverable disk error
WARN retry attempt 192.168.219.168 for 60671
INFO user 192.168.36.209 logged in
FATAL kernel panic
ERROR auth failure for user 192.168.36.209
DEBUG variable x=192.168.178.215
INFO connection established
ERROR file not found: /tmp/192.168.121.141.log
FATAL kernel panic
DEBUG cache hit for key=192.168.92.139
WARN disk usage 192.168.141.220%
WARN slow query: 192.168.178.6ms
WARN retry attempt 192.168.82.31 for 52858
WARN memory threshold reached: 192.168.189.144MB
INFO request from 192.168.141.220
INFO user 192.168.178.6 logged in
INFO processed 192.168.142.104 items
FATAL segfault at address 0x192.168.82.31
ERROR auth failure for user 192.168.229.48
INFO connection established
INFO connection established
DEBUG cache hit for key=192.168.189.144
INFO processed 192.168.9.50 items
ERROR file not found: /tmp/192.168.178.215.log
DEBUG entering function foo
ERROR null pointer in module 192.168.219.168
WARN retry attempt 192.168.215.207 for 10250
FATAL unrecoverable disk error
WARN memory threshold reached: 192.168.9.50MB
ERROR null pointer in module 192.168.197.186
DEBUG heap size: 192.168.193.243
DEBUG cache hit for key=192.168.39.155
WARN slow query: 192.168.141.220ms
FATAL unrecoverable disk error
INFO request from 192.168.141.220
WARN memory threshold reached: 192.168.107.168MB
WARN retry attempt 192.168.121.141 for 48349
WARN disk usage 192.168.82.31%
DEBUG cache hit for key=192.168.219.168
DEBUG cache hit for key=192.168.197.186
DEBUG variable x=192.168.219.168
ERROR null pointer in module 192.168.229.48
FATAL out of memory
DEBUG entering function foo
DEBUG heap size: 192.168.121.141
ERROR connection timeout 503
FATAL segfault at address 0x192.168.141.220
FATAL out of memory
WARN memory threshold reached: 192.168.178.6MB
WARN disk usage 192.168.211.158%
DEBUG variable x=192.168.141.220
FATAL unrecoverable disk error
INFO processed 192.168.60.30 items
FATAL unrecoverable disk error
INFO request from 192.168.178.215
FATAL segfault at address 0x192.168.121.141
ERROR connection timeout 503
DEBUG variable x=192.168.189.144
DEBUG entering function foo
DEBUG entering function foo
WARN slow query: 192.168.189.144ms
INFO user 192.168.141.220 logged in
INFO user 192.168.60.30 logged in
WARN memory threshold reached: 192.168.197.186MB
FATAL segfault at address 0x192.168.9.50
INFO user 192.168.141.220 logged in
WARN retry attempt 192.168.39.155 for 34675
DEBUG heap size: 192.168.193.243
WARN retry attempt 192.168.215.207 for 58940
INFO request from 192.168.178.6
INFO connection established
WARN memory threshold reached: 192.168.142.104MB
FATAL segfault at address 0x192.168.189.144
INFO user 192.168.141.220 logged in
WARN disk usage 192.168.121.141%
INFO processed 192.168.36.209 items
FATAL segfault at address 0x192.168.193.243
ERROR connection timeout 503
DEBUG cache hit for key=192.168.107.168
ERROR null pointer in module 192.168.142.104
DEBUG entering function foo
INFO processed 192.168.92.139 items
DEBUG heap size: 192.168.82.31
FATAL kernel panic
INFO user 192.168.193.243 logged in
WARN slow query: 192.168.211.158ms
DEBUG entering function foo
ERROR null pointer in module 192.168.197.186
ERROR connection timeout 503
INFO user 192.168.82.31 logged in
FATAL unrecoverable disk error
INFO connection established
DEBUG cache hit for key=192.168.36.209
ERROR null pointer in module 192.168.229.48
DEBUG entering function foo
WARN retry attempt 192.168.189.144 for 24196
INFO connection established
INFO connection established
DEBUG heap size: 192.168.229.48
DEBUG heap size: 192.168.92.139
ERROR auth failure for user 192.168.219.168
ERROR null pointer in module 192.168.57.185
ERROR auth failure for user 192.168.142.104
ERROR file not found: /tmp/192.168.178.215.log
ERROR null pointer in module 192.168.92.139
WARN slow query: 192.168.178.6ms
INFO connection established
WARN retry attempt 192.168.215.207 for 209
FATAL kernel panic
INFO connection established
DEBUG entering function foo
DEBUG cache hit for key=192.168.211.158
INFO processed 192.168.36.209 items
WARN slow query: 192.168.219.168ms
WARN slow query: 192.168.229.48ms
ERROR connection timeout 503
WARN disk usage 192.168.211.158%
INFO user 192.168.36.209 logged in
FATAL kernel panic
ERROR null pointer in module 192.168.9.50
WARN slow query: 192.168.197.186ms
DEBUG heap size: 192.168.215.207
ERROR file not found: /tmp/192.168.92.139.log
DEBUG entering function foo
ERROR connection timeout 503
WARN retry attempt 192.168.141.220 for 67489
FATAL kernel panic
ERROR file not found: /tmp/192.168.60.30.log
ERROR null pointer in module 192.168.193.243
FATAL segfault at address 0x192.168.197.186
WARN retry attempt 192.168.107.168 for 71140
WARN memory threshold reached: 192.168.178.215MB
ERROR connection timeout 503
WARN disk usage 192.168.82.31%
WARN disk usage 192.168.92.139%
ERROR auth failure for user 192.168.229.48
FATAL out of memory
INFO processed 192.168.9.50 items
WARN slow query: 192.168.82.31ms
FATAL kernel panic
WARN retry attempt 192.168.60.30 for 19235
FATAL out of memory
DEBUG cache hit for key=192.168.178.215
ERROR connection timeout 503
WARN disk usage 192.168.9.50%
INFO user 192.168.178.215 logged in
FATAL unrecoverable disk error
FATAL kernel panic
ERROR file not found: /tmp/192.168.229.48.log
FATAL out of memory
INFO user 192.168.197.186 logged in
ERROR auth failure for user 192.168.107.168
INFO user 192.168.197.186 logged in
FATAL segfault at address 0x192.168.121.141
INFO request from 192.168.142.104
DEBUG cache hit for key=192.168.82.31
FATAL kernel panic
FATAL kernel panic
DEBUG cache hit for key=192.168.142.104
WARN slow query: 192.168.36.209ms
ERROR auth failure for user 192.168.92.139
INFO processed 192.168.197.186 items
DEBUG variable x=192.168.219.168
WARN disk usage 192.168.141.220%
FATAL segfault at address 0x192.168.178.215
WARN slow query: 192.168.39.155ms
INFO connection established
FATAL kernel panic
WARN slow query: 192.168.57.185ms
FATAL unrecoverable disk error
DEBUG variable x=192.168.211.158
INFO request from 192.168.178.6
INFO connection established
ERROR file not found: /tmp/192.168.141.220.log
FATAL segfault at address 0x192.168.142.104
DEBUG cache hit for key=192.168.215.207
FATAL kernel panic
ERROR null pointer in module 192.168.178.215
INFO connection established
DEBUG cache hit for key=192.168.39.155
INFO request from 192.168.211.158
ERROR null pointer in module 192.168.9.50
DEBUG entering function foo
FATAL out of memory
ERROR connection timeout 503
INFO connection established
ERROR connection timeout 503
FATAL kernel panic
INFO connection established
INFO connection established
INFO user 192.168.36.209 logged in
DEBUG variable x=192.168.141.220
ERROR null pointer in module 192.168.57.185
FATAL kernel panic
ERROR connection timeout 503
INFO connection established
DEBUG variable x=192.168.60.30
ERROR null pointer in module 192.168.211.158
ERROR file not found: /tmp/192.168.92.139.log
FATAL out of memory
DEBUG cache hit for key=192.168.211.158
DEBUG cache hit for key=192.168.211.158
FATAL kernel panic
DEBUG entering function foo
FATAL out of memory
ERROR file not found: /tmp/192.168.36.209.log
ERROR auth failure for user 192.168.197.186
WARN disk usage 192.168.39.155%
ERROR auth failure for user 192.168.197.186
WARN slow query: 192.168.142.104ms
WARN retry attempt 192.168.82.31 for 4686
INFO connection established
DEBUG entering function foo
WARN retry attempt 192.168.178.215 for 93827
INFO user 192.168.219.168 logged in
ERROR file not found: /tmp/192.168.36.209.log
INFO connection established
ERROR file not found: /tmp/192.168.57.185.log
INFO user 192.168.36.209 logged in
DEBUG cache hit for key=192.168.193.243
FATAL kernel panic
INFO user 192.168.36.209 logged in
FATAL segfault at address 0x192.168.215.207
ERROR null pointer in module 192.168.229.48
ERROR auth failure for user 192.168.219.168
DEBUG variable x=192.168.142.104
WARN memory threshold reached: 192.168.57.185MB
WARN disk usage 192.168.141.220%
ERROR null pointer in module 192.168.178.6
DEBUG entering function foo
DEBUG heap size: 192.168.121.141
FATAL out of memory
FATAL out of memory
FATAL unrecoverable disk error
INFO connection established
ERROR auth failure for user 192.168.60.30
WARN retry attempt 192.168.189.144 for 97401
INFO request from 192.168.36.209
WARN disk usage 192.168.141.220%
INFO processed 192.168.39.155 items
FATAL out of memory
DEBUG entering function foo
ERROR connection timeout 503
DEBUG entering function foo
WARN disk usage 192.168.178.6%
DEBUG heap size: 192.168.141.220
FATAL kernel panic
ERROR file not found: /tmp/192.168.219.168.log
INFO user 192.168.215.207 logged in
FATAL segfault at address 0x192.168.178.215
FATAL unrecoverable disk error
FATAL segfault at address 0x192.168.39.155
INFO processed 192.168.107.168 items
FATAL kernel panic
INFO request from 192.168.9.50
WARN disk usage 192.168.39.155%
FATAL unrecoverable disk error
INFO connection established
WARN retry attempt 192.168.215.207 for 61850
DEBUG cache hit for key=192.168.82.31
FATAL unrecoverable disk error
INFO processed 192.168.229.48 items
FATAL unrecoverable disk error
ERROR null pointer in module 192.168.197.186
WARN slow query: 192.168.178.215ms
INFO user 192.168.142.104 logged in
WARN retry attempt 192.168.39.155 for 40373
ERROR null pointer in module 192.168.9.50
ERROR connection timeout 503
INFO processed 192.168.197.186 items
INFO connection established
WARN disk usage 192.168.142.104%
ERROR file not found: /tmp/192.168.92.139.log
INFO connection established
ERROR file not found: /tmp/192.168.121.141.log
INFO connection established
ERROR null pointer in module 192.168.60.30
ERROR null pointer in module 192.168.57.185
FATAL kernel panic
DEBUG cache hit for key=192.168.197.186
WARN slow query: 192.168.178.215ms
ERROR auth failure for user 192.168.189.144
ERROR auth failure for user 192.168.36.209
WARN memory threshold reached: 192.168.92.139MB
ERROR auth failure for user 192.168.142.104
FATAL segfault at address 0x192.168.92.139
WARN disk usage 192.168.36.209%
WARN retry attempt 192.168.39.155 for 97947
INFO connection established
INFO processed 192.168.193.243 items
INFO user 192.168.197.186 logged in
DEBUG entering function foo
ERROR null pointer in module 192.168.211.158
DEBUG variable x=192.168.215.207
DEBUG heap size: 192.168.60.30
WARN slow query: 192.168.178.215ms
WARN disk usage 192.168.189.144%
DEBUG variable x=192.168.92.139
FATAL out of memory
FATAL unrecoverable disk error
ERROR file not found: /tmp/192.168.39.155.log
INFO user 192.168.189.144 logged in
FATAL segfault at address 0x192.168.39.155
ERROR connection timeout 503
WARN disk usage 192.168.82.31%
DEBUG variable x=192.168.57.185
ERROR auth failure for user 192.168.197.186
FATAL segfault at address 0x192.168.92.139
INFO user 192.168.178.6 logged in
INFO connection established
INFO request from 192.168.107.168
FATAL out of memory
WARN disk usage 192.168.142.104%
INFO connection established
INFO processed 192.168.197.186 items
INFO user 192.168.107.168 logged in
ERROR connection timeout 503
ERROR auth failure for user 192.168.211.158
ERROR null pointer in module 192.168.211.158
INFO processed 192.168.178.6 items
DEBUG entering function foo
FATAL out of memory
INFO request from 192.168.219.168
FATAL segfault at address 0x192.168.142.104
INFO connection established
WARN slow query: 192.168.197.186ms
DEBUG heap size: 192.168.107.168
ERROR null pointer in module 192.168.211.158
WARN retry attempt 192.168.178.215 for 8560
ERROR file not found: /tmp/192.168.57.185.log
DEBUG heap size: 192.168.219.168
WARN retry attempt 192.168.60.30 for 18447
INFO connection established
INFO connection established
ERROR connection timeout 503
INFO user 192.168.193.243 logged in
ERROR auth failure for user 192.168.9.50
INFO connection established
DEBUG entering function foo
INFO user 192.168.211.158 logged in
WARN retry attempt 192.168.82.31 for 42084
DEBUG variable x=192.168.142.104
ERROR connection timeout 503
DEBUG heap size: 192.168.82.31
FATAL unrecoverable disk error
DEBUG cache hit for key=192.168.57.185
ERROR connection timeout 503
ERROR null pointer in module 192.168.92.139
INFO request from 192.168.178.215
ERROR file not found: /tmp/192.168.36.209.log
FATAL segfault at address 0x192.168.82.31
DEBUG heap size: 192.168.219.168
FATAL unrecoverable disk error
FATAL unrecoverable disk error
DEBUG variable x=192.168.211.158
FATAL out of memory
WARN memory threshold reached: 192.168.178.215MB
ERROR file not found: /tmp/192.168.36.209.log
ERROR file not found: /tmp/192.168.36.209.log
DEBUG heap size: 192.168.60.30
INFO request from 192.168.36.209
DEBUG entering function foo
WARN disk usage 192.168.178.6%
ERROR file not found: /tmp/192.168.141.220.log
FATAL kernel panic
ERROR file not found: /tmp/192.168.92.139.log
DEBUG cache hit for key=192.168.215.207
WARN memory threshold reached: 192.168.197.186MB
ERROR null pointer in module 192.168.121.141
WARN retry attempt 192.168.189.144 for 47897
ERROR connection timeout 503
DEBUG entering function foo
DEBUG cache hit for key=192.168.36.209
WARN slow query: 192.168.9.50ms
DEBUG entering function foo
INFO connection established
INFO user 192.168.215.207 logged in
INFO request from 192.168.92.139
FATAL unrecoverable disk error
WARN memory threshold reached: 192.168.121.141MB
INFO connection established
FATAL kernel panic
DEBUG heap size: 192.168.178.215
FATAL kernel panic
WARN memory threshold reached: 192.168.178.215MB
DEBUG cache hit for key=192.168.92.139
WARN memory threshold reached: 192.168.82.31MB
DEBUG variable x=192.168.9.50
INFO processed 192.168.229.48 items
ERROR auth failure for user 192.168.9.50
FATAL unrecoverable disk error
DEBUG entering function foo
ERROR connection timeout 503
INFO connection established
WARN retry attempt 192.168.107.168 for 83461
DEBUG cache hit for key=192.168.215.207
FATAL kernel panic
ERROR file not found: /tmp/192.168.121.141.log
FATAL kernel panic
WARN retry attempt 192.168.60.30 for 50005
WARN disk usage 192.168.39.155%
FATAL unrecoverable disk error
WARN memory threshold reached: 192.168.215.207MB
DEBUG cache hit for key=192.168.57.185
ERROR null pointer in module 192.168.9.50
DEBUG cache hit for key=192.168.197.186
FATAL segfault at address 0x192.168.9.50
WARN retry attempt 192.168.189.144 for 1695
DEBUG heap size: 192.168.57.185
ERROR auth failure for user 192.168.178.6
WARN disk usage 192.168.219.168%
FATAL kernel panic
ERROR connection timeout 503
FATAL out of memory
DEBUG entering function foo
FATAL kernel panic
DEBUG cache hit for key=192.168.39.155
FATAL out of memory
ERROR connection timeout 503
INFO request from 192.168.142.104
WARN slow query: 192.168.107.168ms
ERROR file not found: /tmp/192.168.193.243.log
WARN retry attempt 192.168.57.185 for 36259
ERROR connection timeout 503
WARN memory threshold reached: 192.168.141.220MB
FATAL segfault at address 0x192.168.211.158
WARN memory threshold reached: 192.168.219.168MB
WARN retry attempt 192.168.82.31 for 70548
INFO user 192.168.178.215 logged in
DEBUG heap size: 192.168.142.104
ERROR auth failure for user 192.168.211.158
WARN slow query: 192.168.193.243ms
ERROR file not found: /tmp/192.168.229.48.log
WARN disk usage 192.168.121.141%
FATAL segfault at address 0x192.168.215.207
FATAL segfault at address 0x192.168.92.139
INFO processed 192.168.82.31 items
DEBUG entering function foo
FATAL kernel panic
WARN retry attempt 192.168.211.158 for 17437
ERROR connection timeout 503
FATAL out of memory
ERROR connection timeout 503
INFO user 192.168.107.168 logged in
INFO connection established
ERROR auth failure for user 192.168.36.209
WARN memory threshold reached: 192.168.107.168MB
ERROR null pointer in module 192.168.9.50
FATAL unrecoverable disk error
FATAL kernel panic
WARN retry attempt 192.168.197.186 for 56534
WARN retry attempt 192.168.57.185 for 41964
FATAL segfault at address 0x192.168.189.144
INFO user 192.168.57.185 logged in
FATAL unrecoverable disk error
ERROR file not found: /tmp/192.168.121.141.log
INFO user 192.168.92.139 logged in
ERROR file not found: /tmp/192.168.178.6.log
ERROR null pointer in module 192.168.219.168
ERROR connection timeout 503
FATAL kernel panic
DEBUG cache hit for key=192.168.219.168
INFO request from 192.168.193.243
WARN retry attempt 192.168.107.168 for 93535
FATAL kernel panic
INFO processed 192.168.141.220 items
ERROR file not found: /tmp/192.168.92.139.log
WARN retry attempt 192.168.57.185 for 74693
FATAL kernel panic
FATAL segfault at address 0x192.168.107.168
DEBUG cache hit for key=192.168.178.6
DEBUG variable x=192.168.215.207
INFO connection established
INFO connection established
ERROR connection timeout 503
DEBUG heap size: 192.168.178.6
ERROR null pointer in module 192.168.211.158
ERROR auth failure for user 192.168.142.104
DEBUG cache hit for key=192.168.193.243
ERROR file not found: /tmp/192.168.219.168.log
INFO user 192.168.211.158 logged in
INFO user 192.168.189.144 logged in
ERROR connection timeout 503
DEBUG variable x=192.168.92.139
WARN disk usage 192.168.229.48%
FATAL out of memory
ERROR file not found: /tmp/192.168.107.168.log
FATAL segfault at address 0x192.168.189.144
INFO processed 192.168.229.48 items
INFO user 192.168.121.141 logged in
INFO user 192.168.178.6 logged in
ERROR auth failure for user 192.168.215.207
ERROR connection timeout 503
FATAL out of memory
DEBUG cache hit for key=192.168.229.48
FATAL unrecoverable disk error
INFO connection established
ERROR null pointer in module 192.168.39.155
FATAL out of memory
WARN memory threshold reached: 192.168.57.185MB
INFO processed 192.168.60.30 items
DEBUG heap size: 192.168.178.6
FATAL out of memory
FATAL kernel panic
INFO user 192.168.142.104 logged in
ERROR auth failure for user 192.168.178.215
ERROR null pointer in module 192.168.9.50
DEBUG heap size: 192.168.107.168
DEBUG cache hit for key=192.168.92.139
FATAL kernel panic
WARN disk usage 192.168.215.207%
INFO request from 192.168.178.215
FATAL unrecoverable disk error
DEBUG variable x=192.168.60.30
ERROR auth failure for user 192.168.193.243
DEBUG heap size: 192.168.215.207
INFO user 192.168.60.30 logged in
DEBUG heap size: 192.168.229.48
WARN disk usage 192.168.141.220%
INFO request from 192.168.60.30
INFO request from 192.168.178.215
INFO user 192.168.229.48 logged in
INFO user 192.168.211.158 logged in
INFO connection established
FATAL segfault at address 0x192.168.9.50
FATAL segfault at address 0x192.168.141.220
WARN slow query: 192.168.107.168ms
ERROR null pointer in module 192.168.197.186
ERROR file not found: /tmp/192.168.82.31.log
ERROR connection timeout 503
INFO request from 192.168.121.141
INFO processed 192.168.189.144 items
FATAL segfault at address 0x192.168.229.48
WARN slow query: 192.168.178.215ms
WARN retry attempt 192.168.178.6 for 34276
DEBUG variable x=192.168.211.158
DEBUG heap size: 192.168.141.220
FATAL out of memory
DEBUG variable x=192.168.57.185
ERROR auth failure for user 192.168.189.144
DEBUG entering function foo
WARN slow query: 192.168.36.209ms
FATAL out of memory
INFO user 192.168.60.30 logged in
DEBUG entering function foo
INFO user 192.168.39.155 logged in
DEBUG heap size: 192.168.211.158
WARN disk usage 192.168.57.185%
INFO user 192.168.39.155 logged in
ERROR connection timeout 503
FATAL segfault at address 0x192.168.92.139
INFO user 192.168.60.30 logged in
DEBUG heap size: 192.168.215.207
DEBUG entering function foo
DEBUG entering function foo
INFO request from 192.168.211.158
FATAL out of memory
DEBUG entering function foo
FATAL out of memory
ERROR null pointer in module 192.168.178.215
FATAL kernel panic
INFO processed 192.168.82.31 items
WARN slow query: 192.168.219.168ms
ERROR file not found: /tmp/192.168.57.185.log
WARN memory threshold reached: 192.168.211.158MB
INFO user 192.168.107.168 logged in
WARN memory threshold reached: 192.168.60.30MB
ERROR auth failure for user 192.168.211.158
WARN memory threshold reached: 192.168.211.158MB
ERROR null pointer in module 192.168.39.155
ERROR null pointer in module 192.168.193.243
WARN slow query: 192.168.36.209ms
FATAL unrecoverable disk error
INFO connection established
ERROR null pointer in module 192.168.193.243
WARN memory threshold reached: 192.168.211.158MB
ERROR connection timeout 503
ERROR file not found: /tmp/192.168.82.31.log
DEBUG entering function foo
FATAL unrecoverable disk error
ERROR auth failure for user 192.168.39.155
INFO processed 192.168.178.6 items
INFO user 192.168.178.6 logged in
ERROR auth failure for user 192.168.36.209
WARN slow query: 192.168.57.185ms
INFO processed 192.168.142.104 items
FATAL out of memory
DEBUG variable x=192.168.107.168
WARN disk usage 192.168.142.104%
INFO connection established
DEBUG cache hit for key=192.168.82.31
FATAL kernel panic
INFO user 192.168.178.215 logged in
FATAL unrecoverable disk error
ERROR connection timeout 503
ERROR auth failure for user 192.168.92.139
ERROR file not found: /tmp/192.168.57.185.log
INFO processed 192.168.121.141 items
DEBUG entering function foo
ERROR null pointer in module 192.168.229.48
FATAL segfault at address 0x192.168.39.155
FATAL unrecoverable disk error
ERROR file not found: /tmp/192.168.142.104.log
WARN disk usage 192.168.229.48%
FATAL segfault at address 0x192.168.211.158
DEBUG entering function foo
DEBUG cache hit for key=192.168.82.31
DEBUG heap size: 192.168.229.48
WARN memory threshold reached: 192.168.215.207MB
FATAL out of memory
INFO request from 192.168.57.185
WARN retry attempt 192.168.39.155 for 56748
WARN disk usage 192.168.197.186%
ERROR connection timeout 503
DEBUG entering function foo
FATAL out of memory
INFO processed 192.168.211.158 items
DEBUG cache hit for key=192.168.211.158
WARN slow query: 192.168.9.50ms
WARN memory threshold reached: 192.168.193.243MB
WARN memory threshold reached: 192.168.219.168MB
WARN disk usage 192.168.39.155%
DEBUG cache hit for key=192.168.215.207
DEBUG entering function foo
DEBUG entering function foo
INFO connection established
DEBUG variable x=192.168.142.104
DEBUG entering function foo
ERROR file not found: /tmp/192.168.121.141.log
DEBUG variable x=192.168.36.209
DEBUG entering function foo
DEBUG variable x=192.168.9.50
INFO connection established
DEBUG heap size: 192.168.142.104
FATAL unrecoverable disk error
ERROR auth failure for user 192.168.219.168
FATAL out of memory
FATAL out of memory
INFO user 192.168.36.209 logged in
FATAL unrecoverable disk error
DEBUG entering function foo
INFO connection established
FATAL segfault at address 0x192.168.82.31
FATAL segfault at address 0x192.168.141.220
WARN retry attempt 192.168.57.185 for 69541
DEBUG cache hit for key=192.168.178.215
INFO request from 192.168.60.30
ERROR file not found: /tmp/192.168.60.30.log
ERROR connection timeout 503
DEBUG cache hit for key=192.168.178.6
FATAL out of memory
WARN slow query: 192.168.193.243ms
ERROR file not found: /tmp/192.168.219.168.log
ERROR file not found: /tmp/192.168.92.139.log
INFO connection established
DEBUG cache hit for key=192.168.9.50
ERROR file not found: /tmp/192.168.211.158.log
ERROR null pointer in module 192.168.36.209
ERROR null pointer in module 192.168.107.168
WARN slow query: 192.168.36.209ms
WARN disk usage 192.168.9.50%
INFO connection established
INFO request from 192.168.107.168
ERROR auth failure for user 192.168.197.186
INFO request from 192.168.219.168
INFO user 192.168.92.139 logged in
INFO connection established
ERROR null pointer in module 192.168.9.50
ERROR connection timeout 503
DEBUG cache hit for key=192.168.219.168
WARN memory threshold reached: 192.168.57.185MB
ERROR auth failure for user 192.168.9.50
DEBUG cache hit for key=192.168.229.48
WARN slow query: 192.168.82.31ms
FATAL unrecoverable disk error
WARN retry attempt 192.168.36.209 for 48440
FATAL kernel panic
ERROR file not found: /tmp/192.168.9.50.log
INFO user 192.168.57.185 logged in
ERROR file not found: /tmp/192.168.92.139.log
FATAL segfault at address 0x192.168.141.220
WARN memory threshold reached: 192.168.178.6MB
INFO connection established
ERROR connection timeout 503
DEBUG heap size: 192.168.36.209
WARN disk usage 192.168.215.207%
ERROR file not found: /tmp/192.168.189.144.log
ERROR auth failure for user 192.168.197.186
INFO user 192.168.60.30 logged in
INFO connection established
WARN slow query: 192.168.92.139ms
WARN retry attempt 192.168.219.168 for 41179
FATAL unrecoverable disk error
FATAL out of memory
DEBUG entering function foo
WARN memory threshold reached: 192.168.211.158MB
DEBUG cache hit for key=192.168.197.186
INFO user 192.168.107.168 logged in
ERROR connection timeout 503
INFO processed 192.168.211.158 items
INFO processed 192.168.142.104 items
WARN slow query: 192.168.197.186ms
FATAL kernel panic
FATAL unrecoverable disk error
DEBUG variable x=192.168.142.104
ERROR file not found: /tmp/192.168.36.209.log
ERROR connection timeout 503
WARN slow query: 192.168.229.48ms
FATAL out of memory
FATAL out of memory
INFO processed 192.168.189.144 items
INFO connection established
INFO connection established
WARN retry attempt 192.168.142.104 for 10638
ERROR file not found: /tmp/192.168.189.144.log
ERROR connection timeout 503
ERROR auth failure for user 192.168.92.139
INFO processed 192.168.229.48 items
WARN memory threshold reached: 192.168.57.185MB
FATAL out of memory
INFO processed 192.168.60.30 items
INFO connection established
FATAL segfault at address 0x192.168.142.104
ERROR connection timeout 503
ERROR connection timeout 503
DEBUG variable x=192.168.141.220
DEBUG entering function foo
ERROR connection timeout 503
DEBUG cache hit for key=192.168.215.207
ERROR auth failure for user 192.168.36.209
DEBUG cache hit for key=192.168.197.186
WARN slow query: 192.168.229.48ms
FATAL segfault at address 0x192.168.142.104
WARN retry attempt 192.168.211.158 for 15620
WARN slow query: 192.168.107.168ms
FATAL kernel panic
DEBUG variable x=192.168.211.158
INFO connection established
WARN memory threshold reached: 192.168.178.6MB
WARN slow query: 192.168.60.30ms
INFO user 192.168.141.220 logged in
DEBUG cache hit for key=192.168.107.168
INFO user 192.168.141.220 logged in
ERROR file not found: /tmp/192.168.39.155.log
FATAL unrecoverable disk error
FATAL segfault at address 0x192.168.57.185
FATAL out of memory
FATAL out of memory
DEBUG cache hit for key=192.168.39.155
FATAL unrecoverable disk error
WARN memory threshold reached: 192.168.141.220MB
WARN disk usage 192.168.197.186%
DEBUG cache hit for key=192.168.60.30
WARN memory threshold reached: 192.168.197.186MB
INFO request from 192.168.107.168
INFO request from 192.168.121.141
INFO processed 192.168.178.6 items
FATAL segfault at address 0x192.168.197.186
FATAL kernel panic
INFO connection established
ERROR connection timeout 503
ERROR null pointer in module 192.168.9.50
DEBUG variable x=192.168.189.144
WARN slow query: 192.168.141.220ms
DEBUG cache hit for key=192.168.141.220
ERROR connection timeout 503
ERROR null pointer in module 192.168.57.185
DEBUG cache hit for key=192.168.193.243
FATAL segfault at address 0x192.168.39.155
FATAL unrecoverable disk error
WARN memory threshold reached: 192.168.142.104MB
WARN slow query: 192.168.229.48ms
ERROR file not found: /tmp/192.168.39.155.log
WARN memory threshold reached: 192.168.219.168MB
FATAL kernel panic
DEBUG cache hit for key=192.168.36.209
WARN slow query: 192.168.39.155ms
FATAL unrecoverable disk error
FATAL unrecoverable disk error
FATAL unrecoverable disk error
INFO processed 192.168.189.144 items
DEBUG variable x=192.168.215.207
FATAL out of memory
INFO connection established
DEBUG cache hit for key=192.168.193.243
ERROR null pointer in module 192.168.57.185
WARN slow query: 192.168.121.141ms
ERROR auth failure for user 192.168.141.220
DEBUG variable x=192.168.219.168
DEBUG cache hit for key=192.168.57.185
ERROR file not found: /tmp/192.168.141.220.log
DEBUG entering function foo
DEBUG cache hit for key=192.168.121.141
INFO request from 192.168.189.144
ERROR connection timeout 503
ERROR connection timeout 503
WARN slow query: 192.168.193.243ms
WARN slow query: 192.168.82.31ms
ERROR connection timeout 503
ERROR file not found: /tmp/192.168.193.243.log
WARN slow query: 192.168.211.158ms
FATAL out of memory
FATAL segfault at address 0x192.168.219.168
ERROR connection timeout 503
DEBUG heap size: 192.168.197.186
DEBUG variable x=192.168.57.185
DEBUG heap size: 192.168.211.158
WARN memory threshold reached: 192.168.82.31MB
DEBUG cache hit for key=192.168.178.215
ERROR auth failure for user 192.168.82.31
DEBUG variable x=192.168.36.209
DEBUG heap size: 192.168.189.144
INFO processed 192.168.197.186 items
FATAL kernel panic
DEBUG cache hit for key=192.168.178.6
FATAL kernel panic
WARN memory threshold reached: 192.168.60.30MB
FATAL segfault at address 0x192.168.9.50
INFO request from 192.168.141.220
ERROR auth failure for user 192.168.107.168
INFO processed 192.168.60.30 items
INFO connection established
FATAL kernel panic
ERROR connection timeout 503
INFO connection established
DEBUG heap size: 192.168.219.168
ERROR connection timeout 503
WARN disk usage 192.168.9.50%
DEBUG cache hit for key=192.168.9.50
ERROR connection timeout 503
WARN retry attempt 192.168.219.168 for 52603
FATAL unrecoverable disk error
DEBUG entering function foo
INFO connection established
FATAL segfault at address 0x192.168.92.139
ERROR connection timeout 503
ERROR connection timeout 503
INFO connection established
INFO processed 192.168.107.168 items
DEBUG variable x=192.168.121.141
WARN disk usage 192.168.178.215%
WARN memory threshold reached: 192.168.219.168MB
INFO processed 192.168.219.168 items
INFO request from 192.168.229.48
FATAL out of memory
INFO connection established
FATAL out of memory
INFO processed 192.168.193.243 items
WARN slow query: 192.168.60.30ms
ERROR connection timeout 503
DEBUG entering function foo
ERROR auth failure for user 192.168.36.209
FATAL kernel panic
FATAL segfault at address 0x192.168.219.168
ERROR connection timeout 503
FATAL out of memory
DEBUG cache hit for key=192.168.197.186
WARN slow query: 192.168.142.104ms
FATAL segfault at address 0x192.168.178.215
FATAL kernel panic
FATAL unrecoverable disk error
DEBUG heap size: 192.168.142.104
FATAL out of memory
WARN retry attempt 192.168.178.215 for 77914
FATAL unrecoverable disk error
INFO connection established
INFO user 192.168.215.207 logged in
ERROR file not found: /tmp/192.168.197.186.log
ERROR auth failure for user 192.168.82.31
WARN memory threshold reached: 192.168.193.243MB
FATAL segfault at address 0x192.168.141.220
FATAL unrecoverable disk error
WARN memory threshold reached: 192.168.141.220MB
WARN memory threshold reached: 192.168.219.168MB
INFO processed 192.168.219.168 items
WARN slow query: 192.168.92.139ms
INFO user 192.168.82.31 logged in
WARN disk usage 192.168.211.158%
ERROR connection timeout 503
WARN slow query: 192.168.39.155ms
FATAL segfault at address 0x192.168.215.207
ERROR auth failure for user 192.168.197.186
ERROR null pointer in module 192.168.82.31
ERROR null pointer in module 192.168.211.158
DEBUG entering function foo
WARN disk usage 192.168.60.30%
WARN disk usage 192.168.92.139%
WARN memory threshold reached: 192.168.121.141MB
ERROR auth failure for user 192.168.60.30
FATAL out of memory
WARN retry attempt 192.168.178.215 for 56336
INFO connection established
FATAL segfault at address 0x192.168.92.139
INFO connection established
FATAL segfault at address 0x192.168.57.185
ERROR auth failure for user 192.168.92.139
DEBUG entering function foo
FATAL segfault at address 0x192.168.219.168
DEBUG entering function foo
INFO processed 192.168.82.31 items
INFO connection established
DEBUG entering function foo
FATAL kernel panic
INFO request from 192.168.189.144
ERROR null pointer in module 192.168.36.209
ERROR null pointer in module 192.168.107.168
WARN memory threshold reached: 192.168.219.168MB
FATAL segfault at address 0x192.168.142.104
ERROR null pointer in module 192.168.39.155
INFO user 192.168.36.209 logged in
DEBUG heap size: 192.168.229.48
INFO connection established
ERROR file not found: /tmp/192.168.57.185.log
WARN memory threshold reached: 192.168.211.158MB
ERROR connection timeout 503
DEBUG heap size: 192.168.107.168
FATAL segfault at address 0x192.168.193.243
DEBUG heap size: 192.168.9.50
ERROR null pointer in module 192.168.189.144
WARN retry attempt 192.168.57.185 for 35275
WARN retry attempt 192.168.219.168 for 20723
INFO connection established
FATAL unrecoverable disk error
WARN disk usage 192.168.57.185%
INFO request from 192.168.82.31
FATAL out of memory
FATAL segfault at address 0x192.168.39.155
WARN memory threshold reached: 192.168.9.50MB
INFO connection established
INFO request from 192.168.57.185
FATAL out of memory
INFO user 192.168.92.139 logged in
ERROR auth failure for user 192.168.57.185
INFO request from 192.168.189.144
WARN memory threshold reached: 192.168.92.139MB
ERROR file not found: /tmp/192.168.229.48.log
FATAL unrecoverable disk error
WARN memory threshold reached: 192.168.197.186MB
DEBUG variable x=192.168.211.158
INFO request from 192.168.219.168
INFO connection established
FATAL segfault at address 0x192.168.39.155
ERROR auth failure for user 192.168.121.141
INFO connection established
DEBUG variable x=192.168.211.158
DEBUG cache hit for key=192.168.39.155
ERROR null pointer in module 192.168.92.139
ERROR null pointer in module 192.168.215.207
FATAL kernel panic
ERROR auth failure for user 192.168.215.207
INFO request from 192.168.141.220
FATAL segfault at address 0x192.168.178.215
FATAL kernel panic
WARN retry attempt 192.168.107.168 for 41229
ERROR auth failure for user 192.168.107.168
ERROR auth failure for user 192.168.39.155
INFO user 192.168.211.158 logged in
INFO request from 192.168.57.185
WARN slow query: 192.168.211.158ms
ERROR file not found: /tmp/192.168.141.220.log
INFO processed 192.168.60.30 items
INFO request from 192.168.178.215
DEBUG cache hit for key=192.168.39.155
ERROR connection timeout 503
WARN slow query: 192.168.60.30ms
DEBUG cache hit for key=192.168.142.104
WARN memory threshold reached: 192.168.107.168MB
INFO user 192.168.60.30 logged in
FATAL unrecoverable disk error
DEBUG heap size: 192.168.211.158
FATAL kernel panic
WARN retry attempt 192.168.193.243 for 6674
FATAL out of memory
ERROR null pointer in module 192.168.215.207
FATAL out of memory
WARN slow query: 192.168.197.186ms
INFO connection established
ERROR file not found: /tmp/192.168.211.158.log
DEBUG variable x=192.168.178.215
INFO connection established
INFO processed 192.168.36.209 items
FATAL segfault at address 0x192.168.141.220
DEBUG entering function foo
ERROR connection timeout 503
INFO processed 192.168.121.141 items
ERROR file not found: /tmp/192.168.82.31.log
WARN slow query: 192.168.197.186ms
FATAL segfault at address 0x192.168.142.104
INFO user 192.168.82.31 logged in
INFO request from 192.168.9.50
WARN retry attempt 192.168.215.207 for 39397
ERROR null pointer in module 192.168.60.30
WARN retry attempt 192.168.121.141 for 19395
FATAL unrecoverable disk error
ERROR auth failure for user 192.168.121.141
FATAL segfault at address 0x192.168.9.50
ERROR null pointer in module 192.168.178.6
WARN disk usage 192.168.57.185%
FATAL kernel panic
DEBUG heap size: 192.168.211.158
INFO processed 192.168.219.168 items
WARN retry attempt 192.168.121.141 for 40372
INFO processed 192.168.219.168 items
FATAL unrecoverable disk error
INFO user 192.168.57.185 logged in
INFO user 192.168.229.48 logged in
WARN slow query: 192.168.189.144ms
DEBUG variable x=192.168.107.168
FATAL kernel panic
INFO request from 192.168.107.168
INFO request from 192.168.36.209
WARN retry attempt 192.168.178.6 for 11472
DEBUG entering function foo
DEBUG variable x=192.168.178.6
DEBUG variable x=192.168.141.220
ERROR null pointer in module 192.168.121.141
FATAL segfault at address 0x192.168.82.31
DEBUG cache hit for key=192.168.36.209
ERROR file not found: /tmp/192.168.229.48.log
FATAL out of memory
INFO user 192.168.60.30 logged in
WARN memory threshold reached: 192.168.219.168MB
WARN retry attempt 192.168.178.215 for 85655
ERROR null pointer in module 192.168.57.185
WARN memory threshold reached: 192.168.57.185MB
INFO connection established
DEBUG variable x=192.168.36.209
ERROR auth failure for user 192.168.36.209
DEBUG cache hit for key=192.168.142.104
WARN memory threshold reached: 192.168.219.168MB
ERROR connection timeout 503
FATAL segfault at address 0x192.168.141.220
DEBUG cache hit for key=192.168.229.48
INFO user 192.168.189.144 logged in
DEBUG cache hit for key=192.168.211.158
ERROR null pointer in module 192.168.211.158
WARN slow query: 192.168.36.209ms
ERROR file not found: /tmp/192.168.178.6.log
INFO request from 192.168.229.48
ERROR connection timeout 503
INFO request from 192.168.36.209
FATAL kernel panic
INFO processed 192.168.60.30 items
WARN retry attempt 192.168.82.31 for 48893
WARN disk usage 192.168.121.141%
FATAL unrecoverable disk error
WARN retry attempt 192.168.215.207 for 51209
FATAL unrecoverable disk error
DEBUG heap size: 192.168.178.6
WARN slow query: 192.168.60.30ms
WARN disk usage 192.168.9.50%
DEBUG heap size: 192.168.9.50
FATAL unrecoverable disk error
INFO processed 192.168.197.186 items
DEBUG entering function foo
ERROR file not found: /tmp/192.168.107.168.log
INFO request from 192.168.57.185
INFO processed 192.168.107.168 items
DEBUG variable x=192.168.197.186
FATAL kernel panic
WARN disk usage 192.168.219.168%
INFO user 192.168.121.141 logged in
ERROR file not found: /tmp/192.168.229.48.log
INFO request from 192.168.9.50
WARN memory threshold reached: 192.168.219.168MB
DEBUG entering function foo
WARN retry attempt 192.168.9.50 for 21216
ERROR auth failure for user 192.168.229.48
DEBUG cache hit for key=192.168.178.215
FATAL out of memory
DEBUG variable x=192.168.57.185
WARN memory threshold reached: 192.168.121.141MB
WARN disk usage 192.168.215.207%
ERROR connection timeout 503
FATAL segfault at address 0x192.168.189.144
DEBUG cache hit for key=192.168.229.48
INFO user 192.168.107.168 logged in
DEBUG variable x=192.168.229.48
WARN memory threshold reached: 192.168.215.207MB
FATAL unrecoverable disk error
WARN disk usage 192.168.142.104%
ERROR connection timeout 503
INFO connection established
ERROR connection timeout 503
ERROR null pointer in module 192.168.211.158
WARN memory threshold reached: 192.168.60.30MB
ERROR auth failure for user 192.168.107.168
WARN disk usage 192.168.193.243%
WARN slow query: 192.168.107.168ms
ERROR connection timeout 503
FATAL out of memory
ERROR null pointer in module 192.168.92.139
WARN disk usage 192.168.82.31%
WARN memory threshold reached: 192.168.178.215MB
ERROR file not found: /tmp/192.168.60.30.log
DEBUG cache hit for key=192.168.36.209
WARN slow query: 192.168.36.209ms
WARN slow query: 192.168.189.144ms
WARN disk usage 192.168.219.168%
WARN slow query: 192.168.107.168ms
WARN retry attempt 192.168.229.48 for 93298
DEBUG entering function foo
FATAL out of memory
DEBUG cache hit for key=192.168.142.104
DEBUG entering function foo
FATAL out of memory
WARN retry attempt 192.168.92.139 for 98939
FATAL out of memory
FATAL segfault at address 0x192.168.92.139
WARN disk usage 192.168.211.158%
DEBUG cache hit for key=192.168.9.50
WARN retry attempt 192.168.60.30 for 17943
DEBUG variable x=192.168.178.6
DEBUG heap size: 192.168.60.30
WARN slow query: 192.168.92.139ms
WARN memory threshold reached: 192.168.178.6MB
INFO request from 192.168.142.104
INFO request from 192.168.107.168
INFO connection established
FATAL unrecoverable disk error
FATAL segfault at address 0x192.168.178.6
INFO processed 192.168.92.139 items
DEBUG heap size: 192.168.141.220
ERROR auth failure for user 192.168.215.207
WARN memory threshold reached: 192.168.211.158MB
ERROR file not found: /tmp/192.168.197.186.log
FATAL out of memory
FATAL kernel panic
ERROR auth failure for user 192.168.197.186
INFO connection established
INFO connection established
INFO request from 192.168.189.144
ERROR auth failure for user 192.168.141.220
DEBUG variable x=192.168.141.220
DEBUG variable x=192.168.9.50
WARN memory threshold reached: 192.168.39.155MB
INFO request from 192.168.193.243
ERROR null pointer in module 192.168.215.207
WARN slow query: 192.168.141.220ms
INFO connection established
INFO connection established
WARN slow query: 192.168.60.30ms
DEBUG heap size: 192.168.39.155
DEBUG variable x=192.168.39.155
WARN memory threshold reached: 192.168.9.50MB
WARN memory threshold reached: 192.168.178.215MB
INFO processed 192.168.107.168 items
FATAL out of memory
WARN retry attempt 192.168.57.185 for 58897
INFO user 192.168.219.168 logged in
WARN memory threshold reached: 192.168.219.168MB
ERROR auth failure for user 192.168.107.168
ERROR null pointer in module 192.168.57.185
FATAL unrecoverable disk error
WARN retry attempt 192.168.121.141 for 35627
FATAL segfault at address 0x192.168.211.158
DEBUG variable x=192.168.57.185
WARN memory threshold reached: 192.168.92.139MB
FATAL unrecoverable disk error
DEBUG entering function foo
FATAL kernel panic
DEBUG heap size: 192.168.141.220
DEBUG cache hit for key=192.168.9.50
WARN memory threshold reached: 192.168.211.158MB
FATAL segfault at address 0x192.168.121.141
ERROR auth failure for user 192.168.57.185
DEBUG cache hit for key=192.168.193.243
INFO user 192.168.219.168 logged in
ERROR connection timeout 503
FATAL unrecoverable disk error
DEBUG entering function foo
FATAL out of memory
FATAL kernel panic
INFO connection established
DEBUG cache hit for key=192.168.107.168
ERROR connection timeout 503
FATAL kernel panic
WARN memory threshold reached: 192.168.82.31MB
DEBUG cache hit for key=192.168.82.31
INFO request from 192.168.219.168
WARN memory threshold reached: 192.168.107.168MB
INFO processed 192.168.142.104 items
DEBUG entering function foo
DEBUG heap size: 192.168.193.243
ERROR auth failure for user 192.168.107.168
DEBUG variable x=192.168.197.186
INFO connection established
DEBUG entering function foo
INFO connection established
DEBUG heap size: 192.168.57.185
INFO request from 192.168.121.141
INFO user 192.168.178.215 logged in
ERROR auth failure for user 192.168.189.144
ERROR null pointer in module 192.168.107.168
WARN disk usage 192.168.92.139%
ERROR connection timeout 503
INFO request from 192.168.36.209
DEBUG heap size: 192.168.57.185
INFO user 192.168.215.207 logged in
FATAL segfault at address 0x192.168.39.155
FATAL unrecoverable disk error
INFO processed 192.168.197.186 items
WARN memory threshold reached: 192.168.107.168MB
ERROR file not found: /tmp/192.168.211.158.log
ERROR connection timeout 503
INFO request from 192.168.57.185
FATAL out of memory
ERROR auth failure for user 192.168.60.30
INFO connection established
DEBUG variable x=192.168.57.185
FATAL out of memory
FATAL out of memory
WARN memory threshold reached: 192.168.229.48MB
ERROR null pointer in module 192.168.141.220
INFO request from 192.168.215.207
FATAL kernel panic
FATAL out of memory
INFO user 192.168.142.104 logged in
DEBUG variable x=192.168.107.168
DEBUG variable x=192.168.189.144
INFO request from 192.168.189.144
INFO processed 192.168.121.141 items
FATAL segfault at address 0x192.168.60.30
FATAL out of memory
WARN slow query: 192.168.121.141ms
WARN retry attempt 192.168.197.186 for 20877
DEBUG entering function foo
FATAL kernel panic
FATAL out of memory
WARN disk usage 192.168.142.104%
ERROR connection timeout 503
ERROR connection timeout 503
DEBUG variable x=192.168.197.186
ERROR file not found: /tmp/192.168.142.104.log
WARN retry attempt 192.168.215.207 for 19656
ERROR null pointer in module 192.168.178.6
INFO processed 192.168.36.209 items
FATAL unrecoverable disk error
DEBUG cache hit for key=192.168.178.215
FATAL kernel panic
DEBUG heap size: 192.168.60.30
INFO connection established
FATAL kernel panic
DEBUG entering function foo
DEBUG cache hit for key=192.168.60.30
ERROR file not found: /tmp/192.168.215.207.log
FATAL out of memory
WARN memory threshold reached: 192.168.92.139MB
ERROR auth failure for user 192.168.215.207
ERROR auth failure for user 192.168.215.207
DEBUG heap size: 192.168.197.186
INFO request from 192.168.36.209
ERROR file not found: /tmp/192.168.229.48.log
FATAL segfault at address 0x192.168.9.50
INFO request from 192.168.57.185
INFO user 192.168.215.207 logged in
INFO request from 192.168.178.215
DEBUG heap size: 192.168.60.30
WARN slow query: 192.168.229.48ms
WARN retry attempt 192.168.60.30 for 24457
ERROR auth failure for user 192.168.193.243
FATAL unrecoverable disk error
DEBUG variable x=192.168.219.168
WARN slow query: 192.168.197.186ms
FATAL out of memory
DEBUG cache hit for key=192.168.57.185
FATAL unrecoverable disk error
INFO processed 192.168.82.31 items
DEBUG cache hit for key=192.168.60.30
DEBUG cache hit for key=192.168.57.185
INFO connection established
FATAL segfault at address 0x192.168.178.6
DEBUG heap size: 192.168.57.185
DEBUG variable x=192.168.121.141
FATAL kernel panic
DEBUG variable x=192.168.82.31
INFO request from 192.168.141.220
INFO connection established
WARN memory threshold reached: 192.168.60.30MB
DEBUG variable x=192.168.189.144
FATAL kernel panic
DEBUG heap size: 192.168.215.207
FATAL out of memory
INFO request from 192.168.107.168
DEBUG cache hit for key=192.168.9.50
FATAL unrecoverable disk error
DEBUG entering function foo
ERROR null pointer in module 192.168.197.186
WARN disk usage 192.168.9.50%
FATAL unrecoverable disk error
FATAL segfault at address 0x192.168.36.209
DEBUG cache hit for key=192.168.82.31
DEBUG cache hit for key=192.168.121.141
WARN memory threshold reached: 192.168.57.185MB
FATAL kernel panic
FATAL unrecoverable disk error
INFO connection established
FATAL unrecoverable disk error
ERROR file not found: /tmp/192.168.142.104.log
ERROR connection timeout 503
DEBUG cache hit for key=192.168.36.209
FATAL kernel panic
DEBUG cache hit for key=192.168.57.185
ERROR null pointer in module 192.168.9.50
DEBUG variable x=192.168.121.141
INFO processed 192.168.107.168 items
INFO request from 192.168.215.207
WARN slow query: 192.168.211.158ms
DEBUG variable x=192.168.211.158
ERROR connection timeout 503
INFO request from 192.168.229.48
WARN retry attempt 192.168.193.243 for 6823
ERROR auth failure for user 192.168.9.50
DEBUG heap size: 192.168.219.168
FATAL unrecoverable disk error
FATAL segfault at address 0x192.168.178.215
DEBUG variable x=192.168.57.185
FATAL out of memory
INFO user 192.168.178.215 logged in
ERROR auth failure for user 192.168.9.50
INFO connection established
DEBUG variable x=192.168.121.141
WARN slow query: 192.168.107.168ms
DEBUG cache hit for key=192.168.178.6
DEBUG cache hit for key=192.168.178.215
INFO request from 192.168.39.155
FATAL unrecoverable disk error
FATAL kernel panic
ERROR file not found: /tmp/192.168.92.139.log
FATAL kernel panic
WARN memory threshold reached: 192.168.92.139MB
FATAL kernel panic
INFO user 192.168.178.6 logged in
WARN disk usage 192.168.215.207%
FATAL unrecoverable disk error
DEBUG entering function foo
INFO processed 192.168.211.158 items
FATAL out of memory
DEBUG heap size: 192.168.36.209
DEBUG heap size: 192.168.9.50
ERROR auth failure for user 192.168.141.220
FATAL unrecoverable disk error
INFO user 192.168.82.31 logged in
INFO connection established
DEBUG cache hit for key=192.168.107.168
ERROR connection timeout 503
FATAL kernel panic
FATAL unrecoverable disk error
WARN memory threshold reached: 192.168.9.50MB
WARN disk usage 192.168.92.139%
FATAL kernel panic
DEBUG entering function foo
ERROR null pointer in module 192.168.121.141
INFO connection established
FATAL segfault at address 0x192.168.121.141
INFO user 192.168.211.158 logged in
INFO connection established
FATAL segfault at address 0x192.168.60.30
INFO processed 192.168.57.185 items
DEBUG heap size: 192.168.82.31
ERROR connection timeout 503
ERROR auth failure for user 192.168.189.144
INFO user 192.168.107.168 logged in
DEBUG heap size: 192.168.215.207
FATAL segfault at address 0x192.168.189.144
FATAL out of memory
ERROR null pointer in module 192.168.229.48
FATAL unrecoverable disk error
ERROR auth failure for user 192.168.60.30
WARN memory threshold reached: 192.168.197.186MB
DEBUG heap size: 192.168.39.155
FATAL segfault at address 0x192.168.211.158
DEBUG heap size: 192.168.36.209
ERROR null pointer in module 192.168.36.209
INFO user 192.168.107.168 logged in
DEBUG heap size: 192.168.219.168
DEBUG entering function foo
FATAL out of memory
ERROR file not found: /tmp/192.168.189.144.log
INFO connection established
DEBUG entering function foo
INFO connection established
DEBUG heap size: 192.168.92.139
ERROR connection timeout 503
DEBUG variable x=192.168.82.31
DEBUG heap size: 192.168.121.141
ERROR auth failure for user 192.168.215.207
WARN memory threshold reached: 192.168.39.155MB
FATAL segfault at address 0x192.168.211.158
INFO connection established
FATAL segfault at address 0x192.168.178.215
FATAL out of memory
WARN disk usage 192.168.36.209%
WARN disk usage 192.168.121.141%
WARN retry attempt 192.168.60.30 for 31000
ERROR auth failure for user 192.168.197.186
ERROR null pointer in module 192.168.92.139
INFO processed 192.168.219.168 items
FATAL unrecoverable disk error
DEBUG entering function foo
FATAL unrecoverable disk error
INFO user 192.168.215.207 logged in
INFO user 192.168.219.168 logged in
FATAL kernel panic
ERROR auth failure for user 192.168.92.139
DEBUG entering function foo
WARN slow query: 192.168.107.168ms
INFO processed 192.168.107.168 items
FATAL kernel panic
DEBUG heap size: 192.168.219.168
DEBUG heap size: 192.168.219.168
ERROR auth failure for user 192.168.107.168
DEBUG heap size: 192.168.92.139
DEBUG entering function foo
WARN retry attempt 192.168.229.48 for 11297
ERROR file not found: /tmp/192.168.107.168.log
FATAL kernel panic
WARN slow query: 192.168.178.6ms
DEBUG entering function foo
INFO user 192.168.178.6 logged in
ERROR connection timeout 503
FATAL segfault at address 0x192.168.57.185
FATAL segfault at address 0x192.168.92.139
INFO connection established
DEBUG entering function foo
FATAL segfault at address 0x192.168.215.207
INFO user 192.168.82.31 logged in
FATAL out of memory
WARN slow query: 192.168.92.139ms
ERROR connection timeout 503
WARN memory threshold reached: 192.168.57.185MB
ERROR null pointer in module 192.168.211.158
INFO connection established
ERROR file not found: /tmp/192.168.211.158.log
FATAL out of memory
FATAL kernel panic
INFO processed 192.168.215.207 items
INFO connection established
FATAL unrecoverable disk error
DEBUG cache hit for key=192.168.215.207
ERROR auth failure for user 192.168.57.185
DEBUG cache hit for key=192.168.107.168
WARN slow query: 192.168.211.158ms
FATAL segfault at address 0x192.168.39.155
DEBUG variable x=192.168.121.141
WARN memory threshold reached: 192.168.142.104MB
WARN retry attempt 192.168.229.48 for 68628
ERROR null pointer in module 192.168.178.6
INFO connection established
WARN memory threshold reached: 192.168.57.185MB
INFO user 192.168.211.158 logged in
INFO request from 192.168.142.104
INFO user 192.168.189.144 logged in
WARN memory threshold reached: 192.168.92.139MB
WARN slow query: 192.168.229.48ms
ERROR auth failure for user 192.168.178.6
ERROR auth failure for user 192.168.57.185
FATAL segfault at address 0x192.168.121.141
FATAL out of memory
ERROR file not found: /tmp/192.168.193.243.log
ERROR file not found: /tmp/192.168.211.158.log
WARN disk usage 192.168.82.31%
ERROR file not found: /tmp/192.168.197.186.log
DEBUG entering function foo
FATAL out of memory
DEBUG variable x=192.168.219.168
ERROR auth failure for user 192.168.60.30
FATAL segfault at address 0x192.168.178.6
WARN disk usage 192.168.189.144%
INFO processed 192.168.178.215 items
WARN retry attempt 192.168.39.155 for 14094
WARN retry attempt 192.168.141.220 for 14054
INFO connection established
INFO processed 192.168.219.168 items
FATAL out of memory
ERROR file not found: /tmp/192.168.60.30.log
FATAL segfault at address 0x192.168.36.209
DEBUG cache hit for key=192.168.189.144
WARN memory threshold reached: 192.168.39.155MB
FATAL out of memory
ERROR connection timeout 503
INFO processed 192.168.107.168 items
WARN memory threshold reached: 192.168.57.185MB
FATAL segfault at address 0x192.168.211.158
INFO user 192.168.92.139 logged in
ERROR connection timeout 503
FATAL kernel panic
ERROR file not found: /tmp/192.168.178.215.log
INFO processed 192.168.142.104 items
WARN retry attempt 192.168.92.139 for 82861
WARN slow query: 192.168.193.243ms
FATAL segfault at address 0x192.168.229.48
INFO user 192.168.82.31 logged in
DEBUG heap size: 192.168.142.104
INFO request from 192.168.60.30
INFO user 192.168.193.243 logged in
INFO connection established
INFO request from 192.168.142.104
DEBUG entering function foo
WARN slow query: 192.168.60.30ms
INFO processed 192.168.92.139 items
INFO request from 192.168.178.215
WARN slow query: 192.168.211.158ms
FATAL kernel panic
INFO processed 192.168.39.155 items
ERROR file not found: /tmp/192.168.9.50.log
DEBUG entering function foo
INFO user 192.168.178.215 logged in
DEBUG entering function foo
FATAL out of memory
DEBUG entering function foo
INFO request from 192.168.178.215
DEBUG variable x=192.168.211.158
DEBUG variable x=192.168.215.207
ERROR file not found: /tmp/192.168.219.168.log
INFO processed 192.168.193.243 items
FATAL unrecoverable disk error
FATAL out of memory
INFO user 192.168.219.168 logged in
WARN retry attempt 192.168.193.243 for 73668
WARN slow query: 192.168.36.209ms
INFO request from 192.168.142.104
FATAL out of memory
ERROR null pointer in module 192.168.92.139
DEBUG heap size: 192.168.60.30
INFO processed 192.168.121.141 items
ERROR auth failure for user 192.168.189.144
INFO connection established
INFO connection established
INFO connection established
FATAL unrecoverable disk error
DEBUG heap size: 192.168.142.104
FATAL out of memory
FATAL unrecoverable disk error
WARN retry attempt 192.168.57.185 for 75708
FATAL unrecoverable disk error
WARN retry attempt 192.168.9.50 for 16012
ERROR null pointer in module 192.168.219.168
INFO processed 192.168.178.215 items
DEBUG cache hit for key=192.168.197.186
FATAL kernel panic
DEBUG entering function foo
FATAL kernel panic
FATAL unrecoverable disk error
INFO request from 192.168.142.104
FATAL kernel panic
DEBUG entering function foo
WARN memory threshold reached: 192.168.178.6MB
FATAL unrecoverable disk error
DEBUG variable x=192.168.36.209
ERROR connection timeout 503
INFO request from 192.168.60.30
FATAL kernel panic
ERROR null pointer in module 192.168.193.243
INFO user 192.168.215.207 logged in
INFO connection established
DEBUG variable x=192.168.141.220
WARN retry attempt 192.168.57.185 for 50837
DEBUG cache hit for key=192.168.121.141
DEBUG cache hit for key=192.168.229.48
FATAL out of memory
FATAL unrecoverable disk error
WARN disk usage 192.168.189.144%
INFO processed 192.168.197.186 items
FATAL unrecoverable disk error
INFO request from 192.168.178.6
ERROR connection timeout 503
FATAL kernel panic
DEBUG entering function foo
INFO connection established
INFO request from 192.168.39.155
ERROR auth failure for user 192.168.60.30
FATAL out of memory
ERROR null pointer in module 192.168.121.141
INFO request from 192.168.121.141
DEBUG heap size: 192.168.36.209
WARN slow query: 192.168.57.185ms
FATAL unrecoverable disk error
FATAL unrecoverable disk error
WARN memory threshold reached: 192.168.92.139MB
INFO processed 192.168.178.215 items
DEBUG entering function foo
DEBUG variable x=192.168.178.215
FATAL kernel panic
WARN disk usage 192.168.178.6%
WARN memory threshold reached: 192.168.36.209MB
WARN slow query: 192.168.36.209ms
FATAL unrecoverable disk error
ERROR connection timeout 503
FATAL segfault at address 0x192.168.36.209
FATAL kernel panic
INFO processed 192.168.121.141 items
WARN memory threshold reached: 192.168.9.50MB
FATAL segfault at address 0x192.168.92.139
ERROR file not found: /tmp/192.168.36.209.log
DEBUG cache hit for key=192.168.189.144
INFO request from 192.168.36.209
DEBUG heap size: 192.168.121.141
FATAL unrecoverable disk error
FATAL kernel panic
INFO request from 192.168.39.155
DEBUG heap size: 192.168.9.50
DEBUG heap size: 192.168.57.185
INFO user 192.168.215.207 logged in
DEBUG cache hit for key=192.168.142.104
INFO request from 192.168.57.185
WARN disk usage 192.168.57.185%
DEBUG variable x=192.168.82.31
ERROR null pointer in module 192.168.178.6
ERROR file not found: /tmp/192.168.9.50.log
FATAL out of memory
FATAL segfault at address 0x192.168.193.243
ERROR auth failure for user 192.168.57.185
ERROR connection timeout 503
ERROR null pointer in module 192.168.107.168
DEBUG variable x=192.168.121.141
DEBUG variable x=192.168.141.220
ERROR auth failure for user 192.168.121.141
ERROR file not found: /tmp/192.168.189.144.log
INFO processed 192.168.215.207 items
FATAL out of memory
WARN slow query: 192.168.121.141ms
FATAL out of memory
DEBUG heap size: 192.168.189.144
FATAL out of memory
DEBUG entering function foo
INFO user 192.168.189.144 logged in
WARN retry attempt 192.168.215.207 for 36117
ERROR file not found: /tmp/192.168.141.220.log
INFO request from 192.168.141.220
DEBUG heap size: 192.168.229.48
FATAL segfault at address 0x192.168.39.155
ERROR file not found: /tmp/192.168.219.168.log
INFO request from 192.168.92.139
WARN memory threshold reached: 192.168.141.220MB
ERROR auth failure for user 192.168.39.155
ERROR null pointer in module 192.168.9.50
DEBUG cache hit for key=192.168.178.6
FATAL unrecoverable disk error
ERROR connection timeout 503
WARN slow query: 192.168.9.50ms
DEBUG cache hit for key=192.168.142.104
FATAL out of memory
DEBUG heap size: 192.168.178.6
ERROR connection timeout 503
DEBUG cache hit for key=192.168.178.6
FATAL out of memory
WARN disk usage 192.168.142.104%
DEBUG cache hit for key=192.168.229.48
WARN disk usage 192.168.178.6%
FATAL kernel panic
FATAL kernel panic
DEBUG entering function foo
ERROR connection timeout 503
FATAL segfault at address 0x192.168.121.141
ERROR connection timeout 503
ERROR file not found: /tmp/192.168.60.30.log
ERROR file not found: /tmp/192.168.57.185.log
INFO user 192.168.9.50 logged in
INFO user 192.168.178.6 logged in
DEBUG heap size: 192.168.107.168
WARN memory threshold reached: 192.168.9.50MB
INFO request from 192.168.141.220
DEBUG heap size: 192.168.92.139
DEBUG variable x=192.168.9.50
INFO request from 192.168.197.186
FATAL out of memory
FATAL kernel panic
DEBUG heap size: 192.168.107.168
FATAL segfault at address 0x192.168.215.207
DEBUG heap size: 192.168.197.186
FATAL unrecoverable disk error
DEBUG heap size: 192.168.193.243
FATAL unrecoverable disk error
FATAL segfault at address 0x192.168.39.155
FATAL unrecoverable disk error
WARN disk usage 192.168.9.50%
WARN slow query: 192.168.189.144ms
INFO processed 192.168.178.6 items
WARN slow query: 192.168.189.144ms
DEBUG entering function foo
FATAL segfault at address 0x192.168.229.48
ERROR auth failure for user 192.168.39.155
ERROR null pointer in module 192.168.60.30
DEBUG cache hit for key=192.168.57.185
DEBUG cache hit for key=192.168.189.144
ERROR connection timeout 503
DEBUG heap size: 192.168.92.139
INFO connection established
FATAL unrecoverable disk error
ERROR file not found: /tmp/192.168.121.141.log
FATAL kernel panic
DEBUG heap size: 192.168.178.215
ERROR null pointer in module 192.168.92.139
WARN slow query: 192.168.107.168ms
ERROR file not found: /tmp/192.168.36.209.log
ERROR connection timeout 503
WARN disk usage 192.168.211.158%
INFO user 192.168.178.6 logged in
INFO processed 192.168.197.186 items
FATAL unrecoverable disk error
FATAL unrecoverable disk error
ERROR auth failure for user 192.168.82.31
ERROR auth failure for user 192.168.197.186
ERROR auth failure for user 192.168.215.207
FATAL out of memory
FATAL out of memory
DEBUG entering function foo
INFO user 192.168.82.31 logged in
INFO connection established
INFO connection established
ERROR connection timeout 503
INFO request from 192.168.197.186
FATAL out of memory
DEBUG entering function foo
WARN slow query: 192.168.36.209ms
DEBUG variable x=192.168.9.50
DEBUG entering function foo
DEBUG heap size: 192.168.211.158
ERROR null pointer in module 192.168.189.144
INFO user 192.168.82.31 logged in
FATAL out of memory
DEBUG heap size: 192.168.39.155
INFO request from 192.168.197.186
ERROR file not found: /tmp/192.168.9.50.log
DEBUG entering function foo
INFO processed 192.168.211.158 items
FATAL kernel panic
FATAL unrecoverable disk error
FATAL kernel panic
ERROR file not found: /tmp/192.168.189.144.log
WARN retry attempt 192.168.142.104 for 86496
DEBUG variable x=192.168.121.141
INFO connection established
ERROR file not found: /tmp/192.168.57.185.log
ERROR connection timeout 503
DEBUG heap size: 192.168.189.144
DEBUG entering function foo
FATAL kernel panic
WARN memory threshold reached: 192.168.9.50MB
INFO request from 192.168.215.207
WARN retry attempt 192.168.193.243 for 78577
DEBUG heap size: 192.168.219.168
DEBUG variable x=192.168.82.31
FATAL segfault at address 0x192.168.36.209
FATAL segfault at address 0x192.168.229.48
WARN slow query: 192.168.211.158ms
WARN slow query: 192.168.9.50ms
ERROR connection timeout 503
WARN memory threshold reached: 192.168.107.168MB
WARN slow query: 192.168.193.243ms
ERROR file not found: /tmp/192.168.92.139.log
FATAL kernel panic
INFO connection established
DEBUG heap size: 192.168.36.209
WARN retry attempt 192.168.211.158 for 49973
INFO connection established
WARN disk usage 192.168.121.141%
WARN retry attempt 192.168.57.185 for 7039
DEBUG heap size: 192.168.229.48
DEBUG entering function foo
INFO processed 192.168.9.50 items
ERROR file not found: /tmp/192.168.211.158.log
WARN disk usage 192.168.211.158%
DEBUG variable x=192.168.229.48
DEBUG variable x=192.168.193.243
WARN slow query: 192.168.60.30ms
FATAL out of memory
FATAL kernel panic
ERROR auth failure for user 192.168.141.220
INFO user 192.168.39.155 logged in
WARN slow query: 192.168.36.209ms
ERROR file not found: /tmp/192.168.229.48.log
ERROR connection timeout 503
DEBUG entering function foo
FATAL segfault at address 0x192.168.57.185
ERROR file not found: /tmp/192.168.57.185.log
WARN slow query: 192.168.92.139ms
ERROR file not found: /tmp/192.168.229.48.log
WARN memory threshold reached: 192.168.178.215MB
DEBUG entering function foo
WARN retry attempt 192.168.197.186 for 6180
DEBUG heap size: 192.168.197.186
WARN retry attempt 192.168.39.155 for 44374
INFO connection established
INFO connection established
ERROR file not found: /tmp/192.168.92.139.log
ERROR connection timeout 503
ERROR auth failure for user 192.168.57.185
WARN memory threshold reached: 192.168.219.168MB
DEBUG entering function foo
ERROR auth failure for user 192.168.189.144
WARN disk usage 192.168.92.139%
DEBUG heap size: 192.168.57.185
WARN retry attempt 192.168.141.220 for 4352
ERROR auth failure for user 192.168.142.104
FATAL unrecoverable disk error
INFO user 192.168.57.185 logged in
DEBUG variable x=192.168.121.141
DEBUG heap size: 192.168.39.155
FATAL segfault at address 0x192.168.215.207
ERROR file not found: /tmp/192.168.229.48.log
WARN retry attempt 192.168.193.243 for 34296
WARN slow query: 192.168.60.30ms
INFO user 192.168.189.144 logged in
FATAL unrecoverable disk error
FATAL out of memory
WARN memory threshold reached: 192.168.82.31MB
INFO processed 192.168.215.207 items
WARN slow query: 192.168.82.31ms
FATAL kernel panic
FATAL unrecoverable disk error
WARN retry attempt 192.168.219.168 for 75862
INFO processed 192.168.121.141 items
ERROR auth failure for user 192.168.197.186
INFO request from 192.168.189.144
FATAL kernel panic
WARN memory threshold reached: 192.168.141.220MB
INFO processed 192.168.229.48 items
INFO connection established
INFO request from 192.168.92.139
DEBUG heap size: 192.168.229.48
INFO connection established
DEBUG entering function foo
DEBUG variable x=192.168.121.141
INFO connection established
DEBUG variable x=192.168.215.207
ERROR null pointer in module 192.168.211.158
DEBUG variable x=192.168.215.207
FATAL kernel panic
DEBUG variable x=192.168.178.215
WARN slow query: 192.168.189.144ms
DEBUG entering function foo
WARN memory threshold reached: 192.168.189.144MB
FATAL out of memory
ERROR auth failure for user 192.168.141.220
WARN slow query: 192.168.178.6ms
DEBUG variable x=192.168.107.168
DEBUG heap size: 192.168.211.158
DEBUG cache hit for key=192.168.197.186
FATAL kernel panic
WARN disk usage 192.168.60.30%
ERROR null pointer in module 192.168.9.50
DEBUG variable x=192.168.107.168
ERROR file not found: /tmp/192.168.178.215.log
DEBUG entering function foo
ERROR file not found: /tmp/192.168.121.141.log
FATAL segfault at address 0x192.168.82.31
DEBUG variable x=192.168.193.243
INFO processed 192.168.9.50 items
INFO user 192.168.92.139 logged in
ERROR null pointer in module 192.168.229.48
FATAL kernel panic
INFO processed 192.168.92.139 items
FATAL out of memory
ERROR connection timeout 503
WARN slow query: 192.168.229.48ms
ERROR connection timeout 503
ERROR connection timeout 503
INFO request from 192.168.189.144
ERROR file not found: /tmp/192.168.39.155.log
FATAL unrecoverable disk error
WARN disk usage 192.168.92.139%
FATAL segfault at address 0x192.168.36.209
ERROR file not found: /tmp/192.168.142.104.log
WARN disk usage 192.168.39.155%
ERROR file not found: /tmp/192.168.189.144.log
INFO processed 192.168.178.215 items
FATAL unrecoverable disk error
FATAL unrecoverable disk error
FATAL kernel panic
WARN memory threshold reached: 192.168.229.48MB
FATAL kernel panic
FATAL out of memory
WARN retry attempt 192.168.197.186 for 17288
DEBUG cache hit for key=192.168.178.215
ERROR connection timeout 503
FATAL unrecoverable disk error
INFO connection established
DEBUG variable x=192.168.60.30
ERROR auth failure for user 192.168.142.104
WARN disk usage 192.168.39.155%
INFO connection established
INFO connection established
WARN retry attempt 192.168.107.168 for 7657
DEBUG heap size: 192.168.215.207
FATAL unrecoverable disk error
WARN slow query: 192.168.57.185ms
INFO processed 192.168.189.144 items
FATAL segfault at address 0x192.168.107.168
DEBUG variable x=192.168.193.243
DEBUG variable x=192.168.121.141
WARN disk usage 192.168.82.31%
ERROR connection timeout 503
INFO processed 192.168.189.144 items
DEBUG cache hit for key=192.168.57.185
DEBUG entering function foo
DEBUG heap size: 192.168.189.144
FATAL segfault at address 0x192.168.107.168
ERROR file not found: /tmp/192.168.189.144.log
FATAL segfault at address 0x192.168.92.139
WARN retry attempt 192.168.57.185 for 84655
INFO processed 192.168.9.50 items
FATAL unrecoverable disk error
INFO user 192.168.197.186 logged in
DEBUG heap size: 192.168.189.144
FATAL unrecoverable disk error
WARN disk usage 192.168.141.220%
DEBUG variable x=192.168.197.186
DEBUG entering function foo
FATAL kernel panic
INFO request from 192.168.39.155
INFO user 192.168.39.155 logged in
FATAL unrecoverable disk error
ERROR connection timeout 503
FATAL kernel panic
ERROR null pointer in module 192.168.141.220
FATAL unrecoverable disk error
FATAL unrecoverable disk error
INFO user 192.168.57.185 logged in
WARN slow query: 192.168.36.209ms
DEBUG cache hit for key=192.168.142.104
ERROR null pointer in module 192.168.197.186
DEBUG heap size: 192.168.193.243
FATAL segfault at address 0x192.168.193.243
WARN slow query: 192.168.229.48ms
FATAL unrecoverable disk error
DEBUG cache hit for key=192.168.142.104
DEBUG heap size: 192.168.178.215
DEBUG variable x=192.168.57.185
DEBUG variable x=192.168.39.155
ERROR connection timeout 503
DEBUG entering function foo
ERROR null pointer in module 192.168.60.30
INFO connection established
FATAL segfault at address 0x192.168.57.185
WARN disk usage 192.168.229.48%
DEBUG entering function foo
WARN retry attempt 192.168.60.30 for 1387
INFO processed 192.168.60.30 items
WARN disk usage 192.168.142.104%
INFO user 192.168.178.6 logged in
ERROR file not found: /tmp/192.168.60.30.log
WARN disk usage 192.168.219.168%
ERROR auth failure for user 192.168.36.209
FATAL out of memory
FATAL segfault at address 0x192.168.107.168
DEBUG variable x=192.168.107.168
WARN memory threshold reached: 192.168.178.215MB
DEBUG entering function foo
DEBUG cache hit for key=192.168.193.243
DEBUG entering function foo
FATAL segfault at address 0x192.168.189.144
FATAL segfault at address 0x192.168.82.31
INFO user 192.168.82.31 logged in
INFO user 192.168.193.243 logged in
INFO user 192.168.178.6 logged in
INFO request from 192.168.193.243
DEBUG variable x=192.168.60.30
ERROR connection timeout 503
FATAL kernel panic
DEBUG heap size: 192.168.39.155
WARN disk usage 192.168.57.185%
FATAL segfault at address 0x192.168.36.209
INFO connection established
WARN retry attempt 192.168.57.185 for 2689
DEBUG heap size: 192.168.219.168
ERROR auth failure for user 192.168.142.104
DEBUG entering function foo
WARN disk usage 192.168.189.144%
INFO processed 192.168.142.104 items
INFO processed 192.168.229.48 items
DEBUG heap size: 192.168.92.139
INFO request from 192.168.229.48
FATAL unrecoverable disk error
WARN retry attempt 192.168.121.141 for 9142
DEBUG variable x=192.168.178.6
ERROR connection timeout 503
DEBUG heap size: 192.168.215.207
INFO request from 192.168.36.209
DEBUG heap size: 192.168.211.158
INFO connection established
WARN retry attempt 192.168.39.155 for 43789
FATAL kernel panic
INFO request from 192.168.229.48
FATAL kernel panic
ERROR connection timeout 503
ERROR auth failure for user 192.168.107.168
INFO processed 192.168.193.243 items
FATAL unrecoverable disk error
ERROR null pointer in module 192.168.107.168
FATAL unrecoverable disk error
DEBUG variable x=192.168.193.243
INFO request from 192.168.229.48
ERROR auth failure for user 192.168.121.141
FATAL unrecoverable disk error
FATAL out of memory
ERROR connection timeout 503
DEBUG heap size: 192.168.121.141
FATAL kernel panic
WARN retry attempt 192.168.92.139 for 72169
DEBUG cache hit for key=192.168.178.6
ERROR null pointer in module 192.168.229.48
DEBUG heap size: 192.168.92.139
DEBUG variable x=192.168.142.104
ERROR auth failure for user 192.168.189.144
ERROR auth failure for user 192.168.215.207
ERROR auth failure for user 192.168.215.207
WARN retry attempt 192.168.60.30 for 86162
DEBUG entering function foo
ERROR auth failure for user 192.168.107.168
INFO connection established
FATAL unrecoverable disk error
INFO request from 192.168.197.186
WARN retry attempt 192.168.219.168 for 36538
INFO connection established
DEBUG variable x=192.168.9.50
FATAL unrecoverable disk error
INFO request from 192.168.36.209
INFO request from 192.168.197.186
INFO connection established
ERROR null pointer in module 192.168.193.243
DEBUG entering function foo
INFO request from 192.168.36.209
DEBUG heap size: 192.168.142.104
ERROR file not found: /tmp/192.168.211.158.log
DEBUG variable x=192.168.193.243
FATAL unrecoverable disk error
ERROR file not found: /tmp/192.168.211.158.log
DEBUG entering function foo
DEBUG entering function foo
ERROR connection timeout 503
ERROR connection timeout 503
FATAL unrecoverable disk error
WARN memory threshold reached: 192.168.92.139MB
DEBUG heap size: 192.168.211.158
INFO request from 192.168.141.220
ERROR null pointer in module 192.168.107.168
DEBUG cache hit for key=192.168.211.158
WARN slow query: 192.168.211.158ms
DEBUG heap size: 192.168.57.185
ERROR auth failure for user 192.168.189.144
FATAL kernel panic
DEBUG cache hit for key=192.168.178.6
WARN retry attempt 192.168.60.30 for 57800
ERROR null pointer in module 192.168.141.220
WARN memory threshold reached: 192.168.57.185MB
ERROR file not found: /tmp/192.168.107.168.log
FATAL kernel panic
INFO connection established
INFO processed 192.168.121.141 items
WARN memory threshold reached: 192.168.197.186MB
ERROR auth failure for user 192.168.142.104
FATAL segfault at address 0x192.168.197.186
INFO request from 192.168.215.207
DEBUG heap size: 192.168.82.31
FATAL out of memory
INFO connection established
DEBUG heap size: 192.168.197.186
INFO user 192.168.57.185 logged in
WARN slow query: 192.168.229.48ms
DEBUG cache hit for key=192.168.92.139
INFO connection established
DEBUG entering function foo
WARN slow query: 192.168.211.158ms
WARN retry attempt 192.168.193.243 for 61199
ERROR file not found: /tmp/192.168.219.168.log
ERROR null pointer in module 192.168.178.6
WARN retry attempt 192.168.141.220 for 47251
INFO processed 192.168.193.243 items
ERROR file not found: /tmp/192.168.211.158.log
FATAL kernel panic
INFO user 192.168.36.209 logged in
INFO user 192.168.178.215 logged in
DEBUG variable x=192.168.178.6
FATAL segfault at address 0x192.168.215.207
WARN memory threshold reached: 192.168.211.158MB
INFO user 192.168.193.243 logged in
ERROR null pointer in module 192.168.178.215
INFO request from 192.168.57.185
ERROR file not found: /tmp/192.168.36.209.log
WARN disk usage 192.168.197.186%
ERROR connection timeout 503
WARN memory threshold reached: 192.168.57.185MB
ERROR connection timeout 503
WARN memory threshold reached: 192.168.60.30MB
FATAL kernel panic
ERROR auth failure for user 192.168.121.141
DEBUG variable x=192.168.92.139
DEBUG heap size: 192.168.215.207
INFO connection established
WARN slow query: 192.168.189.144ms
WARN retry attempt 192.168.229.48 for 27410
WARN retry attempt 192.168.229.48 for 56748
FATAL kernel panic
ERROR connection timeout 503
INFO connection established
FATAL kernel panic
INFO connection established
ERROR auth failure for user 192.168.178.6
ERROR file not found: /tmp/192.168.9.50.log
INFO processed 192.168.107.168 items
WARN disk usage 192.168.60.30%
WARN memory threshold reached: 192.168.39.155MB
DEBUG variable x=192.168.193.243
FATAL out of memory
INFO processed 192.168.229.48 items
INFO request from 192.168.178.215
WARN slow query: 192.168.141.220ms
ERROR connection timeout 503
INFO request from 192.168.141.220
FATAL out of memory
DEBUG entering function foo
ERROR file not found: /tmp/192.168.193.243.log
INFO processed 192.168.229.48 items
DEBUG entering function foo
ERROR auth failure for user 192.168.193.243
WARN retry attempt 192.168.141.220 for 30754
INFO connection established
ERROR auth failure for user 192.168.82.31
FATAL unrecoverable disk error
WARN slow query: 192.168.57.185ms
INFO connection established
ERROR connection timeout 503
DEBUG heap size: 192.168.211.158
DEBUG heap size: 192.168.60.30
INFO processed 192.168.82.31 items
DEBUG entering function foo
DEBUG variable x=192.168.107.168
DEBUG entering function foo
WARN memory threshold reached: 192.168.92.139MB
FATAL unrecoverable disk error
ERROR file not found: /tmp/192.168.92.139.log
ERROR null pointer in module 192.168.141.220
ERROR file not found: /tmp/192.168.36.209.log
INFO connection established
INFO request from 192.168.121.141
FATAL segfault at address 0x192.168.197.186
WARN memory threshold reached: 192.168.229.48MB
WARN slow query: 192.168.60.30ms
INFO user 192.168.141.220 logged in
DEBUG heap size: 192.168.57.185
ERROR auth failure for user 192.168.189.144
DEBUG variable x=192.168.197.186
ERROR file not found: /tmp/192.168.121.141.log
DEBUG heap size: 192.168.142.104
FATAL segfault at address 0x192.168.121.141
FATAL segfault at address 0x192.168.36.209
DEBUG entering function foo
ERROR connection timeout 503
ERROR auth failure for user 192.168.178.6
ERROR file not found: /tmp/192.168.211.158.log
WARN retry attempt 192.168.219.168 for 5903
WARN retry attempt 192.168.197.186 for 74538
DEBUG entering function foo
DEBUG heap size: 192.168.197.186
DEBUG cache hit for key=192.168.142.104
WARN disk usage 192.168.178.6%
DEBUG heap size: 192.168.178.6
FATAL segfault at address 0x192.168.39.155
ERROR file not found: /tmp/192.168.229.48.log
ERROR connection timeout 503
WARN memory threshold reached: 192.168.9.50MB
DEBUG variable x=192.168.82.31
ERROR connection timeout 503
DEBUG entering function foo
INFO connection established
ERROR null pointer in module 192.168.92.139
ERROR null pointer in module 192.168.60.30
FATAL kernel panic
INFO processed 192.168.219.168 items
INFO request from 192.168.82.31
INFO processed 192.168.211.158 items
DEBUG heap size: 192.168.142.104
FATAL kernel panic
WARN memory threshold reached: 192.168.141.220MB
FATAL segfault at address 0x192.168.141.220
FATAL out of memory
WARN memory threshold reached: 192.168.107.168MB
FATAL segfault at address 0x192.168.229.48
DEBUG entering function foo
DEBUG variable x=192.168.193.243
WARN slow query: 192.168.211.158ms
WARN slow query: 192.168.178.215ms
DEBUG variable x=192.168.107.168
ERROR null pointer in module 192.168.211.158
WARN slow query: 192.168.219.168ms
WARN slow query: 192.168.178.6ms
WARN disk usage 192.168.9.50%
ERROR file not found: /tmp/192.168.9.50.log
DEBUG cache hit for key=192.168.142.104
DEBUG heap size: 192.168.57.185
WARN memory threshold reached: 192.168.219.168MB
DEBUG heap size: 192.168.197.186
ERROR auth failure for user 192.168.39.155
DEBUG variable x=192.168.178.6
WARN memory threshold reached: 192.168.178.6MB
ERROR auth failure for user 192.168.142.104
DEBUG cache hit for key=192.168.178.6
DEBUG entering function foo
DEBUG entering function foo
ERROR null pointer in module 192.168.141.220
WARN memory threshold reached: 192.168.189.144MB
FATAL segfault at address 0x192.168.215.207
FATAL segfault at address 0x192.168.82.31
WARN retry attempt 192.168.9.50 for 86175
ERROR auth failure for user 192.168.178.215
WARN retry attempt 192.168.57.185 for 40291
WARN disk usage 192.168.178.215%
DEBUG heap size: 192.168.178.6
FATAL unrecoverable disk error
WARN retry attempt 192.168.178.6 for 59100
WARN memory threshold reached: 192.168.178.6MB
ERROR file not found: /tmp/192.168.107.168.log
FATAL unrecoverable disk error
DEBUG cache hit for key=192.168.215.207
INFO processed 192.168.141.220 items
FATAL segfault at address 0x192.168.121.141
INFO request from 192.168.107.168
FATAL kernel panic
INFO request from 192.168.219.168
DEBUG heap size: 192.168.142.104
FATAL segfault at address 0x192.168.141.220
ERROR file not found: /tmp/192.168.142.104.log
FATAL unrecoverable disk error
INFO request from 192.168.60.30
WARN slow query: 192.168.178.215ms
DEBUG entering function foo
FATAL out of memory
WARN disk usage 192.168.36.209%
INFO processed 192.168.142.104 items
WARN slow query: 192.168.141.220ms
FATAL segfault at address 0x192.168.219.168
FATAL kernel panic
FATAL unrecoverable disk error
WARN retry attempt 192.168.141.220 for 33997
WARN slow query: 192.168.211.158ms
DEBUG variable x=192.168.57.185
FATAL segfault at address 0x192.168.60.30
WARN memory threshold reached: 192.168.141.220MB
INFO connection established
INFO user 192.168.39.155 logged in
INFO user 192.168.9.50 logged in
DEBUG variable x=192.168.178.215
ERROR null pointer in module 192.168.215.207
ERROR connection timeout 503
WARN memory threshold reached: 192.168.178.6MB
ERROR connection timeout 503
DEBUG heap size: 192.168.39.155
DEBUG heap size: 192.168.197.186
DEBUG cache hit for key=192.168.141.220
DEBUG entering function foo
WARN disk usage 192.168.229.48%
FATAL segfault at address 0x192.168.9.50
WARN memory threshold reached: 192.168.39.155MB
WARN memory threshold reached: 192.168.141.220MB
INFO connection established
DEBUG entering function foo
WARN slow query: 192.168.178.6ms
INFO connection established
DEBUG entering function foo
ERROR null pointer in module 192.168.39.155
DEBUG heap size: 192.168.39.155
DEBUG heap size: 192.168.9.50
ERROR file not found: /tmp/192.168.142.104.log
DEBUG entering function foo
WARN memory threshold reached: 192.168.60.30MB
INFO connection established
WARN slow query: 192.168.229.48ms
DEBUG entering function foo
INFO request from 192.168.36.209
WARN slow query: 192.168.189.144ms
DEBUG variable x=192.168.39.155
INFO connection established
DEBUG cache hit for key=192.168.60.30
ERROR file not found: /tmp/192.168.92.139.log
DEBUG heap size: 192.168.219.168
WARN slow query: 192.168.121.141ms
FATAL unrecoverable disk error
ERROR file not found: /tmp/192.168.92.139.log
FATAL kernel panic
ERROR auth failure for user 192.168.142.104
DEBUG entering function foo
FATAL out of memory
WARN slow query: 192.168.211.158ms
FATAL segfault at address 0x192.168.197.186
INFO connection established
INFO processed 192.168.178.6 items
INFO request from 192.168.36.209
DEBUG variable x=192.168.121.141
ERROR connection timeout 503
WARN slow query: 192.168.82.31ms
DEBUG heap size: 192.168.60.30
WARN disk usage 192.168.57.185%
INFO user 192.168.121.141 logged in
FATAL segfault at address 0x192.168.193.243
FATAL segfault at address 0x192.168.121.141
DEBUG entering function foo
ERROR null pointer in module 192.168.197.186
INFO processed 192.168.229.48 items
DEBUG cache hit for key=192.168.178.215
INFO request from 192.168.211.158
ERROR file not found: /tmp/192.168.197.186.log
ERROR auth failure for user 192.168.141.220
DEBUG entering function foo
WARN retry attempt 192.168.39.155 for 2428
WARN slow query: 192.168.215.207ms
FATAL segfault at address 0x192.168.107.168
ERROR connection timeout 503
WARN slow query: 192.168.215.207ms
WARN disk usage 192.168.82.31%
INFO processed 192.168.219.168 items
FATAL unrecoverable disk error
INFO connection established
WARN slow query: 192.168.57.185ms
INFO processed 192.168.219.168 items
WARN memory threshold reached: 192.168.229.48MB
FATAL unrecoverable disk error
DEBUG heap size: 192.168.193.243
DEBUG entering function foo
DEBUG cache hit for key=192.168.178.6
INFO connection established
DEBUG variable x=192.168.142.104
INFO request from 192.168.36.209
WARN retry attempt 192.168.178.6 for 52721
INFO processed 192.168.57.185 items
INFO processed 192.168.229.48 items
WARN memory threshold reached: 192.168.60.30MB
ERROR connection timeout 503
WARN disk usage 192.168.92.139%
DEBUG entering function foo
DEBUG entering function foo
DEBUG variable x=192.168.197.186
FATAL unrecoverable disk error
DEBUG entering function foo
INFO request from 192.168.193.243
WARN disk usage 192.168.193.243%
INFO processed 192.168.92.139 items
FATAL kernel panic
DEBUG variable x=192.168.178.6
FATAL segfault at address 0x192.168.197.186
FATAL out of memory
WARN memory threshold reached: 192.168.107.168MB
ERROR auth failure for user 192.168.178.6
ERROR null pointer in module 192.168.215.207
INFO user 192.168.215.207 logged in
ERROR null pointer in module 192.168.178.215
WARN disk usage 192.168.82.31%
INFO connection established
INFO request from 192.168.82.31
ERROR auth failure for user 192.168.229.48
INFO connection established
DEBUG variable x=192.168.178.215
FATAL segfault at address 0x192.168.92.139
DEBUG cache hit for key=192.168.219.168
FATAL out of memory
FATAL kernel panic
ERROR file not found: /tmp/192.168.178.6.log
FATAL out of memory
INFO request from 192.168.92.139
DEBUG entering function foo
ERROR connection timeout 503
DEBUG variable x=192.168.107.168
INFO connection established
INFO processed 192.168.141.220 items
DEBUG cache hit for key=192.168.60.30
INFO user 192.168.57.185 logged in
INFO request from 192.168.193.243
INFO processed 192.168.82.31 items
FATAL out of memory
ERROR null pointer in module 192.168.229.48
ERROR auth failure for user 192.168.57.185
FATAL unrecoverable disk error
ERROR auth failure for user 192.168.141.220
ERROR connection timeout 503
DEBUG heap size: 192.168.229.48
ERROR connection timeout 503
FATAL segfault at address 0x192.168.121.141
DEBUG entering function foo
FATAL unrecoverable disk error
FATAL unrecoverable disk error
FATAL unrecoverable disk error
ERROR connection timeout 503
WARN disk usage 192.168.211.158%
ERROR null pointer in module 192.168.121.141
DEBUG heap size: 192.168.193.243
INFO request from 192.168.92.139
DEBUG cache hit for key=192.168.57.185
FATAL unrecoverable disk error
ERROR null pointer in module 192.168.121.141
FATAL out of memory
ERROR auth failure for user 192.168.92.139
WARN retry attempt 192.168.219.168 for 23357
DEBUG entering function foo
WARN slow query: 192.168.92.139ms
INFO user 192.168.178.6 logged in
INFO user 192.168.39.155 logged in
WARN memory threshold reached: 192.168.142.104MB
INFO user 192.168.9.50 logged in
DEBUG heap size: 192.168.178.215
FATAL out of memory
ERROR auth failure for user 192.168.82.31
ERROR file not found: /tmp/192.168.189.144.log
FATAL kernel panic
FATAL out of memory
ERROR file not found: /tmp/192.168.219.168.log
FATAL segfault at address 0x192.168.82.31
WARN slow query: 192.168.197.186ms
FATAL unrecoverable disk error
WARN disk usage 192.168.9.50%
INFO user 192.168.39.155 logged in
WARN memory threshold reached: 192.168.211.158MB
FATAL out of memory
FATAL out of memory
WARN disk usage 192.168.82.31%
FATAL kernel panic
INFO request from 192.168.60.30
ERROR auth failure for user 192.168.39.155
ERROR null pointer in module 192.168.178.215
FATAL out of memory
INFO user 192.168.92.139 logged in
WARN disk usage 192.168.57.185%
FATAL unrecoverable disk error
ERROR file not found: /tmp/192.168.92.139.log
INFO processed 192.168.197.186 items
DEBUG cache hit for key=192.168.9.50
DEBUG entering function foo
DEBUG variable x=192.168.107.168
DEBUG cache hit for key=192.168.211.158
ERROR connection timeout 503
WARN memory threshold reached: 192.168.107.168MB
ERROR file not found: /tmp/192.168.121.141.log
WARN memory threshold reached: 192.168.39.155MB
WARN slow query: 192.168.39.155ms
DEBUG heap size: 192.168.107.168
DEBUG heap size: 192.168.229.48
DEBUG variable x=192.168.121.141
INFO processed 192.168.193.243 items
DEBUG variable x=192.168.57.185
WARN retry attempt 192.168.197.186 for 17240
FATAL out of memory
WARN retry attempt 192.168.9.50 for 73221
ERROR file not found: /tmp/192.168.229.48.log
DEBUG heap size: 192.168.36.209
DEBUG cache hit for key=192.168.193.243
FATAL kernel panic
WARN slow query: 192.168.229.48ms
INFO request from 192.168.82.31
WARN memory threshold reached: 192.168.141.220MB
WARN slow query: 192.168.107.168ms
ERROR file not found: /tmp/192.168.219.168.log
WARN retry attempt 192.168.142.104 for 48807
FATAL unrecoverable disk error
WARN memory threshold reached: 192.168.121.141MB
FATAL unrecoverable disk error
ERROR connection timeout 503
WARN retry attempt 192.168.141.220 for 13321
INFO request from 192.168.107.168
INFO processed 192.168.36.209 items
INFO request from 192.168.189.144
ERROR auth failure for user 192.168.36.209
ERROR null pointer in module 192.168.229.48
WARN memory threshold reached: 192.168.82.31MB
FATAL segfault at address 0x192.168.142.104
WARN memory threshold reached: 192.168.229.48MB
WARN memory threshold reached: 192.168.193.243MB
WARN disk usage 192.168.211.158%
FATAL segfault at address 0x192.168.219.168
FATAL out of memory
DEBUG cache hit for key=192.168.60.30
DEBUG cache hit for key=192.168.178.215
DEBUG cache hit for key=192.168.39.155
WARN retry attempt 192.168.219.168 for 30189
WARN memory threshold reached: 192.168.193.243MB
WARN slow query: 192.168.215.207ms
WARN disk usage 192.168.39.155%
WARN retry attempt 192.168.178.6 for 60223
INFO user 192.168.178.215 logged in
INFO request from 192.168.142.104
ERROR connection timeout 503
DEBUG entering function foo
DEBUG entering function foo
FATAL unrecoverable disk error
FATAL kernel panic
INFO request from 192.168.193.243
ERROR null pointer in module 192.168.141.220
WARN slow query: 192.168.229.48ms
DEBUG cache hit for key=192.168.229.48
ERROR file not found: /tmp/192.168.9.50.log
INFO user 192.168.57.185 logged in
FATAL out of memory
FATAL out of memory
ERROR auth failure for user 192.168.178.215
ERROR null pointer in module 192.168.189.144
ERROR null pointer in module 192.168.211.158
FATAL kernel panic
WARN memory threshold reached: 192.168.141.220MB
INFO user 192.168.211.158 logged in
ERROR file not found: /tmp/192.168.142.104.log
FATAL out of memory
DEBUG cache hit for key=192.168.219.168
FATAL out of memory
WARN memory threshold reached: 192.168.121.141MB
DEBUG heap size: 192.168.215.207
WARN memory threshold reached: 192.168.178.215MB
WARN retry attempt 192.168.82.31 for 98446
FATAL kernel panic
ERROR auth failure for user 192.168.92.139
ERROR file not found: /tmp/192.168.178.6.log
FATAL unrecoverable disk error
DEBUG variable x=192.168.229.48
DEBUG heap size: 192.168.178.6
FATAL out of memory
FATAL unrecoverable disk error
DEBUG heap size: 192.168.107.168
FATAL segfault at address 0x192.168.197.186
DEBUG cache hit for key=192.168.141.220
ERROR auth failure for user 192.168.215.207
FATAL out of memory
INFO request from 192.168.141.220
FATAL segfault at address 0x192.168.9.50
DEBUG variable x=192.168.178.6
FATAL kernel panic
WARN retry attempt 192.168.178.6 for 1489
DEBUG entering function foo
ERROR connection timeout 503
INFO processed 192.168.9.50 items
INFO connection established
WARN disk usage 192.168.39.155%
DEBUG cache hit for key=192.168.141.220
ERROR connection timeout 503
FATAL unrecoverable disk error
DEBUG entering function foo
FATAL kernel panic
WARN retry attempt 192.168.121.141 for 31897
ERROR connection timeout 503
FATAL segfault at address 0x192.168.92.139
FATAL out of memory
WARN disk usage 192.168.36.209%
INFO processed 192.168.141.220 items
DEBUG cache hit for key=192.168.215.207
INFO processed 192.168.211.158 items
ERROR connection timeout 503
WARN slow query: 192.168.178.6ms
INFO user 192.168.57.185 logged in
DEBUG variable x=192.168.142.104
WARN slow query: 192.168.189.144ms
WARN slow query: 192.168.57.185ms
WARN slow query: 192.168.211.158ms
FATAL kernel panic
WARN retry attempt 192.168.121.141 for 13273
ERROR file not found: /tmp/192.168.57.185.log
FATAL out of memory
INFO processed 192.168.219.168 items
ERROR connection timeout 503
FATAL kernel panic
DEBUG cache hit for key=192.168.57.185
INFO request from 192.168.211.158
WARN disk usage 192.168.9.50%
DEBUG variable x=192.168.82.31
ERROR file not found: /tmp/192.168.141.220.log
FATAL segfault at address 0x192.168.9.50
DEBUG cache hit for key=192.168.121.141
INFO request from 192.168.36.209
INFO request from 192.168.197.186
ERROR null pointer in module 192.168.141.220
INFO request from 192.168.197.186
WARN retry attempt 192.168.39.155 for 15213
FATAL unrecoverable disk error
INFO request from 192.168.178.6
FATAL out of memory
ERROR file not found: /tmp/192.168.82.31.log
DEBUG entering function foo
FATAL segfault at address 0x192.168.82.31
ERROR file not found: /tmp/192.168.142.104.log
WARN disk usage 192.168.57.185%
FATAL kernel panic
DEBUG heap size: 192.168.197.186
DEBUG heap size: 192.168.92.139
DEBUG variable x=192.168.211.158
DEBUG entering function foo
FATAL out of memory
INFO processed 192.168.39.155 items
WARN memory threshold reached: 192.168.57.185MB
ERROR file not found: /tmp/192.168.219.168.log
DEBUG cache hit for key=192.168.121.141
DEBUG variable x=192.168.82.31
WARN memory threshold reached: 192.168.215.207MB
ERROR connection timeout 503
INFO processed 192.168.36.209 items
WARN memory threshold reached: 192.168.60.30MB
DEBUG entering function foo
FATAL out of memory
ERROR auth failure for user 192.168.107.168
WARN disk usage 192.168.107.168%
ERROR file not found: /tmp/192.168.121.141.log
INFO connection established
INFO request from 192.168.60.30
ERROR file not found: /tmp/192.168.121.141.log
INFO connection established
ERROR connection timeout 503
FATAL kernel panic
ERROR file not found: /tmp/192.168.178.6.log
INFO connection established
DEBUG heap size: 192.168.178.215
INFO user 192.168.107.168 logged in
INFO connection established
DEBUG variable x=192.168.60.30
WARN slow query: 192.168.215.207ms
DEBUG heap size: 192.168.141.220
ERROR connection timeout 503
ERROR null pointer in module 192.168.229.48
INFO request from 192.168.60.30
WARN memory threshold reached: 192.168.211.158MB
INFO request from 192.168.178.6
INFO processed 192.168.92.139 items
DEBUG variable x=192.168.142.104
ERROR file not found: /tmp/192.168.107.168.log
DEBUG heap size: 192.168.57.185
WARN disk usage 192.168.107.168%
INFO processed 192.168.189.144 items
DEBUG heap size: 192.168.229.48
DEBUG variable x=192.168.141.220
ERROR connection timeout 503
DEBUG heap size: 192.168.219.168
INFO request from 192.168.107.168
WARN retry attempt 192.168.9.50 for 14664
ERROR connection timeout 503
FATAL out of memory
ERROR file not found: /tmp/192.168.178.215.log
ERROR connection timeout 503
WARN retry attempt 192.168.36.209 for 24074
WARN memory threshold reached: 192.168.189.144MB
ERROR connection timeout 503
INFO connection established
DEBUG entering function foo
WARN retry attempt 192.168.39.155 for 62189
INFO processed 192.168.82.31 items
INFO connection established
WARN retry attempt 192.168.121.141 for 29446
INFO processed 192.168.9.50 items
ERROR file not found: /tmp/192.168.92.139.log
INFO user 192.168.193.243 logged in
WARN retry attempt 192.168.121.141 for 50105
DEBUG entering function foo
FATAL out of memory
FATAL out of memory
FATAL kernel panic
FATAL kernel panic
FATAL kernel panic
ERROR auth failure for user 192.168.141.220
ERROR connection timeout 503
FATAL segfault at address 0x192.168.178.215
WARN disk usage 192.168.215.207%
INFO processed 192.168.92.139 items
FATAL out of memory
ERROR file not found: /tmp/192.168.82.31.log
INFO request from 192.168.9.50
DEBUG variable x=192.168.211.158
FATAL unrecoverable disk error
INFO connection established
WARN retry attempt 192.168.215.207 for 57285
WARN slow query: 192.168.60.30ms
INFO request from 192.168.57.185
FATAL kernel panic
ERROR auth failure for user 192.168.36.209
DEBUG entering function foo
INFO processed 192.168.36.209 items
WARN retry attempt 192.168.107.168 for 27281
INFO request from 192.168.60.30
DEBUG heap size: 192.168.57.185
ERROR null pointer in module 192.168.57.185
DEBUG variable x=192.168.107.168
FATAL out of memory
DEBUG heap size: 192.168.107.168
FATAL out of memory
INFO connection established
ERROR auth failure for user 192.168.39.155
FATAL kernel panic
ERROR connection timeout 503
WARN retry attempt 192.168.92.139 for 10775
FATAL kernel panic
ERROR auth failure for user 192.168.60.30
DEBUG cache hit for key=192.168.57.185
ERROR connection timeout 503
INFO processed 192.168.189.144 items
FATAL out of memory
FATAL segfault at address 0x192.168.197.186
FATAL unrecoverable disk error
INFO request from 192.168.141.220
WARN disk usage 192.168.189.144%
INFO user 192.168.57.185 logged in
ERROR null pointer in module 192.168.107.168
WARN slow query: 192.168.178.6ms
FATAL segfault at address 0x192.168.178.215
WARN slow query: 192.168.9.50ms
INFO request from 192.168.121.141
FATAL unrecoverable disk error
DEBUG entering function foo
FATAL unrecoverable disk error
INFO processed 192.168.82.31 items
DEBUG entering function foo
DEBUG cache hit for key=192.168.215.207
ERROR file not found: /tmp/192.168.142.104.log
ERROR auth failure for user 192.168.193.243
INFO processed 192.168.178.215 items
INFO user 192.168.39.155 logged in
DEBUG cache hit for key=192.168.189.144
FATAL out of memory
FATAL segfault at address 0x192.168.121.141
DEBUG heap size: 192.168.189.144
INFO user 192.168.193.243 logged in
DEBUG cache hit for key=192.168.211.158
DEBUG variable x=192.168.39.155
INFO connection established
ERROR null pointer in module 192.168.107.168
DEBUG entering function foo
FATAL unrecoverable disk error
DEBUG variable x=192.168.229.48
INFO processed 192.168.189.144 items
DEBUG entering function foo
WARN retry attempt 192.168.107.168 for 65243
ERROR null pointer in module 192.168.142.104
WARN retry attempt 192.168.211.158 for 95081
DEBUG cache hit for key=192.168.229.48
ERROR null pointer in module 192.168.57.185
WARN slow query: 192.168.107.168ms
FATAL out of memory
DEBUG cache hit for key=192.168.219.168
INFO user 192.168.219.168 logged in
WARN memory threshold reached: 192.168.193.243MB
ERROR connection timeout 503
FATAL unrecoverable disk error
DEBUG entering function foo
INFO processed 192.168.39.155 items
FATAL kernel panic
ERROR file not found: /tmp/192.168.211.158.log
INFO user 192.168.189.144 logged in
ERROR null pointer in module 192.168.92.139
FATAL segfault at address 0x192.168.82.31
ERROR null pointer in module 192.168.189.144
INFO request from 192.168.141.220
DEBUG variable x=192.168.9.50
FATAL segfault at address 0x192.168.215.207
ERROR file not found: /tmp/192.168.36.209.log
INFO user 192.168.197.186 logged in
WARN disk usage 192.168.178.215%
ERROR null pointer in module 192.168.92.139
DEBUG entering function foo
ERROR file not found: /tmp/192.168.82.31.log
WARN memory threshold reached: 192.168.193.243MB
FATAL unrecoverable disk error
WARN retry attempt 192.168.189.144 for 16217
DEBUG heap size: 192.168.141.220
FATAL out of memory
ERROR auth failure for user 192.168.107.168
ERROR auth failure for user 192.168.178.215
WARN retry attempt 192.168.215.207 for 65889
INFO request from 192.168.215.207
WARN slow query: 192.168.92.139ms
ERROR null pointer in module 192.168.197.186
WARN disk usage 192.168.121.141%
INFO request from 192.168.229.48
WARN memory threshold reached: 192.168.197.186MB
INFO connection established
ERROR connection timeout 503
FATAL kernel panic
ERROR auth failure for user 192.168.121.141
FATAL kernel panic
INFO connection established
INFO request from 192.168.82.31
FATAL out of memory
WARN disk usage 192.168.107.168%
WARN slow query: 192.168.121.141ms
DEBUG heap size: 192.168.121.141
ERROR null pointer in module 192.168.60.30
DEBUG heap size: 192.168.36.209
WARN disk usage 192.168.215.207%
DEBUG cache hit for key=192.168.39.155
WARN retry attempt 192.168.107.168 for 82404
DEBUG variable x=192.168.141.220
WARN memory threshold reached: 192.168.142.104MB
INFO request from 192.168.107.168
INFO processed 192.168.215.207 items
DEBUG heap size: 192.168.36.209
FATAL out of memory
DEBUG heap size: 192.168.121.141
DEBUG variable x=192.168.82.31
INFO connection established
FATAL kernel panic
ERROR connection timeout 503
ERROR file not found: /tmp/192.168.57.185.log
ERROR null pointer in module 192.168.92.139
DEBUG entering function foo
DEBUG cache hit for key=192.168.193.243
FATAL out of memory
WARN retry attempt 192.168.141.220 for 17689
INFO processed 192.168.229.48 items
DEBUG heap size: 192.168.178.6
ERROR null pointer in module 192.168.92.139
ERROR file not found: /tmp/192.168.211.158.log
ERROR connection timeout 503
WARN disk usage 192.168.9.50%
DEBUG entering function foo
INFO request from 192.168.142.104
DEBUG heap size: 192.168.178.215
ERROR connection timeout 503
DEBUG entering function foo
DEBUG cache hit for key=192.168.229.48
INFO request from 192.168.82.31
INFO connection established
WARN disk usage 192.168.57.185%
DEBUG cache hit for key=192.168.121.141
ERROR connection timeout 503
INFO request from 192.168.36.209
WARN disk usage 192.168.211.158%
WARN slow query: 192.168.178.215ms
INFO connection established
INFO user 192.168.92.139 logged in
DEBUG variable x=192.168.142.104
DEBUG cache hit for key=192.168.219.168
WARN memory threshold reached: 192.168.219.168MB
FATAL kernel panic
ERROR auth failure for user 192.168.92.139
WARN disk usage 192.168.36.209%
DEBUG heap size: 192.168.219.168
DEBUG entering function foo
WARN slow query: 192.168.215.207ms
WARN retry attempt 192.168.197.186 for 20286
ERROR connection timeout 503
INFO connection established
INFO user 192.168.178.215 logged in
WARN retry attempt 192.168.9.50 for 60631
ERROR auth failure for user 192.168.60.30
DEBUG heap size: 192.168.121.141
ERROR auth failure for user 192.168.60.30
ERROR connection timeout 503
WARN slow query: 192.168.92.139ms
INFO processed 192.168.60.30 items
DEBUG heap size: 192.168.142.104
INFO request from 192.168.229.48
WARN disk usage 192.168.178.215%
WARN slow query: 192.168.229.48ms
DEBUG entering function foo
WARN retry attempt 192.168.211.158 for 89818
FATAL kernel panic
INFO user 192.168.60.30 logged in
ERROR null pointer in module 192.168.197.186
DEBUG heap size: 192.168.211.158
INFO connection established
INFO user 192.168.141.220 logged in
FATAL kernel panic
INFO user 192.168.82.31 logged in
INFO processed 192.168.215.207 items
FATAL out of memory
DEBUG cache hit for key=192.168.215.207
ERROR auth failure for user 192.168.229.48
WARN retry attempt 192.168.57.185 for 34041
DEBUG cache hit for key=192.168.107.168
FATAL unrecoverable disk error
FATAL kernel panic
FATAL kernel panic
DEBUG cache hit for key=192.168.141.220
WARN slow query: 192.168.39.155ms
ERROR null pointer in module 192.168.219.168
WARN retry attempt 192.168.197.186 for 20813
ERROR connection timeout 503
DEBUG entering function foo
INFO connection established
ERROR auth failure for user 192.168.39.155
INFO connection established
INFO connection established
DEBUG variable x=192.168.189.144
WARN slow query: 192.168.9.50ms
DEBUG heap size: 192.168.121.141
INFO request from 192.168.178.215
FATAL segfault at address 0x192.168.121.141
WARN slow query: 192.168.178.6ms
INFO request from 192.168.193.243
DEBUG heap size: 192.168.178.6
INFO connection established
INFO processed 192.168.178.6 items
DEBUG variable x=192.168.197.186
ERROR file not found: /tmp/192.168.219.168.log
DEBUG heap size: 192.168.92.139
DEBUG heap size: 192.168.39.155
DEBUG entering function foo
INFO processed 192.168.60.30 items
DEBUG variable x=192.168.178.215
INFO connection established
ERROR auth failure for user 192.168.197.186
ERROR auth failure for user 192.168.121.141
INFO user 192.168.39.155 logged in
INFO request from 192.168.92.139
FATAL out of memory
WARN retry attempt 192.168.60.30 for 20484
WARN retry attempt 192.168.121.141 for 91604
FATAL unrecoverable disk error
INFO processed 192.168.229.48 items
ERROR auth failure for user 192.168.92.139
INFO request from 192.168.211.158
WARN disk usage 192.168.178.215%
ERROR connection timeout 503
ERROR null pointer in module 192.168.211.158
WARN memory threshold reached: 192.168.39.155MB
FATAL segfault at address 0x192.168.193.243
FATAL kernel panic
FATAL segfault at address 0x192.168.107.168
DEBUG heap size: 192.168.178.215
ERROR null pointer in module 192.168.193.243
ERROR connection timeout 503
FATAL out of memory
INFO request from 192.168.229.48
DEBUG cache hit for key=192.168.178.215
FATAL out of memory
FATAL out of memory
INFO connection established
INFO connection established
INFO connection established
DEBUG entering function foo
WARN retry attempt 192.168.60.30 for 14880
FATAL unrecoverable disk error
WARN disk usage 192.168.57.185%
FATAL segfault at address 0x192.168.141.220
INFO connection established
WARN memory threshold reached: 192.168.211.158MB
FATAL kernel panic
FATAL out of memory
FATAL unrecoverable disk error
WARN retry attempt 192.168.189.144 for 21194
FATAL out of memory
FATAL kernel panic
FATAL unrecoverable disk error
INFO connection established
INFO request from 192.168.219.168
WARN retry attempt 192.168.197.186 for 20979
DEBUG variable x=192.168.211.158
FATAL segfault at address 0x192.168.189.144
INFO processed 192.168.142.104 items
DEBUG entering function foo
ERROR connection timeout 503
ERROR file not found: /tmp/192.168.57.185.log
ERROR auth failure for user 192.168.9.50
ERROR file not found: /tmp/192.168.36.209.log
FATAL kernel panic
DEBUG entering function foo
ERROR connection timeout 503
DEBUG variable x=192.168.178.6
INFO user 192.168.142.104 logged in
WARN disk usage 192.168.141.220%
DEBUG variable x=192.168.193.243
INFO user 192.168.193.243 logged in
WARN disk usage 192.168.197.186%
INFO request from 192.168.178.6
DEBUG cache hit for key=192.168.57.185
DEBUG heap size: 192.168.219.168
ERROR auth failure for user 192.168.197.186
FATAL unrecoverable disk error
WARN memory threshold reached: 192.168.36.209MB
FATAL unrecoverable disk error
WARN disk usage 192.168.178.6%
DEBUG cache hit for key=192.168.92.139
ERROR connection timeout 503
ERROR auth failure for user 192.168.141.220
INFO processed 192.168.193.243 items
WARN disk usage 192.168.229.48%
ERROR file not found: /tmp/192.168.9.50.log
DEBUG cache hit for key=192.168.215.207
FATAL unrecoverable disk error
WARN slow query: 192.168.219.168ms
ERROR auth failure for user 192.168.107.168
FATAL segfault at address 0x192.168.211.158
INFO connection established
INFO user 192.168.193.243 logged in
FATAL kernel panic
INFO connection established
DEBUG variable x=192.168.92.139
WARN slow query: 192.168.229.48ms
WARN slow query: 192.168.229.48ms
ERROR auth failure for user 192.168.178.6
WARN memory threshold reached: 192.168.107.168MB
INFO connection established
DEBUG cache hit for key=192.168.178.6
INFO request from 192.168.107.168
ERROR null pointer in module 192.168.229.48
ERROR connection timeout 503
ERROR connection timeout 503
DEBUG cache hit for key=192.168.9.50
INFO request from 192.168.219.168
DEBUG variable x=192.168.57.185
DEBUG variable x=192.168.189.144
INFO connection established
FATAL unrecoverable disk error
WARN slow query: 192.168.189.144ms
FATAL unrecoverable disk error
DEBUG heap size: 192.168.107.168
INFO processed 192.168.219.168 items
DEBUG cache hit for key=192.168.211.158
ERROR connection timeout 503
ERROR null pointer in module 192.168.36.209
WARN memory threshold reached: 192.168.215.207MB
WARN disk usage 192.168.107.168%
WARN memory threshold reached: 192.168.39.155MB
INFO user 192.168.9.50 logged in
ERROR null pointer in module 192.168.36.209
DEBUG entering function foo
DEBUG variable x=192.168.82.31
WARN disk usage 192.168.9.50%
INFO connection established
WARN retry attempt 192.168.178.215 for 15245
INFO processed 192.168.229.48 items
ERROR null pointer in module 192.168.215.207
ERROR null pointer in module 192.168.60.30
INFO user 192.168.82.31 logged in
INFO request from 192.168.197.186
DEBUG heap size: 192.168.142.104
DEBUG heap size: 192.168.107.168
ERROR auth failure for user 192.168.229.48
INFO request from 192.168.229.48
FATAL unrecoverable disk error
WARN retry attempt 192.168.189.144 for 65040
INFO connection established
ERROR file not found: /tmp/192.168.141.220.log
ERROR file not found: /tmp/192.168.39.155.log
DEBUG entering function foo
FATAL segfault at address 0x192.168.57.185
INFO processed 192.168.92.139 items
DEBUG cache hit for key=192.168.39.155
INFO processed 192.168.197.186 items
DEBUG variable x=192.168.82.31
INFO user 192.168.142.104 logged in
WARN memory threshold reached: 192.168.189.144MB
WARN memory threshold reached: 192.168.142.104MB
FATAL out of memory
INFO processed 192.168.92.139 items
WARN slow query: 192.168.60.30ms
ERROR null pointer in module 192.168.121.141
INFO processed 192.168.215.207 items
WARN retry attempt 192.168.141.220 for 59905
DEBUG heap size: 192.168.211.158
FATAL kernel panic
WARN slow query: 192.168.39.155ms
ERROR auth failure for user 192.168.211.158
DEBUG cache hit for key=192.168.178.215
DEBUG cache hit for key=192.168.215.207
FATAL out of memory
ERROR null pointer in module 192.168.229.48
DEBUG variable x=192.168.215.207
WARN disk usage 192.168.39.155%
FATAL kernel panic
INFO user 192.168.9.50 logged in
ERROR connection timeout 503
INFO connection established
ERROR auth failure for user 192.168.141.220
ERROR null pointer in module 192.168.39.155
INFO request from 192.168.211.158
DEBUG entering function foo
INFO processed 192.168.9.50 items
FATAL segfault at address 0x192.168.189.144
DEBUG heap size: 192.168.215.207
FATAL kernel panic
FATAL segfault at address 0x192.168.82.31
ERROR null pointer in module 192.168.141.220
ERROR auth failure for user 192.168.178.215
INFO processed 192.168.211.158 items
WARN retry attempt 192.168.107.168 for 87916
WARN memory threshold reached: 192.168.36.209MB
ERROR connection timeout 503
FATAL kernel panic
ERROR null pointer in module 192.168.107.168
ERROR auth failure for user 192.168.229.48
DEBUG heap size: 192.168.229.48
DEBUG heap size: 192.168.141.220
FATAL unrecoverable disk error
DEBUG entering function foo
FATAL unrecoverable disk error
WARN memory threshold reached: 192.168.57.185MB
DEBUG heap size: 192.168.107.168
ERROR file not found: /tmp/192.168.82.31.log
INFO processed 192.168.178.6 items
INFO request from 192.168.141.220
FATAL unrecoverable disk error
INFO user 192.168.178.215 logged in
FATAL out of memory
WARN slow query: 192.168.39.155ms
ERROR auth failure for user 192.168.189.144
WARN slow query: 192.168.141.220ms
WARN retry attempt 192.168.82.31 for 69534
INFO user 192.168.57.185 logged in
FATAL segfault at address 0x192.168.57.185
INFO request from 192.168.39.155
FATAL out of memory
FATAL out of memory
ERROR file not found: /tmp/192.168.57.185.log
DEBUG cache hit for key=192.168.215.207
DEBUG variable x=192.168.211.158
WARN memory threshold reached: 192.168.215.207MB
WARN disk usage 192.168.141.220%
DEBUG variable x=192.168.219.168
FATAL unrecoverable disk error
WARN disk usage 192.168.39.155%
INFO request from 192.168.215.207
FATAL out of memory
DEBUG heap size: 192.168.229.48
INFO connection established
FATAL unrecoverable disk error
FATAL segfault at address 0x192.168.107.168
DEBUG heap size: 192.168.36.209
FATAL segfault at address 0x192.168.178.6
ERROR file not found: /tmp/192.168.189.144.log
ERROR connection timeout 503
DEBUG heap size: 192.168.121.141
ERROR null pointer in module 192.168.211.158
DEBUG variable x=192.168.215.207
DEBUG entering function foo
ERROR connection timeout 503
INFO user 192.168.197.186 logged in
INFO user 192.168.82.31 logged in
INFO user 192.168.142.104 logged in
ERROR connection timeout 503
DEBUG cache hit for key=192.168.36.209
INFO user 192.168.141.220 logged in
FATAL out of memory
INFO connection established
INFO request from 192.168.229.48
WARN slow query: 192.168.211.158ms
DEBUG entering function foo
ERROR connection timeout 503
WARN memory threshold reached: 192.168.211.158MB
INFO user 192.168.60.30 logged in
WARN memory threshold reached: 192.168.9.50MB
FATAL out of memory
WARN retry attempt 192.168.107.168 for 31860
ERROR file not found: /tmp/192.168.215.207.log
INFO request from 192.168.193.243
FATAL kernel panic
FATAL segfault at address 0x192.168.197.186
ERROR null pointer in module 192.168.36.209
INFO connection established
ERROR null pointer in module 192.168.39.155
FATAL kernel panic
DEBUG entering function foo
WARN slow query: 192.168.229.48ms
DEBUG cache hit for key=192.168.229.48
FATAL kernel panic
ERROR auth failure for user 192.168.107.168
ERROR null pointer in module 192.168.189.144
FATAL kernel panic
WARN slow query: 192.168.82.31ms
FATAL unrecoverable disk error
FATAL unrecoverable disk error
FATAL kernel panic
FATAL kernel panic
FATAL unrecoverable disk error
DEBUG cache hit for key=192.168.121.141
WARN memory threshold reached: 192.168.60.30MB
WARN memory threshold reached: 192.168.121.141MB
INFO connection established
INFO connection established
DEBUG variable x=192.168.189.144
WARN disk usage 192.168.39.155%
INFO request from 192.168.178.215
INFO request from 192.168.178.215
FATAL out of memory
DEBUG variable x=192.168.141.220
FATAL kernel panic
FATAL kernel panic
FATAL kernel panic
ERROR file not found: /tmp/192.168.229.48.log
INFO user 192.168.107.168 logged in
FATAL unrecoverable disk error
INFO connection established
DEBUG heap size: 192.168.9.50
FATAL out of memory
FATAL kernel panic
FATAL out of memory
FATAL unrecoverable disk error
ERROR file not found: /tmp/192.168.57.185.log
DEBUG heap size: 192.168.82.31
ERROR connection timeout 503
FATAL segfault at address 0x192.168.219.168
WARN disk usage 192.168.178.215%
WARN slow query: 192.168.197.186ms
INFO user 192.168.57.185 logged in
INFO processed 192.168.82.31 items
ERROR connection timeout 503
ERROR null pointer in module 192.168.219.168
INFO request from 192.168.219.168
DEBUG entering function foo
FATAL unrecoverable disk error
WARN disk usage 192.168.178.6%
FATAL kernel panic
ERROR connection timeout 503
INFO user 192.168.178.215 logged in
ERROR file not found: /tmp/192.168.92.139.log
DEBUG cache hit for key=192.168.219.168
DEBUG heap size: 192.168.92.139
INFO connection established
DEBUG heap size: 192.168.9.50
DEBUG variable x=192.168.219.168
DEBUG cache hit for key=192.168.189.144
INFO connection established
WARN disk usage 192.168.197.186%
ERROR auth failure for user 192.168.197.186
FATAL out of memory
FATAL out of memory
FATAL out of memory
ERROR file not found: /tmp/192.168.197.186.log
FATAL kernel panic
FATAL out of memory
ERROR null pointer in module 192.168.107.168
WARN disk usage 192.168.178.6%
DEBUG cache hit for key=192.168.142.104
DEBUG cache hit for key=192.168.107.168
INFO connection established
FATAL out of memory
ERROR null pointer in module 192.168.229.48
DEBUG entering function foo
FATAL kernel panic
DEBUG heap size: 192.168.92.139
DEBUG entering function foo
INFO user 192.168.189.144 logged in
WARN slow query: 192.168.82.31ms
INFO connection established
ERROR auth failure for user 192.168.141.220
INFO processed 192.168.178.215 items
DEBUG variable x=192.168.9.50
DEBUG heap size: 192.168.60.30
INFO request from 192.168.121.141
FATAL out of memory
WARN memory threshold reached: 192.168.189.144MB
INFO connection established
DEBUG variable x=192.168.142.104
WARN retry attempt 192.168.92.139 for 6167
WARN memory threshold reached: 192.168.211.158MB
INFO request from 192.168.121.141
ERROR connection timeout 503
INFO connection established
INFO processed 192.168.107.168 items
ERROR file not found: /tmp/192.168.193.243.log
WARN retry attempt 192.168.219.168 for 95212
DEBUG entering function foo
ERROR connection timeout 503
DEBUG cache hit for key=192.168.57.185
WARN slow query: 192.168.219.168ms
ERROR auth failure for user 192.168.9.50
INFO user 192.168.178.6 logged in
DEBUG cache hit for key=192.168.57.185
INFO processed 192.168.189.144 items
FATAL segfault at address 0x192.168.107.168
WARN slow query: 192.168.92.139ms
DEBUG entering function foo
ERROR connection timeout 503
ERROR auth failure for user 192.168.60.30
ERROR auth failure for user 192.168.9.50
WARN disk usage 192.168.36.209%
FATAL out of memory
DEBUG variable x=192.168.107.168
FATAL out of memory
INFO request from 192.168.57.185
DEBUG entering function foo
DEBUG cache hit for key=192.168.142.104
INFO processed 192.168.193.243 items
ERROR file not found: /tmp/192.168.57.185.log
FATAL unrecoverable disk error
DEBUG heap size: 192.168.60.30
ERROR file not found: /tmp/192.168.219.168.log
WARN retry attempt 192.168.197.186 for 82597
FATAL unrecoverable disk error
WARN retry attempt 192.168.178.215 for 43173
INFO request from 192.168.121.141
DEBUG variable x=192.168.92.139
ERROR file not found: /tmp/192.168.193.243.log
INFO user 192.168.178.215 logged in
WARN slow query: 192.168.211.158ms
INFO user 192.168.36.209 logged in
ERROR null pointer in module 192.168.60.30
ERROR null pointer in module 192.168.107.168
ERROR connection timeout 503
WARN slow query: 192.168.107.168ms
DEBUG cache hit for key=192.168.39.155
INFO processed 192.168.211.158 items
INFO connection established
WARN retry attempt 192.168.107.168 for 9307
WARN memory threshold reached: 192.168.107.168MB
ERROR auth failure for user 192.168.189.144
ERROR connection timeout 503
DEBUG cache hit for key=192.168.215.207
FATAL out of memory
INFO user 192.168.178.215 logged in
INFO connection established
WARN slow query: 192.168.178.6ms
DEBUG heap size: 192.168.197.186
WARN memory threshold reached: 192.168.121.141MB
WARN slow query: 192.168.178.6ms
WARN slow query: 192.168.121.141ms
DEBUG heap size: 192.168.9.50
WARN slow query: 192.168.178.6ms
ERROR file not found: /tmp/192.168.211.158.log
FATAL unrecoverable disk error
FATAL kernel panic
FATAL kernel panic
DEBUG cache hit for key=192.168.39.155
INFO connection established
DEBUG cache hit for key=192.168.57.185
DEBUG entering function foo
FATAL segfault at address 0x192.168.9.50
INFO connection established
FATAL kernel panic
INFO connection established
WARN retry attempt 192.168.60.30 for 24386
FATAL unrecoverable disk error
INFO processed 192.168.39.155 items
FATAL unrecoverable disk error
ERROR null pointer in module 192.168.57.185
INFO connection established
INFO request from 192.168.36.209
INFO request from 192.168.178.6
WARN disk usage 192.168.189.144%
FATAL unrecoverable disk error
INFO user 192.168.178.215 logged in
INFO user 192.168.219.168 logged in
DEBUG entering function foo
ERROR file not found: /tmp/192.168.142.104.log
WARN retry attempt 192.168.142.104 for 16625
ERROR connection timeout 503
ERROR connection timeout 503
INFO request from 192.168.107.168
ERROR file not found: /tmp/192.168.57.185.log
INFO connection established
INFO connection established
ERROR null pointer in module 192.168.141.220
DEBUG heap size: 192.168.215.207
DEBUG heap size: 192.168.211.158
ERROR connection timeout 503
INFO user 192.168.60.30 logged in
ERROR connection timeout 503
WARN memory threshold reached: 192.168.82.31MB
WARN memory threshold reached: 192.168.178.215MB
DEBUG heap size: 192.168.178.215
DEBUG entering function foo
DEBUG heap size: 192.168.219.168
WARN memory threshold reached: 192.168.9.50MB
ERROR auth failure for user 192.168.193.243
DEBUG heap size: 192.168.229.48
DEBUG entering function foo
FATAL segfault at address 0x192.168.211.158
ERROR connection timeout 503
ERROR file not found: /tmp/192.168.142.104.log
ERROR auth failure for user 192.168.121.141
INFO processed 192.168.178.6 items
WARN disk usage 192.168.197.186%
FATAL kernel panic
FATAL segfault at address 0x192.168.142.104
WARN memory threshold reached: 192.168.36.209MB
ERROR file not found: /tmp/192.168.141.220.log
INFO connection established
ERROR connection timeout 503
INFO request from 192.168.121.141
FATAL segfault at address 0x192.168.92.139
INFO user 192.168.107.168 logged in
DEBUG entering function foo
INFO connection established
FATAL segfault at address 0x192.168.219.168
INFO connection established
ERROR null pointer in module 192.168.189.144
FATAL unrecoverable disk error
ERROR null pointer in module 192.168.60.30
FATAL segfault at address 0x192.168.189.144
FATAL out of memory
DEBUG entering function foo
WARN slow query: 192.168.178.215ms
FATAL segfault at address 0x192.168.211.158
WARN slow query: 192.168.39.155ms
WARN slow query: 192.168.141.220ms
FATAL unrecoverable disk error
ERROR auth failure for user 192.168.141.220
DEBUG variable x=192.168.92.139
FATAL unrecoverable disk error
ERROR null pointer in module 192.168.36.209
DEBUG heap size: 192.168.142.104
WARN slow query: 192.168.215.207ms
WARN retry attempt 192.168.219.168 for 87230
FATAL kernel panic
WARN slow query: 192.168.193.243ms
INFO user 192.168.219.168 logged in
WARN disk usage 192.168.107.168%
ERROR null pointer in module 192.168.142.104
ERROR auth failure for user 192.168.178.215
DEBUG cache hit for key=192.168.189.144
ERROR file not found: /tmp/192.168.197.186.log
DEBUG entering function foo
WARN retry attempt 192.168.189.144 for 67148
FATAL kernel panic
INFO connection established
ERROR null pointer in module 192.168.107.168
INFO user 192.168.219.168 logged in
DEBUG heap size: 192.168.107.168
ERROR auth failure for user 192.168.60.30
WARN retry attempt 192.168.36.209 for 27809
FATAL kernel panic
DEBUG cache hit for key=192.168.60.30
FATAL unrecoverable disk error
WARN disk usage 192.168.141.220%
FATAL out of memory
DEBUG heap size: 192.168.82.31
FATAL kernel panic
WARN memory threshold reached: 192.168.92.139MB
DEBUG entering function foo
FATAL segfault at address 0x192.168.215.207
WARN retry attempt 192.168.60.30 for 60823
INFO user 192.168.211.158 logged in
ERROR file not found: /tmp/192.168.215.207.log
FATAL segfault at address 0x192.168.219.168
INFO user 192.168.107.168 logged in
FATAL out of memory
ERROR connection timeout 503
FATAL segfault at address 0x192.168.197.186
DEBUG entering function foo
FATAL unrecoverable disk error
WARN disk usage 192.168.39.155%
WARN memory threshold reached: 192.168.60.30MB
DEBUG heap size: 192.168.39.155
WARN slow query: 192.168.39.155ms
FATAL segfault at address 0x192.168.121.141
WARN disk usage 192.168.215.207%
WARN memory threshold reached: 192.168.141.220MB
FATAL unrecoverable disk error
FATAL kernel panic
DEBUG heap size: 192.168.229.48
INFO connection established
WARN slow query: 192.168.82.31ms
WARN memory threshold reached: 192.168.39.155MB
ERROR file not found: /tmp/192.168.215.207.log
DEBUG heap size: 192.168.141.220
DEBUG heap size: 192.168.211.158
FATAL unrecoverable disk error
DEBUG variable x=192.168.39.155
FATAL unrecoverable disk error
ERROR file not found: /tmp/192.168.142.104.log
WARN slow query: 192.168.82.31ms
FATAL out of memory
INFO connection established
INFO connection established
ERROR connection timeout 503
INFO processed 192.168.178.6 items
DEBUG heap size: 192.168.142.104
FATAL kernel panic
FATAL segfault at address 0x192.168.39.155
FATAL segfault at address 0x192.168.197.186
ERROR null pointer in module 192.168.219.168
WARN memory threshold reached: 192.168.178.6MB
DEBUG variable x=192.168.39.155
INFO processed 192.168.215.207 items
WARN disk usage 192.168.142.104%
FATAL out of memory
WARN retry attempt 192.168.215.207 for 79761
ERROR auth failure for user 192.168.211.158
INFO user 192.168.92.139 logged in
ERROR null pointer in module 192.168.141.220
DEBUG entering function foo
ERROR null pointer in module 192.168.189.144
INFO processed 192.168.121.141 items
DEBUG variable x=192.168.142.104
DEBUG variable x=192.168.36.209
FATAL kernel panic
INFO request from 192.168.219.168
ERROR null pointer in module 192.168.82.31
DEBUG variable x=192.168.39.155
INFO connection established
FATAL unrecoverable disk error
FATAL unrecoverable disk error
FATAL kernel panic
ERROR connection timeout 503
WARN disk usage 192.168.9.50%
WARN slow query: 192.168.215.207ms
ERROR auth failure for user 192.168.141.220
WARN slow query: 192.168.107.168ms
ERROR auth failure for user 192.168.121.141
INFO request from 192.168.142.104
WARN disk usage 192.168.142.104%
DEBUG cache hit for key=192.168.36.209
DEBUG heap size: 192.168.82.31
INFO user 192.168.197.186 logged in
DEBUG cache hit for key=192.168.193.243
FATAL unrecoverable disk error
WARN disk usage 192.168.178.215%
DEBUG variable x=192.168.36.209
WARN disk usage 192.168.141.220%
FATAL kernel panic
ERROR connection timeout 503
ERROR null pointer in module 192.168.82.31
FATAL out of memory
WARN retry attempt 192.168.193.243 for 55883
FATAL segfault at address 0x192.168.197.186
ERROR file not found: /tmp/192.168.107.168.log
INFO processed 192.168.9.50 items
DEBUG variable x=192.168.9.50
INFO user 192.168.219.168 logged in
ERROR auth failure for user 192.168.121.141
FATAL kernel panic
INFO connection established
DEBUG heap size: 192.168.92.139
INFO request from 192.168.36.209
DEBUG cache hit for key=192.168.92.139
WARN memory threshold reached: 192.168.57.185MB
INFO user 192.168.189.144 logged in
WARN disk usage 192.168.92.139%
WARN memory threshold reached: 192.168.178.6MB
ERROR connection timeout 503
WARN retry attempt 192.168.211.158 for 61728
WARN slow query: 192.168.229.48ms
DEBUG cache hit for key=192.168.178.6
FATAL segfault at address 0x192.168.189.144
ERROR file not found: /tmp/192.168.82.31.log
ERROR connection timeout 503
WARN disk usage 192.168.229.48%
DEBUG variable x=192.168.211.158
FATAL out of memory
INFO user 192.168.197.186 logged in
ERROR null pointer in module 192.168.60.30
FATAL segfault at address 0x192.168.92.139
ERROR null pointer in module 192.168.178.215
INFO connection established
WARN memory threshold reached: 192.168.141.220MB
INFO processed 192.168.193.243 items
DEBUG heap size: 192.168.229.48
FATAL unrecoverable disk error
ERROR null pointer in module 192.168.121.141
ERROR null pointer in module 192.168.9.50
DEBUG variable x=192.168.36.209
ERROR auth failure for user 192.168.197.186
DEBUG entering function foo
INFO user 192.168.82.31 logged in
FATAL out of memory
ERROR null pointer in module 192.168.92.139
ERROR null pointer in module 192.168.193.243
DEBUG variable x=192.168.219.168
FATAL out of memory
WARN retry attempt 192.168.211.158 for 15768
WARN retry attempt 192.168.107.168 for 80843
INFO connection established
DEBUG heap size: 192.168.178.215
WARN slow query: 192.168.178.215ms
ERROR connection timeout 503
ERROR auth failure for user 192.168.219.168
INFO processed 192.168.141.220 items
FATAL segfault at address 0x192.168.211.158
WARN retry attempt 192.168.178.6 for 99344
INFO connection established
ERROR null pointer in module 192.168.197.186
WARN disk usage 192.168.107.168%
FATAL segfault at address 0x192.168.107.168
WARN retry attempt 192.168.189.144 for 95501
INFO user 192.168.178.215 logged in
WARN slow query: 192.168.219.168ms
INFO connection established
WARN slow query: 192.168.57.185ms
DEBUG cache hit for key=192.168.193.243
ERROR connection timeout 503
ERROR file not found: /tmp/192.168.178.6.log
INFO user 192.168.189.144 logged in
WARN slow query: 192.168.215.207ms
ERROR file not found: /tmp/192.168.141.220.log
INFO request from 192.168.178.215
FATAL segfault at address 0x192.168.178.215
ERROR null pointer in module 192.168.9.50
DEBUG entering function foo
FATAL segfault at address 0x192.168.215.207
DEBUG variable x=192.168.92.139
INFO request from 192.168.178.215
FATAL out of memory
DEBUG cache hit for key=192.168.57.185
ERROR null pointer in module 192.168.229.48
DEBUG variable x=192.168.219.168
DEBUG heap size: 192.168.121.141
FATAL kernel panic
ERROR file not found: /tmp/192.168.36.209.log
ERROR connection timeout 503
FATAL out of memory
FATAL unrecoverable disk error
DEBUG cache hit for key=192.168.197.186
INFO request from 192.168.211.158
DEBUG entering function foo
INFO processed 192.168.142.104 items
WARN disk usage 192.168.142.104%
INFO user 192.168.121.141 logged in
WARN memory threshold reached: 192.168.107.168MB
ERROR null pointer in module 192.168.60.30
WARN disk usage 192.168.197.186%
FATAL unrecoverable disk error
ERROR null pointer in module 192.168.57.185
FATAL unrecoverable disk error
INFO user 192.168.60.30 logged in
WARN memory threshold reached: 192.168.178.6MB
INFO connection established
ERROR auth failure for user 192.168.107.168
FATAL out of memory
INFO user 192.168.92.139 logged in
INFO connection established
INFO connection established
INFO processed 192.168.121.141 items
INFO connection established
WARN slow query: 192.168.178.215ms
INFO connection established
FATAL kernel panic
FATAL kernel panic
INFO user 192.168.178.6 logged in
ERROR null pointer in module 192.168.141.220
INFO request from 192.168.178.6
INFO processed 192.168.39.155 items
ERROR auth failure for user 192.168.197.186
FATAL segfault at address 0x192.168.229.48
ERROR auth failure for user 192.168.193.243
DEBUG cache hit for key=192.168.229.48
ERROR file not found: /tmp/192.168.142.104.log
DEBUG cache hit for key=192.168.219.168
INFO user 192.168.57.185 logged in
FATAL out of memory
ERROR file not found: /tmp/192.168.121.141.log
ERROR file not found: /tmp/192.168.57.185.log
ERROR file not found: /tmp/192.168.229.48.log
ERROR file not found: /tmp/192.168.211.158.log
WARN memory threshold reached: 192.168.142.104MB
FATAL kernel panic
FATAL segfault at address 0x192.168.57.185
WARN memory threshold reached: 192.168.211.158MB
FATAL unrecoverable disk error
WARN slow query: 192.168.189.144ms
ERROR null pointer in module 192.168.141.220
FATAL unrecoverable disk error
INFO user 192.168.9.50 logged in
WARN slow query: 192.168.57.185ms
FATAL out of memory
ERROR auth failure for user 192.168.178.215
ERROR auth failure for user 192.168.82.31
FATAL out of memory
WARN memory threshold reached: 192.168.215.207MB
DEBUG heap size: 192.168.215.207
INFO processed 192.168.189.144 items
INFO request from 192.168.219.168
ERROR auth failure for user 192.168.211.158
ERROR auth failure for user 192.168.107.168
WARN slow query: 192.168.219.168ms
DEBUG entering function foo
WARN memory threshold reached: 192.168.121.141MB
DEBUG cache hit for key=192.168.211.158
FATAL segfault at address 0x192.168.39.155
INFO user 192.168.197.186 logged in
FATAL unrecoverable disk error
WARN retry attempt 192.168.211.158 for 26885
INFO request from 192.168.39.155
FATAL segfault at address 0x192.168.107.168
ERROR file not found: /tmp/192.168.215.207.log
DEBUG variable x=192.168.229.48
ERROR null pointer in module 192.168.178.215
ERROR connection timeout 503
ERROR connection timeout 503
FATAL unrecoverable disk error
INFO request from 192.168.60.30
ERROR connection timeout 503
FATAL out of memory
INFO user 192.168.178.6 logged in
DEBUG entering function foo
WARN retry attempt 192.168.141.220 for 62422
ERROR null pointer in module 192.168.141.220
WARN disk usage 192.168.178.215%
FATAL segfault at address 0x192.168.189.144
DEBUG variable x=192.168.9.50
FATAL unrecoverable disk error
WARN disk usage 192.168.121.141%
DEBUG cache hit for key=192.168.178.6
FATAL out of memory
WARN memory threshold reached: 192.168.60.30MB
FATAL kernel panic
ERROR connection timeout 503
FATAL out of memory
INFO request from 192.168.141.220
FATAL segfault at address 0x192.168.178.215
WARN memory threshold reached: 192.168.60.30MB
WARN memory threshold reached: 192.168.189.144MB
DEBUG heap size: 192.168.178.6
DEBUG heap size: 192.168.178.6
INFO processed 192.168.60.30 items
WARN slow query: 192.168.121.141ms
DEBUG heap size: 192.168.121.141
INFO request from 192.168.178.6
WARN disk usage 192.168.36.209%
ERROR connection timeout 503
FATAL out of memory
DEBUG entering function foo
WARN retry attempt 192.168.36.209 for 63515
DEBUG entering function foo
FATAL segfault at address 0x192.168.219.168
WARN slow query: 192.168.141.220ms
DEBUG entering function foo
DEBUG heap size: 192.168.178.215
DEBUG heap size: 192.168.121.141
WARN memory threshold reached: 192.168.57.185MB
INFO request from 192.168.193.243
DEBUG variable x=192.168.57.185
WARN memory threshold reached: 192.168.142.104MB
ERROR null pointer in module 192.168.229.48
DEBUG heap size: 192.168.92.139
WARN retry attempt 192.168.229.48 for 42360
INFO processed 192.168.178.215 items
DEBUG entering function foo
ERROR connection timeout 503
FATAL segfault at address 0x192.168.215.207
WARN slow query: 192.168.211.158ms
WARN memory threshold reached: 192.168.60.30MB
WARN disk usage 192.168.178.6%
WARN slow query: 192.168.39.155ms
ERROR auth failure for user 192.168.193.243
FATAL segfault at address 0x192.168.36.209
ERROR connection timeout 503
ERROR null pointer in module 192.168.36.209
WARN slow query: 192.168.193.243ms
WARN slow query: 192.168.107.168ms
DEBUG variable x=192.168.189.144
WARN disk usage 192.168.57.185%
ERROR null pointer in module 192.168.229.48
DEBUG heap size: 192.168.121.141
DEBUG heap size: 192.168.9.50
FATAL out of memory
DEBUG heap size: 192.168.36.209
INFO request from 192.168.219.168
INFO connection established
DEBUG variable x=192.168.193.243
INFO connection established
FATAL unrecoverable disk error
FATAL unrecoverable disk error
FATAL segfault at address 0x192.168.219.168
INFO connection established
FATAL segfault at address 0x192.168.60.30
WARN disk usage 192.168.60.30%
FATAL segfault at address 0x192.168.39.155
DEBUG entering function foo
DEBUG entering function foo
DEBUG cache hit for key=192.168.141.220
ERROR auth failure for user 192.168.229.48
FATAL unrecoverable disk error
WARN disk usage 192.168.193.243%
FATAL out of memory
ERROR auth failure for user 192.168.107.168
FATAL out of memory
WARN disk usage 192.168.82.31%
WARN memory threshold reached: 192.168.178.215MB
FATAL segfault at address 0x192.168.36.209
FATAL out of memory
ERROR null pointer in module 192.168.39.155
INFO request from 192.168.229.48
FATAL unrecoverable disk error
INFO user 192.168.219.168 logged in
DEBUG entering function foo
FATAL out of memory
INFO processed 192.168.197.186 items
ERROR connection timeout 503
FATAL segfault at address 0x192.168.193.243
WARN retry attempt 192.168.107.168 for 71400
WARN memory threshold reached: 192.168.178.6MB
DEBUG heap size: 192.168.82.31
FATAL out of memory
INFO processed 192.168.107.168 items
DEBUG variable x=192.168.211.158
ERROR null pointer in module 192.168.57.185
ERROR file not found: /tmp/192.168.193.243.log
DEBUG variable x=192.168.211.158
INFO processed 192.168.9.50 items
INFO processed 192.168.92.139 items
WARN disk usage 192.168.36.209%
INFO request from 192.168.215.207
INFO processed 192.168.211.158 items
FATAL unrecoverable disk error
WARN retry attempt 192.168.178.215 for 60272
ERROR auth failure for user 192.168.142.104
FATAL segfault at address 0x192.168.229.48
INFO user 192.168.229.48 logged in
WARN disk usage 192.168.60.30%
DEBUG heap size: 192.168.36.209
DEBUG cache hit for key=192.168.142.104
ERROR connection timeout 503
WARN retry attempt 192.168.39.155 for 36935
FATAL out of memory
ERROR null pointer in module 192.168.107.168
WARN memory threshold reached: 192.168.193.243MB
DEBUG entering function foo
INFO user 192.168.82.31 logged in
WARN memory threshold reached: 192.168.57.185MB
WARN memory threshold reached: 192.168.215.207MB
INFO request from 192.168.197.186
INFO processed 192.168.211.158 items
FATAL out of memory
DEBUG heap size: 192.168.178.215
FATAL unrecoverable disk error
WARN disk usage 192.168.9.50%
FATAL unrecoverable disk error
INFO connection established
FATAL unrecoverable disk error
ERROR auth failure for user 192.168.36.209
DEBUG entering function foo
FATAL unrecoverable disk error
WARN retry attempt 192.168.107.168 for 24242
INFO request from 192.168.9.50
FATAL out of memory
INFO connection established
FATAL unrecoverable disk error
ERROR connection timeout 503
DEBUG variable x=192.168.107.168
FATAL segfault at address 0x192.168.9.50
ERROR auth failure for user 192.168.229.48
ERROR file not found: /tmp/192.168.219.168.log
FATAL segfault at address 0x192.168.193.243
WARN disk usage 192.168.39.155%
FATAL unrecoverable disk error
WARN retry attempt 192.168.141.220 for 17920
INFO request from 192.168.211.158
ERROR null pointer in module 192.168.92.139
WARN retry attempt 192.168.211.158 for 37962
ERROR file not found: /tmp/192.168.57.185.log
DEBUG variable x=192.168.82.31
WARN memory threshold reached: 192.168.82.31MB
DEBUG variable x=192.168.39.155
ERROR null pointer in module 192.168.9.50
DEBUG cache hit for key=192.168.229.48
ERROR null pointer in module 192.168.189.144
DEBUG entering function foo
WARN slow query: 192.168.92.139ms
ERROR connection timeout 503
INFO connection established
DEBUG heap size: 192.168.219.168
FATAL kernel panic
ERROR null pointer in module 192.168.141.220
INFO connection established
ERROR connection timeout 503
FATAL unrecoverable disk error
ERROR file not found: /tmp/192.168.215.207.log
ERROR auth failure for user 192.168.219.168
DEBUG cache hit for key=192.168.36.209
WARN memory threshold reached: 192.168.107.168MB
DEBUG entering function foo
INFO connection established
DEBUG entering function foo
ERROR file not found: /tmp/192.168.82.31.log
FATAL kernel panic
INFO connection established
FATAL segfault at address 0x192.168.121.141
FATAL unrecoverable disk error
WARN disk usage 192.168.142.104%
FATAL unrecoverable disk error
DEBUG cache hit for key=192.168.107.168
WARN memory threshold reached: 192.168.9.50MB
WARN memory threshold reached: 192.168.9.50MB
INFO user 192.168.189.144 logged in
ERROR auth failure for user 192.168.197.186
WARN memory threshold reached: 192.168.57.185MB
WARN slow query: 192.168.142.104ms
ERROR null pointer in module 192.168.9.50
FATAL kernel panic
FATAL kernel panic
WARN retry attempt 192.168.193.243 for 15770
DEBUG cache hit for key=192.168.9.50
INFO user 192.168.107.168 logged in
FATAL unrecoverable disk error
WARN slow query: 192.168.92.139ms
DEBUG entering function foo
INFO processed 192.168.9.50 items
ERROR auth failure for user 192.168.82.31
WARN disk usage 192.168.82.31%
FATAL unrecoverable disk error
WARN memory threshold reached: 192.168.189.144MB
FATAL out of memory
WARN disk usage 192.168.229.48%
INFO user 192.168.219.168 logged in
FATAL out of memory
ERROR null pointer in module 192.168.36.209
DEBUG cache hit for key=192.168.60.30
DEBUG entering function foo
FATAL unrecoverable disk error
ERROR auth failure for user 192.168.57.185
ERROR auth failure for user 192.168.60.30
WARN retry attempt 192.168.189.144 for 94080
ERROR null pointer in module 192.168.211.158
ERROR connection timeout 503
ERROR auth failure for user 192.168.36.209
ERROR auth failure for user 192.168.107.168
DEBUG entering function foo
DEBUG cache hit for key=192.168.215.207
INFO processed 192.168.197.186 items
INFO connection established
ERROR null pointer in module 192.168.107.168
INFO processed 192.168.219.168 items
DEBUG entering function foo
WARN retry attempt 192.168.82.31 for 37492
ERROR auth failure for user 192.168.107.168
WARN slow query: 192.168.197.186ms
DEBUG variable x=192.168.141.220
WARN retry attempt 192.168.189.144 for 73915
INFO user 192.168.60.30 logged in
DEBUG variable x=192.168.121.141
WARN slow query: 192.168.121.141ms
WARN disk usage 192.168.92.139%
INFO request from 192.168.178.215
DEBUG variable x=192.168.178.215
WARN memory threshold reached: 192.168.189.144MB
ERROR null pointer in module 192.168.215.207
DEBUG entering function foo
FATAL out of memory
INFO processed 192.168.178.215 items
WARN retry attempt 192.168.215.207 for 6546
INFO request from 192.168.82.31
DEBUG variable x=192.168.211.158
WARN slow query: 192.168.178.215ms
DEBUG heap size: 192.168.39.155
WARN disk usage 192.168.189.144%
DEBUG entering function foo
DEBUG heap size: 192.168.82.31
FATAL unrecoverable disk error
DEBUG heap size: 192.168.189.144
WARN slow query: 192.168.9.50ms
ERROR connection timeout 503
FATAL kernel panic
WARN memory threshold reached: 192.168.141.220MB
ERROR connection timeout 503
WARN disk usage 192.168.142.104%
INFO user 192.168.141.220 logged in
WARN disk usage 192.168.178.6%
ERROR file not found: /tmp/192.168.39.155.log
INFO user 192.168.57.185 logged in
INFO connection established
FATAL unrecoverable disk error
ERROR null pointer in module 192.168.36.209
ERROR null pointer in module 192.168.142.104
DEBUG variable x=192.168.142.104
WARN slow query: 192.168.9.50ms
ERROR auth failure for user 192.168.107.168
DEBUG entering function foo
INFO connection established
ERROR null pointer in module 192.168.9.50
FATAL unrecoverable disk error
DEBUG cache hit for key=192.168.60.30
WARN memory threshold reached: 192.168.215.207MB
WARN slow query: 192.168.121.141ms
DEBUG heap size: 192.168.141.220
FATAL kernel panic
DEBUG heap size: 192.168.57.185
INFO processed 192.168.219.168 items
ERROR connection timeout 503
FATAL segfault at address 0x192.168.36.209
INFO processed 192.168.215.207 items
INFO request from 192.168.82.31
DEBUG heap size: 192.168.189.144
DEBUG variable x=192.168.36.209
WARN memory threshold reached: 192.168.141.220MB
WARN slow query: 192.168.141.220ms
DEBUG cache hit for key=192.168.219.168
ERROR null pointer in module 192.168.121.141
FATAL kernel panic
FATAL kernel panic
WARN slow query: 192.168.193.243ms
ERROR null pointer in module 192.168.9.50
DEBUG heap size: 192.168.215.207
INFO user 192.168.197.186 logged in
DEBUG cache hit for key=192.168.36.209
WARN memory threshold reached: 192.168.211.158MB
WARN memory threshold reached: 192.168.39.155MB
INFO connection established
FATAL out of memory
FATAL out of memory
WARN retry attempt 192.168.219.168 for 88050
INFO processed 192.168.60.30 items
DEBUG cache hit for key=192.168.219.168
FATAL out of memory
DEBUG variable x=192.168.60.30
ERROR auth failure for user 192.168.9.50
DEBUG variable x=192.168.36.209
WARN memory threshold reached: 192.168.197.186MB
WARN slow query: 192.168.92.139ms
INFO user 192.168.178.215 logged in
FATAL unrecoverable disk error
DEBUG entering function foo
FATAL kernel panic
DEBUG cache hit for key=192.168.211.158
FATAL kernel panic
INFO connection established
DEBUG heap size: 192.168.36.209
ERROR null pointer in module 192.168.193.243
FATAL unrecoverable disk error
FATAL segfault at address 0x192.168.197.186
INFO processed 192.168.36.209 items
DEBUG variable x=192.168.60.30
INFO request from 192.168.92.139
DEBUG variable x=192.168.178.215
ERROR connection timeout 503
FATAL out of memory
WARN memory threshold reached: 192.168.36.209MB
DEBUG heap size: 192.168.141.220
DEBUG entering function foo
ERROR auth failure for user 192.168.211.158
INFO request from 192.168.189.144
DEBUG variable x=192.168.178.6
FATAL unrecoverable disk error
ERROR connection timeout 503
FATAL out of memory
INFO user 192.168.197.186 logged in
WARN memory threshold reached: 192.168.82.31MB
DEBUG entering function foo
INFO processed 192.168.9.50 items
DEBUG entering function foo
INFO request from 192.168.215.207
INFO connection established
DEBUG cache hit for key=192.168.178.6
ERROR file not found: /tmp/192.168.39.155.log
WARN memory threshold reached: 192.168.189.144MB
DEBUG cache hit for key=192.168.92.139
INFO request from 192.168.82.31
ERROR auth failure for user 192.168.82.31
FATAL segfault at address 0x192.168.36.209
FATAL out of memory
ERROR auth failure for user 192.168.219.168
WARN disk usage 192.168.121.141%
ERROR null pointer in module 192.168.219.168
DEBUG heap size: 192.168.219.168
INFO connection established
ERROR file not found: /tmp/192.168.107.168.log
ERROR auth failure for user 192.168.39.155
INFO connection established
ERROR null pointer in module 192.168.39.155
FATAL out of memory
INFO processed 192.168.211.158 items
ERROR file not found: /tmp/192.168.229.48.log
FATAL out of memory
FATAL unrecoverable disk error
FATAL out of memory
WARN slow query: 192.168.219.168ms
INFO processed 192.168.142.104 items
ERROR null pointer in module 192.168.178.215
FATAL unrecoverable disk error
FATAL out of memory
DEBUG cache hit for key=192.168.121.141
DEBUG heap size: 192.168.142.104
FATAL unrecoverable disk error
INFO user 192.168.211.158 logged in
DEBUG heap size: 192.168.189.144
DEBUG cache hit for key=192.168.215.207
DEBUG variable x=192.168.193.243
DEBUG entering function foo
FATAL unrecoverable disk error
FATAL kernel panic
ERROR connection timeout 503
DEBUG entering function foo
DEBUG variable x=192.168.121.141
INFO user 192.168.107.168 logged in
FATAL kernel panic
WARN memory threshold reached: 192.168.178.6MB
DEBUG heap size: 192.168.82.31
INFO connection established
INFO processed 192.168.82.31 items
DEBUG variable x=192.168.211.158
DEBUG variable x=192.168.219.168
INFO request from 192.168.36.209
INFO processed 192.168.9.50 items
WARN slow query: 192.168.193.243ms
ERROR file not found: /tmp/192.168.107.168.log
WARN slow query: 192.168.189.144ms
WARN retry attempt 192.168.211.158 for 86946
FATAL segfault at address 0x192.168.9.50
ERROR file not found: /tmp/192.168.60.30.log
ERROR null pointer in module 192.168.141.220
WARN retry attempt 192.168.193.243 for 28688
WARN retry attempt 192.168.189.144 for 36791
ERROR null pointer in module 192.168.92.139
ERROR file not found: /tmp/192.168.215.207.log
WARN memory threshold reached: 192.168.178.215MB
INFO user 192.168.92.139 logged in
INFO processed 192.168.219.168 items
ERROR null pointer in module 192.168.178.215
WARN memory threshold reached: 192.168.36.209MB
ERROR null pointer in module 192.168.193.243
ERROR connection timeout 503
WARN memory threshold reached: 192.168.229.48MB
ERROR auth failure for user 192.168.197.186
INFO processed 192.168.82.31 items
WARN disk usage 192.168.193.243%
WARN retry attempt 192.168.60.30 for 47341
DEBUG entering function foo
ERROR null pointer in module 192.168.229.48
DEBUG variable x=192.168.39.155
WARN memory threshold reached: 192.168.82.31MB
INFO request from 192.168.39.155
INFO processed 192.168.36.209 items
WARN retry attempt 192.168.193.243 for 87420
DEBUG entering function foo
DEBUG heap size: 192.168.36.209
FATAL segfault at address 0x192.168.121.141
DEBUG entering function foo
WARN disk usage 192.168.229.48%
DEBUG cache hit for key=192.168.141.220
INFO request from 192.168.36.209
FATAL segfault at address 0x192.168.57.185
ERROR file not found: /tmp/192.168.141.220.log
DEBUG variable x=192.168.36.209
WARN disk usage 192.168.197.186%
ERROR file not found: /tmp/192.168.229.48.log
WARN memory threshold reached: 192.168.92.139MB
ERROR auth failure for user 192.168.193.243
DEBUG cache hit for key=192.168.219.168
FATAL unrecoverable disk error
WARN retry attempt 192.168.178.215 for 44856
DEBUG cache hit for key=192.168.9.50
FATAL out of memory
WARN disk usage 192.168.189.144%
WARN retry attempt 192.168.193.243 for 40982
INFO processed 192.168.60.30 items
INFO processed 192.168.229.48 items
DEBUG heap size: 192.168.39.155
INFO processed 192.168.197.186 items
DEBUG entering function foo
WARN slow query: 192.168.193.243ms
INFO processed 192.168.197.186 items
INFO processed 192.168.107.168 items
WARN disk usage 192.168.215.207%
ERROR null pointer in module 192.168.229.48
FATAL out of memory
INFO request from 192.168.82.31
INFO request from 192.168.57.185
FATAL segfault at address 0x192.168.189.144
ERROR connection timeout 503
DEBUG cache hit for key=192.168.82.31
FATAL unrecoverable disk error
ERROR null pointer in module 192.168.57.185
DEBUG entering function foo
INFO request from 192.168.178.215
WARN disk usage 192.168.178.215%
INFO request from 192.168.36.209
FATAL unrecoverable disk error
WARN disk usage 192.168.36.209%
INFO connection established
WARN memory threshold reached: 192.168.219.168MB
WARN slow query: 192.168.211.158ms
INFO request from 192.168.121.141
WARN retry attempt 192.168.178.6 for 3183
WARN retry attempt 192.168.141.220 for 11152
FATAL unrecoverable disk error
ERROR file not found: /tmp/192.168.57.185.log
DEBUG entering function foo
ERROR connection timeout 503
DEBUG heap size: 192.168.36.209
FATAL out of memory
INFO processed 192.168.142.104 items
ERROR auth failure for user 192.168.229.48
DEBUG heap size: 192.168.36.209
FATAL out of memory
FATAL kernel panic
INFO connection established
FATAL unrecoverable disk error
DEBUG cache hit for key=192.168.39.155
ERROR null pointer in module 192.168.219.168
DEBUG cache hit for key=192.168.36.209
FATAL kernel panic
ERROR file not found: /tmp/192.168.193.243.log
FATAL out of memory
DEBUG cache hit for key=192.168.197.186
DEBUG variable x=192.168.229.48
INFO processed 192.168.215.207 items
FATAL kernel panic
DEBUG entering function foo
WARN disk usage 192.168.229.48%
WARN slow query: 192.168.39.155ms
ERROR connection timeout 503
DEBUG cache hit for key=192.168.107.168
INFO user 192.168.9.50 logged in
ERROR file not found: /tmp/192.168.178.215.log
DEBUG entering function foo
FATAL out of memory
INFO connection established
DEBUG variable x=192.168.142.104
INFO connection established
DEBUG variable x=192.168.92.139
INFO connection established
INFO connection established
INFO request from 192.168.92.139
INFO request from 192.168.211.158
DEBUG heap size: 192.168.57.185
DEBUG entering function foo
DEBUG heap size: 192.168.57.185
ERROR connection timeout 503
FATAL segfault at address 0x192.168.219.168
ERROR auth failure for user 192.168.60.30
DEBUG cache hit for key=192.168.36.209
WARN disk usage 192.168.60.30%
DEBUG heap size: 192.168.121.141
INFO user 192.168.92.139 logged in
DEBUG cache hit for key=192.168.121.141
INFO processed 192.168.107.168 items
WARN disk usage 192.168.121.141%
DEBUG cache hit for key=192.168.178.215
WARN retry attempt 192.168.9.50 for 79366
ERROR auth failure for user 192.168.82.31
WARN retry attempt 192.168.211.158 for 15059
FATAL unrecoverable disk error
ERROR connection timeout 503
ERROR connection timeout 503
ERROR auth failure for user 192.168.9.50
FATAL segfault at address 0x192.168.211.158
INFO processed 192.168.211.158 items
FATAL unrecoverable disk error
WARN slow query: 192.168.141.220ms
DEBUG entering function foo
ERROR file not found: /tmp/192.168.60.30.log
INFO connection established
ERROR connection timeout 503
ERROR null pointer in module 192.168.229.48
ERROR auth failure for user 192.168.141.220
WARN disk usage 192.168.189.144%
ERROR connection timeout 503
DEBUG cache hit for key=192.168.229.48
FATAL unrecoverable disk error
ERROR null pointer in module 192.168.141.220
WARN slow query: 192.168.107.168ms
ERROR file not found: /tmp/192.168.211.158.log
FATAL kernel panic
ERROR connection timeout 503
FATAL unrecoverable disk error
WARN memory threshold reached: 192.168.219.168MB
FATAL unrecoverable disk error
INFO request from 192.168.193.243
INFO connection established
INFO processed 192.168.60.30 items
WARN memory threshold reached: 192.168.197.186MB
DEBUG cache hit for key=192.168.60.30
INFO request from 192.168.189.144
ERROR auth failure for user 192.168.36.209
INFO user 192.168.219.168 logged in
FATAL unrecoverable disk error
FATAL out of memory
FATAL kernel panic
WARN slow query: 192.168.215.207ms
FATAL segfault at address 0x192.168.178.6
WARN slow query: 192.168.82.31ms
DEBUG cache hit for key=192.168.229.48
DEBUG heap size: 192.168.121.141
WARN slow query: 192.168.142.104ms
WARN disk usage 192.168.92.139%
FATAL out of memory
DEBUG heap size: 192.168.141.220
WARN slow query: 192.168.57.185ms
ERROR auth failure for user 192.168.121.141
FATAL kernel panic
ERROR auth failure for user 192.168.9.50
ERROR file not found: /tmp/192.168.82.31.log
INFO processed 192.168.92.139 items
DEBUG variable x=192.168.178.6
FATAL out of memory
INFO request from 192.168.121.141
DEBUG heap size: 192.168.189.144
ERROR file not found: /tmp/192.168.141.220.log
INFO request from 192.168.211.158
INFO processed 192.168.121.141 items
DEBUG heap size: 192.168.82.31
WARN retry attempt 192.168.178.6 for 4802
DEBUG cache hit for key=192.168.82.31
INFO processed 192.168.229.48 items
WARN retry attempt 192.168.193.243 for 67619
WARN memory threshold reached: 192.168.142.104MB
ERROR auth failure for user 192.168.82.31
FATAL out of memory
WARN memory threshold reached: 192.168.82.31MB
INFO connection established
DEBUG heap size: 192.168.197.186
FATAL unrecoverable disk error
DEBUG cache hit for key=192.168.219.168
INFO request from 192.168.229.48
INFO processed 192.168.60.30 items
FATAL kernel panic
FATAL segfault at address 0x192.168.193.243
DEBUG entering function foo
WARN memory threshold reached: 192.168.121.141MB
ERROR auth failure for user 192.168.60.30
INFO request from 192.168.219.168
ERROR file not found: /tmp/192.168.82.31.log
FATAL kernel panic
FATAL kernel panic
WARN disk usage 192.168.92.139%
FATAL unrecoverable disk error
ERROR auth failure for user 192.168.142.104
DEBUG heap size: 192.168.211.158
DEBUG variable x=192.168.141.220
FATAL kernel panic
ERROR connection timeout 503
INFO request from 192.168.219.168
INFO user 192.168.107.168 logged in
INFO user 192.168.36.209 logged in
INFO connection established
FATAL unrecoverable disk error
INFO connection established
WARN retry attempt 192.168.107.168 for 12340
FATAL out of memory
WARN memory threshold reached: 192.168.178.215MB
FATAL segfault at address 0x192.168.36.209
DEBUG entering function foo
WARN disk usage 192.168.82.31%
ERROR null pointer in module 192.168.193.243
DEBUG variable x=192.168.215.207
DEBUG cache hit for key=192.168.9.50
DEBUG cache hit for key=192.168.121.141
ERROR file not found: /tmp/192.168.141.220.log
FATAL out of memory
DEBUG cache hit for key=192.168.178.215
INFO user 192.168.142.104 logged in
FATAL out of memory
ERROR connection timeout 503
INFO user 192.168.211.158 logged in
FATAL segfault at address 0x192.168.229.48
FATAL unrecoverable disk error
INFO connection established
ERROR null pointer in module 192.168.178.6
ERROR auth failure for user 192.168.229.48
WARN memory threshold reached: 192.168.57.185MB
ERROR connection timeout 503
DEBUG variable x=192.168.92.139
INFO request from 192.168.82.31
WARN memory threshold reached: 192.168.197.186MB
INFO user 192.168.107.168 logged in
ERROR auth failure for user 192.168.215.207
INFO user 192.168.9.50 logged in
INFO user 192.168.215.207 logged in
FATAL unrecoverable disk error
INFO processed 192.168.193.243 items
FATAL kernel panic
WARN disk usage 192.168.215.207%
WARN retry attempt 192.168.229.48 for 37261
INFO connection established
INFO user 192.168.142.104 logged in
ERROR file not found: /tmp/192.168.141.220.log
DEBUG cache hit for key=192.168.229.48
FATAL segfault at address 0x192.168.82.31
ERROR connection timeout 503
ERROR null pointer in module 192.168.178.215
INFO user 192.168.82.31 logged in
ERROR null pointer in module 192.168.142.104
WARN slow query: 192.168.121.141ms
FATAL unrecoverable disk error
FATAL segfault at address 0x192.168.197.186
FATAL kernel panic
WARN slow query: 192.168.211.158ms
ERROR null pointer in module 192.168.39.155
FATAL segfault at address 0x192.168.39.155
ERROR connection timeout 503
DEBUG heap size: 192.168.178.6
DEBUG cache hit for key=192.168.82.31
DEBUG variable x=192.168.107.168
INFO user 192.168.39.155 logged in
WARN slow query: 192.168.219.168ms
ERROR null pointer in module 192.168.142.104
WARN disk usage 192.168.92.139%
FATAL kernel panic
DEBUG heap size: 192.168.219.168
WARN retry attempt 192.168.178.6 for 94792
INFO connection established
INFO user 192.168.82.31 logged in
ERROR file not found: /tmp/192.168.107.168.log
WARN disk usage 192.168.142.104%
ERROR auth failure for user 192.168.219.168
WARN disk usage 192.168.36.209%
WARN memory threshold reached: 192.168.92.139MB
DEBUG heap size: 192.168.92.139
INFO user 192.168.39.155 logged in
WARN disk usage 192.168.36.209%
DEBUG entering function foo
ERROR null pointer in module 192.168.229.48
ERROR file not found: /tmp/192.168.215.207.log
ERROR auth failure for user 192.168.215.207
WARN memory threshold reached: 192.168.9.50MB
DEBUG heap size: 192.168.141.220
FATAL segfault at address 0x192.168.57.185
DEBUG variable x=192.168.189.144
ERROR null pointer in module 192.168.82.31
DEBUG entering function foo
WARN retry attempt 192.168.36.209 for 92814
ERROR null pointer in module 192.168.193.243
ERROR null pointer in module 192.168.60.30
ERROR file not found: /tmp/192.168.9.50.log
DEBUG entering function foo
WARN retry attempt 192.168.178.215 for 27694
FATAL segfault at address 0x192.168.211.158
FATAL kernel panic
DEBUG variable x=192.168.36.209
INFO user 192.168.39.155 logged in
ERROR connection timeout 503
DEBUG heap size: 192.168.57.185
ERROR file not found: /tmp/192.168.197.186.log
ERROR null pointer in module 192.168.9.50
ERROR auth failure for user 192.168.211.158
ERROR null pointer in module 192.168.92.139
DEBUG heap size: 192.168.219.168
ERROR file not found: /tmp/192.168.82.31.log
WARN memory threshold reached: 192.168.178.215MB
WARN memory threshold reached: 192.168.178.6MB
INFO processed 192.168.39.155 items
DEBUG entering function foo
ERROR null pointer in module 192.168.92.139
WARN disk usage 192.168.197.186%
DEBUG heap size: 192.168.9.50
WARN disk usage 192.168.178.215%
ERROR file not found: /tmp/192.168.141.220.log
DEBUG variable x=192.168.142.104
ERROR auth failure for user 192.168.141.220
FATAL out of memory
DEBUG cache hit for key=192.168.60.30
WARN slow query: 192.168.193.243ms
FATAL unrecoverable disk error
WARN retry attempt 192.168.142.104 for 32004
FATAL segfault at address 0x192.168.9.50
INFO user 192.168.229.48 logged in
INFO processed 192.168.9.50 items
DEBUG variable x=192.168.197.186
DEBUG variable x=192.168.189.144
INFO user 192.168.178.6 logged in
WARN slow query: 192.168.189.144ms
FATAL kernel panic
DEBUG variable x=192.168.142.104
INFO processed 192.168.197.186 items
ERROR connection timeout 503
WARN slow query: 192.168.39.155ms
DEBUG heap size: 192.168.215.207
DEBUG cache hit for key=192.168.39.155
FATAL kernel panic
ERROR auth failure for user 192.168.82.31
WARN memory threshold reached: 192.168.193.243MB
WARN retry attempt 192.168.107.168 for 69043
FATAL out of memory
INFO connection established
INFO connection established
WARN disk usage 192.168.142.104%
ERROR auth failure for user 192.168.82.31
ERROR auth failure for user 192.168.36.209
WARN disk usage 192.168.193.243%
INFO request from 192.168.92.139
ERROR connection timeout 503
WARN slow query: 192.168.57.185ms
FATAL out of memory
FATAL segfault at address 0x192.168.229.48
ERROR file not found: /tmp/192.168.178.215.log
DEBUG entering function foo
WARN retry attempt 192.168.121.141 for 2188
INFO connection established
INFO user 192.168.189.144 logged in
ERROR null pointer in module 192.168.178.215
ERROR file not found: /tmp/192.168.121.141.log
DEBUG entering function foo
FATAL unrecoverable disk error
WARN retry attempt 192.168.141.220 for 35067
ERROR file not found: /tmp/192.168.92.139.log
WARN memory threshold reached: 192.168.82.31MB
FATAL segfault at address 0x192.168.229.48
DEBUG heap size: 192.168.92.139
WARN retry attempt 192.168.82.31 for 81249
DEBUG cache hit for key=192.168.189.144
FATAL kernel panic
FATAL out of memory
WARN memory threshold reached: 192.168.141.220MB
INFO request from 192.168.178.6
WARN disk usage 192.168.92.139%
DEBUG variable x=192.168.141.220
DEBUG cache hit for key=192.168.211.158
WARN memory threshold reached: 192.168.82.31MB
WARN memory threshold reached: 192.168.121.141MB
FATAL segfault at address 0x192.168.178.6
INFO request from 192.168.178.6
DEBUG entering function foo
WARN memory threshold reached: 192.168.219.168MB
WARN disk usage 192.168.189.144%
ERROR connection timeout 503
DEBUG cache hit for key=192.168.193.243
INFO request from 192.168.189.144
INFO request from 192.168.141.220
WARN retry attempt 192.168.107.168 for 58954
ERROR connection timeout 503
FATAL kernel panic
FATAL segfault at address 0x192.168.142.104
ERROR null pointer in module 192.168.9.50
WARN retry attempt 192.168.178.215 for 15687
FATAL unrecoverable disk error
DEBUG entering function foo
FATAL segfault at address 0x192.168.142.104
DEBUG heap size: 192.168.178.215
DEBUG variable x=192.168.107.168
DEBUG heap size: 192.168.211.158
FATAL out of memory
FATAL unrecoverable disk error
WARN memory threshold reached: 192.168.121.141MB
FATAL unrecoverable disk error
INFO connection established
ERROR file not found: /tmp/192.168.211.158.log
ERROR null pointer in module 192.168.36.209
FATAL unrecoverable disk error
FATAL out of memory
WARN memory threshold reached: 192.168.36.209MB
WARN slow query: 192.168.36.209ms
INFO processed 192.168.60.30 items
INFO connection established
DEBUG heap size: 192.168.197.186
WARN slow query: 192.168.36.209ms
INFO processed 192.168.121.141 items
FATAL segfault at address 0x192.168.189.144
WARN memory threshold reached: 192.168.60.30MB
FATAL out of memory
FATAL kernel panic
DEBUG cache hit for key=192.168.92.139
INFO connection established
ERROR file not found: /tmp/192.168.178.215.log
WARN slow query: 192.168.211.158ms
FATAL segfault at address 0x192.168.60.30
FATAL out of memory
FATAL segfault at address 0x192.168.9.50
WARN memory threshold reached: 192.168.60.30MB
ERROR file not found: /tmp/192.168.193.243.log
INFO connection established
ERROR null pointer in module 192.168.211.158
ERROR auth failure for user 192.168.189.144
ERROR connection timeout 503
INFO connection established
DEBUG variable x=192.168.141.220
ERROR connection timeout 503
FATAL segfault at address 0x192.168.39.155
FATAL out of memory
DEBUG entering function foo
WARN retry attempt 192.168.57.185 for 73416
INFO user 192.168.178.215 logged in
FATAL out of memory
FATAL out of memory
WARN slow query: 192.168.36.209ms
INFO user 192.168.189.144 logged in
ERROR null pointer in module 192.168.141.220
DEBUG cache hit for key=192.168.57.185
ERROR null pointer in module 192.168.107.168
WARN slow query: 192.168.215.207ms
ERROR file not found: /tmp/192.168.211.158.log
INFO connection established
FATAL unrecoverable disk error
INFO request from 192.168.121.141
INFO connection established
INFO request from 192.168.9.50
FATAL segfault at address 0x192.168.9.50
WARN slow query: 192.168.219.168ms
ERROR connection timeout 503
WARN retry attempt 192.168.92.139 for 28680
ERROR file not found: /tmp/192.168.197.186.log
WARN slow query: 192.168.142.104ms
DEBUG entering function foo
INFO request from 192.168.219.168
WARN retry attempt 192.168.82.31 for 82380
INFO processed 192.168.197.186 items
ERROR file not found: /tmp/192.168.189.144.log
DEBUG cache hit for key=192.168.215.207
INFO processed 192.168.39.155 items
DEBUG variable x=192.168.82.31
ERROR null pointer in module 192.168.197.186
INFO user 192.168.82.31 logged in
WARN retry attempt 192.168.189.144 for 46949
ERROR file not found: /tmp/192.168.121.141.log
ERROR null pointer in module 192.168.215.207
ERROR auth failure for user 192.168.107.168
FATAL unrecoverable disk error
FATAL unrecoverable disk error
ERROR auth failure for user 192.168.60.30
WARN slow query: 192.168.36.209ms
WARN memory threshold reached: 192.168.36.209MB
WARN memory threshold reached: 192.168.178.215MB
FATAL unrecoverable disk error
ERROR connection timeout 503
FATAL segfault at address 0x192.168.9.50
DEBUG variable x=192.168.215.207
WARN disk usage 192.168.141.220%
WARN disk usage 192.168.189.144%
INFO processed 192.168.57.185 items
FATAL kernel panic
ERROR connection timeout 503
WARN retry attempt 192.168.9.50 for 2068
WARN memory threshold reached: 192.168.178.6MB
ERROR connection timeout 503
ERROR file not found: /tmp/192.168.211.158.log
INFO processed 192.168.36.209 items
WARN memory threshold reached: 192.168.211.158MB
WARN disk usage 192.168.121.141%
INFO user 192.168.9.50 logged in
INFO user 192.168.60.30 logged in
DEBUG cache hit for key=192.168.142.104
INFO connection established
ERROR null pointer in module 192.168.142.104
FATAL unrecoverable disk error
ERROR auth failure for user 192.168.9.50
INFO user 192.168.211.158 logged in
FATAL segfault at address 0x192.168.178.215
ERROR connection timeout 503
FATAL out of memory
DEBUG variable x=192.168.82.31
DEBUG heap size: 192.168.219.168
WARN disk usage 192.168.36.209%
WARN retry attempt 192.168.121.141 for 40216
FATAL unrecoverable disk error
DEBUG heap size: 192.168.197.186
FATAL unrecoverable disk error
INFO user 192.168.178.6 logged in
WARN slow query: 192.168.39.155ms
WARN slow query: 192.168.142.104ms
DEBUG heap size: 192.168.107.168
WARN retry attempt 192.168.82.31 for 34515
INFO user 192.168.57.185 logged in
FATAL kernel panic
WARN slow query: 192.168.178.6ms
INFO request from 192.168.178.6
FATAL out of memory
INFO user 192.168.121.141 logged in
INFO user 192.168.178.6 logged in
ERROR connection timeout 503
DEBUG variable x=192.168.121.141
WARN slow query: 192.168.39.155ms
WARN retry attempt 192.168.57.185 for 86929
DEBUG cache hit for key=192.168.92.139
INFO connection established
ERROR file not found: /tmp/192.168.211.158.log
DEBUG entering function foo
ERROR file not found: /tmp/192.168.121.141.log
FATAL segfault at address 0x192.168.193.243
INFO user 192.168.36.209 logged in
INFO user 192.168.193.243 logged in
FATAL out of memory
ERROR file not found: /tmp/192.168.219.168.log
FATAL out of memory
DEBUG entering function foo
DEBUG entering function foo
INFO connection established
DEBUG cache hit for key=192.168.107.168
DEBUG cache hit for key=192.168.211.158
ERROR connection timeout 503
ERROR null pointer in module 192.168.57.185
DEBUG cache hit for key=192.168.142.104
WARN disk usage 192.168.215.207%
INFO processed 192.168.178.215 items
ERROR connection timeout 503
DEBUG entering function foo
DEBUG variable x=192.168.189.144
WARN disk usage 192.168.60.30%
DEBUG heap size: 192.168.60.30
ERROR file not found: /tmp/192.168.178.6.log
ERROR null pointer in module 192.168.82.31
FATAL segfault at address 0x192.168.142.104
DEBUG heap size: 192.168.36.209
WARN memory threshold reached: 192.168.92.139MB
ERROR null pointer in module 192.168.211.158
INFO user 192.168.141.220 logged in
ERROR auth failure for user 192.168.193.243
WARN slow query: 192.168.60.30ms
DEBUG heap size: 192.168.36.209
FATAL unrecoverable disk error
INFO connection established
INFO request from 192.168.189.144
INFO request from 192.168.82.31
WARN memory threshold reached: 192.168.219.168MB
WARN memory threshold reached: 192.168.9.50MB
INFO user 192.168.219.168 logged in
FATAL kernel panic
WARN disk usage 192.168.141.220%
DEBUG variable x=192.168.39.155
INFO user 192.168.9.50 logged in
FATAL unrecoverable disk error
FATAL unrecoverable disk error
ERROR auth failure for user 192.168.219.168
WARN disk usage 192.168.36.209%
FATAL kernel panic
DEBUG variable x=192.168.36.209
INFO connection established
WARN memory threshold reached: 192.168.142.104MB
ERROR connection timeout 503
ERROR auth failure for user 192.168.142.104
WARN slow query: 192.168.142.104ms
WARN retry attempt 192.168.211.158 for 48799
INFO connection established
WARN retry attempt 192.168.178.215 for 10016
DEBUG variable x=192.168.92.139
WARN disk usage 192.168.141.220%
ERROR auth failure for user 192.168.215.207
WARN memory threshold reached: 192.168.60.30MB
FATAL out of memory
ERROR null pointer in module 192.168.215.207
DEBUG cache hit for key=192.168.219.168
WARN slow query: 192.168.36.209ms
DEBUG variable x=192.168.197.186
FATAL unrecoverable disk error
WARN retry attempt 192.168.60.30 for 12773
DEBUG entering function foo
FATAL unrecoverable disk error
INFO request from 192.168.215.207
ERROR file not found: /tmp/192.168.39.155.log
DEBUG variable x=192.168.9.50
ERROR null pointer in module 192.168.121.141
INFO processed 192.168.211.158 items
FATAL segfault at address 0x192.168.107.168
ERROR null pointer in module 192.168.189.144
ERROR auth failure for user 192.168.121.141
INFO request from 192.168.178.215
FATAL kernel panic
WARN disk usage 192.168.215.207%
FATAL unrecoverable disk error
INFO processed 192.168.178.215 items
WARN slow query: 192.168.197.186ms
ERROR null pointer in module 192.168.178.215
FATAL out of memory
WARN memory threshold reached: 192.168.82.31MB
DEBUG heap size: 192.168.197.186
DEBUG heap size: 192.168.107.168
WARN memory threshold reached: 192.168.142.104MB
DEBUG heap size: 192.168.60.30
FATAL out of memory
FATAL out of memory
FATAL unrecoverable disk error
ERROR connection timeout 503
INFO request from 192.168.142.104
DEBUG entering function foo
INFO user 192.168.229.48 logged in
DEBUG entering function foo
ERROR connection timeout 503
FATAL kernel panic
FATAL out of memory
INFO connection established
INFO user 192.168.141.220 logged in
FATAL out of memory
WARN slow query: 192.168.57.185ms
DEBUG heap size: 192.168.178.215
WARN slow query: 192.168.178.6ms
WARN disk usage 192.168.107.168%
DEBUG cache hit for key=192.168.60.30
INFO connection established
FATAL segfault at address 0x192.168.193.243
FATAL kernel panic
DEBUG entering function foo
FATAL kernel panic
ERROR connection timeout 503
DEBUG entering function foo
ERROR null pointer in module 192.168.60.30
WARN disk usage 192.168.36.209%
ERROR connection timeout 503
ERROR file not found: /tmp/192.168.92.139.log
FATAL segfault at address 0x192.168.141.220
ERROR null pointer in module 192.168.92.139
DEBUG heap size: 192.168.211.158
ERROR null pointer in module 192.168.60.30
ERROR file not found: /tmp/192.168.57.185.log
WARN slow query: 192.168.57.185ms
ERROR auth failure for user 192.168.60.30
INFO connection established
ERROR null pointer in module 192.168.142.104
ERROR file not found: /tmp/192.168.142.104.log
DEBUG cache hit for key=192.168.92.139
FATAL out of memory
ERROR auth failure for user 192.168.121.141
DEBUG cache hit for key=192.168.211.158
WARN retry attempt 192.168.229.48 for 63393
DEBUG heap size: 192.168.82.31
WARN retry attempt 192.168.219.168 for 54206
DEBUG variable x=192.168.121.141
ERROR null pointer in module 192.168.211.158
ERROR file not found: /tmp/192.168.178.215.log
WARN slow query: 192.168.142.104ms
INFO processed 192.168.36.209 items
ERROR auth failure for user 192.168.178.215
WARN retry attempt 192.168.107.168 for 99381
INFO request from 192.168.82.31
WARN slow query: 192.168.215.207ms
ERROR connection timeout 503
FATAL unrecoverable disk error
INFO connection established
ERROR connection timeout 503
ERROR null pointer in module 192.168.39.155
WARN slow query: 192.168.60.30ms
INFO processed 192.168.36.209 items
INFO processed 192.168.39.155 items
INFO processed 192.168.189.144 items
DEBUG variable x=192.168.39.155
INFO user 192.168.121.141 logged in
FATAL kernel panic
DEBUG heap size: 192.168.92.139
INFO user 192.168.141.220 logged in
INFO connection established
INFO connection established
INFO user 192.168.197.186 logged in
DEBUG heap size: 192.168.107.168
FATAL segfault at address 0x192.168.57.185
DEBUG heap size: 192.168.82.31
INFO connection established
FATAL kernel panic
FATAL segfault at address 0x192.168.189.144
FATAL segfault at address 0x192.168.57.185
DEBUG variable x=192.168.211.158
WARN retry attempt 192.168.178.215 for 69693
ERROR file not found: /tmp/192.168.57.185.log
DEBUG variable x=192.168.197.186
WARN retry attempt 192.168.178.215 for 18766
FATAL out of memory
ERROR null pointer in module 192.168.178.215
WARN retry attempt 192.168.107.168 for 62872
FATAL kernel panic
ERROR null pointer in module 192.168.107.168
INFO request from 192.168.57.185
FATAL unrecoverable disk error
INFO request from 192.168.219.168
DEBUG cache hit for key=192.168.92.139
ERROR auth failure for user 192.168.178.6
INFO processed 192.168.178.6 items
ERROR auth failure for user 192.168.215.207
INFO request from 192.168.197.186
WARN retry attempt 192.168.9.50 for 22765
FATAL out of memory
FATAL kernel panic
DEBUG heap size: 192.168.107.168
INFO connection established
FATAL out of memory
DEBUG cache hit for key=192.168.189.144
DEBUG entering function foo
WARN retry attempt 192.168.189.144 for 19670
DEBUG entering function foo
DEBUG variable x=192.168.219.168
WARN retry attempt 192.168.197.186 for 8759
ERROR file not found: /tmp/192.168.215.207.log
FATAL unrecoverable disk error
WARN slow query: 192.168.9.50ms
ERROR file not found: /tmp/192.168.107.168.log
WARN memory threshold reached: 192.168.211.158MB
FATAL kernel panic
INFO request from 192.168.57.185
ERROR connection timeout 503
WARN retry attempt 192.168.92.139 for 24726
INFO request from 192.168.178.6
FATAL kernel panic
FATAL unrecoverable disk error
DEBUG heap size: 192.168.60.30
WARN retry attempt 192.168.39.155 for 77912
INFO connection established
ERROR connection timeout 503
FATAL segfault at address 0x192.168.215.207
DEBUG heap size: 192.168.107.168
WARN disk usage 192.168.121.141%
ERROR null pointer in module 192.168.82.31
INFO request from 192.168.82.31
WARN disk usage 192.168.178.6%
DEBUG variable x=192.168.92.139
FATAL segfault at address 0x192.168.36.209
INFO connection established
DEBUG cache hit for key=192.168.178.6
INFO processed 192.168.178.6 items
FATAL unrecoverable disk error
WARN retry attempt 192.168.142.104 for 16370
DEBUG heap size: 192.168.141.220
ERROR connection timeout 503
INFO request from 192.168.39.155
ERROR file not found: /tmp/192.168.121.141.log
INFO user 192.168.92.139 logged in
INFO processed 192.168.229.48 items
INFO user 192.168.82.31 logged in
FATAL unrecoverable disk error
WARN slow query: 192.168.39.155ms
ERROR null pointer in module 192.168.219.168
WARN retry attempt 192.168.141.220 for 83278
WARN memory threshold reached: 192.168.142.104MB
FATAL kernel panic
INFO processed 192.168.193.243 items
DEBUG cache hit for key=192.168.211.158
WARN memory threshold reached: 192.168.215.207MB
DEBUG entering function foo
DEBUG entering function foo
DEBUG cache hit for key=192.168.36.209
ERROR null pointer in module 192.168.60.30
DEBUG variable x=192.168.178.6
DEBUG variable x=192.168.9.50
WARN slow query: 192.168.57.185ms
ERROR auth failure for user 192.168.178.215
ERROR null pointer in module 192.168.36.209
WARN retry attempt 192.168.82.31 for 20158
DEBUG entering function foo
INFO request from 192.168.82.31
DEBUG cache hit for key=192.168.60.30
WARN memory threshold reached: 192.168.39.155MB
DEBUG variable x=192.168.39.155
INFO processed 192.168.178.215 items
WARN slow query: 192.168.142.104ms
FATAL out of memory
DEBUG cache hit for key=192.168.36.209
INFO connection established
FATAL segfault at address 0x192.168.39.155
INFO connection established
INFO user 192.168.82.31 logged in
ERROR null pointer in module 192.168.219.168
WARN memory threshold reached: 192.168.82.31MB
INFO connection established
WARN slow query: 192.168.57.185ms
WARN disk usage 192.168.60.30%
INFO connection established
DEBUG variable x=192.168.60.30
WARN slow query: 192.168.9.50ms
WARN retry attempt 192.168.36.209 for 59194
FATAL kernel panic
WARN retry attempt 192.168.197.186 for 86332
DEBUG cache hit for key=192.168.229.48
INFO request from 192.168.211.158
ERROR auth failure for user 192.168.60.30
ERROR null pointer in module 192.168.193.243
FATAL unrecoverable disk error
WARN memory threshold reached: 192.168.178.6MB
FATAL out of memory
INFO connection established
FATAL kernel panic
INFO user 192.168.39.155 logged in
INFO request from 192.168.57.185
DEBUG heap size: 192.168.57.185
WARN memory threshold reached: 192.168.141.220MB
INFO connection established
DEBUG entering function foo
ERROR file not found: /tmp/192.168.107.168.log
FATAL segfault at address 0x192.168.141.220
ERROR auth failure for user 192.168.60.30
INFO user 192.168.60.30 logged in
DEBUG heap size: 192.168.60.30
INFO connection established
DEBUG heap size: 192.168.189.144
WARN retry attempt 192.168.92.139 for 65360
DEBUG cache hit for key=192.168.60.30
INFO connection established
ERROR file not found: /tmp/192.168.189.144.log
FATAL unrecoverable disk error
DEBUG entering function foo
FATAL out of memory
DEBUG variable x=192.168.57.185
WARN disk usage 192.168.193.243%
INFO user 192.168.82.31 logged in
DEBUG heap size: 192.168.121.141
ERROR file not found: /tmp/192.168.193.243.log
DEBUG heap size: 192.168.9.50
INFO connection established
INFO request from 192.168.9.50
ERROR auth failure for user 192.168.189.144
FATAL segfault at address 0x192.168.9.50
WARN memory threshold reached: 192.168.107.168MB
ERROR null pointer in module 192.168.189.144
DEBUG cache hit for key=192.168.36.209
WARN slow query: 192.168.215.207ms
ERROR null pointer in module 192.168.39.155
WARN memory threshold reached: 192.168.141.220MB
ERROR connection timeout 503
FATAL out of memory
DEBUG cache hit for key=192.168.9.50
DEBUG variable x=192.168.141.220
INFO processed 192.168.215.207 items
FATAL out of memory
INFO request from 192.168.197.186
DEBUG heap size: 192.168.57.185
FATAL out of memory
ERROR file not found: /tmp/192.168.189.144.log
WARN slow query: 192.168.82.31ms
WARN disk usage 192.168.178.6%
WARN slow query: 192.168.92.139ms
INFO processed 192.168.219.168 items
FATAL out of memory
INFO processed 192.168.229.48 items
FATAL out of memory
INFO connection established
WARN slow query: 192.168.178.215ms
ERROR auth failure for user 192.168.107.168
INFO request from 192.168.211.158
ERROR file not found: /tmp/192.168.121.141.log
WARN retry attempt 192.168.178.215 for 79635
FATAL unrecoverable disk error
DEBUG cache hit for key=192.168.211.158
WARN disk usage 192.168.9.50%
FATAL kernel panic
DEBUG cache hit for key=192.168.219.168
DEBUG heap size: 192.168.178.215
ERROR connection timeout 503
FATAL segfault at address 0x192.168.211.158
WARN memory threshold reached: 192.168.189.144MB
DEBUG heap size: 192.168.141.220
INFO request from 192.168.60.30
WARN retry attempt 192.168.9.50 for 43422
INFO connection established
ERROR null pointer in module 192.168.57.185
INFO request from 192.168.211.158
FATAL kernel panic
INFO processed 192.168.121.141 items
WARN slow query: 192.168.36.209ms
DEBUG entering function foo
DEBUG entering function foo
WARN retry attempt 192.168.107.168 for 86270
DEBUG cache hit for key=192.168.178.215
DEBUG variable x=192.168.178.6
FATAL unrecoverable disk error
ERROR null pointer in module 192.168.57.185
FATAL kernel panic
ERROR connection timeout 503
DEBUG entering function foo
FATAL unrecoverable disk error
DEBUG variable x=192.168.178.215
WARN memory threshold reached: 192.168.82.31MB
FATAL unrecoverable disk error
WARN disk usage 192.168.39.155%
FATAL kernel panic
ERROR null pointer in module 192.168.36.209
FATAL kernel panic
DEBUG heap size: 192.168.229.48
WARN memory threshold reached: 192.168.39.155MB
ERROR connection timeout 503
INFO connection established
INFO user 192.168.60.30 logged in
ERROR null pointer in module 192.168.39.155
INFO user 192.168.189.144 logged in
WARN disk usage 192.168.197.186%
FATAL unrecoverable disk error
WARN disk usage 192.168.9.50%
ERROR connection timeout 503
INFO connection established
ERROR file not found: /tmp/192.168.197.186.log
FATAL out of memory
ERROR auth failure for user 192.168.9.50
WARN memory threshold reached: 192.168.219.168MB
FATAL segfault at address 0x192.168.92.139
WARN retry attempt 192.168.36.209 for 1942
INFO connection established
FATAL unrecoverable disk error
FATAL kernel panic
DEBUG entering function foo
ERROR connection timeout 503
DEBUG entering function foo
FATAL out of memory
ERROR connection timeout 503
FATAL unrecoverable disk error
DEBUG heap size: 192.168.189.144
WARN slow query: 192.168.189.144ms
FATAL out of memory
FATAL unrecoverable disk error
FATAL unrecoverable disk error
ERROR null pointer in module 192.168.92.139
INFO user 192.168.189.144 logged in
INFO user 192.168.189.144 logged in
DEBUG entering function foo
DEBUG variable x=192.168.92.139
DEBUG cache hit for key=192.168.107.168
DEBUG entering function foo
DEBUG heap size: 192.168.178.6
DEBUG cache hit for key=192.168.178.215
DEBUG cache hit for key=192.168.9.50
FATAL segfault at address 0x192.168.60.30
ERROR connection timeout 503
FATAL kernel panic
DEBUG variable x=192.168.141.220
WARN retry attempt 192.168.211.158 for 35621
WARN slow query: 192.168.36.209ms
ERROR file not found: /tmp/192.168.219.168.log
WARN disk usage 192.168.39.155%
WARN disk usage 192.168.57.185%
ERROR file not found: /tmp/192.168.197.186.log
FATAL kernel panic
INFO connection established
INFO processed 192.168.82.31 items
DEBUG entering function foo
DEBUG variable x=192.168.211.158
INFO connection established
ERROR file not found: /tmp/192.168.57.185.log
FATAL out of memory
ERROR auth failure for user 192.168.189.144
DEBUG variable x=192.168.107.168
FATAL kernel panic
ERROR connection timeout 503
INFO processed 192.168.60.30 items
WARN disk usage 192.168.60.30%
ERROR file not found: /tmp/192.168.215.207.log
ERROR file not found: /tmp/192.168.92.139.log
FATAL segfault at address 0x192.168.215.207
FATAL out of memory
INFO processed 192.168.121.141 items
DEBUG heap size: 192.168.39.155
DEBUG heap size: 192.168.219.168
ERROR file not found: /tmp/192.168.178.6.log
FATAL unrecoverable disk error
ERROR connection timeout 503
ERROR connection timeout 503
ERROR connection timeout 503
FATAL out of memory
WARN retry attempt 192.168.178.215 for 11290
WARN retry attempt 192.168.178.6 for 55427
ERROR file not found: /tmp/192.168.57.185.log
INFO user 192.168.178.6 logged in
ERROR file not found: /tmp/192.168.193.243.log
INFO request from 192.168.219.168
DEBUG entering function foo
INFO request from 192.168.60.30
FATAL unrecoverable disk error
ERROR file not found: /tmp/192.168.141.220.log
ERROR connection timeout 503
ERROR auth failure for user 192.168.121.141
INFO user 192.168.9.50 logged in
INFO user 192.168.215.207 logged in
INFO connection established
FATAL kernel panic
INFO connection established
ERROR null pointer in module 192.168.189.144
DEBUG entering function foo
INFO request from 192.168.219.168
ERROR null pointer in module 192.168.60.30
DEBUG cache hit for key=192.168.193.243
DEBUG heap size: 192.168.57.185
ERROR auth failure for user 192.168.121.141
DEBUG heap size: 192.168.36.209
DEBUG heap size: 192.168.178.6
FATAL unrecoverable disk error
WARN slow query: 192.168.178.215ms
INFO processed 192.168.107.168 items
WARN retry attempt 192.168.193.243 for 63701
DEBUG entering function foo
INFO user 192.168.36.209 logged in
DEBUG heap size: 192.168.211.158
FATAL unrecoverable disk error
INFO request from 192.168.142.104
FATAL unrecoverable disk error
DEBUG variable x=192.168.189.144
DEBUG variable x=192.168.142.104
DEBUG heap size: 192.168.189.144
ERROR auth failure for user 192.168.92.139
WARN disk usage 192.168.36.209%
INFO request from 192.168.60.30
FATAL unrecoverable disk error
WARN slow query: 192.168.178.6ms
DEBUG heap size: 192.168.219.168
INFO connection established
WARN retry attempt 192.168.215.207 for 16367
ERROR null pointer in module 192.168.57.185
ERROR file not found: /tmp/192.168.142.104.log
ERROR connection timeout 503
INFO request from 192.168.215.207
INFO connection established
INFO request from 192.168.215.207
ERROR file not found: /tmp/192.168.121.141.log
ERROR connection timeout 503
INFO connection established
DEBUG heap size: 192.168.82.31
ERROR auth failure for user 192.168.142.104
FATAL out of memory
ERROR file not found: /tmp/192.168.107.168.log
INFO connection established
DEBUG entering function foo
INFO connection established
DEBUG entering function foo
INFO processed 192.168.178.6 items
FATAL segfault at address 0x192.168.229.48
WARN memory threshold reached: 192.168.82.31MB
WARN retry attempt 192.168.178.215 for 89627
FATAL segfault at address 0x192.168.57.185
ERROR null pointer in module 192.168.215.207
DEBUG variable x=192.168.178.215
INFO request from 192.168.9.50
DEBUG variable x=192.168.142.104
ERROR null pointer in module 192.168.189.144
WARN retry attempt 192.168.82.31 for 88450
DEBUG heap size: 192.168.229.48
FATAL kernel panic
INFO user 192.168.178.6 logged in
INFO request from 192.168.197.186
INFO processed 192.168.229.48 items
ERROR auth failure for user 192.168.211.158
DEBUG entering function foo
WARN retry attempt 192.168.189.144 for 70149
DEBUG entering function foo
WARN slow query: 192.168.39.155ms
ERROR auth failure for user 192.168.82.31
ERROR file not found: /tmp/192.168.193.243.log
FATAL unrecoverable disk error
ERROR file not found: /tmp/192.168.189.144.log
DEBUG heap size: 192.168.141.220
ERROR connection timeout 503
FATAL kernel panic
ERROR null pointer in module 192.168.9.50
DEBUG entering function foo
WARN memory threshold reached: 192.168.141.220MB
DEBUG variable x=192.168.92.139
WARN slow query: 192.168.57.185ms
FATAL unrecoverable disk error
WARN memory threshold reached: 192.168.215.207MB
INFO connection established
ERROR auth failure for user 192.168.189.144
ERROR auth failure for user 192.168.9.50
WARN retry attempt 192.168.36.209 for 24104
DEBUG heap size: 192.168.36.209
DEBUG heap size: 192.168.107.168
WARN memory threshold reached: 192.168.92.139MB
WARN disk usage 192.168.9.50%
INFO processed 192.168.82.31 items
ERROR auth failure for user 192.168.211.158
DEBUG entering function foo
WARN retry attempt 192.168.142.104 for 11977
DEBUG variable x=192.168.193.243
DEBUG variable x=192.168.82.31
FATAL segfault at address 0x192.168.36.209
ERROR auth failure for user 192.168.141.220
DEBUG variable x=192.168.141.220
DEBUG heap size: 192.168.36.209
INFO user 192.168.60.30 logged in
FATAL unrecoverable disk error
INFO user 192.168.36.209 logged in
WARN memory threshold reached: 192.168.39.155MB
INFO request from 192.168.9.50
INFO request from 192.168.82.31
ERROR null pointer in module 192.168.57.185
ERROR null pointer in module 192.168.82.31
FATAL kernel panic
INFO connection established
WARN retry attempt 192.168.197.186 for 8425
DEBUG heap size: 192.168.121.141
ERROR file not found: /tmp/192.168.178.6.log
DEBUG variable x=192.168.92.139
WARN retry attempt 192.168.92.139 for 3601
DEBUG cache hit for key=192.168.121.141
ERROR file not found: /tmp/192.168.36.209.log
ERROR auth failure for user 192.168.215.207
FATAL unrecoverable disk error
DEBUG cache hit for key=192.168.107.168
DEBUG heap size: 192.168.82.31
ERROR connection timeout 503
WARN memory threshold reached: 192.168.142.104MB
INFO connection established
FATAL out of memory
FATAL unrecoverable disk error
ERROR file not found: /tmp/192.168.57.185.log
WARN disk usage 192.168.178.215%
ERROR auth failure for user 192.168.142.104
INFO user 192.168.60.30 logged in
DEBUG variable x=192.168.142.104
WARN retry attempt 192.168.215.207 for 89893
ERROR auth failure for user 192.168.39.155
FATAL unrecoverable disk error
INFO request from 192.168.39.155
FATAL out of memory
WARN retry attempt 192.168.92.139 for 66519
DEBUG heap size: 192.168.121.141
ERROR connection timeout 503
INFO connection established
WARN retry attempt 192.168.193.243 for 78153
INFO request from 192.168.142.104
WARN slow query: 192.168.39.155ms
ERROR null pointer in module 192.168.82.31
DEBUG variable x=192.168.141.220
FATAL unrecoverable disk error
WARN retry attempt 192.168.39.155 for 53960
INFO processed 192.168.197.186 items
DEBUG variable x=192.168.211.158
FATAL segfault at address 0x192.168.215.207
ERROR connection timeout 503
INFO connection established
INFO processed 192.168.215.207 items
ERROR connection timeout 503
INFO user 192.168.39.155 logged in
DEBUG entering function foo
FATAL unrecoverable disk error
ERROR file not found: /tmp/192.168.211.158.log
DEBUG entering function foo
ERROR auth failure for user 192.168.39.155
WARN slow query: 192.168.60.30ms
INFO processed 192.168.92.139 items
WARN memory threshold reached: 192.168.215.207MB
FATAL kernel panic
DEBUG cache hit for key=192.168.57.185
ERROR null pointer in module 192.168.57.185
FATAL out of memory
INFO processed 192.168.178.6 items
FATAL segfault at address 0x192.168.197.186
ERROR file not found: /tmp/192.168.178.215.log
DEBUG variable x=192.168.39.155
FATAL unrecoverable disk error
ERROR file not found: /tmp/192.168.178.215.log
INFO user 192.168.39.155 logged in
FATAL out of memory
WARN memory threshold reached: 192.168.142.104MB
FATAL unrecoverable disk error
WARN disk usage 192.168.39.155%
FATAL kernel panic
WARN slow query: 192.168.215.207ms
INFO processed 192.168.142.104 items
FATAL out of memory
FATAL segfault at address 0x192.168.141.220
DEBUG heap size: 192.168.141.220
ERROR connection timeout 503
ERROR connection timeout 503
DEBUG variable x=192.168.219.168
FATAL unrecoverable disk error
INFO connection established
FATAL segfault at address 0x192.168.178.215
INFO connection established
FATAL segfault at address 0x192.168.36.209
WARN disk usage 192.168.229.48%
DEBUG entering function foo
INFO connection established
WARN retry attempt 192.168.121.141 for 37322
FATAL kernel panic
FATAL out of memory
INFO connection established
ERROR connection timeout 503
FATAL segfault at address 0x192.168.60.30
INFO user 192.168.142.104 logged in
WARN slow query: 192.168.60.30ms
DEBUG variable x=192.168.9.50
ERROR file not found: /tmp/192.168.189.144.log
ERROR file not found: /tmp/192.168.197.186.log
FATAL segfault at address 0x192.168.219.168
DEBUG entering function foo
FATAL unrecoverable disk error
INFO processed 192.168.107.168 items
WARN disk usage 192.168.39.155%
ERROR connection timeout 503
INFO connection established
ERROR file not found: /tmp/192.168.178.215.log
FATAL segfault at address 0x192.168.57.185
DEBUG cache hit for key=192.168.193.243
WARN retry attempt 192.168.178.6 for 43643
DEBUG entering function foo
WARN slow query: 192.168.107.168ms
ERROR null pointer in module 192.168.92.139
WARN memory threshold reached: 192.168.57.185MB
INFO processed 192.168.9.50 items
FATAL out of memory
ERROR connection timeout 503
INFO connection established
ERROR auth failure for user 192.168.9.50
DEBUG entering function foo
DEBUG heap size: 192.168.193.243
DEBUG heap size: 192.168.121.141
FATAL out of memory
ERROR connection timeout 503
DEBUG entering function foo
INFO connection established
FATAL out of memory
FATAL kernel panic
ERROR auth failure for user 192.168.189.144
INFO connection established
DEBUG entering function foo
FATAL unrecoverable disk error
WARN memory threshold reached: 192.168.107.168MB
DEBUG entering function foo
DEBUG variable x=192.168.92.139
INFO connection established
WARN memory threshold reached: 192.168.39.155MB
WARN retry attempt 192.168.82.31 for 73356
WARN slow query: 192.168.92.139ms
ERROR auth failure for user 192.168.92.139
DEBUG heap size: 192.168.141.220
INFO request from 192.168.189.144
ERROR connection timeout 503
ERROR null pointer in module 192.168.193.243
FATAL segfault at address 0x192.168.36.209
WARN slow query: 192.168.9.50ms
FATAL kernel panic
ERROR file not found: /tmp/192.168.39.155.log
WARN retry attempt 192.168.229.48 for 47421
ERROR auth failure for user 192.168.39.155
ERROR file not found: /tmp/192.168.219.168.log
FATAL segfault at address 0x192.168.107.168
DEBUG cache hit for key=192.168.9.50
ERROR null pointer in module 192.168.39.155
ERROR connection timeout 503
FATAL kernel panic
WARN memory threshold reached: 192.168.211.158MB
DEBUG entering function foo
ERROR connection timeout 503
DEBUG heap size: 192.168.107.168
WARN memory threshold reached: 192.168.219.168MB
FATAL kernel panic
ERROR null pointer in module 192.168.92.139
DEBUG entering function foo
ERROR null pointer in module 192.168.178.215
FATAL segfault at address 0x192.168.189.144
ERROR auth failure for user 192.168.121.141
WARN memory threshold reached: 192.168.92.139MB
WARN memory threshold reached: 192.168.193.243MB
WARN disk usage 192.168.211.158%
DEBUG variable x=192.168.82.31
WARN disk usage 192.168.215.207%
DEBUG variable x=192.168.219.168
FATAL kernel panic
WARN memory threshold reached: 192.168.60.30MB
ERROR connection timeout 503
WARN disk usage 192.168.178.215%
INFO processed 192.168.92.139 items
WARN slow query: 192.168.82.31ms
ERROR auth failure for user 192.168.178.215
DEBUG variable x=192.168.142.104
DEBUG variable x=192.168.178.6
DEBUG heap size: 192.168.60.30
ERROR file not found: /tmp/192.168.107.168.log
INFO request from 192.168.193.243
INFO user 192.168.178.215 logged in
ERROR auth failure for user 192.168.57.185
FATAL unrecoverable disk error
DEBUG entering function foo
WARN slow query: 192.168.197.186ms
ERROR file not found: /tmp/192.168.57.185.log
ERROR file not found: /tmp/192.168.82.31.log
ERROR file not found: /tmp/192.168.197.186.log
INFO user 192.168.36.209 logged in
FATAL segfault at address 0x192.168.229.48
WARN disk usage 192.168.211.158%
DEBUG cache hit for key=192.168.141.220
WARN disk usage 192.168.193.243%
INFO connection established
INFO processed 192.168.9.50 items
ERROR null pointer in module 192.168.211.158
DEBUG heap size: 192.168.107.168
WARN retry attempt 192.168.219.168 for 11588
ERROR file not found: /tmp/192.168.82.31.log
DEBUG cache hit for key=192.168.215.207
FATAL kernel panic
DEBUG cache hit for key=192.168.197.186
FATAL out of memory
INFO user 192.168.215.207 logged in
INFO user 192.168.60.30 logged in
WARN slow query: 192.168.197.186ms
WARN disk usage 192.168.178.6%
FATAL kernel panic
WARN retry attempt 192.168.57.185 for 41595
INFO processed 192.168.178.6 items
DEBUG variable x=192.168.189.144
DEBUG cache hit for key=192.168.189.144
WARN slow query: 192.168.9.50ms
FATAL segfault at address 0x192.168.82.31
INFO request from 192.168.57.185
FATAL kernel panic
INFO request from 192.168.39.155
INFO user 192.168.92.139 logged in
DEBUG entering function foo
ERROR file not found: /tmp/192.168.36.209.log
FATAL kernel panic
WARN retry attempt 192.168.178.215 for 71651
INFO processed 192.168.92.139 items
FATAL unrecoverable disk error
WARN slow query: 192.168.197.186ms
FATAL segfault at address 0x192.168.39.155
ERROR connection timeout 503
FATAL unrecoverable disk error
ERROR file not found: /tmp/192.168.219.168.log
DEBUG cache hit for key=192.168.9.50
ERROR auth failure for user 192.168.219.168
FATAL out of memory
INFO connection established
ERROR null pointer in module 192.168.178.6
FATAL kernel panic
WARN retry attempt 192.168.142.104 for 67204
WARN slow query: 192.168.178.215ms
INFO user 192.168.107.168 logged in
FATAL unrecoverable disk error
INFO processed 192.168.107.168 items
WARN slow query: 192.168.229.48ms
ERROR file not found: /tmp/192.168.189.144.log
FATAL unrecoverable disk error
INFO request from 192.168.121.141
WARN retry attempt 192.168.178.215 for 62721
FATAL unrecoverable disk error
WARN slow query: 192.168.121.141ms
WARN slow query: 192.168.92.139ms
INFO connection established
ERROR connection timeout 503
FATAL segfault at address 0x192.168.215.207
WARN memory threshold reached: 192.168.121.141MB
DEBUG entering function foo
WARN memory threshold reached: 192.168.57.185MB
INFO processed 192.168.229.48 items
ERROR connection timeout 503
INFO user 192.168.178.215 logged in
WARN slow query: 192.168.141.220ms
DEBUG entering function foo
FATAL out of memory
INFO processed 192.168.92.139 items
DEBUG heap size: 192.168.9.50
WARN retry attempt 192.168.193.243 for 81604
FATAL segfault at address 0x192.168.215.207
ERROR auth failure for user 192.168.193.243
WARN retry attempt 192.168.189.144 for 68536
DEBUG entering function foo
FATAL unrecoverable disk error
DEBUG entering function foo
FATAL kernel panic
DEBUG cache hit for key=192.168.82.31
ERROR file not found: /tmp/192.168.229.48.log
FATAL unrecoverable disk error
ERROR connection timeout 503
DEBUG entering function foo
INFO connection established
FATAL kernel panic
INFO connection established
INFO processed 192.168.211.158 items
ERROR file not found: /tmp/192.168.36.209.log
ERROR null pointer in module 192.168.36.209
FATAL segfault at address 0x192.168.229.48
INFO processed 192.168.211.158 items
INFO connection established
ERROR null pointer in module 192.168.92.139
WARN slow query: 192.168.189.144ms
DEBUG heap size: 192.168.229.48
FATAL unrecoverable disk error
WARN retry attempt 192.168.219.168 for 31814
WARN slow query: 192.168.229.48ms
INFO processed 192.168.219.168 items
DEBUG variable x=192.168.197.186
INFO user 192.168.215.207 logged in
FATAL kernel panic
INFO processed 192.168.57.185 items
INFO connection established
ERROR connection timeout 503
INFO user 192.168.60.30 logged in
INFO user 192.168.142.104 logged in
WARN slow query: 192.168.215.207ms
INFO processed 192.168.39.155 items
DEBUG cache hit for key=192.168.121.141
ERROR null pointer in module 192.168.92.139
DEBUG cache hit for key=192.168.178.6
WARN slow query: 192.168.39.155ms
FATAL kernel panic
FATAL out of memory
FATAL segfault at address 0x192.168.9.50
INFO connection established
INFO request from 192.168.229.48
FATAL segfault at address 0x192.168.193.243
ERROR null pointer in module 192.168.107.168
ERROR auth failure for user 192.168.57.185
FATAL segfault at address 0x192.168.142.104
FATAL segfault at address 0x192.168.229.48
WARN disk usage 192.168.219.168%
DEBUG cache hit for key=192.168.141.220
DEBUG entering function foo
INFO request from 192.168.121.141
FATAL kernel panic
ERROR auth failure for user 192.168.92.139
INFO user 192.168.9.50 logged in
FATAL out of memory
DEBUG variable x=192.168.92.139
DEBUG variable x=192.168.193.243
INFO processed 192.168.197.186 items
WARN slow query: 192.168.39.155ms
INFO processed 192.168.219.168 items
FATAL kernel panic
ERROR file not found: /tmp/192.168.82.31.log
FATAL segfault at address 0x192.168.39.155
FATAL segfault at address 0x192.168.193.243
WARN retry attempt 192.168.82.31 for 74717
WARN retry attempt 192.168.107.168 for 44906
WARN memory threshold reached: 192.168.211.158MB
FATAL out of memory
WARN retry attempt 192.168.178.215 for 9740
FATAL unrecoverable disk error
INFO user 192.168.36.209 logged in
WARN memory threshold reached: 192.168.60.30MB
FATAL unrecoverable disk error
WARN disk usage 192.168.189.144%
INFO request from 192.168.178.215
ERROR file not found: /tmp/192.168.178.215.log
INFO request from 192.168.141.220
INFO processed 192.168.211.158 items
WARN slow query: 192.168.141.220ms
FATAL unrecoverable disk error
INFO user 192.168.57.185 logged in
DEBUG entering function foo
DEBUG entering function foo
ERROR auth failure for user 192.168.178.215
DEBUG cache hit for key=192.168.189.144
DEBUG variable x=192.168.193.243
INFO user 192.168.219.168 logged in
WARN disk usage 192.168.107.168%
ERROR file not found: /tmp/192.168.189.144.log
INFO connection established
ERROR connection timeout 503
FATAL out of memory
WARN memory threshold reached: 192.168.197.186MB
WARN slow query: 192.168.189.144ms
INFO processed 192.168.229.48 items
ERROR null pointer in module 192.168.189.144
ERROR auth failure for user 192.168.178.215
DEBUG variable x=192.168.36.209
INFO request from 192.168.141.220
DEBUG entering function foo
WARN retry attempt 192.168.92.139 for 4505
INFO request from 192.168.92.139
FATAL out of memory
ERROR file not found: /tmp/192.168.193.243.log
INFO request from 192.168.178.6
FATAL out of memory
DEBUG entering function foo
ERROR auth failure for user 192.168.121.141
INFO connection established
ERROR null pointer in module 192.168.60.30
DEBUG heap size: 192.168.189.144
INFO request from 192.168.82.31
FATAL kernel panic
WARN disk usage 192.168.121.141%
INFO connection established
WARN retry attempt 192.168.178.6 for 48219
ERROR connection timeout 503
WARN slow query: 192.168.211.158ms
DEBUG heap size: 192.168.39.155
INFO user 192.168.39.155 logged in
INFO request from 192.168.211.158
INFO request from 192.168.211.158
INFO processed 192.168.215.207 items
DEBUG variable x=192.168.60.30
ERROR connection timeout 503
FATAL kernel panic
ERROR null pointer in module 192.168.39.155
DEBUG cache hit for key=192.168.82.31
WARN slow query: 192.168.82.31ms
ERROR auth failure for user 192.168.36.209
INFO processed 192.168.60.30 items
ERROR connection timeout 503
DEBUG variable x=192.168.178.6
DEBUG cache hit for key=192.168.60.30
ERROR auth failure for user 192.168.57.185
INFO user 192.168.141.220 logged in
ERROR file not found: /tmp/192.168.92.139.log
WARN retry attempt 192.168.92.139 for 90898
FATAL unrecoverable disk error
INFO connection established
FATAL out of memory
INFO connection established
FATAL unrecoverable disk error
WARN retry attempt 192.168.193.243 for 41467
DEBUG entering function foo
FATAL kernel panic
WARN memory threshold reached: 192.168.57.185MB
ERROR auth failure for user 192.168.92.139
ERROR auth failure for user 192.168.211.158
INFO connection established
DEBUG variable x=192.168.197.186
INFO processed 192.168.197.186 items
WARN retry attempt 192.168.9.50 for 55194
WARN slow query: 192.168.219.168ms
WARN disk usage 192.168.211.158%
ERROR connection timeout 503
ERROR auth failure for user 192.168.121.141
WARN retry attempt 192.168.229.48 for 75378
ERROR null pointer in module 192.168.211.158
DEBUG cache hit for key=192.168.193.243
WARN disk usage 192.168.215.207%
DEBUG cache hit for key=192.168.197.186
WARN slow query: 192.168.229.48ms
DEBUG cache hit for key=192.168.141.220
ERROR connection timeout 503
FATAL kernel panic
WARN slow query: 192.168.107.168ms
ERROR connection timeout 503
FATAL unrecoverable disk error
DEBUG cache hit for key=192.168.142.104
WARN slow query: 192.168.193.243ms
INFO processed 192.168.215.207 items
ERROR file not found: /tmp/192.168.57.185.log
ERROR connection timeout 503
INFO user 192.168.197.186 logged in
WARN retry attempt 192.168.142.104 for 74266
WARN slow query: 192.168.9.50ms
DEBUG entering function foo
DEBUG heap size: 192.168.36.209
ERROR auth failure for user 192.168.57.185
ERROR null pointer in module 192.168.197.186
INFO request from 192.168.39.155
INFO processed 192.168.215.207 items
FATAL segfault at address 0x192.168.60.30
WARN slow query: 192.168.107.168ms
INFO user 192.168.107.168 logged in
FATAL out of memory
WARN disk usage 192.168.92.139%
DEBUG entering function foo
WARN disk usage 192.168.57.185%
FATAL segfault at address 0x192.168.92.139
INFO processed 192.168.39.155 items
DEBUG heap size: 192.168.229.48
FATAL segfault at address 0x192.168.178.6
DEBUG cache hit for key=192.168.229.48
WARN retry attempt 192.168.178.215 for 80355
ERROR null pointer in module 192.168.178.6
WARN memory threshold reached: 192.168.189.144MB
ERROR file not found: /tmp/192.168.9.50.log
ERROR file not found: /tmp/192.168.229.48.log
DEBUG variable x=192.168.121.141
DEBUG heap size: 192.168.141.220
WARN slow query: 192.168.178.6ms
WARN retry attempt 192.168.178.6 for 24134
INFO user 192.168.121.141 logged in
INFO connection established
WARN slow query: 192.168.189.144ms
DEBUG variable x=192.168.189.144
DEBUG heap size: 192.168.92.139
INFO user 192.168.142.104 logged in
ERROR connection timeout 503
WARN retry attempt 192.168.92.139 for 36942
DEBUG cache hit for key=192.168.229.48
INFO user 192.168.193.243 logged in
FATAL unrecoverable disk error
INFO processed 192.168.193.243 items
ERROR connection timeout 503
INFO processed 192.168.142.104 items
WARN slow query: 192.168.219.168ms
DEBUG cache hit for key=192.168.215.207
INFO request from 192.168.215.207
DEBUG cache hit for key=192.168.189.144
DEBUG heap size: 192.168.178.6
DEBUG heap size: 192.168.121.141
WARN slow query: 192.168.197.186ms
ERROR connection timeout 503
FATAL unrecoverable disk error
FATAL kernel panic
INFO user 192.168.219.168 logged in
FATAL segfault at address 0x192.168.229.48
ERROR null pointer in module 192.168.178.215
ERROR null pointer in module 192.168.107.168
ERROR connection timeout 503
INFO connection established
INFO request from 192.168.92.139
FATAL unrecoverable disk error
ERROR connection timeout 503
ERROR null pointer in module 192.168.107.168
FATAL kernel panic
INFO connection established
WARN slow query: 192.168.189.144ms
WARN slow query: 192.168.215.207ms
DEBUG variable x=192.168.107.168
ERROR connection timeout 503
ERROR connection timeout 503
FATAL out of memory
FATAL kernel panic
FATAL unrecoverable disk error
ERROR connection timeout 503
INFO user 192.168.215.207 logged in
FATAL unrecoverable disk error
WARN slow query: 192.168.9.50ms
INFO processed 192.168.193.243 items
ERROR file not found: /tmp/192.168.197.186.log
ERROR file not found: /tmp/192.168.39.155.log
ERROR null pointer in module 192.168.211.158
WARN disk usage 192.168.82.31%
INFO request from 192.168.39.155
WARN slow query: 192.168.219.168ms
WARN disk usage 192.168.60.30%
WARN retry attempt 192.168.36.209 for 98933
INFO request from 192.168.229.48
INFO processed 192.168.82.31 items
DEBUG entering function foo
ERROR file not found: /tmp/192.168.193.243.log
WARN slow query: 192.168.57.185ms
DEBUG variable x=192.168.39.155
WARN disk usage 192.168.211.158%
WARN disk usage 192.168.9.50%
WARN memory threshold reached: 192.168.36.209MB
ERROR null pointer in module 192.168.219.168
DEBUG entering function foo
FATAL unrecoverable disk error
FATAL out of memory
WARN memory threshold reached: 192.168.211.158MB
ERROR auth failure for user 192.168.141.220
ERROR null pointer in module 192.168.57.185
WARN memory threshold reached: 192.168.36.209MB
WARN slow query: 192.168.229.48ms
INFO processed 192.168.36.209 items
ERROR auth failure for user 192.168.229.48
FATAL unrecoverable disk error
INFO connection established
DEBUG variable x=192.168.92.139
FATAL segfault at address 0x192.168.36.209
INFO user 192.168.60.30 logged in
ERROR connection timeout 503
INFO connection established
DEBUG entering function foo
WARN slow query: 192.168.189.144ms
WARN slow query: 192.168.92.139ms
DEBUG cache hit for key=192.168.39.155
ERROR connection timeout 503
WARN disk usage 192.168.219.168%
FATAL kernel panic
ERROR file not found: /tmp/192.168.193.243.log
WARN retry attempt 192.168.178.215 for 95409
INFO request from 192.168.193.243
FATAL unrecoverable disk error
INFO processed 192.168.178.215 items
WARN memory threshold reached: 192.168.36.209MB
ERROR auth failure for user 192.168.82.31
FATAL segfault at address 0x192.168.82.31
WARN memory threshold reached: 192.168.215.207MB
INFO request from 192.168.57.185
ERROR null pointer in module 192.168.215.207
INFO request from 192.168.193.243
INFO connection established
FATAL segfault at address 0x192.168.178.6
ERROR file not found: /tmp/192.168.193.243.log
DEBUG entering function foo
ERROR null pointer in module 192.168.9.50
FATAL kernel panic
ERROR auth failure for user 192.168.178.215
ERROR null pointer in module 192.168.189.144
FATAL kernel panic
FATAL segfault at address 0x192.168.82.31
DEBUG entering function foo
INFO user 192.168.36.209 logged in
ERROR auth failure for user 192.168.36.209
WARN retry attempt 192.168.178.6 for 99533
ERROR auth failure for user 192.168.39.155
INFO processed 192.168.57.185 items
FATAL segfault at address 0x192.168.82.31
FATAL segfault at address 0x192.168.107.168
FATAL segfault at address 0x192.168.142.104
WARN slow query: 192.168.193.243ms
WARN memory threshold reached: 192.168.189.144MB
DEBUG heap size: 192.168.141.220
DEBUG entering function foo
INFO processed 192.168.141.220 items
ERROR auth failure for user 192.168.229.48
ERROR null pointer in module 192.168.141.220
INFO connection established
FATAL kernel panic
INFO request from 192.168.9.50
ERROR connection timeout 503
DEBUG variable x=192.168.82.31
WARN slow query: 192.168.211.158ms
DEBUG heap size: 192.168.141.220
INFO processed 192.168.178.215 items
ERROR auth failure for user 192.168.219.168
WARN retry attempt 192.168.197.186 for 11976
ERROR null pointer in module 192.168.60.30
DEBUG entering function foo
ERROR file not found: /tmp/192.168.193.243.log
FATAL out of memory
WARN slow query: 192.168.57.185ms
WARN slow query: 192.168.9.50ms
WARN retry attempt 192.168.219.168 for 27972
INFO processed 192.168.92.139 items
WARN memory threshold reached: 192.168.215.207MB
DEBUG cache hit for key=192.168.211.158
WARN disk usage 192.168.92.139%
ERROR file not found: /tmp/192.168.39.155.log
DEBUG entering function foo
INFO user 192.168.193.243 logged in
FATAL kernel panic
FATAL unrecoverable disk error
ERROR auth failure for user 192.168.142.104
INFO connection established
FATAL kernel panic
FATAL unrecoverable disk error
WARN memory threshold reached: 192.168.193.243MB
FATAL kernel panic
INFO request from 192.168.229.48
WARN slow query: 192.168.60.30ms
FATAL kernel panic
FATAL out of memory
WARN slow query: 192.168.82.31ms
ERROR null pointer in module 192.168.107.168
FATAL out of memory
ERROR file not found: /tmp/192.168.39.155.log
ERROR null pointer in module 192.168.178.6
DEBUG heap size: 192.168.189.144
INFO request from 192.168.142.104
INFO processed 192.168.142.104 items
FATAL kernel panic
DEBUG variable x=192.168.60.30
DEBUG cache hit for key=192.168.215.207
INFO connection established
INFO processed 192.168.211.158 items
DEBUG entering function foo
WARN disk usage 192.168.107.168%
FATAL segfault at address 0x192.168.219.168
FATAL out of memory
DEBUG entering function foo
ERROR connection timeout 503
WARN disk usage 192.168.211.158%
DEBUG cache hit for key=192.168.82.31
FATAL out of memory
WARN disk usage 192.168.193.243%
DEBUG variable x=192.168.178.6
FATAL kernel panic
DEBUG heap size: 192.168.219.168
ERROR connection timeout 503
WARN memory threshold reached: 192.168.82.31MB
INFO user 192.168.107.168 logged in
DEBUG heap size: 192.168.189.144
FATAL unrecoverable disk error
DEBUG entering function foo
WARN memory threshold reached: 192.168.36.209MB
FATAL segfault at address 0x192.168.60.30
DEBUG entering function foo
DEBUG heap size: 192.168.219.168
FATAL segfault at address 0x192.168.211.158
ERROR file not found: /tmp/192.168.92.139.log
ERROR null pointer in module 192.168.121.141
INFO processed 192.168.36.209 items
DEBUG entering function foo
FATAL segfault at address 0x192.168.189.144
WARN slow query: 192.168.189.144ms
DEBUG variable x=192.168.92.139
DEBUG variable x=192.168.92.139
DEBUG entering function foo
FATAL unrecoverable disk error
INFO user 192.168.193.243 logged in
FATAL kernel panic
INFO request from 192.168.9.50
INFO request from 192.168.178.215
WARN slow query: 192.168.92.139ms
FATAL out of memory
ERROR connection timeout 503
ERROR connection timeout 503
DEBUG cache hit for key=192.168.229.48
DEBUG entering function foo
ERROR connection timeout 503
ERROR file not found: /tmp/192.168.121.141.log
FATAL out of memory
ERROR connection timeout 503
DEBUG heap size: 192.168.121.141
DEBUG entering function foo
FATAL segfault at address 0x192.168.197.186
FATAL segfault at address 0x192.168.107.168
DEBUG cache hit for key=192.168.215.207
ERROR auth failure for user 192.168.39.155
WARN slow query: 192.168.9.50ms
FATAL unrecoverable disk error
FATAL segfault at address 0x192.168.178.6
DEBUG heap size: 192.168.197.186
FATAL segfault at address 0x192.168.189.144
INFO request from 192.168.178.215
WARN slow query: 192.168.39.155ms
INFO user 192.168.141.220 logged in
FATAL segfault at address 0x192.168.39.155
ERROR connection timeout 503
INFO request from 192.168.121.141
WARN slow query: 192.168.36.209ms
ERROR connection timeout 503
ERROR file not found: /tmp/192.168.178.6.log
INFO processed 192.168.36.209 items
ERROR null pointer in module 192.168.189.144
ERROR null pointer in module 192.168.36.209
FATAL kernel panic
INFO user 192.168.82.31 logged in
INFO user 192.168.211.158 logged in
FATAL kernel panic
DEBUG variable x=192.168.211.158
ERROR auth failure for user 192.168.219.168
ERROR file not found: /tmp/192.168.60.30.log
DEBUG cache hit for key=192.168.219.168
INFO request from 192.168.36.209
INFO user 192.168.229.48 logged in
WARN memory threshold reached: 192.168.142.104MB
ERROR connection timeout 503
WARN retry attempt 192.168.82.31 for 51181
DEBUG heap size: 192.168.229.48
WARN disk usage 192.168.142.104%
DEBUG cache hit for key=192.168.57.185
INFO request from 192.168.141.220
DEBUG cache hit for key=192.168.193.243
DEBUG cache hit for key=192.168.82.31
INFO user 192.168.36.209 logged in
INFO connection established
FATAL out of memory
WARN retry attempt 192.168.57.185 for 95098
DEBUG cache hit for key=192.168.189.144
DEBUG heap size: 192.168.215.207
WARN memory threshold reached: 192.168.39.155MB
FATAL unrecoverable disk error
INFO request from 192.168.121.141
FATAL unrecoverable disk error
INFO processed 192.168.82.31 items
FATAL out of memory
DEBUG variable x=192.168.178.6
INFO user 192.168.229.48 logged in
WARN slow query: 192.168.215.207ms
ERROR auth failure for user 192.168.142.104
FATAL kernel panic
WARN memory threshold reached: 192.168.9.50MB
WARN memory threshold reached: 192.168.141.220MB
ERROR auth failure for user 192.168.142.104
WARN memory threshold reached: 192.168.36.209MB
WARN memory threshold reached: 192.168.142.104MB
DEBUG heap size: 192.168.215.207
FATAL unrecoverable disk error
WARN disk usage 192.168.57.185%
WARN retry attempt 192.168.57.185 for 72617
FATAL unrecoverable disk error
INFO request from 192.168.197.186
ERROR null pointer in module 192.168.9.50
ERROR connection timeout 503
FATAL kernel panic
FATAL kernel panic
INFO request from 192.168.219.168
INFO request from 192.168.141.220
ERROR file not found: /tmp/192.168.82.31.log
DEBUG cache hit for key=192.168.36.209
INFO request from 192.168.60.30
WARN disk usage 192.168.197.186%
INFO request from 192.168.121.141
ERROR connection timeout 503
WARN memory threshold reached: 192.168.178.6MB
ERROR file not found: /tmp/192.168.193.243.log
ERROR file not found: /tmp/192.168.197.186.log
INFO request from 192.168.82.31
ERROR connection timeout 503
WARN memory threshold reached: 192.168.57.185MB
WARN slow query: 192.168.229.48ms
ERROR null pointer in module 192.168.107.168
DEBUG variable x=192.168.141.220
WARN memory threshold reached: 192.168.178.215MB
FATAL kernel panic
FATAL segfault at address 0x192.168.92.139
ERROR connection timeout 503
FATAL out of memory
ERROR connection timeout 503
WARN memory threshold reached: 192.168.219.168MB
WARN memory threshold reached: 192.168.39.155MB
INFO connection established
FATAL out of memory
DEBUG entering function foo
INFO user 192.168.197.186 logged in
DEBUG heap size: 192.168.107.168
ERROR auth failure for user 192.168.121.141
FATAL unrecoverable disk error
ERROR file not found: /tmp/192.168.39.155.log
ERROR file not found: /tmp/192.168.107.168.log
DEBUG entering function foo
ERROR file not found: /tmp/192.168.211.158.log
DEBUG heap size: 192.168.211.158
INFO connection established
DEBUG entering function foo
DEBUG entering function foo
FATAL unrecoverable disk error
WARN slow query: 192.168.36.209ms
WARN memory threshold reached: 192.168.82.31MB
INFO request from 192.168.178.215
WARN slow query: 192.168.178.6ms
DEBUG heap size: 192.168.211.158
ERROR connection timeout 503
WARN memory threshold reached: 192.168.121.141MB
INFO user 192.168.197.186 logged in
WARN retry attempt 192.168.178.6 for 73718
DEBUG variable x=192.168.215.207
WARN slow query: 192.168.193.243ms
INFO user 192.168.229.48 logged in
DEBUG heap size: 192.168.57.185
FATAL out of memory
DEBUG cache hit for key=192.168.92.139
INFO processed 192.168.197.186 items
FATAL out of memory
ERROR file not found: /tmp/192.168.178.6.log
WARN retry attempt 192.168.178.6 for 33818
INFO request from 192.168.82.31
ERROR auth failure for user 192.168.121.141
ERROR auth failure for user 192.168.211.158
FATAL kernel panic
ERROR null pointer in module 192.168.9.50
ERROR null pointer in module 192.168.219.168
FATAL unrecoverable disk error
ERROR connection timeout 503
DEBUG heap size: 192.168.197.186
DEBUG cache hit for key=192.168.57.185
DEBUG cache hit for key=192.168.229.48
ERROR auth failure for user 192.168.141.220
FATAL out of memory
DEBUG cache hit for key=192.168.107.168
DEBUG variable x=192.168.189.144
FATAL out of memory
FATAL out of memory
INFO connection established
ERROR auth failure for user 192.168.189.144
FATAL out of memory
FATAL kernel panic
WARN slow query: 192.168.82.31ms
WARN disk usage 192.168.142.104%
INFO request from 192.168.211.158
FATAL kernel panic
INFO processed 192.168.39.155 items
DEBUG heap size: 192.168.121.141
INFO connection established
ERROR file not found: /tmp/192.168.57.185.log
INFO request from 192.168.193.243
ERROR null pointer in module 192.168.229.48
WARN slow query: 192.168.121.141ms
WARN retry attempt 192.168.39.155 for 81011
INFO connection established
DEBUG variable x=192.168.121.141
WARN retry attempt 192.168.82.31 for 12567
ERROR null pointer in module 192.168.141.220
INFO processed 192.168.107.168 items
ERROR file not found: /tmp/192.168.9.50.log
FATAL kernel panic
FATAL segfault at address 0x192.168.82.31
INFO user 192.168.215.207 logged in
ERROR file not found: /tmp/192.168.141.220.log
INFO processed 192.168.197.186 items
ERROR connection timeout 503
INFO connection established
ERROR null pointer in module 192.168.193.243
ERROR file not found: /tmp/192.168.142.104.log
ERROR null pointer in module 192.168.211.158
WARN retry attempt 192.168.39.155 for 97594
DEBUG cache hit for key=192.168.193.243
INFO user 192.168.39.155 logged in
WARN disk usage 192.168.36.209%
DEBUG cache hit for key=192.168.57.185
ERROR auth failure for user 192.168.82.31
DEBUG cache hit for key=192.168.215.207
ERROR file not found: /tmp/192.168.57.185.log
FATAL segfault at address 0x192.168.142.104
INFO processed 192.168.193.243 items
FATAL out of memory
DEBUG cache hit for key=192.168.57.185
INFO connection established
ERROR auth failure for user 192.168.229.48
FATAL out of memory
FATAL kernel panic
FATAL out of memory
ERROR auth failure for user 192.168.39.155
DEBUG cache hit for key=192.168.189.144
DEBUG heap size: 192.168.141.220
WARN disk usage 192.168.142.104%
DEBUG entering function foo
FATAL unrecoverable disk error
FATAL kernel panic
WARN slow query: 192.168.39.155ms
ERROR file not found: /tmp/192.168.211.158.log
DEBUG entering function foo
ERROR auth failure for user 192.168.178.6
ERROR file not found: /tmp/192.168.121.141.log
FATAL unrecoverable disk error
FATAL segfault at address 0x192.168.189.144
DEBUG variable x=192.168.229.48
ERROR null pointer in module 192.168.60.30
FATAL out of memory
DEBUG heap size: 192.168.178.215
WARN slow query: 192.168.219.168ms
ERROR auth failure for user 192.168.215.207
INFO request from 192.168.9.50
WARN retry attempt 192.168.141.220 for 42131
ERROR file not found: /tmp/192.168.197.186.log
ERROR auth failure for user 192.168.142.104
WARN memory threshold reached: 192.168.9.50MB
INFO processed 192.168.107.168 items
ERROR null pointer in module 192.168.142.104
ERROR connection timeout 503
FATAL out of memory
INFO connection established
INFO request from 192.168.36.209
ERROR null pointer in module 192.168.197.186
FATAL segfault at address 0x192.168.121.141
INFO connection established
FATAL kernel panic
FATAL out of memory
DEBUG variable x=192.168.211.158
WARN disk usage 192.168.107.168%
WARN disk usage 192.168.219.168%
ERROR auth failure for user 192.168.92.139
WARN slow query: 192.168.215.207ms
WARN memory threshold reached: 192.168.107.168MB
WARN retry attempt 192.168.39.155 for 27928
ERROR file not found: /tmp/192.168.178.215.log
DEBUG cache hit for key=192.168.197.186
INFO processed 192.168.229.48 items
DEBUG variable x=192.168.141.220
ERROR auth failure for user 192.168.211.158
INFO request from 192.168.9.50
FATAL segfault at address 0x192.168.82.31
WARN retry attempt 192.168.197.186 for 5459
FATAL segfault at address 0x192.168.178.6
DEBUG entering function foo
DEBUG heap size: 192.168.193.243
DEBUG cache hit for key=192.168.36.209
FATAL out of memory
WARN memory threshold reached: 192.168.141.220MB
DEBUG entering function foo
FATAL kernel panic
INFO request from 192.168.82.31
INFO user 192.168.211.158 logged in
WARN disk usage 192.168.57.185%
ERROR connection timeout 503
DEBUG entering function foo
INFO request from 192.168.121.141
FATAL segfault at address 0x192.168.141.220
FATAL segfault at address 0x192.168.107.168
WARN memory threshold reached: 192.168.141.220MB
FATAL unrecoverable disk error
ERROR auth failure for user 192.168.60.30
FATAL out of memory
INFO request from 192.168.193.243
FATAL segfault at address 0x192.168.39.155
FATAL segfault at address 0x192.168.39.155
ERROR null pointer in module 192.168.141.220
FATAL unrecoverable disk error
WARN retry attempt 192.168.57.185 for 68979
DEBUG cache hit for key=192.168.189.144
INFO processed 192.168.36.209 items
INFO connection established
INFO user 192.168.121.141 logged in
WARN memory threshold reached: 192.168.193.243MB
ERROR null pointer in module 192.168.215.207
DEBUG cache hit for key=192.168.142.104
DEBUG entering function foo
DEBUG heap size: 192.168.82.31
WARN retry attempt 192.168.215.207 for 59439
ERROR connection timeout 503
WARN retry attempt 192.168.178.6 for 96922
DEBUG cache hit for key=192.168.107.168
FATAL unrecoverable disk error
ERROR file not found: /tmp/192.168.60.30.log
WARN disk usage 192.168.39.155%
FATAL segfault at address 0x192.168.193.243
FATAL unrecoverable disk error
FATAL out of memory
INFO connection established
WARN retry attempt 192.168.39.155 for 59248
ERROR null pointer in module 192.168.197.186
FATAL unrecoverable disk error
DEBUG entering function foo
ERROR auth failure for user 192.168.178.215
FATAL unrecoverable disk error
ERROR connection timeout 503
DEBUG cache hit for key=192.168.142.104
FATAL segfault at address 0x192.168.92.139
FATAL kernel panic
DEBUG heap size: 192.168.9.50
INFO user 192.168.9.50 logged in
ERROR connection timeout 503
WARN memory threshold reached: 192.168.142.104MB
INFO processed 192.168.9.50 items
WARN disk usage 192.168.211.158%
DEBUG entering function foo
INFO processed 192.168.211.158 items
INFO request from 192.168.178.215
DEBUG entering function foo
ERROR connection timeout 503
WARN retry attempt 192.168.142.104 for 72835
INFO user 192.168.193.243 logged in
FATAL segfault at address 0x192.168.193.243
INFO request from 192.168.9.50
INFO connection established
ERROR null pointer in module 192.168.9.50
DEBUG cache hit for key=192.168.107.168
FATAL out of memory
ERROR connection timeout 503
DEBUG heap size: 192.168.189.144
WARN slow query: 192.168.92.139ms
INFO request from 192.168.178.6
FATAL unrecoverable disk error
FATAL kernel panic
INFO request from 192.168.9.50
FATAL segfault at address 0x192.168.107.168
DEBUG cache hit for key=192.168.193.243
FATAL unrecoverable disk error
DEBUG variable x=192.168.193.243
INFO request from 192.168.229.48
WARN disk usage 192.168.60.30%
INFO connection established
ERROR auth failure for user 192.168.219.168
DEBUG entering function foo
INFO processed 192.168.215.207 items
DEBUG entering function foo
WARN slow query: 192.168.215.207ms
ERROR null pointer in module 192.168.9.50
INFO user 192.168.36.209 logged in
DEBUG entering function foo
DEBUG entering function foo
ERROR null pointer in module 192.168.178.215
WARN memory threshold reached: 192.168.9.50MB
WARN disk usage 192.168.197.186%
FATAL unrecoverable disk error
ERROR null pointer in module 192.168.9.50
ERROR file not found: /tmp/192.168.215.207.log
FATAL kernel panic
WARN memory threshold reached: 192.168.178.215MB
FATAL kernel panic
WARN slow query: 192.168.82.31ms
FATAL segfault at address 0x192.168.57.185
WARN retry attempt 192.168.9.50 for 52872
WARN memory threshold reached: 192.168.141.220MB
WARN disk usage 192.168.36.209%
ERROR connection timeout 503
ERROR file not found: /tmp/192.168.178.6.log
ERROR null pointer in module 192.168.215.207
DEBUG entering function foo
INFO connection established
ERROR null pointer in module 192.168.36.209
DEBUG entering function foo
INFO processed 192.168.92.139 items
DEBUG heap size: 192.168.189.144
FATAL kernel panic
FATAL segfault at address 0x192.168.219.168
INFO request from 192.168.197.186
WARN slow query: 192.168.142.104ms
ERROR null pointer in module 192.168.193.243
FATAL kernel panic
DEBUG variable x=192.168.193.243
DEBUG entering function foo
ERROR null pointer in module 192.168.197.186
WARN retry attempt 192.168.141.220 for 54295
INFO connection established
WARN slow query: 192.168.121.141ms
ERROR file not found: /tmp/192.168.141.220.log
WARN memory threshold reached: 192.168.60.30MB
WARN memory threshold reached: 192.168.189.144MB
FATAL kernel panic
ERROR connection timeout 503
DEBUG entering function foo
FATAL out of memory
WARN disk usage 192.168.142.104%
WARN disk usage 192.168.57.185%
WARN retry attempt 192.168.60.30 for 71228
DEBUG cache hit for key=192.168.141.220
INFO processed 192.168.9.50 items
INFO connection established
FATAL out of memory
INFO connection established
DEBUG heap size: 192.168.60.30
FATAL out of memory
DEBUG cache hit for key=192.168.36.209
FATAL out of memory
WARN slow query: 192.168.178.215ms
ERROR file not found: /tmp/192.168.82.31.log
DEBUG cache hit for key=192.168.36.209
DEBUG entering function foo
FATAL kernel panic
WARN memory threshold reached: 192.168.142.104MB
INFO request from 192.168.178.215
ERROR null pointer in module 192.168.193.243
INFO request from 192.168.9.50
DEBUG entering function foo
ERROR null pointer in module 192.168.178.215
INFO processed 192.168.121.141 items
ERROR auth failure for user 192.168.36.209
WARN memory threshold reached: 192.168.189.144MB
INFO processed 192.168.178.215 items
DEBUG entering function foo
ERROR file not found: /tmp/192.168.211.158.log
INFO connection established
DEBUG heap size: 192.168.193.243
FATAL out of memory
INFO user 192.168.39.155 logged in
WARN retry attempt 192.168.36.209 for 55180
ERROR auth failure for user 192.168.60.30
INFO processed 192.168.219.168 items
DEBUG entering function foo
WARN disk usage 192.168.107.168%
WARN slow query: 192.168.92.139ms
DEBUG heap size: 192.168.178.6
WARN slow query: 192.168.189.144ms
INFO request from 192.168.215.207
ERROR null pointer in module 192.168.82.31
INFO connection established
FATAL unrecoverable disk error
WARN retry attempt 192.168.215.207 for 36947
FATAL segfault at address 0x192.168.189.144
WARN slow query: 192.168.60.30ms
FATAL segfault at address 0x192.168.141.220
DEBUG entering function foo
WARN memory threshold reached: 192.168.211.158MB
WARN slow query: 192.168.215.207ms
WARN disk usage 192.168.178.6%
INFO request from 192.168.178.215
DEBUG cache hit for key=192.168.178.215
FATAL out of memory
DEBUG entering function foo
ERROR file not found: /tmp/192.168.57.185.log
ERROR auth failure for user 192.168.57.185
WARN slow query: 192.168.193.243ms
WARN memory threshold reached: 192.168.39.155MB
DEBUG variable x=192.168.178.6
WARN disk usage 192.168.211.158%
INFO processed 192.168.39.155 items
INFO request from 192.168.39.155
WARN slow query: 192.168.60.30ms
INFO user 192.168.82.31 logged in
FATAL unrecoverable disk error
FATAL kernel panic
FATAL segfault at address 0x192.168.211.158
DEBUG heap size: 192.168.211.158
ERROR file not found: /tmp/192.168.60.30.log
FATAL out of memory
INFO connection established
DEBUG variable x=192.168.193.243
WARN disk usage 192.168.211.158%
FATAL unrecoverable disk error
DEBUG heap size: 192.168.178.6
ERROR file not found: /tmp/192.168.219.168.log
FATAL segfault at address 0x192.168.178.215
ERROR file not found: /tmp/192.168.178.215.log
INFO user 192.168.178.6 logged in
WARN slow query: 192.168.107.168ms
ERROR null pointer in module 192.168.193.243
FATAL segfault at address 0x192.168.211.158
DEBUG heap size: 192.168.92.139
WARN slow query: 192.168.36.209ms
INFO processed 192.168.121.141 items
INFO processed 192.168.107.168 items
INFO processed 192.168.189.144 items
FATAL kernel panic
DEBUG variable x=192.168.82.31
ERROR connection timeout 503
DEBUG cache hit for key=192.168.178.6
FATAL out of memory
DEBUG entering function foo
ERROR auth failure for user 192.168.215.207
WARN slow query: 192.168.39.155ms
ERROR connection timeout 503
FATAL kernel panic
ERROR auth failure for user 192.168.121.141
FATAL segfault at address 0x192.168.9.50
FATAL kernel panic
DEBUG heap size: 192.168.39.155
WARN retry attempt 192.168.211.158 for 91143
FATAL out of memory
INFO request from 192.168.193.243
INFO user 192.168.211.158 logged in
FATAL kernel panic
FATAL unrecoverable disk error
DEBUG heap size: 192.168.193.243
ERROR null pointer in module 192.168.197.186
FATAL kernel panic
WARN disk usage 192.168.92.139%
DEBUG heap size: 192.168.219.168
FATAL kernel panic
ERROR auth failure for user 192.168.193.243
FATAL segfault at address 0x192.168.92.139
INFO connection established
FATAL kernel panic
WARN memory threshold reached: 192.168.60.30MB
FATAL unrecoverable disk error
ERROR file not found: /tmp/192.168.9.50.log
FATAL out of memory
ERROR connection timeout 503
FATAL kernel panic
INFO connection established
DEBUG entering function foo
FATAL kernel panic
DEBUG cache hit for key=192.168.211.158
INFO processed 192.168.193.243 items
INFO user 192.168.142.104 logged in
ERROR auth failure for user 192.168.60.30
FATAL segfault at address 0x192.168.92.139
WARN slow query: 192.168.215.207ms
DEBUG entering function foo
ERROR auth failure for user 192.168.178.215
WARN disk usage 192.168.39.155%
FATAL unrecoverable disk error
FATAL unrecoverable disk error
ERROR null pointer in module 192.168.142.104
INFO user 192.168.39.155 logged in
DEBUG cache hit for key=192.168.142.104
ERROR null pointer in module 192.168.178.6
ERROR file not found: /tmp/192.168.141.220.log
INFO user 192.168.141.220 logged in
WARN memory threshold reached: 192.168.193.243MB
FATAL out of memory
WARN slow query: 192.168.193.243ms
FATAL unrecoverable disk error
DEBUG cache hit for key=192.168.215.207
INFO processed 192.168.178.6 items
WARN slow query: 192.168.193.243ms
INFO user 192.168.141.220 logged in
FATAL out of memory
ERROR null pointer in module 192.168.107.168
FATAL segfault at address 0x192.168.142.104
ERROR file not found: /tmp/192.168.57.185.log
WARN retry attempt 192.168.121.141 for 7923
DEBUG variable x=192.168.178.215
ERROR null pointer in module 192.168.197.186
INFO user 192.168.197.186 logged in
INFO request from 192.168.107.168
FATAL out of memory
FATAL kernel panic
DEBUG entering function foo
FATAL unrecoverable disk error
WARN memory threshold reached: 192.168.215.207MB
FATAL out of memory
WARN slow query: 192.168.60.30ms
WARN slow query: 192.168.193.243ms
DEBUG variable x=192.168.9.50
INFO processed 192.168.229.48 items
WARN retry attempt 192.168.178.215 for 54556
INFO request from 192.168.229.48
INFO user 192.168.197.186 logged in
FATAL unrecoverable disk error
INFO user 192.168.107.168 logged in
DEBUG heap size: 192.168.57.185
WARN memory threshold reached: 192.168.197.186MB
ERROR connection timeout 503
WARN slow query: 192.168.60.30ms
DEBUG heap size: 192.168.60.30
FATAL out of memory
FATAL segfault at address 0x192.168.121.141
INFO user 192.168.36.209 logged in
WARN disk usage 192.168.229.48%
INFO connection established
DEBUG heap size: 192.168.142.104
DEBUG heap size: 192.168.215.207
FATAL segfault at address 0x192.168.9.50
DEBUG cache hit for key=192.168.197.186
INFO connection established
ERROR file not found: /tmp/192.168.107.168.log
FATAL segfault at address 0x192.168.82.31
WARN slow query: 192.168.142.104ms
DEBUG heap size: 192.168.82.31
WARN slow query: 192.168.92.139ms
FATAL out of memory
WARN memory threshold reached: 192.168.229.48MB
FATAL out of memory
WARN memory threshold reached: 192.168.178.6MB
FATAL segfault at address 0x192.168.215.207
WARN disk usage 192.168.178.215%
DEBUG entering function foo
ERROR auth failure for user 192.168.178.6
WARN memory threshold reached: 192.168.9.50MB
INFO request from 192.168.121.141
DEBUG variable x=192.168.39.155
DEBUG entering function foo
FATAL segfault at address 0x192.168.178.215
FATAL kernel panic
FATAL segfault at address 0x192.168.92.139
FATAL unrecoverable disk error
FATAL out of memory
ERROR null pointer in module 192.168.142.104
DEBUG heap size: 192.168.178.215
FATAL out of memory
INFO request from 192.168.92.139
DEBUG variable x=192.168.121.141
DEBUG cache hit for key=192.168.36.209
DEBUG cache hit for key=192.168.211.158
INFO connection established
FATAL segfault at address 0x192.168.107.168
INFO connection established
INFO processed 192.168.219.168 items
INFO connection established
WARN memory threshold reached: 192.168.197.186MB
INFO processed 192.168.39.155 items
ERROR null pointer in module 192.168.211.158
WARN memory threshold reached: 192.168.82.31MB
INFO processed 192.168.9.50 items
ERROR null pointer in module 192.168.178.215
FATAL kernel panic
DEBUG variable x=192.168.39.155
WARN memory threshold reached: 192.168.178.215MB
DEBUG variable x=192.168.57.185
DEBUG cache hit for key=192.168.189.144
FATAL kernel panic
ERROR auth failure for user 192.168.193.243
INFO processed 192.168.193.243 items
DEBUG heap size: 192.168.92.139
INFO connection established
INFO user 192.168.229.48 logged in
FATAL out of memory
FATAL unrecoverable disk error
INFO connection established
ERROR connection timeout 503
DEBUG cache hit for key=192.168.229.48
INFO user 192.168.39.155 logged in
INFO request from 192.168.215.207
FATAL segfault at address 0x192.168.178.6
DEBUG variable x=192.168.9.50
FATAL unrecoverable disk error
INFO user 192.168.57.185 logged in
ERROR connection timeout 503
ERROR connection timeout 503
WARN disk usage 192.168.92.139%
WARN retry attempt 192.168.178.6 for 79879
FATAL kernel panic
ERROR null pointer in module 192.168.215.207
ERROR auth failure for user 192.168.189.144
FATAL out of memory
WARN disk usage 192.168.82.31%
FATAL segfault at address 0x192.168.193.243
INFO connection established
WARN retry attempt 192.168.121.141 for 25710
INFO request from 192.168.142.104
DEBUG cache hit for key=192.168.178.215
FATAL kernel panic
WARN disk usage 192.168.121.141%
FATAL kernel panic
WARN disk usage 192.168.57.185%
INFO processed 192.168.193.243 items
FATAL out of memory
DEBUG cache hit for key=192.168.189.144
INFO processed 192.168.36.209 items
INFO user 192.168.36.209 logged in
ERROR null pointer in module 192.168.60.30
INFO connection established
FATAL out of memory
DEBUG heap size: 192.168.189.144
FATAL unrecoverable disk error
ERROR file not found: /tmp/192.168.36.209.log
DEBUG entering function foo
WARN slow query: 192.168.57.185ms
ERROR auth failure for user 192.168.189.144
WARN memory threshold reached: 192.168.57.185MB
DEBUG heap size: 192.168.229.48
DEBUG heap size: 192.168.142.104
WARN disk usage 192.168.107.168%
FATAL out of memory
INFO processed 192.168.178.215 items
WARN disk usage 192.168.60.30%
INFO request from 192.168.215.207
WARN disk usage 192.168.197.186%
FATAL out of memory
INFO user 192.168.9.50 logged in
ERROR null pointer in module 192.168.92.139
INFO connection established
FATAL kernel panic
INFO request from 192.168.197.186
WARN slow query: 192.168.197.186ms
INFO user 192.168.178.215 logged in
DEBUG variable x=192.168.9.50
DEBUG variable x=192.168.107.168
ERROR connection timeout 503
WARN disk usage 192.168.141.220%
INFO user 192.168.193.243 logged in
ERROR file not found: /tmp/192.168.36.209.log
ERROR auth failure for user 192.168.36.209
INFO user 192.168.9.50 logged in
ERROR auth failure for user 192.168.189.144
ERROR connection timeout 503
FATAL kernel panic
ERROR null pointer in module 192.168.219.168
ERROR file not found: /tmp/192.168.189.144.log
FATAL kernel panic
DEBUG entering function foo
FATAL out of memory
INFO processed 192.168.229.48 items
WARN slow query: 192.168.57.185ms
WARN retry attempt 192.168.121.141 for 76930
WARN retry attempt 192.168.142.104 for 96897
FATAL kernel panic
ERROR auth failure for user 192.168.197.186
FATAL out of memory
ERROR file not found: /tmp/192.168.60.30.log
DEBUG cache hit for key=192.168.219.168
FATAL segfault at address 0x192.168.82.31
FATAL out of memory
WARN memory threshold reached: 192.168.211.158MB
INFO request from 192.168.193.243
WARN memory threshold reached: 192.168.57.185MB
INFO processed 192.168.189.144 items
FATAL segfault at address 0x192.168.197.186
ERROR auth failure for user 192.168.215.207
ERROR null pointer in module 192.168.107.168
DEBUG heap size: 192.168.189.144
INFO processed 192.168.92.139 items
WARN memory threshold reached: 192.168.60.30MB
WARN retry attempt 192.168.193.243 for 94240
WARN memory threshold reached: 192.168.142.104MB
WARN disk usage 192.168.39.155%
FATAL kernel panic
FATAL unrecoverable disk error
DEBUG variable x=192.168.39.155
DEBUG cache hit for key=192.168.107.168
FATAL segfault at address 0x192.168.219.168
DEBUG variable x=192.168.229.48
ERROR connection timeout 503
ERROR connection timeout 503
DEBUG cache hit for key=192.168.92.139
ERROR null pointer in module 192.168.189.144
ERROR file not found: /tmp/192.168.197.186.log
ERROR auth failure for user 192.168.178.215
ERROR connection timeout 503
FATAL kernel panic
DEBUG variable x=192.168.121.141
ERROR null pointer in module 192.168.107.168
INFO connection established
DEBUG cache hit for key=192.168.178.215
DEBUG heap size: 192.168.57.185
WARN slow query: 192.168.9.50ms
FATAL kernel panic
DEBUG entering function foo
INFO request from 192.168.39.155
FATAL unrecoverable disk error
FATAL unrecoverable disk error
DEBUG cache hit for key=192.168.215.207
DEBUG entering function foo
FATAL kernel panic
INFO connection established
WARN slow query: 192.168.193.243ms
FATAL out of memory
WARN disk usage 192.168.219.168%
DEBUG entering function foo
ERROR file not found: /tmp/192.168.141.220.log
INFO user 192.168.211.158 logged in
ERROR file not found: /tmp/192.168.107.168.log
WARN memory threshold reached: 192.168.211.158MB
WARN disk usage 192.168.36.209%
DEBUG variable x=192.168.142.104
DEBUG variable x=192.168.121.141
DEBUG entering function foo
DEBUG heap size: 192.168.121.141
ERROR auth failure for user 192.168.60.30
WARN memory threshold reached: 192.168.229.48MB
WARN retry attempt 192.168.229.48 for 84769
ERROR null pointer in module 192.168.57.185
WARN memory threshold reached: 192.168.92.139MB
INFO user 192.168.9.50 logged in
DEBUG heap size: 192.168.121.141
WARN retry attempt 192.168.197.186 for 96281
INFO processed 192.168.189.144 items
WARN retry attempt 192.168.142.104 for 27480
ERROR file not found: /tmp/192.168.92.139.log
ERROR auth failure for user 192.168.82.31
DEBUG variable x=192.168.197.186
FATAL segfault at address 0x192.168.60.30
INFO connection established
FATAL segfault at address 0x192.168.178.6
WARN disk usage 192.168.141.220%
WARN memory threshold reached: 192.168.215.207MB
DEBUG cache hit for key=192.168.107.168
WARN disk usage 192.168.219.168%
FATAL out of memory
ERROR auth failure for user 192.168.193.243
WARN memory threshold reached: 192.168.193.243MB
WARN slow query: 192.168.219.168ms
ERROR file not found: /tmp/192.168.178.215.log
FATAL kernel panic
INFO request from 192.168.178.215
WARN disk usage 192.168.60.30%
DEBUG heap size: 192.168.178.6
FATAL unrecoverable disk error
FATAL kernel panic
ERROR file not found: /tmp/192.168.193.243.log
ERROR null pointer in module 192.168.178.6
FATAL segfault at address 0x192.168.178.215
ERROR connection timeout 503
INFO request from 192.168.107.168
DEBUG heap size: 192.168.229.48
WARN retry attempt 192.168.141.220 for 79044
ERROR connection timeout 503
ERROR connection timeout 503
INFO connection established
DEBUG heap size: 192.168.178.6
ERROR auth failure for user 192.168.193.243
DEBUG heap size: 192.168.178.215
DEBUG heap size: 192.168.60.30
INFO user 192.168.60.30 logged in
INFO user 192.168.57.185 logged in
FATAL segfault at address 0x192.168.197.186
ERROR file not found: /tmp/192.168.36.209.log
INFO processed 192.168.189.144 items
FATAL segfault at address 0x192.168.178.6
WARN retry attempt 192.168.178.215 for 79233
WARN retry attempt 192.168.39.155 for 96082
FATAL out of memory
INFO request from 192.168.219.168
WARN memory threshold reached: 192.168.39.155MB
DEBUG entering function foo
WARN disk usage 192.168.229.48%
FATAL unrecoverable disk error
INFO processed 192.168.211.158 items
ERROR null pointer in module 192.168.197.186
DEBUG cache hit for key=192.168.60.30
ERROR file not found: /tmp/192.168.193.243.log
DEBUG entering function foo
INFO request from 192.168.121.141
WARN disk usage 192.168.36.209%
INFO connection established
WARN retry attempt 192.168.178.6 for 46729
INFO connection established
ERROR null pointer in module 192.168.197.186
INFO connection established
WARN memory threshold reached: 192.168.57.185MB
ERROR auth failure for user 192.168.36.209
ERROR auth failure for user 192.168.82.31
FATAL unrecoverable disk error
DEBUG variable x=192.168.107.168
ERROR connection timeout 503
INFO request from 192.168.197.186
WARN slow query: 192.168.178.6ms
ERROR file not found: /tmp/192.168.141.220.log
DEBUG cache hit for key=192.168.193.243
INFO request from 192.168.107.168
INFO request from 192.168.92.139
FATAL unrecoverable disk error
ERROR auth failure for user 192.168.107.168
FATAL segfault at address 0x192.168.60.30
FATAL unrecoverable disk error
ERROR auth failure for user 192.168.121.141
FATAL kernel panic
DEBUG cache hit for key=192.168.215.207
DEBUG entering function foo
WARN disk usage 192.168.215.207%
ERROR connection timeout 503
DEBUG heap size: 192.168.36.209
DEBUG heap size: 192.168.189.144
DEBUG cache hit for key=192.168.193.243
INFO user 192.168.178.6 logged in
DEBUG entering function foo
DEBUG cache hit for key=192.168.82.31
FATAL kernel panic
ERROR file not found: /tmp/192.168.39.155.log
DEBUG entering function foo
DEBUG variable x=192.168.9.50
FATAL segfault at address 0x192.168.189.144
WARN disk usage 192.168.229.48%
WARN disk usage 192.168.57.185%
DEBUG heap size: 192.168.215.207
FATAL kernel panic
WARN slow query: 192.168.142.104ms
FATAL segfault at address 0x192.168.107.168
WARN disk usage 192.168.178.215%
DEBUG cache hit for key=192.168.82.31
INFO connection established
FATAL segfault at address 0x192.168.211.158
ERROR auth failure for user 192.168.215.207
WARN disk usage 192.168.92.139%
WARN memory threshold reached: 192.168.60.30MB
INFO user 192.168.142.104 logged in
WARN slow query: 192.168.36.209ms
ERROR null pointer in module 192.168.197.186
INFO user 192.168.82.31 logged in
FATAL segfault at address 0x192.168.121.141
ERROR null pointer in module 192.168.197.186
ERROR null pointer in module 192.168.178.6
WARN retry attempt 192.168.39.155 for 35486
FATAL out of memory
ERROR null pointer in module 192.168.39.155
INFO processed 192.168.178.215 items
FATAL kernel panic
FATAL kernel panic
WARN memory threshold reached: 192.168.39.155MB
DEBUG variable x=192.168.229.48
FATAL unrecoverable disk error
WARN retry attempt 192.168.82.31 for 68359
INFO user 192.168.57.185 logged in
FATAL out of memory
DEBUG cache hit for key=192.168.60.30
FATAL unrecoverable disk error
DEBUG heap size: 192.168.193.243
FATAL unrecoverable disk error
FATAL unrecoverable disk error
INFO processed 192.168.141.220 items
ERROR connection timeout 503
ERROR null pointer in module 192.168.229.48
INFO connection established
FATAL segfault at address 0x192.168.39.155
FATAL segfault at address 0x192.168.178.6
WARN memory threshold reached: 192.168.36.209MB
WARN memory threshold reached: 192.168.142.104MB
ERROR connection timeout 503
FATAL out of memory
FATAL unrecoverable disk error
FATAL out of memory
INFO user 192.168.189.144 logged in
ERROR file not found: /tmp/192.168.141.220.log
FATAL segfault at address 0x192.168.9.50
FATAL segfault at address 0x192.168.82.31
FATAL kernel panic
ERROR connection timeout 503
DEBUG heap size: 192.168.197.186
DEBUG cache hit for key=192.168.57.185
ERROR connection timeout 503
FATAL out of memory
WARN memory threshold reached: 192.168.211.158MB
ERROR connection timeout 503
FATAL kernel panic
DEBUG cache hit for key=192.168.219.168
ERROR file not found: /tmp/192.168.107.168.log
WARN retry attempt 192.168.193.243 for 65745
ERROR null pointer in module 192.168.121.141
INFO user 192.168.92.139 logged in
ERROR file not found: /tmp/192.168.189.144.log
INFO processed 192.168.215.207 items
INFO request from 192.168.197.186
FATAL kernel panic
INFO user 192.168.178.6 logged in
DEBUG entering function foo
INFO connection established
FATAL out of memory
DEBUG entering function foo
DEBUG cache hit for key=192.168.197.186
WARN retry attempt 192.168.9.50 for 59426
ERROR connection timeout 503
WARN disk usage 192.168.39.155%
ERROR null pointer in module 192.168.107.168
WARN slow query: 192.168.92.139ms
INFO request from 192.168.121.141
WARN retry attempt 192.168.39.155 for 85578
ERROR null pointer in module 192.168.39.155
ERROR file not found: /tmp/192.168.219.168.log
ERROR null pointer in module 192.168.211.158
ERROR null pointer in module 192.168.60.30
WARN memory threshold reached: 192.168.107.168MB
WARN memory threshold reached: 192.168.178.6MB
WARN retry attempt 192.168.142.104 for 24255
DEBUG heap size: 192.168.193.243
WARN slow query: 192.168.215.207ms
FATAL kernel panic
WARN retry attempt 192.168.197.186 for 18579
INFO request from 192.168.9.50
FATAL segfault at address 0x192.168.60.30
FATAL unrecoverable disk error
ERROR auth failure for user 192.168.215.207
WARN disk usage 192.168.60.30%
ERROR auth failure for user 192.168.178.215
ERROR auth failure for user 192.168.178.6
INFO connection established
INFO request from 192.168.141.220
FATAL unrecoverable disk error
INFO request from 192.168.189.144
DEBUG cache hit for key=192.168.107.168
WARN retry attempt 192.168.215.207 for 69702
WARN retry attempt 192.168.215.207 for 65294
WARN retry attempt 192.168.36.209 for 91296
WARN retry attempt 192.168.36.209 for 74648
ERROR connection timeout 503
WARN memory threshold reached: 192.168.9.50MB
ERROR file not found: /tmp/192.168.193.243.log
FATAL unrecoverable disk error
ERROR auth failure for user 192.168.215.207
DEBUG entering function foo
ERROR null pointer in module 192.168.82.31
INFO connection established
FATAL segfault at address 0x192.168.92.139
WARN disk usage 192.168.39.155%
FATAL unrecoverable disk error
ERROR connection timeout 503
FATAL out of memory
WARN slow query: 192.168.82.31ms
ERROR null pointer in module 192.168.229.48
INFO processed 192.168.92.139 items
INFO processed 192.168.215.207 items
DEBUG heap size: 192.168.178.6
INFO processed 192.168.219.168 items
FATAL out of memory
INFO processed 192.168.189.144 items
DEBUG cache hit for key=192.168.36.209
INFO processed 192.168.229.48 items
INFO request from 192.168.193.243
DEBUG variable x=192.168.197.186
ERROR auth failure for user 192.168.178.215
WARN slow query: 192.168.229.48ms
DEBUG variable x=192.168.211.158
ERROR null pointer in module 192.168.141.220
INFO connection established
FATAL unrecoverable disk error
INFO processed 192.168.36.209 items
INFO request from 192.168.197.186
INFO request from 192.168.219.168
WARN retry attempt 192.168.189.144 for 88155
WARN memory threshold reached: 192.168.60.30MB
WARN retry attempt 192.168.141.220 for 98701
WARN disk usage 192.168.219.168%
WARN disk usage 192.168.82.31%
INFO connection established
FATAL kernel panic
WARN retry attempt 192.168.107.168 for 39621
INFO request from 192.168.107.168
DEBUG heap size: 192.168.219.168
FATAL unrecoverable disk error
WARN memory threshold reached: 192.168.36.209MB
ERROR null pointer in module 192.168.57.185
ERROR file not found: /tmp/192.168.142.104.log
ERROR null pointer in module 192.168.189.144
INFO processed 192.168.193.243 items
INFO user 192.168.142.104 logged in
FATAL out of memory
DEBUG entering function foo
ERROR connection timeout 503
INFO connection established
INFO user 192.168.229.48 logged in
DEBUG entering function foo
DEBUG variable x=192.168.141.220
INFO connection established
ERROR auth failure for user 192.168.219.168
FATAL segfault at address 0x192.168.215.207
WARN slow query: 192.168.219.168ms
INFO request from 192.168.36.209
FATAL out of memory
DEBUG variable x=192.168.36.209
WARN memory threshold reached: 192.168.178.6MB
WARN retry attempt 192.168.39.155 for 87551
DEBUG cache hit for key=192.168.229.48
DEBUG heap size: 192.168.229.48
DEBUG heap size: 192.168.142.104
DEBUG variable x=192.168.107.168
WARN retry attempt 192.168.141.220 for 51626
WARN memory threshold reached: 192.168.211.158MB
WARN retry attempt 192.168.141.220 for 21020
FATAL kernel panic
WARN memory threshold reached: 192.168.229.48MB
DEBUG variable x=192.168.39.155
INFO connection established
FATAL unrecoverable disk error
ERROR connection timeout 503
FATAL segfault at address 0x192.168.219.168
DEBUG entering function foo
WARN memory threshold reached: 192.168.60.30MB
DEBUG variable x=192.168.60.30
ERROR auth failure for user 192.168.36.209
FATAL kernel panic
WARN retry attempt 192.168.211.158 for 48455
FATAL kernel panic
INFO user 192.168.39.155 logged in
DEBUG entering function foo
ERROR auth failure for user 192.168.57.185
WARN slow query: 192.168.193.243ms
ERROR file not found: /tmp/192.168.189.144.log
WARN slow query: 192.168.141.220ms
DEBUG heap size: 192.168.142.104
INFO user 192.168.189.144 logged in
WARN disk usage 192.168.219.168%
FATAL kernel panic
FATAL segfault at address 0x192.168.178.6
WARN slow query: 192.168.107.168ms
INFO connection established
WARN memory threshold reached: 192.168.229.48MB
ERROR file not found: /tmp/192.168.215.207.log
INFO request from 192.168.107.168
INFO connection established
DEBUG cache hit for key=192.168.142.104
ERROR file not found: /tmp/192.168.141.220.log
INFO connection established
ERROR connection timeout 503
WARN memory threshold reached: 192.168.9.50MB
INFO request from 192.168.229.48
ERROR connection timeout 503
INFO processed 192.168.36.209 items
FATAL unrecoverable disk error
FATAL unrecoverable disk error
INFO user 192.168.141.220 logged in
INFO connection established
WARN disk usage 192.168.189.144%
WARN slow query: 192.168.36.209ms
WARN disk usage 192.168.39.155%
FATAL segfault at address 0x192.168.141.220
DEBUG heap size: 192.168.92.139
WARN slow query: 192.168.211.158ms
FATAL out of memory
FATAL unrecoverable disk error
ERROR null pointer in module 192.168.211.158
FATAL segfault at address 0x192.168.92.139
ERROR connection timeout 503
WARN memory threshold reached: 192.168.215.207MB
FATAL unrecoverable disk error
DEBUG cache hit for key=192.168.142.104
INFO user 192.168.9.50 logged in
FATAL kernel panic
ERROR auth failure for user 192.168.141.220
WARN slow query: 192.168.229.48ms
INFO user 192.168.9.50 logged in
FATAL unrecoverable disk error
WARN slow query: 192.168.229.48ms
INFO user 192.168.197.186 logged in
ERROR null pointer in module 192.168.121.141
WARN disk usage 192.168.178.215%
ERROR connection timeout 503
ERROR null pointer in module 192.168.229.48
FATAL kernel panic
FATAL kernel panic
WARN retry attempt 192.168.82.31 for 33400
DEBUG entering function foo
DEBUG heap size: 192.168.82.31
WARN slow query: 192.168.189.144ms
WARN retry attempt 192.168.60.30 for 73590
FATAL unrecoverable disk error
FATAL unrecoverable disk error
DEBUG heap size: 192.168.178.6
INFO user 192.168.219.168 logged in
FATAL out of memory
INFO processed 192.168.219.168 items
INFO request from 192.168.189.144
INFO connection established
ERROR auth failure for user 192.168.121.141
WARN memory threshold reached: 192.168.107.168MB
INFO connection established
WARN memory threshold reached: 192.168.141.220MB
INFO connection established
INFO request from 192.168.178.215
FATAL unrecoverable disk error
ERROR connection timeout 503
DEBUG heap size: 192.168.219.168
DEBUG variable x=192.168.229.48
WARN disk usage 192.168.57.185%
ERROR null pointer in module 192.168.142.104
FATAL out of memory
DEBUG variable x=192.168.178.6
DEBUG heap size: 192.168.211.158
INFO connection established
FATAL unrecoverable disk error
FATAL kernel panic
DEBUG cache hit for key=192.168.178.215
ERROR file not found: /tmp/192.168.9.50.log
DEBUG variable x=192.168.39.155
DEBUG heap size: 192.168.107.168
ERROR auth failure for user 192.168.92.139
DEBUG cache hit for key=192.168.60.30
FATAL unrecoverable disk error
FATAL unrecoverable disk error
FATAL out of memory
INFO request from 192.168.211.158
DEBUG variable x=192.168.193.243
INFO connection established
DEBUG entering function foo
WARN memory threshold reached: 192.168.39.155MB
INFO user 192.168.36.209 logged in
DEBUG entering function foo
DEBUG variable x=192.168.9.50
FATAL segfault at address 0x192.168.178.215
FATAL unrecoverable disk error
ERROR connection timeout 503
DEBUG heap size: 192.168.39.155
DEBUG variable x=192.168.9.50
FATAL kernel panic
DEBUG entering function foo
WARN memory threshold reached: 192.168.215.207MB
WARN memory threshold reached: 192.168.9.50MB
INFO request from 192.168.229.48
DEBUG cache hit for key=192.168.189.144
WARN memory threshold reached: 192.168.107.168MB
DEBUG cache hit for key=192.168.141.220
FATAL segfault at address 0x192.168.189.144
WARN disk usage 192.168.39.155%
WARN disk usage 192.168.215.207%
FATAL segfault at address 0x192.168.229.48
WARN slow query: 192.168.219.168ms
DEBUG entering function foo
WARN slow query: 192.168.39.155ms
ERROR connection timeout 503
INFO request from 192.168.39.155
WARN retry attempt 192.168.60.30 for 44531
FATAL unrecoverable disk error
DEBUG variable x=192.168.219.168
ERROR auth failure for user 192.168.39.155
FATAL kernel panic
INFO connection established
DEBUG entering function foo
WARN disk usage 192.168.189.144%
INFO request from 192.168.141.220
DEBUG heap size: 192.168.141.220
FATAL out of memory
FATAL out of memory
INFO user 192.168.60.30 logged in
WARN disk usage 192.168.189.144%
ERROR file not found: /tmp/192.168.219.168.log
DEBUG heap size: 192.168.60.30
ERROR file not found: /tmp/192.168.92.139.log
ERROR null pointer in module 192.168.215.207
ERROR auth failure for user 192.168.189.144
WARN disk usage 192.168.39.155%
FATAL out of memory
WARN disk usage 192.168.57.185%
FATAL out of memory
DEBUG variable x=192.168.197.186
ERROR null pointer in module 192.168.211.158
ERROR null pointer in module 192.168.189.144
WARN memory threshold reached: 192.168.197.186MB
ERROR connection timeout 503
DEBUG entering function foo
ERROR file not found: /tmp/192.168.142.104.log
ERROR null pointer in module 192.168.60.30
INFO connection established
WARN retry attempt 192.168.57.185 for 40021
ERROR auth failure for user 192.168.39.155
INFO user 192.168.141.220 logged in
INFO request from 192.168.82.31
FATAL unrecoverable disk error
FATAL kernel panic
FATAL kernel panic
INFO connection established
WARN slow query: 192.168.107.168ms
WARN disk usage 192.168.82.31%
FATAL kernel panic
FATAL segfault at address 0x192.168.211.158
FATAL segfault at address 0x192.168.197.186
ERROR auth failure for user 192.168.178.6
INFO user 192.168.211.158 logged in
WARN memory threshold reached: 192.168.57.185MB
DEBUG heap size: 192.168.39.155
INFO connection established
WARN memory threshold reached: 192.168.57.185MB
DEBUG heap size: 192.168.229.48
DEBUG heap size: 192.168.9.50
INFO user 192.168.60.30 logged in
WARN memory threshold reached: 192.168.189.144MB
ERROR auth failure for user 192.168.197.186
WARN memory threshold reached: 192.168.9.50MB
ERROR auth failure for user 192.168.215.207
ERROR auth failure for user 192.168.141.220
WARN slow query: 192.168.60.30ms
WARN retry attempt 192.168.193.243 for 47589
DEBUG cache hit for key=192.168.141.220
WARN memory threshold reached: 192.168.189.144MB
DEBUG heap size: 192.168.142.104
FATAL segfault at address 0x192.168.178.215
WARN slow query: 192.168.178.215ms
DEBUG cache hit for key=192.168.229.48
WARN slow query: 192.168.57.185ms
DEBUG cache hit for key=192.168.189.144
FATAL out of memory
WARN slow query: 192.168.82.31ms
WARN slow query: 192.168.178.215ms
FATAL kernel panic
ERROR auth failure for user 192.168.142.104
FATAL kernel panic
FATAL out of memory
DEBUG variable x=192.168.39.155
DEBUG cache hit for key=192.168.193.243
DEBUG entering function foo
FATAL unrecoverable disk error
WARN slow query: 192.168.92.139ms
WARN retry attempt 192.168.141.220 for 9991
DEBUG variable x=192.168.36.209
ERROR file not found: /tmp/192.168.57.185.log
ERROR null pointer in module 192.168.229.48
INFO request from 192.168.189.144
ERROR connection timeout 503
FATAL kernel panic
DEBUG heap size: 192.168.82.31
ERROR auth failure for user 192.168.39.155
FATAL out of memory
FATAL kernel panic
DEBUG heap size: 192.168.142.104
ERROR connection timeout 503
DEBUG cache hit for key=192.168.178.6
DEBUG variable x=192.168.229.48
DEBUG entering function foo
ERROR connection timeout 503
DEBUG entering function foo
FATAL kernel panic
INFO request from 192.168.229.48
FATAL kernel panic
FATAL segfault at address 0x192.168.36.209
DEBUG heap size: 192.168.82.31
ERROR null pointer in module 192.168.215.207
INFO request from 192.168.60.30
DEBUG cache hit for key=192.168.189.144
WARN memory threshold reached: 192.168.197.186MB
DEBUG heap size: 192.168.57.185
INFO connection established
DEBUG cache hit for key=192.168.178.6
INFO user 192.168.82.31 logged in
FATAL segfault at address 0x192.168.39.155
ERROR null pointer in module 192.168.141.220
ERROR auth failure for user 192.168.178.6
DEBUG cache hit for key=192.168.142.104
ERROR null pointer in module 192.168.82.31
FATAL unrecoverable disk error
ERROR connection timeout 503
DEBUG variable x=192.168.193.243
INFO user 192.168.92.139 logged in
WARN disk usage 192.168.197.186%
FATAL out of memory
ERROR connection timeout 503
WARN slow query: 192.168.82.31ms
ERROR null pointer in module 192.168.107.168
ERROR auth failure for user 192.168.193.243
ERROR null pointer in module 192.168.107.168
WARN disk usage 192.168.229.48%
DEBUG variable x=192.168.215.207
INFO processed 192.168.229.48 items
INFO processed 192.168.178.215 items
WARN disk usage 192.168.215.207%
INFO user 192.168.193.243 logged in
WARN disk usage 192.168.215.207%
FATAL unrecoverable disk error
WARN memory threshold reached: 192.168.142.104MB
WARN memory threshold reached: 192.168.219.168MB
FATAL segfault at address 0x192.168.60.30
ERROR file not found: /tmp/192.168.142.104.log
INFO processed 192.168.197.186 items
WARN memory threshold reached: 192.168.142.104MB
INFO connection established
FATAL segfault at address 0x192.168.9.50
FATAL out of memory
ERROR file not found: /tmp/192.168.229.48.log
ERROR auth failure for user 192.168.82.31
FATAL kernel panic
INFO processed 192.168.219.168 items
FATAL out of memory
INFO user 192.168.197.186 logged in
ERROR connection timeout 503
WARN disk usage 192.168.142.104%
DEBUG entering function foo
ERROR file not found: /tmp/192.168.219.168.log
INFO user 192.168.189.144 logged in
INFO processed 192.168.211.158 items
INFO user 192.168.229.48 logged in
WARN slow query: 192.168.189.144ms
INFO processed 192.168.229.48 items
WARN disk usage 192.168.215.207%
INFO request from 192.168.211.158
INFO user 192.168.9.50 logged in
DEBUG heap size: 192.168.215.207
INFO processed 192.168.36.209 items
INFO processed 192.168.193.243 items
INFO connection established
WARN disk usage 192.168.82.31%
ERROR connection timeout 503
INFO connection established
FATAL segfault at address 0x192.168.178.215
DEBUG cache hit for key=192.168.57.185
ERROR connection timeout 503
DEBUG entering function foo
ERROR connection timeout 503
DEBUG variable x=192.168.178.6
ERROR null pointer in module 192.168.9.50
ERROR null pointer in module 192.168.39.155
ERROR file not found: /tmp/192.168.39.155.log
WARN retry attempt 192.168.193.243 for 39164
WARN disk usage 192.168.141.220%
FATAL out of memory
WARN memory threshold reached: 192.168.193.243MB
DEBUG variable x=192.168.60.30
ERROR auth failure for user 192.168.178.6
WARN memory threshold reached: 192.168.57.185MB
FATAL unrecoverable disk error
INFO connection established
WARN disk usage 192.168.178.215%
FATAL segfault at address 0x192.168.142.104
DEBUG heap size: 192.168.107.168
ERROR file not found: /tmp/192.168.107.168.log
INFO processed 192.168.107.168 items
ERROR file not found: /tmp/192.168.121.141.log
DEBUG cache hit for key=192.168.178.215
ERROR null pointer in module 192.168.229.48
ERROR file not found: /tmp/192.168.92.139.log
WARN memory threshold reached: 192.168.39.155MB
FATAL kernel panic
INFO user 192.168.60.30 logged in
FATAL segfault at address 0x192.168.219.168
WARN memory threshold reached: 192.168.60.30MB
INFO user 192.168.215.207 logged in
INFO processed 192.168.39.155 items
INFO user 192.168.92.139 logged in
FATAL segfault at address 0x192.168.215.207
FATAL out of memory
FATAL segfault at address 0x192.168.82.31
DEBUG heap size: 192.168.142.104
FATAL out of memory
WARN slow query: 192.168.178.215ms
ERROR file not found: /tmp/192.168.142.104.log
INFO request from 192.168.107.168
DEBUG cache hit for key=192.168.229.48
INFO processed 192.168.219.168 items
WARN retry attempt 192.168.197.186 for 64712
DEBUG variable x=192.168.215.207
ERROR null pointer in module 192.168.82.31
WARN disk usage 192.168.121.141%
WARN slow query: 192.168.39.155ms
FATAL unrecoverable disk error
INFO user 192.168.60.30 logged in
INFO request from 192.168.60.30
WARN disk usage 192.168.39.155%
DEBUG heap size: 192.168.57.185
ERROR connection timeout 503
ERROR connection timeout 503
WARN disk usage 192.168.219.168%
FATAL unrecoverable disk error
WARN retry attempt 192.168.219.168 for 42417
INFO processed 192.168.193.243 items
INFO connection established
FATAL kernel panic
FATAL segfault at address 0x192.168.189.144
DEBUG heap size: 192.168.211.158
FATAL out of memory
ERROR connection timeout 503
ERROR null pointer in module 192.168.189.144
ERROR file not found: /tmp/192.168.60.30.log
INFO processed 192.168.57.185 items
WARN slow query: 192.168.107.168ms
FATAL segfault at address 0x192.168.142.104
ERROR connection timeout 503
INFO user 192.168.9.50 logged in
INFO connection established
DEBUG entering function foo
FATAL kernel panic
INFO request from 192.168.36.209
ERROR null pointer in module 192.168.178.215
ERROR null pointer in module 192.168.92.139
FATAL kernel panic
FATAL kernel panic
FATAL kernel panic
WARN memory threshold reached: 192.168.219.168MB
DEBUG cache hit for key=192.168.141.220
FATAL unrecoverable disk error
WARN disk usage 192.168.9.50%
INFO connection established
INFO processed 192.168.178.215 items
FATAL out of memory
ERROR auth failure for user 192.168.121.141
FATAL out of memory
ERROR auth failure for user 192.168.39.155
DEBUG cache hit for key=192.168.193.243
ERROR connection timeout 503
INFO connection established
INFO user 192.168.9.50 logged in
INFO user 192.168.219.168 logged in
WARN slow query: 192.168.82.31ms
WARN memory threshold reached: 192.168.82.31MB
WARN disk usage 192.168.107.168%
DEBUG variable x=192.168.141.220
INFO processed 192.168.141.220 items
INFO connection established
INFO processed 192.168.178.215 items
ERROR auth failure for user 192.168.142.104
INFO user 192.168.9.50 logged in
DEBUG entering function foo
FATAL out of memory
FATAL segfault at address 0x192.168.215.207
ERROR auth failure for user 192.168.189.144
WARN memory threshold reached: 192.168.189.144MB
DEBUG variable x=192.168.229.48
DEBUG heap size: 192.168.219.168
DEBUG entering function foo
ERROR null pointer in module 192.168.57.185
FATAL segfault at address 0x192.168.219.168
FATAL out of memory
ERROR file not found: /tmp/192.168.178.6.log
WARN retry attempt 192.168.107.168 for 25231
INFO processed 192.168.82.31 items
INFO user 192.168.107.168 logged in
ERROR file not found: /tmp/192.168.141.220.log
INFO request from 192.168.141.220
WARN retry attempt 192.168.36.209 for 90345
ERROR file not found: /tmp/192.168.9.50.log
DEBUG cache hit for key=192.168.60.30
INFO request from 192.168.193.243
FATAL kernel panic
ERROR connection timeout 503
ERROR file not found: /tmp/192.168.36.209.log
FATAL segfault at address 0x192.168.92.139
DEBUG cache hit for key=192.168.229.48
FATAL unrecoverable disk error
INFO request from 192.168.189.144
DEBUG cache hit for key=192.168.178.6
ERROR null pointer in module 192.168.9.50
FATAL out of memory
DEBUG heap size: 192.168.193.243
ERROR file not found: /tmp/192.168.36.209.log
INFO connection established
FATAL segfault at address 0x192.168.197.186
FATAL out of memory
WARN retry attempt 192.168.178.6 for 38864
INFO user 192.168.142.104 logged in
ERROR null pointer in module 192.168.211.158
INFO processed 192.168.142.104 items
WARN disk usage 192.168.60.30%
FATAL out of memory
WARN slow query: 192.168.39.155ms
INFO connection established
WARN memory threshold reached: 192.168.211.158MB
DEBUG cache hit for key=192.168.189.144
ERROR connection timeout 503
DEBUG cache hit for key=192.168.57.185
DEBUG heap size: 192.168.92.139
ERROR auth failure for user 192.168.107.168
INFO request from 192.168.57.185
INFO request from 192.168.189.144
DEBUG heap size: 192.168.211.158
ERROR auth failure for user 192.168.39.155
DEBUG entering function foo
WARN retry attempt 192.168.215.207 for 29333
ERROR file not found: /tmp/192.168.9.50.log
DEBUG heap size: 192.168.121.141
DEBUG cache hit for key=192.168.211.158
WARN slow query: 192.168.178.215ms
FATAL kernel panic
DEBUG cache hit for key=192.168.197.186
ERROR auth failure for user 192.168.82.31
DEBUG heap size: 192.168.197.186
FATAL out of memory
WARN retry attempt 192.168.9.50 for 72058
FATAL kernel panic
DEBUG cache hit for key=192.168.215.207
ERROR connection timeout 503
WARN memory threshold reached: 192.168.121.141MB
FATAL unrecoverable disk error
INFO user 192.168.197.186 logged in
FATAL out of memory
WARN disk usage 192.168.178.215%
DEBUG cache hit for key=192.168.211.158
WARN slow query: 192.168.107.168ms
DEBUG variable x=192.168.178.6
DEBUG variable x=192.168.39.155
FATAL segfault at address 0x192.168.197.186
ERROR auth failure for user 192.168.178.215
ERROR file not found: /tmp/192.168.57.185.log
FATAL unrecoverable disk error
DEBUG cache hit for key=192.168.121.141
DEBUG cache hit for key=192.168.178.6
ERROR connection timeout 503
INFO request from 192.168.141.220
WARN retry attempt 192.168.36.209 for 86547
FATAL segfault at address 0x192.168.229.48
DEBUG variable x=192.168.189.144
DEBUG entering function foo
WARN disk usage 192.168.178.6%
INFO user 192.168.189.144 logged in
WARN slow query: 192.168.82.31ms
FATAL out of memory
INFO connection established
ERROR null pointer in module 192.168.39.155
ERROR connection timeout 503
FATAL segfault at address 0x192.168.189.144
WARN disk usage 192.168.141.220%
FATAL kernel panic
FATAL kernel panic
INFO request from 192.168.215.207
FATAL unrecoverable disk error
INFO connection established
ERROR connection timeout 503
ERROR auth failure for user 192.168.215.207
DEBUG heap size: 192.168.121.141
WARN disk usage 192.168.92.139%
DEBUG entering function foo
DEBUG heap size: 192.168.215.207
DEBUG cache hit for key=192.168.39.155
ERROR null pointer in module 192.168.219.168
FATAL unrecoverable disk error
FATAL unrecoverable disk error
DEBUG entering function foo
WARN slow query: 192.168.197.186ms
WARN memory threshold reached: 192.168.57.185MB
DEBUG entering function foo
ERROR null pointer in module 192.168.219.168
ERROR connection timeout 503
INFO user 192.168.82.31 logged in
INFO processed 192.168.142.104 items
ERROR connection timeout 503
WARN slow query: 192.168.219.168ms
WARN disk usage 192.168.178.215%
INFO processed 192.168.193.243 items
WARN slow query: 192.168.178.215ms
FATAL unrecoverable disk error
ERROR connection timeout 503
WARN disk usage 192.168.121.141%
WARN slow query: 192.168.219.168ms
INFO user 192.168.189.144 logged in
ERROR null pointer in module 192.168.178.215
ERROR null pointer in module 192.168.60.30
WARN disk usage 192.168.9.50%
FATAL out of memory
INFO connection established
INFO user 192.168.9.50 logged in
DEBUG entering function foo
FATAL kernel panic
WARN retry attempt 192.168.211.158 for 26575
INFO connection established
INFO connection established
WARN memory threshold reached: 192.168.197.186MB
ERROR connection timeout 503
WARN retry attempt 192.168.219.168 for 69530
INFO processed 192.168.141.220 items
FATAL out of memory
WARN memory threshold reached: 192.168.39.155MB
ERROR connection timeout 503
ERROR auth failure for user 192.168.215.207
ERROR null pointer in module 192.168.197.186
ERROR auth failure for user 192.168.141.220
ERROR connection timeout 503
FATAL segfault at address 0x192.168.197.186
FATAL kernel panic
FATAL out of memory
DEBUG entering function foo
FATAL segfault at address 0x192.168.189.144
INFO connection established
DEBUG heap size: 192.168.229.48
INFO user 192.168.121.141 logged in
WARN retry attempt 192.168.142.104 for 48242
WARN disk usage 192.168.92.139%
INFO user 192.168.92.139 logged in
INFO request from 192.168.197.186
DEBUG entering function foo
INFO request from 192.168.141.220
FATAL unrecoverable disk error
INFO user 192.168.178.215 logged in
DEBUG cache hit for key=192.168.39.155
FATAL kernel panic
DEBUG heap size: 192.168.215.207
ERROR auth failure for user 192.168.189.144
INFO user 192.168.60.30 logged in
ERROR auth failure for user 192.168.92.139
FATAL segfault at address 0x192.168.211.158
INFO user 192.168.39.155 logged in
DEBUG entering function foo
FATAL unrecoverable disk error
ERROR auth failure for user 192.168.215.207
WARN slow query: 192.168.39.155ms
INFO processed 192.168.141.220 items
ERROR auth failure for user 192.168.57.185
FATAL segfault at address 0x192.168.211.158
DEBUG heap size: 192.168.229.48
ERROR auth failure for user 192.168.215.207
INFO connection established
FATAL out of memory
ERROR file not found: /tmp/192.168.178.6.log
DEBUG heap size: 192.168.57.185
INFO request from 192.168.57.185
DEBUG variable x=192.168.211.158
INFO processed 192.168.9.50 items
INFO user 192.168.193.243 logged in
WARN disk usage 192.168.178.215%
DEBUG cache hit for key=192.168.39.155
ERROR auth failure for user 192.168.229.48
WARN disk usage 192.168.121.141%
DEBUG cache hit for key=192.168.215.207
DEBUG variable x=192.168.211.158
ERROR connection timeout 503
ERROR connection timeout 503
FATAL out of memory
WARN retry attempt 192.168.141.220 for 66993
FATAL out of memory
WARN retry attempt 192.168.189.144 for 3134
ERROR null pointer in module 192.168.219.168
FATAL segfault at address 0x192.168.142.104
INFO connection established
WARN disk usage 192.168.229.48%
WARN memory threshold reached: 192.168.141.220MB
FATAL unrecoverable disk error
WARN disk usage 192.168.39.155%
DEBUG variable x=192.168.39.155
INFO user 192.168.107.168 logged in
INFO request from 192.168.193.243
DEBUG heap size: 192.168.9.50
DEBUG cache hit for key=192.168.92.139
INFO connection established
ERROR connection timeout 503
FATAL segfault at address 0x192.168.193.243
DEBUG entering function foo
INFO user 192.168.178.6 logged in
INFO request from 192.168.229.48
FATAL out of memory
INFO request from 192.168.215.207
WARN memory threshold reached: 192.168.121.141MB
ERROR connection timeout 503
ERROR null pointer in module 192.168.229.48
DEBUG cache hit for key=192.168.60.30
INFO connection established
FATAL out of memory
WARN memory threshold reached: 192.168.60.30MB
INFO user 192.168.60.30 logged in
INFO processed 192.168.197.186 items
ERROR auth failure for user 192.168.57.185
INFO user 192.168.178.215 logged in
INFO processed 192.168.211.158 items
WARN memory threshold reached: 192.168.82.31MB
FATAL segfault at address 0x192.168.36.209
FATAL segfault at address 0x192.168.215.207
INFO connection established
ERROR file not found: /tmp/192.168.121.141.log
FATAL kernel panic
FATAL out of memory
DEBUG cache hit for key=192.168.60.30
WARN slow query: 192.168.121.141ms
FATAL out of memory
FATAL unrecoverable disk error
ERROR auth failure for user 192.168.121.141
FATAL out of memory
WARN retry attempt 192.168.219.168 for 75025
INFO request from 192.168.189.144
DEBUG heap size: 192.168.197.186
DEBUG variable x=192.168.141.220
WARN retry attempt 192.168.211.158 for 69190
FATAL segfault at address 0x192.168.215.207
WARN slow query: 192.168.141.220ms
WARN retry attempt 192.168.82.31 for 49593
ERROR null pointer in module 192.168.107.168
INFO connection established
DEBUG cache hit for key=192.168.219.168
DEBUG entering function foo
DEBUG variable x=192.168.141.220
FATAL unrecoverable disk error
INFO user 192.168.36.209 logged in
FATAL segfault at address 0x192.168.107.168
INFO connection established
ERROR connection timeout 503
FATAL segfault at address 0x192.168.219.168
WARN memory threshold reached: 192.168.9.50MB
FATAL segfault at address 0x192.168.92.139
INFO request from 192.168.9.50
ERROR null pointer in module 192.168.215.207
ERROR file not found: /tmp/192.168.36.209.log
FATAL out of memory
INFO processed 192.168.211.158 items
INFO connection established
DEBUG entering function foo
WARN memory threshold reached: 192.168.82.31MB
INFO processed 192.168.60.30 items
FATAL segfault at address 0x192.168.141.220
FATAL kernel panic
DEBUG variable x=192.168.189.144
FATAL kernel panic
WARN retry attempt 192.168.219.168 for 26438
ERROR null pointer in module 192.168.60.30
FATAL out of memory
ERROR connection timeout 503
WARN slow query: 192.168.142.104ms
ERROR null pointer in module 192.168.57.185
ERROR connection timeout 503
INFO user 192.168.107.168 logged in
ERROR auth failure for user 192.168.211.158
FATAL out of memory
DEBUG cache hit for key=192.168.121.141
ERROR file not found: /tmp/192.168.9.50.log
WARN memory threshold reached: 192.168.60.30MB
INFO request from 192.168.215.207
FATAL kernel panic
ERROR connection timeout 503
FATAL kernel panic
ERROR auth failure for user 192.168.178.215
DEBUG variable x=192.168.197.186
WARN slow query: 192.168.92.139ms
ERROR null pointer in module 192.168.121.141
ERROR file not found: /tmp/192.168.219.168.log
INFO request from 192.168.92.139
FATAL out of memory
FATAL segfault at address 0x192.168.229.48
FATAL out of memory
DEBUG cache hit for key=192.168.121.141
WARN retry attempt 192.168.193.243 for 25337
ERROR auth failure for user 192.168.60.30
WARN memory threshold reached: 192.168.39.155MB
INFO request from 192.168.215.207
WARN slow query: 192.168.219.168ms
ERROR connection timeout 503
FATAL segfault at address 0x192.168.197.186
DEBUG cache hit for key=192.168.178.215
DEBUG variable x=192.168.197.186
ERROR file not found: /tmp/192.168.9.50.log
INFO connection established
ERROR file not found: /tmp/192.168.60.30.log
FATAL kernel panic
ERROR auth failure for user 192.168.229.48
FATAL segfault at address 0x192.168.178.215
ERROR auth failure for user 192.168.197.186
FATAL kernel panic
FATAL unrecoverable disk error
FATAL kernel panic
ERROR file not found: /tmp/192.168.197.186.log
WARN slow query: 192.168.92.139ms
INFO processed 192.168.189.144 items
WARN memory threshold reached: 192.168.178.6MB
INFO user 192.168.178.6 logged in
ERROR null pointer in module 192.168.39.155
FATAL segfault at address 0x192.168.141.220
ERROR connection timeout 503
WARN memory threshold reached: 192.168.107.168MB
DEBUG entering function foo
DEBUG variable x=192.168.178.215
INFO request from 192.168.9.50
ERROR null pointer in module 192.168.39.155
INFO processed 192.168.107.168 items
DEBUG entering function foo
ERROR connection timeout 503
INFO user 192.168.107.168 logged in
WARN memory threshold reached: 192.168.39.155MB
FATAL out of memory
FATAL out of memory
ERROR null pointer in module 192.168.211.158
INFO processed 192.168.60.30 items
WARN retry attempt 192.168.57.185 for 9420
ERROR auth failure for user 192.168.178.6
WARN retry attempt 192.168.9.50 for 35745
ERROR auth failure for user 192.168.142.104
DEBUG cache hit for key=192.168.211.158
FATAL unrecoverable disk error
INFO processed 192.168.82.31 items
ERROR connection timeout 503
WARN disk usage 192.168.229.48%
DEBUG entering function foo
FATAL kernel panic
INFO connection established
ERROR null pointer in module 192.168.39.155
ERROR file not found: /tmp/192.168.178.215.log
DEBUG cache hit for key=192.168.57.185
INFO user 192.168.229.48 logged in
DEBUG heap size: 192.168.178.6
INFO user 192.168.57.185 logged in
INFO processed 192.168.189.144 items
FATAL out of memory
DEBUG entering function foo
WARN slow query: 192.168.57.185ms
DEBUG entering function foo
FATAL kernel panic
WARN retry attempt 192.168.36.209 for 53578
DEBUG cache hit for key=192.168.121.141
ERROR connection timeout 503
WARN slow query: 192.168.107.168ms
INFO user 192.168.60.30 logged in
ERROR null pointer in module 192.168.197.186
DEBUG entering function foo
FATAL kernel panic
FATAL kernel panic
ERROR auth failure for user 192.168.142.104
DEBUG variable x=192.168.211.158
INFO user 192.168.193.243 logged in
WARN disk usage 192.168.219.168%
FATAL kernel panic
FATAL unrecoverable disk error
WARN retry attempt 192.168.141.220 for 8771
INFO processed 192.168.141.220 items
WARN retry attempt 192.168.215.207 for 84721
DEBUG variable x=192.168.82.31
ERROR auth failure for user 192.168.121.141
WARN slow query: 192.168.189.144ms
WARN slow query: 192.168.189.144ms
INFO processed 192.168.142.104 items
INFO connection established
WARN slow query: 192.168.60.30ms
FATAL out of memory
WARN disk usage 192.168.229.48%
ERROR connection timeout 503
FATAL segfault at address 0x192.168.60.30
FATAL segfault at address 0x192.168.57.185
WARN disk usage 192.168.36.209%
FATAL out of memory
FATAL unrecoverable disk error
DEBUG variable x=192.168.142.104
FATAL out of memory
FATAL out of memory
WARN disk usage 192.168.141.220%
WARN disk usage 192.168.142.104%
FATAL out of memory
ERROR auth failure for user 192.168.142.104
FATAL kernel panic
DEBUG entering function foo
DEBUG variable x=192.168.9.50
ERROR file not found: /tmp/192.168.9.50.log
INFO request from 192.168.229.48
ERROR null pointer in module 192.168.9.50
INFO request from 192.168.36.209
WARN memory threshold reached: 192.168.211.158MB
DEBUG heap size: 192.168.197.186
FATAL segfault at address 0x192.168.178.6
WARN disk usage 192.168.229.48%
DEBUG entering function foo
INFO request from 192.168.197.186
ERROR file not found: /tmp/192.168.9.50.log
WARN slow query: 192.168.121.141ms
ERROR null pointer in module 192.168.193.243
FATAL out of memory
WARN retry attempt 192.168.60.30 for 39742
INFO processed 192.168.178.215 items
DEBUG heap size: 192.168.197.186
DEBUG heap size: 192.168.36.209
FATAL segfault at address 0x192.168.141.220
INFO connection established
INFO user 192.168.92.139 logged in
ERROR file not found: /tmp/192.168.121.141.log
ERROR connection timeout 503
FATAL segfault at address 0x192.168.193.243
WARN retry attempt 192.168.92.139 for 52018
DEBUG variable x=192.168.142.104
INFO connection established
FATAL unrecoverable disk error
WARN memory threshold reached: 192.168.219.168MB
FATAL segfault at address 0x192.168.178.6
FATAL out of memory
DEBUG heap size: 192.168.82.31
WARN slow query: 192.168.82.31ms
INFO user 192.168.82.31 logged in
INFO processed 192.168.9.50 items
INFO connection established
FATAL unrecoverable disk error
ERROR file not found: /tmp/192.168.57.185.log
DEBUG entering function foo
FATAL segfault at address 0x192.168.142.104
ERROR connection timeout 503
FATAL out of memory
ERROR connection timeout 503
INFO user 192.168.193.243 logged in
INFO processed 192.168.178.6 items
WARN slow query: 192.168.57.185ms
INFO user 192.168.121.141 logged in
WARN memory threshold reached: 192.168.82.31MB
DEBUG entering function foo
DEBUG heap size: 192.168.9.50
FATAL out of memory
ERROR file not found: /tmp/192.168.219.168.log
INFO request from 192.168.121.141
DEBUG cache hit for key=192.168.107.168
INFO user 192.168.57.185 logged in
ERROR auth failure for user 192.168.211.158
DEBUG heap size: 192.168.219.168
ERROR file not found: /tmp/192.168.57.185.log
WARN memory threshold reached: 192.168.36.209MB
INFO connection established
INFO user 192.168.36.209 logged in
ERROR null pointer in module 192.168.39.155
ERROR null pointer in module 192.168.197.186
ERROR file not found: /tmp/192.168.60.30.log
DEBUG cache hit for key=192.168.229.48
DEBUG cache hit for key=192.168.215.207
ERROR connection timeout 503
ERROR auth failure for user 192.168.215.207
FATAL kernel panic
FATAL segfault at address 0x192.168.229.48
WARN slow query: 192.168.142.104ms
FATAL unrecoverable disk error
FATAL segfault at address 0x192.168.39.155
ERROR connection timeout 503
INFO connection established
INFO connection established
WARN retry attempt 192.168.9.50 for 10645
ERROR null pointer in module 192.168.178.6
ERROR null pointer in module 192.168.39.155
DEBUG heap size: 192.168.141.220
ERROR connection timeout 503
WARN retry attempt 192.168.142.104 for 76779
INFO request from 192.168.121.141
FATAL segfault at address 0x192.168.39.155
INFO user 192.168.60.30 logged in
FATAL segfault at address 0x192.168.39.155
ERROR null pointer in module 192.168.178.6
INFO processed 192.168.141.220 items
FATAL kernel panic
FATAL kernel panic
DEBUG heap size: 192.168.92.139
INFO connection established
FATAL out of memory
DEBUG cache hit for key=192.168.229.48
ERROR null pointer in module 192.168.82.31
ERROR auth failure for user 192.168.142.104
WARN slow query: 192.168.142.104ms
WARN disk usage 192.168.197.186%
DEBUG heap size: 192.168.39.155
DEBUG variable x=192.168.107.168
WARN retry attempt 192.168.215.207 for 91048
ERROR auth failure for user 192.168.197.186
INFO processed 192.168.178.215 items
FATAL kernel panic
INFO user 192.168.215.207 logged in
DEBUG cache hit for key=192.168.121.141
DEBUG heap size: 192.168.36.209
WARN disk usage 192.168.229.48%
INFO user 192.168.141.220 logged in
INFO user 192.168.57.185 logged in
ERROR file not found: /tmp/192.168.39.155.log
ERROR null pointer in module 192.168.39.155
WARN memory threshold reached: 192.168.211.158MB
FATAL kernel panic
INFO request from 192.168.107.168
FATAL kernel panic
WARN disk usage 192.168.219.168%
DEBUG entering function foo
ERROR connection timeout 503
DEBUG heap size: 192.168.197.186
ERROR null pointer in module 192.168.82.31
WARN slow query: 192.168.36.209ms
DEBUG heap size: 192.168.121.141
INFO user 192.168.57.185 logged in
ERROR null pointer in module 192.168.215.207
INFO request from 192.168.141.220
WARN memory threshold reached: 192.168.211.158MB
WARN memory threshold reached: 192.168.193.243MB
FATAL kernel panic
INFO user 192.168.107.168 logged in
FATAL out of memory
ERROR auth failure for user 192.168.215.207
INFO user 192.168.39.155 logged in
WARN slow query: 192.168.189.144ms
ERROR connection timeout 503
FATAL unrecoverable disk error
INFO request from 192.168.178.6
INFO processed 192.168.142.104 items
WARN retry attempt 192.168.57.185 for 76035
DEBUG cache hit for key=192.168.189.144
FATAL segfault at address 0x192.168.211.158
INFO request from 192.168.60.30
ERROR auth failure for user 192.168.211.158
DEBUG variable x=192.168.193.243
DEBUG heap size: 192.168.197.186
ERROR null pointer in module 192.168.60.30
FATAL out of memory
WARN memory threshold reached: 192.168.219.168MB
INFO processed 192.168.193.243 items
ERROR auth failure for user 192.168.82.31
FATAL kernel panic
ERROR connection timeout 503
WARN disk usage 192.168.219.168%
INFO processed 192.168.82.31 items
DEBUG cache hit for key=192.168.178.215
FATAL unrecoverable disk error
DEBUG entering function foo
INFO request from 192.168.141.220
ERROR auth failure for user 192.168.219.168
ERROR connection timeout 503
INFO processed 192.168.92.139 items
WARN disk usage 192.168.193.243%
ERROR connection timeout 503
FATAL out of memory
INFO user 192.168.189.144 logged in
FATAL segfault at address 0x192.168.9.50
DEBUG heap size: 192.168.9.50
WARN retry attempt 192.168.92.139 for 78648
INFO connection established
WARN retry attempt 192.168.36.209 for 90545
FATAL segfault at address 0x192.168.92.139
DEBUG heap size: 192.168.141.220
INFO connection established
INFO connection established
INFO processed 192.168.215.207 items
ERROR connection timeout 503
INFO user 192.168.82.31 logged in
ERROR file not found: /tmp/192.168.219.168.log
ERROR file not found: /tmp/192.168.219.168.log
ERROR file not found: /tmp/192.168.193.243.log
DEBUG heap size: 192.168.36.209
INFO request from 192.168.107.168
FATAL segfault at address 0x192.168.60.30
FATAL out of memory
WARN slow query: 192.168.178.215ms
DEBUG cache hit for key=192.168.92.139
DEBUG cache hit for key=192.168.215.207
DEBUG variable x=192.168.92.139
FATAL kernel panic
ERROR file not found: /tmp/192.168.197.186.log
ERROR connection timeout 503
ERROR null pointer in module 192.168.211.158
ERROR file not found: /tmp/192.168.211.158.log
WARN memory threshold reached: 192.168.57.185MB
WARN slow query: 192.168.39.155ms
FATAL kernel panic
ERROR auth failure for user 192.168.36.209
ERROR auth failure for user 192.168.215.207
FATAL out of memory
INFO connection established
INFO processed 192.168.57.185 items
WARN disk usage 192.168.142.104%
DEBUG cache hit for key=192.168.107.168
DEBUG cache hit for key=192.168.219.168
ERROR connection timeout 503
FATAL kernel panic
DEBUG cache hit for key=192.168.193.243
ERROR null pointer in module 192.168.57.185
ERROR connection timeout 503
WARN disk usage 192.168.82.31%
DEBUG heap size: 192.168.178.215
INFO processed 192.168.9.50 items
INFO processed 192.168.215.207 items
WARN slow query: 192.168.178.215ms
FATAL segfault at address 0x192.168.193.243
DEBUG entering function foo
FATAL segfault at address 0x192.168.197.186
FATAL kernel panic
INFO user 192.168.229.48 logged in
ERROR file not found: /tmp/192.168.219.168.log
ERROR file not found: /tmp/192.168.57.185.log
INFO request from 192.168.36.209
FATAL segfault at address 0x192.168.215.207
ERROR file not found: /tmp/192.168.211.158.log
FATAL out of memory
FATAL kernel panic
ERROR auth failure for user 192.168.36.209
INFO request from 192.168.107.168
WARN disk usage 192.168.142.104%
WARN disk usage 192.168.39.155%
ERROR file not found: /tmp/192.168.92.139.log
WARN disk usage 192.168.142.104%
FATAL out of memory
WARN retry attempt 192.168.229.48 for 38070
ERROR auth failure for user 192.168.219.168
INFO connection established
INFO request from 192.168.9.50
INFO connection established
WARN slow query: 192.168.142.104ms
FATAL out of memory
INFO connection established
ERROR connection timeout 503
FATAL kernel panic
ERROR auth failure for user 192.168.219.168
ERROR null pointer in module 192.168.57.185
FATAL kernel panic
FATAL unrecoverable disk error
ERROR connection timeout 503
FATAL kernel panic
WARN disk usage 192.168.60.30%
WARN retry attempt 192.168.193.243 for 86739
DEBUG heap size: 192.168.36.209
ERROR auth failure for user 192.168.82.31
DEBUG variable x=192.168.107.168
FATAL unrecoverable disk error
INFO processed 192.168.193.243 items
ERROR auth failure for user 192.168.193.243
ERROR auth failure for user 192.168.107.168
FATAL segfault at address 0x192.168.189.144
WARN slow query: 192.168.219.168ms
DEBUG heap size: 192.168.39.155
INFO processed 192.168.229.48 items
WARN disk usage 192.168.178.6%
ERROR connection timeout 503
FATAL segfault at address 0x192.168.107.168
WARN retry attempt 192.168.141.220 for 90530
FATAL out of memory
ERROR file not found: /tmp/192.168.82.31.log
ERROR auth failure for user 192.168.9.50
INFO user 192.168.60.30 logged in
DEBUG cache hit for key=192.168.189.144
DEBUG heap size: 192.168.82.31
ERROR auth failure for user 192.168.189.144
FATAL out of memory
FATAL unrecoverable disk error
DEBUG entering function foo
WARN memory threshold reached: 192.168.39.155MB
FATAL unrecoverable disk error
FATAL unrecoverable disk error
INFO processed 192.168.121.141 items
INFO request from 192.168.9.50
INFO request from 192.168.215.207
FATAL unrecoverable disk error
FATAL segfault at address 0x192.168.215.207
ERROR connection timeout 503
INFO connection established
ERROR file not found: /tmp/192.168.9.50.log
ERROR null pointer in module 192.168.219.168
WARN retry attempt 192.168.39.155 for 31918
WARN retry attempt 192.168.121.141 for 394
WARN slow query: 192.168.219.168ms
INFO user 192.168.107.168 logged in
DEBUG entering function foo
FATAL out of memory
FATAL segfault at address 0x192.168.142.104
ERROR auth failure for user 192.168.141.220
ERROR file not found: /tmp/192.168.193.243.log
INFO request from 192.168.215.207
INFO user 192.168.121.141 logged in
WARN disk usage 192.168.193.243%
ERROR file not found: /tmp/192.168.178.6.log
DEBUG heap size: 192.168.211.158
FATAL out of memory
DEBUG variable x=192.168.142.104
WARN slow query: 192.168.9.50ms
INFO user 192.168.107.168 logged in
WARN slow query: 192.168.193.243ms
DEBUG variable x=192.168.178.215
FATAL segfault at address 0x192.168.60.30
FATAL unrecoverable disk error
ERROR connection timeout 503
FATAL out of memory
FATAL segfault at address 0x192.168.82.31
WARN slow query: 192.168.193.243ms
FATAL out of memory
ERROR auth failure for user 192.168.92.139
ERROR file not found: /tmp/192.168.219.168.log
INFO user 192.168.193.243 logged in
FATAL out of memory
FATAL unrecoverable disk error
DEBUG cache hit for key=192.168.229.48
WARN slow query: 192.168.211.158ms
INFO request from 192.168.60.30
DEBUG cache hit for key=192.168.193.243
FATAL out of memory
FATAL kernel panic
INFO user 192.168.121.141 logged in
DEBUG heap size: 192.168.121.141
ERROR connection timeout 503
FATAL kernel panic
ERROR connection timeout 503
DEBUG heap size: 192.168.9.50
FATAL out of memory
INFO user 192.168.211.158 logged in
DEBUG entering function foo
WARN disk usage 192.168.121.141%
WARN retry attempt 192.168.197.186 for 53590
ERROR auth failure for user 192.168.193.243
INFO request from 192.168.36.209
INFO processed 192.168.121.141 items
ERROR null pointer in module 192.168.178.6
ERROR null pointer in module 192.168.229.48
FATAL segfault at address 0x192.168.219.168
FATAL segfault at address 0x192.168.219.168
WARN disk usage 192.168.92.139%
FATAL kernel panic
INFO connection established
WARN slow query: 192.168.121.141ms
DEBUG cache hit for key=192.168.229.48
DEBUG cache hit for key=192.168.197.186
DEBUG heap size: 192.168.142.104
WARN retry attempt 192.168.121.141 for 48494
INFO processed 192.168.197.186 items
WARN memory threshold reached: 192.168.82.31MB
FATAL segfault at address 0x192.168.193.243
DEBUG variable x=192.168.57.185
ERROR connection timeout 503
FATAL kernel panic
DEBUG entering function foo
ERROR auth failure for user 192.168.82.31
WARN memory threshold reached: 192.168.178.215MB
ERROR null pointer in module 192.168.107.168
ERROR file not found: /tmp/192.168.121.141.log
ERROR file not found: /tmp/192.168.197.186.log
INFO processed 192.168.121.141 items
WARN memory threshold reached: 192.168.178.215MB
WARN retry attempt 192.168.142.104 for 50514
DEBUG entering function foo
INFO request from 192.168.141.220
WARN disk usage 192.168.193.243%
DEBUG variable x=192.168.178.6
WARN retry attempt 192.168.36.209 for 82370
WARN memory threshold reached: 192.168.219.168MB
DEBUG cache hit for key=192.168.211.158
FATAL out of memory
FATAL unrecoverable disk error
INFO processed 192.168.189.144 items
ERROR auth failure for user 192.168.141.220
DEBUG entering function foo
ERROR connection timeout 503
ERROR null pointer in module 192.168.229.48
INFO connection established
INFO processed 192.168.39.155 items
ERROR null pointer in module 192.168.178.215
FATAL segfault at address 0x192.168.215.207
DEBUG cache hit for key=192.168.211.158
ERROR null pointer in module 192.168.178.215
INFO user 192.168.197.186 logged in
FATAL unrecoverable disk error
ERROR null pointer in module 192.168.193.243
ERROR auth failure for user 192.168.211.158
FATAL segfault at address 0x192.168.82.31
WARN memory threshold reached: 192.168.211.158MB
ERROR null pointer in module 192.168.215.207
INFO request from 192.168.141.220
ERROR connection timeout 503
ERROR null pointer in module 192.168.82.31
WARN memory threshold reached: 192.168.178.215MB
INFO connection established
DEBUG cache hit for key=192.168.121.141
DEBUG variable x=192.168.211.158
WARN disk usage 192.168.229.48%
ERROR auth failure for user 192.168.92.139
DEBUG entering function foo
FATAL segfault at address 0x192.168.141.220
DEBUG cache hit for key=192.168.197.186
INFO processed 192.168.92.139 items
WARN slow query: 192.168.57.185ms
DEBUG cache hit for key=192.168.178.6
DEBUG heap size: 192.168.9.50
FATAL kernel panic
ERROR file not found: /tmp/192.168.60.30.log
ERROR connection timeout 503
INFO connection established
FATAL unrecoverable disk error
DEBUG entering function foo
DEBUG entering function foo
ERROR auth failure for user 192.168.189.144
FATAL segfault at address 0x192.168.60.30
WARN slow query: 192.168.82.31ms
ERROR connection timeout 503
FATAL out of memory
FATAL kernel panic
ERROR null pointer in module 192.168.9.50
DEBUG entering function foo
DEBUG heap size: 192.168.92.139
INFO request from 192.168.178.215
ERROR auth failure for user 192.168.219.168
DEBUG heap size: 192.168.189.144
INFO request from 192.168.141.220
DEBUG entering function foo
WARN slow query: 192.168.229.48ms
DEBUG heap size: 192.168.107.168
INFO user 192.168.219.168 logged in
FATAL segfault at address 0x192.168.39.155
FATAL unrecoverable disk error
INFO processed 192.168.57.185 items
DEBUG cache hit for key=192.168.229.48
FATAL unrecoverable disk error
FATAL kernel panic
WARN disk usage 192.168.121.141%
FATAL unrecoverable disk error
WARN slow query: 192.168.193.243ms
INFO request from 192.168.215.207
ERROR file not found: /tmp/192.168.193.243.log
WARN slow query: 192.168.92.139ms
DEBUG heap size: 192.168.178.6
WARN slow query: 192.168.141.220ms
ERROR auth failure for user 192.168.219.168
WARN retry attempt 192.168.107.168 for 36719
WARN memory threshold reached: 192.168.92.139MB
WARN disk usage 192.168.107.168%
ERROR null pointer in module 192.168.60.30
FATAL out of memory
ERROR auth failure for user 192.168.121.141
DEBUG entering function foo
FATAL out of memory
INFO connection established
WARN slow query: 192.168.178.6ms
WARN disk usage 192.168.121.141%
DEBUG cache hit for key=192.168.211.158
DEBUG entering function foo
INFO request from 192.168.9.50
INFO processed 192.168.60.30 items
FATAL unrecoverable disk error
WARN memory threshold reached: 192.168.211.158MB
INFO connection established
DEBUG cache hit for key=192.168.60.30
INFO connection established
DEBUG heap size: 192.168.189.144
ERROR connection timeout 503
WARN retry attempt 192.168.39.155 for 96793
WARN disk usage 192.168.142.104%
DEBUG cache hit for key=192.168.107.168
DEBUG variable x=192.168.107.168
WARN slow query: 192.168.39.155ms
WARN memory threshold reached: 192.168.9.50MB
WARN retry attempt 192.168.189.144 for 61846
ERROR auth failure for user 192.168.193.243
WARN disk usage 192.168.57.185%
DEBUG entering function foo
ERROR null pointer in module 192.168.121.141
ERROR null pointer in module 192.168.142.104
ERROR connection timeout 503
FATAL unrecoverable disk error
ERROR null pointer in module 192.168.39.155
DEBUG cache hit for key=192.168.178.6
WARN slow query: 192.168.189.144ms
WARN memory threshold reached: 192.168.36.209MB
ERROR null pointer in module 192.168.193.243
ERROR connection timeout 503
ERROR connection timeout 503
FATAL unrecoverable disk error
DEBUG cache hit for key=192.168.121.141
DEBUG cache hit for key=192.168.229.48
WARN disk usage 192.168.229.48%
FATAL segfault at address 0x192.168.193.243
ERROR null pointer in module 192.168.141.220
INFO processed 192.168.189.144 items
ERROR file not found: /tmp/192.168.189.144.log
DEBUG heap size: 192.168.211.158
WARN retry attempt 192.168.142.104 for 85807
DEBUG cache hit for key=192.168.219.168
DEBUG entering function foo
DEBUG variable x=192.168.219.168
DEBUG heap size: 192.168.107.168
DEBUG entering function foo
DEBUG entering function foo
FATAL unrecoverable disk error
FATAL out of memory
DEBUG entering function foo
FATAL kernel panic
WARN disk usage 192.168.107.168%
FATAL out of memory
INFO processed 192.168.60.30 items
ERROR auth failure for user 192.168.178.215
DEBUG heap size: 192.168.197.186
WARN memory threshold reached: 192.168.178.215MB
DEBUG variable x=192.168.197.186
WARN retry attempt 192.168.211.158 for 57213
INFO user 192.168.215.207 logged in
INFO connection established
ERROR file not found: /tmp/192.168.36.209.log
DEBUG variable x=192.168.9.50
WARN slow query: 192.168.60.30ms
FATAL segfault at address 0x192.168.121.141
WARN memory threshold reached: 192.168.57.185MB
ERROR null pointer in module 192.168.142.104
DEBUG heap size: 192.168.178.215
WARN retry attempt 192.168.141.220 for 99779
INFO request from 192.168.9.50
WARN retry attempt 192.168.107.168 for 56381
DEBUG cache hit for key=192.168.178.215
DEBUG entering function foo
DEBUG entering function foo
ERROR auth failure for user 192.168.121.141
DEBUG heap size: 192.168.92.139
DEBUG heap size: 192.168.92.139
FATAL segfault at address 0x192.168.39.155
ERROR connection timeout 503
FATAL unrecoverable disk error
DEBUG cache hit for key=192.168.197.186
WARN slow query: 192.168.178.215ms
INFO connection established
INFO user 192.168.82.31 logged in
INFO processed 192.168.82.31 items
DEBUG variable x=192.168.9.50
WARN memory threshold reached: 192.168.193.243MB
DEBUG heap size: 192.168.142.104
WARN disk usage 192.168.178.6%
ERROR connection timeout 503
DEBUG cache hit for key=192.168.82.31
FATAL kernel panic
DEBUG cache hit for key=192.168.229.48
DEBUG cache hit for key=192.168.193.243
FATAL segfault at address 0x192.168.219.168
INFO request from 192.168.215.207
ERROR auth failure for user 192.168.211.158
FATAL out of memory
FATAL unrecoverable disk error
ERROR connection timeout 503
WARN retry attempt 192.168.60.30 for 90440
ERROR auth failure for user 192.168.219.168
FATAL out of memory
DEBUG heap size: 192.168.215.207
DEBUG variable x=192.168.36.209
DEBUG heap size: 192.168.178.6
FATAL unrecoverable disk error
INFO connection established
INFO user 192.168.211.158 logged in
ERROR auth failure for user 192.168.193.243
INFO user 192.168.9.50 logged in
ERROR auth failure for user 192.168.39.155
DEBUG cache hit for key=192.168.189.144
WARN memory threshold reached: 192.168.219.168MB
ERROR auth failure for user 192.168.36.209
WARN slow query: 192.168.57.185ms
ERROR file not found: /tmp/192.168.229.48.log
WARN memory threshold reached: 192.168.107.168MB
WARN memory threshold reached: 192.168.60.30MB
FATAL unrecoverable disk error
DEBUG cache hit for key=192.168.215.207
DEBUG cache hit for key=192.168.36.209
DEBUG cache hit for key=192.168.178.6
WARN memory threshold reached: 192.168.107.168MB
WARN retry attempt 192.168.92.139 for 64448
ERROR auth failure for user 192.168.211.158
INFO processed 192.168.141.220 items
FATAL segfault at address 0x192.168.39.155
INFO request from 192.168.9.50
DEBUG entering function foo
DEBUG entering function foo
DEBUG variable x=192.168.57.185
INFO request from 192.168.121.141
ERROR file not found: /tmp/192.168.141.220.log
DEBUG entering function foo
FATAL segfault at address 0x192.168.215.207
DEBUG entering function foo
INFO connection established
DEBUG heap size: 192.168.57.185
WARN slow query: 192.168.60.30ms
FATAL segfault at address 0x192.168.141.220
DEBUG entering function foo
FATAL segfault at address 0x192.168.92.139
FATAL unrecoverable disk error
INFO request from 192.168.57.185
ERROR auth failure for user 192.168.36.209
DEBUG variable x=192.168.82.31
INFO processed 192.168.189.144 items
DEBUG entering function foo
FATAL segfault at address 0x192.168.197.186
FATAL unrecoverable disk error
INFO processed 192.168.197.186 items
ERROR auth failure for user 192.168.92.139
DEBUG entering function foo
DEBUG cache hit for key=192.168.178.6
ERROR auth failure for user 192.168.178.215
WARN retry attempt 192.168.107.168 for 57623
ERROR connection timeout 503
INFO user 192.168.142.104 logged in
FATAL unrecoverable disk error
FATAL out of memory
DEBUG entering function foo
INFO user 192.168.60.30 logged in
FATAL segfault at address 0x192.168.219.168
FATAL unrecoverable disk error
ERROR file not found: /tmp/192.168.57.185.log
DEBUG cache hit for key=192.168.9.50
DEBUG cache hit for key=192.168.57.185
DEBUG heap size: 192.168.107.168
ERROR null pointer in module 192.168.219.168
ERROR auth failure for user 192.168.57.185
DEBUG variable x=192.168.9.50
DEBUG variable x=192.168.178.6
WARN memory threshold reached: 192.168.107.168MB
INFO processed 192.168.141.220 items
DEBUG entering function foo
DEBUG entering function foo
FATAL out of memory
INFO processed 192.168.178.6 items
INFO request from 192.168.9.50
FATAL unrecoverable disk error
WARN retry attempt 192.168.215.207 for 16986
DEBUG heap size: 192.168.36.209
ERROR auth failure for user 192.168.197.186
WARN memory threshold reached: 192.168.178.215MB
FATAL segfault at address 0x192.168.219.168
INFO user 192.168.142.104 logged in
ERROR file not found: /tmp/192.168.36.209.log
FATAL out of memory
INFO processed 192.168.39.155 items
DEBUG entering function foo
INFO request from 192.168.82.31
ERROR connection timeout 503
WARN disk usage 192.168.92.139%
FATAL kernel panic
WARN retry attempt 192.168.142.104 for 57074
WARN slow query: 192.168.92.139ms
ERROR file not found: /tmp/192.168.178.215.log
DEBUG cache hit for key=192.168.197.186
WARN disk usage 192.168.193.243%
WARN slow query: 192.168.219.168ms
DEBUG entering function foo
ERROR null pointer in module 192.168.142.104
FATAL unrecoverable disk error
DEBUG entering function foo
DEBUG cache hit for key=192.168.60.30
FATAL out of memory
ERROR connection timeout 503
WARN retry attempt 192.168.9.50 for 47101
WARN retry attempt 192.168.107.168 for 6426
DEBUG variable x=192.168.178.215
DEBUG cache hit for key=192.168.9.50
WARN retry attempt 192.168.82.31 for 60551
ERROR auth failure for user 192.168.178.215
FATAL kernel panic
WARN slow query: 192.168.107.168ms
FATAL unrecoverable disk error
ERROR auth failure for user 192.168.142.104
ERROR connection timeout 503
FATAL out of memory
WARN disk usage 192.168.189.144%
DEBUG entering function foo
WARN memory threshold reached: 192.168.193.243MB
FATAL out of memory
WARN disk usage 192.168.178.215%
DEBUG cache hit for key=192.168.107.168
DEBUG heap size: 192.168.197.186
ERROR file not found: /tmp/192.168.219.168.log
ERROR auth failure for user 192.168.121.141
DEBUG entering function foo
INFO request from 192.168.178.6
ERROR null pointer in module 192.168.60.30
WARN retry attempt 192.168.211.158 for 13061
ERROR file not found: /tmp/192.168.178.215.log
ERROR null pointer in module 192.168.178.215
FATAL unrecoverable disk error
WARN disk usage 192.168.92.139%
INFO request from 192.168.189.144
ERROR auth failure for user 192.168.197.186
WARN slow query: 192.168.82.31ms
INFO processed 192.168.142.104 items
DEBUG cache hit for key=192.168.178.215
FATAL segfault at address 0x192.168.107.168
FATAL segfault at address 0x192.168.211.158
FATAL segfault at address 0x192.168.211.158
FATAL unrecoverable disk error
FATAL kernel panic
ERROR auth failure for user 192.168.219.168
ERROR null pointer in module 192.168.197.186
ERROR auth failure for user 192.168.39.155
DEBUG cache hit for key=192.168.57.185
INFO user 192.168.121.141 logged in
DEBUG heap size: 192.168.121.141
INFO processed 192.168.178.215 items
ERROR null pointer in module 192.168.9.50
ERROR connection timeout 503
FATAL out of memory
WARN memory threshold reached: 192.168.211.158MB
INFO user 192.168.178.6 logged in
FATAL unrecoverable disk error
ERROR null pointer in module 192.168.107.168
WARN slow query: 192.168.39.155ms
FATAL out of memory
WARN slow query: 192.168.141.220ms
FATAL kernel panic
WARN retry attempt 192.168.39.155 for 62583
ERROR connection timeout 503
WARN slow query: 192.168.39.155ms
INFO user 192.168.107.168 logged in
DEBUG cache hit for key=192.168.193.243
WARN retry attempt 192.168.60.30 for 83873
FATAL segfault at address 0x192.168.39.155
INFO user 192.168.211.158 logged in
INFO processed 192.168.197.186 items
FATAL segfault at address 0x192.168.193.243
WARN slow query: 192.168.211.158ms
ERROR auth failure for user 192.168.57.185
WARN memory threshold reached: 192.168.107.168MB
WARN disk usage 192.168.178.6%
INFO request from 192.168.39.155
ERROR null pointer in module 192.168.36.209
INFO processed 192.168.211.158 items
WARN slow query: 192.168.60.30ms
FATAL segfault at address 0x192.168.229.48
ERROR null pointer in module 192.168.107.168
ERROR null pointer in module 192.168.82.31
DEBUG entering function foo
WARN retry attempt 192.168.92.139 for 22608
FATAL segfault at address 0x192.168.141.220
WARN disk usage 192.168.60.30%
FATAL kernel panic
WARN memory threshold reached: 192.168.219.168MB
ERROR file not found: /tmp/192.168.36.209.log
ERROR connection timeout 503
FATAL out of memory
ERROR auth failure for user 192.168.9.50
WARN disk usage 192.168.219.168%
WARN memory threshold reached: 192.168.193.243MB
DEBUG heap size: 192.168.82.31
WARN slow query: 192.168.82.31ms
FATAL out of memory
FATAL unrecoverable disk error
ERROR connection timeout 503
DEBUG entering function foo
WARN disk usage 192.168.36.209%
ERROR file not found: /tmp/192.168.57.185.log
ERROR auth failure for user 192.168.197.186
WARN disk usage 192.168.92.139%
DEBUG heap size: 192.168.178.6
WARN disk usage 192.168.121.141%
INFO user 192.168.9.50 logged in
DEBUG entering function foo
FATAL unrecoverable disk error
FATAL out of memory
WARN retry attempt 192.168.121.141 for 10763
INFO request from 192.168.141.220
FATAL out of memory
ERROR null pointer in module 192.168.9.50
FATAL segfault at address 0x192.168.36.209
FATAL segfault at address 0x192.168.141.220
INFO processed 192.168.193.243 items
WARN memory threshold reached: 192.168.215.207MB
WARN slow query: 192.168.57.185ms
ERROR auth failure for user 192.168.178.215
FATAL segfault at address 0x192.168.60.30
INFO request from 192.168.229.48
ERROR auth failure for user 192.168.189.144
FATAL unrecoverable disk error
INFO user 192.168.60.30 logged in
WARN memory threshold reached: 192.168.229.48MB
ERROR auth failure for user 192.168.197.186
WARN memory threshold reached: 192.168.39.155MB
ERROR null pointer in module 192.168.219.168
INFO user 192.168.82.31 logged in
INFO processed 192.168.39.155 items
FATAL kernel panic
ERROR null pointer in module 192.168.82.31
DEBUG cache hit for key=192.168.107.168
ERROR auth failure for user 192.168.82.31
FATAL kernel panic
WARN disk usage 192.168.142.104%
INFO request from 192.168.215.207
INFO request from 192.168.178.215
WARN disk usage 192.168.107.168%
DEBUG variable x=192.168.36.209
WARN memory threshold reached: 192.168.57.185MB
DEBUG entering function foo
ERROR connection timeout 503
ERROR auth failure for user 192.168.193.243
DEBUG variable x=192.168.178.6
WARN memory threshold reached: 192.168.189.144MB
DEBUG variable x=192.168.121.141
WARN retry attempt 192.168.193.243 for 51861
ERROR auth failure for user 192.168.189.144
ERROR connection timeout 503
DEBUG heap size: 192.168.197.186
INFO request from 192.168.39.155
ERROR connection timeout 503
DEBUG entering function foo
ERROR auth failure for user 192.168.39.155
INFO processed 192.168.60.30 items
DEBUG variable x=192.168.178.215
INFO processed 192.168.229.48 items
FATAL unrecoverable disk error
WARN disk usage 192.168.107.168%
DEBUG entering function foo
WARN retry attempt 192.168.178.6 for 55884
ERROR connection timeout 503
WARN disk usage 192.168.197.186%
WARN disk usage 192.168.197.186%
DEBUG variable x=192.168.92.139
DEBUG variable x=192.168.178.215
DEBUG variable x=192.168.142.104
INFO request from 192.168.121.141
WARN slow query: 192.168.60.30ms
ERROR null pointer in module 192.168.82.31
WARN slow query: 192.168.219.168ms
ERROR null pointer in module 192.168.60.30
WARN retry attempt 192.168.211.158 for 19618
WARN slow query: 192.168.193.243ms
WARN memory threshold reached: 192.168.229.48MB
ERROR file not found: /tmp/192.168.60.30.log
FATAL segfault at address 0x192.168.215.207
DEBUG heap size: 192.168.142.104
DEBUG entering function foo
DEBUG variable x=192.168.178.215
FATAL out of memory
WARN disk usage 192.168.189.144%
ERROR file not found: /tmp/192.168.193.243.log
DEBUG entering function foo
FATAL kernel panic
WARN retry attempt 192.168.178.215 for 11982
WARN retry attempt 192.168.36.209 for 81807
WARN memory threshold reached: 192.168.211.158MB
DEBUG variable x=192.168.193.243
DEBUG cache hit for key=192.168.121.141
ERROR null pointer in module 192.168.229.48
FATAL segfault at address 0x192.168.82.31
DEBUG cache hit for key=192.168.36.209
DEBUG heap size: 192.168.178.6
FATAL out of memory
DEBUG heap size: 192.168.211.158
FATAL out of memory
DEBUG variable x=192.168.9.50
DEBUG cache hit for key=192.168.57.185
WARN slow query: 192.168.36.209ms
INFO processed 192.168.211.158 items
DEBUG variable x=192.168.142.104
DEBUG heap size: 192.168.189.144
DEBUG variable x=192.168.219.168
DEBUG variable x=192.168.39.155
DEBUG variable x=192.168.107.168
ERROR file not found: /tmp/192.168.229.48.log
WARN retry attempt 192.168.193.243 for 59842
ERROR connection timeout 503
ERROR null pointer in module 192.168.219.168
ERROR null pointer in module 192.168.219.168
DEBUG entering function foo
INFO user 192.168.178.6 logged in
WARN memory threshold reached: 192.168.107.168MB
FATAL unrecoverable disk error
INFO processed 192.168.229.48 items
WARN slow query: 192.168.92.139ms
INFO processed 192.168.39.155 items
DEBUG variable x=192.168.229.48
DEBUG cache hit for key=192.168.178.6
WARN retry attempt 192.168.39.155 for 82320
ERROR connection timeout 503
INFO user 192.168.211.158 logged in
DEBUG entering function foo
DEBUG variable x=192.168.36.209
ERROR connection timeout 503
INFO request from 192.168.211.158
INFO processed 192.168.60.30 items
WARN retry attempt 192.168.82.31 for 46104
FATAL out of memory
ERROR null pointer in module 192.168.211.158
DEBUG heap size: 192.168.9.50
FATAL kernel panic
ERROR auth failure for user 192.168.211.158
INFO user 192.168.57.185 logged in
FATAL kernel panic
DEBUG entering function foo
WARN retry attempt 192.168.60.30 for 72035
DEBUG heap size: 192.168.82.31
DEBUG heap size: 192.168.92.139
INFO processed 192.168.121.141 items
INFO user 192.168.121.141 logged in
DEBUG variable x=192.168.107.168
ERROR file not found: /tmp/192.168.92.139.log
FATAL segfault at address 0x192.168.57.185
FATAL unrecoverable disk error
DEBUG cache hit for key=192.168.9.50
INFO user 192.168.9.50 logged in
FATAL kernel panic
WARN memory threshold reached: 192.168.219.168MB
FATAL out of memory
ERROR connection timeout 503
FATAL unrecoverable disk error
ERROR connection timeout 503
FATAL out of memory
ERROR file not found: /tmp/192.168.193.243.log
INFO request from 192.168.60.30
DEBUG variable x=192.168.82.31
WARN slow query: 192.168.142.104ms
ERROR auth failure for user 192.168.92.139
DEBUG cache hit for key=192.168.229.48
WARN disk usage 192.168.211.158%
FATAL unrecoverable disk error
DEBUG heap size: 192.168.229.48
WARN memory threshold reached: 192.168.229.48MB
WARN memory threshold reached: 192.168.92.139MB
DEBUG cache hit for key=192.168.193.243
DEBUG entering function foo
WARN slow query: 192.168.189.144ms
ERROR null pointer in module 192.168.193.243
WARN disk usage 192.168.141.220%
DEBUG cache hit for key=192.168.189.144
DEBUG cache hit for key=192.168.189.144
DEBUG entering function foo
DEBUG heap size: 192.168.197.186
DEBUG cache hit for key=192.168.193.243
WARN slow query: 192.168.178.6ms
INFO connection established
ERROR auth failure for user 192.168.211.158
FATAL segfault at address 0x192.168.39.155
FATAL kernel panic
DEBUG entering function foo
INFO request from 192.168.211.158
WARN slow query: 192.168.141.220ms
DEBUG heap size: 192.168.189.144
WARN disk usage 192.168.141.220%
INFO user 192.168.82.31 logged in
INFO user 192.168.92.139 logged in
FATAL unrecoverable disk error
FATAL segfault at address 0x192.168.141.220
WARN memory threshold reached: 192.168.9.50MB
INFO request from 192.168.178.215
WARN retry attempt 192.168.193.243 for 55144
FATAL out of memory
FATAL segfault at address 0x192.168.121.141
ERROR auth failure for user 192.168.121.141
ERROR null pointer in module 192.168.9.50
INFO request from 192.168.36.209
DEBUG cache hit for key=192.168.36.209
INFO connection established
INFO request from 192.168.178.6
DEBUG entering function foo
FATAL unrecoverable disk error
WARN disk usage 192.168.107.168%
INFO processed 192.168.211.158 items
FATAL segfault at address 0x192.168.39.155
ERROR auth failure for user 192.168.211.158
INFO processed 192.168.142.104 items
FATAL kernel panic
ERROR connection timeout 503
ERROR auth failure for user 192.168.215.207
FATAL unrecoverable disk error
DEBUG heap size: 192.168.107.168
FATAL unrecoverable disk error
ERROR connection timeout 503
DEBUG heap size: 192.168.36.209
DEBUG heap size: 192.168.141.220
ERROR auth failure for user 192.168.215.207
DEBUG heap size: 192.168.92.139
ERROR connection timeout 503
ERROR connection timeout 503
FATAL out of memory
INFO user 192.168.229.48 logged in
WARN slow query: 192.168.142.104ms
DEBUG heap size: 192.168.92.139
ERROR auth failure for user 192.168.229.48
WARN disk usage 192.168.82.31%
ERROR null pointer in module 192.168.107.168
DEBUG variable x=192.168.92.139
FATAL unrecoverable disk error
DEBUG cache hit for key=192.168.197.186
FATAL kernel panic
DEBUG cache hit for key=192.168.92.139
INFO user 192.168.9.50 logged in
FATAL kernel panic
INFO processed 192.168.60.30 items
DEBUG entering function foo
FATAL out of memory
ERROR null pointer in module 192.168.178.215
WARN slow query: 192.168.178.215ms
DEBUG heap size: 192.168.92.139
INFO processed 192.168.215.207 items
WARN memory threshold reached: 192.168.39.155MB
INFO processed 192.168.215.207 items
ERROR connection timeout 503
WARN retry attempt 192.168.219.168 for 70847
DEBUG entering function foo
DEBUG cache hit for key=192.168.229.48
ERROR file not found: /tmp/192.168.211.158.log
WARN slow query: 192.168.82.31ms
WARN retry attempt 192.168.57.185 for 25742
DEBUG heap size: 192.168.92.139
ERROR auth failure for user 192.168.60.30
FATAL kernel panic
INFO request from 192.168.215.207
DEBUG heap size: 192.168.215.207
ERROR file not found: /tmp/192.168.107.168.log
WARN slow query: 192.168.39.155ms
ERROR null pointer in module 192.168.36.209
FATAL kernel panic
WARN slow query: 192.168.142.104ms
INFO user 192.168.142.104 logged in
WARN memory threshold reached: 192.168.197.186MB
FATAL kernel panic
INFO connection established
DEBUG heap size: 192.168.229.48
ERROR null pointer in module 192.168.82.31
DEBUG heap size: 192.168.107.168
WARN retry attempt 192.168.121.141 for 29841
FATAL unrecoverable disk error
INFO processed 192.168.92.139 items
INFO connection established
INFO processed 192.168.36.209 items
WARN retry attempt 192.168.9.50 for 85090
FATAL kernel panic
ERROR null pointer in module 192.168.189.144
INFO user 192.168.211.158 logged in
ERROR file not found: /tmp/192.168.92.139.log
FATAL segfault at address 0x192.168.141.220
DEBUG cache hit for key=192.168.178.6
ERROR auth failure for user 192.168.219.168
WARN disk usage 192.168.211.158%
DEBUG variable x=192.168.36.209
ERROR file not found: /tmp/192.168.211.158.log
DEBUG heap size: 192.168.189.144
FATAL out of memory
DEBUG variable x=192.168.82.31
ERROR null pointer in module 192.168.193.243
FATAL segfault at address 0x192.168.178.215
WARN memory threshold reached: 192.168.60.30MB
DEBUG heap size: 192.168.215.207
ERROR auth failure for user 192.168.219.168
WARN memory threshold reached: 192.168.107.168MB
WARN memory threshold reached: 192.168.36.209MB
FATAL kernel panic
ERROR auth failure for user 192.168.229.48
ERROR null pointer in module 192.168.193.243
FATAL out of memory
ERROR connection timeout 503
ERROR connection timeout 503
DEBUG entering function foo
INFO user 192.168.60.30 logged in
ERROR file not found: /tmp/192.168.229.48.log
ERROR null pointer in module 192.168.197.186
WARN retry attempt 192.168.9.50 for 44359
INFO processed 192.168.193.243 items
WARN memory threshold reached: 192.168.178.215MB
ERROR file not found: /tmp/192.168.189.144.log
ERROR connection timeout 503
WARN retry attempt 192.168.141.220 for 93986
FATAL kernel panic
FATAL kernel panic
INFO request from 192.168.197.186
DEBUG cache hit for key=192.168.142.104
FATAL unrecoverable disk error
DEBUG heap size: 192.168.197.186
INFO request from 192.168.57.185
INFO processed 192.168.39.155 items
WARN retry attempt 192.168.178.215 for 29788
INFO connection established
WARN retry attempt 192.168.39.155 for 68853
ERROR null pointer in module 192.168.178.215
DEBUG cache hit for key=192.168.219.168
INFO user 192.168.211.158 logged in
WARN slow query: 192.168.36.209ms
FATAL unrecoverable disk error
FATAL out of memory
DEBUG variable x=192.168.60.30
FATAL kernel panic
WARN memory threshold reached: 192.168.82.31MB
INFO connection established
WARN memory threshold reached: 192.168.121.141MB
FATAL unrecoverable disk error
FATAL segfault at address 0x192.168.82.31
DEBUG entering function foo
FATAL out of memory
WARN slow query: 192.168.178.6ms
FATAL out of memory
WARN memory threshold reached: 192.168.197.186MB
WARN slow query: 192.168.193.243ms
INFO connection established
WARN retry attempt 192.168.60.30 for 93943
ERROR connection timeout 503
ERROR auth failure for user 192.168.189.144
INFO user 192.168.82.31 logged in
WARN memory threshold reached: 192.168.142.104MB
FATAL segfault at address 0x192.168.142.104
DEBUG heap size: 192.168.141.220
DEBUG entering function foo
DEBUG variable x=192.168.189.144
ERROR file not found: /tmp/192.168.36.209.log
FATAL out of memory
WARN slow query: 192.168.92.139ms
FATAL unrecoverable disk error
ERROR connection timeout 503
WARN disk usage 192.168.39.155%
FATAL segfault at address 0x192.168.107.168
ERROR auth failure for user 192.168.211.158
INFO connection established
INFO user 192.168.141.220 logged in
ERROR file not found: /tmp/192.168.39.155.log
DEBUG heap size: 192.168.82.31
DEBUG cache hit for key=192.168.219.168
ERROR auth failure for user 192.168.39.155
FATAL kernel panic
WARN memory threshold reached: 192.168.141.220MB
FATAL kernel panic
FATAL out of memory
WARN retry attempt 192.168.197.186 for 14108
FATAL unrecoverable disk error
ERROR auth failure for user 192.168.215.207
ERROR auth failure for user 192.168.82.31
DEBUG heap size: 192.168.193.243
WARN retry attempt 192.168.229.48 for 63134
WARN slow query: 192.168.92.139ms
ERROR connection timeout 503
WARN memory threshold reached: 192.168.141.220MB
DEBUG heap size: 192.168.178.6
DEBUG entering function foo
WARN slow query: 192.168.189.144ms
ERROR connection timeout 503
WARN disk usage 192.168.36.209%
DEBUG variable x=192.168.60.30
ERROR null pointer in module 192.168.178.215
FATAL segfault at address 0x192.168.215.207
ERROR connection timeout 503
DEBUG entering function foo
FATAL out of memory
DEBUG variable x=192.168.142.104
ERROR null pointer in module 192.168.82.31
INFO processed 192.168.178.6 items
INFO processed 192.168.178.215 items
ERROR auth failure for user 192.168.229.48
FATAL kernel panic
DEBUG variable x=192.168.193.243
WARN memory threshold reached: 192.168.92.139MB
INFO request from 192.168.39.155
ERROR auth failure for user 192.168.121.141
WARN retry attempt 192.168.82.31 for 35083
DEBUG heap size: 192.168.197.186
FATAL kernel panic
WARN memory threshold reached: 192.168.92.139MB
DEBUG entering function foo
DEBUG cache hit for key=192.168.39.155
ERROR file not found: /tmp/192.168.107.168.log
ERROR connection timeout 503
DEBUG entering function foo
DEBUG variable x=192.168.141.220
FATAL kernel panic
DEBUG heap size: 192.168.193.243
DEBUG cache hit for key=192.168.197.186
WARN slow query: 192.168.9.50ms
FATAL kernel panic
ERROR null pointer in module 192.168.107.168
WARN disk usage 192.168.197.186%
WARN disk usage 192.168.189.144%
INFO processed 192.168.193.243 items
ERROR null pointer in module 192.168.178.215
WARN slow query: 192.168.211.158ms
ERROR auth failure for user 192.168.36.209
ERROR null pointer in module 192.168.178.215
DEBUG cache hit for key=192.168.107.168
FATAL segfault at address 0x192.168.82.31
INFO connection established
FATAL segfault at address 0x192.168.9.50
INFO request from 192.168.178.215
ERROR connection timeout 503
ERROR file not found: /tmp/192.168.57.185.log
INFO request from 192.168.142.104
WARN memory threshold reached: 192.168.92.139MB
DEBUG heap size: 192.168.215.207
ERROR auth failure for user 192.168.178.6
DEBUG heap size: 192.168.121.141
DEBUG heap size: 192.168.121.141
ERROR null pointer in module 192.168.121.141
FATAL out of memory
ERROR connection timeout 503
DEBUG cache hit for key=192.168.121.141
ERROR null pointer in module 192.168.39.155
ERROR auth failure for user 192.168.121.141
FATAL segfault at address 0x192.168.9.50
DEBUG heap size: 192.168.60.30
ERROR file not found: /tmp/192.168.82.31.log
DEBUG entering function foo
FATAL unrecoverable disk error
ERROR file not found: /tmp/192.168.219.168.log
FATAL unrecoverable disk error
ERROR file not found: /tmp/192.168.82.31.log
FATAL kernel panic
ERROR auth failure for user 192.168.39.155
FATAL unrecoverable disk error
DEBUG heap size: 192.168.189.144
WARN slow query: 192.168.142.104ms
WARN disk usage 192.168.121.141%
INFO processed 192.168.39.155 items
DEBUG variable x=192.168.142.104
ERROR connection timeout 503
FATAL unrecoverable disk error
WARN slow query: 192.168.178.215ms
DEBUG entering function foo
ERROR file not found: /tmp/192.168.60.30.log
WARN memory threshold reached: 192.168.141.220MB
DEBUG cache hit for key=192.168.178.6
INFO processed 192.168.92.139 items
INFO request from 192.168.82.31
WARN disk usage 192.168.215.207%
DEBUG entering function foo
DEBUG variable x=192.168.197.186
FATAL out of memory
WARN retry attempt 192.168.82.31 for 34305
DEBUG cache hit for key=192.168.92.139
WARN disk usage 192.168.82.31%
INFO user 192.168.36.209 logged in
FATAL out of memory
INFO processed 192.168.92.139 items
DEBUG variable x=192.168.82.31
ERROR connection timeout 503
DEBUG cache hit for key=192.168.178.215
ERROR null pointer in module 192.168.211.158
DEBUG heap size: 192.168.39.155
INFO user 192.168.229.48 logged in
ERROR null pointer in module 192.168.60.30
DEBUG cache hit for key=192.168.215.207
WARN memory threshold reached: 192.168.197.186MB
DEBUG cache hit for key=192.168.82.31
ERROR null pointer in module 192.168.178.6
WARN slow query: 192.168.229.48ms
DEBUG variable x=192.168.57.185
INFO request from 192.168.193.243
FATAL kernel panic
WARN slow query: 192.168.229.48ms
WARN retry attempt 192.168.39.155 for 54965
WARN disk usage 192.168.82.31%
FATAL segfault at address 0x192.168.215.207
INFO user 192.168.189.144 logged in
FATAL out of memory
INFO processed 192.168.57.185 items
WARN memory threshold reached: 192.168.36.209MB
ERROR null pointer in module 192.168.60.30
WARN retry attempt 192.168.229.48 for 55397
FATAL unrecoverable disk error
WARN retry attempt 192.168.197.186 for 26019
WARN retry attempt 192.168.92.139 for 23834
DEBUG entering function foo
DEBUG variable x=192.168.121.141
WARN slow query: 192.168.211.158ms
WARN disk usage 192.168.193.243%
INFO user 192.168.193.243 logged in
INFO connection established
DEBUG entering function foo
INFO request from 192.168.39.155
INFO user 192.168.36.209 logged in
INFO connection established
WARN memory threshold reached: 192.168.121.141MB
INFO user 192.168.219.168 logged in
ERROR file not found: /tmp/192.168.9.50.log
FATAL out of memory
INFO user 192.168.107.168 logged in
ERROR file not found: /tmp/192.168.142.104.log
FATAL out of memory
INFO user 192.168.60.30 logged in
FATAL unrecoverable disk error
INFO user 192.168.193.243 logged in
ERROR auth failure for user 192.168.178.6
ERROR connection timeout 503
INFO user 192.168.215.207 logged in
INFO processed 192.168.107.168 items
DEBUG cache hit for key=192.168.193.243
INFO connection established
INFO request from 192.168.9.50
WARN disk usage 192.168.189.144%
WARN memory threshold reached: 192.168.36.209MB
ERROR connection timeout 503
DEBUG cache hit for key=192.168.39.155
WARN slow query: 192.168.92.139ms
ERROR auth failure for user 192.168.219.168
INFO processed 192.168.178.6 items
FATAL kernel panic
DEBUG cache hit for key=192.168.57.185
INFO request from 192.168.229.48
INFO connection established
WARN slow query: 192.168.193.243ms
ERROR null pointer in module 192.168.197.186
WARN disk usage 192.168.229.48%
WARN slow query: 192.168.36.209ms
INFO request from 192.168.92.139
INFO user 192.168.9.50 logged in
WARN memory threshold reached: 192.168.178.6MB
ERROR connection timeout 503
DEBUG heap size: 192.168.189.144
ERROR connection timeout 503
FATAL unrecoverable disk error
WARN retry attempt 192.168.189.144 for 4842
ERROR auth failure for user 192.168.215.207
INFO connection established
INFO processed 192.168.107.168 items
INFO processed 192.168.215.207 items
ERROR connection timeout 503
ERROR auth failure for user 192.168.107.168
ERROR file not found: /tmp/192.168.9.50.log
WARN disk usage 192.168.178.6%
FATAL segfault at address 0x192.168.189.144
INFO user 192.168.229.48 logged in
FATAL out of memory
FATAL kernel panic
DEBUG variable x=192.168.107.168
DEBUG cache hit for key=192.168.82.31
INFO connection established
INFO processed 192.168.215.207 items
FATAL segfault at address 0x192.168.92.139
FATAL segfault at address 0x192.168.197.186
INFO processed 192.168.36.209 items
INFO connection established
ERROR null pointer in module 192.168.9.50
FATAL unrecoverable disk error
FATAL out of memory
WARN memory threshold reached: 192.168.215.207MB
INFO request from 192.168.178.6
FATAL kernel panic
FATAL segfault at address 0x192.168.229.48
FATAL out of memory
DEBUG variable x=192.168.215.207
ERROR file not found: /tmp/192.168.39.155.log
FATAL out of memory
DEBUG entering function foo
FATAL kernel panic
DEBUG entering function foo
INFO request from 192.168.36.209
ERROR connection timeout 503
DEBUG cache hit for key=192.168.229.48
INFO connection established
FATAL out of memory
WARN memory threshold reached: 192.168.107.168MB
INFO request from 192.168.197.186
ERROR file not found: /tmp/192.168.36.209.log
INFO processed 192.168.189.144 items
FATAL out of memory
WARN memory threshold reached: 192.168.121.141MB
DEBUG variable x=192.168.39.155
INFO user 192.168.189.144 logged in
ERROR auth failure for user 192.168.36.209
FATAL out of memory
ERROR connection timeout 503
FATAL out of memory
DEBUG variable x=192.168.197.186
FATAL kernel panic
INFO processed 192.168.60.30 items
ERROR auth failure for user 192.168.219.168
DEBUG cache hit for key=192.168.193.243
FATAL out of memory
INFO user 192.168.57.185 logged in
INFO user 192.168.107.168 logged in
ERROR auth failure for user 192.168.9.50
WARN disk usage 192.168.60.30%
FATAL segfault at address 0x192.168.211.158
ERROR auth failure for user 192.168.60.30
DEBUG cache hit for key=192.168.121.141
INFO connection established
ERROR null pointer in module 192.168.141.220
FATAL unrecoverable disk error
ERROR file not found: /tmp/192.168.189.144.log
INFO user 192.168.178.6 logged in
ERROR null pointer in module 192.168.142.104
INFO request from 192.168.57.185
INFO user 192.168.219.168 logged in
INFO connection established
FATAL segfault at address 0x192.168.215.207
DEBUG variable x=192.168.92.139
DEBUG heap size: 192.168.36.209
ERROR null pointer in module 192.168.193.243
DEBUG cache hit for key=192.168.9.50
INFO request from 192.168.197.186
WARN disk usage 192.168.107.168%
FATAL segfault at address 0x192.168.193.243
FATAL segfault at address 0x192.168.211.158
WARN memory threshold reached: 192.168.60.30MB
FATAL out of memory
INFO connection established
DEBUG heap size: 192.168.193.243
FATAL out of memory
DEBUG variable x=192.168.219.168
DEBUG heap size: 192.168.142.104
FATAL unrecoverable disk error
ERROR file not found: /tmp/192.168.107.168.log
ERROR connection timeout 503
INFO connection established
WARN memory threshold reached: 192.168.82.31MB
ERROR file not found: /tmp/192.168.9.50.log
FATAL kernel panic
INFO request from 192.168.197.186
ERROR connection timeout 503
ERROR file not found: /tmp/192.168.57.185.log
ERROR null pointer in module 192.168.178.215
WARN retry attempt 192.168.36.209 for 94711
ERROR connection timeout 503
WARN retry attempt 192.168.141.220 for 8445
WARN retry attempt 192.168.178.6 for 48262
WARN disk usage 192.168.92.139%
DEBUG entering function foo
ERROR file not found: /tmp/192.168.178.215.log
INFO user 192.168.9.50 logged in
INFO processed 192.168.36.209 items
WARN memory threshold reached: 192.168.9.50MB
DEBUG variable x=192.168.82.31
FATAL unrecoverable disk error
DEBUG variable x=192.168.197.186
ERROR file not found: /tmp/192.168.39.155.log
INFO connection established
ERROR file not found: /tmp/192.168.121.141.log
DEBUG heap size: 192.168.107.168
INFO user 192.168.229.48 logged in
WARN memory threshold reached: 192.168.189.144MB
WARN disk usage 192.168.39.155%
INFO connection established
FATAL segfault at address 0x192.168.178.215
ERROR file not found: /tmp/192.168.197.186.log
DEBUG variable x=192.168.211.158
ERROR connection timeout 503
WARN memory threshold reached: 192.168.92.139MB
ERROR auth failure for user 192.168.82.31
INFO processed 192.168.82.31 items
DEBUG variable x=192.168.92.139
FATAL kernel panic
DEBUG entering function foo
WARN slow query: 192.168.197.186ms
ERROR null pointer in module 192.168.211.158
ERROR file not found: /tmp/192.168.211.158.log
WARN disk usage 192.168.92.139%
WARN disk usage 192.168.189.144%
WARN memory threshold reached: 192.168.178.6MB
FATAL unrecoverable disk error
DEBUG entering function foo
DEBUG variable x=192.168.36.209
WARN retry attempt 192.168.121.141 for 32884
INFO connection established
WARN memory threshold reached: 192.168.107.168MB
INFO processed 192.168.142.104 items
DEBUG variable x=192.168.178.6
DEBUG cache hit for key=192.168.229.48
INFO request from 192.168.142.104
DEBUG heap size: 192.168.219.168
DEBUG entering function foo
FATAL segfault at address 0x192.168.107.168
ERROR null pointer in module 192.168.39.155
FATAL unrecoverable disk error
DEBUG variable x=192.168.142.104
ERROR connection timeout 503
DEBUG cache hit for key=192.168.219.168
WARN retry attempt 192.168.197.186 for 3212
ERROR connection timeout 503
FATAL kernel panic
INFO user 192.168.57.185 logged in
WARN retry attempt 192.168.9.50 for 64926
ERROR file not found: /tmp/192.168.82.31.log
FATAL unrecoverable disk error
INFO processed 192.168.57.185 items
ERROR auth failure for user 192.168.229.48
INFO processed 192.168.60.30 items
FATAL out of memory
DEBUG cache hit for key=192.168.9.50
WARN disk usage 192.168.197.186%
INFO user 192.168.141.220 logged in
ERROR null pointer in module 192.168.215.207
INFO connection established
ERROR null pointer in module 192.168.92.139
ERROR connection timeout 503
DEBUG variable x=192.168.219.168
INFO user 192.168.229.48 logged in
ERROR auth failure for user 192.168.39.155
INFO processed 192.168.57.185 items
DEBUG variable x=192.168.141.220
FATAL segfault at address 0x192.168.141.220
DEBUG entering function foo
ERROR connection timeout 503
FATAL unrecoverable disk error
DEBUG variable x=192.168.178.215
ERROR auth failure for user 192.168.107.168
INFO user 192.168.39.155 logged in
ERROR auth failure for user 192.168.193.243
DEBUG cache hit for key=192.168.142.104
ERROR file not found: /tmp/192.168.39.155.log
DEBUG variable x=192.168.211.158
FATAL segfault at address 0x192.168.178.6
ERROR null pointer in module 192.168.57.185
DEBUG variable x=192.168.92.139
FATAL segfault at address 0x192.168.57.185
INFO request from 192.168.121.141
FATAL segfault at address 0x192.168.219.168
DEBUG heap size: 192.168.193.243
DEBUG variable x=192.168.197.186
FATAL out of memory
WARN slow query: 192.168.229.48ms
FATAL unrecoverable disk error
ERROR auth failure for user 192.168.197.186
ERROR connection timeout 503
INFO processed 192.168.141.220 items
WARN memory threshold reached: 192.168.189.144MB
DEBUG entering function foo
INFO connection established
DEBUG cache hit for key=192.168.142.104
INFO request from 192.168.215.207
INFO user 192.168.178.6 logged in
DEBUG heap size: 192.168.178.215
ERROR file not found: /tmp/192.168.178.6.log
ERROR auth failure for user 192.168.92.139
ERROR connection timeout 503
ERROR auth failure for user 192.168.229.48
ERROR connection timeout 503
WARN retry attempt 192.168.141.220 for 86398
FATAL unrecoverable disk error
FATAL unrecoverable disk error
DEBUG entering function foo
DEBUG heap size: 192.168.60.30
INFO connection established
DEBUG heap size: 192.168.215.207
ERROR connection timeout 503
ERROR file not found: /tmp/192.168.82.31.log
ERROR auth failure for user 192.168.9.50
WARN disk usage 192.168.107.168%
DEBUG entering function foo
ERROR null pointer in module 192.168.92.139
INFO connection established
INFO user 192.168.178.6 logged in
DEBUG entering function foo
FATAL out of memory
FATAL segfault at address 0x192.168.57.185
WARN memory threshold reached: 192.168.9.50MB
FATAL unrecoverable disk error
DEBUG heap size: 192.168.229.48
WARN slow query: 192.168.121.141ms
DEBUG cache hit for key=192.168.9.50
INFO connection established
ERROR null pointer in module 192.168.92.139
DEBUG cache hit for key=192.168.211.158
DEBUG variable x=192.168.197.186
DEBUG entering function foo
WARN retry attempt 192.168.39.155 for 13788
INFO request from 192.168.92.139
ERROR auth failure for user 192.168.178.215
ERROR file not found: /tmp/192.168.215.207.log
ERROR auth failure for user 192.168.141.220
FATAL kernel panic
INFO connection established
ERROR connection timeout 503
INFO user 192.168.189.144 logged in
INFO processed 192.168.92.139 items
FATAL out of memory
ERROR file not found: /tmp/192.168.189.144.log
ERROR file not found: /tmp/192.168.57.185.log
ERROR auth failure for user 192.168.57.185
WARN slow query: 192.168.189.144ms
WARN retry attempt 192.168.57.185 for 44913
ERROR null pointer in module 192.168.219.168
ERROR file not found: /tmp/192.168.178.6.log
FATAL segfault at address 0x192.168.142.104
INFO processed 192.168.189.144 items
FATAL unrecoverable disk error
WARN memory threshold reached: 192.168.141.220MB
FATAL kernel panic
INFO user 192.168.197.186 logged in
DEBUG entering function foo
ERROR connection timeout 503
ERROR auth failure for user 192.168.82.31
FATAL out of memory
DEBUG variable x=192.168.57.185
ERROR auth failure for user 192.168.229.48
WARN disk usage 192.168.57.185%
DEBUG cache hit for key=192.168.141.220
WARN disk usage 192.168.229.48%
FATAL out of memory
ERROR file not found: /tmp/192.168.142.104.log
DEBUG heap size: 192.168.121.141
FATAL kernel panic
FATAL unrecoverable disk error
DEBUG entering function foo
WARN disk usage 192.168.229.48%
ERROR file not found: /tmp/192.168.178.6.log
INFO user 192.168.60.30 logged in
ERROR file not found: /tmp/192.168.39.155.log
WARN retry attempt 192.168.219.168 for 39490
FATAL kernel panic
INFO request from 192.168.107.168
ERROR connection timeout 503
DEBUG cache hit for key=192.168.142.104
INFO user 192.168.121.141 logged in
FATAL kernel panic
ERROR null pointer in module 192.168.121.141
DEBUG cache hit for key=192.168.141.220
ERROR null pointer in module 192.168.211.158
INFO user 192.168.178.215 logged in
WARN slow query: 192.168.82.31ms
FATAL out of memory
WARN memory threshold reached: 192.168.57.185MB
ERROR null pointer in module 192.168.142.104
WARN retry attempt 192.168.197.186 for 51538
DEBUG heap size: 192.168.92.139
WARN memory threshold reached: 192.168.9.50MB
WARN memory threshold reached: 192.168.57.185MB
FATAL unrecoverable disk error
FATAL kernel panic
ERROR connection timeout 503
DEBUG heap size: 192.168.142.104
FATAL out of memory
WARN disk usage 192.168.141.220%
INFO user 192.168.215.207 logged in
WARN retry attempt 192.168.121.141 for 18103
ERROR connection timeout 503
ERROR connection timeout 503
FATAL unrecoverable disk error
WARN retry attempt 192.168.141.220 for 9196
INFO request from 192.168.141.220
WARN retry attempt 192.168.39.155 for 79516
FATAL out of memory
INFO user 192.168.211.158 logged in
FATAL kernel panic
DEBUG heap size: 192.168.141.220
WARN slow query: 192.168.215.207ms
ERROR connection timeout 503
DEBUG cache hit for key=192.168.121.141
ERROR null pointer in module 192.168.39.155
ERROR null pointer in module 192.168.82.31
FATAL unrecoverable disk error
INFO user 192.168.82.31 logged in
ERROR auth failure for user 192.168.39.155
FATAL kernel panic
WARN slow query: 192.168.178.6ms
INFO request from 192.168.82.31
WARN retry attempt 192.168.107.168 for 21396
FATAL segfault at address 0x192.168.178.215
FATAL unrecoverable disk error
ERROR null pointer in module 192.168.178.6
DEBUG entering function foo
ERROR file not found: /tmp/192.168.92.139.log
ERROR null pointer in module 192.168.82.31
FATAL kernel panic
INFO request from 192.168.178.215
FATAL unrecoverable disk error
DEBUG cache hit for key=192.168.82.31
WARN retry attempt 192.168.197.186 for 61141
WARN memory threshold reached: 192.168.39.155MB
ERROR auth failure for user 192.168.193.243
WARN retry attempt 192.168.36.209 for 62970
FATAL kernel panic
FATAL segfault at address 0x192.168.197.186
INFO processed 192.168.197.186 items
ERROR file not found: /tmp/192.168.189.144.log
INFO request from 192.168.197.186
DEBUG entering function foo
INFO request from 192.168.57.185
ERROR connection timeout 503
WARN slow query: 192.168.219.168ms
DEBUG heap size: 192.168.193.243
DEBUG entering function foo
FATAL unrecoverable disk error
INFO user 192.168.211.158 logged in
FATAL kernel panic
ERROR auth failure for user 192.168.189.144
ERROR connection timeout 503
INFO processed 192.168.9.50 items
ERROR null pointer in module 192.168.189.144
INFO connection established
INFO request from 192.168.57.185
INFO connection established
WARN slow query: 192.168.178.215ms
FATAL segfault at address 0x192.168.211.158
WARN retry attempt 192.168.178.6 for 63768
ERROR connection timeout 503
ERROR file not found: /tmp/192.168.197.186.log
WARN retry attempt 192.168.178.215 for 13525
INFO request from 192.168.39.155
INFO request from 192.168.92.139
DEBUG variable x=192.168.229.48
FATAL unrecoverable disk error
INFO request from 192.168.107.168
FATAL unrecoverable disk error
INFO processed 192.168.142.104 items
WARN retry attempt 192.168.211.158 for 68766
ERROR null pointer in module 192.168.82.31
DEBUG variable x=192.168.82.31
INFO connection established
INFO user 192.168.107.168 logged in
DEBUG cache hit for key=192.168.39.155
FATAL segfault at address 0x192.168.36.209
ERROR null pointer in module 192.168.189.144
INFO processed 192.168.39.155 items
FATAL unrecoverable disk error
INFO user 192.168.9.50 logged in
WARN memory threshold reached: 192.168.107.168MB
FATAL segfault at address 0x192.168.197.186
ERROR null pointer in module 192.168.211.158
ERROR auth failure for user 192.168.178.6
WARN disk usage 192.168.9.50%
DEBUG variable x=192.168.141.220
FATAL segfault at address 0x192.168.189.144
ERROR auth failure for user 192.168.229.48
ERROR file not found: /tmp/192.168.36.209.log
WARN slow query: 192.168.193.243ms
WARN retry attempt 192.168.9.50 for 98012
DEBUG entering function foo
FATAL segfault at address 0x192.168.9.50
INFO processed 192.168.197.186 items
DEBUG variable x=192.168.82.31
FATAL unrecoverable disk error
DEBUG cache hit for key=192.168.141.220
INFO user 192.168.197.186 logged in
WARN slow query: 192.168.36.209ms
ERROR connection timeout 503
FATAL out of memory
WARN slow query: 192.168.142.104ms
INFO user 192.168.60.30 logged in
WARN disk usage 192.168.215.207%
WARN disk usage 192.168.193.243%
FATAL unrecoverable disk error
WARN retry attempt 192.168.197.186 for 54745
WARN disk usage 192.168.36.209%
ERROR connection timeout 503
DEBUG cache hit for key=192.168.178.6
INFO processed 192.168.36.209 items
INFO request from 192.168.57.185
WARN retry attempt 192.168.211.158 for 40551
INFO user 192.168.197.186 logged in
INFO request from 192.168.142.104
DEBUG variable x=192.168.178.6
INFO request from 192.168.178.6
DEBUG heap size: 192.168.92.139
INFO request from 192.168.142.104
INFO request from 192.168.60.30
WARN memory threshold reached: 192.168.229.48MB
FATAL unrecoverable disk error
DEBUG cache hit for key=192.168.193.243
WARN retry attempt 192.168.211.158 for 19356
FATAL segfault at address 0x192.168.82.31
WARN slow query: 192.168.193.243ms
ERROR auth failure for user 192.168.57.185
INFO user 192.168.141.220 logged in
DEBUG cache hit for key=192.168.189.144
FATAL segfault at address 0x192.168.39.155
ERROR auth failure for user 192.168.215.207
FATAL segfault at address 0x192.168.219.168
FATAL unrecoverable disk error
FATAL unrecoverable disk error
DEBUG heap size: 192.168.193.243
FATAL segfault at address 0x192.168.211.158
DEBUG heap size: 192.168.178.215
ERROR auth failure for user 192.168.142.104
ERROR null pointer in module 192.168.107.168
INFO processed 192.168.121.141 items
FATAL kernel panic
ERROR file not found: /tmp/192.168.60.30.log
FATAL out of memory
ERROR file not found: /tmp/192.168.36.209.log
WARN slow query: 192.168.178.6ms
ERROR file not found: /tmp/192.168.141.220.log
DEBUG heap size: 192.168.197.186
WARN slow query: 192.168.219.168ms
FATAL unrecoverable disk error
WARN retry attempt 192.168.197.186 for 1708
ERROR auth failure for user 192.168.121.141
ERROR connection timeout 503
FATAL out of memory
INFO request from 192.168.141.220
ERROR null pointer in module 192.168.229.48
DEBUG heap size: 192.168.82.31
WARN memory threshold reached: 192.168.9.50MB
ERROR null pointer in module 192.168.9.50
ERROR connection timeout 503
FATAL unrecoverable disk error
ERROR file not found: /tmp/192.168.9.50.log
INFO request from 192.168.92.139
DEBUG entering function foo
DEBUG variable x=192.168.211.158
FATAL unrecoverable disk error
WARN memory threshold reached: 192.168.178.6MB
DEBUG heap size: 192.168.178.215
ERROR null pointer in module 192.168.197.186
DEBUG heap size: 192.168.107.168
INFO connection established
ERROR auth failure for user 192.168.141.220
WARN slow query: 192.168.197.186ms
ERROR connection timeout 503
DEBUG heap size: 192.168.60.30
ERROR auth failure for user 192.168.219.168
FATAL unrecoverable disk error
DEBUG variable x=192.168.60.30
ERROR auth failure for user 192.168.82.31
FATAL segfault at address 0x192.168.219.168
FATAL out of memory
DEBUG heap size: 192.168.60.30
WARN slow query: 192.168.197.186ms
ERROR file not found: /tmp/192.168.92.139.log
WARN slow query: 192.168.193.243ms
FATAL out of memory
INFO processed 192.168.39.155 items
WARN retry attempt 192.168.219.168 for 79064
DEBUG variable x=192.168.178.6
FATAL unrecoverable disk error
WARN slow query: 192.168.142.104ms
INFO request from 192.168.92.139
WARN retry attempt 192.168.141.220 for 25376
WARN memory threshold reached: 192.168.107.168MB
FATAL unrecoverable disk error
DEBUG variable x=192.168.107.168
ERROR null pointer in module 192.168.193.243
WARN slow query: 192.168.193.243ms
FATAL kernel panic
DEBUG heap size: 192.168.141.220
INFO user 192.168.189.144 logged in
ERROR auth failure for user 192.168.141.220
INFO user 192.168.215.207 logged in
DEBUG heap size: 192.168.229.48
INFO connection established
DEBUG cache hit for key=192.168.92.139
DEBUG heap size: 192.168.189.144
INFO user 192.168.215.207 logged in
WARN retry attempt 192.168.57.185 for 7875
ERROR file not found: /tmp/192.168.39.155.log
INFO request from 192.168.121.141
ERROR connection timeout 503
DEBUG variable x=192.168.178.6
DEBUG heap size: 192.168.9.50
INFO user 192.168.36.209 logged in
WARN memory threshold reached: 192.168.9.50MB
INFO processed 192.168.121.141 items
DEBUG heap size: 192.168.107.168
FATAL kernel panic
ERROR file not found: /tmp/192.168.9.50.log
WARN disk usage 192.168.178.215%
INFO user 192.168.82.31 logged in
ERROR file not found: /tmp/192.168.141.220.log
ERROR file not found: /tmp/192.168.229.48.log
INFO user 192.168.39.155 logged in
ERROR null pointer in module 192.168.219.168
INFO user 192.168.189.144 logged in
ERROR connection timeout 503
INFO connection established
DEBUG variable x=192.168.197.186
DEBUG cache hit for key=192.168.60.30
ERROR connection timeout 503
DEBUG heap size: 192.168.57.185
INFO request from 192.168.178.215
ERROR auth failure for user 192.168.142.104
FATAL kernel panic
DEBUG cache hit for key=192.168.82.31
WARN memory threshold reached: 192.168.57.185MB
WARN disk usage 192.168.211.158%
FATAL out of memory
FATAL out of memory
ERROR null pointer in module 192.168.60.30
INFO request from 192.168.178.6
DEBUG cache hit for key=192.168.189.144
FATAL unrecoverable disk error
WARN memory threshold reached: 192.168.9.50MB
WARN slow query: 192.168.215.207ms
FATAL kernel panic
INFO user 192.168.219.168 logged in
WARN retry attempt 192.168.121.141 for 92253
ERROR null pointer in module 192.168.211.158
DEBUG heap size: 192.168.178.215
DEBUG heap size: 192.168.178.215
WARN memory threshold reached: 192.168.82.31MB
INFO connection established
INFO user 192.168.215.207 logged in
DEBUG entering function foo
DEBUG heap size: 192.168.229.48
FATAL out of memory
WARN retry attempt 192.168.215.207 for 20233
ERROR auth failure for user 192.168.39.155
INFO connection established
WARN disk usage 192.168.36.209%
FATAL kernel panic
INFO user 192.168.107.168 logged in
DEBUG heap size: 192.168.197.186
ERROR null pointer in module 192.168.142.104
INFO connection established
FATAL kernel panic
DEBUG heap size: 192.168.178.6
DEBUG heap size: 192.168.193.243
ERROR connection timeout 503
INFO user 192.168.142.104 logged in
ERROR connection timeout 503
DEBUG cache hit for key=192.168.39.155
WARN disk usage 192.168.219.168%
ERROR file not found: /tmp/192.168.92.139.log
FATAL segfault at address 0x192.168.121.141
FATAL unrecoverable disk error
ERROR null pointer in module 192.168.60.30
FATAL unrecoverable disk error
FATAL segfault at address 0x192.168.92.139
INFO user 192.168.193.243 logged in
WARN disk usage 192.168.211.158%
INFO user 192.168.57.185 logged in
DEBUG heap size: 192.168.9.50
WARN retry attempt 192.168.9.50 for 13977
WARN disk usage 192.168.121.141%
FATAL out of memory
DEBUG cache hit for key=192.168.39.155
FATAL out of memory
FATAL unrecoverable disk error
WARN retry attempt 192.168.92.139 for 93066
DEBUG variable x=192.168.36.209
ERROR connection timeout 503
ERROR connection timeout 503
FATAL segfault at address 0x192.168.141.220
DEBUG variable x=192.168.39.155
WARN slow query: 192.168.178.6ms
DEBUG variable x=192.168.141.220
FATAL unrecoverable disk error
DEBUG heap size: 192.168.197.186
FATAL kernel panic
WARN disk usage 192.168.36.209%
FATAL unrecoverable disk error
WARN retry attempt 192.168.36.209 for 54522
WARN slow query: 192.168.36.209ms
DEBUG entering function foo
ERROR file not found: /tmp/192.168.9.50.log
ERROR connection timeout 503
DEBUG cache hit for key=192.168.178.6
DEBUG variable x=192.168.215.207
FATAL out of memory
INFO request from 192.168.107.168
INFO processed 192.168.92.139 items
FATAL kernel panic
ERROR auth failure for user 192.168.36.209
INFO request from 192.168.39.155
DEBUG variable x=192.168.9.50
INFO connection established
FATAL kernel panic
ERROR auth failure for user 192.168.121.141
WARN disk usage 192.168.193.243%
DEBUG variable x=192.168.39.155
INFO processed 192.168.36.209 items
INFO user 192.168.36.209 logged in
FATAL kernel panic
FATAL unrecoverable disk error
INFO processed 192.168.141.220 items
FATAL kernel panic
WARN retry attempt 192.168.82.31 for 11593
DEBUG entering function foo
WARN retry attempt 192.168.215.207 for 66081
WARN slow query: 192.168.36.209ms
INFO user 192.168.211.158 logged in
INFO request from 192.168.9.50
FATAL out of memory
FATAL kernel panic
DEBUG entering function foo
DEBUG cache hit for key=192.168.178.6
DEBUG cache hit for key=192.168.189.144
ERROR file not found: /tmp/192.168.229.48.log
DEBUG entering function foo
FATAL out of memory
WARN disk usage 192.168.189.144%
FATAL out of memory
INFO user 192.168.142.104 logged in
WARN slow query: 192.168.197.186ms
WARN disk usage 192.168.60.30%
INFO processed 192.168.229.48 items
FATAL kernel panic
FATAL out of memory
INFO request from 192.168.60.30
DEBUG cache hit for key=192.168.39.155
DEBUG heap size: 192.168.178.215
WARN slow query: 192.168.142.104ms
INFO connection established
WARN slow query: 192.168.215.207ms
FATAL segfault at address 0x192.168.9.50
DEBUG variable x=192.168.121.141
FATAL out of memory
ERROR auth failure for user 192.168.197.186
INFO user 192.168.82.31 logged in
WARN slow query: 192.168.60.30ms
INFO user 192.168.121.141 logged in
DEBUG heap size: 192.168.39.155
WARN retry attempt 192.168.9.50 for 6635
FATAL segfault at address 0x192.168.219.168
ERROR auth failure for user 192.168.178.215
ERROR null pointer in module 192.168.178.215
ERROR auth failure for user 192.168.60.30
FATAL unrecoverable disk error
INFO request from 192.168.82.31
DEBUG variable x=192.168.9.50
WARN slow query: 192.168.178.215ms
DEBUG variable x=192.168.197.186
DEBUG entering function foo
DEBUG cache hit for key=192.168.178.6
WARN slow query: 192.168.57.185ms
ERROR auth failure for user 192.168.215.207
ERROR file not found: /tmp/192.168.39.155.log
WARN retry attempt 192.168.36.209 for 43498
FATAL kernel panic
ERROR file not found: /tmp/192.168.107.168.log
ERROR null pointer in module 192.168.197.186
ERROR auth failure for user 192.168.211.158
FATAL kernel panic
DEBUG variable x=192.168.60.30
WARN retry attempt 192.168.197.186 for 53112
WARN retry attempt 192.168.57.185 for 31283
WARN slow query: 192.168.82.31ms
WARN memory threshold reached: 192.168.178.6MB
FATAL segfault at address 0x192.168.178.215
DEBUG cache hit for key=192.168.121.141
WARN retry attempt 192.168.60.30 for 43115
ERROR auth failure for user 192.168.141.220
DEBUG heap size: 192.168.82.31
DEBUG variable x=192.168.215.207
FATAL kernel panic
FATAL kernel panic
FATAL segfault at address 0x192.168.142.104
WARN memory threshold reached: 192.168.229.48MB
FATAL out of memory
INFO user 192.168.189.144 logged in
FATAL kernel panic
DEBUG variable x=192.168.215.207
DEBUG heap size: 192.168.39.155
ERROR file not found: /tmp/192.168.141.220.log
DEBUG cache hit for key=192.168.92.139
DEBUG cache hit for key=192.168.82.31
ERROR connection timeout 503
ERROR file not found: /tmp/192.168.219.168.log
FATAL unrecoverable disk error
ERROR auth failure for user 192.168.215.207
DEBUG heap size: 192.168.189.144
FATAL kernel panic
WARN retry attempt 192.168.215.207 for 88329
DEBUG cache hit for key=192.168.141.220
FATAL kernel panic
DEBUG heap size: 192.168.178.6
DEBUG variable x=192.168.142.104
DEBUG entering function foo
WARN retry attempt 192.168.219.168 for 39216
DEBUG entering function foo
WARN retry attempt 192.168.82.31 for 48150
FATAL kernel panic
WARN retry attempt 192.168.178.6 for 12331
INFO processed 192.168.215.207 items
INFO request from 192.168.219.168
INFO processed 192.168.141.220 items
FATAL unrecoverable disk error
WARN disk usage 192.168.229.48%
INFO user 192.168.142.104 logged in
INFO connection established
FATAL out of memory
WARN retry attempt 192.168.219.168 for 10167
DEBUG heap size: 192.168.229.48
ERROR file not found: /tmp/192.168.141.220.log
DEBUG cache hit for key=192.168.82.31
FATAL kernel panic
ERROR connection timeout 503
DEBUG heap size: 192.168.197.186
DEBUG entering function foo
DEBUG variable x=192.168.211.158
ERROR null pointer in module 192.168.57.185
WARN memory threshold reached: 192.168.141.220MB
ERROR connection timeout 503
ERROR auth failure for user 192.168.57.185
WARN slow query: 192.168.197.186ms
ERROR auth failure for user 192.168.178.6
ERROR connection timeout 503
INFO request from 192.168.193.243
DEBUG cache hit for key=192.168.57.185
DEBUG heap size: 192.168.36.209
INFO processed 192.168.215.207 items
DEBUG cache hit for key=192.168.178.215
WARN memory threshold reached: 192.168.211.158MB
INFO connection established
ERROR auth failure for user 192.168.229.48
DEBUG cache hit for key=192.168.193.243
DEBUG heap size: 192.168.189.144
INFO request from 192.168.107.168
WARN memory threshold reached: 192.168.219.168MB
INFO connection established
FATAL kernel panic
WARN slow query: 192.168.92.139ms
INFO connection established
WARN slow query: 192.168.57.185ms
WARN disk usage 192.168.215.207%
FATAL segfault at address 0x192.168.141.220
FATAL kernel panic
ERROR connection timeout 503
WARN slow query: 192.168.141.220ms
FATAL out of memory
INFO processed 192.168.211.158 items
FATAL segfault at address 0x192.168.107.168
WARN slow query: 192.168.193.243ms
DEBUG heap size: 192.168.142.104
WARN slow query: 192.168.211.158ms
WARN disk usage 192.168.211.158%
FATAL kernel panic
INFO connection established
WARN memory threshold reached: 192.168.60.30MB
INFO request from 192.168.60.30
INFO request from 192.168.178.6
DEBUG heap size: 192.168.178.6
DEBUG entering function foo
INFO user 192.168.178.6 logged in
DEBUG cache hit for key=192.168.36.209
INFO processed 192.168.121.141 items
INFO connection established
ERROR connection timeout 503
INFO user 192.168.142.104 logged in
INFO connection established
FATAL unrecoverable disk error
INFO request from 192.168.36.209
INFO request from 192.168.107.168
DEBUG entering function foo
FATAL unrecoverable disk error
INFO user 192.168.57.185 logged in
DEBUG heap size: 192.168.178.6
INFO user 192.168.57.185 logged in
INFO user 192.168.211.158 logged in
ERROR null pointer in module 192.168.229.48
WARN retry attempt 192.168.9.50 for 96372
ERROR null pointer in module 192.168.178.215
FATAL kernel panic
WARN memory threshold reached: 192.168.211.158MB
WARN disk usage 192.168.92.139%
DEBUG heap size: 192.168.60.30
DEBUG heap size: 192.168.57.185
ERROR connection timeout 503
INFO request from 192.168.142.104
ERROR auth failure for user 192.168.9.50
ERROR auth failure for user 192.168.9.50
FATAL unrecoverable disk error
FATAL kernel panic
INFO connection established
FATAL unrecoverable disk error
ERROR auth failure for user 192.168.82.31
INFO connection established
INFO connection established
DEBUG entering function foo
INFO connection established
FATAL out of memory
ERROR connection timeout 503
WARN disk usage 192.168.121.141%
WARN disk usage 192.168.229.48%
WARN memory threshold reached: 192.168.229.48MB
INFO user 192.168.193.243 logged in
ERROR connection timeout 503
FATAL unrecoverable disk error
INFO user 192.168.60.30 logged in
ERROR auth failure for user 192.168.82.31
INFO connection established
DEBUG cache hit for key=192.168.141.220
FATAL unrecoverable disk error
FATAL kernel panic
FATAL segfault at address 0x192.168.82.31
FATAL out of memory
DEBUG cache hit for key=192.168.142.104
ERROR file not found: /tmp/192.168.178.6.log
DEBUG entering function foo
INFO connection established
INFO request from 192.168.107.168
DEBUG heap size: 192.168.189.144
ERROR file not found: /tmp/192.168.215.207.log
ERROR null pointer in module 192.168.178.215
WARN memory threshold reached: 192.168.82.31MB
WARN memory threshold reached: 192.168.193.243MB
ERROR file not found: /tmp/192.168.60.30.log
ERROR auth failure for user 192.168.36.209
DEBUG entering function foo
WARN retry attempt 192.168.121.141 for 14493
DEBUG cache hit for key=192.168.193.243
ERROR auth failure for user 192.168.178.215
INFO processed 192.168.9.50 items
ERROR connection timeout 503
DEBUG cache hit for key=192.168.178.6
WARN slow query: 192.168.60.30ms
INFO processed 192.168.197.186 items
WARN retry attempt 192.168.141.220 for 93736
INFO request from 192.168.9.50
WARN memory threshold reached: 192.168.36.209MB
DEBUG cache hit for key=192.168.57.185
DEBUG entering function foo
WARN memory threshold reached: 192.168.197.186MB
DEBUG variable x=192.168.82.31
WARN slow query: 192.168.92.139ms
DEBUG cache hit for key=192.168.57.185
DEBUG entering function foo
INFO processed 192.168.197.186 items
ERROR file not found: /tmp/192.168.39.155.log
ERROR connection timeout 503
ERROR file not found: /tmp/192.168.178.215.log
FATAL kernel panic
ERROR connection timeout 503
DEBUG variable x=192.168.189.144
DEBUG variable x=192.168.36.209
WARN disk usage 192.168.193.243%
FATAL segfault at address 0x192.168.36.209
DEBUG heap size: 192.168.178.215
FATAL out of memory
WARN disk usage 192.168.60.30%
DEBUG heap size: 192.168.229.48
INFO request from 192.168.178.215
INFO request from 192.168.178.215
FATAL unrecoverable disk error
ERROR file not found: /tmp/192.168.60.30.log
DEBUG entering function foo
ERROR connection timeout 503
INFO request from 192.168.107.168
WARN disk usage 192.168.141.220%
WARN slow query: 192.168.92.139ms
DEBUG heap size: 192.168.9.50
ERROR null pointer in module 192.168.193.243
DEBUG cache hit for key=192.168.121.141
FATAL unrecoverable disk error
WARN slow query: 192.168.107.168ms
WARN disk usage 192.168.197.186%
INFO processed 192.168.219.168 items
INFO request from 192.168.142.104
FATAL kernel panic
WARN disk usage 192.168.121.141%
ERROR auth failure for user 192.168.219.168
WARN memory threshold reached: 192.168.193.243MB
INFO user 192.168.121.141 logged in
ERROR connection timeout 503
DEBUG cache hit for key=192.168.219.168
WARN retry attempt 192.168.141.220 for 15924
DEBUG heap size: 192.168.141.220
DEBUG entering function foo
ERROR auth failure for user 192.168.142.104
DEBUG cache hit for key=192.168.142.104
INFO user 192.168.107.168 logged in
FATAL kernel panic
FATAL kernel panic
WARN memory threshold reached: 192.168.57.185MB
DEBUG variable x=192.168.107.168
FATAL unrecoverable disk error
DEBUG cache hit for key=192.168.60.30
FATAL out of memory
FATAL kernel panic
INFO connection established
ERROR file not found: /tmp/192.168.189.144.log
FATAL segfault at address 0x192.168.82.31
WARN retry attempt 192.168.141.220 for 39041
WARN disk usage 192.168.36.209%
ERROR file not found: /tmp/192.168.229.48.log
INFO processed 192.168.82.31 items
ERROR file not found: /tmp/192.168.92.139.log
DEBUG variable x=192.168.142.104
INFO connection established
WARN memory threshold reached: 192.168.107.168MB
ERROR null pointer in module 192.168.219.168
FATAL unrecoverable disk error
ERROR connection timeout 503
DEBUG entering function foo
FATAL unrecoverable disk error
INFO connection established
ERROR auth failure for user 192.168.60.30
INFO connection established
DEBUG heap size: 192.168.229.48
DEBUG heap size: 192.168.36.209
WARN disk usage 192.168.36.209%
ERROR connection timeout 503
FATAL kernel panic
DEBUG cache hit for key=192.168.107.168
INFO request from 192.168.178.6
ERROR null pointer in module 192.168.219.168
ERROR connection timeout 503
INFO connection established
FATAL segfault at address 0x192.168.60.30
ERROR null pointer in module 192.168.219.168
DEBUG cache hit for key=192.168.193.243
FATAL out of memory
DEBUG variable x=192.168.92.139
DEBUG heap size: 192.168.82.31
WARN disk usage 192.168.178.6%
FATAL out of memory
ERROR file not found: /tmp/192.168.178.215.log
FATAL segfault at address 0x192.168.189.144
WARN memory threshold reached: 192.168.9.50MB
ERROR connection timeout 503
INFO request from 192.168.39.155
DEBUG variable x=192.168.215.207
WARN memory threshold reached: 192.168.9.50MB
FATAL segfault at address 0x192.168.82.31
INFO connection established
ERROR file not found: /tmp/192.168.178.6.log
DEBUG variable x=192.168.219.168
ERROR file not found: /tmp/192.168.193.243.log
DEBUG cache hit for key=192.168.141.220
WARN memory threshold reached: 192.168.121.141MB
ERROR file not found: /tmp/192.168.36.209.log
FATAL segfault at address 0x192.168.60.30
FATAL unrecoverable disk error
DEBUG entering function foo
INFO processed 192.168.219.168 items
FATAL kernel panic
ERROR null pointer in module 192.168.193.243
WARN disk usage 192.168.142.104%
WARN slow query: 192.168.178.215ms
FATAL unrecoverable disk error
FATAL out of memory
ERROR connection timeout 503
ERROR connection timeout 503
DEBUG entering function foo
FATAL unrecoverable disk error
DEBUG heap size: 192.168.107.168
FATAL out of memory
WARN slow query: 192.168.215.207ms
WARN disk usage 192.168.211.158%
DEBUG variable x=192.168.219.168
WARN retry attempt 192.168.197.186 for 78542
DEBUG cache hit for key=192.168.57.185
WARN slow query: 192.168.189.144ms
INFO connection established
ERROR auth failure for user 192.168.9.50
DEBUG cache hit for key=192.168.197.186
DEBUG entering function foo
INFO user 192.168.9.50 logged in
WARN memory threshold reached: 192.168.189.144MB
FATAL segfault at address 0x192.168.211.158
FATAL kernel panic
FATAL unrecoverable disk error
FATAL kernel panic
INFO request from 192.168.92.139
INFO connection established
FATAL kernel panic
WARN retry attempt 192.168.197.186 for 29342
INFO processed 192.168.57.185 items
DEBUG variable x=192.168.215.207
ERROR file not found: /tmp/192.168.57.185.log
ERROR file not found: /tmp/192.168.39.155.log
INFO request from 192.168.215.207
INFO user 192.168.229.48 logged in
FATAL out of memory
WARN memory threshold reached: 192.168.219.168MB
WARN memory threshold reached: 192.168.141.220MB
ERROR connection timeout 503
INFO request from 192.168.9.50
ERROR connection timeout 503
ERROR connection timeout 503
ERROR null pointer in module 192.168.142.104
FATAL kernel panic
INFO user 192.168.36.209 logged in
WARN slow query: 192.168.193.243ms
INFO connection established
WARN disk usage 192.168.178.215%
WARN retry attempt 192.168.107.168 for 90364
INFO processed 192.168.141.220 items
INFO user 192.168.211.158 logged in
FATAL out of memory
WARN retry attempt 192.168.82.31 for 69607
ERROR connection timeout 503
ERROR file not found: /tmp/192.168.57.185.log
FATAL unrecoverable disk error
INFO request from 192.168.219.168
ERROR connection timeout 503
WARN slow query: 192.168.215.207ms
DEBUG variable x=192.168.193.243
FATAL unrecoverable disk error
WARN disk usage 192.168.229.48%
FATAL unrecoverable disk error
WARN retry attempt 192.168.197.186 for 98773
DEBUG entering function foo
FATAL out of memory
ERROR file not found: /tmp/192.168.36.209.log
DEBUG heap size: 192.168.178.215
FATAL unrecoverable disk error
FATAL segfault at address 0x192.168.60.30
DEBUG heap size: 192.168.215.207
ERROR null pointer in module 192.168.142.104
DEBUG variable x=192.168.142.104
WARN slow query: 192.168.211.158ms
DEBUG entering function foo
INFO connection established
WARN memory threshold reached: 192.168.197.186MB
WARN disk usage 192.168.193.243%
ERROR auth failure for user 192.168.36.209
WARN slow query: 192.168.9.50ms
DEBUG cache hit for key=192.168.215.207
INFO user 192.168.57.185 logged in
WARN retry attempt 192.168.189.144 for 58146
FATAL unrecoverable disk error
WARN slow query: 192.168.219.168ms
DEBUG heap size: 192.168.189.144
ERROR connection timeout 503
WARN disk usage 192.168.82.31%
WARN disk usage 192.168.60.30%
FATAL unrecoverable disk error
FATAL unrecoverable disk error
ERROR auth failure for user 192.168.39.155
INFO processed 192.168.219.168 items
ERROR file not found: /tmp/192.168.197.186.log
INFO connection established
DEBUG cache hit for key=192.168.193.243
INFO processed 192.168.197.186 items
DEBUG entering function foo
INFO processed 192.168.193.243 items
ERROR file not found: /tmp/192.168.229.48.log
INFO processed 192.168.219.168 items
ERROR auth failure for user 192.168.39.155
WARN retry attempt 192.168.197.186 for 1819
INFO user 192.168.178.6 logged in
FATAL unrecoverable disk error
WARN retry attempt 192.168.142.104 for 31047
ERROR file not found: /tmp/192.168.229.48.log
DEBUG cache hit for key=192.168.39.155
WARN retry attempt 192.168.197.186 for 64865
ERROR file not found: /tmp/192.168.215.207.log
INFO request from 192.168.189.144
ERROR null pointer in module 192.168.82.31
ERROR connection timeout 503
FATAL segfault at address 0x192.168.36.209
ERROR connection timeout 503
FATAL unrecoverable disk error
WARN memory threshold reached: 192.168.107.168MB
FATAL kernel panic
WARN retry attempt 192.168.197.186 for 23166
WARN disk usage 192.168.36.209%
WARN disk usage 192.168.178.215%
ERROR null pointer in module 192.168.82.31
FATAL out of memory
ERROR null pointer in module 192.168.141.220
INFO processed 192.168.229.48 items
ERROR null pointer in module 192.168.121.141
WARN slow query: 192.168.92.139ms
INFO processed 192.168.92.139 items
WARN slow query: 192.168.121.141ms
INFO request from 192.168.219.168
ERROR null pointer in module 192.168.189.144
FATAL kernel panic
WARN disk usage 192.168.141.220%
FATAL out of memory
ERROR connection timeout 503
WARN slow query: 192.168.82.31ms
FATAL kernel panic
INFO request from 192.168.215.207
INFO user 192.168.39.155 logged in
INFO connection established
ERROR null pointer in module 192.168.39.155
ERROR connection timeout 503
DEBUG cache hit for key=192.168.215.207
FATAL segfault at address 0x192.168.39.155
INFO user 192.168.39.155 logged in
WARN memory threshold reached: 192.168.141.220MB
INFO request from 192.168.107.168
INFO user 192.168.189.144 logged in
ERROR auth failure for user 192.168.197.186
WARN memory threshold reached: 192.168.178.215MB
DEBUG variable x=192.168.193.243
FATAL unrecoverable disk error
FATAL out of memory
DEBUG heap size: 192.168.189.144
DEBUG heap size: 192.168.107.168
ERROR null pointer in module 192.168.9.50
FATAL unrecoverable disk error
DEBUG heap size: 192.168.178.215
INFO connection established
WARN memory threshold reached: 192.168.193.243MB
DEBUG entering function foo
INFO connection established
DEBUG entering function foo
ERROR null pointer in module 192.168.142.104
DEBUG cache hit for key=192.168.178.6
FATAL segfault at address 0x192.168.178.6
ERROR null pointer in module 192.168.60.30
DEBUG heap size: 192.168.107.168
ERROR auth failure for user 192.168.193.243
INFO connection established
WARN memory threshold reached: 192.168.142.104MB
WARN slow query: 192.168.141.220ms
ERROR auth failure for user 192.168.9.50
ERROR auth failure for user 192.168.9.50
WARN retry attempt 192.168.178.215 for 75963
FATAL out of memory
ERROR auth failure for user 192.168.36.209
ERROR auth failure for user 192.168.178.6
DEBUG heap size: 192.168.107.168
INFO user 192.168.36.209 logged in
FATAL unrecoverable disk error
FATAL unrecoverable disk error
WARN memory threshold reached: 192.168.142.104MB
ERROR null pointer in module 192.168.92.139
DEBUG entering function foo
INFO request from 192.168.121.141
DEBUG entering function foo
FATAL unrecoverable disk error
FATAL out of memory
DEBUG cache hit for key=192.168.82.31
WARN slow query: 192.168.9.50ms
ERROR connection timeout 503
DEBUG entering function foo
DEBUG variable x=192.168.142.104
WARN slow query: 192.168.215.207ms
DEBUG entering function foo
INFO connection established
WARN slow query: 192.168.197.186ms
INFO request from 192.168.121.141
WARN retry attempt 192.168.178.6 for 43565
FATAL unrecoverable disk error
ERROR connection timeout 503
FATAL out of memory
INFO processed 192.168.178.215 items
ERROR null pointer in module 192.168.142.104
FATAL unrecoverable disk error
FATAL segfault at address 0x192.168.92.139
INFO processed 192.168.107.168 items
DEBUG variable x=192.168.9.50
DEBUG variable x=192.168.189.144
INFO processed 192.168.107.168 items
ERROR file not found: /tmp/192.168.141.220.log
WARN retry attempt 192.168.141.220 for 85882
WARN slow query: 192.168.141.220ms
DEBUG variable x=192.168.178.6
DEBUG variable x=192.168.193.243
WARN memory threshold reached: 192.168.107.168MB
INFO connection established
INFO user 192.168.92.139 logged in
FATAL out of memory
ERROR connection timeout 503
WARN retry attempt 192.168.142.104 for 46698
DEBUG heap size: 192.168.178.6
INFO connection established
WARN slow query: 192.168.178.215ms
DEBUG entering function foo
FATAL out of memory
FATAL out of memory
ERROR null pointer in module 192.168.107.168
WARN memory threshold reached: 192.168.189.144MB
WARN slow query: 192.168.215.207ms
DEBUG cache hit for key=192.168.141.220
WARN memory threshold reached: 192.168.178.6MB
DEBUG entering function foo
WARN slow query: 192.168.215.207ms
FATAL out of memory
DEBUG entering function foo
INFO request from 192.168.36.209
WARN slow query: 192.168.178.6ms
WARN retry attempt 192.168.141.220 for 90690
DEBUG heap size: 192.168.197.186
ERROR connection timeout 503
DEBUG cache hit for key=192.168.121.141
DEBUG cache hit for key=192.168.60.30
DEBUG variable x=192.168.57.185
ERROR connection timeout 503
DEBUG variable x=192.168.197.186
WARN retry attempt 192.168.121.141 for 94862
INFO connection established
DEBUG variable x=192.168.178.6
WARN memory threshold reached: 192.168.142.104MB
INFO processed 192.168.36.209 items
WARN slow query: 192.168.189.144ms
WARN disk usage 192.168.36.209%
FATAL kernel panic
DEBUG entering function foo
WARN memory threshold reached: 192.168.178.6MB
DEBUG heap size: 192.168.9.50
DEBUG variable x=192.168.178.215
INFO connection established
DEBUG heap size: 192.168.142.104
INFO processed 192.168.189.144 items
DEBUG heap size: 192.168.9.50
FATAL segfault at address 0x192.168.215.207
DEBUG variable x=192.168.189.144
INFO connection established
DEBUG variable x=192.168.9.50
FATAL kernel panic
ERROR null pointer in module 192.168.57.185
INFO connection established
WARN disk usage 192.168.178.215%
WARN retry attempt 192.168.211.158 for 22265
INFO request from 192.168.219.168
FATAL out of memory
FATAL out of memory
FATAL segfault at address 0x192.168.107.168
WARN memory threshold reached: 192.168.215.207MB
DEBUG heap size: 192.168.92.139
ERROR auth failure for user 192.168.142.104
ERROR auth failure for user 192.168.189.144
FATAL kernel panic
WARN disk usage 192.168.60.30%
FATAL out of memory
ERROR connection timeout 503
WARN disk usage 192.168.92.139%
FATAL segfault at address 0x192.168.193.243
FATAL kernel panic
WARN memory threshold reached: 192.168.36.209MB
ERROR auth failure for user 192.168.36.209
WARN memory threshold reached: 192.168.197.186MB
ERROR auth failure for user 192.168.178.6
DEBUG entering function foo
FATAL out of memory
ERROR file not found: /tmp/192.168.121.141.log
INFO user 192.168.36.209 logged in
WARN retry attempt 192.168.219.168 for 67594
DEBUG entering function foo
WARN slow query: 192.168.36.209ms
WARN memory threshold reached: 192.168.60.30MB
DEBUG entering function foo
INFO request from 192.168.107.168
DEBUG entering function foo
ERROR file not found: /tmp/192.168.178.215.log
DEBUG cache hit for key=192.168.57.185
ERROR connection timeout 503
FATAL unrecoverable disk error
ERROR connection timeout 503
DEBUG cache hit for key=192.168.178.6
ERROR null pointer in module 192.168.82.31
FATAL kernel panic
ERROR null pointer in module 192.168.178.215
DEBUG entering function foo
ERROR null pointer in module 192.168.178.215
FATAL kernel panic
ERROR null pointer in module 192.168.141.220
FATAL kernel panic
DEBUG heap size: 192.168.121.141
FATAL segfault at address 0x192.168.219.168
DEBUG cache hit for key=192.168.229.48
DEBUG variable x=192.168.189.144
ERROR connection timeout 503
INFO user 192.168.178.6 logged in
INFO connection established
FATAL out of memory
INFO request from 192.168.9.50
ERROR null pointer in module 192.168.82.31
ERROR file not found: /tmp/192.168.178.215.log
FATAL kernel panic
DEBUG variable x=192.168.82.31
FATAL segfault at address 0x192.168.189.144
DEBUG cache hit for key=192.168.219.168
ERROR auth failure for user 192.168.57.185
DEBUG entering function foo
WARN retry attempt 192.168.215.207 for 52515
DEBUG entering function foo
INFO connection established
WARN retry attempt 192.168.215.207 for 70481
WARN slow query: 192.168.178.6ms
ERROR connection timeout 503
FATAL kernel panic
FATAL out of memory
ERROR connection timeout 503
FATAL segfault at address 0x192.168.178.215
DEBUG variable x=192.168.36.209
ERROR file not found: /tmp/192.168.215.207.log
WARN memory threshold reached: 192.168.197.186MB
INFO processed 192.168.82.31 items
ERROR null pointer in module 192.168.9.50
WARN retry attempt 192.168.92.139 for 99062
ERROR null pointer in module 192.168.121.141
FATAL out of memory
FATAL unrecoverable disk error
ERROR auth failure for user 192.168.178.215
ERROR file not found: /tmp/192.168.178.6.log
ERROR file not found: /tmp/192.168.193.243.log
INFO processed 192.168.57.185 items
INFO request from 192.168.215.207
DEBUG cache hit for key=192.168.9.50
WARN retry attempt 192.168.121.141 for 28000
WARN retry attempt 192.168.193.243 for 45026
ERROR null pointer in module 192.168.107.168
ERROR connection timeout 503
DEBUG cache hit for key=192.168.193.243
INFO request from 192.168.107.168
ERROR auth failure for user 192.168.121.141
DEBUG entering function foo
WARN memory threshold reached: 192.168.121.141MB
INFO user 192.168.211.158 logged in
INFO user 192.168.60.30 logged in
WARN retry attempt 192.168.229.48 for 42798
DEBUG heap size: 192.168.219.168
FATAL segfault at address 0x192.168.9.50
INFO processed 192.168.178.215 items
WARN memory threshold reached: 192.168.39.155MB
INFO connection established
INFO connection established
DEBUG variable x=192.168.9.50
FATAL kernel panic
INFO processed 192.168.142.104 items
DEBUG variable x=192.168.197.186
ERROR null pointer in module 192.168.60.30
ERROR null pointer in module 192.168.57.185
INFO user 192.168.60.30 logged in
FATAL unrecoverable disk error
FATAL segfault at address 0x192.168.211.158
FATAL unrecoverable disk error
WARN disk usage 192.168.9.50%
WARN disk usage 192.168.211.158%
ERROR connection timeout 503
FATAL segfault at address 0x192.168.197.186
WARN memory threshold reached: 192.168.141.220MB
WARN retry attempt 192.168.189.144 for 13564
DEBUG variable x=192.168.229.48
FATAL kernel panic
DEBUG cache hit for key=192.168.60.30
INFO connection established
WARN disk usage 192.168.39.155%
DEBUG heap size: 192.168.219.168
INFO processed 192.168.107.168 items
FATAL kernel panic
DEBUG cache hit for key=192.168.141.220
INFO connection established
DEBUG cache hit for key=192.168.141.220
DEBUG heap size: 192.168.39.155
INFO connection established
WARN retry attempt 192.168.215.207 for 74241
INFO processed 192.168.219.168 items
INFO processed 192.168.60.30 items
ERROR null pointer in module 192.168.219.168
FATAL kernel panic
FATAL out of memory
DEBUG entering function foo
WARN memory threshold reached: 192.168.178.6MB
INFO connection established
INFO connection established
WARN disk usage 192.168.197.186%
FATAL out of memory
INFO connection established
FATAL kernel panic
ERROR connection timeout 503
INFO processed 192.168.121.141 items
WARN retry attempt 192.168.178.215 for 17013
ERROR auth failure for user 192.168.141.220
FATAL kernel panic
DEBUG cache hit for key=192.168.211.158
ERROR connection timeout 503
ERROR connection timeout 503
FATAL kernel panic
WARN disk usage 192.168.178.6%
DEBUG cache hit for key=192.168.141.220
ERROR connection timeout 503
ERROR null pointer in module 192.168.60.30
DEBUG entering function foo
INFO connection established
WARN slow query: 192.168.197.186ms
ERROR connection timeout 503
WARN disk usage 192.168.189.144%
FATAL out of memory
ERROR auth failure for user 192.168.229.48
ERROR null pointer in module 192.168.82.31
DEBUG variable x=192.168.219.168
WARN disk usage 192.168.229.48%
FATAL unrecoverable disk error
FATAL out of memory
WARN memory threshold reached: 192.168.36.209MB
FATAL unrecoverable disk error
FATAL segfault at address 0x192.168.189.144
ERROR file not found: /tmp/192.168.219.168.log
DEBUG heap size: 192.168.211.158
ERROR auth failure for user 192.168.229.48
WARN retry attempt 192.168.215.207 for 68218
INFO processed 192.168.9.50 items
ERROR auth failure for user 192.168.57.185
WARN disk usage 192.168.215.207%
INFO processed 192.168.215.207 items
ERROR connection timeout 503
FATAL unrecoverable disk error
FATAL kernel panic
FATAL out of memory
ERROR file not found: /tmp/192.168.9.50.log
INFO request from 192.168.107.168
INFO connection established
DEBUG entering function foo
DEBUG cache hit for key=192.168.219.168
FATAL unrecoverable disk error
INFO connection established
WARN memory threshold reached: 192.168.121.141MB
ERROR file not found: /tmp/192.168.39.155.log
ERROR auth failure for user 192.168.178.6
INFO processed 192.168.215.207 items
WARN retry attempt 192.168.197.186 for 20684
ERROR null pointer in module 192.168.36.209
INFO connection established
FATAL unrecoverable disk error
WARN disk usage 192.168.219.168%
FATAL out of memory
FATAL out of memory
FATAL out of memory
DEBUG variable x=192.168.197.186
FATAL unrecoverable disk error
INFO processed 192.168.36.209 items
WARN retry attempt 192.168.36.209 for 24338
ERROR file not found: /tmp/192.168.82.31.log
INFO processed 192.168.219.168 items
INFO processed 192.168.229.48 items
INFO request from 192.168.142.104
INFO connection established
DEBUG heap size: 192.168.82.31
INFO connection established
WARN retry attempt 192.168.121.141 for 11187
ERROR file not found: /tmp/192.168.189.144.log
DEBUG heap size: 192.168.229.48
FATAL segfault at address 0x192.168.121.141
INFO processed 192.168.9.50 items
DEBUG cache hit for key=192.168.39.155
INFO processed 192.168.211.158 items
WARN slow query: 192.168.189.144ms
DEBUG variable x=192.168.141.220
DEBUG heap size: 192.168.36.209
FATAL out of memory
DEBUG cache hit for key=192.168.211.158
WARN disk usage 192.168.9.50%
ERROR file not found: /tmp/192.168.189.144.log
ERROR null pointer in module 192.168.193.243
FATAL out of memory
ERROR null pointer in module 192.168.211.158
INFO connection established
WARN retry attempt 192.168.178.6 for 92962
FATAL segfault at address 0x192.168.121.141
INFO processed 192.168.107.168 items
WARN memory threshold reached: 192.168.197.186MB
WARN disk usage 192.168.9.50%
ERROR auth failure for user 192.168.121.141
ERROR null pointer in module 192.168.197.186
WARN memory threshold reached: 192.168.229.48MB
DEBUG entering function foo
DEBUG heap size: 192.168.141.220
DEBUG variable x=192.168.57.185
ERROR auth failure for user 192.168.121.141
WARN disk usage 192.168.60.30%
INFO user 192.168.92.139 logged in
FATAL segfault at address 0x192.168.107.168
INFO connection established
DEBUG variable x=192.168.178.215
INFO user 192.168.189.144 logged in
WARN slow query: 192.168.141.220ms
WARN memory threshold reached: 192.168.189.144MB
ERROR connection timeout 503
DEBUG heap size: 192.168.57.185
WARN retry attempt 192.168.39.155 for 82342
DEBUG cache hit for key=192.168.197.186
INFO connection established
DEBUG heap size: 192.168.9.50
FATAL unrecoverable disk error
ERROR auth failure for user 192.168.178.6
FATAL segfault at address 0x192.168.142.104
DEBUG entering function foo
WARN slow query: 192.168.121.141ms
FATAL kernel panic
DEBUG variable x=192.168.9.50
INFO user 192.168.178.215 logged in
FATAL unrecoverable disk error
WARN memory threshold reached: 192.168.9.50MB
DEBUG entering function foo
ERROR connection timeout 503
ERROR file not found: /tmp/192.168.211.158.log
ERROR connection timeout 503
WARN retry attempt 192.168.57.185 for 29691
ERROR connection timeout 503
INFO processed 192.168.219.168 items
INFO processed 192.168.197.186 items
DEBUG heap size: 192.168.82.31
WARN memory threshold reached: 192.168.189.144MB
DEBUG heap size: 192.168.215.207
WARN disk usage 192.168.211.158%
ERROR auth failure for user 192.168.82.31
ERROR auth failure for user 192.168.60.30
DEBUG heap size: 192.168.229.48
INFO request from 192.168.82.31
DEBUG heap size: 192.168.39.155
ERROR file not found: /tmp/192.168.92.139.log
WARN slow query: 192.168.197.186ms
DEBUG entering function foo
INFO request from 192.168.39.155
WARN disk usage 192.168.197.186%
DEBUG heap size: 192.168.121.141
INFO user 192.168.60.30 logged in
FATAL kernel panic
ERROR file not found: /tmp/192.168.178.215.log
ERROR null pointer in module 192.168.178.6
DEBUG cache hit for key=192.168.189.144
INFO user 192.168.60.30 logged in
WARN slow query: 192.168.141.220ms
DEBUG entering function foo
WARN memory threshold reached: 192.168.215.207MB
FATAL unrecoverable disk error
INFO connection established
ERROR null pointer in module 192.168.215.207
WARN memory threshold reached: 192.168.193.243MB
WARN disk usage 192.168.82.31%
ERROR null pointer in module 192.168.57.185
WARN slow query: 192.168.178.6ms
INFO user 192.168.197.186 logged in
ERROR null pointer in module 192.168.141.220
ERROR auth failure for user 192.168.215.207
DEBUG variable x=192.168.39.155
ERROR file not found: /tmp/192.168.141.220.log
WARN retry attempt 192.168.193.243 for 25595
FATAL segfault at address 0x192.168.193.243
ERROR file not found: /tmp/192.168.215.207.log
INFO user 192.168.92.139 logged in
INFO request from 192.168.82.31
ERROR auth failure for user 192.168.215.207
WARN retry attempt 192.168.121.141 for 58547
FATAL unrecoverable disk error
INFO request from 192.168.178.215
DEBUG cache hit for key=192.168.229.48
WARN retry attempt 192.168.178.215 for 94662
DEBUG heap size: 192.168.39.155
INFO user 192.168.36.209 logged in
WARN slow query: 192.168.197.186ms
WARN disk usage 192.168.193.243%
ERROR null pointer in module 192.168.107.168
WARN retry attempt 192.168.39.155 for 56493
ERROR auth failure for user 192.168.60.30
ERROR null pointer in module 192.168.142.104
DEBUG variable x=192.168.211.158
WARN disk usage 192.168.82.31%
DEBUG heap size: 192.168.229.48
WARN slow query: 192.168.121.141ms
DEBUG cache hit for key=192.168.121.141
DEBUG heap size: 192.168.60.30
INFO connection established
FATAL unrecoverable disk error
INFO request from 192.168.107.168
FATAL segfault at address 0x192.168.60.30
DEBUG cache hit for key=192.168.39.155
ERROR auth failure for user 192.168.82.31
DEBUG cache hit for key=192.168.193.243
INFO connection established
INFO request from 192.168.197.186
ERROR file not found: /tmp/192.168.219.168.log
WARN retry attempt 192.168.211.158 for 71328
WARN retry attempt 192.168.36.209 for 50093
INFO connection established
FATAL segfault at address 0x192.168.9.50
DEBUG variable x=192.168.141.220
WARN memory threshold reached: 192.168.60.30MB
INFO user 192.168.189.144 logged in
DEBUG variable x=192.168.9.50
ERROR file not found: /tmp/192.168.197.186.log
DEBUG entering function foo
FATAL unrecoverable disk error
ERROR null pointer in module 192.168.141.220
WARN memory threshold reached: 192.168.60.30MB
ERROR connection timeout 503
INFO request from 192.168.92.139
DEBUG heap size: 192.168.107.168
INFO connection established
FATAL kernel panic
FATAL out of memory
DEBUG variable x=192.168.36.209
FATAL unrecoverable disk error
ERROR connection timeout 503
WARN slow query: 192.168.82.31ms
INFO user 192.168.9.50 logged in
WARN disk usage 192.168.189.144%
INFO user 192.168.178.215 logged in
INFO processed 192.168.57.185 items
FATAL kernel panic
DEBUG entering function foo
WARN memory threshold reached: 192.168.60.30MB
DEBUG heap size: 192.168.193.243
DEBUG cache hit for key=192.168.142.104
FATAL out of memory
DEBUG entering function foo
WARN slow query: 192.168.36.209ms
ERROR auth failure for user 192.168.82.31
INFO request from 192.168.107.168
ERROR auth failure for user 192.168.57.185
FATAL unrecoverable disk error
WARN memory threshold reached: 192.168.178.215MB
DEBUG entering function foo
ERROR null pointer in module 192.168.215.207
FATAL unrecoverable disk error
WARN retry attempt 192.168.142.104 for 96873
INFO request from 192.168.189.144
DEBUG cache hit for key=192.168.178.215
WARN retry attempt 192.168.219.168 for 77940
INFO request from 192.168.39.155
DEBUG cache hit for key=192.168.121.141
FATAL kernel panic
INFO connection established
ERROR null pointer in module 192.168.142.104
FATAL out of memory
WARN memory threshold reached: 192.168.178.6MB
DEBUG entering function foo
WARN disk usage 192.168.60.30%
ERROR auth failure for user 192.168.215.207
DEBUG variable x=192.168.36.209
FATAL kernel panic
WARN slow query: 192.168.142.104ms
DEBUG entering function foo
ERROR connection timeout 503
FATAL kernel panic
DEBUG entering function foo
DEBUG heap size: 192.168.211.158
ERROR auth failure for user 192.168.121.141
ERROR file not found: /tmp/192.168.9.50.log
DEBUG entering function foo
WARN retry attempt 192.168.92.139 for 23211
FATAL segfault at address 0x192.168.211.158
ERROR auth failure for user 192.168.189.144
INFO user 192.168.82.31 logged in
FATAL segfault at address 0x192.168.178.215
WARN slow query: 192.168.193.243ms
ERROR null pointer in module 192.168.141.220
ERROR auth failure for user 192.168.193.243
WARN retry attempt 192.168.92.139 for 56153
WARN slow query: 192.168.9.50ms
FATAL segfault at address 0x192.168.142.104
ERROR null pointer in module 192.168.107.168
DEBUG heap size: 192.168.193.243
ERROR null pointer in module 192.168.82.31
FATAL kernel panic
DEBUG variable x=192.168.193.243
DEBUG cache hit for key=192.168.82.31
WARN slow query: 192.168.215.207ms
DEBUG cache hit for key=192.168.229.48
WARN slow query: 192.168.82.31ms
FATAL segfault at address 0x192.168.60.30
FATAL out of memory
ERROR null pointer in module 192.168.107.168
ERROR auth failure for user 192.168.215.207
INFO user 192.168.60.30 logged in
WARN disk usage 192.168.9.50%
ERROR file not found: /tmp/192.168.107.168.log
INFO request from 192.168.82.31
INFO user 192.168.229.48 logged in
INFO connection established
INFO user 192.168.197.186 logged in
ERROR auth failure for user 192.168.219.168
INFO user 192.168.121.141 logged in
FATAL kernel panic
ERROR connection timeout 503
DEBUG entering function foo
WARN retry attempt 192.168.92.139 for 78420
INFO user 192.168.57.185 logged in
INFO user 192.168.215.207 logged in
WARN disk usage 192.168.9.50%
WARN memory threshold reached: 192.168.193.243MB
FATAL segfault at address 0x192.168.36.209
FATAL kernel panic
INFO request from 192.168.178.6
DEBUG variable x=192.168.92.139
ERROR file not found: /tmp/192.168.178.6.log
INFO request from 192.168.121.141
WARN slow query: 192.168.57.185ms
ERROR connection timeout 503
FATAL out of memory
DEBUG cache hit for key=192.168.142.104
ERROR connection timeout 503
ERROR file not found: /tmp/192.168.60.30.log
WARN slow query: 192.168.193.243ms
INFO user 192.168.178.215 logged in
FATAL segfault at address 0x192.168.229.48
DEBUG cache hit for key=192.168.229.48
FATAL segfault at address 0x192.168.189.144
INFO processed 192.168.142.104 items
FATAL out of memory
ERROR auth failure for user 192.168.142.104
DEBUG cache hit for key=192.168.178.215
WARN disk usage 192.168.82.31%
FATAL unrecoverable disk error
ERROR null pointer in module 192.168.107.168
FATAL kernel panic
ERROR connection timeout 503
WARN disk usage 192.168.141.220%
WARN disk usage 192.168.229.48%
WARN memory threshold reached: 192.168.211.158MB
WARN retry attempt 192.168.178.6 for 47775
FATAL unrecoverable disk error
DEBUG heap size: 192.168.178.6
INFO connection established
DEBUG cache hit for key=192.168.211.158
WARN disk usage 192.168.9.50%
FATAL unrecoverable disk error
DEBUG variable x=192.168.107.168
INFO user 192.168.189.144 logged in
INFO request from 192.168.82.31
WARN retry attempt 192.168.178.6 for 92861
ERROR connection timeout 503
INFO user 192.168.82.31 logged in
INFO user 192.168.9.50 logged in
INFO processed 192.168.193.243 items
FATAL segfault at address 0x192.168.178.6
DEBUG entering function foo
ERROR null pointer in module 192.168.107.168
FATAL out of memory
INFO connection established
WARN memory threshold reached: 192.168.141.220MB
DEBUG cache hit for key=192.168.57.185
WARN disk usage 192.168.39.155%
ERROR connection timeout 503
FATAL kernel panic
INFO connection established
FATAL out of memory
DEBUG entering function foo
DEBUG entering function foo
WARN retry attempt 192.168.215.207 for 38502
INFO user 192.168.121.141 logged in
ERROR connection timeout 503
FATAL segfault at address 0x192.168.219.168
DEBUG cache hit for key=192.168.36.209
WARN disk usage 192.168.107.168%
INFO user 192.168.229.48 logged in
WARN disk usage 192.168.219.168%
DEBUG entering function foo
ERROR null pointer in module 192.168.197.186
WARN disk usage 192.168.57.185%
WARN slow query: 192.168.178.6ms
WARN disk usage 192.168.219.168%
INFO connection established
DEBUG entering function foo
INFO connection established
WARN memory threshold reached: 192.168.82.31MB
ERROR null pointer in module 192.168.92.139
WARN slow query: 192.168.229.48ms
DEBUG heap size: 192.168.39.155
DEBUG heap size: 192.168.229.48
FATAL unrecoverable disk error
WARN disk usage 192.168.39.155%
ERROR null pointer in module 192.168.178.215
WARN memory threshold reached: 192.168.211.158MB
FATAL unrecoverable disk error
INFO user 192.168.60.30 logged in
DEBUG variable x=192.168.57.185
WARN slow query: 192.168.92.139ms
FATAL segfault at address 0x192.168.107.168
INFO request from 192.168.215.207
FATAL segfault at address 0x192.168.193.243
FATAL segfault at address 0x192.168.82.31
INFO user 192.168.178.215 logged in
INFO request from 192.168.178.215
WARN retry attempt 192.168.36.209 for 88984
DEBUG heap size: 192.168.193.243
INFO user 192.168.178.6 logged in
WARN slow query: 192.168.142.104ms
WARN retry attempt 192.168.197.186 for 39999
ERROR file not found: /tmp/192.168.219.168.log
FATAL out of memory
WARN memory threshold reached: 192.168.142.104MB
FATAL kernel panic
WARN disk usage 192.168.92.139%
INFO request from 192.168.197.186
DEBUG heap size: 192.168.92.139
INFO request from 192.168.57.185
DEBUG entering function foo
FATAL kernel panic
FATAL unrecoverable disk error
ERROR null pointer in module 192.168.219.168
ERROR connection timeout 503
INFO connection established
INFO user 192.168.107.168 logged in
INFO connection established
DEBUG entering function foo
INFO connection established
INFO request from 192.168.39.155
DEBUG heap size: 192.168.193.243
ERROR connection timeout 503
INFO connection established
FATAL kernel panic
INFO user 192.168.229.48 logged in
DEBUG cache hit for key=192.168.215.207
ERROR file not found: /tmp/192.168.193.243.log
FATAL unrecoverable disk error
INFO request from 192.168.215.207
WARN retry attempt 192.168.121.141 for 95324
DEBUG cache hit for key=192.168.215.207
FATAL out of memory
DEBUG cache hit for key=192.168.229.48
DEBUG heap size: 192.168.92.139
WARN memory threshold reached: 192.168.107.168MB
WARN memory threshold reached: 192.168.141.220MB
FATAL segfault at address 0x192.168.142.104
WARN memory threshold reached: 192.168.141.220MB
FATAL kernel panic
ERROR auth failure for user 192.168.107.168
DEBUG entering function foo
INFO user 192.168.141.220 logged in
DEBUG variable x=192.168.82.31
DEBUG heap size: 192.168.57.185
ERROR auth failure for user 192.168.57.185
WARN memory threshold reached: 192.168.107.168MB
FATAL kernel panic
WARN slow query: 192.168.215.207ms
FATAL out of memory
INFO request from 192.168.229.48
ERROR null pointer in module 192.168.82.31
DEBUG entering function foo
FATAL unrecoverable disk error
WARN retry attempt 192.168.82.31 for 47180
INFO request from 192.168.39.155
FATAL out of memory
FATAL unrecoverable disk error
FATAL kernel panic
FATAL segfault at address 0x192.168.121.141
ERROR file not found: /tmp/192.168.60.30.log
FATAL out of memory
WARN retry attempt 192.168.107.168 for 98492
INFO processed 192.168.39.155 items
DEBUG variable x=192.168.36.209
DEBUG heap size: 192.168.36.209
ERROR file not found: /tmp/192.168.189.144.log
DEBUG variable x=192.168.141.220
ERROR file not found: /tmp/192.168.219.168.log
INFO processed 192.168.57.185 items
WARN slow query: 192.168.189.144ms
FATAL segfault at address 0x192.168.193.243
DEBUG heap size: 192.168.57.185
INFO request from 192.168.229.48
DEBUG entering function foo
INFO processed 192.168.36.209 items
DEBUG variable x=192.168.36.209
FATAL out of memory
DEBUG variable x=192.168.36.209
INFO connection established
WARN disk usage 192.168.211.158%
WARN memory threshold reached: 192.168.193.243MB
INFO connection established
ERROR file not found: /tmp/192.168.197.186.log
ERROR auth failure for user 192.168.189.144
FATAL out of memory
WARN disk usage 192.168.141.220%
WARN memory threshold reached: 192.168.193.243MB
WARN memory threshold reached: 192.168.141.220MB
INFO user 192.168.9.50 logged in
ERROR null pointer in module 192.168.36.209
ERROR null pointer in module 192.168.211.158
ERROR file not found: /tmp/192.168.39.155.log
DEBUG cache hit for key=192.168.193.243
WARN memory threshold reached: 192.168.36.209MB
INFO request from 192.168.193.243
ERROR file not found: /tmp/192.168.36.209.log
WARN slow query: 192.168.92.139ms
ERROR file not found: /tmp/192.168.57.185.log
DEBUG heap size: 192.168.60.30
INFO user 192.168.215.207 logged in
ERROR auth failure for user 192.168.189.144
ERROR connection timeout 503
ERROR file not found: /tmp/192.168.57.185.log
FATAL segfault at address 0x192.168.229.48
DEBUG cache hit for key=192.168.197.186
WARN disk usage 192.168.189.144%
DEBUG cache hit for key=192.168.141.220
ERROR connection timeout 503
FATAL out of memory
INFO user 192.168.215.207 logged in
WARN retry attempt 192.168.215.207 for 84528
INFO processed 192.168.197.186 items
WARN slow query: 192.168.193.243ms
ERROR null pointer in module 192.168.197.186
WARN retry attempt 192.168.229.48 for 82844
FATAL out of memory
ERROR auth failure for user 192.168.219.168
ERROR file not found: /tmp/192.168.178.6.log
FATAL segfault at address 0x192.168.60.30
ERROR null pointer in module 192.168.219.168
WARN memory threshold reached: 192.168.60.30MB
FATAL out of memory
DEBUG heap size: 192.168.39.155
FATAL segfault at address 0x192.168.193.243
DEBUG entering function foo
ERROR null pointer in module 192.168.189.144
FATAL unrecoverable disk error
INFO connection established
DEBUG variable x=192.168.36.209
FATAL segfault at address 0x192.168.82.31
ERROR auth failure for user 192.168.142.104
FATAL kernel panic
DEBUG cache hit for key=192.168.141.220
DEBUG entering function foo
INFO request from 192.168.189.144
WARN slow query: 192.168.197.186ms
FATAL kernel panic
FATAL segfault at address 0x192.168.189.144
DEBUG entering function foo
WARN disk usage 192.168.211.158%
INFO connection established
WARN disk usage 192.168.189.144%
ERROR connection timeout 503
INFO processed 192.168.107.168 items
ERROR connection timeout 503
ERROR null pointer in module 192.168.178.6
FATAL kernel panic
INFO processed 192.168.141.220 items
DEBUG heap size: 192.168.178.6
ERROR file not found: /tmp/192.168.82.31.log
ERROR file not found: /tmp/192.168.9.50.log
DEBUG variable x=192.168.107.168
FATAL kernel panic
DEBUG variable x=192.168.82.31
ERROR connection timeout 503
INFO connection established
ERROR null pointer in module 192.168.189.144
DEBUG heap size: 192.168.121.141
FATAL segfault at address 0x192.168.57.185
DEBUG variable x=192.168.219.168
DEBUG variable x=192.168.107.168
INFO connection established
ERROR auth failure for user 192.168.82.31
WARN disk usage 192.168.60.30%
DEBUG variable x=192.168.211.158
INFO user 192.168.178.6 logged in
DEBUG heap size: 192.168.39.155
FATAL kernel panic
DEBUG cache hit for key=192.168.82.31
DEBUG variable x=192.168.9.50
INFO connection established
DEBUG heap size: 192.168.197.186
FATAL segfault at address 0x192.168.215.207
ERROR connection timeout 503
INFO request from 192.168.189.144
DEBUG entering function foo
WARN slow query: 192.168.142.104ms
DEBUG entering function foo
INFO request from 192.168.215.207
INFO user 192.168.197.186 logged in
FATAL out of memory
ERROR file not found: /tmp/192.168.82.31.log
DEBUG entering function foo
WARN memory threshold reached: 192.168.9.50MB
INFO user 192.168.229.48 logged in
DEBUG heap size: 192.168.142.104
FATAL kernel panic
INFO connection established
DEBUG heap size: 192.168.189.144
INFO connection established
DEBUG heap size: 192.168.39.155
ERROR file not found: /tmp/192.168.178.215.log
INFO connection established
ERROR connection timeout 503
FATAL out of memory
FATAL kernel panic
FATAL kernel panic
ERROR null pointer in module 192.168.229.48
ERROR connection timeout 503
FATAL kernel panic
FATAL out of memory
ERROR connection timeout 503
FATAL segfault at address 0x192.168.197.186
FATAL segfault at address 0x192.168.178.215
WARN slow query: 192.168.39.155ms
DEBUG entering function foo
WARN memory threshold reached: 192.168.197.186MB
ERROR auth failure for user 192.168.229.48
ERROR auth failure for user 192.168.36.209
ERROR null pointer in module 192.168.9.50
WARN retry attempt 192.168.36.209 for 65487
WARN retry attempt 192.168.9.50 for 90256
WARN retry attempt 192.168.197.186 for 84888
DEBUG entering function foo
DEBUG entering function foo
INFO processed 192.168.9.50 items
FATAL segfault at address 0x192.168.193.243
FATAL unrecoverable disk error
INFO user 192.168.142.104 logged in
INFO connection established
ERROR auth failure for user 192.168.36.209
FATAL kernel panic
WARN retry attempt 192.168.82.31 for 83152
INFO request from 192.168.57.185
FATAL out of memory
INFO processed 192.168.211.158 items
FATAL out of memory
ERROR null pointer in module 192.168.107.168
WARN disk usage 192.168.121.141%
WARN disk usage 192.168.211.158%
INFO request from 192.168.193.243
FATAL segfault at address 0x192.168.229.48
DEBUG variable x=192.168.193.243
ERROR null pointer in module 192.168.142.104
FATAL out of memory
FATAL kernel panic
WARN slow query: 192.168.82.31ms
INFO request from 192.168.193.243
DEBUG variable x=192.168.60.30
FATAL segfault at address 0x192.168.178.215
DEBUG variable x=192.168.36.209
ERROR auth failure for user 192.168.36.209
DEBUG heap size: 192.168.142.104
FATAL segfault at address 0x192.168.36.209
ERROR auth failure for user 192.168.92.139
FATAL unrecoverable disk error
INFO processed 192.168.39.155 items
INFO request from 192.168.189.144
INFO request from 192.168.60.30
WARN memory threshold reached: 192.168.82.31MB
ERROR connection timeout 503
WARN memory threshold reached: 192.168.9.50MB
WARN memory threshold reached: 192.168.178.6MB
DEBUG heap size: 192.168.197.186
ERROR connection timeout 503
FATAL unrecoverable disk error
DEBUG heap size: 192.168.219.168
INFO user 192.168.178.215 logged in
WARN retry attempt 192.168.219.168 for 34022
INFO user 192.168.219.168 logged in
INFO processed 192.168.229.48 items
WARN retry attempt 192.168.82.31 for 60064
FATAL unrecoverable disk error
WARN retry attempt 192.168.178.215 for 3458
WARN memory threshold reached: 192.168.121.141MB
DEBUG variable x=192.168.178.215
FATAL kernel panic
ERROR null pointer in module 192.168.215.207
WARN retry attempt 192.168.141.220 for 74170
DEBUG cache hit for key=192.168.39.155
FATAL kernel panic
ERROR auth failure for user 192.168.141.220
FATAL segfault at address 0x192.168.57.185
DEBUG variable x=192.168.36.209
WARN retry attempt 192.168.141.220 for 77968
WARN memory threshold reached: 192.168.193.243MB
INFO processed 192.168.219.168 items
INFO request from 192.168.229.48
INFO user 192.168.193.243 logged in
ERROR connection timeout 503
DEBUG variable x=192.168.189.144
WARN disk usage 192.168.219.168%
INFO user 192.168.92.139 logged in
ERROR auth failure for user 192.168.178.215
INFO request from 192.168.142.104
WARN slow query: 192.168.178.6ms
WARN memory threshold reached: 192.168.92.139MB
FATAL kernel panic
DEBUG entering function foo
FATAL unrecoverable disk error
FATAL out of memory
WARN memory threshold reached: 192.168.142.104MB
INFO processed 192.168.141.220 items
ERROR file not found: /tmp/192.168.141.220.log
INFO request from 192.168.9.50
INFO request from 192.168.82.31
INFO processed 192.168.92.139 items
ERROR file not found: /tmp/192.168.36.209.log
ERROR null pointer in module 192.168.142.104
WARN memory threshold reached: 192.168.211.158MB
ERROR auth failure for user 192.168.60.30
FATAL kernel panic
ERROR null pointer in module 192.168.82.31
DEBUG entering function foo
ERROR file not found: /tmp/192.168.178.6.log
WARN disk usage 192.168.9.50%
FATAL unrecoverable disk error
DEBUG variable x=192.168.142.104
FATAL segfault at address 0x192.168.178.215
INFO processed 192.168.36.209 items
FATAL out of memory
DEBUG entering function foo
INFO connection established
DEBUG cache hit for key=192.168.229.48
FATAL out of memory
ERROR connection timeout 503
DEBUG heap size: 192.168.57.185
FATAL kernel panic
WARN retry attempt 192.168.142.104 for 35514
WARN memory threshold reached: 192.168.107.168MB
ERROR file not found: /tmp/192.168.142.104.log
ERROR null pointer in module 192.168.219.168
DEBUG cache hit for key=192.168.9.50
WARN disk usage 192.168.215.207%
DEBUG heap size: 192.168.57.185
INFO user 192.168.57.185 logged in
ERROR auth failure for user 192.168.60.30
ERROR file not found: /tmp/192.168.39.155.log
FATAL kernel panic
ERROR connection timeout 503
DEBUG heap size: 192.168.211.158
ERROR connection timeout 503
WARN disk usage 192.168.215.207%
INFO processed 192.168.189.144 items
ERROR null pointer in module 192.168.193.243
INFO connection established
ERROR file not found: /tmp/192.168.121.141.log
WARN disk usage 192.168.229.48%
WARN disk usage 192.168.197.186%
FATAL kernel panic
FATAL unrecoverable disk error
ERROR connection timeout 503
DEBUG entering function foo
ERROR connection timeout 503
INFO request from 192.168.178.6
FATAL unrecoverable disk error
FATAL out of memory
FATAL unrecoverable disk error
FATAL kernel panic
DEBUG heap size: 192.168.142.104
DEBUG variable x=192.168.39.155
WARN slow query: 192.168.9.50ms
DEBUG variable x=192.168.215.207
FATAL kernel panic
WARN memory threshold reached: 192.168.36.209MB
INFO user 192.168.82.31 logged in
WARN memory threshold reached: 192.168.215.207MB
INFO connection established
ERROR null pointer in module 192.168.142.104
DEBUG heap size: 192.168.219.168
DEBUG entering function foo
ERROR file not found: /tmp/192.168.178.6.log
DEBUG entering function foo
ERROR null pointer in module 192.168.229.48
WARN memory threshold reached: 192.168.219.168MB
WARN disk usage 192.168.189.144%
INFO user 192.168.9.50 logged in
ERROR file not found: /tmp/192.168.121.141.log
INFO request from 192.168.39.155
ERROR connection timeout 503
FATAL unrecoverable disk error
FATAL out of memory
DEBUG entering function foo
INFO connection established
DEBUG heap size: 192.168.178.215
ERROR null pointer in module 192.168.142.104
WARN retry attempt 192.168.9.50 for 91731
WARN retry attempt 192.168.197.186 for 70628
INFO request from 192.168.215.207
INFO connection established
INFO user 192.168.142.104 logged in
FATAL kernel panic
DEBUG cache hit for key=192.168.60.30
DEBUG cache hit for key=192.168.189.144
WARN slow query: 192.168.193.243ms
FATAL kernel panic
ERROR null pointer in module 192.168.57.185
ERROR file not found: /tmp/192.168.178.215.log
ERROR connection timeout 503
DEBUG entering function foo
INFO connection established
DEBUG heap size: 192.168.193.243
INFO processed 192.168.9.50 items
WARN slow query: 192.168.229.48ms
DEBUG heap size: 192.168.219.168
DEBUG entering function foo
INFO processed 192.168.39.155 items
ERROR null pointer in module 192.168.197.186
DEBUG variable x=192.168.92.139
INFO processed 192.168.121.141 items
DEBUG entering function foo
INFO user 192.168.60.30 logged in
INFO user 192.168.215.207 logged in
ERROR connection timeout 503
INFO request from 192.168.141.220
DEBUG heap size: 192.168.211.158
WARN slow query: 192.168.193.243ms
FATAL segfault at address 0x192.168.219.168
FATAL kernel panic
FATAL segfault at address 0x192.168.193.243
ERROR file not found: /tmp/192.168.39.155.log
FATAL kernel panic
WARN disk usage 192.168.39.155%
WARN slow query: 192.168.189.144ms
FATAL out of memory
INFO connection established
DEBUG variable x=192.168.92.139
INFO connection established
FATAL kernel panic
ERROR file not found: /tmp/192.168.36.209.log
DEBUG entering function foo
WARN disk usage 192.168.57.185%
WARN memory threshold reached: 192.168.197.186MB
DEBUG cache hit for key=192.168.229.48
ERROR null pointer in module 192.168.193.243
INFO connection established
FATAL segfault at address 0x192.168.82.31
ERROR null pointer in module 192.168.60.30
FATAL kernel panic
FATAL segfault at address 0x192.168.178.6
FATAL kernel panic
WARN memory threshold reached: 192.168.215.207MB
FATAL kernel panic
INFO processed 192.168.9.50 items
ERROR auth failure for user 192.168.121.141
INFO user 192.168.178.215 logged in
WARN slow query: 192.168.189.144ms
INFO request from 192.168.193.243
INFO connection established
FATAL segfault at address 0x192.168.57.185
INFO request from 192.168.60.30
WARN disk usage 192.168.178.215%
DEBUG entering function foo
ERROR connection timeout 503
WARN memory threshold reached: 192.168.57.185MB
INFO connection established
WARN memory threshold reached: 192.168.178.215MB
WARN slow query: 192.168.121.141ms
FATAL kernel panic
DEBUG heap size: 192.168.219.168
WARN memory threshold reached: 192.168.82.31MB
DEBUG variable x=192.168.121.141
INFO processed 192.168.197.186 items
INFO request from 192.168.142.104
ERROR file not found: /tmp/192.168.107.168.log
ERROR null pointer in module 192.168.57.185
INFO connection established
DEBUG cache hit for key=192.168.178.6
DEBUG heap size: 192.168.142.104
FATAL kernel panic
ERROR connection timeout 503
ERROR connection timeout 503
FATAL kernel panic
INFO connection established
WARN slow query: 192.168.39.155ms
ERROR connection timeout 503
FATAL unrecoverable disk error
ERROR null pointer in module 192.168.219.168
ERROR connection timeout 503
INFO processed 192.168.178.6 items
INFO user 192.168.178.215 logged in
INFO processed 192.168.215.207 items
INFO request from 192.168.107.168
FATAL kernel panic
DEBUG heap size: 192.168.178.215
WARN retry attempt 192.168.82.31 for 11493
FATAL kernel panic
WARN slow query: 192.168.197.186ms
INFO connection established
FATAL unrecoverable disk error
FATAL kernel panic
DEBUG entering function foo
WARN slow query: 192.168.92.139ms
WARN retry attempt 192.168.219.168 for 92429
ERROR file not found: /tmp/192.168.141.220.log
FATAL unrecoverable disk error
ERROR file not found: /tmp/192.168.141.220.log
FATAL out of memory
INFO connection established
WARN disk usage 192.168.197.186%
INFO connection established
WARN memory threshold reached: 192.168.193.243MB
DEBUG cache hit for key=192.168.142.104
ERROR auth failure for user 192.168.121.141
FATAL unrecoverable disk error
INFO connection established
ERROR null pointer in module 192.168.107.168
FATAL unrecoverable disk error
ERROR connection timeout 503
INFO user 192.168.142.104 logged in
FATAL kernel panic
ERROR auth failure for user 192.168.82.31
ERROR null pointer in module 192.168.82.31
INFO connection established
INFO connection established
ERROR auth failure for user 192.168.92.139
ERROR auth failure for user 192.168.193.243
DEBUG heap size: 192.168.141.220
ERROR connection timeout 503
INFO connection established
DEBUG heap size: 192.168.82.31
FATAL unrecoverable disk error
ERROR auth failure for user 192.168.193.243
DEBUG variable x=192.168.211.158
WARN slow query: 192.168.107.168ms
INFO connection established
FATAL segfault at address 0x192.168.60.30
ERROR null pointer in module 192.168.36.209
INFO processed 192.168.9.50 items
FATAL out of memory
ERROR null pointer in module 192.168.39.155
ERROR null pointer in module 192.168.39.155
INFO processed 192.168.189.144 items
DEBUG variable x=192.168.193.243
FATAL kernel panic
FATAL unrecoverable disk error
WARN memory threshold reached: 192.168.219.168MB
DEBUG heap size: 192.168.229.48
INFO processed 192.168.121.141 items
INFO connection established
FATAL kernel panic
ERROR file not found: /tmp/192.168.121.141.log
FATAL segfault at address 0x192.168.82.31
FATAL kernel panic
INFO connection established
DEBUG heap size: 192.168.57.185
ERROR auth failure for user 192.168.197.186
ERROR auth failure for user 192.168.82.31
WARN slow query: 192.168.36.209ms
FATAL segfault at address 0x192.168.60.30
ERROR auth failure for user 192.168.92.139
WARN memory threshold reached: 192.168.215.207MB
WARN disk usage 192.168.107.168%
FATAL kernel panic
FATAL unrecoverable disk error
WARN disk usage 192.168.142.104%
WARN disk usage 192.168.178.215%
ERROR auth failure for user 192.168.193.243
FATAL kernel panic
INFO user 192.168.142.104 logged in
ERROR file not found: /tmp/192.168.82.31.log
ERROR connection timeout 503
ERROR null pointer in module 192.168.39.155
INFO connection established
ERROR file not found: /tmp/192.168.211.158.log
DEBUG cache hit for key=192.168.57.185
DEBUG variable x=192.168.36.209
DEBUG entering function foo
DEBUG heap size: 192.168.9.50
ERROR null pointer in module 192.168.178.6
FATAL out of memory
WARN retry attempt 192.168.57.185 for 72626
ERROR connection timeout 503
FATAL out of memory
DEBUG heap size: 192.168.142.104
DEBUG variable x=192.168.211.158
FATAL out of memory
FATAL segfault at address 0x192.168.178.6
FATAL unrecoverable disk error
WARN retry attempt 192.168.193.243 for 57165
WARN memory threshold reached: 192.168.141.220MB
INFO request from 192.168.178.215
FATAL segfault at address 0x192.168.197.186
INFO user 192.168.189.144 logged in
ERROR auth failure for user 192.168.141.220
INFO request from 192.168.142.104
FATAL segfault at address 0x192.168.178.6
ERROR connection timeout 503
ERROR file not found: /tmp/192.168.189.144.log
ERROR auth failure for user 192.168.9.50
DEBUG entering function foo
WARN disk usage 192.168.215.207%
DEBUG variable x=192.168.39.155
DEBUG heap size: 192.168.178.6
INFO connection established
WARN memory threshold reached: 192.168.92.139MB
FATAL kernel panic
FATAL unrecoverable disk error
INFO user 192.168.60.30 logged in
INFO request from 192.168.215.207
DEBUG cache hit for key=192.168.211.158
FATAL unrecoverable disk error
DEBUG entering function foo
WARN retry attempt 192.168.215.207 for 74352
ERROR file not found: /tmp/192.168.197.186.log
FATAL out of memory
WARN disk usage 192.168.82.31%
FATAL kernel panic
ERROR connection timeout 503
ERROR connection timeout 503
FATAL kernel panic
ERROR connection timeout 503
ERROR auth failure for user 192.168.57.185
DEBUG cache hit for key=192.168.211.158
FATAL segfault at address 0x192.168.197.186
ERROR connection timeout 503
DEBUG entering function foo
DEBUG heap size: 192.168.211.158
WARN slow query: 192.168.9.50ms
WARN disk usage 192.168.193.243%
DEBUG cache hit for key=192.168.193.243
ERROR null pointer in module 192.168.142.104
FATAL unrecoverable disk error
INFO request from 192.168.82.31
ERROR file not found: /tmp/192.168.57.185.log
INFO request from 192.168.141.220
INFO request from 192.168.178.6
ERROR connection timeout 503
DEBUG entering function foo
WARN slow query: 192.168.189.144ms
INFO user 192.168.57.185 logged in
DEBUG variable x=192.168.189.144
FATAL out of memory
ERROR auth failure for user 192.168.57.185
ERROR auth failure for user 192.168.92.139
INFO connection established
FATAL unrecoverable disk error
WARN memory threshold reached: 192.168.57.185MB
FATAL out of memory
ERROR auth failure for user 192.168.141.220
INFO processed 192.168.197.186 items
INFO user 192.168.9.50 logged in
ERROR null pointer in module 192.168.9.50
FATAL out of memory
DEBUG variable x=192.168.60.30
WARN retry attempt 192.168.141.220 for 71366
DEBUG cache hit for key=192.168.219.168
DEBUG variable x=192.168.142.104
INFO user 192.168.39.155 logged in
DEBUG variable x=192.168.219.168
FATAL segfault at address 0x192.168.82.31
DEBUG cache hit for key=192.168.215.207
DEBUG cache hit for key=192.168.121.141
WARN slow query: 192.168.9.50ms
FATAL segfault at address 0x192.168.197.186
ERROR connection timeout 503
ERROR file not found: /tmp/192.168.9.50.log
ERROR null pointer in module 192.168.9.50
FATAL segfault at address 0x192.168.178.215
WARN memory threshold reached: 192.168.211.158MB
ERROR null pointer in module 192.168.9.50
WARN retry attempt 192.168.82.31 for 78582
DEBUG entering function foo
WARN memory threshold reached: 192.168.57.185MB
DEBUG heap size: 192.168.229.48
ERROR null pointer in module 192.168.197.186
WARN disk usage 192.168.215.207%
ERROR connection timeout 503
INFO connection established
WARN disk usage 192.168.193.243%
INFO connection established
WARN disk usage 192.168.141.220%
INFO user 192.168.9.50 logged in
DEBUG heap size: 192.168.107.168
ERROR file not found: /tmp/192.168.219.168.log
WARN retry attempt 192.168.39.155 for 75713
INFO processed 192.168.229.48 items
INFO connection established
DEBUG heap size: 192.168.211.158
FATAL kernel panic
INFO user 192.168.215.207 logged in
WARN retry attempt 192.168.141.220 for 15745
INFO user 192.168.219.168 logged in
DEBUG heap size: 192.168.178.215
WARN disk usage 192.168.39.155%
FATAL kernel panic
ERROR connection timeout 503
ERROR file not found: /tmp/192.168.39.155.log
FATAL out of memory
FATAL unrecoverable disk error
INFO user 192.168.121.141 logged in
FATAL out of memory
WARN retry attempt 192.168.142.104 for 10215
FATAL unrecoverable disk error
WARN memory threshold reached: 192.168.215.207MB
INFO user 192.168.92.139 logged in
DEBUG variable x=192.168.9.50
ERROR connection timeout 503
FATAL out of memory
WARN memory threshold reached: 192.168.57.185MB
WARN memory threshold reached: 192.168.107.168MB
WARN slow query: 192.168.82.31ms
WARN slow query: 192.168.121.141ms
WARN disk usage 192.168.193.243%
INFO connection established
FATAL segfault at address 0x192.168.107.168
FATAL out of memory
DEBUG heap size: 192.168.215.207
DEBUG variable x=192.168.219.168
FATAL segfault at address 0x192.168.219.168
DEBUG cache hit for key=192.168.193.243
WARN retry attempt 192.168.121.141 for 36671
FATAL segfault at address 0x192.168.142.104
INFO processed 192.168.141.220 items
FATAL out of memory
FATAL kernel panic
DEBUG variable x=192.168.92.139
INFO request from 192.168.211.158
WARN memory threshold reached: 192.168.39.155MB
INFO connection established
FATAL out of memory
WARN slow query: 192.168.197.186ms
WARN disk usage 192.168.57.185%
DEBUG heap size: 192.168.107.168
WARN disk usage 192.168.82.31%
DEBUG variable x=192.168.215.207
INFO connection established
INFO processed 192.168.211.158 items
INFO processed 192.168.229.48 items
INFO processed 192.168.57.185 items
FATAL segfault at address 0x192.168.60.30
INFO connection established
WARN disk usage 192.168.197.186%
INFO user 192.168.141.220 logged in
INFO connection established
WARN retry attempt 192.168.178.6 for 27005
DEBUG cache hit for key=192.168.141.220
ERROR auth failure for user 192.168.178.215
DEBUG entering function foo
FATAL kernel panic
ERROR connection timeout 503
DEBUG heap size: 192.168.229.48
WARN disk usage 192.168.142.104%
WARN memory threshold reached: 192.168.121.141MB
WARN disk usage 192.168.189.144%
FATAL out of memory
WARN slow query: 192.168.178.215ms
DEBUG entering function foo
INFO processed 192.168.60.30 items
ERROR auth failure for user 192.168.92.139
FATAL unrecoverable disk error
FATAL segfault at address 0x192.168.141.220
ERROR auth failure for user 192.168.92.139
FATAL segfault at address 0x192.168.178.6
WARN memory threshold reached: 192.168.36.209MB
DEBUG heap size: 192.168.197.186
WARN memory threshold reached: 192.168.82.31MB
FATAL kernel panic
ERROR file not found: /tmp/192.168.142.104.log
INFO user 192.168.9.50 logged in
FATAL unrecoverable disk error
ERROR null pointer in module 192.168.193.243
DEBUG entering function foo
DEBUG variable x=192.168.229.48
DEBUG entering function foo
FATAL kernel panic
WARN memory threshold reached: 192.168.189.144MB
WARN memory threshold reached: 192.168.142.104MB
WARN slow query: 192.168.178.215ms
FATAL unrecoverable disk error
FATAL unrecoverable disk error
INFO user 192.168.36.209 logged in
WARN memory threshold reached: 192.168.60.30MB
INFO user 192.168.57.185 logged in
WARN memory threshold reached: 192.168.189.144MB
DEBUG heap size: 192.168.141.220
WARN slow query: 192.168.9.50ms
ERROR auth failure for user 192.168.197.186
DEBUG cache hit for key=192.168.219.168
ERROR connection timeout 503
DEBUG variable x=192.168.60.30
DEBUG entering function foo
INFO connection established
WARN disk usage 192.168.229.48%
ERROR auth failure for user 192.168.36.209
INFO user 192.168.197.186 logged in
WARN memory threshold reached: 192.168.229.48MB
INFO connection established
INFO request from 192.168.178.215
WARN memory threshold reached: 192.168.219.168MB
WARN disk usage 192.168.197.186%
DEBUG heap size: 192.168.219.168
ERROR null pointer in module 192.168.92.139
DEBUG variable x=192.168.121.141
WARN disk usage 192.168.141.220%
ERROR file not found: /tmp/192.168.229.48.log
INFO processed 192.168.141.220 items
WARN retry attempt 192.168.9.50 for 80063
DEBUG entering function foo
ERROR auth failure for user 192.168.189.144
WARN slow query: 192.168.189.144ms
ERROR auth failure for user 192.168.229.48
FATAL out of memory
WARN retry attempt 192.168.36.209 for 59516
FATAL kernel panic
INFO processed 192.168.107.168 items
INFO user 192.168.9.50 logged in
DEBUG entering function foo
FATAL kernel panic
DEBUG cache hit for key=192.168.107.168
FATAL kernel panic
ERROR auth failure for user 192.168.215.207
FATAL out of memory
FATAL kernel panic
DEBUG entering function foo
DEBUG variable x=192.168.60.30
WARN disk usage 192.168.193.243%
DEBUG heap size: 192.168.142.104
ERROR auth failure for user 192.168.39.155
WARN memory threshold reached: 192.168.141.220MB
ERROR connection timeout 503
FATAL kernel panic
FATAL kernel panic
FATAL segfault at address 0x192.168.141.220
DEBUG heap size: 192.168.229.48
DEBUG heap size: 192.168.193.243
DEBUG cache hit for key=192.168.82.31
ERROR auth failure for user 192.168.82.31
WARN retry attempt 192.168.141.220 for 10247
DEBUG cache hit for key=192.168.193.243
ERROR connection timeout 503
DEBUG entering function foo
FATAL kernel panic
FATAL segfault at address 0x192.168.92.139
FATAL kernel panic
WARN retry attempt 192.168.141.220 for 33535
INFO connection established
FATAL segfault at address 0x192.168.142.104
DEBUG entering function foo
FATAL kernel panic
INFO request from 192.168.82.31
DEBUG variable x=192.168.197.186
FATAL out of memory
WARN disk usage 192.168.178.215%
WARN disk usage 192.168.92.139%
DEBUG variable x=192.168.57.185
WARN slow query: 192.168.197.186ms
INFO processed 192.168.57.185 items
WARN disk usage 192.168.229.48%
ERROR file not found: /tmp/192.168.39.155.log
WARN retry attempt 192.168.57.185 for 91667
FATAL unrecoverable disk error
INFO processed 192.168.107.168 items
INFO user 192.168.107.168 logged in
DEBUG heap size: 192.168.178.215
WARN memory threshold reached: 192.168.193.243MB
INFO processed 192.168.215.207 items
WARN memory threshold reached: 192.168.39.155MB
FATAL unrecoverable disk error
DEBUG variable x=192.168.229.48
WARN slow query: 192.168.211.158ms
WARN memory threshold reached: 192.168.92.139MB
FATAL kernel panic
DEBUG heap size: 192.168.178.6
DEBUG heap size: 192.168.57.185
DEBUG cache hit for key=192.168.82.31
DEBUG heap size: 192.168.142.104
INFO connection established
DEBUG entering function foo
INFO processed 192.168.82.31 items
DEBUG heap size: 192.168.60.30
INFO processed 192.168.219.168 items
FATAL kernel panic
INFO processed 192.168.189.144 items
INFO request from 192.168.121.141
INFO connection established
DEBUG entering function foo
ERROR null pointer in module 192.168.197.186
WARN disk usage 192.168.141.220%
DEBUG variable x=192.168.193.243
FATAL kernel panic
FATAL segfault at address 0x192.168.92.139
WARN memory threshold reached: 192.168.36.209MB
ERROR auth failure for user 192.168.189.144
WARN memory threshold reached: 192.168.107.168MB
FATAL out of memory
WARN disk usage 192.168.57.185%
WARN slow query: 192.168.142.104ms
ERROR null pointer in module 192.168.219.168
INFO processed 192.168.178.215 items
INFO user 192.168.189.144 logged in
WARN retry attempt 192.168.229.48 for 24085
FATAL unrecoverable disk error
WARN memory threshold reached: 192.168.178.215MB
WARN memory threshold reached: 192.168.82.31MB
FATAL unrecoverable disk error
ERROR file not found: /tmp/192.168.39.155.log
WARN memory threshold reached: 192.168.57.185MB
INFO request from 192.168.82.31
DEBUG heap size: 192.168.178.215
ERROR file not found: /tmp/192.168.189.144.log
INFO request from 192.168.142.104
DEBUG entering function foo
ERROR auth failure for user 192.168.107.168
WARN disk usage 192.168.121.141%
INFO connection established
DEBUG entering function foo
DEBUG cache hit for key=192.168.121.141
WARN memory threshold reached: 192.168.211.158MB
ERROR auth failure for user 192.168.9.50
INFO processed 192.168.36.209 items
DEBUG entering function foo
WARN retry attempt 192.168.141.220 for 50793
ERROR null pointer in module 192.168.215.207
ERROR null pointer in module 192.168.219.168
WARN slow query: 192.168.219.168ms
INFO processed 192.168.82.31 items
ERROR auth failure for user 192.168.107.168
INFO connection established
ERROR auth failure for user 192.168.121.141
DEBUG entering function foo
ERROR connection timeout 503
ERROR connection timeout 503
WARN disk usage 192.168.92.139%
DEBUG cache hit for key=192.168.39.155
ERROR connection timeout 503
DEBUG entering function foo
FATAL segfault at address 0x192.168.36.209
DEBUG heap size: 192.168.215.207
INFO processed 192.168.178.6 items
ERROR connection timeout 503
DEBUG heap size: 192.168.211.158
WARN memory threshold reached: 192.168.82.31MB
INFO user 192.168.39.155 logged in
FATAL out of memory
WARN disk usage 192.168.9.50%
DEBUG entering function foo
INFO user 192.168.219.168 logged in
DEBUG variable x=192.168.229.48
INFO processed 192.168.141.220 items
INFO connection established
WARN retry attempt 192.168.121.141 for 90995
INFO connection established
INFO connection established
INFO connection established
FATAL unrecoverable disk error
FATAL segfault at address 0x192.168.189.144
DEBUG entering function foo
ERROR null pointer in module 192.168.57.185
ERROR auth failure for user 192.168.39.155
ERROR null pointer in module 192.168.39.155
INFO connection established
FATAL segfault at address 0x192.168.229.48
FATAL kernel panic
DEBUG cache hit for key=192.168.197.186
WARN slow query: 192.168.142.104ms
WARN memory threshold reached: 192.168.107.168MB
INFO request from 192.168.211.158
DEBUG cache hit for key=192.168.92.139
WARN disk usage 192.168.178.6%
ERROR auth failure for user 192.168.60.30
FATAL out of memory
DEBUG variable x=192.168.215.207
INFO connection established
WARN disk usage 192.168.178.6%
FATAL out of memory
ERROR null pointer in module 192.168.57.185
DEBUG cache hit for key=192.168.107.168
WARN retry attempt 192.168.60.30 for 37000
WARN memory threshold reached: 192.168.229.48MB
DEBUG entering function foo
DEBUG entering function foo
WARN disk usage 192.168.9.50%
ERROR auth failure for user 192.168.9.50
WARN disk usage 192.168.215.207%
FATAL segfault at address 0x192.168.121.141
ERROR auth failure for user 192.168.36.209
FATAL out of memory
DEBUG cache hit for key=192.168.219.168
WARN disk usage 192.168.60.30%
ERROR null pointer in module 192.168.229.48
ERROR file not found: /tmp/192.168.82.31.log
DEBUG cache hit for key=192.168.36.209
FATAL unrecoverable disk error
DEBUG heap size: 192.168.57.185
ERROR connection timeout 503
WARN retry attempt 192.168.9.50 for 53811
FATAL segfault at address 0x192.168.219.168
INFO connection established
DEBUG variable x=192.168.229.48
DEBUG cache hit for key=192.168.215.207
WARN disk usage 192.168.121.141%
WARN disk usage 192.168.121.141%
DEBUG cache hit for key=192.168.211.158
INFO connection established
WARN slow query: 192.168.215.207ms
FATAL out of memory
DEBUG variable x=192.168.36.209
INFO user 192.168.9.50 logged in
DEBUG heap size: 192.168.219.168
ERROR connection timeout 503
DEBUG heap size: 192.168.92.139
INFO processed 192.168.215.207 items
FATAL segfault at address 0x192.168.39.155
ERROR connection timeout 503
FATAL unrecoverable disk error
WARN slow query: 192.168.39.155ms
DEBUG cache hit for key=192.168.189.144
WARN slow query: 192.168.57.185ms
FATAL out of memory
INFO request from 192.168.141.220
DEBUG cache hit for key=192.168.215.207
WARN disk usage 192.168.178.215%
INFO request from 192.168.197.186
WARN retry attempt 192.168.211.158 for 74330
ERROR file not found: /tmp/192.168.36.209.log
FATAL kernel panic
FATAL out of memory
FATAL kernel panic
FATAL unrecoverable disk error
WARN disk usage 192.168.60.30%
DEBUG cache hit for key=192.168.189.144
DEBUG entering function foo
DEBUG heap size: 192.168.211.158
DEBUG heap size: 192.168.107.168
DEBUG heap size: 192.168.211.158
WARN slow query: 192.168.178.215ms
FATAL unrecoverable disk error
FATAL kernel panic
WARN disk usage 192.168.215.207%
FATAL kernel panic
FATAL unrecoverable disk error
WARN retry attempt 192.168.60.30 for 42804
WARN slow query: 192.168.36.209ms
ERROR null pointer in module 192.168.229.48
INFO processed 192.168.141.220 items
ERROR auth failure for user 192.168.107.168
FATAL out of memory
WARN retry attempt 192.168.121.141 for 62531
INFO connection established
DEBUG variable x=192.168.39.155
ERROR null pointer in module 192.168.215.207
INFO processed 192.168.36.209 items
FATAL segfault at address 0x192.168.92.139
INFO user 192.168.215.207 logged in
DEBUG cache hit for key=192.168.219.168
WARN slow query: 192.168.189.144ms
ERROR file not found: /tmp/192.168.211.158.log
ERROR file not found: /tmp/192.168.121.141.log
ERROR file not found: /tmp/192.168.211.158.log
ERROR null pointer in module 192.168.121.141
ERROR connection timeout 503
INFO request from 192.168.219.168
DEBUG variable x=192.168.142.104
FATAL unrecoverable disk error
ERROR null pointer in module 192.168.178.6
ERROR auth failure for user 192.168.193.243
WARN memory threshold reached: 192.168.193.243MB
ERROR connection timeout 503
INFO connection established
FATAL segfault at address 0x192.168.92.139
FATAL kernel panic
ERROR auth failure for user 192.168.107.168
INFO user 192.168.36.209 logged in
FATAL kernel panic
INFO connection established
DEBUG variable x=192.168.57.185
FATAL unrecoverable disk error
DEBUG cache hit for key=192.168.107.168
INFO processed 192.168.9.50 items
FATAL segfault at address 0x192.168.178.6
DEBUG variable x=192.168.178.215
WARN slow query: 192.168.142.104ms
DEBUG entering function foo
FATAL kernel panic
FATAL out of memory
FATAL out of memory
ERROR connection timeout 503
INFO processed 192.168.82.31 items
FATAL out of memory
FATAL kernel panic
FATAL unrecoverable disk error
ERROR null pointer in module 192.168.189.144
INFO processed 192.168.39.155 items
ERROR connection timeout 503
ERROR file not found: /tmp/192.168.229.48.log
ERROR file not found: /tmp/192.168.229.48.log
ERROR connection timeout 503
FATAL kernel panic
DEBUG cache hit for key=192.168.121.141
INFO user 192.168.142.104 logged in
ERROR null pointer in module 192.168.60.30
DEBUG heap size: 192.168.142.104
DEBUG cache hit for key=192.168.9.50
WARN retry attempt 192.168.92.139 for 10532
FATAL kernel panic
FATAL segfault at address 0x192.168.107.168
INFO request from 192.168.178.6
FATAL kernel panic
WARN disk usage 192.168.178.215%
DEBUG variable x=192.168.57.185
FATAL segfault at address 0x192.168.141.220
INFO request from 192.168.178.215
WARN slow query: 192.168.229.48ms
ERROR null pointer in module 192.168.141.220
ERROR auth failure for user 192.168.141.220
INFO processed 192.168.57.185 items
DEBUG variable x=192.168.57.185
WARN retry attempt 192.168.178.215 for 52006
FATAL segfault at address 0x192.168.57.185
INFO request from 192.168.60.30
WARN retry attempt 192.168.82.31 for 50730
FATAL kernel panic
ERROR auth failure for user 192.168.60.30
FATAL out of memory
DEBUG cache hit for key=192.168.211.158
ERROR connection timeout 503
FATAL segfault at address 0x192.168.121.141
DEBUG entering function foo
INFO user 192.168.219.168 logged in
ERROR auth failure for user 192.168.189.144
FATAL out of memory
DEBUG cache hit for key=192.168.39.155
FATAL segfault at address 0x192.168.193.243
DEBUG variable x=192.168.197.186
WARN disk usage 192.168.193.243%
ERROR auth failure for user 192.168.60.30
ERROR auth failure for user 192.168.219.168
ERROR auth failure for user 192.168.229.48
INFO request from 192.168.39.155
FATAL unrecoverable disk error
FATAL out of memory
ERROR connection timeout 503
INFO processed 192.168.211.158 items
DEBUG heap size: 192.168.229.48
INFO connection established
FATAL unrecoverable disk error
ERROR null pointer in module 192.168.193.243
ERROR null pointer in module 192.168.82.31
ERROR null pointer in module 192.168.92.139
INFO connection established
WARN retry attempt 192.168.36.209 for 54863
FATAL out of memory
WARN slow query: 192.168.178.215ms
WARN retry attempt 192.168.39.155 for 71978
WARN slow query: 192.168.178.215ms
DEBUG entering function foo
ERROR auth failure for user 192.168.197.186
FATAL unrecoverable disk error
FATAL segfault at address 0x192.168.189.144
WARN memory threshold reached: 192.168.229.48MB
FATAL kernel panic
DEBUG variable x=192.168.92.139
ERROR null pointer in module 192.168.57.185
DEBUG cache hit for key=192.168.178.215
ERROR null pointer in module 192.168.39.155
ERROR null pointer in module 192.168.141.220
ERROR connection timeout 503
DEBUG heap size: 192.168.229.48
ERROR null pointer in module 192.168.60.30
FATAL kernel panic
WARN memory threshold reached: 192.168.107.168MB
DEBUG cache hit for key=192.168.219.168
WARN slow query: 192.168.229.48ms
DEBUG heap size: 192.168.141.220
ERROR file not found: /tmp/192.168.189.144.log
ERROR file not found: /tmp/192.168.121.141.log
INFO request from 192.168.36.209
WARN disk usage 192.168.57.185%
FATAL unrecoverable disk error
ERROR connection timeout 503
ERROR null pointer in module 192.168.142.104
WARN slow query: 192.168.9.50ms
DEBUG heap size: 192.168.107.168
WARN memory threshold reached: 192.168.82.31MB
ERROR connection timeout 503
WARN retry attempt 192.168.229.48 for 24115
ERROR file not found: /tmp/192.168.189.144.log
INFO user 192.168.211.158 logged in
WARN memory threshold reached: 192.168.82.31MB
ERROR null pointer in module 192.168.141.220
DEBUG heap size: 192.168.92.139
INFO request from 192.168.229.48
ERROR connection timeout 503
DEBUG variable x=192.168.60.30
DEBUG cache hit for key=192.168.82.31
DEBUG variable x=192.168.92.139
ERROR file not found: /tmp/192.168.142.104.log
ERROR null pointer in module 192.168.57.185
INFO connection established
INFO request from 192.168.141.220
DEBUG entering function foo
FATAL segfault at address 0x192.168.82.31
INFO user 192.168.178.6 logged in
DEBUG cache hit for key=192.168.211.158
FATAL kernel panic
FATAL kernel panic
WARN retry attempt 192.168.9.50 for 18570
ERROR connection timeout 503
DEBUG entering function foo
ERROR file not found: /tmp/192.168.193.243.log
FATAL out of memory
ERROR null pointer in module 192.168.107.168
WARN slow query: 192.168.215.207ms
DEBUG heap size: 192.168.36.209
WARN slow query: 192.168.142.104ms
FATAL kernel panic
WARN retry attempt 192.168.211.158 for 31788
DEBUG entering function foo
WARN memory threshold reached: 192.168.60.30MB
INFO processed 192.168.178.215 items
INFO request from 192.168.178.6
DEBUG variable x=192.168.36.209
DEBUG entering function foo
DEBUG entering function foo
DEBUG entering function foo
WARN disk usage 192.168.142.104%
DEBUG heap size: 192.168.142.104
INFO processed 192.168.107.168 items
FATAL kernel panic
WARN disk usage 192.168.82.31%
DEBUG entering function foo
ERROR connection timeout 503
WARN slow query: 192.168.215.207ms
WARN memory threshold reached: 192.168.229.48MB
ERROR file not found: /tmp/192.168.92.139.log
ERROR file not found: /tmp/192.168.57.185.log
DEBUG entering function foo
INFO user 192.168.197.186 logged in
ERROR null pointer in module 192.168.219.168
DEBUG cache hit for key=192.168.92.139
FATAL unrecoverable disk error
ERROR file not found: /tmp/192.168.142.104.log
FATAL kernel panic
INFO user 192.168.141.220 logged in
INFO request from 192.168.36.209
WARN memory threshold reached: 192.168.82.31MB
INFO request from 192.168.219.168
DEBUG cache hit for key=192.168.121.141
WARN slow query: 192.168.107.168ms
ERROR null pointer in module 192.168.60.30
ERROR auth failure for user 192.168.178.215
WARN retry attempt 192.168.219.168 for 42714
FATAL kernel panic
INFO request from 192.168.193.243
ERROR null pointer in module 192.168.141.220
DEBUG entering function foo
ERROR file not found: /tmp/192.168.142.104.log
ERROR auth failure for user 192.168.178.6
ERROR file not found: /tmp/192.168.193.243.log
INFO request from 192.168.107.168
DEBUG entering function foo
WARN slow query: 192.168.36.209ms
INFO connection established
DEBUG entering function foo
DEBUG entering function foo
INFO request from 192.168.107.168
INFO processed 192.168.229.48 items
FATAL out of memory
ERROR null pointer in module 192.168.178.215
ERROR connection timeout 503
FATAL segfault at address 0x192.168.178.6
FATAL out of memory
ERROR file not found: /tmp/192.168.57.185.log
INFO user 192.168.9.50 logged in
INFO user 192.168.107.168 logged in
DEBUG variable x=192.168.121.141
ERROR connection timeout 503
DEBUG entering function foo
DEBUG cache hit for key=192.168.57.185
INFO request from 192.168.92.139
INFO user 192.168.211.158 logged in
FATAL out of memory
ERROR connection timeout 503
DEBUG variable x=192.168.178.215
FATAL unrecoverable disk error
WARN disk usage 192.168.121.141%
INFO request from 192.168.211.158
WARN disk usage 192.168.211.158%
FATAL segfault at address 0x192.168.39.155
ERROR connection timeout 503
INFO request from 192.168.9.50
INFO user 192.168.60.30 logged in
WARN retry attempt 192.168.107.168 for 51632
INFO connection established
WARN memory threshold reached: 192.168.197.186MB
ERROR file not found: /tmp/192.168.142.104.log
WARN slow query: 192.168.92.139ms
ERROR null pointer in module 192.168.211.158
WARN slow query: 192.168.82.31ms
WARN memory threshold reached: 192.168.215.207MB
DEBUG variable x=192.168.107.168
DEBUG entering function foo
INFO processed 192.168.215.207 items
ERROR connection timeout 503
ERROR auth failure for user 192.168.215.207
INFO connection established
FATAL unrecoverable disk error
ERROR auth failure for user 192.168.36.209
INFO user 192.168.142.104 logged in
DEBUG cache hit for key=192.168.197.186
ERROR null pointer in module 192.168.211.158
ERROR null pointer in module 192.168.9.50
DEBUG variable x=192.168.60.30
WARN disk usage 192.168.121.141%
ERROR auth failure for user 192.168.197.186
FATAL unrecoverable disk error
INFO user 192.168.215.207 logged in
FATAL out of memory
INFO processed 192.168.178.6 items
ERROR auth failure for user 192.168.189.144
WARN retry attempt 192.168.215.207 for 6271
DEBUG heap size: 192.168.193.243
WARN slow query: 192.168.142.104ms
INFO request from 192.168.215.207
INFO connection established
DEBUG cache hit for key=192.168.197.186
ERROR file not found: /tmp/192.168.107.168.log
INFO request from 192.168.57.185
WARN retry attempt 192.168.121.141 for 71980
WARN memory threshold reached: 192.168.82.31MB
INFO processed 192.168.197.186 items
ERROR connection timeout 503
ERROR auth failure for user 192.168.57.185
DEBUG variable x=192.168.60.30
WARN memory threshold reached: 192.168.211.158MB
WARN retry attempt 192.168.178.6 for 63753
DEBUG entering function foo
INFO request from 192.168.60.30
INFO processed 192.168.229.48 items
ERROR null pointer in module 192.168.142.104
FATAL out of memory
DEBUG cache hit for key=192.168.121.141
ERROR null pointer in module 192.168.107.168
WARN slow query: 192.168.211.158ms
DEBUG entering function foo
INFO request from 192.168.107.168
WARN slow query: 192.168.178.215ms
WARN memory threshold reached: 192.168.107.168MB
ERROR file not found: /tmp/192.168.57.185.log
ERROR auth failure for user 192.168.121.141
FATAL unrecoverable disk error
FATAL kernel panic
FATAL kernel panic
ERROR file not found: /tmp/192.168.211.158.log
ERROR auth failure for user 192.168.197.186
WARN slow query: 192.168.197.186ms
INFO connection established
FATAL unrecoverable disk error
FATAL unrecoverable disk error
INFO user 192.168.92.139 logged in
FATAL kernel panic
INFO user 192.168.178.215 logged in
DEBUG variable x=192.168.215.207
WARN memory threshold reached: 192.168.178.215MB
FATAL unrecoverable disk error
INFO processed 192.168.229.48 items
ERROR auth failure for user 192.168.178.215
ERROR auth failure for user 192.168.36.209
DEBUG variable x=192.168.211.158
ERROR connection timeout 503
DEBUG variable x=192.168.107.168
WARN disk usage 192.168.229.48%
ERROR auth failure for user 192.168.9.50
ERROR file not found: /tmp/192.168.142.104.log
WARN disk usage 192.168.219.168%
FATAL out of memory
FATAL out of memory
DEBUG variable x=192.168.189.144
INFO request from 192.168.229.48
DEBUG cache hit for key=192.168.92.139
DEBUG cache hit for key=192.168.107.168
DEBUG entering function foo
DEBUG cache hit for key=192.168.92.139
DEBUG entering function foo
INFO user 192.168.178.215 logged in
ERROR null pointer in module 192.168.178.215
ERROR connection timeout 503
WARN slow query: 192.168.92.139ms
DEBUG cache hit for key=192.168.92.139
INFO connection established
FATAL kernel panic
DEBUG variable x=192.168.178.215
ERROR connection timeout 503
FATAL out of memory
INFO connection established
ERROR connection timeout 503
FATAL kernel panic
INFO processed 192.168.211.158 items
FATAL out of memory
FATAL unrecoverable disk error
DEBUG heap size: 192.168.211.158
ERROR file not found: /tmp/192.168.92.139.log
ERROR file not found: /tmp/192.168.82.31.log
ERROR file not found: /tmp/192.168.82.31.log
ERROR null pointer in module 192.168.219.168
FATAL out of memory
WARN disk usage 192.168.9.50%
INFO connection established
INFO connection established
WARN slow query: 192.168.178.215ms
DEBUG entering function foo
FATAL kernel panic
DEBUG heap size: 192.168.57.185
FATAL segfault at address 0x192.168.197.186
DEBUG cache hit for key=192.168.36.209
ERROR auth failure for user 192.168.36.209
INFO connection established
WARN slow query: 192.168.92.139ms
INFO request from 192.168.229.48
INFO user 192.168.142.104 logged in
ERROR null pointer in module 192.168.82.31
INFO request from 192.168.215.207
FATAL unrecoverable disk error
DEBUG heap size: 192.168.82.31
FATAL out of memory
DEBUG heap size: 192.168.36.209
DEBUG cache hit for key=192.168.178.215
WARN retry attempt 192.168.82.31 for 10321
FATAL kernel panic
DEBUG cache hit for key=192.168.92.139
ERROR null pointer in module 192.168.121.141
ERROR auth failure for user 192.168.178.215
FATAL segfault at address 0x192.168.178.6
INFO user 192.168.141.220 logged in
WARN disk usage 192.168.82.31%
DEBUG heap size: 192.168.36.209
ERROR null pointer in module 192.168.229.48
DEBUG heap size: 192.168.229.48
ERROR connection timeout 503
INFO connection established
ERROR null pointer in module 192.168.39.155
DEBUG variable x=192.168.215.207
DEBUG heap size: 192.168.121.141
WARN retry attempt 192.168.82.31 for 75009
FATAL unrecoverable disk error
DEBUG variable x=192.168.36.209
DEBUG entering function foo
FATAL kernel panic
DEBUG entering function foo
DEBUG variable x=192.168.219.168
WARN disk usage 192.168.219.168%
WARN disk usage 192.168.197.186%
WARN retry attempt 192.168.178.215 for 42948
DEBUG entering function foo
WARN retry attempt 192.168.178.6 for 9830
ERROR file not found: /tmp/192.168.82.31.log
WARN slow query: 192.168.211.158ms
DEBUG entering function foo
INFO processed 192.168.178.215 items
ERROR file not found: /tmp/192.168.107.168.log
ERROR file not found: /tmp/192.168.197.186.log
WARN memory threshold reached: 192.168.142.104MB
DEBUG variable x=192.168.178.6
ERROR file not found: /tmp/192.168.57.185.log
WARN slow query: 192.168.107.168ms
ERROR null pointer in module 192.168.219.168
FATAL out of memory
DEBUG cache hit for key=192.168.142.104
WARN retry attempt 192.168.92.139 for 56781
WARN disk usage 192.168.142.104%
WARN disk usage 192.168.178.6%
WARN memory threshold reached: 192.168.193.243MB
DEBUG cache hit for key=192.168.60.30
INFO connection established
WARN slow query: 192.168.193.243ms
INFO connection established
DEBUG variable x=192.168.178.215
FATAL out of memory
WARN memory threshold reached: 192.168.215.207MB
ERROR connection timeout 503
DEBUG entering function foo
DEBUG variable x=192.168.211.158
INFO connection established
INFO user 192.168.178.6 logged in
INFO processed 192.168.193.243 items
DEBUG variable x=192.168.82.31
WARN disk usage 192.168.36.209%
INFO request from 192.168.107.168
INFO connection established
FATAL unrecoverable disk error
WARN retry attempt 192.168.121.141 for 54322
ERROR connection timeout 503
ERROR connection timeout 503
DEBUG heap size: 192.168.82.31
DEBUG heap size: 192.168.36.209
INFO connection established
WARN disk usage 192.168.57.185%
INFO user 192.168.141.220 logged in
WARN memory threshold reached: 192.168.193.243MB
INFO processed 192.168.36.209 items
WARN retry attempt 192.168.107.168 for 35739
DEBUG cache hit for key=192.168.121.141
ERROR null pointer in module 192.168.189.144
ERROR auth failure for user 192.168.92.139
FATAL unrecoverable disk error
INFO user 192.168.178.215 logged in
FATAL unrecoverable disk error
INFO processed 192.168.36.209 items
ERROR connection timeout 503
ERROR file not found: /tmp/192.168.39.155.log
INFO connection established
INFO user 192.168.229.48 logged in
INFO processed 192.168.92.139 items
INFO processed 192.168.215.207 items
DEBUG entering function foo
DEBUG cache hit for key=192.168.142.104
FATAL kernel panic
ERROR file not found: /tmp/192.168.82.31.log
WARN retry attempt 192.168.39.155 for 37098
DEBUG heap size: 192.168.9.50
INFO user 192.168.197.186 logged in
DEBUG cache hit for key=192.168.39.155
WARN disk usage 192.168.211.158%
WARN memory threshold reached: 192.168.193.243MB
INFO connection established
WARN retry attempt 192.168.92.139 for 98933
INFO user 192.168.193.243 logged in
FATAL segfault at address 0x192.168.142.104
FATAL kernel panic
WARN slow query: 192.168.36.209ms
FATAL out of memory
ERROR connection timeout 503
INFO user 192.168.107.168 logged in
ERROR auth failure for user 192.168.229.48
WARN memory threshold reached: 192.168.39.155MB
DEBUG cache hit for key=192.168.82.31
FATAL kernel panic
FATAL segfault at address 0x192.168.178.6
ERROR connection timeout 503
FATAL unrecoverable disk error
ERROR auth failure for user 192.168.60.30
DEBUG entering function foo
ERROR connection timeout 503
FATAL unrecoverable disk error
FATAL unrecoverable disk error
DEBUG variable x=192.168.178.6
INFO connection established
WARN slow query: 192.168.178.6ms
INFO request from 192.168.229.48
FATAL unrecoverable disk error
DEBUG entering function foo
DEBUG variable x=192.168.229.48
ERROR auth failure for user 192.168.193.243
FATAL unrecoverable disk error
WARN memory threshold reached: 192.168.229.48MB
DEBUG entering function foo
WARN disk usage 192.168.92.139%
ERROR null pointer in module 192.168.60.30
INFO processed 192.168.92.139 items
ERROR connection timeout 503
ERROR file not found: /tmp/192.168.36.209.log
ERROR connection timeout 503
FATAL segfault at address 0x192.168.178.6
DEBUG cache hit for key=192.168.121.141
DEBUG entering function foo
FATAL kernel panic
DEBUG heap size: 192.168.178.215
WARN disk usage 192.168.121.141%
DEBUG cache hit for key=192.168.178.6
INFO processed 192.168.178.215 items
ERROR auth failure for user 192.168.219.168
WARN disk usage 192.168.121.141%
WARN slow query: 192.168.215.207ms
FATAL unrecoverable disk error
INFO connection established
ERROR null pointer in module 192.168.219.168
WARN retry attempt 192.168.229.48 for 95966
FATAL segfault at address 0x192.168.82.31
WARN slow query: 192.168.189.144ms
WARN slow query: 192.168.219.168ms
DEBUG heap size: 192.168.189.144
DEBUG variable x=192.168.57.185
INFO connection established
WARN memory threshold reached: 192.168.121.141MB
ERROR auth failure for user 192.168.141.220
DEBUG cache hit for key=192.168.189.144
WARN slow query: 192.168.9.50ms
DEBUG cache hit for key=192.168.57.185
ERROR connection timeout 503
DEBUG cache hit for key=192.168.178.215
DEBUG variable x=192.168.215.207
FATAL segfault at address 0x192.168.82.31
FATAL out of memory
ERROR file not found: /tmp/192.168.178.6.log
DEBUG heap size: 192.168.141.220
ERROR null pointer in module 192.168.9.50
FATAL out of memory
DEBUG entering function foo
DEBUG variable x=192.168.189.144
FATAL out of memory
DEBUG heap size: 192.168.57.185
INFO connection established
INFO connection established
WARN retry attempt 192.168.189.144 for 87298
FATAL out of memory
FATAL segfault at address 0x192.168.142.104
ERROR connection timeout 503
INFO processed 192.168.178.6 items
DEBUG entering function foo
FATAL segfault at address 0x192.168.92.139
INFO request from 192.168.178.215
WARN disk usage 192.168.215.207%
FATAL out of memory
ERROR file not found: /tmp/192.168.211.158.log
FATAL out of memory
INFO connection established
ERROR null pointer in module 192.168.178.6
INFO processed 192.168.211.158 items
DEBUG entering function foo
WARN disk usage 192.168.142.104%
FATAL out of memory
DEBUG variable x=192.168.60.30
ERROR connection timeout 503
DEBUG heap size: 192.168.82.31
WARN disk usage 192.168.107.168%
FATAL unrecoverable disk error
ERROR file not found: /tmp/192.168.141.220.log
ERROR file not found: /tmp/192.168.178.6.log
WARN retry attempt 192.168.92.139 for 25651
FATAL unrecoverable disk error
WARN slow query: 192.168.211.158ms
WARN retry attempt 192.168.178.6 for 32213
WARN slow query: 192.168.215.207ms
INFO processed 192.168.215.207 items
FATAL out of memory
FATAL kernel panic
DEBUG variable x=192.168.82.31
DEBUG entering function foo
FATAL out of memory
ERROR auth failure for user 192.168.57.185
INFO user 192.168.142.104 logged in
FATAL out of memory
FATAL out of memory
ERROR null pointer in module 192.168.9.50
WARN disk usage 192.168.92.139%
ERROR file not found: /tmp/192.168.178.215.log
WARN slow query: 192.168.39.155ms
DEBUG variable x=192.168.197.186
INFO user 192.168.82.31 logged in
ERROR file not found: /tmp/192.168.219.168.log
INFO user 192.168.197.186 logged in
WARN retry attempt 192.168.39.155 for 74473
WARN disk usage 192.168.82.31%
DEBUG cache hit for key=192.168.178.6
DEBUG variable x=192.168.197.186
FATAL out of memory
WARN retry attempt 192.168.178.6 for 55415
INFO user 192.168.36.209 logged in
ERROR file not found: /tmp/192.168.57.185.log
FATAL kernel panic
DEBUG heap size: 192.168.211.158
ERROR null pointer in module 192.168.193.243
INFO user 192.168.178.215 logged in
DEBUG entering function foo
ERROR null pointer in module 192.168.107.168
WARN disk usage 192.168.121.141%
WARN retry attempt 192.168.60.30 for 61971
ERROR auth failure for user 192.168.9.50
WARN disk usage 192.168.82.31%
FATAL out of memory
INFO connection established
ERROR null pointer in module 192.168.229.48
FATAL unrecoverable disk error
ERROR connection timeout 503
ERROR auth failure for user 192.168.9.50
WARN disk usage 192.168.141.220%
ERROR connection timeout 503
WARN memory threshold reached: 192.168.39.155MB
DEBUG entering function foo
INFO request from 192.168.60.30
WARN memory threshold reached: 192.168.60.30MB
ERROR null pointer in module 192.168.178.215
ERROR connection timeout 503
WARN memory threshold reached: 192.168.57.185MB
DEBUG cache hit for key=192.168.211.158
FATAL unrecoverable disk error
INFO processed 192.168.142.104 items
DEBUG cache hit for key=192.168.92.139
INFO processed 192.168.178.215 items
INFO request from 192.168.193.243
FATAL kernel panic
FATAL kernel panic
ERROR auth failure for user 192.168.82.31
DEBUG entering function foo
DEBUG heap size: 192.168.92.139
FATAL out of memory
DEBUG entering function foo
WARN retry attempt 192.168.219.168 for 34454
DEBUG entering function foo
INFO request from 192.168.92.139
INFO connection established
DEBUG heap size: 192.168.178.6
DEBUG cache hit for key=192.168.197.186
WARN retry attempt 192.168.219.168 for 57276
ERROR null pointer in module 192.168.36.209
INFO processed 192.168.39.155 items
DEBUG heap size: 192.168.121.141
INFO request from 192.168.57.185
WARN slow query: 192.168.197.186ms
ERROR file not found: /tmp/192.168.211.158.log
FATAL unrecoverable disk error
DEBUG entering function foo
INFO connection established
DEBUG heap size: 192.168.211.158
INFO connection established
WARN disk usage 192.168.82.31%
FATAL kernel panic
DEBUG variable x=192.168.142.104
FATAL unrecoverable disk error
DEBUG entering function foo
ERROR null pointer in module 192.168.197.186
DEBUG variable x=192.168.189.144
INFO request from 192.168.60.30
DEBUG variable x=192.168.107.168
WARN slow query: 192.168.60.30ms
WARN memory threshold reached: 192.168.60.30MB
FATAL segfault at address 0x192.168.211.158
FATAL kernel panic
DEBUG entering function foo
WARN memory threshold reached: 192.168.219.168MB
INFO connection established
FATAL unrecoverable disk error
FATAL out of memory
INFO connection established
FATAL out of memory
FATAL kernel panic
ERROR null pointer in module 192.168.142.104
INFO user 192.168.82.31 logged in
FATAL out of memory
INFO request from 192.168.229.48
WARN retry attempt 192.168.57.185 for 33970
ERROR file not found: /tmp/192.168.178.6.log
DEBUG variable x=192.168.211.158
FATAL segfault at address 0x192.168.39.155
DEBUG entering function foo
INFO user 192.168.197.186 logged in
FATAL segfault at address 0x192.168.197.186
WARN retry attempt 192.168.215.207 for 46544
ERROR file not found: /tmp/192.168.178.215.log
DEBUG cache hit for key=192.168.229.48
WARN slow query: 192.168.36.209ms
FATAL out of memory
ERROR connection timeout 503
INFO connection established
WARN memory threshold reached: 192.168.92.139MB
ERROR null pointer in module 192.168.178.215
ERROR connection timeout 503
FATAL segfault at address 0x192.168.142.104
WARN memory threshold reached: 192.168.142.104MB
FATAL out of memory
INFO request from 192.168.9.50
ERROR auth failure for user 192.168.60.30
ERROR connection timeout 503
FATAL unrecoverable disk error
FATAL kernel panic
ERROR file not found: /tmp/192.168.141.220.log
DEBUG variable x=192.168.178.6
FATAL unrecoverable disk error
FATAL out of memory
INFO user 192.168.107.168 logged in
INFO user 192.168.92.139 logged in
WARN retry attempt 192.168.107.168 for 47612
DEBUG heap size: 192.168.215.207
WARN disk usage 192.168.189.144%
ERROR auth failure for user 192.168.39.155
WARN slow query: 192.168.9.50ms
DEBUG heap size: 192.168.211.158
ERROR auth failure for user 192.168.178.215
FATAL out of memory
WARN slow query: 192.168.193.243ms
WARN slow query: 192.168.142.104ms
DEBUG variable x=192.168.178.215
ERROR auth failure for user 192.168.57.185
WARN retry attempt 192.168.142.104 for 37214
WARN disk usage 192.168.189.144%
INFO connection established
FATAL segfault at address 0x192.168.92.139
INFO request from 192.168.36.209
WARN memory threshold reached: 192.168.60.30MB
FATAL unrecoverable disk error
INFO connection established
DEBUG entering function foo
ERROR null pointer in module 192.168.9.50
ERROR connection timeout 503
INFO connection established
ERROR null pointer in module 192.168.39.155
DEBUG variable x=192.168.107.168
ERROR null pointer in module 192.168.57.185
WARN slow query: 192.168.229.48ms
FATAL segfault at address 0x192.168.178.6
DEBUG entering function foo
WARN retry attempt 192.168.141.220 for 6790
DEBUG entering function foo
WARN memory threshold reached: 192.168.9.50MB
WARN slow query: 192.168.9.50ms
INFO processed 192.168.60.30 items
ERROR file not found: /tmp/192.168.9.50.log
WARN disk usage 192.168.141.220%
DEBUG cache hit for key=192.168.215.207
INFO request from 192.168.189.144
WARN retry attempt 192.168.219.168 for 23665
DEBUG cache hit for key=192.168.193.243
INFO connection established
FATAL segfault at address 0x192.168.193.243
DEBUG entering function foo
WARN retry attempt 192.168.107.168 for 46222
FATAL unrecoverable disk error
ERROR auth failure for user 192.168.36.209
FATAL segfault at address 0x192.168.178.6
INFO connection established
FATAL kernel panic
FATAL out of memory
ERROR file not found: /tmp/192.168.229.48.log
WARN retry attempt 192.168.178.215 for 96241
INFO request from 192.168.142.104
INFO processed 192.168.121.141 items
DEBUG heap size: 192.168.57.185
ERROR connection timeout 503
INFO processed 192.168.197.186 items
INFO request from 192.168.60.30
WARN disk usage 192.168.229.48%
FATAL segfault at address 0x192.168.107.168
FATAL unrecoverable disk error
ERROR connection timeout 503
FATAL segfault at address 0x192.168.178.6
WARN disk usage 192.168.193.243%
INFO user 192.168.92.139 logged in
ERROR file not found: /tmp/192.168.60.30.log
DEBUG cache hit for key=192.168.219.168
WARN disk usage 192.168.215.207%
FATAL kernel panic
WARN disk usage 192.168.142.104%
ERROR auth failure for user 192.168.36.209
DEBUG entering function foo
FATAL out of memory
FATAL segfault at address 0x192.168.107.168
ERROR null pointer in module 192.168.57.185
DEBUG cache hit for key=192.168.219.168
FATAL out of memory
WARN memory threshold reached: 192.168.215.207MB
INFO processed 192.168.211.158 items
ERROR file not found: /tmp/192.168.121.141.log
WARN memory threshold reached: 192.168.39.155MB
ERROR null pointer in module 192.168.39.155
WARN slow query: 192.168.141.220ms
ERROR connection timeout 503
INFO processed 192.168.189.144 items
DEBUG variable x=192.168.211.158
WARN retry attempt 192.168.36.209 for 40726
DEBUG heap size: 192.168.121.141
FATAL kernel panic
FATAL unrecoverable disk error
INFO user 192.168.141.220 logged in
WARN disk usage 192.168.107.168%
DEBUG variable x=192.168.229.48
FATAL unrecoverable disk error
FATAL out of memory
DEBUG variable x=192.168.189.144
INFO request from 192.168.189.144
ERROR file not found: /tmp/192.168.39.155.log
FATAL out of memory
ERROR null pointer in module 192.168.121.141
WARN memory threshold reached: 192.168.141.220MB
DEBUG entering function foo
WARN retry attempt 192.168.92.139 for 20200
WARN slow query: 192.168.107.168ms
DEBUG heap size: 192.168.60.30
INFO processed 192.168.215.207 items
WARN slow query: 192.168.197.186ms
INFO processed 192.168.178.215 items
WARN retry attempt 192.168.229.48 for 88717
WARN slow query: 192.168.60.30ms
ERROR connection timeout 503
WARN slow query: 192.168.211.158ms
FATAL unrecoverable disk error
INFO processed 192.168.36.209 items
INFO request from 192.168.215.207
ERROR connection timeout 503
INFO connection established
WARN retry attempt 192.168.57.185 for 76307
ERROR file not found: /tmp/192.168.60.30.log
INFO request from 192.168.141.220
WARN slow query: 192.168.82.31ms
DEBUG entering function foo
WARN disk usage 192.168.36.209%
FATAL unrecoverable disk error
INFO processed 192.168.92.139 items
WARN retry attempt 192.168.121.141 for 89739
WARN slow query: 192.168.82.31ms
WARN retry attempt 192.168.39.155 for 42765
DEBUG cache hit for key=192.168.57.185
FATAL unrecoverable disk error
DEBUG heap size: 192.168.107.168
INFO connection established
DEBUG variable x=192.168.107.168
INFO processed 192.168.92.139 items
ERROR null pointer in module 192.168.92.139
WARN slow query: 192.168.142.104ms
WARN memory threshold reached: 192.168.107.168MB
INFO connection established
DEBUG entering function foo
DEBUG heap size: 192.168.82.31
INFO user 192.168.92.139 logged in
INFO connection established
ERROR auth failure for user 192.168.57.185
WARN memory threshold reached: 192.168.197.186MB
ERROR connection timeout 503
FATAL out of memory
FATAL segfault at address 0x192.168.92.139
INFO connection established
INFO connection established
WARN slow query: 192.168.211.158ms
FATAL kernel panic
FATAL out of memory
INFO connection established
INFO processed 192.168.142.104 items
INFO request from 192.168.197.186
WARN retry attempt 192.168.197.186 for 58537
INFO connection established
DEBUG cache hit for key=192.168.215.207
FATAL kernel panic
INFO connection established
ERROR auth failure for user 192.168.60.30
ERROR file not found: /tmp/192.168.215.207.log
DEBUG entering function foo
INFO connection established
DEBUG heap size: 192.168.107.168
FATAL unrecoverable disk error
ERROR null pointer in module 192.168.57.185
ERROR null pointer in module 192.168.193.243
WARN slow query: 192.168.219.168ms
WARN slow query: 192.168.57.185ms
INFO user 192.168.57.185 logged in
INFO processed 192.168.178.6 items
INFO connection established
FATAL segfault at address 0x192.168.60.30
ERROR file not found: /tmp/192.168.39.155.log
DEBUG entering function foo
FATAL out of memory
DEBUG heap size: 192.168.82.31
ERROR auth failure for user 192.168.197.186
DEBUG cache hit for key=192.168.229.48
WARN memory threshold reached: 192.168.39.155MB
ERROR connection timeout 503
INFO processed 192.168.36.209 items
DEBUG heap size: 192.168.107.168
DEBUG heap size: 192.168.142.104
WARN retry attempt 192.168.211.158 for 59595
ERROR file not found: /tmp/192.168.219.168.log
WARN disk usage 192.168.60.30%
ERROR file not found: /tmp/192.168.178.215.log
FATAL out of memory
ERROR null pointer in module 192.168.219.168
FATAL out of memory
INFO user 192.168.178.6 logged in
INFO request from 192.168.107.168
INFO connection established
FATAL kernel panic
WARN disk usage 192.168.141.220%
INFO request from 192.168.57.185
DEBUG entering function foo
INFO request from 192.168.57.185
INFO request from 192.168.36.209
FATAL segfault at address 0x192.168.107.168
FATAL out of memory
ERROR file not found: /tmp/192.168.178.6.log
ERROR auth failure for user 192.168.36.209
INFO connection established
DEBUG entering function foo
FATAL kernel panic
DEBUG variable x=192.168.9.50
DEBUG cache hit for key=192.168.9.50
FATAL kernel panic
INFO request from 192.168.211.158
DEBUG cache hit for key=192.168.92.139
ERROR connection timeout 503
ERROR null pointer in module 192.168.197.186
WARN disk usage 192.168.121.141%
WARN disk usage 192.168.60.30%
WARN retry attempt 192.168.229.48 for 57718
INFO user 192.168.142.104 logged in
INFO request from 192.168.121.141
DEBUG heap size: 192.168.36.209
FATAL segfault at address 0x192.168.229.48
DEBUG entering function foo
ERROR auth failure for user 192.168.219.168
WARN memory threshold reached: 192.168.121.141MB
WARN memory threshold reached: 192.168.219.168MB
INFO connection established
WARN memory threshold reached: 192.168.178.215MB
ERROR null pointer in module 192.168.57.185
INFO processed 192.168.39.155 items
WARN slow query: 192.168.36.209ms
ERROR null pointer in module 192.168.121.141
FATAL segfault at address 0x192.168.9.50
WARN memory threshold reached: 192.168.178.215MB
WARN slow query: 192.168.178.215ms
DEBUG heap size: 192.168.92.139
WARN slow query: 192.168.82.31ms
ERROR connection timeout 503
WARN slow query: 192.168.229.48ms
INFO request from 192.168.219.168
INFO processed 192.168.107.168 items
INFO request from 192.168.92.139
DEBUG variable x=192.168.107.168
ERROR null pointer in module 192.168.92.139
DEBUG entering function foo
ERROR file not found: /tmp/192.168.189.144.log
FATAL kernel panic
INFO connection established
FATAL out of memory
INFO connection established
WARN retry attempt 192.168.193.243 for 34746
WARN retry attempt 192.168.178.215 for 63205
INFO processed 192.168.215.207 items
FATAL unrecoverable disk error
ERROR null pointer in module 192.168.189.144
WARN disk usage 192.168.9.50%
FATAL kernel panic
FATAL segfault at address 0x192.168.36.209
ERROR connection timeout 503
ERROR auth failure for user 192.168.141.220
ERROR connection timeout 503
WARN memory threshold reached: 192.168.107.168MB
ERROR null pointer in module 192.168.178.6
FATAL out of memory
DEBUG entering function foo
ERROR auth failure for user 192.168.142.104
FATAL out of memory
ERROR connection timeout 503
ERROR auth failure for user 192.168.229.48
WARN disk usage 192.168.82.31%
INFO user 192.168.9.50 logged in
FATAL segfault at address 0x192.168.178.215
ERROR auth failure for user 192.168.92.139
FATAL segfault at address 0x192.168.107.168
DEBUG entering function foo
INFO request from 192.168.60.30
INFO connection established
DEBUG entering function foo
DEBUG entering function foo
FATAL kernel panic
ERROR auth failure for user 192.168.107.168
DEBUG heap size: 192.168.229.48
WARN disk usage 192.168.82.31%
INFO processed 192.168.193.243 items
INFO processed 192.168.9.50 items
FATAL segfault at address 0x192.168.215.207
WARN disk usage 192.168.82.31%
ERROR null pointer in module 192.168.178.6
DEBUG cache hit for key=192.168.142.104
FATAL unrecoverable disk error
WARN slow query: 192.168.193.243ms
FATAL segfault at address 0x192.168.189.144
WARN disk usage 192.168.193.243%
FATAL segfault at address 0x192.168.193.243
FATAL unrecoverable disk error
DEBUG variable x=192.168.39.155
INFO processed 192.168.82.31 items
ERROR auth failure for user 192.168.36.209
ERROR file not found: /tmp/192.168.60.30.log
INFO user 192.168.82.31 logged in
DEBUG entering function foo
INFO user 192.168.197.186 logged in
FATAL segfault at address 0x192.168.142.104
DEBUG entering function foo
FATAL segfault at address 0x192.168.92.139
WARN retry attempt 192.168.9.50 for 61528
ERROR auth failure for user 192.168.57.185
ERROR null pointer in module 192.168.219.168
INFO request from 192.168.39.155
DEBUG heap size: 192.168.141.220
DEBUG heap size: 192.168.9.50
ERROR null pointer in module 192.168.82.31
DEBUG variable x=192.168.39.155
ERROR auth failure for user 192.168.229.48
DEBUG heap size: 192.168.211.158
FATAL out of memory
DEBUG cache hit for key=192.168.193.243
WARN disk usage 192.168.229.48%
DEBUG cache hit for key=192.168.211.158
DEBUG cache hit for key=192.168.215.207
FATAL segfault at address 0x192.168.189.144
WARN memory threshold reached: 192.168.36.209MB
INFO user 192.168.211.158 logged in
INFO connection established
WARN disk usage 192.168.189.144%
ERROR file not found: /tmp/192.168.215.207.log
ERROR auth failure for user 192.168.9.50
INFO request from 192.168.193.243
WARN slow query: 192.168.60.30ms
DEBUG cache hit for key=192.168.57.185
DEBUG heap size: 192.168.193.243
INFO request from 192.168.39.155
ERROR connection timeout 503
WARN retry attempt 192.168.211.158 for 26344
DEBUG cache hit for key=192.168.39.155
FATAL kernel panic
ERROR file not found: /tmp/192.168.60.30.log
FATAL kernel panic
FATAL segfault at address 0x192.168.141.220
FATAL kernel panic
DEBUG heap size: 192.168.9.50
DEBUG heap size: 192.168.142.104
DEBUG heap size: 192.168.178.215
WARN slow query: 192.168.141.220ms
DEBUG heap size: 192.168.39.155
WARN retry attempt 192.168.142.104 for 60474
WARN slow query: 192.168.39.155ms
ERROR connection timeout 503
WARN retry attempt 192.168.92.139 for 94586
FATAL unrecoverable disk error
WARN slow query: 192.168.178.215ms
INFO connection established
WARN retry attempt 192.168.189.144 for 9298
WARN slow query: 192.168.193.243ms
ERROR null pointer in module 192.168.60.30
WARN slow query: 192.168.229.48ms
ERROR connection timeout 503
WARN memory threshold reached: 192.168.39.155MB
INFO request from 192.168.60.30
WARN retry attempt 192.168.211.158 for 31217
DEBUG heap size: 192.168.197.186
ERROR connection timeout 503
ERROR file not found: /tmp/192.168.178.6.log
INFO connection established
WARN memory threshold reached: 192.168.215.207MB
INFO connection established
DEBUG cache hit for key=192.168.178.6
INFO user 192.168.178.215 logged in
WARN memory threshold reached: 192.168.215.207MB
INFO request from 192.168.211.158
ERROR file not found: /tmp/192.168.141.220.log
ERROR null pointer in module 192.168.189.144
FATAL out of memory
FATAL out of memory
DEBUG entering function foo
ERROR null pointer in module 192.168.9.50
ERROR connection timeout 503
FATAL kernel panic
FATAL out of memory
ERROR null pointer in module 192.168.9.50
DEBUG entering function foo
INFO user 192.168.60.30 logged in
DEBUG entering function foo
DEBUG cache hit for key=192.168.141.220
INFO processed 192.168.142.104 items
INFO processed 192.168.189.144 items
ERROR null pointer in module 192.168.211.158
ERROR auth failure for user 192.168.178.215
FATAL unrecoverable disk error
DEBUG variable x=192.168.60.30
ERROR connection timeout 503
ERROR file not found: /tmp/192.168.178.215.log
DEBUG entering function foo
ERROR file not found: /tmp/192.168.178.6.log
ERROR file not found: /tmp/192.168.107.168.log
FATAL unrecoverable disk error
INFO connection established
INFO user 192.168.82.31 logged in
ERROR auth failure for user 192.168.121.141
WARN disk usage 192.168.107.168%
INFO processed 192.168.193.243 items
WARN disk usage 192.168.211.158%
FATAL kernel panic
FATAL unrecoverable disk error
ERROR auth failure for user 192.168.36.209
FATAL kernel panic
FATAL segfault at address 0x192.168.82.31
INFO user 192.168.193.243 logged in
DEBUG variable x=192.168.36.209
FATAL out of memory
FATAL segfault at address 0x192.168.36.209
INFO user 192.168.178.6 logged in
INFO request from 192.168.189.144
ERROR file not found: /tmp/192.168.197.186.log
ERROR connection timeout 503
WARN retry attempt 192.168.193.243 for 88864
FATAL out of memory
INFO request from 192.168.107.168
DEBUG entering function foo
ERROR connection timeout 503
INFO processed 192.168.107.168 items
INFO request from 192.168.36.209
DEBUG variable x=192.168.178.215
FATAL kernel panic
WARN memory threshold reached: 192.168.189.144MB
DEBUG cache hit for key=192.168.92.139
WARN retry attempt 192.168.229.48 for 45489
WARN slow query: 192.168.215.207ms
INFO connection established
DEBUG cache hit for key=192.168.197.186
DEBUG heap size: 192.168.189.144
WARN slow query: 192.168.219.168ms
FATAL unrecoverable disk error
ERROR connection timeout 503
ERROR file not found: /tmp/192.168.215.207.log
ERROR auth failure for user 192.168.57.185
FATAL unrecoverable disk error
FATAL segfault at address 0x192.168.189.144
WARN memory threshold reached: 192.168.60.30MB
ERROR null pointer in module 192.168.107.168
WARN memory threshold reached: 192.168.107.168MB
ERROR null pointer in module 192.168.36.209
INFO connection established
INFO connection established
WARN memory threshold reached: 192.168.92.139MB
INFO processed 192.168.229.48 items
WARN disk usage 192.168.9.50%
WARN memory threshold reached: 192.168.39.155MB
INFO connection established
WARN slow query: 192.168.197.186ms
ERROR file not found: /tmp/192.168.107.168.log
FATAL out of memory
WARN disk usage 192.168.92.139%
INFO request from 192.168.141.220
ERROR connection timeout 503
DEBUG cache hit for key=192.168.197.186
INFO request from 192.168.193.243
FATAL out of memory
INFO user 192.168.60.30 logged in
FATAL kernel panic
FATAL kernel panic
WARN slow query: 192.168.193.243ms
FATAL segfault at address 0x192.168.36.209
WARN memory threshold reached: 192.168.39.155MB
ERROR file not found: /tmp/192.168.39.155.log
WARN slow query: 192.168.178.215ms
INFO connection established
WARN disk usage 192.168.189.144%
INFO connection established
ERROR null pointer in module 192.168.178.215
WARN memory threshold reached: 192.168.229.48MB
DEBUG heap size: 192.168.211.158
FATAL segfault at address 0x192.168.229.48
FATAL out of memory
FATAL kernel panic
WARN memory threshold reached: 192.168.107.168MB
INFO user 192.168.39.155 logged in
ERROR auth failure for user 192.168.121.141
WARN disk usage 192.168.178.215%
INFO processed 192.168.141.220 items
INFO connection established
WARN retry attempt 192.168.141.220 for 28586
ERROR auth failure for user 192.168.178.215
ERROR null pointer in module 192.168.141.220
ERROR file not found: /tmp/192.168.92.139.log
FATAL unrecoverable disk error
WARN retry attempt 192.168.211.158 for 81530
FATAL out of memory
FATAL kernel panic
DEBUG entering function foo
FATAL segfault at address 0x192.168.215.207
WARN retry attempt 192.168.36.209 for 74280
FATAL unrecoverable disk error
ERROR null pointer in module 192.168.121.141
DEBUG heap size: 192.168.142.104
WARN slow query: 192.168.189.144ms
WARN retry attempt 192.168.193.243 for 12698
DEBUG heap size: 192.168.178.215
FATAL out of memory
ERROR null pointer in module 192.168.121.141
WARN disk usage 192.168.189.144%
DEBUG heap size: 192.168.36.209
ERROR connection timeout 503
INFO processed 192.168.215.207 items
DEBUG cache hit for key=192.168.211.158
WARN memory threshold reached: 192.168.60.30MB
DEBUG cache hit for key=192.168.189.144
ERROR null pointer in module 192.168.9.50
DEBUG cache hit for key=192.168.197.186
WARN memory threshold reached: 192.168.211.158MB
INFO request from 192.168.82.31
ERROR connection timeout 503
DEBUG entering function foo
ERROR connection timeout 503
ERROR auth failure for user 192.168.36.209
ERROR file not found: /tmp/192.168.82.31.log
DEBUG entering function foo
INFO user 192.168.215.207 logged in
FATAL out of memory
WARN memory threshold reached: 192.168.189.144MB
INFO request from 192.168.60.30
WARN slow query: 192.168.141.220ms
DEBUG heap size: 192.168.39.155
DEBUG heap size: 192.168.92.139
WARN disk usage 192.168.142.104%
WARN retry attempt 192.168.82.31 for 24846
DEBUG variable x=192.168.57.185
INFO user 192.168.178.215 logged in
DEBUG heap size: 192.168.141.220
DEBUG entering function foo
DEBUG cache hit for key=192.168.197.186
DEBUG heap size: 192.168.9.50
ERROR connection timeout 503
ERROR auth failure for user 192.168.178.6
INFO processed 192.168.92.139 items
DEBUG entering function foo
WARN memory threshold reached: 192.168.82.31MB
FATAL out of memory
DEBUG heap size: 192.168.92.139
WARN retry attempt 192.168.142.104 for 70215
WARN disk usage 192.168.229.48%
INFO processed 192.168.219.168 items
DEBUG entering function foo
DEBUG heap size: 192.168.9.50
INFO user 192.168.229.48 logged in
FATAL unrecoverable disk error
WARN retry attempt 192.168.121.141 for 93345
FATAL out of memory
ERROR file not found: /tmp/192.168.36.209.log
DEBUG entering function foo
INFO user 192.168.178.215 logged in
ERROR connection timeout 503
FATAL segfault at address 0x192.168.229.48
ERROR file not found: /tmp/192.168.197.186.log
INFO processed 192.168.57.185 items
INFO user 192.168.178.6 logged in
INFO user 192.168.215.207 logged in
FATAL unrecoverable disk error
WARN memory threshold reached: 192.168.142.104MB
INFO connection established
WARN slow query: 192.168.178.6ms
INFO connection established
ERROR connection timeout 503
DEBUG cache hit for key=192.168.215.207
ERROR file not found: /tmp/192.168.36.209.log
INFO request from 192.168.229.48
DEBUG variable x=192.168.178.215
INFO connection established
DEBUG entering function foo
FATAL kernel panic
WARN retry attempt 192.168.141.220 for 47044
DEBUG variable x=192.168.36.209
WARN slow query: 192.168.57.185ms
INFO processed 192.168.211.158 items
FATAL segfault at address 0x192.168.141.220
WARN slow query: 192.168.82.31ms
FATAL out of memory
ERROR file not found: /tmp/192.168.121.141.log
WARN retry attempt 192.168.142.104 for 95126
WARN memory threshold reached: 192.168.229.48MB
ERROR null pointer in module 192.168.219.168
ERROR file not found: /tmp/192.168.178.6.log
INFO connection established
FATAL kernel panic
ERROR null pointer in module 192.168.57.185
WARN memory threshold reached: 192.168.215.207MB
FATAL out of memory
WARN disk usage 192.168.211.158%
INFO user 192.168.82.31 logged in
ERROR connection timeout 503
WARN disk usage 192.168.189.144%
WARN disk usage 192.168.9.50%
WARN slow query: 192.168.211.158ms
DEBUG entering function foo
WARN disk usage 192.168.39.155%
INFO user 192.168.121.141 logged in
FATAL unrecoverable disk error
ERROR auth failure for user 192.168.178.6
INFO user 192.168.82.31 logged in
ERROR file not found: /tmp/192.168.121.141.log
FATAL unrecoverable disk error
INFO request from 192.168.82.31
ERROR null pointer in module 192.168.60.30
FATAL kernel panic
WARN slow query: 192.168.189.144ms
WARN memory threshold reached: 192.168.57.185MB
WARN disk usage 192.168.178.215%
ERROR null pointer in module 192.168.178.6
INFO connection established
INFO request from 192.168.178.215
FATAL unrecoverable disk error
WARN memory threshold reached: 192.168.82.31MB
FATAL unrecoverable disk error
DEBUG heap size: 192.168.215.207
ERROR file not found: /tmp/192.168.197.186.log
FATAL kernel panic
INFO connection established
DEBUG variable x=192.168.121.141
FATAL segfault at address 0x192.168.197.186
FATAL unrecoverable disk error
FATAL kernel panic
ERROR connection timeout 503
INFO processed 192.168.197.186 items
WARN retry attempt 192.168.189.144 for 75716
DEBUG cache hit for key=192.168.82.31
WARN disk usage 192.168.121.141%
WARN memory threshold reached: 192.168.211.158MB
WARN memory threshold reached: 192.168.36.209MB
WARN disk usage 192.168.178.215%
DEBUG entering function foo
WARN memory threshold reached: 192.168.39.155MB
FATAL out of memory
INFO user 192.168.39.155 logged in
WARN memory threshold reached: 192.168.189.144MB
FATAL out of memory
WARN memory threshold reached: 192.168.197.186MB
DEBUG variable x=192.168.36.209
WARN retry attempt 192.168.178.6 for 75357
ERROR auth failure for user 192.168.211.158
DEBUG cache hit for key=192.168.60.30
DEBUG variable x=192.168.92.139
ERROR null pointer in module 192.168.60.30
INFO user 192.168.39.155 logged in
DEBUG entering function foo
DEBUG heap size: 192.168.197.186
FATAL unrecoverable disk error
FATAL segfault at address 0x192.168.92.139
ERROR null pointer in module 192.168.82.31
DEBUG heap size: 192.168.178.215
WARN disk usage 192.168.229.48%
INFO connection established
ERROR connection timeout 503
INFO processed 192.168.60.30 items
ERROR auth failure for user 192.168.39.155
INFO user 192.168.36.209 logged in
WARN memory threshold reached: 192.168.211.158MB
DEBUG entering function foo
ERROR connection timeout 503
DEBUG heap size: 192.168.229.48
FATAL segfault at address 0x192.168.219.168
WARN retry attempt 192.168.215.207 for 64604
DEBUG variable x=192.168.178.6
WARN slow query: 192.168.121.141ms
ERROR file not found: /tmp/192.168.215.207.log
FATAL segfault at address 0x192.168.211.158
DEBUG variable x=192.168.9.50
FATAL segfault at address 0x192.168.92.139
ERROR null pointer in module 192.168.39.155
FATAL segfault at address 0x192.168.57.185
INFO user 192.168.82.31 logged in
WARN memory threshold reached: 192.168.82.31MB
DEBUG entering function foo
FATAL unrecoverable disk error
DEBUG entering function foo
ERROR connection timeout 503
ERROR file not found: /tmp/192.168.36.209.log
INFO processed 192.168.92.139 items
ERROR connection timeout 503
DEBUG heap size: 192.168.189.144
ERROR file not found: /tmp/192.168.92.139.log
DEBUG heap size: 192.168.178.215
DEBUG entering function foo
ERROR file not found: /tmp/192.168.178.215.log
ERROR file not found: /tmp/192.168.9.50.log
INFO processed 192.168.141.220 items
INFO request from 192.168.141.220
INFO connection established
DEBUG cache hit for key=192.168.229.48
DEBUG entering function foo
FATAL unrecoverable disk error
FATAL kernel panic
INFO processed 192.168.60.30 items
DEBUG entering function foo
WARN slow query: 192.168.178.6ms
INFO processed 192.168.219.168 items
WARN disk usage 192.168.189.144%
FATAL unrecoverable disk error
FATAL unrecoverable disk error
DEBUG variable x=192.168.57.185
ERROR connection timeout 503
ERROR file not found: /tmp/192.168.107.168.log
FATAL segfault at address 0x192.168.60.30
ERROR file not found: /tmp/192.168.82.31.log
DEBUG variable x=192.168.57.185
INFO connection established
FATAL kernel panic
INFO connection established
INFO request from 192.168.57.185
DEBUG variable x=192.168.141.220
FATAL unrecoverable disk error
ERROR auth failure for user 192.168.211.158
WARN disk usage 192.168.178.215%
ERROR connection timeout 503
WARN slow query: 192.168.189.144ms
WARN disk usage 192.168.215.207%
DEBUG variable x=192.168.211.158
FATAL segfault at address 0x192.168.36.209
INFO connection established
FATAL kernel panic
WARN memory threshold reached: 192.168.36.209MB
DEBUG variable x=192.168.92.139
FATAL out of memory
INFO connection established
INFO processed 192.168.178.215 items
ERROR auth failure for user 192.168.60.30
FATAL segfault at address 0x192.168.197.186
DEBUG entering function foo
WARN retry attempt 192.168.36.209 for 44472
INFO processed 192.168.178.215 items
WARN retry attempt 192.168.189.144 for 65003
FATAL segfault at address 0x192.168.92.139
ERROR null pointer in module 192.168.60.30
INFO connection established
INFO request from 192.168.60.30
DEBUG cache hit for key=192.168.39.155
FATAL out of memory
INFO processed 192.168.178.6 items
INFO connection established
DEBUG entering function foo
WARN disk usage 192.168.142.104%
ERROR auth failure for user 192.168.121.141
ERROR auth failure for user 192.168.9.50
WARN retry attempt 192.168.189.144 for 71850
ERROR null pointer in module 192.168.9.50
FATAL kernel panic
ERROR null pointer in module 192.168.92.139
INFO processed 192.168.36.209 items
DEBUG cache hit for key=192.168.229.48
ERROR file not found: /tmp/192.168.92.139.log
DEBUG variable x=192.168.189.144
WARN disk usage 192.168.60.30%
DEBUG entering function foo
INFO connection established
WARN disk usage 192.168.121.141%
ERROR auth failure for user 192.168.142.104
WARN memory threshold reached: 192.168.215.207MB
DEBUG variable x=192.168.178.215
ERROR connection timeout 503
ERROR connection timeout 503
FATAL segfault at address 0x192.168.178.6
WARN disk usage 192.168.219.168%
DEBUG cache hit for key=192.168.36.209
WARN slow query: 192.168.141.220ms
FATAL kernel panic
ERROR file not found: /tmp/192.168.36.209.log
INFO connection established
FATAL segfault at address 0x192.168.178.215
INFO connection established
FATAL out of memory
DEBUG variable x=192.168.141.220
ERROR connection timeout 503
INFO connection established
INFO connection established
ERROR auth failure for user 192.168.39.155
DEBUG cache hit for key=192.168.219.168
FATAL unrecoverable disk error
ERROR connection timeout 503
ERROR connection timeout 503
WARN retry attempt 192.168.57.185 for 93492
WARN disk usage 192.168.215.207%
INFO user 192.168.193.243 logged in
WARN slow query: 192.168.178.215ms
ERROR file not found: /tmp/192.168.57.185.log
INFO request from 192.168.197.186
INFO request from 192.168.142.104
DEBUG variable x=192.168.193.243
FATAL segfault at address 0x192.168.57.185
DEBUG heap size: 192.168.36.209
INFO user 192.168.92.139 logged in
DEBUG cache hit for key=192.168.82.31
FATAL segfault at address 0x192.168.57.185
INFO connection established
INFO connection established
WARN retry attempt 192.168.211.158 for 72275
WARN disk usage 192.168.229.48%
DEBUG variable x=192.168.193.243
FATAL segfault at address 0x192.168.219.168
FATAL unrecoverable disk error
WARN disk usage 192.168.141.220%
WARN slow query: 192.168.142.104ms
FATAL unrecoverable disk error
DEBUG cache hit for key=192.168.9.50
INFO request from 192.168.121.141
WARN disk usage 192.168.39.155%
FATAL unrecoverable disk error
DEBUG heap size: 192.168.39.155
ERROR connection timeout 503
DEBUG entering function foo
INFO user 192.168.82.31 logged in
FATAL kernel panic
DEBUG cache hit for key=192.168.193.243
INFO processed 192.168.142.104 items
DEBUG heap size: 192.168.142.104
FATAL kernel panic
INFO user 192.168.107.168 logged in
DEBUG variable x=192.168.36.209
FATAL unrecoverable disk error
WARN disk usage 192.168.92.139%
WARN disk usage 192.168.60.30%
INFO processed 192.168.197.186 items
FATAL kernel panic
ERROR file not found: /tmp/192.168.36.209.log
WARN disk usage 192.168.92.139%
DEBUG entering function foo
INFO request from 192.168.178.215
INFO user 192.168.189.144 logged in
INFO user 192.168.178.215 logged in
ERROR auth failure for user 192.168.219.168
FATAL kernel panic
INFO connection established
WARN disk usage 192.168.193.243%
ERROR connection timeout 503
INFO connection established
INFO user 192.168.82.31 logged in
FATAL out of memory
FATAL unrecoverable disk error
ERROR file not found: /tmp/192.168.178.215.log
INFO processed 192.168.141.220 items
WARN disk usage 192.168.36.209%
DEBUG entering function foo
FATAL out of memory
FATAL out of memory
WARN disk usage 192.168.219.168%
WARN slow query: 192.168.92.139ms
INFO request from 192.168.9.50
WARN retry attempt 192.168.178.215 for 30708
DEBUG cache hit for key=192.168.141.220
WARN slow query: 192.168.142.104ms
DEBUG entering function foo
INFO request from 192.168.211.158
INFO processed 192.168.189.144 items
WARN disk usage 192.168.219.168%
INFO processed 192.168.121.141 items
ERROR auth failure for user 192.168.193.243
WARN memory threshold reached: 192.168.92.139MB
ERROR null pointer in module 192.168.141.220
FATAL kernel panic
INFO connection established
INFO connection established
DEBUG cache hit for key=192.168.82.31
INFO connection established
WARN disk usage 192.168.229.48%
WARN retry attempt 192.168.92.139 for 42432
FATAL unrecoverable disk error
FATAL out of memory
INFO request from 192.168.107.168
DEBUG cache hit for key=192.168.197.186
FATAL out of memory
DEBUG cache hit for key=192.168.57.185
FATAL unrecoverable disk error
ERROR file not found: /tmp/192.168.178.6.log
FATAL segfault at address 0x192.168.197.186
DEBUG variable x=192.168.141.220
WARN disk usage 192.168.9.50%
DEBUG cache hit for key=192.168.9.50
INFO connection established
ERROR auth failure for user 192.168.57.185
DEBUG entering function foo
WARN slow query: 192.168.141.220ms
FATAL out of memory
WARN slow query: 192.168.39.155ms
DEBUG variable x=192.168.39.155
FATAL unrecoverable disk error
INFO processed 192.168.9.50 items
INFO user 192.168.121.141 logged in
WARN disk usage 192.168.178.6%
FATAL unrecoverable disk error
WARN slow query: 192.168.197.186ms
ERROR file not found: /tmp/192.168.178.6.log
FATAL unrecoverable disk error
ERROR null pointer in module 192.168.141.220
ERROR auth failure for user 192.168.9.50
INFO user 192.168.57.185 logged in
DEBUG entering function foo
ERROR auth failure for user 192.168.60.30
DEBUG variable x=192.168.82.31
FATAL unrecoverable disk error
INFO processed 192.168.141.220 items
INFO request from 192.168.60.30
ERROR file not found: /tmp/192.168.142.104.log
WARN slow query: 192.168.197.186ms
WARN memory threshold reached: 192.168.211.158MB
ERROR auth failure for user 192.168.142.104
DEBUG heap size: 192.168.107.168
INFO user 192.168.60.30 logged in
FATAL kernel panic
FATAL unrecoverable disk error
WARN slow query: 192.168.197.186ms
FATAL unrecoverable disk error
FATAL segfault at address 0x192.168.211.158
DEBUG cache hit for key=192.168.178.215
ERROR auth failure for user 192.168.9.50
DEBUG entering function foo
ERROR connection timeout 503
ERROR connection timeout 503
ERROR null pointer in module 192.168.39.155
INFO connection established
ERROR null pointer in module 192.168.193.243
WARN disk usage 192.168.178.215%
ERROR null pointer in module 192.168.229.48
WARN retry attempt 192.168.57.185 for 29341
ERROR null pointer in module 192.168.178.6
FATAL out of memory
ERROR null pointer in module 192.168.36.209
INFO processed 192.168.60.30 items
ERROR auth failure for user 192.168.60.30
ERROR auth failure for user 192.168.141.220
INFO request from 192.168.219.168
ERROR auth failure for user 192.168.193.243
INFO connection established
FATAL kernel panic
DEBUG heap size: 192.168.36.209
FATAL kernel panic
WARN disk usage 192.168.60.30%
FATAL kernel panic
WARN slow query: 192.168.215.207ms
DEBUG variable x=192.168.82.31
ERROR file not found: /tmp/192.168.39.155.log
FATAL unrecoverable disk error
ERROR connection timeout 503
INFO request from 192.168.92.139
FATAL unrecoverable disk error
FATAL kernel panic
ERROR null pointer in module 192.168.39.155
INFO processed 192.168.211.158 items
WARN memory threshold reached: 192.168.219.168MB
ERROR connection timeout 503
WARN retry attempt 192.168.107.168 for 33664
DEBUG cache hit for key=192.168.121.141
INFO connection established
DEBUG variable x=192.168.189.144
WARN memory threshold reached: 192.168.92.139MB
INFO request from 192.168.219.168
DEBUG heap size: 192.168.219.168
FATAL kernel panic
INFO user 192.168.9.50 logged in
DEBUG heap size: 192.168.9.50
DEBUG entering function foo
DEBUG entering function foo
INFO connection established
WARN retry attempt 192.168.211.158 for 56771
DEBUG heap size: 192.168.142.104
ERROR file not found: /tmp/192.168.92.139.log
ERROR null pointer in module 192.168.229.48
WARN slow query: 192.168.60.30ms
INFO connection established
FATAL unrecoverable disk error
FATAL segfault at address 0x192.168.107.168
FATAL out of memory
FATAL out of memory
WARN retry attempt 192.168.39.155 for 58249
WARN memory threshold reached: 192.168.39.155MB
WARN retry attempt 192.168.60.30 for 89010
ERROR connection timeout 503
ERROR auth failure for user 192.168.60.30
FATAL unrecoverable disk error
ERROR file not found: /tmp/192.168.36.209.log
ERROR null pointer in module 192.168.82.31
ERROR connection timeout 503
DEBUG heap size: 192.168.9.50
DEBUG heap size: 192.168.57.185
DEBUG variable x=192.168.107.168
ERROR null pointer in module 192.168.219.168
ERROR connection timeout 503
INFO request from 192.168.107.168
INFO processed 192.168.178.215 items
INFO connection established
WARN retry attempt 192.168.229.48 for 18483
DEBUG cache hit for key=192.168.121.141
WARN retry attempt 192.168.211.158 for 24372
DEBUG entering function foo
WARN retry attempt 192.168.107.168 for 75632
WARN disk usage 192.168.189.144%
FATAL kernel panic
WARN memory threshold reached: 192.168.142.104MB
WARN disk usage 192.168.39.155%
WARN slow query: 192.168.82.31ms
INFO processed 192.168.178.215 items
WARN disk usage 192.168.82.31%
INFO processed 192.168.36.209 items
FATAL kernel panic
ERROR auth failure for user 192.168.60.30
INFO request from 192.168.178.215
INFO request from 192.168.211.158
WARN memory threshold reached: 192.168.229.48MB
FATAL segfault at address 0x192.168.215.207
FATAL segfault at address 0x192.168.39.155
FATAL out of memory
FATAL out of memory
INFO connection established
DEBUG cache hit for key=192.168.178.215
DEBUG heap size: 192.168.121.141
DEBUG entering function foo
ERROR connection timeout 503
FATAL kernel panic
FATAL out of memory
DEBUG entering function foo
FATAL out of memory
FATAL kernel panic
FATAL segfault at address 0x192.168.141.220
WARN memory threshold reached: 192.168.178.6MB
DEBUG entering function foo
ERROR null pointer in module 192.168.141.220
FATAL out of memory
DEBUG cache hit for key=192.168.141.220
ERROR file not found: /tmp/192.168.178.215.log
DEBUG cache hit for key=192.168.36.209
INFO request from 192.168.60.30
FATAL kernel panic
ERROR auth failure for user 192.168.141.220
WARN slow query: 192.168.215.207ms
FATAL unrecoverable disk error
DEBUG variable x=192.168.178.215
WARN slow query: 192.168.39.155ms
ERROR auth failure for user 192.168.229.48
WARN disk usage 192.168.197.186%
WARN slow query: 192.168.189.144ms
INFO request from 192.168.229.48
INFO connection established
FATAL kernel panic
WARN slow query: 192.168.211.158ms
ERROR file not found: /tmp/192.168.60.30.log
WARN memory threshold reached: 192.168.60.30MB
WARN slow query: 192.168.215.207ms
DEBUG heap size: 192.168.36.209
INFO user 192.168.60.30 logged in
FATAL kernel panic
DEBUG entering function foo
INFO request from 192.168.121.141
DEBUG entering function foo
FATAL unrecoverable disk error
INFO connection established
INFO processed 192.168.107.168 items
WARN disk usage 192.168.141.220%
FATAL kernel panic
INFO user 192.168.141.220 logged in
ERROR auth failure for user 192.168.215.207
INFO user 192.168.142.104 logged in
INFO user 192.168.121.141 logged in
ERROR auth failure for user 192.168.92.139
WARN retry attempt 192.168.92.139 for 50285
ERROR auth failure for user 192.168.121.141
DEBUG entering function foo
ERROR auth failure for user 192.168.178.215
ERROR null pointer in module 192.168.193.243
ERROR connection timeout 503
DEBUG heap size: 192.168.82.31
WARN memory threshold reached: 192.168.121.141MB
DEBUG cache hit for key=192.168.141.220
ERROR connection timeout 503
ERROR null pointer in module 192.168.92.139
WARN slow query: 192.168.121.141ms
WARN disk usage 192.168.121.141%
FATAL unrecoverable disk error
FATAL out of memory
INFO connection established
WARN memory threshold reached: 192.168.197.186MB
FATAL kernel panic
WARN retry attempt 192.168.193.243 for 5647
FATAL segfault at address 0x192.168.142.104
FATAL segfault at address 0x192.168.82.31
DEBUG heap size: 192.168.178.6
WARN memory threshold reached: 192.168.178.6MB
ERROR file not found: /tmp/192.168.82.31.log
FATAL segfault at address 0x192.168.197.186
ERROR connection timeout 503
FATAL out of memory
WARN retry attempt 192.168.60.30 for 45270
INFO request from 192.168.178.6
FATAL out of memory
ERROR null pointer in module 192.168.219.168
DEBUG variable x=192.168.142.104
DEBUG entering function foo
INFO connection established
ERROR connection timeout 503
FATAL kernel panic
WARN memory threshold reached: 192.168.92.139MB
DEBUG entering function foo
DEBUG entering function foo
INFO connection established
WARN retry attempt 192.168.107.168 for 39824
DEBUG heap size: 192.168.229.48
WARN memory threshold reached: 192.168.36.209MB
INFO request from 192.168.189.144
WARN retry attempt 192.168.197.186 for 40638
FATAL segfault at address 0x192.168.107.168
WARN slow query: 192.168.189.144ms
DEBUG heap size: 192.168.92.139
DEBUG heap size: 192.168.121.141
ERROR null pointer in module 192.168.178.6
ERROR auth failure for user 192.168.107.168
WARN disk usage 192.168.178.215%
ERROR connection timeout 503
ERROR auth failure for user 192.168.60.30
DEBUG entering function foo
WARN disk usage 192.168.178.215%
DEBUG variable x=192.168.229.48
ERROR file not found: /tmp/192.168.9.50.log
INFO user 192.168.141.220 logged in
DEBUG cache hit for key=192.168.142.104
DEBUG variable x=192.168.229.48
DEBUG cache hit for key=192.168.57.185
INFO processed 192.168.92.139 items
ERROR null pointer in module 192.168.39.155
ERROR file not found: /tmp/192.168.211.158.log
FATAL unrecoverable disk error
INFO connection established
WARN disk usage 192.168.9.50%
WARN memory threshold reached: 192.168.189.144MB
FATAL out of memory
DEBUG variable x=192.168.178.215
DEBUG heap size: 192.168.60.30
INFO processed 192.168.57.185 items
INFO user 192.168.211.158 logged in
FATAL unrecoverable disk error
ERROR file not found: /tmp/192.168.229.48.log
DEBUG entering function foo
WARN memory threshold reached: 192.168.82.31MB
FATAL kernel panic
ERROR null pointer in module 192.168.141.220
INFO processed 192.168.229.48 items
FATAL unrecoverable disk error
DEBUG entering function foo
WARN disk usage 192.168.211.158%
FATAL kernel panic
WARN slow query: 192.168.107.168ms
ERROR auth failure for user 192.168.39.155
WARN disk usage 192.168.193.243%
ERROR file not found: /tmp/192.168.215.207.log
ERROR connection timeout 503
FATAL out of memory
INFO request from 192.168.36.209
FATAL out of memory
ERROR auth failure for user 192.168.189.144
ERROR file not found: /tmp/192.168.219.168.log
DEBUG cache hit for key=192.168.178.215
WARN memory threshold reached: 192.168.197.186MB
WARN memory threshold reached: 192.168.9.50MB
ERROR auth failure for user 192.168.9.50
ERROR connection timeout 503
WARN memory threshold reached: 192.168.107.168MB
DEBUG heap size: 192.168.229.48
ERROR null pointer in module 192.168.211.158
DEBUG cache hit for key=192.168.141.220
INFO processed 192.168.215.207 items
ERROR file not found: /tmp/192.168.219.168.log
ERROR auth failure for user 192.168.219.168
ERROR auth failure for user 192.168.178.215
INFO user 192.168.229.48 logged in
FATAL segfault at address 0x192.168.189.144
FATAL kernel panic
INFO connection established
INFO user 192.168.178.6 logged in
FATAL kernel panic
FATAL segfault at address 0x192.168.215.207
FATAL segfault at address 0x192.168.60.30
FATAL out of memory
WARN slow query: 192.168.189.144ms
DEBUG cache hit for key=192.168.60.30
ERROR null pointer in module 192.168.141.220
WARN slow query: 192.168.215.207ms
FATAL out of memory
INFO user 192.168.39.155 logged in
ERROR file not found: /tmp/192.168.211.158.log
INFO processed 192.168.142.104 items
INFO request from 192.168.142.104
DEBUG cache hit for key=192.168.36.209
DEBUG heap size: 192.168.215.207
WARN slow query: 192.168.219.168ms
DEBUG heap size: 192.168.178.6
INFO request from 192.168.36.209
INFO connection established
ERROR connection timeout 503
INFO request from 192.168.141.220
FATAL segfault at address 0x192.168.211.158
INFO connection established
INFO user 192.168.189.144 logged in
FATAL out of memory
FATAL kernel panic
FATAL segfault at address 0x192.168.82.31
INFO user 192.168.60.30 logged in
DEBUG variable x=192.168.197.186
DEBUG variable x=192.168.211.158
ERROR null pointer in module 192.168.107.168
FATAL out of memory
FATAL unrecoverable disk error
FATAL out of memory
FATAL unrecoverable disk error
WARN slow query: 192.168.60.30ms
DEBUG variable x=192.168.9.50
ERROR null pointer in module 192.168.60.30
FATAL unrecoverable disk error
WARN slow query: 192.168.193.243ms
FATAL out of memory
DEBUG cache hit for key=192.168.197.186
FATAL unrecoverable disk error
DEBUG cache hit for key=192.168.57.185
INFO connection established
WARN retry attempt 192.168.178.6 for 25785
WARN slow query: 192.168.178.215ms
DEBUG entering function foo
INFO processed 192.168.39.155 items
WARN retry attempt 192.168.211.158 for 56918
DEBUG variable x=192.168.142.104
ERROR connection timeout 503
FATAL kernel panic
DEBUG cache hit for key=192.168.39.155
ERROR null pointer in module 192.168.9.50
DEBUG heap size: 192.168.92.139
FATAL kernel panic
ERROR auth failure for user 192.168.107.168
WARN disk usage 192.168.36.209%
FATAL kernel panic
INFO request from 192.168.121.141
FATAL kernel panic
WARN slow query: 192.168.193.243ms
DEBUG heap size: 192.168.178.215
ERROR file not found: /tmp/192.168.92.139.log
FATAL segfault at address 0x192.168.141.220
ERROR file not found: /tmp/192.168.178.215.log
FATAL out of memory
WARN disk usage 192.168.178.215%
ERROR file not found: /tmp/192.168.193.243.log
ERROR auth failure for user 192.168.92.139
WARN slow query: 192.168.39.155ms
FATAL kernel panic
DEBUG cache hit for key=192.168.9.50
INFO request from 192.168.36.209
INFO connection established
INFO request from 192.168.211.158
FATAL segfault at address 0x192.168.82.31
INFO processed 192.168.211.158 items
ERROR null pointer in module 192.168.193.243
ERROR file not found: /tmp/192.168.219.168.log
FATAL out of memory
INFO user 192.168.60.30 logged in
ERROR connection timeout 503
FATAL kernel panic
DEBUG heap size: 192.168.142.104
INFO user 192.168.197.186 logged in
ERROR connection timeout 503
DEBUG variable x=192.168.211.158
ERROR null pointer in module 192.168.82.31
ERROR auth failure for user 192.168.39.155
INFO connection established
ERROR auth failure for user 192.168.219.168
DEBUG heap size: 192.168.215.207
WARN memory threshold reached: 192.168.9.50MB
FATAL out of memory
DEBUG heap size: 192.168.219.168
FATAL kernel panic
ERROR connection timeout 503
FATAL out of memory
ERROR connection timeout 503
FATAL unrecoverable disk error
WARN retry attempt 192.168.178.215 for 10301
ERROR file not found: /tmp/192.168.211.158.log
ERROR connection timeout 503
DEBUG heap size: 192.168.211.158
INFO user 192.168.141.220 logged in
DEBUG cache hit for key=192.168.142.104
ERROR null pointer in module 192.168.92.139
FATAL unrecoverable disk error
INFO request from 192.168.107.168
WARN slow query: 192.168.39.155ms
DEBUG cache hit for key=192.168.197.186
DEBUG variable x=192.168.215.207
DEBUG entering function foo
DEBUG heap size: 192.168.92.139
INFO request from 192.168.219.168
WARN slow query: 192.168.9.50ms
ERROR connection timeout 503
ERROR null pointer in module 192.168.36.209
DEBUG heap size: 192.168.219.168
INFO connection established
ERROR file not found: /tmp/192.168.215.207.log
ERROR file not found: /tmp/192.168.82.31.log
FATAL out of memory
ERROR file not found: /tmp/192.168.92.139.log
DEBUG entering function foo
INFO connection established
FATAL kernel panic
DEBUG entering function foo
DEBUG cache hit for key=192.168.107.168
ERROR auth failure for user 192.168.82.31
WARN slow query: 192.168.92.139ms
WARN disk usage 192.168.197.186%
DEBUG entering function foo
ERROR file not found: /tmp/192.168.107.168.log
ERROR file not found: /tmp/192.168.141.220.log
WARN retry attempt 192.168.121.141 for 87901
ERROR file not found: /tmp/192.168.211.158.log
ERROR connection timeout 503
INFO request from 192.168.57.185
INFO connection established
DEBUG variable x=192.168.178.6
ERROR connection timeout 503
INFO request from 192.168.211.158
FATAL out of memory
INFO processed 192.168.219.168 items
DEBUG cache hit for key=192.168.189.144
DEBUG entering function foo
INFO request from 192.168.82.31
WARN retry attempt 192.168.215.207 for 11471
ERROR null pointer in module 192.168.229.48
DEBUG entering function foo
INFO request from 192.168.189.144
WARN disk usage 192.168.193.243%
ERROR auth failure for user 192.168.121.141
FATAL kernel panic
ERROR null pointer in module 192.168.229.48
WARN disk usage 192.168.229.48%
ERROR file not found: /tmp/192.168.107.168.log
INFO user 192.168.121.141 logged in
DEBUG cache hit for key=192.168.178.6
INFO connection established
FATAL unrecoverable disk error
WARN disk usage 192.168.211.158%
DEBUG cache hit for key=192.168.178.6
INFO connection established
FATAL kernel panic
WARN slow query: 192.168.189.144ms
INFO connection established
FATAL out of memory
INFO request from 192.168.121.141
ERROR auth failure for user 192.168.197.186
ERROR connection timeout 503
FATAL unrecoverable disk error
DEBUG heap size: 192.168.121.141
FATAL out of memory
DEBUG entering function foo
FATAL segfault at address 0x192.168.39.155
INFO user 192.168.36.209 logged in
WARN slow query: 192.168.60.30ms
INFO processed 192.168.193.243 items
WARN memory threshold reached: 192.168.142.104MB
DEBUG heap size: 192.168.229.48
FATAL unrecoverable disk error
WARN slow query: 192.168.178.6ms
FATAL out of memory
ERROR auth failure for user 192.168.189.144
INFO processed 192.168.60.30 items
ERROR connection timeout 503
DEBUG heap size: 192.168.219.168
ERROR connection timeout 503
WARN disk usage 192.168.60.30%
ERROR auth failure for user 192.168.121.141
FATAL unrecoverable disk error
INFO connection established
DEBUG cache hit for key=192.168.57.185
DEBUG entering function foo
DEBUG cache hit for key=192.168.57.185
DEBUG entering function foo
ERROR auth failure for user 192.168.189.144
FATAL kernel panic
FATAL kernel panic
ERROR null pointer in module 192.168.189.144
DEBUG cache hit for key=192.168.36.209
FATAL kernel panic
DEBUG variable x=192.168.107.168
ERROR null pointer in module 192.168.82.31
WARN memory threshold reached: 192.168.39.155MB
DEBUG heap size: 192.168.215.207
INFO user 192.168.57.185 logged in
FATAL out of memory
WARN retry attempt 192.168.189.144 for 29595
DEBUG heap size: 192.168.197.186
FATAL segfault at address 0x192.168.121.141
WARN retry attempt 192.168.197.186 for 22341
INFO connection established
DEBUG entering function foo
FATAL segfault at address 0x192.168.142.104
DEBUG entering function foo
DEBUG variable x=192.168.215.207
ERROR file not found: /tmp/192.168.92.139.log
INFO request from 192.168.142.104
FATAL kernel panic
ERROR connection timeout 503
ERROR auth failure for user 192.168.142.104
ERROR null pointer in module 192.168.219.168
INFO request from 192.168.39.155
FATAL unrecoverable disk error
INFO user 192.168.219.168 logged in
DEBUG variable x=192.168.107.168
DEBUG heap size: 192.168.36.209
FATAL kernel panic
ERROR auth failure for user 192.168.189.144
FATAL out of memory
DEBUG heap size: 192.168.178.215
DEBUG variable x=192.168.219.168
WARN retry attempt 192.168.142.104 for 15204
FATAL kernel panic
INFO connection established
ERROR connection timeout 503
DEBUG heap size: 192.168.197.186
WARN memory threshold reached: 192.168.142.104MB
WARN slow query: 192.168.39.155ms
FATAL unrecoverable disk error
WARN slow query: 192.168.141.220ms
FATAL out of memory
WARN memory threshold reached: 192.168.142.104MB
FATAL unrecoverable disk error
WARN memory threshold reached: 192.168.142.104MB
FATAL segfault at address 0x192.168.121.141
INFO connection established
ERROR file not found: /tmp/192.168.197.186.log
INFO connection established
ERROR auth failure for user 192.168.193.243
DEBUG heap size: 192.168.82.31
FATAL unrecoverable disk error
ERROR auth failure for user 192.168.60.30
INFO processed 192.168.121.141 items
FATAL segfault at address 0x192.168.36.209
DEBUG heap size: 192.168.82.31
WARN slow query: 192.168.178.215ms
WARN memory threshold reached: 192.168.82.31MB
FATAL segfault at address 0x192.168.107.168
WARN slow query: 192.168.9.50ms
ERROR file not found: /tmp/192.168.193.243.log
WARN retry attempt 192.168.107.168 for 54765
ERROR file not found: /tmp/192.168.36.209.log
INFO connection established
ERROR auth failure for user 192.168.107.168
FATAL out of memory
FATAL kernel panic
INFO connection established
DEBUG variable x=192.168.193.243
WARN slow query: 192.168.229.48ms
INFO processed 192.168.121.141 items
DEBUG variable x=192.168.92.139
DEBUG variable x=192.168.57.185
ERROR file not found: /tmp/192.168.60.30.log
ERROR file not found: /tmp/192.168.92.139.log
WARN disk usage 192.168.215.207%
DEBUG cache hit for key=192.168.219.168
INFO user 192.168.60.30 logged in
DEBUG cache hit for key=192.168.178.6
WARN disk usage 192.168.211.158%
INFO connection established
WARN slow query: 192.168.57.185ms
ERROR null pointer in module 192.168.107.168
INFO user 192.168.36.209 logged in
DEBUG heap size: 192.168.178.6
INFO request from 192.168.121.141
INFO request from 192.168.57.185
WARN disk usage 192.168.107.168%
ERROR connection timeout 503
WARN disk usage 192.168.197.186%
FATAL kernel panic
WARN slow query: 192.168.36.209ms
INFO request from 192.168.178.6
ERROR null pointer in module 192.168.211.158
FATAL segfault at address 0x192.168.197.186
WARN slow query: 192.168.197.186ms
FATAL unrecoverable disk error
WARN slow query: 192.168.141.220ms
INFO connection established
DEBUG entering function foo
ERROR connection timeout 503
ERROR auth failure for user 192.168.57.185
INFO user 192.168.57.185 logged in
DEBUG variable x=192.168.36.209
FATAL out of memory
DEBUG variable x=192.168.121.141
INFO user 192.168.36.209 logged in
ERROR connection timeout 503
WARN disk usage 192.168.178.215%
WARN slow query: 192.168.9.50ms
INFO processed 192.168.60.30 items
DEBUG cache hit for key=192.168.57.185
ERROR auth failure for user 192.168.39.155
WARN disk usage 192.168.197.186%
WARN memory threshold reached: 192.168.142.104MB
WARN slow query: 192.168.229.48ms
INFO user 192.168.39.155 logged in
ERROR connection timeout 503
ERROR file not found: /tmp/192.168.178.6.log
FATAL out of memory
DEBUG entering function foo
DEBUG cache hit for key=192.168.121.141
DEBUG cache hit for key=192.168.82.31
DEBUG variable x=192.168.178.215
FATAL kernel panic
DEBUG cache hit for key=192.168.211.158
WARN retry attempt 192.168.197.186 for 78320
WARN slow query: 192.168.178.6ms
ERROR file not found: /tmp/192.168.193.243.log
DEBUG entering function foo
DEBUG variable x=192.168.189.144
WARN memory threshold reached: 192.168.229.48MB
DEBUG cache hit for key=192.168.107.168
DEBUG cache hit for key=192.168.107.168
ERROR auth failure for user 192.168.178.6
WARN memory threshold reached: 192.168.107.168MB
INFO request from 192.168.39.155
INFO request from 192.168.178.6
INFO user 192.168.229.48 logged in
DEBUG entering function foo
FATAL segfault at address 0x192.168.39.155
FATAL kernel panic
DEBUG entering function foo
INFO request from 192.168.39.155
WARN slow query: 192.168.121.141ms
INFO processed 192.168.189.144 items
ERROR null pointer in module 192.168.197.186
ERROR file not found: /tmp/192.168.141.220.log
WARN memory threshold reached: 192.168.142.104MB
WARN memory threshold reached: 192.168.142.104MB
FATAL segfault at address 0x192.168.121.141
WARN disk usage 192.168.178.215%
ERROR connection timeout 503
FATAL kernel panic
INFO request from 192.168.92.139
WARN slow query: 192.168.60.30ms
WARN disk usage 192.168.178.215%
INFO user 192.168.60.30 logged in
ERROR auth failure for user 192.168.57.185
WARN slow query: 192.168.178.6ms
DEBUG variable x=192.168.142.104
DEBUG variable x=192.168.9.50
FATAL segfault at address 0x192.168.215.207
WARN retry attempt 192.168.193.243 for 885
WARN memory threshold reached: 192.168.82.31MB
WARN memory threshold reached: 192.168.219.168MB
WARN slow query: 192.168.9.50ms
FATAL out of memory
WARN slow query: 192.168.92.139ms
WARN disk usage 192.168.193.243%
FATAL unrecoverable disk error
DEBUG entering function foo
WARN retry attempt 192.168.219.168 for 88678
DEBUG variable x=192.168.197.186
FATAL segfault at address 0x192.168.107.168
INFO processed 192.168.178.6 items
ERROR auth failure for user 192.168.178.215
INFO request from 192.168.121.141
WARN retry attempt 192.168.178.215 for 98612
FATAL out of memory
DEBUG heap size: 192.168.193.243
WARN memory threshold reached: 192.168.107.168MB
ERROR null pointer in module 192.168.9.50
WARN disk usage 192.168.9.50%
DEBUG cache hit for key=192.168.142.104
ERROR auth failure for user 192.168.178.6
WARN retry attempt 192.168.142.104 for 83576
WARN memory threshold reached: 192.168.9.50MB
INFO connection established
INFO request from 192.168.36.209
DEBUG variable x=192.168.92.139
DEBUG variable x=192.168.141.220
ERROR null pointer in module 192.168.141.220
FATAL out of memory
ERROR connection timeout 503
ERROR null pointer in module 192.168.107.168
ERROR null pointer in module 192.168.9.50
FATAL segfault at address 0x192.168.141.220
DEBUG heap size: 192.168.142.104
FATAL unrecoverable disk error
DEBUG entering function foo
WARN disk usage 192.168.121.141%
DEBUG cache hit for key=192.168.178.215
FATAL unrecoverable disk error
FATAL segfault at address 0x192.168.219.168
INFO user 192.168.57.185 logged in
WARN memory threshold reached: 192.168.219.168MB
WARN disk usage 192.168.189.144%
INFO user 192.168.215.207 logged in
FATAL kernel panic
DEBUG entering function foo
DEBUG entering function foo
FATAL unrecoverable disk error
FATAL kernel panic
ERROR auth failure for user 192.168.215.207
WARN retry attempt 192.168.193.243 for 46389
DEBUG cache hit for key=192.168.121.141
FATAL out of memory
ERROR connection timeout 503
ERROR null pointer in module 192.168.36.209
WARN memory threshold reached: 192.168.9.50MB
ERROR connection timeout 503
DEBUG variable x=192.168.107.168
DEBUG variable x=192.168.229.48
ERROR file not found: /tmp/192.168.82.31.log
INFO user 192.168.178.6 logged in
WARN retry attempt 192.168.211.158 for 34854
INFO user 192.168.36.209 logged in
WARN memory threshold reached: 192.168.189.144MB
ERROR connection timeout 503
INFO processed 192.168.229.48 items
ERROR file not found: /tmp/192.168.211.158.log
INFO processed 192.168.141.220 items
INFO user 192.168.92.139 logged in
FATAL out of memory
DEBUG variable x=192.168.107.168
WARN memory threshold reached: 192.168.107.168MB
INFO processed 192.168.39.155 items
DEBUG heap size: 192.168.211.158
WARN retry attempt 192.168.219.168 for 71309
ERROR file not found: /tmp/192.168.178.215.log
DEBUG entering function foo
FATAL segfault at address 0x192.168.229.48
ERROR auth failure for user 192.168.219.168
INFO request from 192.168.82.31
DEBUG cache hit for key=192.168.219.168
FATAL out of memory
ERROR connection timeout 503
ERROR file not found: /tmp/192.168.178.6.log
FATAL out of memory
INFO connection established
WARN disk usage 192.168.178.215%
WARN disk usage 192.168.178.6%
INFO connection established
FATAL kernel panic
FATAL unrecoverable disk error
FATAL segfault at address 0x192.168.36.209
DEBUG cache hit for key=192.168.82.31
INFO user 192.168.178.215 logged in
ERROR auth failure for user 192.168.178.215
WARN slow query: 192.168.197.186ms
ERROR file not found: /tmp/192.168.178.6.log
INFO request from 192.168.189.144
DEBUG cache hit for key=192.168.36.209
DEBUG variable x=192.168.193.243
FATAL segfault at address 0x192.168.92.139
DEBUG entering function foo
FATAL kernel panic
FATAL unrecoverable disk error
INFO user 192.168.121.141 logged in
INFO user 192.168.229.48 logged in
WARN retry attempt 192.168.178.6 for 89438
WARN retry attempt 192.168.39.155 for 2526
INFO request from 192.168.219.168
FATAL out of memory
INFO connection established
DEBUG heap size: 192.168.141.220
FATAL out of memory
WARN memory threshold reached: 192.168.57.185MB
WARN slow query: 192.168.197.186ms
WARN retry attempt 192.168.193.243 for 85216
DEBUG heap size: 192.168.57.185
INFO request from 192.168.189.144
WARN retry attempt 192.168.215.207 for 59711
ERROR file not found: /tmp/192.168.39.155.log
DEBUG cache hit for key=192.168.178.6
ERROR null pointer in module 192.168.193.243
DEBUG heap size: 192.168.36.209
ERROR file not found: /tmp/192.168.36.209.log
INFO processed 192.168.60.30 items
ERROR connection timeout 503
INFO connection established
WARN retry attempt 192.168.141.220 for 12952
FATAL kernel panic
ERROR file not found: /tmp/192.168.178.215.log
FATAL out of memory
DEBUG variable x=192.168.215.207
INFO request from 192.168.82.31
INFO request from 192.168.39.155
FATAL kernel panic
FATAL out of memory
FATAL kernel panic
FATAL out of memory
DEBUG heap size: 192.168.107.168
FATAL kernel panic
DEBUG cache hit for key=192.168.39.155
FATAL out of memory
DEBUG heap size: 192.168.142.104
ERROR connection timeout 503
ERROR null pointer in module 192.168.219.168
FATAL segfault at address 0x192.168.121.141
ERROR auth failure for user 192.168.107.168
FATAL segfault at address 0x192.168.36.209
FATAL segfault at address 0x192.168.39.155
WARN disk usage 192.168.189.144%
WARN disk usage 192.168.193.243%
ERROR file not found: /tmp/192.168.189.144.log
FATAL out of memory
ERROR null pointer in module 192.168.141.220
FATAL out of memory
DEBUG cache hit for key=192.168.82.31
ERROR null pointer in module 192.168.193.243
DEBUG heap size: 192.168.178.6
WARN disk usage 192.168.36.209%
DEBUG entering function foo
ERROR auth failure for user 192.168.82.31
ERROR file not found: /tmp/192.168.39.155.log
INFO user 192.168.39.155 logged in
DEBUG variable x=192.168.9.50
WARN retry attempt 192.168.189.144 for 82005
INFO connection established
DEBUG entering function foo
ERROR auth failure for user 192.168.60.30
FATAL out of memory
ERROR null pointer in module 192.168.60.30
DEBUG heap size: 192.168.229.48
ERROR auth failure for user 192.168.178.6
INFO user 192.168.178.6 logged in
WARN memory threshold reached: 192.168.39.155MB
INFO request from 192.168.107.168
FATAL segfault at address 0x192.168.141.220
ERROR auth failure for user 192.168.39.155
DEBUG heap size: 192.168.211.158
WARN retry attempt 192.168.178.6 for 84870
DEBUG cache hit for key=192.168.178.6
INFO request from 192.168.57.185
WARN memory threshold reached: 192.168.219.168MB
WARN disk usage 192.168.215.207%
FATAL unrecoverable disk error
ERROR auth failure for user 192.168.178.6
FATAL out of memory
WARN slow query: 192.168.219.168ms
FATAL segfault at address 0x192.168.36.209
FATAL out of memory
ERROR auth failure for user 192.168.39.155
FATAL out of memory
ERROR auth failure for user 192.168.107.168
FATAL unrecoverable disk error
ERROR null pointer in module 192.168.107.168
ERROR null pointer in module 192.168.60.30
WARN memory threshold reached: 192.168.178.215MB
INFO user 192.168.178.215 logged in
DEBUG variable x=192.168.36.209
FATAL unrecoverable disk error
DEBUG entering function foo
WARN disk usage 192.168.60.30%
INFO user 192.168.197.186 logged in
ERROR connection timeout 503
INFO request from 192.168.215.207
FATAL out of memory
INFO request from 192.168.39.155
WARN memory threshold reached: 192.168.60.30MB
WARN retry attempt 192.168.107.168 for 72001
INFO processed 192.168.193.243 items
FATAL kernel panic
FATAL out of memory
WARN retry attempt 192.168.9.50 for 85916
ERROR file not found: /tmp/192.168.92.139.log
INFO connection established
ERROR file not found: /tmp/192.168.229.48.log
DEBUG cache hit for key=192.168.9.50
ERROR connection timeout 503
INFO processed 192.168.193.243 items
FATAL segfault at address 0x192.168.60.30
ERROR connection timeout 503
WARN disk usage 192.168.189.144%
ERROR connection timeout 503
WARN disk usage 192.168.92.139%
DEBUG heap size: 192.168.60.30
ERROR auth failure for user 192.168.121.141
FATAL kernel panic
INFO processed 192.168.229.48 items
ERROR file not found: /tmp/192.168.219.168.log
DEBUG entering function foo
INFO request from 192.168.178.215
DEBUG entering function foo
INFO connection established
WARN disk usage 192.168.193.243%
FATAL kernel panic
FATAL kernel panic
ERROR auth failure for user 192.168.197.186
ERROR auth failure for user 192.168.219.168
INFO request from 192.168.215.207
FATAL kernel panic
DEBUG cache hit for key=192.168.197.186
INFO request from 192.168.141.220
WARN retry attempt 192.168.193.243 for 62329
DEBUG variable x=192.168.9.50
ERROR auth failure for user 192.168.178.215
INFO request from 192.168.197.186
DEBUG variable x=192.168.197.186
ERROR connection timeout 503
ERROR file not found: /tmp/192.168.82.31.log
FATAL out of memory
INFO connection established
INFO processed 192.168.121.141 items
INFO user 192.168.36.209 logged in
ERROR connection timeout 503
WARN memory threshold reached: 192.168.36.209MB
WARN slow query: 192.168.121.141ms
WARN disk usage 192.168.107.168%
FATAL segfault at address 0x192.168.229.48
DEBUG cache hit for key=192.168.57.185
WARN retry attempt 192.168.9.50 for 40337
ERROR null pointer in module 192.168.141.220
ERROR connection timeout 503
DEBUG entering function foo
INFO connection established
WARN slow query: 192.168.82.31ms
FATAL kernel panic
ERROR file not found: /tmp/192.168.9.50.log
ERROR null pointer in module 192.168.219.168
ERROR null pointer in module 192.168.197.186
DEBUG entering function foo
FATAL out of memory
WARN disk usage 192.168.141.220%
WARN memory threshold reached: 192.168.229.48MB
ERROR file not found: /tmp/192.168.193.243.log
INFO user 192.168.178.215 logged in
INFO request from 192.168.178.215
DEBUG variable x=192.168.107.168
FATAL unrecoverable disk error
DEBUG variable x=192.168.142.104
DEBUG entering function foo
DEBUG cache hit for key=192.168.211.158
DEBUG cache hit for key=192.168.82.31
DEBUG entering function foo
WARN memory threshold reached: 192.168.82.31MB
FATAL out of memory
ERROR auth failure for user 192.168.197.186
DEBUG variable x=192.168.219.168
DEBUG cache hit for key=192.168.60.30
INFO user 192.168.197.186 logged in
DEBUG entering function foo
DEBUG entering function foo
INFO connection established
FATAL segfault at address 0x192.168.178.6
DEBUG entering function foo
DEBUG cache hit for key=192.168.142.104
WARN retry attempt 192.168.178.6 for 22657
WARN disk usage 192.168.82.31%
ERROR connection timeout 503
WARN retry attempt 192.168.141.220 for 49687
DEBUG variable x=192.168.92.139
DEBUG heap size: 192.168.107.168
INFO request from 192.168.57.185
WARN memory threshold reached: 192.168.92.139MB
ERROR connection timeout 503
FATAL out of memory
INFO request from 192.168.9.50
DEBUG cache hit for key=192.168.92.139
DEBUG variable x=192.168.178.215
FATAL kernel panic
DEBUG variable x=192.168.219.168
ERROR connection timeout 503
WARN memory threshold reached: 192.168.92.139MB
WARN disk usage 192.168.141.220%
WARN slow query: 192.168.39.155ms
DEBUG entering function foo
DEBUG entering function foo
INFO user 192.168.141.220 logged in
ERROR null pointer in module 192.168.211.158
FATAL out of memory
ERROR auth failure for user 192.168.189.144
INFO user 192.168.197.186 logged in
ERROR connection timeout 503
ERROR connection timeout 503
WARN retry attempt 192.168.82.31 for 73124
WARN retry attempt 192.168.39.155 for 48795
INFO connection established
DEBUG heap size: 192.168.178.215
DEBUG entering function foo
INFO connection established
FATAL segfault at address 0x192.168.189.144
WARN disk usage 192.168.215.207%
DEBUG heap size: 192.168.193.243
WARN memory threshold reached: 192.168.142.104MB
WARN memory threshold reached: 192.168.215.207MB
FATAL kernel panic
INFO user 192.168.215.207 logged in
FATAL out of memory
ERROR auth failure for user 192.168.60.30
FATAL out of memory
FATAL segfault at address 0x192.168.215.207
ERROR auth failure for user 192.168.211.158
ERROR null pointer in module 192.168.141.220
INFO processed 192.168.229.48 items
FATAL kernel panic
FATAL kernel panic
ERROR connection timeout 503
DEBUG entering function foo
INFO user 192.168.82.31 logged in
INFO connection established
INFO processed 192.168.229.48 items
INFO request from 192.168.193.243
WARN slow query: 192.168.107.168ms
DEBUG entering function foo
ERROR file not found: /tmp/192.168.178.215.log
ERROR connection timeout 503
FATAL out of memory
WARN slow query: 192.168.215.207ms
FATAL unrecoverable disk error
WARN memory threshold reached: 192.168.57.185MB
DEBUG heap size: 192.168.92.139
WARN memory threshold reached: 192.168.178.6MB
FATAL unrecoverable disk error
DEBUG heap size: 192.168.36.209
INFO connection established
DEBUG entering function foo
ERROR null pointer in module 192.168.197.186
WARN retry attempt 192.168.9.50 for 93930
DEBUG entering function foo
FATAL kernel panic
WARN memory threshold reached: 192.168.219.168MB
FATAL segfault at address 0x192.168.215.207
INFO processed 192.168.178.215 items
WARN memory threshold reached: 192.168.39.155MB
DEBUG cache hit for key=192.168.82.31
DEBUG cache hit for key=192.168.121.141
INFO processed 192.168.178.215 items
ERROR null pointer in module 192.168.229.48
DEBUG variable x=192.168.92.139
WARN retry attempt 192.168.60.30 for 96192
DEBUG cache hit for key=192.168.39.155
DEBUG entering function foo
FATAL kernel panic
INFO user 192.168.215.207 logged in
INFO user 192.168.197.186 logged in
INFO processed 192.168.121.141 items
FATAL out of memory
WARN disk usage 192.168.229.48%
FATAL segfault at address 0x192.168.121.141
DEBUG heap size: 192.168.178.215
WARN slow query: 192.168.193.243ms
INFO processed 192.168.142.104 items
FATAL unrecoverable disk error
WARN slow query: 192.168.60.30ms
INFO connection established
INFO user 192.168.107.168 logged in
FATAL unrecoverable disk error
INFO request from 192.168.57.185
FATAL out of memory
ERROR file not found: /tmp/192.168.189.144.log
ERROR auth failure for user 192.168.197.186
INFO user 192.168.60.30 logged in
WARN slow query: 192.168.229.48ms
WARN disk usage 192.168.178.6%
FATAL segfault at address 0x192.168.193.243
INFO connection established
ERROR connection timeout 503
FATAL segfault at address 0x192.168.193.243
WARN retry attempt 192.168.178.215 for 17833
INFO request from 192.168.142.104
FATAL kernel panic
DEBUG entering function foo
FATAL kernel panic
INFO user 192.168.57.185 logged in
DEBUG heap size: 192.168.141.220
INFO request from 192.168.107.168
DEBUG heap size: 192.168.189.144
WARN retry attempt 192.168.219.168 for 56384
INFO connection established
DEBUG heap size: 192.168.9.50
DEBUG cache hit for key=192.168.9.50
ERROR file not found: /tmp/192.168.92.139.log
ERROR auth failure for user 192.168.219.168
ERROR connection timeout 503
DEBUG entering function foo
INFO processed 192.168.60.30 items
ERROR null pointer in module 192.168.121.141
ERROR file not found: /tmp/192.168.215.207.log
DEBUG cache hit for key=192.168.57.185
FATAL kernel panic
WARN memory threshold reached: 192.168.229.48MB
FATAL kernel panic
DEBUG heap size: 192.168.229.48
WARN slow query: 192.168.60.30ms
INFO user 192.168.189.144 logged in
WARN memory threshold reached: 192.168.215.207MB
DEBUG entering function foo
ERROR connection timeout 503
WARN slow query: 192.168.197.186ms
DEBUG variable x=192.168.82.31
DEBUG heap size: 192.168.197.186
WARN disk usage 192.168.219.168%
DEBUG entering function foo
WARN slow query: 192.168.121.141ms
WARN retry attempt 192.168.142.104 for 23906
WARN disk usage 192.168.36.209%
FATAL unrecoverable disk error
WARN disk usage 192.168.121.141%
DEBUG entering function foo
INFO request from 192.168.189.144
FATAL segfault at address 0x192.168.121.141
INFO connection established
WARN disk usage 192.168.92.139%
ERROR connection timeout 503
INFO processed 192.168.211.158 items
ERROR connection timeout 503
ERROR connection timeout 503
WARN disk usage 192.168.9.50%
DEBUG cache hit for key=192.168.121.141
FATAL unrecoverable disk error
WARN disk usage 192.168.121.141%
WARN retry attempt 192.168.60.30 for 59551
FATAL out of memory
FATAL unrecoverable disk error
DEBUG heap size: 192.168.141.220
INFO user 192.168.9.50 logged in
WARN retry attempt 192.168.229.48 for 20328
WARN disk usage 192.168.189.144%
WARN disk usage 192.168.178.215%
DEBUG entering function foo
FATAL unrecoverable disk error
FATAL unrecoverable disk error
INFO processed 192.168.57.185 items
INFO processed 192.168.215.207 items
WARN slow query: 192.168.107.168ms
ERROR file not found: /tmp/192.168.142.104.log
ERROR file not found: /tmp/192.168.39.155.log
FATAL unrecoverable disk error
WARN slow query: 192.168.178.6ms
FATAL kernel panic
DEBUG entering function foo
WARN retry attempt 192.168.82.31 for 33424
FATAL unrecoverable disk error
FATAL segfault at address 0x192.168.142.104
FATAL segfault at address 0x192.168.197.186
DEBUG entering function foo
ERROR null pointer in module 192.168.121.141
ERROR file not found: /tmp/192.168.60.30.log
INFO processed 192.168.107.168 items
DEBUG entering function foo
FATAL out of memory
DEBUG variable x=192.168.57.185
FATAL out of memory
DEBUG cache hit for key=192.168.39.155
FATAL segfault at address 0x192.168.197.186
WARN retry attempt 192.168.142.104 for 30187
INFO user 192.168.211.158 logged in
INFO request from 192.168.189.144
WARN disk usage 192.168.189.144%
FATAL segfault at address 0x192.168.193.243
INFO processed 192.168.193.243 items
FATAL unrecoverable disk error
WARN retry attempt 192.168.189.144 for 39328
ERROR auth failure for user 192.168.107.168
DEBUG heap size: 192.168.9.50
DEBUG cache hit for key=192.168.57.185
ERROR auth failure for user 192.168.229.48
FATAL segfault at address 0x192.168.142.104
FATAL unrecoverable disk error
WARN memory threshold reached: 192.168.193.243MB
FATAL out of memory
ERROR auth failure for user 192.168.36.209
ERROR connection timeout 503
FATAL out of memory
ERROR null pointer in module 192.168.57.185
DEBUG variable x=192.168.229.48
INFO processed 192.168.142.104 items
INFO connection established
WARN disk usage 192.168.193.243%
DEBUG cache hit for key=192.168.178.6
DEBUG variable x=192.168.219.168
ERROR null pointer in module 192.168.36.209
FATAL kernel panic
FATAL out of memory
FATAL unrecoverable disk error
DEBUG heap size: 192.168.211.158
DEBUG cache hit for key=192.168.178.6
WARN slow query: 192.168.60.30ms
INFO user 192.168.57.185 logged in
ERROR null pointer in module 192.168.9.50
ERROR null pointer in module 192.168.57.185
WARN retry attempt 192.168.178.6 for 51425
ERROR connection timeout 503
INFO processed 192.168.141.220 items
ERROR auth failure for user 192.168.141.220
DEBUG cache hit for key=192.168.39.155
INFO request from 192.168.211.158
ERROR auth failure for user 192.168.82.31
ERROR auth failure for user 192.168.219.168
WARN memory threshold reached: 192.168.215.207MB
DEBUG cache hit for key=192.168.229.48
FATAL segfault at address 0x192.168.178.215
ERROR connection timeout 503
FATAL segfault at address 0x192.168.215.207
FATAL unrecoverable disk error
FATAL out of memory
DEBUG cache hit for key=192.168.178.215
DEBUG heap size: 192.168.82.31
INFO user 192.168.92.139 logged in
ERROR file not found: /tmp/192.168.193.243.log
DEBUG cache hit for key=192.168.178.215
INFO user 192.168.107.168 logged in
WARN disk usage 192.168.211.158%
DEBUG heap size: 192.168.211.158
WARN disk usage 192.168.219.168%
DEBUG variable x=192.168.57.185
ERROR connection timeout 503
WARN memory threshold reached: 192.168.121.141MB
DEBUG heap size: 192.168.211.158
WARN disk usage 192.168.92.139%
ERROR connection timeout 503
FATAL out of memory
FATAL out of memory
WARN memory threshold reached: 192.168.60.30MB
WARN memory threshold reached: 192.168.107.168MB
FATAL kernel panic
INFO processed 192.168.82.31 items
ERROR null pointer in module 192.168.57.185
FATAL segfault at address 0x192.168.215.207
ERROR connection timeout 503
WARN disk usage 192.168.60.30%
WARN retry attempt 192.168.197.186 for 75409
DEBUG cache hit for key=192.168.211.158
DEBUG heap size: 192.168.219.168
INFO request from 192.168.36.209
DEBUG cache hit for key=192.168.36.209
DEBUG heap size: 192.168.121.141
ERROR null pointer in module 192.168.60.30
FATAL kernel panic
ERROR auth failure for user 192.168.107.168
ERROR file not found: /tmp/192.168.92.139.log
WARN retry attempt 192.168.39.155 for 10254
INFO connection established
WARN disk usage 192.168.178.6%
ERROR auth failure for user 192.168.197.186
DEBUG entering function foo
WARN memory threshold reached: 192.168.211.158MB
WARN slow query: 192.168.178.6ms
WARN memory threshold reached: 192.168.82.31MB
INFO request from 192.168.142.104
DEBUG heap size: 192.168.211.158
WARN disk usage 192.168.197.186%
ERROR connection timeout 503
DEBUG heap size: 192.168.189.144
WARN disk usage 192.168.211.158%
FATAL unrecoverable disk error
FATAL kernel panic
ERROR null pointer in module 192.168.121.141
WARN disk usage 192.168.189.144%
DEBUG heap size: 192.168.92.139
DEBUG entering function foo
INFO processed 192.168.189.144 items
WARN disk usage 192.168.178.215%
ERROR connection timeout 503
DEBUG entering function foo
WARN memory threshold reached: 192.168.189.144MB
DEBUG entering function foo
ERROR auth failure for user 192.168.107.168
ERROR connection timeout 503
INFO processed 192.168.82.31 items
WARN slow query: 192.168.57.185ms
ERROR file not found: /tmp/192.168.9.50.log
WARN disk usage 192.168.107.168%
FATAL segfault at address 0x192.168.193.243
DEBUG heap size: 192.168.36.209
FATAL segfault at address 0x192.168.107.168
ERROR null pointer in module 192.168.197.186
WARN disk usage 192.168.141.220%
DEBUG cache hit for key=192.168.142.104
INFO connection established
WARN retry attempt 192.168.36.209 for 22161
FATAL segfault at address 0x192.168.189.144
DEBUG entering function foo
INFO connection established
FATAL kernel panic
INFO connection established
WARN slow query: 192.168.121.141ms
INFO request from 192.168.189.144
INFO processed 192.168.36.209 items
ERROR null pointer in module 192.168.82.31
FATAL unrecoverable disk error
WARN memory threshold reached: 192.168.36.209MB
DEBUG variable x=192.168.121.141
FATAL out of memory
INFO request from 192.168.215.207
FATAL unrecoverable disk error
DEBUG variable x=192.168.141.220
FATAL out of memory
ERROR connection timeout 503
FATAL unrecoverable disk error
ERROR connection timeout 503
WARN memory threshold reached: 192.168.141.220MB
FATAL kernel panic
INFO user 192.168.215.207 logged in
FATAL out of memory
FATAL kernel panic
FATAL kernel panic
ERROR null pointer in module 192.168.92.139
FATAL out of memory
WARN slow query: 192.168.197.186ms
INFO connection established
FATAL kernel panic
WARN disk usage 192.168.178.6%
ERROR connection timeout 503
DEBUG heap size: 192.168.193.243
INFO connection established
FATAL out of memory
ERROR null pointer in module 192.168.92.139
FATAL unrecoverable disk error
FATAL out of memory
ERROR file not found: /tmp/192.168.215.207.log
ERROR connection timeout 503
INFO user 192.168.92.139 logged in
WARN retry attempt 192.168.142.104 for 31677
ERROR null pointer in module 192.168.178.6
INFO processed 192.168.141.220 items
WARN retry attempt 192.168.39.155 for 7630
FATAL out of memory
WARN slow query: 192.168.9.50ms
WARN retry attempt 192.168.9.50 for 50986
WARN retry attempt 192.168.178.6 for 7688
FATAL segfault at address 0x192.168.219.168
DEBUG heap size: 192.168.60.30
DEBUG variable x=192.168.197.186
INFO connection established
WARN slow query: 192.168.107.168ms
WARN retry attempt 192.168.193.243 for 22758
INFO user 192.168.107.168 logged in
WARN retry attempt 192.168.141.220 for 57005
DEBUG cache hit for key=192.168.92.139
WARN slow query: 192.168.189.144ms
DEBUG heap size: 192.168.178.215
ERROR file not found: /tmp/192.168.39.155.log
FATAL unrecoverable disk error
INFO processed 192.168.82.31 items
DEBUG variable x=192.168.215.207
ERROR auth failure for user 192.168.60.30
ERROR file not found: /tmp/192.168.82.31.log
DEBUG heap size: 192.168.39.155
ERROR null pointer in module 192.168.197.186
INFO user 192.168.107.168 logged in
ERROR connection timeout 503
WARN disk usage 192.168.121.141%
INFO connection established
INFO request from 192.168.219.168
INFO processed 192.168.178.215 items
ERROR auth failure for user 192.168.121.141
FATAL segfault at address 0x192.168.57.185
WARN disk usage 192.168.36.209%
DEBUG variable x=192.168.121.141
FATAL segfault at address 0x192.168.36.209
INFO connection established
DEBUG heap size: 192.168.215.207
WARN slow query: 192.168.219.168ms
FATAL segfault at address 0x192.168.9.50
DEBUG cache hit for key=192.168.178.215
DEBUG variable x=192.168.189.144
ERROR null pointer in module 192.168.215.207
ERROR auth failure for user 192.168.211.158
WARN disk usage 192.168.189.144%
FATAL out of memory
ERROR null pointer in module 192.168.197.186
FATAL out of memory
INFO processed 192.168.189.144 items
WARN disk usage 192.168.141.220%
DEBUG cache hit for key=192.168.215.207
FATAL unrecoverable disk error
INFO user 192.168.141.220 logged in
WARN slow query: 192.168.57.185ms
ERROR connection timeout 503
FATAL kernel panic
INFO user 192.168.197.186 logged in
INFO processed 192.168.178.215 items
ERROR connection timeout 503
ERROR auth failure for user 192.168.39.155
ERROR auth failure for user 192.168.121.141
FATAL out of memory
INFO connection established
ERROR connection timeout 503
DEBUG cache hit for key=192.168.193.243
INFO connection established
FATAL kernel panic
DEBUG cache hit for key=192.168.121.141
WARN slow query: 192.168.189.144ms
ERROR file not found: /tmp/192.168.141.220.log
INFO user 192.168.178.6 logged in
DEBUG heap size: 192.168.57.185
FATAL kernel panic
WARN retry attempt 192.168.215.207 for 37487
DEBUG variable x=192.168.178.215
DEBUG variable x=192.168.82.31
ERROR file not found: /tmp/192.168.39.155.log
DEBUG variable x=192.168.178.6
ERROR null pointer in module 192.168.39.155
INFO connection established
INFO processed 192.168.60.30 items
ERROR connection timeout 503
FATAL unrecoverable disk error
FATAL unrecoverable disk error
DEBUG variable x=192.168.121.141
INFO processed 192.168.36.209 items
DEBUG entering function foo
WARN memory threshold reached: 192.168.211.158MB
ERROR null pointer in module 192.168.178.215
WARN slow query: 192.168.141.220ms
INFO connection established
WARN retry attempt 192.168.211.158 for 61088
FATAL segfault at address 0x192.168.215.207
DEBUG cache hit for key=192.168.178.6
WARN slow query: 192.168.178.215ms
DEBUG variable x=192.168.36.209
FATAL unrecoverable disk error
INFO processed 192.168.121.141 items
INFO user 192.168.141.220 logged in
FATAL out of memory
ERROR auth failure for user 192.168.197.186
INFO user 192.168.60.30 logged in
FATAL kernel panic
WARN slow query: 192.168.57.185ms
WARN memory threshold reached: 192.168.39.155MB
DEBUG entering function foo
ERROR auth failure for user 192.168.189.144
FATAL out of memory
DEBUG entering function foo
WARN slow query: 192.168.60.30ms
INFO request from 192.168.57.185
INFO processed 192.168.92.139 items
DEBUG heap size: 192.168.92.139
DEBUG heap size: 192.168.197.186
FATAL unrecoverable disk error
WARN retry attempt 192.168.60.30 for 57517
FATAL unrecoverable disk error
DEBUG variable x=192.168.215.207
INFO user 192.168.197.186 logged in
FATAL out of memory
ERROR connection timeout 503
WARN retry attempt 192.168.219.168 for 7175
WARN disk usage 192.168.178.6%
ERROR file not found: /tmp/192.168.107.168.log
ERROR file not found: /tmp/192.168.121.141.log
DEBUG variable x=192.168.215.207
INFO connection established
INFO connection established
DEBUG variable x=192.168.107.168
INFO connection established
INFO request from 192.168.141.220
FATAL unrecoverable disk error
FATAL out of memory
ERROR auth failure for user 192.168.142.104
INFO connection established
WARN disk usage 192.168.211.158%
DEBUG variable x=192.168.82.31
WARN memory threshold reached: 192.168.36.209MB
DEBUG cache hit for key=192.168.82.31
FATAL segfault at address 0x192.168.229.48
FATAL out of memory
INFO user 192.168.121.141 logged in
FATAL segfault at address 0x192.168.121.141
FATAL kernel panic
DEBUG heap size: 192.168.9.50
DEBUG variable x=192.168.82.31
DEBUG variable x=192.168.193.243
INFO request from 192.168.9.50
ERROR connection timeout 503
WARN disk usage 192.168.107.168%
FATAL unrecoverable disk error
WARN retry attempt 192.168.211.158 for 19090
DEBUG variable x=192.168.82.31
INFO connection established
ERROR file not found: /tmp/192.168.36.209.log
FATAL unrecoverable disk error
INFO user 192.168.36.209 logged in
WARN slow query: 192.168.193.243ms
ERROR connection timeout 503
DEBUG entering function foo
WARN retry attempt 192.168.107.168 for 12704
INFO request from 192.168.193.243
ERROR auth failure for user 192.168.142.104
INFO connection established
FATAL kernel panic
INFO request from 192.168.211.158
ERROR null pointer in module 192.168.92.139
DEBUG entering function foo
INFO connection established
WARN retry attempt 192.168.60.30 for 35141
DEBUG entering function foo
DEBUG heap size: 192.168.211.158
WARN retry attempt 192.168.60.30 for 13144
WARN slow query: 192.168.36.209ms
WARN retry attempt 192.168.215.207 for 15077
FATAL out of memory
WARN retry attempt 192.168.82.31 for 71228
INFO processed 192.168.92.139 items
WARN slow query: 192.168.60.30ms
ERROR file not found: /tmp/192.168.82.31.log
DEBUG heap size: 192.168.36.209
DEBUG entering function foo
FATAL out of memory
INFO user 192.168.193.243 logged in
INFO user 192.168.141.220 logged in
FATAL unrecoverable disk error
ERROR auth failure for user 192.168.141.220
DEBUG entering function foo
WARN memory threshold reached: 192.168.60.30MB
WARN slow query: 192.168.197.186ms
FATAL out of memory
WARN disk usage 192.168.142.104%
WARN slow query: 192.168.193.243ms
FATAL segfault at address 0x192.168.189.144
ERROR file not found: /tmp/192.168.57.185.log
WARN disk usage 192.168.197.186%
WARN memory threshold reached: 192.168.107.168MB
WARN retry attempt 192.168.142.104 for 47876
WARN disk usage 192.168.229.48%
FATAL unrecoverable disk error
ERROR file not found: /tmp/192.168.178.6.log
WARN memory threshold reached: 192.168.229.48MB
INFO connection established
FATAL segfault at address 0x192.168.215.207
WARN memory threshold reached: 192.168.39.155MB
ERROR auth failure for user 192.168.107.168
FATAL segfault at address 0x192.168.142.104
FATAL segfault at address 0x192.168.39.155
ERROR file not found: /tmp/192.168.189.144.log
INFO connection established
DEBUG variable x=192.168.142.104
FATAL unrecoverable disk error
INFO request from 192.168.121.141
FATAL segfault at address 0x192.168.211.158
INFO request from 192.168.189.144
ERROR file not found: /tmp/192.168.193.243.log
INFO processed 192.168.57.185 items
DEBUG cache hit for key=192.168.141.220
WARN disk usage 192.168.189.144%
ERROR file not found: /tmp/192.168.107.168.log
WARN retry attempt 192.168.211.158 for 74312
WARN disk usage 192.168.197.186%
ERROR auth failure for user 192.168.142.104
INFO connection established
INFO user 192.168.219.168 logged in
WARN disk usage 192.168.211.158%
ERROR file not found: /tmp/192.168.9.50.log
ERROR file not found: /tmp/192.168.39.155.log
WARN disk usage 192.168.211.158%
INFO processed 192.168.193.243 items
FATAL kernel panic
DEBUG variable x=192.168.60.30
FATAL kernel panic
ERROR auth failure for user 192.168.82.31
WARN slow query: 192.168.36.209ms
WARN retry attempt 192.168.141.220 for 55456
FATAL unrecoverable disk error
DEBUG cache hit for key=192.168.9.50
FATAL unrecoverable disk error
WARN slow query: 192.168.39.155ms
WARN disk usage 192.168.219.168%
INFO connection established
DEBUG variable x=192.168.60.30
FATAL kernel panic
DEBUG cache hit for key=192.168.141.220
WARN disk usage 192.168.141.220%
FATAL out of memory
WARN retry attempt 192.168.82.31 for 94501
FATAL out of memory
FATAL segfault at address 0x192.168.211.158
FATAL kernel panic
FATAL segfault at address 0x192.168.39.155
WARN slow query: 192.168.107.168ms
ERROR auth failure for user 192.168.229.48
INFO processed 192.168.211.158 items
INFO processed 192.168.121.141 items
INFO request from 192.168.39.155
ERROR null pointer in module 192.168.142.104
ERROR null pointer in module 192.168.57.185
DEBUG heap size: 192.168.60.30
INFO processed 192.168.219.168 items
INFO connection established
ERROR null pointer in module 192.168.189.144
ERROR null pointer in module 192.168.9.50
ERROR connection timeout 503
DEBUG entering function foo
DEBUG entering function foo
FATAL segfault at address 0x192.168.142.104
ERROR auth failure for user 192.168.197.186
WARN disk usage 192.168.39.155%
WARN memory threshold reached: 192.168.9.50MB
WARN disk usage 192.168.107.168%
FATAL segfault at address 0x192.168.219.168
DEBUG entering function foo
DEBUG heap size: 192.168.107.168
INFO request from 192.168.193.243
ERROR null pointer in module 192.168.107.168
INFO connection established
WARN disk usage 192.168.82.31%
INFO processed 192.168.60.30 items
FATAL kernel panic
FATAL segfault at address 0x192.168.9.50
FATAL out of memory
INFO request from 192.168.92.139
ERROR file not found: /tmp/192.168.215.207.log
INFO request from 192.168.197.186
WARN retry attempt 192.168.121.141 for 50946
DEBUG heap size: 192.168.211.158
DEBUG entering function foo
INFO user 192.168.178.215 logged in
WARN memory threshold reached: 192.168.178.6MB
DEBUG variable x=192.168.178.215
DEBUG variable x=192.168.142.104
ERROR file not found: /tmp/192.168.178.6.log
ERROR file not found: /tmp/192.168.215.207.log
WARN disk usage 192.168.229.48%
FATAL unrecoverable disk error
DEBUG entering function foo
FATAL unrecoverable disk error
INFO user 192.168.178.215 logged in
WARN retry attempt 192.168.142.104 for 70966
FATAL out of memory
ERROR auth failure for user 192.168.60.30
FATAL segfault at address 0x192.168.36.209
DEBUG cache hit for key=192.168.193.243
ERROR auth failure for user 192.168.178.215
ERROR null pointer in module 192.168.57.185
INFO request from 192.168.193.243
INFO request from 192.168.9.50
ERROR null pointer in module 192.168.57.185
ERROR auth failure for user 192.168.141.220
INFO user 192.168.211.158 logged in
INFO processed 192.168.178.6 items
WARN slow query: 192.168.60.30ms
DEBUG variable x=192.168.142.104
DEBUG entering function foo
DEBUG heap size: 192.168.36.209
INFO connection established
INFO request from 192.168.57.185
INFO connection established
DEBUG entering function foo
ERROR file not found: /tmp/192.168.82.31.log
DEBUG entering function foo
DEBUG heap size: 192.168.215.207
FATAL kernel panic
FATAL kernel panic
WARN retry attempt 192.168.211.158 for 40588
WARN memory threshold reached: 192.168.121.141MB
DEBUG heap size: 192.168.211.158
FATAL out of memory
DEBUG heap size: 192.168.60.30
FATAL kernel panic
WARN memory threshold reached: 192.168.142.104MB
INFO user 192.168.193.243 logged in
ERROR connection timeout 503
DEBUG cache hit for key=192.168.9.50
INFO processed 192.168.107.168 items
DEBUG variable x=192.168.189.144
INFO connection established
INFO request from 192.168.57.185
ERROR auth failure for user 192.168.9.50
WARN slow query: 192.168.57.185ms
FATAL out of memory
DEBUG entering function foo
INFO user 192.168.36.209 logged in
ERROR auth failure for user 192.168.215.207
FATAL segfault at address 0x192.168.215.207
DEBUG cache hit for key=192.168.36.209
FATAL segfault at address 0x192.168.121.141
DEBUG heap size: 192.168.215.207
FATAL unrecoverable disk error
DEBUG variable x=192.168.178.215
ERROR null pointer in module 192.168.92.139
FATAL kernel panic
WARN slow query: 192.168.211.158ms
ERROR null pointer in module 192.168.215.207
FATAL unrecoverable disk error
ERROR auth failure for user 192.168.219.168
INFO processed 192.168.219.168 items
ERROR file not found: /tmp/192.168.57.185.log
WARN disk usage 192.168.215.207%
INFO user 192.168.39.155 logged in
WARN retry attempt 192.168.142.104 for 45664
WARN memory threshold reached: 192.168.92.139MB
WARN slow query: 192.168.197.186ms
DEBUG variable x=192.168.178.6
INFO request from 192.168.193.243
ERROR file not found: /tmp/192.168.215.207.log
FATAL unrecoverable disk error
FATAL kernel panic
DEBUG heap size: 192.168.193.243
INFO connection established
WARN slow query: 192.168.39.155ms
ERROR connection timeout 503
WARN memory threshold reached: 192.168.219.168MB
FATAL unrecoverable disk error
WARN retry attempt 192.168.215.207 for 82395
FATAL segfault at address 0x192.168.141.220
INFO request from 192.168.193.243
ERROR auth failure for user 192.168.197.186
DEBUG heap size: 192.168.219.168
DEBUG cache hit for key=192.168.39.155
FATAL out of memory
WARN retry attempt 192.168.193.243 for 17189
FATAL unrecoverable disk error
INFO user 192.168.178.6 logged in
WARN disk usage 192.168.92.139%
WARN retry attempt 192.168.178.6 for 22663
DEBUG entering function foo
DEBUG cache hit for key=192.168.215.207
ERROR null pointer in module 192.168.82.31
WARN slow query: 192.168.189.144ms
WARN disk usage 192.168.211.158%
ERROR connection timeout 503
ERROR null pointer in module 192.168.178.215
DEBUG variable x=192.168.142.104
ERROR auth failure for user 192.168.36.209
INFO user 192.168.9.50 logged in
DEBUG entering function foo
ERROR null pointer in module 192.168.142.104
WARN slow query: 192.168.92.139ms
ERROR null pointer in module 192.168.39.155
ERROR connection timeout 503
DEBUG variable x=192.168.229.48
WARN slow query: 192.168.189.144ms
WARN slow query: 192.168.82.31ms
FATAL segfault at address 0x192.168.197.186
DEBUG cache hit for key=192.168.189.144
FATAL kernel panic
INFO processed 192.168.9.50 items
FATAL out of memory
INFO processed 192.168.121.141 items
WARN slow query: 192.168.107.168ms
INFO connection established
DEBUG cache hit for key=192.168.39.155
INFO connection established
INFO user 192.168.141.220 logged in
ERROR file not found: /tmp/192.168.92.139.log
DEBUG variable x=192.168.9.50
WARN slow query: 192.168.82.31ms
ERROR connection timeout 503
DEBUG variable x=192.168.197.186
ERROR null pointer in module 192.168.39.155
ERROR auth failure for user 192.168.121.141
WARN memory threshold reached: 192.168.215.207MB
FATAL kernel panic
ERROR null pointer in module 192.168.121.141
FATAL out of memory
FATAL unrecoverable disk error
WARN disk usage 192.168.36.209%
DEBUG entering function foo
FATAL kernel panic
INFO user 192.168.178.215 logged in
FATAL segfault at address 0x192.168.92.139
INFO request from 192.168.178.215
WARN retry attempt 192.168.82.31 for 23487
FATAL kernel panic
WARN slow query: 192.168.39.155ms
INFO processed 192.168.9.50 items
FATAL out of memory
INFO connection established
INFO connection established
INFO connection established
WARN disk usage 192.168.215.207%
FATAL segfault at address 0x192.168.178.215
FATAL out of memory
FATAL segfault at address 0x192.168.36.209
INFO user 192.168.82.31 logged in
DEBUG entering function foo
ERROR null pointer in module 192.168.197.186
WARN memory threshold reached: 192.168.178.6MB
DEBUG entering function foo
INFO processed 192.168.107.168 items
DEBUG variable x=192.168.211.158
WARN slow query: 192.168.193.243ms
DEBUG entering function foo
ERROR auth failure for user 192.168.197.186
INFO processed 192.168.9.50 items
FATAL unrecoverable disk error
ERROR file not found: /tmp/192.168.197.186.log
ERROR null pointer in module 192.168.219.168
INFO processed 192.168.60.30 items
DEBUG variable x=192.168.60.30
WARN retry attempt 192.168.219.168 for 46308
INFO connection established
ERROR file not found: /tmp/192.168.141.220.log
DEBUG variable x=192.168.219.168
DEBUG cache hit for key=192.168.211.158
DEBUG variable x=192.168.219.168
DEBUG heap size: 192.168.142.104
DEBUG cache hit for key=192.168.92.139
DEBUG heap size: 192.168.36.209
FATAL unrecoverable disk error
WARN disk usage 192.168.215.207%
ERROR connection timeout 503
ERROR connection timeout 503
INFO request from 192.168.107.168
DEBUG cache hit for key=192.168.219.168
DEBUG cache hit for key=192.168.60.30
WARN slow query: 192.168.215.207ms
FATAL out of memory
ERROR connection timeout 503
DEBUG cache hit for key=192.168.9.50
FATAL out of memory
ERROR file not found: /tmp/192.168.229.48.log
ERROR auth failure for user 192.168.39.155
ERROR auth failure for user 192.168.57.185
WARN slow query: 192.168.107.168ms
INFO processed 192.168.107.168 items
WARN slow query: 192.168.229.48ms
INFO processed 192.168.211.158 items
INFO connection established
DEBUG variable x=192.168.57.185
INFO request from 192.168.197.186
FATAL kernel panic
DEBUG entering function foo
ERROR auth failure for user 192.168.215.207
DEBUG variable x=192.168.141.220
FATAL kernel panic
WARN memory threshold reached: 192.168.193.243MB
DEBUG entering function foo
INFO processed 192.168.57.185 items
WARN slow query: 192.168.215.207ms
FATAL unrecoverable disk error
FATAL out of memory
ERROR connection timeout 503
FATAL out of memory
INFO connection established
INFO connection established
ERROR file not found: /tmp/192.168.178.215.log
INFO processed 192.168.60.30 items
WARN retry attempt 192.168.178.215 for 3524
WARN retry attempt 192.168.219.168 for 42332
WARN memory threshold reached: 192.168.229.48MB
DEBUG entering function foo
DEBUG heap size: 192.168.60.30
WARN disk usage 192.168.197.186%
DEBUG variable x=192.168.219.168
ERROR null pointer in module 192.168.215.207
ERROR null pointer in module 192.168.193.243
INFO processed 192.168.107.168 items
WARN retry attempt 192.168.178.215 for 44806
ERROR file not found: /tmp/192.168.36.209.log
WARN memory threshold reached: 192.168.39.155MB
ERROR auth failure for user 192.168.229.48
FATAL segfault at address 0x192.168.141.220
INFO user 192.168.178.215 logged in
FATAL kernel panic
INFO processed 192.168.178.6 items
DEBUG cache hit for key=192.168.57.185
FATAL unrecoverable disk error
FATAL out of memory
FATAL segfault at address 0x192.168.57.185
DEBUG entering function foo
DEBUG cache hit for key=192.168.57.185
FATAL kernel panic
WARN disk usage 192.168.189.144%
ERROR file not found: /tmp/192.168.92.139.log
ERROR null pointer in module 192.168.92.139
ERROR auth failure for user 192.168.219.168
FATAL unrecoverable disk error
DEBUG variable x=192.168.142.104
FATAL unrecoverable disk error
DEBUG cache hit for key=192.168.178.215
FATAL segfault at address 0x192.168.107.168
DEBUG cache hit for key=192.168.121.141
FATAL segfault at address 0x192.168.82.31
ERROR connection timeout 503
ERROR auth failure for user 192.168.39.155
ERROR connection timeout 503
WARN disk usage 192.168.60.30%
DEBUG heap size: 192.168.121.141
WARN memory threshold reached: 192.168.39.155MB
FATAL out of memory
WARN disk usage 192.168.92.139%
FATAL segfault at address 0x192.168.219.168
ERROR file not found: /tmp/192.168.141.220.log
DEBUG cache hit for key=192.168.178.215
DEBUG heap size: 192.168.178.215
INFO connection established
INFO processed 192.168.39.155 items
DEBUG heap size: 192.168.197.186
FATAL kernel panic
FATAL kernel panic
DEBUG heap size: 192.168.229.48
INFO request from 192.168.39.155
WARN slow query: 192.168.92.139ms
DEBUG heap size: 192.168.142.104
WARN disk usage 192.168.141.220%
DEBUG entering function foo
DEBUG heap size: 192.168.178.215
INFO request from 192.168.9.50
ERROR null pointer in module 192.168.229.48
FATAL unrecoverable disk error
FATAL segfault at address 0x192.168.189.144
DEBUG entering function foo
INFO processed 192.168.141.220 items
FATAL out of memory
WARN memory threshold reached: 192.168.92.139MB
INFO request from 192.168.193.243
INFO connection established
FATAL out of memory
INFO connection established
FATAL unrecoverable disk error
ERROR connection timeout 503
DEBUG cache hit for key=192.168.57.185
WARN memory threshold reached: 192.168.9.50MB
DEBUG variable x=192.168.189.144
DEBUG entering function foo
ERROR auth failure for user 192.168.215.207
FATAL out of memory
INFO connection established
WARN memory threshold reached: 192.168.9.50MB
INFO request from 192.168.60.30
DEBUG heap size: 192.168.197.186
INFO request from 192.168.193.243
DEBUG variable x=192.168.178.6
DEBUG variable x=192.168.82.31
ERROR connection timeout 503
DEBUG cache hit for key=192.168.121.141
DEBUG cache hit for key=192.168.107.168
WARN disk usage 192.168.229.48%
WARN disk usage 192.168.189.144%
INFO processed 192.168.142.104 items
FATAL unrecoverable disk error
DEBUG entering function foo
FATAL kernel panic
DEBUG heap size: 192.168.82.31
DEBUG cache hit for key=192.168.82.31
ERROR connection timeout 503
DEBUG cache hit for key=192.168.193.243
WARN disk usage 192.168.197.186%
FATAL out of memory
ERROR connection timeout 503
WARN memory threshold reached: 192.168.178.215MB
INFO user 192.168.82.31 logged in
INFO processed 192.168.142.104 items
ERROR auth failure for user 192.168.178.215
FATAL out of memory
INFO connection established
WARN disk usage 192.168.178.6%
ERROR auth failure for user 192.168.193.243
ERROR auth failure for user 192.168.211.158
DEBUG cache hit for key=192.168.215.207
FATAL out of memory
WARN retry attempt 192.168.39.155 for 62280
DEBUG heap size: 192.168.107.168
ERROR file not found: /tmp/192.168.219.168.log
ERROR auth failure for user 192.168.39.155
DEBUG heap size: 192.168.121.141
WARN memory threshold reached: 192.168.60.30MB
DEBUG heap size: 192.168.141.220
WARN memory threshold reached: 192.168.92.139MB
FATAL unrecoverable disk error
WARN slow query: 192.168.92.139ms
DEBUG heap size: 192.168.92.139
DEBUG heap size: 192.168.82.31
DEBUG cache hit for key=192.168.57.185
ERROR file not found: /tmp/192.168.142.104.log
ERROR file not found: /tmp/192.168.215.207.log
WARN retry attempt 192.168.178.215 for 31062
FATAL segfault at address 0x192.168.197.186
FATAL unrecoverable disk error
INFO processed 192.168.141.220 items
WARN disk usage 192.168.178.6%
FATAL out of memory
INFO connection established
FATAL segfault at address 0x192.168.189.144
WARN memory threshold reached: 192.168.178.6MB
FATAL unrecoverable disk error
ERROR null pointer in module 192.168.189.144
WARN slow query: 192.168.121.141ms
DEBUG variable x=192.168.189.144
DEBUG variable x=192.168.57.185
ERROR null pointer in module 192.168.189.144
ERROR null pointer in module 192.168.215.207
FATAL unrecoverable disk error
DEBUG variable x=192.168.39.155
INFO user 192.168.92.139 logged in
DEBUG variable x=192.168.82.31
DEBUG heap size: 192.168.229.48
WARN disk usage 192.168.178.6%
ERROR null pointer in module 192.168.211.158
WARN disk usage 192.168.9.50%
FATAL out of memory
WARN memory threshold reached: 192.168.215.207MB
FATAL kernel panic
FATAL segfault at address 0x192.168.107.168
DEBUG cache hit for key=192.168.121.141
DEBUG entering function foo
ERROR connection timeout 503
INFO connection established
ERROR auth failure for user 192.168.60.30
DEBUG cache hit for key=192.168.57.185
DEBUG variable x=192.168.178.6
WARN disk usage 192.168.215.207%
WARN slow query: 192.168.107.168ms
FATAL segfault at address 0x192.168.142.104
INFO connection established
ERROR file not found: /tmp/192.168.197.186.log
DEBUG cache hit for key=192.168.211.158
DEBUG entering function foo
WARN disk usage 192.168.107.168%
WARN memory threshold reached: 192.168.215.207MB
ERROR auth failure for user 192.168.60.30
INFO request from 192.168.36.209
DEBUG cache hit for key=192.168.36.209
INFO request from 192.168.219.168
ERROR null pointer in module 192.168.178.6
ERROR file not found: /tmp/192.168.39.155.log
FATAL kernel panic
INFO user 192.168.107.168 logged in
ERROR null pointer in module 192.168.57.185
WARN slow query: 192.168.178.6ms
FATAL unrecoverable disk error
WARN disk usage 192.168.121.141%
FATAL out of memory
INFO request from 192.168.57.185
ERROR connection timeout 503
FATAL unrecoverable disk error
DEBUG heap size: 192.168.9.50
FATAL out of memory
INFO processed 192.168.211.158 items
ERROR connection timeout 503
INFO user 192.168.142.104 logged in
DEBUG heap size: 192.168.193.243
WARN memory threshold reached: 192.168.82.31MB
ERROR auth failure for user 192.168.9.50
DEBUG entering function foo
WARN retry attempt 192.168.141.220 for 35991
DEBUG entering function foo
WARN retry attempt 192.168.178.6 for 77905
DEBUG variable x=192.168.215.207
ERROR connection timeout 503
ERROR null pointer in module 192.168.57.185
ERROR connection timeout 503
FATAL out of memory
FATAL unrecoverable disk error
DEBUG heap size: 192.168.141.220
ERROR file not found: /tmp/192.168.178.215.log
ERROR connection timeout 503
INFO processed 192.168.82.31 items
INFO processed 192.168.36.209 items
WARN slow query: 192.168.9.50ms
FATAL unrecoverable disk error
ERROR null pointer in module 192.168.211.158
DEBUG entering function foo
FATAL kernel panic
WARN memory threshold reached: 192.168.189.144MB
WARN slow query: 192.168.121.141ms
INFO processed 192.168.142.104 items
INFO processed 192.168.121.141 items
DEBUG heap size: 192.168.215.207
ERROR null pointer in module 192.168.9.50
ERROR file not found: /tmp/192.168.92.139.log
DEBUG cache hit for key=192.168.229.48
FATAL out of memory
ERROR file not found: /tmp/192.168.178.6.log
INFO processed 192.168.178.215 items
ERROR null pointer in module 192.168.189.144
DEBUG entering function foo
FATAL kernel panic
WARN disk usage 192.168.142.104%
ERROR auth failure for user 192.168.121.141
INFO request from 192.168.82.31
INFO processed 192.168.215.207 items
FATAL out of memory
INFO processed 192.168.9.50 items
INFO connection established
DEBUG variable x=192.168.141.220
DEBUG entering function foo
ERROR file not found: /tmp/192.168.82.31.log
FATAL unrecoverable disk error
INFO processed 192.168.219.168 items
WARN retry attempt 192.168.219.168 for 24580
INFO user 192.168.142.104 logged in
DEBUG cache hit for key=192.168.193.243
FATAL kernel panic
ERROR auth failure for user 192.168.39.155
ERROR connection timeout 503
INFO request from 192.168.219.168
DEBUG heap size: 192.168.189.144
FATAL segfault at address 0x192.168.197.186
INFO connection established
INFO connection established
DEBUG variable x=192.168.178.215
FATAL segfault at address 0x192.168.142.104
WARN slow query: 192.168.121.141ms
DEBUG variable x=192.168.39.155
DEBUG heap size: 192.168.92.139
FATAL out of memory
INFO user 192.168.36.209 logged in
FATAL kernel panic
ERROR file not found: /tmp/192.168.141.220.log
FATAL unrecoverable disk error
FATAL kernel panic
FATAL out of memory
FATAL segfault at address 0x192.168.121.141
WARN memory threshold reached: 192.168.197.186MB
WARN disk usage 192.168.189.144%
FATAL out of memory
WARN slow query: 192.168.39.155ms
DEBUG heap size: 192.168.121.141
ERROR auth failure for user 192.168.92.139
ERROR auth failure for user 192.168.215.207
DEBUG heap size: 192.168.57.185
DEBUG heap size: 192.168.229.48
FATAL segfault at address 0x192.168.60.30
INFO connection established
ERROR auth failure for user 192.168.178.215
WARN retry attempt 192.168.211.158 for 37444
FATAL segfault at address 0x192.168.82.31
DEBUG heap size: 192.168.193.243
WARN disk usage 192.168.107.168%
ERROR file not found: /tmp/192.168.193.243.log
WARN memory threshold reached: 192.168.142.104MB
FATAL out of memory
INFO processed 192.168.219.168 items
DEBUG cache hit for key=192.168.57.185
FATAL kernel panic
FATAL unrecoverable disk error
FATAL out of memory
FATAL out of memory
FATAL kernel panic
DEBUG variable x=192.168.219.168
INFO connection established
FATAL segfault at address 0x192.168.141.220
INFO processed 192.168.211.158 items
INFO user 192.168.211.158 logged in
INFO user 192.168.197.186 logged in
WARN slow query: 192.168.229.48ms
INFO processed 192.168.178.215 items
INFO connection established
WARN memory threshold reached: 192.168.229.48MB
ERROR connection timeout 503
INFO connection established
ERROR connection timeout 503
WARN memory threshold reached: 192.168.178.215MB
WARN disk usage 192.168.39.155%
DEBUG variable x=192.168.215.207
DEBUG entering function foo
INFO user 192.168.121.141 logged in
FATAL kernel panic
FATAL kernel panic
INFO connection established
FATAL unrecoverable disk error
WARN disk usage 192.168.107.168%
INFO connection established
ERROR file not found: /tmp/192.168.189.144.log
WARN retry attempt 192.168.197.186 for 96375
FATAL segfault at address 0x192.168.178.215
WARN memory threshold reached: 192.168.82.31MB
ERROR auth failure for user 192.168.219.168
ERROR auth failure for user 192.168.229.48
INFO user 192.168.92.139 logged in
INFO processed 192.168.193.243 items
ERROR auth failure for user 192.168.219.168
WARN disk usage 192.168.57.185%
INFO request from 192.168.121.141
WARN memory threshold reached: 192.168.121.141MB
ERROR file not found: /tmp/192.168.193.243.log
FATAL kernel panic
ERROR connection timeout 503
DEBUG heap size: 192.168.189.144
FATAL out of memory
INFO connection established
ERROR auth failure for user 192.168.193.243
DEBUG variable x=192.168.141.220
FATAL segfault at address 0x192.168.121.141
DEBUG entering function foo
DEBUG entering function foo
INFO request from 192.168.36.209
DEBUG variable x=192.168.39.155
FATAL unrecoverable disk error
ERROR connection timeout 503
ERROR null pointer in module 192.168.9.50
DEBUG heap size: 192.168.107.168
FATAL kernel panic
FATAL kernel panic
FATAL kernel panic
FATAL out of memory
FATAL segfault at address 0x192.168.178.6
DEBUG variable x=192.168.36.209
FATAL segfault at address 0x192.168.178.6
INFO connection established
FATAL unrecoverable disk error
WARN memory threshold reached: 192.168.36.209MB
ERROR file not found: /tmp/192.168.215.207.log
ERROR auth failure for user 192.168.36.209
DEBUG entering function foo
WARN memory threshold reached: 192.168.141.220MB
INFO processed 192.168.82.31 items
DEBUG heap size: 192.168.211.158
DEBUG variable x=192.168.142.104
ERROR file not found: /tmp/192.168.197.186.log
WARN memory threshold reached: 192.168.141.220MB
ERROR file not found: /tmp/192.168.82.31.log
FATAL unrecoverable disk error
DEBUG variable x=192.168.215.207
DEBUG cache hit for key=192.168.39.155
INFO connection established
DEBUG variable x=192.168.215.207
FATAL segfault at address 0x192.168.141.220
DEBUG entering function foo
ERROR auth failure for user 192.168.121.141
WARN memory threshold reached: 192.168.92.139MB
FATAL unrecoverable disk error
INFO request from 192.168.178.215
WARN memory threshold reached: 192.168.215.207MB
INFO processed 192.168.121.141 items
DEBUG variable x=192.168.107.168
FATAL kernel panic
FATAL unrecoverable disk error
DEBUG entering function foo
DEBUG cache hit for key=192.168.121.141
ERROR connection timeout 503
FATAL segfault at address 0x192.168.178.6
DEBUG cache hit for key=192.168.36.209
DEBUG heap size: 192.168.39.155
ERROR null pointer in module 192.168.57.185
DEBUG variable x=192.168.82.31
WARN memory threshold reached: 192.168.189.144MB
WARN memory threshold reached: 192.168.36.209MB
ERROR file not found: /tmp/192.168.57.185.log
ERROR connection timeout 503
INFO user 192.168.107.168 logged in
ERROR auth failure for user 192.168.141.220
INFO processed 192.168.193.243 items
FATAL segfault at address 0x192.168.178.215
FATAL unrecoverable disk error
WARN memory threshold reached: 192.168.9.50MB
DEBUG heap size: 192.168.189.144
FATAL kernel panic
DEBUG heap size: 192.168.141.220
INFO connection established
WARN retry attempt 192.168.215.207 for 31588
ERROR auth failure for user 192.168.82.31
ERROR connection timeout 503
FATAL out of memory
FATAL segfault at address 0x192.168.39.155
FATAL unrecoverable disk error
INFO connection established
ERROR auth failure for user 192.168.141.220
INFO connection established
INFO connection established
DEBUG variable x=192.168.121.141
WARN memory threshold reached: 192.168.141.220MB
WARN slow query: 192.168.211.158ms
ERROR null pointer in module 192.168.9.50
ERROR connection timeout 503
DEBUG heap size: 192.168.197.186
WARN memory threshold reached: 192.168.121.141MB
FATAL segfault at address 0x192.168.57.185
FATAL unrecoverable disk error
INFO request from 192.168.9.50
ERROR file not found: /tmp/192.168.211.158.log
FATAL out of memory
FATAL kernel panic
FATAL segfault at address 0x192.168.121.141
DEBUG heap size: 192.168.9.50
ERROR connection timeout 503
ERROR null pointer in module 192.168.92.139
FATAL kernel panic
WARN slow query: 192.168.178.6ms
ERROR file not found: /tmp/192.168.82.31.log
DEBUG entering function foo
ERROR null pointer in module 192.168.178.215
FATAL segfault at address 0x192.168.92.139
WARN retry attempt 192.168.142.104 for 61318
ERROR auth failure for user 192.168.178.215
ERROR auth failure for user 192.168.60.30
DEBUG entering function foo
ERROR auth failure for user 192.168.193.243
FATAL out of memory
INFO user 192.168.229.48 logged in
DEBUG cache hit for key=192.168.9.50
WARN memory threshold reached: 192.168.142.104MB
DEBUG heap size: 192.168.60.30
ERROR auth failure for user 192.168.211.158
ERROR auth failure for user 192.168.60.30
INFO request from 192.168.141.220
WARN memory threshold reached: 192.168.141.220MB
ERROR null pointer in module 192.168.178.6
DEBUG variable x=192.168.36.209
WARN memory threshold reached: 192.168.229.48MB
FATAL segfault at address 0x192.168.60.30
FATAL segfault at address 0x192.168.193.243
DEBUG heap size: 192.168.229.48
DEBUG variable x=192.168.60.30
INFO request from 192.168.82.31
WARN retry attempt 192.168.197.186 for 97758
FATAL out of memory
ERROR null pointer in module 192.168.197.186
ERROR auth failure for user 192.168.82.31
DEBUG heap size: 192.168.142.104
ERROR file not found: /tmp/192.168.189.144.log
ERROR file not found: /tmp/192.168.197.186.log
INFO processed 192.168.60.30 items
INFO request from 192.168.178.215
WARN memory threshold reached: 192.168.57.185MB
ERROR null pointer in module 192.168.215.207
DEBUG variable x=192.168.107.168
FATAL segfault at address 0x192.168.197.186
DEBUG heap size: 192.168.82.31
WARN slow query: 192.168.211.158ms
INFO request from 192.168.229.48
WARN retry attempt 192.168.141.220 for 85553
INFO processed 192.168.60.30 items
INFO request from 192.168.141.220
ERROR connection timeout 503
DEBUG heap size: 192.168.60.30
INFO processed 192.168.57.185 items
ERROR connection timeout 503
ERROR null pointer in module 192.168.9.50
ERROR connection timeout 503
ERROR connection timeout 503
WARN memory threshold reached: 192.168.189.144MB
FATAL segfault at address 0x192.168.178.6
WARN retry attempt 192.168.82.31 for 93012
FATAL out of memory
WARN disk usage 192.168.229.48%
ERROR auth failure for user 192.168.9.50
INFO connection established
WARN slow query: 192.168.178.215ms
FATAL segfault at address 0x192.168.193.243
DEBUG variable x=192.168.9.50
DEBUG entering function foo
WARN disk usage 192.168.178.6%
DEBUG heap size: 192.168.189.144
FATAL unrecoverable disk error
INFO connection established
WARN retry attempt 192.168.229.48 for 70005
DEBUG cache hit for key=192.168.57.185
INFO processed 192.168.197.186 items
WARN retry attempt 192.168.215.207 for 12495
ERROR file not found: /tmp/192.168.178.6.log
ERROR connection timeout 503
FATAL kernel panic
WARN disk usage 192.168.193.243%
ERROR file not found: /tmp/192.168.107.168.log
ERROR file not found: /tmp/192.168.178.6.log
ERROR connection timeout 503
FATAL out of memory
ERROR connection timeout 503
INFO connection established
FATAL kernel panic
ERROR connection timeout 503
WARN slow query: 192.168.142.104ms
DEBUG variable x=192.168.229.48
FATAL kernel panic
ERROR file not found: /tmp/192.168.39.155.log
WARN slow query: 192.168.107.168ms
ERROR file not found: /tmp/192.168.211.158.log
INFO user 192.168.9.50 logged in
INFO user 192.168.9.50 logged in
WARN disk usage 192.168.36.209%
DEBUG heap size: 192.168.36.209
DEBUG entering function foo
WARN memory threshold reached: 192.168.36.209MB
WARN slow query: 192.168.178.215ms
FATAL kernel panic
DEBUG entering function foo
DEBUG cache hit for key=192.168.92.139
WARN retry attempt 192.168.211.158 for 30404
WARN disk usage 192.168.60.30%
INFO processed 192.168.36.209 items
DEBUG heap size: 192.168.121.141
DEBUG variable x=192.168.36.209
INFO request from 192.168.193.243
FATAL segfault at address 0x192.168.189.144
INFO processed 192.168.229.48 items
INFO request from 192.168.57.185
WARN retry attempt 192.168.9.50 for 3603
ERROR connection timeout 503
FATAL segfault at address 0x192.168.36.209
FATAL unrecoverable disk error
INFO connection established
INFO request from 192.168.189.144
INFO connection established
WARN retry attempt 192.168.219.168 for 76287
ERROR connection timeout 503
FATAL unrecoverable disk error
INFO request from 192.168.211.158
DEBUG cache hit for key=192.168.57.185
WARN retry attempt 192.168.57.185 for 99277
INFO user 192.168.193.243 logged in
DEBUG entering function foo
FATAL unrecoverable disk error
FATAL segfault at address 0x192.168.141.220
DEBUG heap size: 192.168.178.215
DEBUG cache hit for key=192.168.215.207
ERROR file not found: /tmp/192.168.229.48.log
INFO request from 192.168.107.168
INFO request from 192.168.121.141
FATAL kernel panic
FATAL unrecoverable disk error
FATAL unrecoverable disk error
DEBUG variable x=192.168.211.158
FATAL out of memory
FATAL out of memory
INFO request from 192.168.178.6
WARN disk usage 192.168.39.155%
INFO request from 192.168.215.207
FATAL out of memory
WARN disk usage 192.168.142.104%
WARN retry attempt 192.168.57.185 for 36643
DEBUG variable x=192.168.36.209
ERROR connection timeout 503
ERROR auth failure for user 192.168.39.155
WARN memory threshold reached: 192.168.82.31MB
WARN retry attempt 192.168.141.220 for 89012
DEBUG heap size: 192.168.121.141
FATAL kernel panic
DEBUG cache hit for key=192.168.229.48
DEBUG cache hit for key=192.168.178.6
FATAL unrecoverable disk error
WARN retry attempt 192.168.82.31 for 18978
INFO user 192.168.9.50 logged in
FATAL kernel panic
DEBUG heap size: 192.168.9.50
DEBUG cache hit for key=192.168.39.155
DEBUG variable x=192.168.107.168
INFO request from 192.168.219.168
ERROR null pointer in module 192.168.211.158
WARN slow query: 192.168.121.141ms
WARN retry attempt 192.168.219.168 for 21644
FATAL out of memory
DEBUG entering function foo
WARN disk usage 192.168.39.155%
ERROR auth failure for user 192.168.219.168
ERROR auth failure for user 192.168.193.243
DEBUG heap size: 192.168.141.220
FATAL unrecoverable disk error
DEBUG cache hit for key=192.168.189.144
DEBUG variable x=192.168.82.31
FATAL out of memory
FATAL unrecoverable disk error
ERROR connection timeout 503
DEBUG variable x=192.168.107.168
WARN disk usage 192.168.39.155%
DEBUG variable x=192.168.178.6
INFO request from 192.168.197.186
WARN memory threshold reached: 192.168.215.207MB
FATAL segfault at address 0x192.168.82.31
INFO user 192.168.142.104 logged in
WARN retry attempt 192.168.211.158 for 71676
DEBUG heap size: 192.168.211.158
INFO request from 192.168.107.168
ERROR auth failure for user 192.168.211.158
ERROR file not found: /tmp/192.168.219.168.log
DEBUG variable x=192.168.142.104
FATAL out of memory
FATAL unrecoverable disk error
FATAL unrecoverable disk error
WARN retry attempt 192.168.211.158 for 34639
WARN retry attempt 192.168.39.155 for 45946
INFO request from 192.168.60.30
INFO processed 192.168.9.50 items
FATAL kernel panic
ERROR file not found: /tmp/192.168.39.155.log
WARN disk usage 192.168.229.48%
WARN memory threshold reached: 192.168.82.31MB
ERROR file not found: /tmp/192.168.141.220.log
ERROR file not found: /tmp/192.168.197.186.log
WARN disk usage 192.168.189.144%
WARN slow query: 192.168.9.50ms
WARN memory threshold reached: 192.168.39.155MB
WARN retry attempt 192.168.142.104 for 22181
FATAL unrecoverable disk error
DEBUG entering function foo
FATAL out of memory
FATAL segfault at address 0x192.168.141.220
ERROR connection timeout 503
DEBUG variable x=192.168.36.209
INFO user 192.168.121.141 logged in
INFO request from 192.168.60.30
WARN disk usage 192.168.121.141%
ERROR file not found: /tmp/192.168.82.31.log
DEBUG entering function foo
INFO user 192.168.178.6 logged in
DEBUG variable x=192.168.107.168
ERROR null pointer in module 192.168.107.168
INFO user 192.168.82.31 logged in
DEBUG heap size: 192.168.178.6
INFO user 192.168.39.155 logged in
FATAL kernel panic
INFO processed 192.168.197.186 items
ERROR null pointer in module 192.168.82.31
DEBUG heap size: 192.168.36.209
ERROR auth failure for user 192.168.189.144
FATAL unrecoverable disk error
DEBUG variable x=192.168.211.158
FATAL segfault at address 0x192.168.211.158
INFO processed 192.168.57.185 items
WARN slow query: 192.168.211.158ms
WARN slow query: 192.168.141.220ms
DEBUG variable x=192.168.141.220
WARN memory threshold reached: 192.168.142.104MB
ERROR null pointer in module 192.168.197.186
ERROR file not found: /tmp/192.168.178.215.log
DEBUG entering function foo
DEBUG cache hit for key=192.168.211.158
INFO processed 192.168.215.207 items
INFO connection established
DEBUG cache hit for key=192.168.9.50
FATAL segfault at address 0x192.168.211.158
ERROR file not found: /tmp/192.168.60.30.log
INFO user 192.168.215.207 logged in
DEBUG heap size: 192.168.82.31
FATAL kernel panic
FATAL out of memory
FATAL out of memory
INFO processed 192.168.39.155 items
DEBUG variable x=192.168.193.243
INFO processed 192.168.142.104 items
DEBUG heap size: 192.168.141.220
ERROR connection timeout 503
DEBUG cache hit for key=192.168.60.30
INFO connection established
ERROR auth failure for user 192.168.215.207
FATAL kernel panic
DEBUG variable x=192.168.189.144
DEBUG heap size: 192.168.57.185
ERROR connection timeout 503
ERROR null pointer in module 192.168.121.141
ERROR null pointer in module 192.168.82.31
FATAL out of memory
ERROR null pointer in module 192.168.219.168
WARN disk usage 192.168.9.50%
INFO processed 192.168.193.243 items
ERROR connection timeout 503
INFO connection established
ERROR connection timeout 503
WARN disk usage 192.168.82.31%
DEBUG heap size: 192.168.36.209
INFO request from 192.168.9.50
INFO user 192.168.178.6 logged in
INFO user 192.168.36.209 logged in
ERROR null pointer in module 192.168.189.144
FATAL segfault at address 0x192.168.107.168
WARN retry attempt 192.168.121.141 for 16784
DEBUG heap size: 192.168.121.141
ERROR null pointer in module 192.168.57.185
DEBUG variable x=192.168.197.186
FATAL kernel panic
WARN memory threshold reached: 192.168.219.168MB
DEBUG entering function foo
FATAL unrecoverable disk error
FATAL out of memory
FATAL unrecoverable disk error
ERROR file not found: /tmp/192.168.229.48.log
WARN disk usage 192.168.189.144%
INFO processed 192.168.189.144 items
FATAL out of memory
INFO processed 192.168.219.168 items
ERROR file not found: /tmp/192.168.141.220.log
FATAL unrecoverable disk error
ERROR auth failure for user 192.168.229.48
WARN memory threshold reached: 192.168.9.50MB
ERROR null pointer in module 192.168.39.155
DEBUG variable x=192.168.197.186
INFO user 192.168.36.209 logged in
FATAL segfault at address 0x192.168.57.185
DEBUG heap size: 192.168.189.144
ERROR auth failure for user 192.168.219.168
ERROR file not found: /tmp/192.168.219.168.log
WARN slow query: 192.168.107.168ms
WARN slow query: 192.168.197.186ms
INFO request from 192.168.107.168
ERROR null pointer in module 192.168.60.30
INFO processed 192.168.36.209 items
WARN retry attempt 192.168.121.141 for 26516
WARN slow query: 192.168.107.168ms
FATAL out of memory
WARN disk usage 192.168.211.158%
DEBUG variable x=192.168.9.50
WARN retry attempt 192.168.107.168 for 26740
ERROR auth failure for user 192.168.36.209
INFO connection established
DEBUG cache hit for key=192.168.178.215
INFO connection established
INFO processed 192.168.92.139 items
ERROR auth failure for user 192.168.178.215
ERROR auth failure for user 192.168.39.155
FATAL segfault at address 0x192.168.193.243
ERROR connection timeout 503
DEBUG heap size: 192.168.189.144
WARN slow query: 192.168.178.215ms
DEBUG heap size: 192.168.39.155
DEBUG cache hit for key=192.168.215.207
ERROR file not found: /tmp/192.168.36.209.log
DEBUG heap size: 192.168.197.186
WARN retry attempt 192.168.107.168 for 59485
WARN slow query: 192.168.9.50ms
WARN slow query: 192.168.57.185ms
INFO request from 192.168.178.215
DEBUG heap size: 192.168.178.215
WARN disk usage 192.168.178.215%
ERROR file not found: /tmp/192.168.178.215.log
WARN disk usage 192.168.178.6%
ERROR connection timeout 503
INFO connection established
WARN slow query: 192.168.219.168ms
FATAL unrecoverable disk error
INFO user 192.168.57.185 logged in
DEBUG heap size: 192.168.92.139
DEBUG cache hit for key=192.168.215.207
DEBUG heap size: 192.168.193.243
FATAL kernel panic
ERROR auth failure for user 192.168.121.141
DEBUG entering function foo
ERROR file not found: /tmp/192.168.219.168.log
DEBUG entering function foo
FATAL kernel panic
DEBUG cache hit for key=192.168.197.186
ERROR connection timeout 503
FATAL segfault at address 0x192.168.189.144
FATAL out of memory
FATAL out of memory
INFO connection established
WARN slow query: 192.168.121.141ms
INFO processed 192.168.60.30 items
INFO request from 192.168.82.31
INFO request from 192.168.36.209
FATAL segfault at address 0x192.168.57.185
INFO connection established
INFO processed 192.168.9.50 items
INFO request from 192.168.9.50
WARN slow query: 192.168.9.50ms
DEBUG variable x=192.168.36.209
FATAL segfault at address 0x192.168.178.215
DEBUG variable x=192.168.121.141
INFO request from 192.168.189.144
DEBUG entering function foo
WARN retry attempt 192.168.197.186 for 94427
INFO processed 192.168.39.155 items
DEBUG cache hit for key=192.168.189.144
WARN retry attempt 192.168.36.209 for 68347
FATAL kernel panic
ERROR connection timeout 503
WARN retry attempt 192.168.36.209 for 49895
DEBUG cache hit for key=192.168.121.141
FATAL segfault at address 0x192.168.178.215
ERROR file not found: /tmp/192.168.121.141.log
ERROR auth failure for user 192.168.92.139
DEBUG entering function foo
DEBUG cache hit for key=192.168.197.186
FATAL kernel panic
ERROR connection timeout 503
WARN retry attempt 192.168.197.186 for 71386
WARN slow query: 192.168.142.104ms
ERROR file not found: /tmp/192.168.219.168.log
DEBUG cache hit for key=192.168.9.50
FATAL segfault at address 0x192.168.178.215
INFO request from 192.168.92.139
DEBUG heap size: 192.168.60.30
FATAL kernel panic
INFO user 192.168.9.50 logged in
INFO processed 192.168.189.144 items
DEBUG variable x=192.168.107.168
ERROR file not found: /tmp/192.168.178.6.log
INFO request from 192.168.36.209
FATAL kernel panic
ERROR connection timeout 503
ERROR null pointer in module 192.168.142.104
DEBUG cache hit for key=192.168.193.243
ERROR auth failure for user 192.168.141.220
WARN slow query: 192.168.9.50ms
ERROR connection timeout 503
ERROR file not found: /tmp/192.168.82.31.log
DEBUG cache hit for key=192.168.121.141
FATAL out of memory
FATAL out of memory
DEBUG entering function foo
ERROR auth failure for user 192.168.142.104
DEBUG variable x=192.168.57.185
WARN memory threshold reached: 192.168.107.168MB
ERROR connection timeout 503
DEBUG entering function foo
ERROR null pointer in module 192.168.9.50
FATAL kernel panic
FATAL kernel panic
WARN disk usage 192.168.60.30%
DEBUG variable x=192.168.107.168
INFO processed 192.168.219.168 items
INFO user 192.168.215.207 logged in
WARN disk usage 192.168.142.104%
ERROR connection timeout 503
INFO user 192.168.178.6 logged in
ERROR connection timeout 503
INFO user 192.168.219.168 logged in
DEBUG cache hit for key=192.168.92.139
INFO user 192.168.178.6 logged in
INFO processed 192.168.178.215 items
WARN disk usage 192.168.9.50%
ERROR file not found: /tmp/192.168.141.220.log
FATAL unrecoverable disk error
INFO processed 192.168.178.6 items
INFO user 192.168.189.144 logged in
WARN memory threshold reached: 192.168.193.243MB
WARN disk usage 192.168.211.158%
DEBUG heap size: 192.168.178.215
INFO request from 192.168.193.243
DEBUG heap size: 192.168.178.6
WARN disk usage 192.168.197.186%
INFO processed 192.168.92.139 items
ERROR auth failure for user 192.168.142.104
INFO connection established
FATAL unrecoverable disk error
DEBUG variable x=192.168.219.168
DEBUG cache hit for key=192.168.193.243
INFO processed 192.168.219.168 items
DEBUG heap size: 192.168.178.215
DEBUG variable x=192.168.142.104
DEBUG entering function foo
FATAL unrecoverable disk error
FATAL kernel panic
INFO user 192.168.193.243 logged in
INFO request from 192.168.107.168
FATAL kernel panic
ERROR auth failure for user 192.168.142.104
WARN disk usage 192.168.36.209%
DEBUG heap size: 192.168.193.243
ERROR file not found: /tmp/192.168.142.104.log
ERROR null pointer in module 192.168.60.30
ERROR file not found: /tmp/192.168.36.209.log
WARN slow query: 192.168.141.220ms
WARN disk usage 192.168.9.50%
INFO request from 192.168.36.209
FATAL out of memory
INFO connection established
WARN retry attempt 192.168.197.186 for 7433
INFO connection established
WARN disk usage 192.168.142.104%
ERROR file not found: /tmp/192.168.229.48.log
WARN retry attempt 192.168.178.6 for 18256
INFO processed 192.168.189.144 items
INFO request from 192.168.219.168
WARN disk usage 192.168.121.141%
FATAL kernel panic
ERROR auth failure for user 192.168.36.209
FATAL segfault at address 0x192.168.142.104
FATAL out of memory
DEBUG heap size: 192.168.9.50
WARN disk usage 192.168.107.168%
FATAL unrecoverable disk error
ERROR connection timeout 503
INFO request from 192.168.193.243
DEBUG cache hit for key=192.168.39.155
WARN retry attempt 192.168.60.30 for 8139
DEBUG cache hit for key=192.168.197.186
INFO request from 192.168.229.48
INFO processed 192.168.178.215 items
INFO connection established
INFO user 192.168.178.215 logged in
WARN disk usage 192.168.57.185%
FATAL unrecoverable disk error
ERROR file not found: /tmp/192.168.82.31.log
WARN memory threshold reached: 192.168.141.220MB
WARN memory threshold reached: 192.168.219.168MB
WARN memory threshold reached: 192.168.229.48MB
ERROR null pointer in module 192.168.189.144
WARN retry attempt 192.168.57.185 for 99589
WARN disk usage 192.168.178.215%
WARN slow query: 192.168.36.209ms
DEBUG cache hit for key=192.168.142.104
FATAL segfault at address 0x192.168.193.243
FATAL segfault at address 0x192.168.178.6
DEBUG variable x=192.168.57.185
ERROR null pointer in module 192.168.197.186
FATAL segfault at address 0x192.168.92.139
INFO request from 192.168.121.141
DEBUG entering function foo
INFO connection established
DEBUG heap size: 192.168.121.141
ERROR null pointer in module 192.168.36.209
DEBUG heap size: 192.168.141.220
DEBUG variable x=192.168.36.209
FATAL unrecoverable disk error
INFO processed 192.168.142.104 items
FATAL out of memory
ERROR file not found: /tmp/192.168.82.31.log
FATAL kernel panic
WARN retry attempt 192.168.215.207 for 38236
DEBUG cache hit for key=192.168.57.185
DEBUG variable x=192.168.92.139
ERROR null pointer in module 192.168.142.104
DEBUG cache hit for key=192.168.141.220
INFO processed 192.168.36.209 items
INFO connection established
ERROR file not found: /tmp/192.168.9.50.log
WARN retry attempt 192.168.178.6 for 89118
WARN slow query: 192.168.193.243ms
FATAL unrecoverable disk error
WARN retry attempt 192.168.60.30 for 61279
INFO connection established
FATAL out of memory
FATAL out of memory
INFO processed 192.168.82.31 items
WARN memory threshold reached: 192.168.141.220MB
DEBUG heap size: 192.168.9.50
ERROR auth failure for user 192.168.142.104
ERROR connection timeout 503
DEBUG variable x=192.168.92.139
DEBUG heap size: 192.168.193.243
FATAL unrecoverable disk error
ERROR auth failure for user 192.168.178.215
WARN memory threshold reached: 192.168.189.144MB
FATAL segfault at address 0x192.168.215.207
FATAL kernel panic
DEBUG cache hit for key=192.168.57.185
ERROR null pointer in module 192.168.211.158
ERROR connection timeout 503
INFO processed 192.168.178.6 items
ERROR auth failure for user 192.168.92.139
INFO processed 192.168.39.155 items
FATAL segfault at address 0x192.168.211.158
WARN disk usage 192.168.189.144%
INFO user 192.168.219.168 logged in
INFO connection established
FATAL segfault at address 0x192.168.82.31
ERROR connection timeout 503
WARN disk usage 192.168.9.50%
ERROR auth failure for user 192.168.82.31
INFO processed 192.168.178.215 items
DEBUG cache hit for key=192.168.92.139
ERROR null pointer in module 192.168.178.215
FATAL segfault at address 0x192.168.121.141
FATAL unrecoverable disk error
DEBUG variable x=192.168.178.6
INFO connection established
FATAL kernel panic
FATAL out of memory
WARN memory threshold reached: 192.168.142.104MB
INFO request from 192.168.229.48
WARN memory threshold reached: 192.168.142.104MB
DEBUG entering function foo
FATAL kernel panic
ERROR null pointer in module 192.168.60.30
INFO processed 192.168.215.207 items
DEBUG entering function foo
DEBUG cache hit for key=192.168.215.207
ERROR auth failure for user 192.168.60.30
FATAL unrecoverable disk error
FATAL kernel panic
INFO processed 192.168.107.168 items
FATAL unrecoverable disk error
INFO request from 192.168.39.155
WARN disk usage 192.168.9.50%
FATAL segfault at address 0x192.168.39.155
FATAL out of memory
FATAL segfault at address 0x192.168.189.144
DEBUG variable x=192.168.197.186
FATAL kernel panic
DEBUG heap size: 192.168.197.186
FATAL kernel panic
ERROR file not found: /tmp/192.168.211.158.log
DEBUG heap size: 192.168.92.139
DEBUG entering function foo
FATAL segfault at address 0x192.168.82.31
ERROR null pointer in module 192.168.142.104
FATAL unrecoverable disk error
DEBUG heap size: 192.168.36.209
DEBUG cache hit for key=192.168.82.31
WARN disk usage 192.168.215.207%
WARN slow query: 192.168.36.209ms
INFO connection established
INFO request from 192.168.211.158
INFO request from 192.168.60.30
ERROR auth failure for user 192.168.178.215
ERROR connection timeout 503
WARN disk usage 192.168.82.31%
DEBUG entering function foo
WARN retry attempt 192.168.193.243 for 19288
FATAL out of memory
WARN memory threshold reached: 192.168.107.168MB
ERROR connection timeout 503
FATAL unrecoverable disk error
INFO request from 192.168.141.220
ERROR auth failure for user 192.168.219.168
ERROR file not found: /tmp/192.168.36.209.log
FATAL segfault at address 0x192.168.211.158
INFO user 192.168.219.168 logged in
FATAL out of memory
INFO request from 192.168.9.50
INFO request from 192.168.92.139
FATAL unrecoverable disk error
INFO request from 192.168.189.144
DEBUG entering function foo
INFO request from 192.168.215.207
WARN disk usage 192.168.229.48%
ERROR connection timeout 503
FATAL out of memory
FATAL unrecoverable disk error
INFO user 192.168.193.243 logged in
INFO connection established
DEBUG heap size: 192.168.219.168
DEBUG heap size: 192.168.229.48
WARN memory threshold reached: 192.168.219.168MB
WARN slow query: 192.168.142.104ms
DEBUG heap size: 192.168.9.50
DEBUG cache hit for key=192.168.121.141
INFO user 192.168.60.30 logged in
INFO request from 192.168.178.215
DEBUG variable x=192.168.211.158
DEBUG variable x=192.168.197.186
DEBUG heap size: 192.168.178.215
WARN memory threshold reached: 192.168.107.168MB
FATAL segfault at address 0x192.168.189.144
INFO user 192.168.197.186 logged in
DEBUG heap size: 192.168.121.141
WARN slow query: 192.168.142.104ms
ERROR connection timeout 503
INFO processed 192.168.82.31 items
INFO connection established
INFO processed 192.168.39.155 items
DEBUG cache hit for key=192.168.141.220
INFO user 192.168.189.144 logged in
DEBUG variable x=192.168.141.220
WARN disk usage 192.168.229.48%
WARN retry attempt 192.168.193.243 for 17658
WARN memory threshold reached: 192.168.107.168MB
FATAL kernel panic
DEBUG variable x=192.168.211.158
FATAL out of memory
DEBUG variable x=192.168.229.48
INFO processed 192.168.121.141 items
FATAL out of memory
DEBUG variable x=192.168.36.209
FATAL kernel panic
ERROR null pointer in module 192.168.39.155
DEBUG entering function foo
INFO request from 192.168.9.50
FATAL unrecoverable disk error
INFO user 192.168.193.243 logged in
WARN disk usage 192.168.92.139%
ERROR file not found: /tmp/192.168.219.168.log
ERROR null pointer in module 192.168.121.141
WARN slow query: 192.168.178.215ms
FATAL kernel panic
INFO connection established
FATAL kernel panic
FATAL out of memory
FATAL kernel panic
FATAL unrecoverable disk error
INFO user 192.168.141.220 logged in
FATAL unrecoverable disk error
DEBUG cache hit for key=192.168.215.207
WARN disk usage 192.168.121.141%
INFO request from 192.168.39.155
FATAL out of memory
FATAL kernel panic
INFO connection established
DEBUG cache hit for key=192.168.229.48
FATAL kernel panic
FATAL out of memory
ERROR null pointer in module 192.168.229.48
DEBUG cache hit for key=192.168.92.139
DEBUG heap size: 192.168.57.185
INFO request from 192.168.178.6
FATAL segfault at address 0x192.168.39.155
INFO user 192.168.211.158 logged in
FATAL kernel panic
FATAL kernel panic
WARN retry attempt 192.168.36.209 for 87241
INFO processed 192.168.60.30 items
WARN retry attempt 192.168.219.168 for 59671
INFO request from 192.168.60.30
WARN memory threshold reached: 192.168.9.50MB
FATAL out of memory
ERROR file not found: /tmp/192.168.57.185.log
INFO connection established
FATAL kernel panic
ERROR connection timeout 503
WARN retry attempt 192.168.189.144 for 9091
WARN memory threshold reached: 192.168.107.168MB
DEBUG entering function foo
DEBUG heap size: 192.168.141.220
ERROR auth failure for user 192.168.60.30
INFO processed 192.168.36.209 items
WARN slow query: 192.168.107.168ms
FATAL kernel panic
WARN disk usage 192.168.39.155%
ERROR auth failure for user 192.168.57.185
INFO user 192.168.36.209 logged in
WARN retry attempt 192.168.142.104 for 90658
ERROR file not found: /tmp/192.168.39.155.log
FATAL out of memory
DEBUG variable x=192.168.193.243
WARN retry attempt 192.168.193.243 for 31959
DEBUG cache hit for key=192.168.107.168
WARN memory threshold reached: 192.168.82.31MB
FATAL kernel panic
ERROR connection timeout 503
WARN memory threshold reached: 192.168.57.185MB
FATAL unrecoverable disk error
INFO user 192.168.197.186 logged in
INFO connection established
FATAL out of memory
ERROR connection timeout 503
INFO processed 192.168.215.207 items
DEBUG heap size: 192.168.215.207
INFO connection established
WARN retry attempt 192.168.141.220 for 36317
WARN slow query: 192.168.189.144ms
FATAL segfault at address 0x192.168.60.30
FATAL segfault at address 0x192.168.60.30
FATAL kernel panic
FATAL out of memory
DEBUG heap size: 192.168.57.185
INFO connection established
FATAL segfault at address 0x192.168.60.30
ERROR auth failure for user 192.168.141.220
WARN retry attempt 192.168.107.168 for 88481
WARN memory threshold reached: 192.168.92.139MB
FATAL unrecoverable disk error
INFO processed 192.168.215.207 items
INFO connection established
FATAL out of memory
INFO user 192.168.178.6 logged in
FATAL out of memory
FATAL out of memory
WARN disk usage 192.168.193.243%
ERROR null pointer in module 192.168.197.186
WARN memory threshold reached: 192.168.229.48MB
INFO request from 192.168.60.30
INFO processed 192.168.178.215 items
DEBUG cache hit for key=192.168.215.207
DEBUG cache hit for key=192.168.36.209
DEBUG cache hit for key=192.168.92.139
DEBUG entering function foo
WARN slow query: 192.168.9.50ms
INFO processed 192.168.219.168 items
FATAL unrecoverable disk error
WARN slow query: 192.168.60.30ms
INFO request from 192.168.141.220
ERROR connection timeout 503
DEBUG variable x=192.168.219.168
FATAL kernel panic
ERROR null pointer in module 192.168.141.220
DEBUG variable x=192.168.229.48
DEBUG entering function foo
INFO user 192.168.193.243 logged in
FATAL segfault at address 0x192.168.189.144
DEBUG entering function foo
INFO request from 192.168.121.141
FATAL kernel panic
DEBUG heap size: 192.168.9.50
ERROR connection timeout 503
DEBUG cache hit for key=192.168.219.168
WARN disk usage 192.168.9.50%
WARN retry attempt 192.168.193.243 for 91457
INFO processed 192.168.178.6 items
DEBUG variable x=192.168.193.243
WARN disk usage 192.168.193.243%
WARN slow query: 192.168.178.215ms
INFO connection established
FATAL out of memory
FATAL unrecoverable disk error
ERROR file not found: /tmp/192.168.189.144.log
FATAL out of memory
INFO processed 192.168.39.155 items
WARN memory threshold reached: 192.168.57.185MB
ERROR auth failure for user 192.168.142.104
FATAL out of memory
DEBUG entering function foo
WARN memory threshold reached: 192.168.36.209MB
INFO processed 192.168.229.48 items
INFO processed 192.168.141.220 items
FATAL kernel panic
DEBUG heap size: 192.168.92.139
INFO connection established
DEBUG heap size: 192.168.215.207
DEBUG cache hit for key=192.168.36.209
WARN disk usage 192.168.141.220%
ERROR auth failure for user 192.168.193.243
INFO request from 192.168.121.141
INFO user 192.168.219.168 logged in
ERROR connection timeout 503
WARN disk usage 192.168.60.30%
ERROR null pointer in module 192.168.82.31
WARN memory threshold reached: 192.168.189.144MB
INFO connection established
FATAL out of memory
ERROR file not found: /tmp/192.168.9.50.log
WARN disk usage 192.168.211.158%
INFO request from 192.168.229.48
DEBUG variable x=192.168.9.50
ERROR file not found: /tmp/192.168.229.48.log
INFO request from 192.168.178.215
DEBUG cache hit for key=192.168.229.48
WARN slow query: 192.168.107.168ms
INFO user 192.168.215.207 logged in
DEBUG variable x=192.168.141.220
ERROR auth failure for user 192.168.178.215
DEBUG entering function foo
DEBUG variable x=192.168.215.207
FATAL kernel panic
DEBUG entering function foo
FATAL segfault at address 0x192.168.197.186
ERROR file not found: /tmp/192.168.57.185.log
DEBUG entering function foo
INFO request from 192.168.178.6
ERROR file not found: /tmp/192.168.215.207.log
WARN slow query: 192.168.121.141ms
ERROR null pointer in module 192.168.36.209
FATAL unrecoverable disk error
FATAL kernel panic
WARN memory threshold reached: 192.168.229.48MB
WARN disk usage 192.168.219.168%
INFO processed 192.168.215.207 items
DEBUG variable x=192.168.39.155
DEBUG variable x=192.168.39.155
WARN retry attempt 192.168.39.155 for 45585
DEBUG entering function foo
FATAL out of memory
INFO processed 192.168.9.50 items
DEBUG heap size: 192.168.92.139
DEBUG entering function foo
INFO request from 192.168.215.207
DEBUG heap size: 192.168.60.30
WARN slow query: 192.168.211.158ms
FATAL segfault at address 0x192.168.178.215
DEBUG cache hit for key=192.168.107.168
ERROR auth failure for user 192.168.189.144
INFO request from 192.168.178.215
FATAL out of memory
WARN memory threshold reached: 192.168.178.6MB
DEBUG cache hit for key=192.168.9.50
DEBUG heap size: 192.168.57.185
WARN memory threshold reached: 192.168.36.209MB
DEBUG cache hit for key=192.168.211.158
WARN memory threshold reached: 192.168.82.31MB
ERROR null pointer in module 192.168.215.207
WARN memory threshold reached: 192.168.57.185MB
DEBUG cache hit for key=192.168.178.215
WARN memory threshold reached: 192.168.229.48MB
FATAL segfault at address 0x192.168.142.104
WARN retry attempt 192.168.57.185 for 69368
INFO user 192.168.107.168 logged in
WARN retry attempt 192.168.189.144 for 24751
FATAL out of memory
WARN retry attempt 192.168.57.185 for 16713
FATAL kernel panic
DEBUG entering function foo
DEBUG entering function foo
ERROR connection timeout 503
INFO processed 192.168.60.30 items
INFO processed 192.168.107.168 items
WARN memory threshold reached: 192.168.60.30MB
DEBUG variable x=192.168.215.207
DEBUG variable x=192.168.211.158
FATAL kernel panic
ERROR file not found: /tmp/192.168.141.220.log
INFO processed 192.168.141.220 items
ERROR null pointer in module 192.168.141.220
WARN memory threshold reached: 192.168.121.141MB
FATAL segfault at address 0x192.168.219.168
INFO request from 192.168.197.186
INFO processed 192.168.82.31 items
ERROR file not found: /tmp/192.168.229.48.log
INFO request from 192.168.92.139
FATAL out of memory
FATAL out of memory
DEBUG heap size: 192.168.178.215
WARN memory threshold reached: 192.168.39.155MB
INFO processed 192.168.107.168 items
WARN disk usage 192.168.60.30%
INFO connection established
FATAL kernel panic
DEBUG heap size: 192.168.82.31
ERROR null pointer in module 192.168.60.30
FATAL unrecoverable disk error
INFO processed 192.168.197.186 items
DEBUG entering function foo
WARN slow query: 192.168.189.144ms
FATAL kernel panic
INFO request from 192.168.82.31
DEBUG variable x=192.168.189.144
WARN retry attempt 192.168.197.186 for 1479
WARN slow query: 192.168.197.186ms
FATAL kernel panic
FATAL out of memory
ERROR file not found: /tmp/192.168.219.168.log
FATAL out of memory
INFO connection established
WARN memory threshold reached: 192.168.57.185MB
INFO processed 192.168.36.209 items
DEBUG cache hit for key=192.168.39.155
INFO request from 192.168.39.155
ERROR null pointer in module 192.168.82.31
DEBUG cache hit for key=192.168.215.207
INFO request from 192.168.215.207
INFO user 192.168.57.185 logged in
WARN slow query: 192.168.141.220ms
WARN slow query: 192.168.178.215ms
INFO user 192.168.141.220 logged in
WARN disk usage 192.168.178.6%
WARN memory threshold reached: 192.168.211.158MB
FATAL unrecoverable disk error
WARN retry attempt 192.168.178.215 for 73533
INFO request from 192.168.197.186
DEBUG cache hit for key=192.168.178.215
FATAL kernel panic
FATAL unrecoverable disk error
INFO processed 192.168.219.168 items
ERROR null pointer in module 192.168.92.139
ERROR auth failure for user 192.168.178.215
ERROR connection timeout 503
DEBUG heap size: 192.168.215.207
ERROR file not found: /tmp/192.168.142.104.log
INFO processed 192.168.178.215 items
INFO connection established
WARN slow query: 192.168.178.215ms
DEBUG entering function foo
ERROR file not found: /tmp/192.168.219.168.log
ERROR null pointer in module 192.168.39.155
FATAL out of memory
INFO user 192.168.197.186 logged in
ERROR null pointer in module 192.168.229.48
ERROR null pointer in module 192.168.9.50
INFO processed 192.168.92.139 items
DEBUG entering function foo
WARN slow query: 192.168.219.168ms
ERROR file not found: /tmp/192.168.60.30.log
FATAL segfault at address 0x192.168.107.168
FATAL unrecoverable disk error
FATAL out of memory
WARN slow query: 192.168.142.104ms
FATAL unrecoverable disk error
FATAL out of memory
INFO user 192.168.92.139 logged in
WARN slow query: 192.168.219.168ms
FATAL unrecoverable disk error
INFO user 192.168.60.30 logged in
ERROR null pointer in module 192.168.229.48
ERROR auth failure for user 192.168.121.141
DEBUG entering function foo
DEBUG entering function foo
FATAL segfault at address 0x192.168.189.144
DEBUG entering function foo
DEBUG variable x=192.168.211.158
ERROR auth failure for user 192.168.9.50
WARN memory threshold reached: 192.168.57.185MB
WARN slow query: 192.168.9.50ms
DEBUG cache hit for key=192.168.142.104
WARN slow query: 192.168.141.220ms
WARN disk usage 192.168.107.168%
DEBUG variable x=192.168.60.30
INFO request from 192.168.229.48
DEBUG heap size: 192.168.9.50
ERROR null pointer in module 192.168.215.207
DEBUG heap size: 192.168.211.158
WARN memory threshold reached: 192.168.57.185MB
INFO processed 192.168.57.185 items
DEBUG variable x=192.168.39.155
WARN slow query: 192.168.211.158ms
INFO request from 192.168.60.30
ERROR null pointer in module 192.168.141.220
WARN memory threshold reached: 192.168.57.185MB
ERROR file not found: /tmp/192.168.189.144.log
WARN disk usage 192.168.229.48%
WARN slow query: 192.168.178.6ms
FATAL out of memory
INFO request from 192.168.82.31
INFO user 192.168.229.48 logged in
DEBUG entering function foo
FATAL kernel panic
WARN slow query: 192.168.219.168ms
DEBUG variable x=192.168.178.215
WARN slow query: 192.168.60.30ms
INFO request from 192.168.92.139
DEBUG entering function foo
DEBUG heap size: 192.168.141.220
ERROR connection timeout 503
DEBUG entering function foo
WARN memory threshold reached: 192.168.142.104MB
INFO processed 192.168.92.139 items
DEBUG cache hit for key=192.168.9.50
FATAL kernel panic
WARN disk usage 192.168.82.31%
INFO user 192.168.121.141 logged in
WARN retry attempt 192.168.39.155 for 36908
ERROR connection timeout 503
FATAL unrecoverable disk error
DEBUG entering function foo
ERROR null pointer in module 192.168.92.139
INFO connection established
ERROR auth failure for user 192.168.197.186
FATAL segfault at address 0x192.168.189.144
FATAL kernel panic
FATAL unrecoverable disk error
ERROR file not found: /tmp/192.168.9.50.log
ERROR null pointer in module 192.168.39.155
INFO processed 192.168.82.31 items
FATAL segfault at address 0x192.168.211.158
FATAL out of memory
FATAL kernel panic
INFO request from 192.168.211.158
WARN slow query: 192.168.92.139ms
WARN disk usage 192.168.121.141%
WARN disk usage 192.168.189.144%
WARN memory threshold reached: 192.168.211.158MB
DEBUG variable x=192.168.229.48
DEBUG cache hit for key=192.168.92.139
WARN retry attempt 192.168.219.168 for 72461
FATAL out of memory
WARN memory threshold reached: 192.168.211.158MB
ERROR auth failure for user 192.168.92.139
ERROR null pointer in module 192.168.107.168
ERROR connection timeout 503
WARN disk usage 192.168.82.31%
ERROR auth failure for user 192.168.211.158
DEBUG variable x=192.168.82.31
ERROR connection timeout 503
FATAL unrecoverable disk error
INFO connection established
INFO processed 192.168.142.104 items
WARN disk usage 192.168.189.144%
FATAL kernel panic
DEBUG variable x=192.168.229.48
INFO processed 192.168.229.48 items
DEBUG heap size: 192.168.57.185
ERROR file not found: /tmp/192.168.121.141.log
FATAL unrecoverable disk error
INFO processed 192.168.57.185 items
WARN disk usage 192.168.82.31%
WARN slow query: 192.168.57.185ms
WARN slow query: 192.168.178.6ms
INFO connection established
INFO user 192.168.36.209 logged in
FATAL kernel panic
FATAL out of memory
INFO processed 192.168.9.50 items
INFO request from 192.168.229.48
FATAL out of memory
INFO processed 192.168.60.30 items
ERROR connection timeout 503
INFO request from 192.168.178.215
ERROR auth failure for user 192.168.57.185
DEBUG entering function foo
INFO connection established
FATAL segfault at address 0x192.168.142.104
WARN slow query: 192.168.193.243ms
WARN memory threshold reached: 192.168.57.185MB
WARN slow query: 192.168.36.209ms
DEBUG heap size: 192.168.39.155
DEBUG entering function foo
INFO processed 192.168.107.168 items
DEBUG entering function foo
WARN slow query: 192.168.178.215ms
INFO request from 192.168.189.144
INFO connection established
FATAL unrecoverable disk error
INFO processed 192.168.193.243 items
FATAL out of memory
FATAL out of memory
FATAL unrecoverable disk error
WARN disk usage 192.168.57.185%
DEBUG variable x=192.168.211.158
FATAL out of memory
ERROR connection timeout 503
DEBUG heap size: 192.168.193.243
DEBUG entering function foo
ERROR file not found: /tmp/192.168.219.168.log
ERROR null pointer in module 192.168.229.48
WARN disk usage 192.168.9.50%
FATAL kernel panic
ERROR file not found: /tmp/192.168.141.220.log
ERROR null pointer in module 192.168.92.139
ERROR connection timeout 503
WARN memory threshold reached: 192.168.121.141MB
DEBUG entering function foo
FATAL unrecoverable disk error
ERROR file not found: /tmp/192.168.57.185.log
WARN memory threshold reached: 192.168.107.168MB
ERROR null pointer in module 192.168.215.207
ERROR auth failure for user 192.168.193.243
ERROR null pointer in module 192.168.142.104
WARN memory threshold reached: 192.168.82.31MB
FATAL out of memory
DEBUG entering function foo
DEBUG variable x=192.168.197.186
ERROR connection timeout 503
DEBUG variable x=192.168.121.141
FATAL segfault at address 0x192.168.107.168
FATAL kernel panic
WARN slow query: 192.168.36.209ms
DEBUG heap size: 192.168.39.155
INFO request from 192.168.193.243
INFO user 192.168.197.186 logged in
WARN slow query: 192.168.229.48ms
FATAL kernel panic
WARN slow query: 192.168.178.215ms
WARN disk usage 192.168.82.31%
WARN slow query: 192.168.178.215ms
WARN disk usage 192.168.178.6%
WARN slow query: 192.168.193.243ms
INFO request from 192.168.211.158
INFO connection established
FATAL segfault at address 0x192.168.92.139
ERROR file not found: /tmp/192.168.121.141.log
ERROR auth failure for user 192.168.9.50
WARN memory threshold reached: 192.168.215.207MB
INFO request from 192.168.215.207
INFO request from 192.168.178.215
DEBUG entering function foo
DEBUG variable x=192.168.36.209
FATAL out of memory
ERROR connection timeout 503
FATAL unrecoverable disk error
WARN slow query: 192.168.219.168ms
DEBUG heap size: 192.168.215.207
WARN disk usage 192.168.9.50%
ERROR connection timeout 503
INFO request from 192.168.39.155
FATAL out of memory
INFO processed 192.168.9.50 items
FATAL kernel panic
INFO connection established
FATAL segfault at address 0x192.168.178.215
ERROR connection timeout 503
FATAL segfault at address 0x192.168.178.215
WARN slow query: 192.168.189.144ms
DEBUG heap size: 192.168.107.168
FATAL segfault at address 0x192.168.178.215
DEBUG cache hit for key=192.168.141.220
DEBUG cache hit for key=192.168.142.104
FATAL unrecoverable disk error
INFO request from 192.168.215.207
ERROR null pointer in module 192.168.60.30
FATAL out of memory
DEBUG variable x=192.168.60.30
INFO processed 192.168.60.30 items
ERROR file not found: /tmp/192.168.189.144.log
WARN disk usage 192.168.9.50%
DEBUG variable x=192.168.142.104
WARN retry attempt 192.168.193.243 for 13505
INFO connection established
FATAL segfault at address 0x192.168.229.48
FATAL out of memory
ERROR file not found: /tmp/192.168.82.31.log
INFO user 192.168.215.207 logged in
INFO connection established
WARN slow query: 192.168.178.215ms
FATAL segfault at address 0x192.168.82.31
INFO connection established
FATAL unrecoverable disk error
WARN memory threshold reached: 192.168.141.220MB
FATAL out of memory
DEBUG heap size: 192.168.178.6
ERROR null pointer in module 192.168.193.243
FATAL unrecoverable disk error
INFO user 192.168.39.155 logged in
FATAL out of memory
WARN slow query: 192.168.178.6ms
WARN disk usage 192.168.141.220%
WARN retry attempt 192.168.9.50 for 24593
ERROR null pointer in module 192.168.9.50
DEBUG entering function foo
ERROR auth failure for user 192.168.82.31
FATAL segfault at address 0x192.168.197.186
INFO processed 192.168.36.209 items
WARN retry attempt 192.168.219.168 for 51092
FATAL kernel panic
DEBUG cache hit for key=192.168.215.207
INFO connection established
INFO processed 192.168.107.168 items
WARN retry attempt 192.168.219.168 for 14850
WARN slow query: 192.168.219.168ms
DEBUG cache hit for key=192.168.197.186
FATAL segfault at address 0x192.168.82.31
DEBUG cache hit for key=192.168.60.30
ERROR null pointer in module 192.168.178.215
FATAL segfault at address 0x192.168.121.141
ERROR file not found: /tmp/192.168.107.168.log
INFO user 192.168.36.209 logged in
INFO connection established
ERROR null pointer in module 192.168.141.220
DEBUG cache hit for key=192.168.39.155
DEBUG heap size: 192.168.197.186
INFO connection established
ERROR connection timeout 503
FATAL unrecoverable disk error
WARN memory threshold reached: 192.168.229.48MB
FATAL out of memory
WARN retry attempt 192.168.197.186 for 64407
DEBUG variable x=192.168.9.50
FATAL kernel panic
DEBUG entering function foo
INFO request from 192.168.193.243
ERROR auth failure for user 192.168.57.185
WARN disk usage 192.168.178.6%
ERROR auth failure for user 192.168.92.139
ERROR connection timeout 503
FATAL unrecoverable disk error
DEBUG variable x=192.168.178.6
FATAL kernel panic
WARN disk usage 192.168.39.155%
WARN disk usage 192.168.9.50%
INFO request from 192.168.197.186
INFO request from 192.168.36.209
ERROR auth failure for user 192.168.121.141
ERROR null pointer in module 192.168.178.215
INFO processed 192.168.92.139 items
WARN memory threshold reached: 192.168.219.168MB
FATAL kernel panic
INFO processed 192.168.193.243 items
DEBUG cache hit for key=192.168.107.168
ERROR file not found: /tmp/192.168.60.30.log
WARN disk usage 192.168.178.6%
WARN memory threshold reached: 192.168.121.141MB
WARN slow query: 192.168.60.30ms
FATAL segfault at address 0x192.168.92.139
ERROR file not found: /tmp/192.168.141.220.log
WARN disk usage 192.168.219.168%
INFO connection established
WARN retry attempt 192.168.211.158 for 71172
FATAL unrecoverable disk error
FATAL out of memory
DEBUG entering function foo
DEBUG cache hit for key=192.168.60.30
INFO user 192.168.178.6 logged in
ERROR null pointer in module 192.168.193.243
FATAL unrecoverable disk error
ERROR auth failure for user 192.168.193.243
FATAL segfault at address 0x192.168.142.104
FATAL out of memory
ERROR connection timeout 503
INFO connection established
DEBUG heap size: 192.168.219.168
ERROR file not found: /tmp/192.168.39.155.log
FATAL unrecoverable disk error
ERROR null pointer in module 192.168.57.185
FATAL unrecoverable disk error
INFO processed 192.168.107.168 items
FATAL kernel panic
ERROR auth failure for user 192.168.60.30
WARN memory threshold reached: 192.168.178.6MB
WARN disk usage 192.168.39.155%
DEBUG entering function foo
FATAL out of memory
WARN slow query: 192.168.57.185ms
INFO connection established
WARN retry attempt 192.168.211.158 for 9342
INFO request from 192.168.197.186
FATAL out of memory
INFO processed 192.168.39.155 items
DEBUG cache hit for key=192.168.121.141
FATAL segfault at address 0x192.168.178.6
ERROR file not found: /tmp/192.168.121.141.log
FATAL segfault at address 0x192.168.215.207
INFO request from 192.168.229.48
INFO request from 192.168.142.104
INFO request from 192.168.92.139
FATAL kernel panic
WARN memory threshold reached: 192.168.60.30MB
FATAL segfault at address 0x192.168.57.185
FATAL kernel panic
FATAL out of memory
ERROR auth failure for user 192.168.219.168
FATAL out of memory
WARN retry attempt 192.168.193.243 for 54852
INFO connection established
WARN disk usage 192.168.193.243%
ERROR connection timeout 503
ERROR connection timeout 503
DEBUG cache hit for key=192.168.229.48
ERROR null pointer in module 192.168.229.48
FATAL kernel panic
FATAL unrecoverable disk error
WARN slow query: 192.168.219.168ms
FATAL segfault at address 0x192.168.197.186
DEBUG heap size: 192.168.141.220
ERROR file not found: /tmp/192.168.57.185.log
ERROR null pointer in module 192.168.211.158
WARN disk usage 192.168.107.168%
FATAL segfault at address 0x192.168.39.155
ERROR null pointer in module 192.168.178.6
WARN memory threshold reached: 192.168.193.243MB
ERROR connection timeout 503
INFO user 192.168.60.30 logged in
WARN slow query: 192.168.211.158ms
INFO request from 192.168.193.243
INFO connection established
ERROR connection timeout 503
INFO request from 192.168.178.215
INFO processed 192.168.121.141 items
WARN retry attempt 192.168.215.207 for 24521
ERROR connection timeout 503
DEBUG variable x=192.168.39.155
DEBUG heap size: 192.168.178.6
WARN memory threshold reached: 192.168.229.48MB
ERROR connection timeout 503
ERROR null pointer in module 192.168.178.215
DEBUG entering function foo
DEBUG heap size: 192.168.141.220
ERROR file not found: /tmp/192.168.36.209.log
INFO connection established
FATAL out of memory
WARN slow query: 192.168.193.243ms
INFO processed 192.168.36.209 items
ERROR connection timeout 503
DEBUG cache hit for key=192.168.39.155
INFO connection established
INFO processed 192.168.219.168 items
FATAL segfault at address 0x192.168.9.50
FATAL kernel panic
ERROR connection timeout 503
DEBUG variable x=192.168.197.186
DEBUG cache hit for key=192.168.178.6
DEBUG entering function foo
INFO processed 192.168.141.220 items
INFO request from 192.168.229.48
ERROR connection timeout 503
WARN slow query: 192.168.36.209ms
DEBUG heap size: 192.168.219.168
FATAL kernel panic
WARN disk usage 192.168.82.31%
WARN memory threshold reached: 192.168.39.155MB
ERROR connection timeout 503
INFO processed 192.168.178.215 items
FATAL out of memory
FATAL unrecoverable disk error
WARN disk usage 192.168.142.104%
DEBUG entering function foo
DEBUG variable x=192.168.178.215
ERROR connection timeout 503
DEBUG entering function foo
INFO connection established
FATAL out of memory
DEBUG cache hit for key=192.168.141.220
WARN retry attempt 192.168.193.243 for 58858
ERROR null pointer in module 192.168.57.185
WARN disk usage 192.168.92.139%
FATAL unrecoverable disk error
FATAL segfault at address 0x192.168.215.207
ERROR null pointer in module 192.168.193.243
WARN slow query: 192.168.82.31ms
INFO processed 192.168.60.30 items
FATAL unrecoverable disk error
ERROR null pointer in module 192.168.193.243
WARN slow query: 192.168.82.31ms
ERROR auth failure for user 192.168.57.185
DEBUG variable x=192.168.82.31
WARN disk usage 192.168.39.155%
FATAL kernel panic
WARN disk usage 192.168.215.207%
ERROR connection timeout 503
ERROR null pointer in module 192.168.189.144
WARN memory threshold reached: 192.168.178.215MB
FATAL out of memory
WARN retry attempt 192.168.57.185 for 91979
FATAL segfault at address 0x192.168.142.104
WARN memory threshold reached: 192.168.39.155MB
WARN retry attempt 192.168.39.155 for 45325
INFO processed 192.168.178.6 items
INFO request from 192.168.189.144
FATAL unrecoverable disk error
INFO processed 192.168.82.31 items
WARN slow query: 192.168.92.139ms
WARN disk usage 192.168.211.158%
DEBUG variable x=192.168.189.144
WARN retry attempt 192.168.215.207 for 52270
WARN disk usage 192.168.189.144%
DEBUG entering function foo
WARN disk usage 192.168.92.139%
DEBUG variable x=192.168.9.50
DEBUG cache hit for key=192.168.9.50
ERROR null pointer in module 192.168.229.48
DEBUG entering function foo
DEBUG cache hit for key=192.168.141.220
DEBUG variable x=192.168.9.50
FATAL unrecoverable disk error
INFO connection established
DEBUG variable x=192.168.82.31
FATAL kernel panic
INFO request from 192.168.178.6
ERROR auth failure for user 192.168.107.168
FATAL out of memory
DEBUG heap size: 192.168.92.139
DEBUG cache hit for key=192.168.219.168
DEBUG cache hit for key=192.168.141.220
ERROR connection timeout 503
INFO user 192.168.215.207 logged in
DEBUG heap size: 192.168.60.30
DEBUG variable x=192.168.193.243
WARN disk usage 192.168.121.141%
FATAL kernel panic
DEBUG variable x=192.168.142.104
FATAL segfault at address 0x192.168.36.209
INFO user 192.168.193.243 logged in
WARN memory threshold reached: 192.168.141.220MB
FATAL unrecoverable disk error
DEBUG entering function foo
DEBUG entering function foo
INFO connection established
ERROR connection timeout 503
INFO processed 192.168.9.50 items
FATAL out of memory
ERROR file not found: /tmp/192.168.178.215.log
INFO request from 192.168.82.31
FATAL out of memory
ERROR connection timeout 503
ERROR null pointer in module 192.168.219.168
WARN retry attempt 192.168.141.220 for 25961
WARN memory threshold reached: 192.168.57.185MB
ERROR file not found: /tmp/192.168.57.185.log
DEBUG variable x=192.168.189.144
DEBUG entering function foo
ERROR connection timeout 503
INFO processed 192.168.142.104 items
ERROR connection timeout 503
INFO connection established
DEBUG heap size: 192.168.57.185
ERROR file not found: /tmp/192.168.193.243.log
ERROR auth failure for user 192.168.9.50
WARN memory threshold reached: 192.168.107.168MB
WARN memory threshold reached: 192.168.9.50MB
INFO processed 192.168.57.185 items
INFO processed 192.168.82.31 items
INFO processed 192.168.36.209 items
FATAL kernel panic
INFO user 192.168.107.168 logged in
FATAL kernel panic
DEBUG variable x=192.168.229.48
INFO user 192.168.107.168 logged in
FATAL kernel panic
ERROR file not found: /tmp/192.168.211.158.log
WARN disk usage 192.168.39.155%
INFO request from 192.168.57.185
FATAL unrecoverable disk error
WARN memory threshold reached: 192.168.229.48MB
INFO user 192.168.141.220 logged in
INFO request from 192.168.57.185
DEBUG variable x=192.168.60.30
INFO user 192.168.211.158 logged in
INFO request from 192.168.36.209
INFO request from 192.168.178.6
FATAL kernel panic
INFO request from 192.168.39.155
INFO request from 192.168.107.168
INFO user 192.168.193.243 logged in
FATAL unrecoverable disk error
ERROR connection timeout 503
INFO connection established
INFO processed 192.168.178.215 items
INFO processed 192.168.57.185 items
WARN memory threshold reached: 192.168.193.243MB
ERROR auth failure for user 192.168.219.168
INFO request from 192.168.60.30
FATAL kernel panic
INFO user 192.168.36.209 logged in
INFO processed 192.168.211.158 items
WARN disk usage 192.168.57.185%
DEBUG cache hit for key=192.168.36.209
INFO processed 192.168.193.243 items
FATAL segfault at address 0x192.168.189.144
INFO request from 192.168.178.215
DEBUG entering function foo
FATAL kernel panic
INFO user 192.168.57.185 logged in
INFO processed 192.168.121.141 items
FATAL segfault at address 0x192.168.229.48
WARN disk usage 192.168.92.139%
FATAL segfault at address 0x192.168.9.50
INFO request from 192.168.229.48
FATAL segfault at address 0x192.168.36.209
INFO request from 192.168.60.30
DEBUG heap size: 192.168.197.186
WARN disk usage 192.168.193.243%
FATAL kernel panic
ERROR connection timeout 503
DEBUG heap size: 192.168.107.168
FATAL segfault at address 0x192.168.60.30
FATAL segfault at address 0x192.168.229.48
WARN retry attempt 192.168.107.168 for 17721
DEBUG heap size: 192.168.178.6
DEBUG heap size: 192.168.92.139
INFO user 192.168.211.158 logged in
ERROR auth failure for user 192.168.36.209
WARN slow query: 192.168.229.48ms
WARN retry attempt 192.168.9.50 for 15945
WARN slow query: 192.168.39.155ms
INFO user 192.168.193.243 logged in
ERROR auth failure for user 192.168.39.155
FATAL segfault at address 0x192.168.39.155
INFO processed 192.168.60.30 items
FATAL segfault at address 0x192.168.197.186
DEBUG heap size: 192.168.57.185
INFO processed 192.168.60.30 items
FATAL segfault at address 0x192.168.178.215
DEBUG heap size: 192.168.219.168
DEBUG variable x=192.168.229.48
DEBUG entering function foo
DEBUG variable x=192.168.39.155
DEBUG variable x=192.168.107.168
WARN disk usage 192.168.36.209%
INFO user 192.168.215.207 logged in
FATAL out of memory
FATAL out of memory
WARN retry attempt 192.168.211.158 for 89993
WARN retry attempt 192.168.189.144 for 91704
DEBUG entering function foo
INFO connection established
DEBUG heap size: 192.168.82.31
INFO connection established
INFO user 192.168.36.209 logged in
DEBUG heap size: 192.168.9.50
FATAL unrecoverable disk error
FATAL kernel panic
ERROR null pointer in module 192.168.9.50
WARN retry attempt 192.168.92.139 for 52072
INFO processed 192.168.92.139 items
FATAL segfault at address 0x192.168.142.104
ERROR connection timeout 503
FATAL kernel panic
FATAL out of memory
ERROR connection timeout 503
INFO processed 192.168.92.139 items
WARN slow query: 192.168.36.209ms
ERROR null pointer in module 192.168.141.220
ERROR connection timeout 503
DEBUG cache hit for key=192.168.82.31
ERROR file not found: /tmp/192.168.60.30.log
ERROR auth failure for user 192.168.60.30
INFO connection established
WARN retry attempt 192.168.82.31 for 53565
INFO user 192.168.189.144 logged in
INFO connection established
FATAL out of memory
DEBUG cache hit for key=192.168.189.144
INFO request from 192.168.193.243
INFO user 192.168.197.186 logged in
DEBUG cache hit for key=192.168.57.185
INFO connection established
DEBUG heap size: 192.168.82.31
INFO request from 192.168.193.243
DEBUG entering function foo
DEBUG cache hit for key=192.168.178.6
FATAL unrecoverable disk error
WARN retry attempt 192.168.36.209 for 67785
INFO user 192.168.36.209 logged in
DEBUG heap size: 192.168.107.168
ERROR connection timeout 503
ERROR null pointer in module 192.168.178.215
INFO processed 192.168.82.31 items
ERROR connection timeout 503
WARN memory threshold reached: 192.168.229.48MB
WARN disk usage 192.168.39.155%
ERROR auth failure for user 192.168.189.144
DEBUG heap size: 192.168.60.30
WARN memory threshold reached: 192.168.178.215MB
FATAL kernel panic
DEBUG variable x=192.168.229.48
ERROR connection timeout 503
DEBUG cache hit for key=192.168.107.168
ERROR connection timeout 503
INFO request from 192.168.193.243
DEBUG variable x=192.168.82.31
FATAL kernel panic
FATAL kernel panic
ERROR connection timeout 503
INFO processed 192.168.92.139 items
ERROR file not found: /tmp/192.168.211.158.log
WARN disk usage 192.168.178.215%
WARN slow query: 192.168.178.6ms
DEBUG heap size: 192.168.229.48
WARN memory threshold reached: 192.168.211.158MB
ERROR file not found: /tmp/192.168.82.31.log
FATAL out of memory
DEBUG variable x=192.168.141.220
ERROR auth failure for user 192.168.193.243
INFO request from 192.168.57.185
DEBUG variable x=192.168.36.209
ERROR connection timeout 503
WARN retry attempt 192.168.178.215 for 62930
FATAL unrecoverable disk error
FATAL out of memory
ERROR connection timeout 503
DEBUG entering function foo
FATAL out of memory
FATAL segfault at address 0x192.168.107.168
FATAL kernel panic
DEBUG heap size: 192.168.197.186
DEBUG entering function foo
WARN slow query: 192.168.39.155ms
DEBUG cache hit for key=192.168.107.168
FATAL unrecoverable disk error
DEBUG cache hit for key=192.168.178.215
FATAL kernel panic
ERROR file not found: /tmp/192.168.60.30.log
FATAL segfault at address 0x192.168.121.141
WARN retry attempt 192.168.178.215 for 38023
DEBUG entering function foo
INFO user 192.168.92.139 logged in
INFO connection established
INFO processed 192.168.57.185 items
INFO connection established
ERROR connection timeout 503
FATAL out of memory
INFO request from 192.168.60.30
ERROR auth failure for user 192.168.121.141
WARN retry attempt 192.168.107.168 for 60499
ERROR connection timeout 503
WARN slow query: 192.168.215.207ms
DEBUG heap size: 192.168.82.31
ERROR auth failure for user 192.168.57.185
INFO request from 192.168.60.30
INFO request from 192.168.60.30
DEBUG variable x=192.168.197.186
FATAL unrecoverable disk error
ERROR file not found: /tmp/192.168.107.168.log
FATAL segfault at address 0x192.168.39.155
INFO connection established
ERROR connection timeout 503
DEBUG variable x=192.168.82.31
DEBUG entering function foo
INFO connection established
INFO connection established
INFO processed 192.168.142.104 items
ERROR auth failure for user 192.168.39.155
DEBUG cache hit for key=192.168.82.31
WARN disk usage 192.168.189.144%
FATAL kernel panic
ERROR null pointer in module 192.168.193.243
ERROR null pointer in module 192.168.219.168
ERROR null pointer in module 192.168.121.141
DEBUG cache hit for key=192.168.215.207
FATAL kernel panic
DEBUG heap size: 192.168.9.50
INFO user 192.168.9.50 logged in
FATAL kernel panic
WARN memory threshold reached: 192.168.211.158MB
DEBUG heap size: 192.168.189.144
ERROR file not found: /tmp/192.168.107.168.log
INFO request from 192.168.178.215
DEBUG cache hit for key=192.168.141.220
FATAL out of memory
INFO request from 192.168.193.243
DEBUG cache hit for key=192.168.92.139
WARN memory threshold reached: 192.168.178.215MB
FATAL segfault at address 0x192.168.92.139
INFO user 192.168.142.104 logged in
DEBUG cache hit for key=192.168.189.144
ERROR file not found: /tmp/192.168.141.220.log
ERROR connection timeout 503
INFO connection established
FATAL out of memory
WARN memory threshold reached: 192.168.193.243MB
WARN slow query: 192.168.178.6ms
ERROR connection timeout 503
INFO user 192.168.178.6 logged in
DEBUG cache hit for key=192.168.107.168
FATAL unrecoverable disk error
FATAL out of memory
WARN memory threshold reached: 192.168.229.48MB
WARN retry attempt 192.168.219.168 for 93291
WARN memory threshold reached: 192.168.178.215MB
INFO user 192.168.178.6 logged in
DEBUG entering function foo
ERROR file not found: /tmp/192.168.36.209.log
INFO connection established
ERROR auth failure for user 192.168.92.139
FATAL segfault at address 0x192.168.36.209
DEBUG variable x=192.168.39.155
WARN disk usage 192.168.189.144%
INFO user 192.168.39.155 logged in
WARN retry attempt 192.168.189.144 for 34016
FATAL unrecoverable disk error
INFO request from 192.168.229.48
FATAL segfault at address 0x192.168.215.207
FATAL segfault at address 0x192.168.142.104
INFO connection established
WARN memory threshold reached: 192.168.211.158MB
FATAL segfault at address 0x192.168.193.243
INFO processed 192.168.229.48 items
WARN disk usage 192.168.197.186%
INFO user 192.168.141.220 logged in
WARN retry attempt 192.168.9.50 for 78916
DEBUG heap size: 192.168.229.48
ERROR connection timeout 503
ERROR auth failure for user 192.168.219.168
ERROR auth failure for user 192.168.60.30
WARN memory threshold reached: 192.168.219.168MB
INFO processed 192.168.178.215 items
FATAL out of memory
WARN retry attempt 192.168.92.139 for 64814
FATAL out of memory
FATAL out of memory
WARN disk usage 192.168.178.6%
DEBUG entering function foo
FATAL kernel panic
WARN slow query: 192.168.141.220ms
INFO request from 192.168.229.48
DEBUG entering function foo
INFO user 192.168.178.215 logged in
WARN memory threshold reached: 192.168.141.220MB
WARN disk usage 192.168.121.141%
WARN slow query: 192.168.92.139ms
WARN disk usage 192.168.9.50%
FATAL unrecoverable disk error
DEBUG heap size: 192.168.193.243
WARN disk usage 192.168.107.168%
DEBUG cache hit for key=192.168.211.158
WARN disk usage 192.168.178.6%
INFO connection established
ERROR connection timeout 503
WARN disk usage 192.168.189.144%
DEBUG heap size: 192.168.219.168
FATAL kernel panic
DEBUG cache hit for key=192.168.39.155
DEBUG variable x=192.168.211.158
INFO user 192.168.60.30 logged in
ERROR null pointer in module 192.168.142.104
DEBUG heap size: 192.168.178.215
FATAL out of memory
INFO connection established
WARN retry attempt 192.168.219.168 for 2350
ERROR connection timeout 503
DEBUG cache hit for key=192.168.219.168
ERROR file not found: /tmp/192.168.36.209.log
INFO connection established
DEBUG entering function foo
FATAL unrecoverable disk error
FATAL kernel panic
ERROR auth failure for user 192.168.178.215
WARN retry attempt 192.168.193.243 for 9244
ERROR null pointer in module 192.168.189.144
ERROR connection timeout 503
DEBUG cache hit for key=192.168.82.31
FATAL segfault at address 0x192.168.57.185
WARN disk usage 192.168.36.209%
ERROR file not found: /tmp/192.168.57.185.log
INFO request from 192.168.178.6
ERROR file not found: /tmp/192.168.197.186.log
FATAL segfault at address 0x192.168.92.139
ERROR auth failure for user 192.168.60.30
WARN memory threshold reached: 192.168.219.168MB
WARN slow query: 192.168.60.30ms
INFO user 192.168.60.30 logged in
INFO connection established
INFO request from 192.168.9.50
INFO connection established
INFO user 192.168.142.104 logged in
FATAL out of memory
FATAL kernel panic
ERROR file not found: /tmp/192.168.36.209.log
INFO processed 192.168.211.158 items
DEBUG entering function foo
DEBUG variable x=192.168.215.207
INFO request from 192.168.142.104
DEBUG entering function foo
DEBUG entering function foo
FATAL kernel panic
WARN memory threshold reached: 192.168.9.50MB
FATAL kernel panic
ERROR connection timeout 503
WARN slow query: 192.168.229.48ms
WARN retry attempt 192.168.142.104 for 17916
ERROR file not found: /tmp/192.168.36.209.log
ERROR connection timeout 503
ERROR file not found: /tmp/192.168.178.6.log
DEBUG variable x=192.168.197.186
WARN disk usage 192.168.9.50%
WARN slow query: 192.168.215.207ms
INFO connection established
FATAL kernel panic
DEBUG variable x=192.168.215.207
DEBUG variable x=192.168.39.155
FATAL out of memory
DEBUG variable x=192.168.36.209
INFO request from 192.168.193.243
ERROR null pointer in module 192.168.39.155
INFO request from 192.168.9.50
WARN memory threshold reached: 192.168.197.186MB
WARN retry attempt 192.168.193.243 for 3777
ERROR null pointer in module 192.168.142.104
ERROR connection timeout 503
FATAL unrecoverable disk error
FATAL kernel panic
DEBUG cache hit for key=192.168.36.209
FATAL out of memory
WARN memory threshold reached: 192.168.229.48MB
INFO request from 192.168.141.220
INFO processed 192.168.107.168 items
DEBUG cache hit for key=192.168.142.104
INFO connection established
FATAL out of memory
DEBUG cache hit for key=192.168.121.141
FATAL unrecoverable disk error
INFO user 192.168.141.220 logged in
ERROR connection timeout 503
ERROR null pointer in module 192.168.107.168
DEBUG entering function foo
WARN disk usage 192.168.141.220%
INFO request from 192.168.57.185
INFO processed 192.168.60.30 items
ERROR auth failure for user 192.168.60.30
ERROR auth failure for user 192.168.189.144
WARN slow query: 192.168.219.168ms
INFO connection established
WARN memory threshold reached: 192.168.211.158MB
DEBUG variable x=192.168.211.158
FATAL out of memory
INFO processed 192.168.178.6 items
WARN memory threshold reached: 192.168.211.158MB
WARN disk usage 192.168.193.243%
ERROR file not found: /tmp/192.168.193.243.log
WARN slow query: 192.168.82.31ms
INFO connection established
FATAL out of memory
INFO request from 192.168.82.31
FATAL out of memory
DEBUG variable x=192.168.178.6
FATAL unrecoverable disk error
DEBUG heap size: 192.168.178.6
ERROR null pointer in module 192.168.215.207
FATAL kernel panic
DEBUG entering function foo
ERROR null pointer in module 192.168.178.215
WARN retry attempt 192.168.121.141 for 45291
ERROR file not found: /tmp/192.168.39.155.log
INFO processed 192.168.142.104 items
FATAL unrecoverable disk error
DEBUG entering function foo
DEBUG variable x=192.168.121.141
FATAL segfault at address 0x192.168.193.243
WARN retry attempt 192.168.142.104 for 58647
INFO user 192.168.229.48 logged in
WARN disk usage 192.168.39.155%
WARN disk usage 192.168.141.220%
DEBUG cache hit for key=192.168.9.50
WARN memory threshold reached: 192.168.219.168MB
DEBUG cache hit for key=192.168.193.243
WARN retry attempt 192.168.197.186 for 27664
DEBUG entering function foo
INFO connection established
DEBUG entering function foo
ERROR auth failure for user 192.168.178.6
INFO processed 192.168.57.185 items
ERROR connection timeout 503
WARN disk usage 192.168.189.144%
FATAL out of memory
INFO processed 192.168.9.50 items
WARN retry attempt 192.168.36.209 for 45501
DEBUG variable x=192.168.92.139
ERROR file not found: /tmp/192.168.229.48.log
INFO request from 192.168.92.139
FATAL unrecoverable disk error
INFO connection established
WARN slow query: 192.168.107.168ms
WARN disk usage 192.168.82.31%
DEBUG variable x=192.168.197.186
WARN retry attempt 192.168.57.185 for 52680
INFO processed 192.168.197.186 items
DEBUG heap size: 192.168.141.220
ERROR file not found: /tmp/192.168.36.209.log
ERROR null pointer in module 192.168.178.215
FATAL segfault at address 0x192.168.211.158
WARN disk usage 192.168.178.6%
ERROR connection timeout 503
WARN slow query: 192.168.82.31ms
ERROR file not found: /tmp/192.168.229.48.log
FATAL out of memory
FATAL out of memory
DEBUG entering function foo
DEBUG variable x=192.168.121.141
DEBUG cache hit for key=192.168.107.168
ERROR null pointer in module 192.168.57.185
WARN disk usage 192.168.193.243%
DEBUG heap size: 192.168.107.168
DEBUG heap size: 192.168.57.185
ERROR connection timeout 503
INFO request from 192.168.9.50
FATAL segfault at address 0x192.168.215.207
DEBUG heap size: 192.168.219.168
FATAL kernel panic
ERROR file not found: /tmp/192.168.189.144.log
ERROR null pointer in module 192.168.60.30
WARN retry attempt 192.168.92.139 for 89101
FATAL segfault at address 0x192.168.178.215
INFO user 192.168.142.104 logged in
WARN slow query: 192.168.178.215ms
INFO processed 192.168.92.139 items
WARN retry attempt 192.168.121.141 for 22563
ERROR file not found: /tmp/192.168.229.48.log
ERROR null pointer in module 192.168.39.155
DEBUG cache hit for key=192.168.193.243
WARN retry attempt 192.168.189.144 for 91123
ERROR auth failure for user 192.168.229.48
DEBUG entering function foo
DEBUG heap size: 192.168.215.207
DEBUG heap size: 192.168.141.220
WARN retry attempt 192.168.9.50 for 97866
FATAL kernel panic
DEBUG cache hit for key=192.168.193.243
ERROR auth failure for user 192.168.9.50
INFO user 192.168.229.48 logged in
INFO connection established
INFO processed 192.168.107.168 items
WARN memory threshold reached: 192.168.193.243MB
INFO processed 192.168.229.48 items
INFO user 192.168.92.139 logged in
DEBUG entering function foo
WARN disk usage 192.168.92.139%
FATAL kernel panic
ERROR connection timeout 503
WARN slow query: 192.168.121.141ms
DEBUG heap size: 192.168.36.209
WARN slow query: 192.168.141.220ms
INFO request from 192.168.107.168
DEBUG variable x=192.168.82.31
ERROR file not found: /tmp/192.168.36.209.log
ERROR file not found: /tmp/192.168.92.139.log
INFO connection established
WARN memory threshold reached: 192.168.57.185MB
FATAL segfault at address 0x192.168.193.243
ERROR auth failure for user 192.168.92.139
FATAL segfault at address 0x192.168.211.158
ERROR file not found: /tmp/192.168.178.6.log
ERROR connection timeout 503
WARN slow query: 192.168.121.141ms
FATAL kernel panic
WARN slow query: 192.168.142.104ms
DEBUG cache hit for key=192.168.229.48
INFO user 192.168.92.139 logged in
ERROR file not found: /tmp/192.168.215.207.log
FATAL unrecoverable disk error
WARN slow query: 192.168.189.144ms
ERROR file not found: /tmp/192.168.141.220.log
WARN retry attempt 192.168.107.168 for 68586
WARN slow query: 192.168.39.155ms
ERROR null pointer in module 192.168.36.209
DEBUG entering function foo
DEBUG cache hit for key=192.168.107.168
WARN slow query: 192.168.197.186ms
FATAL kernel panic
DEBUG heap size: 192.168.57.185
DEBUG cache hit for key=192.168.39.155
WARN memory threshold reached: 192.168.197.186MB
INFO request from 192.168.211.158
INFO request from 192.168.189.144
FATAL out of memory
FATAL segfault at address 0x192.168.197.186
FATAL segfault at address 0x192.168.36.209
DEBUG entering function foo
WARN retry attempt 192.168.9.50 for 32255
INFO connection established
ERROR file not found: /tmp/192.168.36.209.log
ERROR connection timeout 503
ERROR connection timeout 503
DEBUG cache hit for key=192.168.57.185
ERROR connection timeout 503
INFO processed 192.168.57.185 items
FATAL kernel panic
WARN memory threshold reached: 192.168.9.50MB
ERROR auth failure for user 192.168.178.6
FATAL out of memory
WARN memory threshold reached: 192.168.189.144MB
DEBUG entering function foo
DEBUG entering function foo
WARN disk usage 192.168.178.215%
ERROR connection timeout 503
INFO request from 192.168.39.155
WARN retry attempt 192.168.9.50 for 6280
DEBUG heap size: 192.168.178.6
WARN disk usage 192.168.219.168%
FATAL segfault at address 0x192.168.211.158
WARN memory threshold reached: 192.168.142.104MB
FATAL unrecoverable disk error
FATAL kernel panic
WARN slow query: 192.168.92.139ms
DEBUG entering function foo
FATAL kernel panic
ERROR file not found: /tmp/192.168.141.220.log
ERROR file not found: /tmp/192.168.82.31.log
FATAL kernel panic
ERROR file not found: /tmp/192.168.36.209.log
INFO user 192.168.121.141 logged in
FATAL unrecoverable disk error
ERROR connection timeout 503
WARN memory threshold reached: 192.168.211.158MB
ERROR file not found: /tmp/192.168.219.168.log
INFO request from 192.168.211.158
FATAL out of memory
WARN slow query: 192.168.92.139ms
INFO connection established
ERROR null pointer in module 192.168.189.144
INFO user 192.168.215.207 logged in
DEBUG heap size: 192.168.36.209
WARN disk usage 192.168.229.48%
ERROR file not found: /tmp/192.168.215.207.log
WARN memory threshold reached: 192.168.229.48MB
ERROR connection timeout 503
FATAL out of memory
FATAL segfault at address 0x192.168.193.243
INFO request from 192.168.211.158
FATAL unrecoverable disk error
ERROR connection timeout 503
ERROR file not found: /tmp/192.168.178.6.log
INFO user 192.168.107.168 logged in
DEBUG heap size: 192.168.39.155
INFO connection established
WARN disk usage 192.168.121.141%
WARN slow query: 192.168.142.104ms
FATAL kernel panic
DEBUG entering function foo
INFO connection established
DEBUG heap size: 192.168.57.185
INFO request from 192.168.142.104
WARN retry attempt 192.168.141.220 for 8456
INFO user 192.168.9.50 logged in
WARN disk usage 192.168.107.168%
WARN disk usage 192.168.178.215%
ERROR connection timeout 503
DEBUG cache hit for key=192.168.215.207
INFO processed 192.168.60.30 items
INFO user 192.168.60.30 logged in
DEBUG entering function foo
WARN slow query: 192.168.229.48ms
FATAL segfault at address 0x192.168.141.220
ERROR connection timeout 503
INFO connection established
ERROR connection timeout 503
FATAL kernel panic
ERROR file not found: /tmp/192.168.178.215.log
DEBUG cache hit for key=192.168.178.215
INFO connection established
DEBUG cache hit for key=192.168.211.158
INFO connection established
ERROR file not found: /tmp/192.168.211.158.log
ERROR auth failure for user 192.168.219.168
FATAL segfault at address 0x192.168.193.243
DEBUG entering function foo
INFO user 192.168.178.6 logged in
FATAL kernel panic
DEBUG heap size: 192.168.215.207
WARN disk usage 192.168.39.155%
ERROR null pointer in module 192.168.82.31
INFO connection established
INFO user 192.168.82.31 logged in
WARN slow query: 192.168.229.48ms
INFO request from 192.168.141.220
INFO request from 192.168.60.30
FATAL out of memory
ERROR connection timeout 503
FATAL unrecoverable disk error
INFO processed 192.168.141.220 items
WARN memory threshold reached: 192.168.141.220MB
INFO user 192.168.82.31 logged in
ERROR connection timeout 503
DEBUG heap size: 192.168.211.158
FATAL segfault at address 0x192.168.121.141
INFO request from 192.168.189.144
WARN disk usage 192.168.197.186%
INFO processed 192.168.211.158 items
DEBUG variable x=192.168.215.207
DEBUG heap size: 192.168.82.31
WARN memory threshold reached: 192.168.215.207MB
DEBUG variable x=192.168.178.215
FATAL unrecoverable disk error
FATAL out of memory
ERROR auth failure for user 192.168.197.186
DEBUG cache hit for key=192.168.107.168
ERROR null pointer in module 192.168.178.215
DEBUG cache hit for key=192.168.107.168
FATAL segfault at address 0x192.168.219.168
WARN slow query: 192.168.215.207ms
DEBUG entering function foo
DEBUG cache hit for key=192.168.57.185
FATAL unrecoverable disk error
FATAL unrecoverable disk error
FATAL unrecoverable disk error
WARN slow query: 192.168.57.185ms
ERROR auth failure for user 192.168.9.50
WARN slow query: 192.168.121.141ms
INFO request from 192.168.9.50
INFO processed 192.168.39.155 items
INFO request from 192.168.92.139
INFO user 192.168.107.168 logged in
ERROR file not found: /tmp/192.168.215.207.log
DEBUG variable x=192.168.229.48
WARN retry attempt 192.168.107.168 for 56558
WARN slow query: 192.168.39.155ms
WARN disk usage 192.168.219.168%
ERROR null pointer in module 192.168.142.104
INFO connection established
INFO connection established
WARN slow query: 192.168.178.215ms
DEBUG cache hit for key=192.168.178.6
DEBUG variable x=192.168.189.144
WARN disk usage 192.168.141.220%
INFO user 192.168.107.168 logged in
DEBUG entering function foo
FATAL unrecoverable disk error
ERROR file not found: /tmp/192.168.178.215.log
ERROR null pointer in module 192.168.141.220
FATAL out of memory
FATAL segfault at address 0x192.168.92.139
WARN retry attempt 192.168.107.168 for 51294
ERROR file not found: /tmp/192.168.178.215.log
WARN disk usage 192.168.142.104%
DEBUG heap size: 192.168.178.6
INFO request from 192.168.107.168
FATAL unrecoverable disk error
INFO user 192.168.178.215 logged in
WARN disk usage 192.168.219.168%
INFO connection established
INFO processed 192.168.178.6 items
WARN retry attempt 192.168.107.168 for 6864
DEBUG variable x=192.168.107.168
ERROR null pointer in module 192.168.219.168
DEBUG entering function foo
FATAL kernel panic
INFO connection established
FATAL kernel panic
INFO processed 192.168.178.6 items
FATAL kernel panic
WARN retry attempt 192.168.82.31 for 56685
INFO user 192.168.219.168 logged in
INFO connection established
INFO processed 192.168.60.30 items
ERROR file not found: /tmp/192.168.92.139.log
WARN slow query: 192.168.142.104ms
DEBUG variable x=192.168.60.30
WARN retry attempt 192.168.178.215 for 60222
WARN disk usage 192.168.229.48%
WARN slow query: 192.168.57.185ms
FATAL segfault at address 0x192.168.215.207
DEBUG entering function foo
INFO connection established
DEBUG heap size: 192.168.215.207
ERROR connection timeout 503
INFO connection established
DEBUG variable x=192.168.193.243
WARN slow query: 192.168.57.185ms
INFO connection established
INFO processed 192.168.60.30 items
ERROR file not found: /tmp/192.168.178.215.log
ERROR auth failure for user 192.168.229.48
FATAL out of memory
INFO connection established
INFO request from 192.168.9.50
FATAL segfault at address 0x192.168.142.104
ERROR auth failure for user 192.168.39.155
WARN slow query: 192.168.141.220ms
INFO connection established
FATAL segfault at address 0x192.168.219.168
ERROR connection timeout 503
ERROR auth failure for user 192.168.141.220
FATAL out of memory
DEBUG entering function foo
DEBUG entering function foo
WARN disk usage 192.168.141.220%
ERROR file not found: /tmp/192.168.219.168.log
INFO user 192.168.189.144 logged in
FATAL out of memory
ERROR null pointer in module 192.168.193.243
WARN disk usage 192.168.36.209%
FATAL kernel panic
FATAL unrecoverable disk error
WARN disk usage 192.168.193.243%
ERROR null pointer in module 192.168.57.185
ERROR connection timeout 503
FATAL out of memory
WARN disk usage 192.168.57.185%
INFO connection established
WARN retry attempt 192.168.142.104 for 77329
FATAL segfault at address 0x192.168.141.220
ERROR auth failure for user 192.168.107.168
WARN slow query: 192.168.107.168ms
ERROR file not found: /tmp/192.168.36.209.log
FATAL unrecoverable disk error
FATAL kernel panic
ERROR null pointer in module 192.168.60.30
DEBUG variable x=192.168.211.158
DEBUG variable x=192.168.189.144
INFO request from 192.168.57.185
INFO connection established
WARN retry attempt 192.168.57.185 for 26060
ERROR file not found: /tmp/192.168.142.104.log
ERROR file not found: /tmp/192.168.211.158.log
INFO processed 192.168.219.168 items
WARN disk usage 192.168.229.48%
ERROR auth failure for user 192.168.215.207
WARN retry attempt 192.168.178.6 for 50168
INFO connection established
ERROR auth failure for user 192.168.197.186
FATAL segfault at address 0x192.168.141.220
ERROR connection timeout 503
ERROR connection timeout 503
INFO request from 192.168.107.168
DEBUG cache hit for key=192.168.107.168
ERROR connection timeout 503
DEBUG heap size: 192.168.193.243
WARN retry attempt 192.168.189.144 for 47871
INFO connection established
FATAL unrecoverable disk error
WARN memory threshold reached: 192.168.197.186MB
WARN retry attempt 192.168.107.168 for 92329
DEBUG cache hit for key=192.168.229.48
FATAL out of memory
ERROR file not found: /tmp/192.168.215.207.log
DEBUG cache hit for key=192.168.39.155
ERROR auth failure for user 192.168.229.48
ERROR null pointer in module 192.168.197.186
INFO processed 192.168.141.220 items
FATAL kernel panic
DEBUG entering function foo
FATAL unrecoverable disk error
WARN retry attempt 192.168.39.155 for 52800
WARN memory threshold reached: 192.168.178.215MB
WARN retry attempt 192.168.36.209 for 97251
FATAL unrecoverable disk error
FATAL unrecoverable disk error
WARN disk usage 192.168.229.48%
ERROR connection timeout 503
FATAL unrecoverable disk error
FATAL kernel panic
INFO processed 192.168.82.31 items
DEBUG heap size: 192.168.9.50
INFO connection established
INFO request from 192.168.9.50
DEBUG variable x=192.168.229.48
DEBUG cache hit for key=192.168.107.168
INFO user 192.168.121.141 logged in
ERROR connection timeout 503
DEBUG entering function foo
ERROR auth failure for user 192.168.215.207
WARN disk usage 192.168.197.186%
DEBUG cache hit for key=192.168.36.209
FATAL kernel panic
WARN slow query: 192.168.215.207ms
INFO user 192.168.178.6 logged in
WARN memory threshold reached: 192.168.107.168MB
DEBUG entering function foo
FATAL segfault at address 0x192.168.121.141
INFO user 192.168.197.186 logged in
DEBUG heap size: 192.168.107.168
WARN disk usage 192.168.82.31%
INFO connection established
ERROR auth failure for user 192.168.193.243
INFO connection established
DEBUG cache hit for key=192.168.107.168
ERROR file not found: /tmp/192.168.178.6.log
FATAL unrecoverable disk error
ERROR auth failure for user 192.168.57.185
INFO user 192.168.36.209 logged in
ERROR file not found: /tmp/192.168.178.215.log
INFO request from 192.168.141.220
INFO connection established
DEBUG entering function foo
DEBUG variable x=192.168.9.50
FATAL out of memory
INFO user 192.168.142.104 logged in
DEBUG entering function foo
FATAL kernel panic
INFO request from 192.168.215.207
DEBUG cache hit for key=192.168.215.207
DEBUG heap size: 192.168.211.158
DEBUG cache hit for key=192.168.211.158
WARN disk usage 192.168.219.168%
INFO request from 192.168.92.139
WARN memory threshold reached: 192.168.39.155MB
WARN memory threshold reached: 192.168.141.220MB
FATAL segfault at address 0x192.168.60.30
WARN memory threshold reached: 192.168.141.220MB
WARN memory threshold reached: 192.168.141.220MB
WARN disk usage 192.168.211.158%
FATAL segfault at address 0x192.168.178.215
INFO request from 192.168.229.48
WARN slow query: 192.168.189.144ms
INFO processed 192.168.92.139 items
ERROR null pointer in module 192.168.197.186
WARN retry attempt 192.168.9.50 for 63281
FATAL kernel panic
INFO processed 192.168.215.207 items
WARN disk usage 192.168.36.209%
DEBUG variable x=192.168.121.141
INFO processed 192.168.60.30 items
INFO processed 192.168.107.168 items
WARN retry attempt 192.168.178.215 for 46824
ERROR file not found: /tmp/192.168.121.141.log
WARN disk usage 192.168.197.186%
INFO processed 192.168.189.144 items
WARN disk usage 192.168.82.31%
DEBUG entering function foo
INFO user 192.168.215.207 logged in
WARN disk usage 192.168.189.144%
DEBUG variable x=192.168.121.141
DEBUG cache hit for key=192.168.60.30
WARN retry attempt 192.168.229.48 for 87617
FATAL out of memory
WARN disk usage 192.168.215.207%
DEBUG heap size: 192.168.57.185
WARN disk usage 192.168.178.6%
INFO processed 192.168.141.220 items
WARN retry attempt 192.168.142.104 for 54562
WARN memory threshold reached: 192.168.178.215MB
ERROR auth failure for user 192.168.142.104
WARN retry attempt 192.168.178.6 for 65383
INFO connection established
DEBUG variable x=192.168.189.144
DEBUG variable x=192.168.36.209
FATAL segfault at address 0x192.168.178.6
ERROR null pointer in module 192.168.219.168
DEBUG entering function foo
FATAL kernel panic
ERROR null pointer in module 192.168.142.104
WARN slow query: 192.168.82.31ms
INFO request from 192.168.82.31
ERROR null pointer in module 192.168.39.155
DEBUG heap size: 192.168.229.48
INFO user 192.168.229.48 logged in
FATAL unrecoverable disk error
INFO request from 192.168.92.139
FATAL unrecoverable disk error
FATAL unrecoverable disk error
INFO processed 192.168.193.243 items
INFO request from 192.168.142.104
ERROR auth failure for user 192.168.107.168
DEBUG entering function foo
WARN slow query: 192.168.39.155ms
FATAL segfault at address 0x192.168.178.215
DEBUG heap size: 192.168.178.6
WARN memory threshold reached: 192.168.82.31MB
WARN disk usage 192.168.121.141%
INFO processed 192.168.178.215 items
INFO user 192.168.60.30 logged in
FATAL kernel panic
INFO request from 192.168.211.158
WARN slow query: 192.168.178.215ms
WARN retry attempt 192.168.107.168 for 29320
ERROR file not found: /tmp/192.168.107.168.log
ERROR connection timeout 503
ERROR connection timeout 503
FATAL kernel panic
INFO processed 192.168.229.48 items
ERROR auth failure for user 192.168.193.243
ERROR file not found: /tmp/192.168.9.50.log
INFO processed 192.168.193.243 items
FATAL out of memory
WARN slow query: 192.168.189.144ms
ERROR file not found: /tmp/192.168.121.141.log
FATAL kernel panic
WARN slow query: 192.168.121.141ms
WARN disk usage 192.168.9.50%
DEBUG variable x=192.168.197.186
INFO user 192.168.92.139 logged in
WARN disk usage 192.168.107.168%
ERROR null pointer in module 192.168.60.30
ERROR null pointer in module 192.168.107.168
WARN retry attempt 192.168.57.185 for 2549
DEBUG heap size: 192.168.141.220
DEBUG cache hit for key=192.168.36.209
WARN memory threshold reached: 192.168.189.144MB
FATAL out of memory
DEBUG cache hit for key=192.168.57.185
DEBUG variable x=192.168.92.139
FATAL kernel panic
ERROR file not found: /tmp/192.168.121.141.log
ERROR connection timeout 503
ERROR null pointer in module 192.168.197.186
FATAL kernel panic
FATAL segfault at address 0x192.168.36.209
DEBUG heap size: 192.168.36.209
FATAL kernel panic
DEBUG entering function foo
WARN memory threshold reached: 192.168.9.50MB
WARN memory threshold reached: 192.168.36.209MB
WARN memory threshold reached: 192.168.92.139MB
FATAL out of memory
INFO user 192.168.121.141 logged in
ERROR connection timeout 503
FATAL segfault at address 0x192.168.178.215
ERROR auth failure for user 192.168.141.220
DEBUG cache hit for key=192.168.178.215
FATAL segfault at address 0x192.168.60.30
DEBUG variable x=192.168.141.220
INFO user 192.168.189.144 logged in
ERROR auth failure for user 192.168.193.243
ERROR null pointer in module 192.168.193.243
WARN retry attempt 192.168.178.215 for 92757
ERROR null pointer in module 192.168.229.48
ERROR auth failure for user 192.168.178.215
ERROR null pointer in module 192.168.141.220
DEBUG entering function foo
FATAL kernel panic
ERROR file not found: /tmp/192.168.141.220.log
ERROR file not found: /tmp/192.168.189.144.log
INFO connection established
DEBUG cache hit for key=192.168.193.243
FATAL segfault at address 0x192.168.107.168
FATAL unrecoverable disk error
FATAL out of memory
DEBUG variable x=192.168.60.30
ERROR auth failure for user 192.168.178.6
DEBUG variable x=192.168.121.141
FATAL out of memory
INFO user 192.168.92.139 logged in
FATAL unrecoverable disk error
INFO request from 192.168.9.50
DEBUG heap size: 192.168.219.168
FATAL kernel panic
ERROR connection timeout 503
WARN disk usage 192.168.193.243%
FATAL unrecoverable disk error
WARN retry attempt 192.168.211.158 for 87846
FATAL segfault at address 0x192.168.141.220
ERROR file not found: /tmp/192.168.229.48.log
WARN slow query: 192.168.219.168ms
FATAL unrecoverable disk error
INFO request from 192.168.197.186
INFO connection established
INFO request from 192.168.141.220
DEBUG variable x=192.168.178.6
FATAL kernel panic
INFO processed 192.168.39.155 items
INFO user 192.168.9.50 logged in
DEBUG cache hit for key=192.168.141.220
DEBUG cache hit for key=192.168.219.168
ERROR auth failure for user 192.168.178.6
FATAL unrecoverable disk error
WARN memory threshold reached: 192.168.189.144MB
WARN retry attempt 192.168.178.215 for 92575
ERROR connection timeout 503
FATAL unrecoverable disk error
INFO user 192.168.219.168 logged in
ERROR connection timeout 503
ERROR connection timeout 503
ERROR null pointer in module 192.168.193.243
DEBUG heap size: 192.168.193.243
DEBUG entering function foo
ERROR file not found: /tmp/192.168.189.144.log
DEBUG heap size: 192.168.39.155
WARN memory threshold reached: 192.168.189.144MB
DEBUG cache hit for key=192.168.178.215
WARN disk usage 192.168.141.220%
DEBUG entering function foo
ERROR auth failure for user 192.168.36.209
DEBUG variable x=192.168.92.139
ERROR null pointer in module 192.168.92.139
FATAL segfault at address 0x192.168.82.31
FATAL out of memory
FATAL unrecoverable disk error
ERROR null pointer in module 192.168.60.30
FATAL unrecoverable disk error
FATAL kernel panic
WARN slow query: 192.168.189.144ms
ERROR connection timeout 503
DEBUG variable x=192.168.92.139
DEBUG cache hit for key=192.168.107.168
WARN disk usage 192.168.82.31%
ERROR null pointer in module 192.168.189.144
WARN disk usage 192.168.39.155%
ERROR connection timeout 503
ERROR connection timeout 503
INFO processed 192.168.141.220 items
WARN slow query: 192.168.178.215ms
INFO connection established
ERROR file not found: /tmp/192.168.39.155.log
INFO request from 192.168.178.6
FATAL unrecoverable disk error
INFO user 192.168.178.6 logged in
DEBUG variable x=192.168.211.158
WARN slow query: 192.168.60.30ms
DEBUG entering function foo
WARN disk usage 192.168.121.141%
DEBUG cache hit for key=192.168.178.215
DEBUG entering function foo
FATAL kernel panic
ERROR null pointer in module 192.168.141.220
DEBUG variable x=192.168.60.30
ERROR null pointer in module 192.168.211.158
INFO processed 192.168.82.31 items
INFO processed 192.168.189.144 items
WARN disk usage 192.168.82.31%
WARN slow query: 192.168.82.31ms
DEBUG entering function foo
WARN disk usage 192.168.60.30%
INFO connection established
WARN memory threshold reached: 192.168.178.6MB
DEBUG heap size: 192.168.178.215
INFO connection established
WARN disk usage 192.168.189.144%
ERROR connection timeout 503
ERROR file not found: /tmp/192.168.57.185.log
FATAL unrecoverable disk error
ERROR auth failure for user 192.168.82.31
FATAL unrecoverable disk error
DEBUG heap size: 192.168.229.48
ERROR connection timeout 503
DEBUG cache hit for key=192.168.215.207
WARN disk usage 192.168.92.139%
INFO user 192.168.229.48 logged in
DEBUG entering function foo
FATAL unrecoverable disk error
INFO request from 192.168.197.186
WARN slow query: 192.168.60.30ms
WARN retry attempt 192.168.57.185 for 27433
INFO request from 192.168.36.209
FATAL segfault at address 0x192.168.178.215
INFO user 192.168.178.215 logged in
INFO connection established
ERROR connection timeout 503
DEBUG cache hit for key=192.168.60.30
FATAL out of memory
ERROR auth failure for user 192.168.57.185
ERROR auth failure for user 192.168.193.243
DEBUG heap size: 192.168.141.220
WARN disk usage 192.168.142.104%
WARN memory threshold reached: 192.168.193.243MB
ERROR file not found: /tmp/192.168.189.144.log
WARN disk usage 192.168.82.31%
ERROR connection timeout 503
WARN retry attempt 192.168.9.50 for 25610
ERROR connection timeout 503
ERROR connection timeout 503
INFO request from 192.168.107.168
INFO user 192.168.60.30 logged in
ERROR connection timeout 503
FATAL unrecoverable disk error
INFO processed 192.168.121.141 items
DEBUG cache hit for key=192.168.39.155
ERROR null pointer in module 192.168.9.50
INFO connection established
FATAL segfault at address 0x192.168.60.30
FATAL out of memory
WARN retry attempt 192.168.229.48 for 25831
DEBUG entering function foo
WARN disk usage 192.168.121.141%
INFO connection established
DEBUG variable x=192.168.121.141
INFO user 192.168.82.31 logged in
WARN disk usage 192.168.193.243%
FATAL unrecoverable disk error
INFO request from 192.168.193.243
DEBUG variable x=192.168.92.139
DEBUG cache hit for key=192.168.60.30
ERROR file not found: /tmp/192.168.82.31.log
INFO user 192.168.211.158 logged in
WARN disk usage 192.168.107.168%
DEBUG cache hit for key=192.168.193.243
FATAL kernel panic
FATAL unrecoverable disk error
WARN retry attempt 192.168.219.168 for 94790
DEBUG heap size: 192.168.197.186
WARN memory threshold reached: 192.168.36.209MB
FATAL segfault at address 0x192.168.82.31
FATAL kernel panic
FATAL out of memory
DEBUG heap size: 192.168.211.158
WARN disk usage 192.168.9.50%
FATAL kernel panic
DEBUG cache hit for key=192.168.36.209
WARN disk usage 192.168.9.50%
WARN retry attempt 192.168.121.141 for 83195
ERROR null pointer in module 192.168.215.207
WARN memory threshold reached: 192.168.107.168MB
WARN retry attempt 192.168.211.158 for 60992
WARN disk usage 192.168.92.139%
ERROR auth failure for user 192.168.36.209
WARN memory threshold reached: 192.168.141.220MB
DEBUG cache hit for key=192.168.189.144
INFO processed 192.168.197.186 items
DEBUG heap size: 192.168.36.209
FATAL segfault at address 0x192.168.229.48
WARN slow query: 192.168.9.50ms
WARN memory threshold reached: 192.168.36.209MB
DEBUG heap size: 192.168.197.186
WARN slow query: 192.168.141.220ms
FATAL unrecoverable disk error
FATAL out of memory
ERROR null pointer in module 192.168.189.144
FATAL kernel panic
DEBUG entering function foo
DEBUG variable x=192.168.36.209
DEBUG heap size: 192.168.178.215
INFO connection established
DEBUG variable x=192.168.57.185
FATAL out of memory
ERROR auth failure for user 192.168.142.104
WARN memory threshold reached: 192.168.229.48MB
FATAL kernel panic
DEBUG heap size: 192.168.219.168
FATAL kernel panic
WARN slow query: 192.168.57.185ms
FATAL out of memory
ERROR connection timeout 503
INFO processed 192.168.57.185 items
FATAL segfault at address 0x192.168.193.243
ERROR null pointer in module 192.168.197.186
WARN disk usage 192.168.215.207%
INFO connection established
DEBUG entering function foo
ERROR connection timeout 503
ERROR null pointer in module 192.168.215.207
FATAL kernel panic
FATAL unrecoverable disk error
FATAL kernel panic
ERROR connection timeout 503
FATAL kernel panic
FATAL unrecoverable disk error
FATAL kernel panic
INFO user 192.168.121.141 logged in
WARN retry attempt 192.168.121.141 for 81927
WARN slow query: 192.168.189.144ms
ERROR auth failure for user 192.168.211.158
ERROR null pointer in module 192.168.229.48
FATAL unrecoverable disk error
ERROR file not found: /tmp/192.168.142.104.log
DEBUG cache hit for key=192.168.9.50
FATAL unrecoverable disk error
INFO request from 192.168.82.31
WARN memory threshold reached: 192.168.229.48MB
FATAL unrecoverable disk error
WARN memory threshold reached: 192.168.60.30MB
FATAL kernel panic
FATAL unrecoverable disk error
FATAL out of memory
DEBUG variable x=192.168.219.168
INFO user 192.168.189.144 logged in
ERROR null pointer in module 192.168.142.104
ERROR null pointer in module 192.168.219.168
ERROR file not found: /tmp/192.168.36.209.log
DEBUG heap size: 192.168.193.243
ERROR connection timeout 503
FATAL unrecoverable disk error
WARN retry attempt 192.168.60.30 for 6367
WARN retry attempt 192.168.189.144 for 70719
WARN disk usage 192.168.107.168%
ERROR connection timeout 503
ERROR file not found: /tmp/192.168.57.185.log
ERROR auth failure for user 192.168.197.186
ERROR connection timeout 503
ERROR file not found: /tmp/192.168.92.139.log
ERROR auth failure for user 192.168.178.215
WARN slow query: 192.168.82.31ms
INFO user 192.168.189.144 logged in
ERROR connection timeout 503
ERROR connection timeout 503
INFO request from 192.168.189.144
DEBUG variable x=192.168.215.207
ERROR connection timeout 503
DEBUG heap size: 192.168.215.207
DEBUG heap size: 192.168.82.31
ERROR file not found: /tmp/192.168.211.158.log
DEBUG cache hit for key=192.168.219.168
INFO request from 192.168.193.243
DEBUG variable x=192.168.107.168
DEBUG entering function foo
ERROR auth failure for user 192.168.60.30
DEBUG variable x=192.168.211.158
FATAL kernel panic
FATAL out of memory
WARN memory threshold reached: 192.168.57.185MB
ERROR null pointer in module 192.168.57.185
WARN retry attempt 192.168.211.158 for 40460
WARN disk usage 192.168.197.186%
ERROR file not found: /tmp/192.168.36.209.log
WARN memory threshold reached: 192.168.36.209MB
INFO request from 192.168.57.185
WARN memory threshold reached: 192.168.107.168MB
ERROR file not found: /tmp/192.168.57.185.log
FATAL unrecoverable disk error
ERROR connection timeout 503
ERROR connection timeout 503
ERROR null pointer in module 192.168.178.215
DEBUG heap size: 192.168.9.50
DEBUG cache hit for key=192.168.142.104
FATAL segfault at address 0x192.168.215.207
WARN slow query: 192.168.189.144ms
FATAL unrecoverable disk error
DEBUG heap size: 192.168.142.104
FATAL unrecoverable disk error
DEBUG cache hit for key=192.168.121.141
WARN disk usage 192.168.189.144%
WARN retry attempt 192.168.39.155 for 1819
DEBUG cache hit for key=192.168.107.168
ERROR auth failure for user 192.168.57.185
WARN disk usage 192.168.121.141%
INFO processed 192.168.189.144 items
DEBUG entering function foo
WARN slow query: 192.168.60.30ms
ERROR connection timeout 503
DEBUG cache hit for key=192.168.178.6
INFO user 192.168.57.185 logged in
INFO user 192.168.57.185 logged in
DEBUG cache hit for key=192.168.36.209
ERROR file not found: /tmp/192.168.82.31.log
FATAL segfault at address 0x192.168.197.186
DEBUG variable x=192.168.178.6
WARN memory threshold reached: 192.168.215.207MB
DEBUG cache hit for key=192.168.178.215
ERROR auth failure for user 192.168.107.168
INFO processed 192.168.219.168 items
WARN disk usage 192.168.92.139%
INFO connection established
FATAL segfault at address 0x192.168.57.185
FATAL out of memory
ERROR auth failure for user 192.168.82.31
ERROR file not found: /tmp/192.168.178.6.log
WARN retry attempt 192.168.197.186 for 77758
FATAL kernel panic
WARN retry attempt 192.168.178.215 for 47370
INFO connection established
WARN disk usage 192.168.178.6%
ERROR connection timeout 503
FATAL segfault at address 0x192.168.219.168
INFO connection established
FATAL unrecoverable disk error
ERROR file not found: /tmp/192.168.178.6.log
ERROR null pointer in module 192.168.215.207
ERROR connection timeout 503
DEBUG entering function foo
ERROR auth failure for user 192.168.178.6
INFO connection established
INFO user 192.168.193.243 logged in
ERROR auth failure for user 192.168.57.185
INFO processed 192.168.36.209 items
WARN retry attempt 192.168.178.6 for 71412
DEBUG variable x=192.168.197.186
ERROR file not found: /tmp/192.168.215.207.log
ERROR auth failure for user 192.168.92.139
FATAL out of memory
ERROR file not found: /tmp/192.168.142.104.log
DEBUG cache hit for key=192.168.229.48
ERROR connection timeout 503
ERROR connection timeout 503
DEBUG variable x=192.168.141.220
DEBUG entering function foo
INFO processed 192.168.142.104 items
ERROR auth failure for user 192.168.215.207
INFO connection established
WARN slow query: 192.168.215.207ms
ERROR connection timeout 503
FATAL segfault at address 0x192.168.193.243
WARN memory threshold reached: 192.168.215.207MB
WARN slow query: 192.168.121.141ms
INFO processed 192.168.107.168 items
FATAL out of memory
FATAL kernel panic
ERROR auth failure for user 192.168.92.139
ERROR connection timeout 503
ERROR null pointer in module 192.168.92.139
WARN retry attempt 192.168.92.139 for 64611
FATAL segfault at address 0x192.168.82.31
DEBUG heap size: 192.168.141.220
INFO connection established
INFO user 192.168.92.139 logged in
ERROR auth failure for user 192.168.39.155
INFO user 192.168.215.207 logged in
WARN slow query: 192.168.178.6ms
INFO processed 192.168.197.186 items
INFO user 192.168.36.209 logged in
WARN disk usage 192.168.229.48%
DEBUG variable x=192.168.193.243
FATAL unrecoverable disk error
DEBUG entering function foo
WARN disk usage 192.168.82.31%
ERROR auth failure for user 192.168.142.104
INFO processed 192.168.189.144 items
WARN disk usage 192.168.193.243%
DEBUG entering function foo
FATAL kernel panic
INFO request from 192.168.141.220
DEBUG entering function foo
FATAL unrecoverable disk error
INFO processed 192.168.197.186 items
WARN retry attempt 192.168.121.141 for 21042
INFO processed 192.168.9.50 items
DEBUG heap size: 192.168.92.139
ERROR connection timeout 503
ERROR file not found: /tmp/192.168.178.215.log
INFO request from 192.168.39.155
ERROR null pointer in module 192.168.121.141
WARN memory threshold reached: 192.168.57.185MB
DEBUG entering function foo
FATAL segfault at address 0x192.168.121.141
FATAL kernel panic
WARN memory threshold reached: 192.168.141.220MB
DEBUG entering function foo
WARN slow query: 192.168.197.186ms
FATAL segfault at address 0x192.168.211.158
ERROR file not found: /tmp/192.168.211.158.log
WARN retry attempt 192.168.107.168 for 47556
ERROR file not found: /tmp/192.168.189.144.log
WARN memory threshold reached: 192.168.197.186MB
WARN retry attempt 192.168.215.207 for 18457
WARN disk usage 192.168.92.139%
DEBUG variable x=192.168.193.243
FATAL segfault at address 0x192.168.39.155
WARN disk usage 192.168.178.215%
WARN memory threshold reached: 192.168.197.186MB
WARN retry attempt 192.168.36.209 for 19752
FATAL out of memory
INFO processed 192.168.107.168 items
FATAL kernel panic
DEBUG cache hit for key=192.168.39.155
ERROR null pointer in module 192.168.141.220
WARN memory threshold reached: 192.168.60.30MB
FATAL kernel panic
DEBUG variable x=192.168.82.31
ERROR auth failure for user 192.168.60.30
FATAL kernel panic
WARN memory threshold reached: 192.168.193.243MB
FATAL out of memory
FATAL segfault at address 0x192.168.39.155
DEBUG heap size: 192.168.229.48
WARN slow query: 192.168.92.139ms
INFO connection established
WARN retry attempt 192.168.121.141 for 87744
WARN disk usage 192.168.107.168%
FATAL unrecoverable disk error
ERROR null pointer in module 192.168.57.185
FATAL out of memory
DEBUG variable x=192.168.229.48
ERROR auth failure for user 192.168.219.168
WARN slow query: 192.168.107.168ms
DEBUG variable x=192.168.189.144
ERROR null pointer in module 192.168.57.185
DEBUG variable x=192.168.107.168
FATAL segfault at address 0x192.168.92.139
WARN slow query: 192.168.82.31ms
INFO connection established
INFO user 192.168.107.168 logged in
WARN slow query: 192.168.211.158ms
FATAL kernel panic
WARN slow query: 192.168.189.144ms
FATAL out of memory
WARN retry attempt 192.168.229.48 for 75240
ERROR connection timeout 503
INFO request from 192.168.197.186
DEBUG variable x=192.168.141.220
ERROR file not found: /tmp/192.168.107.168.log
INFO request from 192.168.107.168
ERROR connection timeout 503
WARN retry attempt 192.168.82.31 for 80864
ERROR connection timeout 503
ERROR auth failure for user 192.168.121.141
ERROR file not found: /tmp/192.168.60.30.log
ERROR auth failure for user 192.168.142.104
WARN memory threshold reached: 192.168.197.186MB
WARN slow query: 192.168.82.31ms
ERROR auth failure for user 192.168.92.139
DEBUG entering function foo
WARN retry attempt 192.168.9.50 for 13993
ERROR auth failure for user 192.168.219.168
WARN disk usage 192.168.121.141%
FATAL out of memory
ERROR connection timeout 503
WARN slow query: 192.168.193.243ms
ERROR null pointer in module 192.168.189.144
DEBUG cache hit for key=192.168.36.209
INFO connection established
WARN memory threshold reached: 192.168.142.104MB
ERROR null pointer in module 192.168.92.139
DEBUG variable x=192.168.142.104
ERROR connection timeout 503
FATAL kernel panic
FATAL unrecoverable disk error
FATAL unrecoverable disk error
FATAL segfault at address 0x192.168.39.155
DEBUG heap size: 192.168.211.158
FATAL out of memory
WARN retry attempt 192.168.107.168 for 29679
INFO connection established
WARN disk usage 192.168.197.186%
ERROR file not found: /tmp/192.168.36.209.log
WARN disk usage 192.168.193.243%
ERROR file not found: /tmp/192.168.178.215.log
FATAL unrecoverable disk error
ERROR auth failure for user 192.168.107.168
DEBUG heap size: 192.168.215.207
INFO user 192.168.229.48 logged in
DEBUG cache hit for key=192.168.107.168
FATAL out of memory
DEBUG heap size: 192.168.219.168
FATAL kernel panic
WARN disk usage 192.168.215.207%
FATAL unrecoverable disk error
DEBUG variable x=192.168.178.6
ERROR auth failure for user 192.168.57.185
WARN memory threshold reached: 192.168.92.139MB
INFO user 192.168.219.168 logged in
INFO processed 192.168.219.168 items
DEBUG entering function foo
DEBUG cache hit for key=192.168.39.155
INFO request from 192.168.219.168
INFO processed 192.168.57.185 items
ERROR null pointer in module 192.168.82.31
INFO processed 192.168.121.141 items
WARN memory threshold reached: 192.168.82.31MB
ERROR auth failure for user 192.168.229.48
FATAL unrecoverable disk error
FATAL out of memory
ERROR connection timeout 503
INFO request from 192.168.60.30
INFO request from 192.168.193.243
WARN retry attempt 192.168.189.144 for 42155
FATAL kernel panic
ERROR file not found: /tmp/192.168.215.207.log
FATAL kernel panic
FATAL unrecoverable disk error
DEBUG entering function foo
INFO request from 192.168.142.104
ERROR auth failure for user 192.168.36.209
FATAL unrecoverable disk error
ERROR auth failure for user 192.168.36.209
ERROR file not found: /tmp/192.168.219.168.log
DEBUG variable x=192.168.107.168
FATAL unrecoverable disk error
FATAL out of memory
DEBUG entering function foo
INFO user 192.168.219.168 logged in
DEBUG variable x=192.168.193.243
FATAL kernel panic
FATAL kernel panic
ERROR auth failure for user 192.168.107.168
ERROR null pointer in module 192.168.82.31
DEBUG entering function foo
ERROR auth failure for user 192.168.178.6
FATAL kernel panic
INFO request from 192.168.178.6
INFO processed 192.168.178.215 items
INFO connection established
DEBUG heap size: 192.168.193.243
ERROR null pointer in module 192.168.141.220
WARN disk usage 192.168.92.139%
INFO request from 192.168.197.186
INFO request from 192.168.121.141
INFO user 192.168.178.6 logged in
DEBUG heap size: 192.168.197.186
FATAL unrecoverable disk error
FATAL unrecoverable disk error
ERROR null pointer in module 192.168.36.209
ERROR connection timeout 503
DEBUG cache hit for key=192.168.219.168
WARN memory threshold reached: 192.168.39.155MB
INFO request from 192.168.215.207
WARN disk usage 192.168.82.31%
DEBUG cache hit for key=192.168.189.144
WARN slow query: 192.168.36.209ms
DEBUG heap size: 192.168.92.139
ERROR auth failure for user 192.168.9.50
INFO user 192.168.189.144 logged in
INFO connection established
FATAL unrecoverable disk error
FATAL out of memory
ERROR file not found: /tmp/192.168.121.141.log
DEBUG heap size: 192.168.197.186
ERROR auth failure for user 192.168.57.185
WARN memory threshold reached: 192.168.9.50MB
ERROR file not found: /tmp/192.168.39.155.log
FATAL segfault at address 0x192.168.9.50
DEBUG entering function foo
DEBUG cache hit for key=192.168.211.158
DEBUG variable x=192.168.142.104
INFO processed 192.168.211.158 items
DEBUG heap size: 192.168.60.30
DEBUG heap size: 192.168.193.243
FATAL segfault at address 0x192.168.9.50
INFO processed 192.168.57.185 items
INFO request from 192.168.82.31
WARN slow query: 192.168.211.158ms
WARN memory threshold reached: 192.168.57.185MB
FATAL kernel panic
INFO processed 192.168.57.185 items
ERROR connection timeout 503
ERROR null pointer in module 192.168.60.30
DEBUG heap size: 192.168.92.139
DEBUG variable x=192.168.92.139
DEBUG heap size: 192.168.211.158
FATAL unrecoverable disk error
DEBUG variable x=192.168.142.104
ERROR null pointer in module 192.168.229.48
INFO processed 192.168.197.186 items
DEBUG heap size: 192.168.215.207
INFO processed 192.168.121.141 items
ERROR connection timeout 503
WARN slow query: 192.168.178.215ms
ERROR null pointer in module 192.168.121.141
INFO processed 192.168.197.186 items
FATAL unrecoverable disk error
ERROR file not found: /tmp/192.168.82.31.log
FATAL kernel panic
INFO user 192.168.121.141 logged in
FATAL unrecoverable disk error
ERROR connection timeout 503
WARN memory threshold reached: 192.168.57.185MB
WARN disk usage 192.168.121.141%
INFO connection established
INFO connection established
DEBUG entering function foo
FATAL unrecoverable disk error
FATAL kernel panic
INFO connection established
INFO connection established
INFO connection established
WARN memory threshold reached: 192.168.121.141MB
WARN disk usage 192.168.60.30%
INFO connection established
ERROR file not found: /tmp/192.168.215.207.log
DEBUG variable x=192.168.211.158
FATAL unrecoverable disk error
ERROR connection timeout 503
DEBUG entering function foo
FATAL out of memory
DEBUG entering function foo
INFO processed 192.168.82.31 items
ERROR auth failure for user 192.168.82.31
INFO user 192.168.141.220 logged in
FATAL unrecoverable disk error
WARN memory threshold reached: 192.168.39.155MB
DEBUG variable x=192.168.229.48
FATAL segfault at address 0x192.168.82.31
FATAL segfault at address 0x192.168.9.50
INFO connection established
WARN memory threshold reached: 192.168.121.141MB
WARN memory threshold reached: 192.168.92.139MB
ERROR connection timeout 503
WARN retry attempt 192.168.142.104 for 59145
INFO user 192.168.92.139 logged in
WARN retry attempt 192.168.121.141 for 28478
INFO connection established
DEBUG heap size: 192.168.229.48
INFO connection established
FATAL out of memory
ERROR auth failure for user 192.168.141.220
WARN retry attempt 192.168.142.104 for 18982
DEBUG cache hit for key=192.168.193.243
WARN memory threshold reached: 192.168.60.30MB
INFO processed 192.168.219.168 items
FATAL out of memory
DEBUG entering function foo
FATAL kernel panic
FATAL segfault at address 0x192.168.178.215
DEBUG variable x=192.168.229.48
DEBUG entering function foo
FATAL kernel panic
DEBUG entering function foo
DEBUG cache hit for key=192.168.219.168
INFO processed 192.168.141.220 items
DEBUG entering function foo
DEBUG variable x=192.168.107.168
DEBUG entering function foo
DEBUG variable x=192.168.60.30
DEBUG variable x=192.168.178.6
FATAL unrecoverable disk error
INFO processed 192.168.215.207 items
WARN disk usage 192.168.178.215%
ERROR auth failure for user 192.168.9.50
WARN disk usage 192.168.189.144%
INFO user 192.168.36.209 logged in
WARN retry attempt 192.168.193.243 for 29108
FATAL kernel panic
ERROR connection timeout 503
WARN memory threshold reached: 192.168.229.48MB
DEBUG cache hit for key=192.168.92.139
INFO connection established
ERROR connection timeout 503
ERROR file not found: /tmp/192.168.178.215.log
FATAL kernel panic
WARN memory threshold reached: 192.168.178.215MB
ERROR connection timeout 503
INFO user 192.168.215.207 logged in
INFO connection established
DEBUG variable x=192.168.121.141
WARN memory threshold reached: 192.168.121.141MB
DEBUG heap size: 192.168.60.30
ERROR connection timeout 503
DEBUG cache hit for key=192.168.57.185
INFO user 192.168.121.141 logged in
INFO user 192.168.60.30 logged in
DEBUG cache hit for key=192.168.197.186
INFO connection established
WARN disk usage 192.168.193.243%
FATAL out of memory
INFO request from 192.168.193.243
WARN slow query: 192.168.57.185ms
FATAL out of memory
ERROR connection timeout 503
WARN slow query: 192.168.36.209ms
ERROR null pointer in module 192.168.92.139
DEBUG variable x=192.168.9.50
FATAL unrecoverable disk error
INFO processed 192.168.36.209 items
INFO user 192.168.121.141 logged in
DEBUG heap size: 192.168.141.220
FATAL segfault at address 0x192.168.178.6
INFO user 192.168.178.215 logged in
DEBUG cache hit for key=192.168.142.104
ERROR auth failure for user 192.168.36.209
FATAL unrecoverable disk error
DEBUG heap size: 192.168.36.209
FATAL kernel panic
FATAL segfault at address 0x192.168.178.215
ERROR connection timeout 503
FATAL kernel panic
ERROR null pointer in module 192.168.178.215
INFO connection established
FATAL segfault at address 0x192.168.36.209
FATAL out of memory
ERROR auth failure for user 192.168.193.243
WARN retry attempt 192.168.92.139 for 3846
INFO request from 192.168.142.104
FATAL segfault at address 0x192.168.141.220
INFO request from 192.168.141.220
INFO request from 192.168.178.215
FATAL segfault at address 0x192.168.219.168
DEBUG heap size: 192.168.197.186
DEBUG entering function foo
DEBUG heap size: 192.168.57.185
WARN retry attempt 192.168.39.155 for 23717
ERROR file not found: /tmp/192.168.178.215.log
WARN slow query: 192.168.211.158ms
DEBUG cache hit for key=192.168.211.158
DEBUG variable x=192.168.9.50
FATAL out of memory
WARN retry attempt 192.168.229.48 for 46470
WARN slow query: 192.168.121.141ms
WARN disk usage 192.168.215.207%
WARN disk usage 192.168.189.144%
FATAL out of memory
ERROR connection timeout 503
ERROR connection timeout 503
ERROR null pointer in module 192.168.60.30
ERROR connection timeout 503
DEBUG variable x=192.168.178.6
INFO processed 192.168.189.144 items
DEBUG entering function foo
ERROR connection timeout 503
INFO processed 192.168.82.31 items
FATAL out of memory
WARN retry attempt 192.168.9.50 for 96924
DEBUG heap size: 192.168.178.6
WARN retry attempt 192.168.178.6 for 74476
DEBUG cache hit for key=192.168.229.48
WARN memory threshold reached: 192.168.219.168MB
WARN disk usage 192.168.82.31%
DEBUG heap size: 192.168.121.141
INFO processed 192.168.197.186 items
INFO request from 192.168.211.158
INFO request from 192.168.107.168
DEBUG variable x=192.168.178.215
WARN memory threshold reached: 192.168.60.30MB
INFO connection established
FATAL kernel panic
FATAL unrecoverable disk error
WARN slow query: 192.168.141.220ms
FATAL kernel panic
FATAL segfault at address 0x192.168.197.186
DEBUG entering function foo
DEBUG heap size: 192.168.60.30
INFO connection established
FATAL segfault at address 0x192.168.36.209
DEBUG entering function foo
DEBUG entering function foo
INFO request from 192.168.142.104
INFO user 192.168.82.31 logged in
INFO connection established
FATAL out of memory
DEBUG variable x=192.168.142.104
ERROR connection timeout 503
WARN retry attempt 192.168.36.209 for 92116
INFO processed 192.168.107.168 items
INFO user 192.168.9.50 logged in
INFO connection established
DEBUG heap size: 192.168.121.141
INFO connection established
WARN retry attempt 192.168.178.215 for 239
FATAL unrecoverable disk error
ERROR null pointer in module 192.168.178.6
WARN disk usage 192.168.141.220%
ERROR null pointer in module 192.168.193.243
FATAL unrecoverable disk error
DEBUG variable x=192.168.57.185
ERROR file not found: /tmp/192.168.142.104.log
ERROR null pointer in module 192.168.189.144
WARN memory threshold reached: 192.168.92.139MB
INFO connection established
INFO request from 192.168.197.186
DEBUG cache hit for key=192.168.229.48
INFO request from 192.168.193.243
INFO user 192.168.178.215 logged in
WARN disk usage 192.168.9.50%
DEBUG variable x=192.168.36.209
WARN memory threshold reached: 192.168.142.104MB
DEBUG heap size: 192.168.229.48
INFO processed 192.168.92.139 items
INFO user 192.168.189.144 logged in
ERROR null pointer in module 192.168.36.209
ERROR connection timeout 503
WARN disk usage 192.168.215.207%
FATAL unrecoverable disk error
INFO user 192.168.178.215 logged in
FATAL segfault at address 0x192.168.141.220
ERROR file not found: /tmp/192.168.82.31.log
INFO request from 192.168.82.31
ERROR connection timeout 503
FATAL out of memory
INFO connection established
FATAL segfault at address 0x192.168.189.144
DEBUG heap size: 192.168.229.48
WARN retry attempt 192.168.36.209 for 3414
WARN memory threshold reached: 192.168.107.168MB
DEBUG heap size: 192.168.142.104
DEBUG entering function foo
WARN memory threshold reached: 192.168.141.220MB
WARN disk usage 192.168.92.139%
DEBUG entering function foo
WARN retry attempt 192.168.219.168 for 33915
INFO request from 192.168.197.186
WARN retry attempt 192.168.92.139 for 23800
ERROR connection timeout 503
FATAL out of memory
ERROR null pointer in module 192.168.178.6
INFO processed 192.168.229.48 items
FATAL segfault at address 0x192.168.219.168
DEBUG heap size: 192.168.36.209
ERROR null pointer in module 192.168.82.31
FATAL segfault at address 0x192.168.82.31
WARN memory threshold reached: 192.168.60.30MB
WARN memory threshold reached: 192.168.189.144MB
FATAL kernel panic
ERROR auth failure for user 192.168.82.31
FATAL out of memory
DEBUG heap size: 192.168.178.215
ERROR auth failure for user 192.168.57.185
ERROR auth failure for user 192.168.142.104
DEBUG variable x=192.168.178.6
INFO request from 192.168.215.207
FATAL unrecoverable disk error
WARN disk usage 192.168.197.186%
ERROR auth failure for user 192.168.211.158
ERROR auth failure for user 192.168.178.6
FATAL out of memory
DEBUG variable x=192.168.219.168
INFO request from 192.168.215.207
WARN disk usage 192.168.197.186%
DEBUG heap size: 192.168.141.220
FATAL kernel panic
DEBUG heap size: 192.168.219.168
WARN retry attempt 192.168.107.168 for 63512
WARN slow query: 192.168.215.207ms
ERROR connection timeout 503
ERROR connection timeout 503
INFO user 192.168.178.6 logged in
FATAL kernel panic
DEBUG entering function foo
DEBUG variable x=192.168.219.168
WARN retry attempt 192.168.211.158 for 49336
FATAL kernel panic
ERROR null pointer in module 192.168.178.6
FATAL unrecoverable disk error
WARN disk usage 192.168.57.185%
INFO user 192.168.36.209 logged in
WARN retry attempt 192.168.60.30 for 82837
DEBUG cache hit for key=192.168.178.215
INFO request from 192.168.178.215
DEBUG cache hit for key=192.168.57.185
ERROR null pointer in module 192.168.193.243
FATAL segfault at address 0x192.168.107.168
ERROR file not found: /tmp/192.168.60.30.log
FATAL out of memory
ERROR auth failure for user 192.168.141.220
ERROR auth failure for user 192.168.121.141
DEBUG entering function foo
FATAL segfault at address 0x192.168.219.168
FATAL out of memory
DEBUG cache hit for key=192.168.229.48
FATAL unrecoverable disk error
INFO connection established
DEBUG heap size: 192.168.36.209
ERROR connection timeout 503
DEBUG entering function foo
DEBUG cache hit for key=192.168.197.186
WARN slow query: 192.168.92.139ms
INFO request from 192.168.219.168
ERROR file not found: /tmp/192.168.178.6.log
FATAL segfault at address 0x192.168.60.30
DEBUG entering function foo
INFO connection established
WARN disk usage 192.168.215.207%
ERROR file not found: /tmp/192.168.9.50.log
DEBUG variable x=192.168.229.48
INFO user 192.168.219.168 logged in
INFO user 192.168.178.6 logged in
WARN retry attempt 192.168.141.220 for 35396
DEBUG heap size: 192.168.211.158
ERROR null pointer in module 192.168.211.158
FATAL unrecoverable disk error
FATAL out of memory
INFO request from 192.168.178.6
WARN slow query: 192.168.57.185ms
ERROR null pointer in module 192.168.39.155
DEBUG cache hit for key=192.168.178.215
ERROR auth failure for user 192.168.141.220
WARN disk usage 192.168.82.31%
DEBUG entering function foo
INFO request from 192.168.178.215
FATAL segfault at address 0x192.168.36.209
ERROR file not found: /tmp/192.168.215.207.log
DEBUG cache hit for key=192.168.193.243
ERROR auth failure for user 192.168.60.30
ERROR file not found: /tmp/192.168.36.209.log
ERROR connection timeout 503
ERROR connection timeout 503
DEBUG variable x=192.168.178.6
ERROR connection timeout 503
INFO request from 192.168.9.50
ERROR auth failure for user 192.168.141.220
INFO processed 192.168.215.207 items
FATAL out of memory
INFO user 192.168.229.48 logged in
FATAL out of memory
INFO processed 192.168.82.31 items
INFO processed 192.168.121.141 items
DEBUG variable x=192.168.229.48
FATAL kernel panic
WARN memory threshold reached: 192.168.189.144MB
WARN retry attempt 192.168.193.243 for 8283
ERROR auth failure for user 192.168.215.207
FATAL unrecoverable disk error
FATAL kernel panic
WARN slow query: 192.168.142.104ms
FATAL out of memory
FATAL out of memory
DEBUG heap size: 192.168.9.50
DEBUG variable x=192.168.121.141
FATAL out of memory
DEBUG cache hit for key=192.168.57.185
WARN disk usage 192.168.121.141%
WARN retry attempt 192.168.107.168 for 89906
INFO connection established
ERROR connection timeout 503
DEBUG cache hit for key=192.168.142.104
DEBUG heap size: 192.168.36.209
ERROR null pointer in module 192.168.189.144
ERROR null pointer in module 192.168.92.139
DEBUG variable x=192.168.39.155
ERROR auth failure for user 192.168.211.158
FATAL segfault at address 0x192.168.82.31
ERROR file not found: /tmp/192.168.193.243.log
ERROR file not found: /tmp/192.168.211.158.log
ERROR auth failure for user 192.168.211.158
DEBUG heap size: 192.168.82.31
FATAL out of memory
ERROR file not found: /tmp/192.168.92.139.log
INFO request from 192.168.57.185
WARN disk usage 192.168.107.168%
ERROR null pointer in module 192.168.211.158
DEBUG entering function foo
WARN disk usage 192.168.141.220%
WARN slow query: 192.168.189.144ms
ERROR null pointer in module 192.168.141.220
ERROR auth failure for user 192.168.9.50
INFO connection established
DEBUG variable x=192.168.82.31
WARN slow query: 192.168.193.243ms
DEBUG entering function foo
INFO request from 192.168.219.168
DEBUG variable x=192.168.211.158
WARN disk usage 192.168.189.144%
WARN disk usage 192.168.36.209%
INFO user 192.168.39.155 logged in
INFO processed 192.168.189.144 items
WARN retry attempt 192.168.57.185 for 50731
DEBUG entering function foo
WARN retry attempt 192.168.92.139 for 86118
INFO user 192.168.141.220 logged in
FATAL unrecoverable disk error
DEBUG cache hit for key=192.168.39.155
INFO connection established
INFO request from 192.168.9.50
DEBUG entering function foo
INFO user 192.168.92.139 logged in
WARN retry attempt 192.168.229.48 for 44124
ERROR null pointer in module 192.168.60.30
FATAL out of memory
INFO user 192.168.219.168 logged in
FATAL unrecoverable disk error
WARN disk usage 192.168.57.185%
INFO connection established
INFO processed 192.168.189.144 items
WARN memory threshold reached: 192.168.121.141MB
ERROR file not found: /tmp/192.168.92.139.log
DEBUG heap size: 192.168.215.207
DEBUG variable x=192.168.9.50
INFO request from 192.168.189.144
INFO request from 192.168.36.209
FATAL segfault at address 0x192.168.219.168
INFO processed 192.168.178.215 items
WARN memory threshold reached: 192.168.9.50MB
FATAL out of memory
WARN disk usage 192.168.178.6%
INFO user 192.168.39.155 logged in
FATAL out of memory
WARN memory threshold reached: 192.168.121.141MB
DEBUG cache hit for key=192.168.219.168
FATAL segfault at address 0x192.168.36.209
DEBUG cache hit for key=192.168.211.158
WARN memory threshold reached: 192.168.211.158MB
DEBUG variable x=192.168.178.215
ERROR null pointer in module 192.168.121.141
WARN retry attempt 192.168.141.220 for 38674
DEBUG cache hit for key=192.168.60.30
INFO processed 192.168.215.207 items
FATAL segfault at address 0x192.168.193.243
WARN retry attempt 192.168.193.243 for 22022
INFO user 192.168.193.243 logged in
FATAL kernel panic
WARN retry attempt 192.168.107.168 for 45936
WARN memory threshold reached: 192.168.197.186MB
DEBUG variable x=192.168.215.207
DEBUG cache hit for key=192.168.178.215
FATAL unrecoverable disk error
INFO user 192.168.9.50 logged in
INFO processed 192.168.229.48 items
WARN memory threshold reached: 192.168.193.243MB
WARN retry attempt 192.168.39.155 for 24503
ERROR auth failure for user 192.168.178.215
WARN retry attempt 192.168.107.168 for 6290
INFO connection established
ERROR auth failure for user 192.168.82.31
ERROR auth failure for user 192.168.92.139
ERROR connection timeout 503
INFO user 192.168.82.31 logged in
WARN disk usage 192.168.9.50%
DEBUG cache hit for key=192.168.57.185
DEBUG variable x=192.168.36.209
DEBUG variable x=192.168.141.220
DEBUG variable x=192.168.57.185
ERROR auth failure for user 192.168.57.185
FATAL kernel panic
FATAL kernel panic
FATAL kernel panic
WARN disk usage 192.168.193.243%
INFO request from 192.168.229.48
DEBUG variable x=192.168.197.186
ERROR connection timeout 503
FATAL out of memory
INFO processed 192.168.178.215 items
WARN retry attempt 192.168.211.158 for 98680
FATAL segfault at address 0x192.168.178.215
DEBUG variable x=192.168.107.168
ERROR connection timeout 503
DEBUG cache hit for key=192.168.141.220
DEBUG entering function foo
DEBUG cache hit for key=192.168.121.141
FATAL kernel panic
WARN disk usage 192.168.178.215%
ERROR file not found: /tmp/192.168.211.158.log
FATAL unrecoverable disk error
WARN disk usage 192.168.189.144%
WARN slow query: 192.168.178.6ms
WARN slow query: 192.168.57.185ms
FATAL out of memory
DEBUG heap size: 192.168.57.185
FATAL unrecoverable disk error
DEBUG variable x=192.168.9.50
FATAL unrecoverable disk error
INFO request from 192.168.107.168
DEBUG heap size: 192.168.219.168
WARN disk usage 192.168.39.155%
FATAL out of memory
INFO request from 192.168.57.185
INFO processed 192.168.193.243 items
FATAL out of memory
DEBUG variable x=192.168.36.209
ERROR connection timeout 503
WARN retry attempt 192.168.178.6 for 42356
ERROR connection timeout 503
INFO user 192.168.121.141 logged in
INFO request from 192.168.9.50
ERROR connection timeout 503
INFO processed 192.168.189.144 items
ERROR null pointer in module 192.168.107.168
ERROR null pointer in module 192.168.219.168
INFO user 192.168.215.207 logged in
DEBUG entering function foo
ERROR null pointer in module 192.168.57.185
ERROR file not found: /tmp/192.168.219.168.log
DEBUG variable x=192.168.193.243
INFO user 192.168.189.144 logged in
FATAL kernel panic
FATAL segfault at address 0x192.168.193.243
WARN slow query: 192.168.39.155ms
ERROR null pointer in module 192.168.82.31
DEBUG cache hit for key=192.168.178.215
DEBUG heap size: 192.168.211.158
DEBUG variable x=192.168.193.243
WARN disk usage 192.168.142.104%
WARN memory threshold reached: 192.168.9.50MB
FATAL kernel panic
FATAL kernel panic
ERROR connection timeout 503
FATAL unrecoverable disk error
ERROR connection timeout 503
INFO processed 192.168.178.6 items
ERROR file not found: /tmp/192.168.60.30.log
FATAL kernel panic
FATAL unrecoverable disk error
DEBUG entering function foo
DEBUG cache hit for key=192.168.193.243
ERROR connection timeout 503
INFO request from 192.168.219.168
WARN disk usage 192.168.215.207%
WARN retry attempt 192.168.211.158 for 1794
FATAL segfault at address 0x192.168.57.185
DEBUG variable x=192.168.141.220
INFO connection established
INFO user 192.168.197.186 logged in
INFO user 192.168.39.155 logged in
INFO connection established
WARN slow query: 192.168.229.48ms
ERROR connection timeout 503
FATAL kernel panic
ERROR auth failure for user 192.168.193.243
WARN retry attempt 192.168.178.6 for 49816
DEBUG heap size: 192.168.9.50
ERROR null pointer in module 192.168.9.50
ERROR connection timeout 503
INFO user 192.168.211.158 logged in
FATAL unrecoverable disk error
WARN retry attempt 192.168.178.6 for 59737
WARN disk usage 192.168.142.104%
FATAL out of memory
FATAL unrecoverable disk error
FATAL kernel panic
DEBUG heap size: 192.168.57.185
DEBUG variable x=192.168.39.155
FATAL unrecoverable disk error
DEBUG cache hit for key=192.168.82.31
ERROR auth failure for user 192.168.57.185
FATAL segfault at address 0x192.168.82.31
ERROR auth failure for user 192.168.197.186
DEBUG variable x=192.168.9.50
DEBUG variable x=192.168.211.158
DEBUG cache hit for key=192.168.121.141
FATAL unrecoverable disk error
ERROR auth failure for user 192.168.82.31
ERROR file not found: /tmp/192.168.215.207.log
INFO user 192.168.82.31 logged in
ERROR connection timeout 503
DEBUG cache hit for key=192.168.92.139
INFO user 192.168.36.209 logged in
ERROR connection timeout 503
FATAL segfault at address 0x192.168.189.144
FATAL kernel panic
DEBUG cache hit for key=192.168.215.207
DEBUG entering function foo
DEBUG heap size: 192.168.92.139
ERROR null pointer in module 192.168.9.50
WARN retry attempt 192.168.193.243 for 92226
FATAL out of memory
FATAL kernel panic
DEBUG entering function foo
DEBUG entering function foo
DEBUG heap size: 192.168.141.220
ERROR null pointer in module 192.168.82.31
INFO processed 192.168.178.215 items
ERROR auth failure for user 192.168.142.104
FATAL segfault at address 0x192.168.211.158
WARN memory threshold reached: 192.168.121.141MB
INFO connection established
FATAL segfault at address 0x192.168.141.220
WARN disk usage 192.168.197.186%
DEBUG variable x=192.168.178.6
INFO processed 192.168.39.155 items
ERROR auth failure for user 192.168.36.209
DEBUG cache hit for key=192.168.57.185
DEBUG cache hit for key=192.168.57.185
FATAL out of memory
INFO request from 192.168.60.30
INFO user 192.168.82.31 logged in
WARN slow query: 192.168.193.243ms
ERROR null pointer in module 192.168.82.31
ERROR connection timeout 503
FATAL segfault at address 0x192.168.189.144
FATAL segfault at address 0x192.168.9.50
DEBUG heap size: 192.168.36.209
WARN slow query: 192.168.189.144ms
ERROR connection timeout 503
INFO processed 192.168.229.48 items
DEBUG heap size: 192.168.92.139
INFO connection established
ERROR file not found: /tmp/192.168.193.243.log
FATAL kernel panic
INFO user 192.168.142.104 logged in
INFO request from 192.168.36.209
ERROR null pointer in module 192.168.121.141
ERROR null pointer in module 192.168.107.168
DEBUG entering function foo
FATAL segfault at address 0x192.168.142.104
DEBUG heap size: 192.168.229.48
FATAL segfault at address 0x192.168.92.139
FATAL unrecoverable disk error
DEBUG variable x=192.168.178.6
FATAL kernel panic
WARN retry attempt 192.168.60.30 for 48280
INFO user 192.168.211.158 logged in
DEBUG heap size: 192.168.107.168
WARN slow query: 192.168.178.215ms
INFO request from 192.168.60.30
FATAL segfault at address 0x192.168.107.168
DEBUG cache hit for key=192.168.219.168
INFO processed 192.168.142.104 items
ERROR auth failure for user 192.168.9.50
INFO connection established
DEBUG cache hit for key=192.168.57.185
ERROR file not found: /tmp/192.168.141.220.log
INFO connection established
WARN retry attempt 192.168.36.209 for 7996
FATAL segfault at address 0x192.168.189.144
WARN retry attempt 192.168.197.186 for 56535
INFO request from 192.168.197.186
WARN retry attempt 192.168.219.168 for 83270
FATAL kernel panic
INFO request from 192.168.57.185
FATAL unrecoverable disk error
FATAL out of memory
INFO connection established
ERROR file not found: /tmp/192.168.141.220.log
WARN slow query: 192.168.229.48ms
DEBUG entering function foo
ERROR file not found: /tmp/192.168.121.141.log
WARN slow query: 192.168.39.155ms
INFO processed 192.168.211.158 items
DEBUG heap size: 192.168.36.209
ERROR null pointer in module 192.168.9.50
WARN slow query: 192.168.57.185ms
WARN slow query: 192.168.107.168ms
ERROR connection timeout 503
INFO request from 192.168.121.141
INFO user 192.168.107.168 logged in
WARN memory threshold reached: 192.168.211.158MB
FATAL unrecoverable disk error
ERROR connection timeout 503
WARN retry attempt 192.168.36.209 for 49194
ERROR file not found: /tmp/192.168.9.50.log
INFO user 192.168.178.215 logged in
INFO connection established
INFO processed 192.168.229.48 items
INFO request from 192.168.229.48
ERROR auth failure for user 192.168.229.48
DEBUG cache hit for key=192.168.178.215
WARN disk usage 192.168.107.168%
WARN retry attempt 192.168.141.220 for 39316
WARN retry attempt 192.168.211.158 for 24248
INFO processed 192.168.82.31 items
FATAL out of memory
ERROR auth failure for user 192.168.197.186
INFO user 192.168.39.155 logged in
INFO request from 192.168.197.186
WARN retry attempt 192.168.57.185 for 64094
ERROR auth failure for user 192.168.92.139
WARN retry attempt 192.168.178.6 for 79181
WARN retry attempt 192.168.92.139 for 21334
ERROR file not found: /tmp/192.168.178.6.log
WARN retry attempt 192.168.82.31 for 72260
ERROR null pointer in module 192.168.178.6
DEBUG entering function foo
FATAL kernel panic
ERROR auth failure for user 192.168.57.185
FATAL out of memory
INFO request from 192.168.215.207
WARN retry attempt 192.168.211.158 for 88302
WARN retry attempt 192.168.211.158 for 91823
ERROR file not found: /tmp/192.168.211.158.log
ERROR connection timeout 503
DEBUG heap size: 192.168.9.50
INFO user 192.168.142.104 logged in
INFO request from 192.168.178.6
DEBUG entering function foo
INFO user 192.168.215.207 logged in
ERROR file not found: /tmp/192.168.82.31.log
DEBUG cache hit for key=192.168.178.215
ERROR file not found: /tmp/192.168.197.186.log
WARN memory threshold reached: 192.168.39.155MB
WARN slow query: 192.168.193.243ms
FATAL segfault at address 0x192.168.189.144
FATAL kernel panic
FATAL out of memory
DEBUG entering function foo
FATAL segfault at address 0x192.168.189.144
FATAL segfault at address 0x192.168.92.139
ERROR null pointer in module 192.168.215.207
DEBUG heap size: 192.168.142.104
DEBUG variable x=192.168.178.215
DEBUG heap size: 192.168.9.50
FATAL out of memory
WARN disk usage 192.168.60.30%
FATAL kernel panic
FATAL out of memory
ERROR auth failure for user 192.168.229.48
FATAL out of memory
WARN memory threshold reached: 192.168.219.168MB
FATAL kernel panic
ERROR file not found: /tmp/192.168.229.48.log
FATAL out of memory
DEBUG cache hit for key=192.168.211.158
WARN memory threshold reached: 192.168.219.168MB
FATAL segfault at address 0x192.168.36.209
WARN memory threshold reached: 192.168.60.30MB
ERROR connection timeout 503
ERROR auth failure for user 192.168.219.168
FATAL kernel panic
FATAL segfault at address 0x192.168.211.158
FATAL segfault at address 0x192.168.215.207
ERROR null pointer in module 192.168.107.168
DEBUG cache hit for key=192.168.219.168
FATAL kernel panic
INFO connection established
DEBUG variable x=192.168.82.31
DEBUG cache hit for key=192.168.197.186
WARN slow query: 192.168.193.243ms
FATAL out of memory
INFO user 192.168.215.207 logged in
WARN memory threshold reached: 192.168.60.30MB
ERROR auth failure for user 192.168.107.168
WARN memory threshold reached: 192.168.211.158MB
INFO user 192.168.197.186 logged in
DEBUG variable x=192.168.219.168
INFO user 192.168.82.31 logged in
INFO processed 192.168.197.186 items
ERROR file not found: /tmp/192.168.92.139.log
DEBUG heap size: 192.168.107.168
INFO user 192.168.36.209 logged in
INFO user 192.168.142.104 logged in
DEBUG cache hit for key=192.168.178.215
DEBUG cache hit for key=192.168.219.168
DEBUG variable x=192.168.9.50
DEBUG variable x=192.168.36.209
DEBUG variable x=192.168.60.30
DEBUG entering function foo
FATAL kernel panic
FATAL kernel panic
INFO user 192.168.60.30 logged in
INFO request from 192.168.121.141
FATAL segfault at address 0x192.168.142.104
ERROR connection timeout 503
FATAL unrecoverable disk error
INFO processed 192.168.121.141 items
WARN memory threshold reached: 192.168.39.155MB
ERROR null pointer in module 192.168.107.168
DEBUG entering function foo
FATAL unrecoverable disk error
DEBUG variable x=192.168.215.207
WARN retry attempt 192.168.36.209 for 44852
WARN disk usage 192.168.107.168%
INFO user 192.168.121.141 logged in
FATAL unrecoverable disk error
WARN slow query: 192.168.211.158ms
FATAL segfault at address 0x192.168.39.155
FATAL kernel panic
ERROR connection timeout 503
DEBUG heap size: 192.168.197.186
ERROR null pointer in module 192.168.141.220
ERROR null pointer in module 192.168.57.185
DEBUG entering function foo
FATAL kernel panic
INFO user 192.168.193.243 logged in
WARN retry attempt 192.168.189.144 for 51633
ERROR auth failure for user 192.168.9.50
WARN slow query: 192.168.142.104ms
FATAL segfault at address 0x192.168.142.104
WARN disk usage 192.168.193.243%
DEBUG heap size: 192.168.92.139
INFO request from 192.168.197.186
DEBUG cache hit for key=192.168.39.155
INFO request from 192.168.141.220
ERROR connection timeout 503
WARN retry attempt 192.168.107.168 for 22149
ERROR file not found: /tmp/192.168.189.144.log
WARN memory threshold reached: 192.168.36.209MB
WARN memory threshold reached: 192.168.107.168MB
ERROR connection timeout 503
INFO processed 192.168.9.50 items
INFO processed 192.168.39.155 items
INFO user 192.168.215.207 logged in
INFO user 192.168.36.209 logged in
WARN disk usage 192.168.141.220%
DEBUG entering function foo
INFO connection established
FATAL kernel panic
WARN slow query: 192.168.142.104ms
INFO request from 192.168.189.144
ERROR connection timeout 503
FATAL out of memory
FATAL unrecoverable disk error
INFO request from 192.168.211.158
DEBUG heap size: 192.168.219.168
DEBUG entering function foo
FATAL unrecoverable disk error
ERROR auth failure for user 192.168.197.186
DEBUG variable x=192.168.39.155
INFO user 192.168.107.168 logged in
DEBUG variable x=192.168.178.6
WARN memory threshold reached: 192.168.60.30MB
ERROR connection timeout 503
INFO connection established
INFO user 192.168.141.220 logged in
WARN disk usage 192.168.121.141%
ERROR auth failure for user 192.168.39.155
INFO connection established
ERROR file not found: /tmp/192.168.9.50.log
INFO processed 192.168.141.220 items
DEBUG cache hit for key=192.168.178.6
FATAL segfault at address 0x192.168.193.243
FATAL out of memory
DEBUG cache hit for key=192.168.142.104
ERROR auth failure for user 192.168.197.186
ERROR auth failure for user 192.168.193.243
DEBUG heap size: 192.168.197.186
INFO connection established
FATAL unrecoverable disk error
WARN retry attempt 192.168.39.155 for 36589
DEBUG entering function foo
ERROR connection timeout 503
ERROR connection timeout 503
INFO user 192.168.57.185 logged in
ERROR connection timeout 503
ERROR null pointer in module 192.168.229.48
ERROR null pointer in module 192.168.36.209
ERROR auth failure for user 192.168.211.158
DEBUG variable x=192.168.141.220
INFO connection established
FATAL unrecoverable disk error
INFO user 192.168.57.185 logged in
ERROR null pointer in module 192.168.121.141
INFO connection established
WARN memory threshold reached: 192.168.107.168MB
DEBUG cache hit for key=192.168.142.104
WARN memory threshold reached: 192.168.36.209MB
FATAL unrecoverable disk error
FATAL out of memory
DEBUG cache hit for key=192.168.60.30
ERROR null pointer in module 192.168.36.209
FATAL out of memory
FATAL out of memory
FATAL kernel panic
FATAL segfault at address 0x192.168.60.30
DEBUG entering function foo
FATAL out of memory
INFO connection established
ERROR connection timeout 503
DEBUG entering function foo
WARN slow query: 192.168.189.144ms
ERROR connection timeout 503
FATAL out of memory
INFO user 192.168.178.215 logged in
FATAL kernel panic
FATAL out of memory
INFO request from 192.168.178.6
ERROR connection timeout 503
ERROR connection timeout 503
FATAL out of memory
FATAL unrecoverable disk error
FATAL unrecoverable disk error
ERROR auth failure for user 192.168.60.30
FATAL kernel panic
WARN retry attempt 192.168.60.30 for 13961
WARN retry attempt 192.168.57.185 for 480
DEBUG variable x=192.168.189.144
ERROR null pointer in module 192.168.107.168
DEBUG entering function foo
ERROR file not found: /tmp/192.168.57.185.log
INFO user 192.168.178.215 logged in
INFO connection established
INFO processed 192.168.193.243 items
FATAL segfault at address 0x192.168.82.31
INFO connection established
INFO user 192.168.178.6 logged in
WARN retry attempt 192.168.82.31 for 52249
DEBUG cache hit for key=192.168.211.158
FATAL segfault at address 0x192.168.197.186
ERROR auth failure for user 192.168.82.31
FATAL unrecoverable disk error
ERROR connection timeout 503
FATAL unrecoverable disk error
ERROR auth failure for user 192.168.215.207
DEBUG cache hit for key=192.168.107.168
DEBUG heap size: 192.168.92.139
INFO connection established
DEBUG heap size: 192.168.121.141
WARN slow query: 192.168.39.155ms
INFO request from 192.168.189.144
ERROR connection timeout 503
ERROR connection timeout 503
INFO request from 192.168.36.209
ERROR null pointer in module 192.168.82.31
FATAL out of memory
WARN retry attempt 192.168.107.168 for 36768
INFO connection established
INFO request from 192.168.60.30
WARN retry attempt 192.168.189.144 for 5095
FATAL segfault at address 0x192.168.36.209
ERROR null pointer in module 192.168.219.168
WARN memory threshold reached: 192.168.9.50MB
INFO connection established
INFO user 192.168.9.50 logged in
DEBUG entering function foo
DEBUG cache hit for key=192.168.107.168
WARN retry attempt 192.168.121.141 for 56893
INFO processed 192.168.39.155 items
FATAL out of memory
ERROR auth failure for user 192.168.197.186
ERROR connection timeout 503
ERROR file not found: /tmp/192.168.92.139.log
FATAL unrecoverable disk error
FATAL segfault at address 0x192.168.36.209
ERROR file not found: /tmp/192.168.219.168.log
WARN slow query: 192.168.197.186ms
INFO processed 192.168.189.144 items
INFO request from 192.168.141.220
ERROR auth failure for user 192.168.121.141
WARN disk usage 192.168.9.50%
WARN memory threshold reached: 192.168.121.141MB
DEBUG entering function foo
WARN slow query: 192.168.39.155ms
WARN slow query: 192.168.142.104ms
DEBUG heap size: 192.168.92.139
DEBUG heap size: 192.168.197.186
WARN slow query: 192.168.107.168ms
DEBUG cache hit for key=192.168.39.155
WARN retry attempt 192.168.121.141 for 48942
ERROR null pointer in module 192.168.121.141
WARN memory threshold reached: 192.168.92.139MB
INFO user 192.168.36.209 logged in
FATAL unrecoverable disk error
ERROR null pointer in module 192.168.36.209
INFO user 192.168.57.185 logged in
INFO connection established
INFO processed 192.168.92.139 items
FATAL kernel panic
WARN slow query: 192.168.60.30ms
FATAL unrecoverable disk error
ERROR file not found: /tmp/192.168.92.139.log
FATAL unrecoverable disk error
INFO connection established
DEBUG cache hit for key=192.168.107.168
WARN retry attempt 192.168.189.144 for 57568
ERROR connection timeout 503
DEBUG cache hit for key=192.168.178.215
FATAL segfault at address 0x192.168.178.6
WARN disk usage 192.168.193.243%
ERROR auth failure for user 192.168.57.185
DEBUG heap size: 192.168.9.50
INFO processed 192.168.57.185 items
WARN disk usage 192.168.211.158%
WARN slow query: 192.168.197.186ms
WARN memory threshold reached: 192.168.189.144MB
ERROR auth failure for user 192.168.178.215
FATAL segfault at address 0x192.168.211.158
ERROR file not found: /tmp/192.168.197.186.log
WARN memory threshold reached: 192.168.82.31MB
FATAL kernel panic
DEBUG heap size: 192.168.107.168
WARN slow query: 192.168.9.50ms
DEBUG cache hit for key=192.168.229.48
ERROR connection timeout 503
ERROR connection timeout 503
WARN memory threshold reached: 192.168.107.168MB
WARN disk usage 192.168.178.6%
FATAL out of memory
DEBUG heap size: 192.168.9.50
INFO user 192.168.178.215 logged in
FATAL out of memory
DEBUG variable x=192.168.197.186
DEBUG variable x=192.168.142.104
FATAL out of memory
INFO connection established
FATAL kernel panic
FATAL unrecoverable disk error
INFO connection established
DEBUG entering function foo
FATAL unrecoverable disk error
FATAL kernel panic
WARN slow query: 192.168.9.50ms
ERROR file not found: /tmp/192.168.229.48.log
WARN memory threshold reached: 192.168.39.155MB
ERROR null pointer in module 192.168.142.104
WARN retry attempt 192.168.36.209 for 13123
ERROR connection timeout 503
ERROR file not found: /tmp/192.168.82.31.log
WARN memory threshold reached: 192.168.211.158MB
WARN retry attempt 192.168.142.104 for 80466
DEBUG cache hit for key=192.168.141.220
WARN retry attempt 192.168.178.6 for 79687
DEBUG cache hit for key=192.168.82.31
WARN disk usage 192.168.189.144%
WARN disk usage 192.168.107.168%
DEBUG heap size: 192.168.229.48
FATAL out of memory
WARN slow query: 192.168.121.141ms
ERROR auth failure for user 192.168.178.6
ERROR null pointer in module 192.168.9.50
WARN disk usage 192.168.215.207%
ERROR connection timeout 503
WARN slow query: 192.168.57.185ms
DEBUG entering function foo
FATAL kernel panic
WARN disk usage 192.168.178.215%
ERROR null pointer in module 192.168.219.168
DEBUG variable x=192.168.36.209
ERROR null pointer in module 192.168.197.186
DEBUG heap size: 192.168.107.168
INFO request from 192.168.178.6
WARN disk usage 192.168.197.186%
FATAL unrecoverable disk error
ERROR null pointer in module 192.168.121.141
FATAL unrecoverable disk error
FATAL unrecoverable disk error
ERROR auth failure for user 192.168.39.155
WARN disk usage 192.168.211.158%
ERROR connection timeout 503
ERROR connection timeout 503
FATAL out of memory
DEBUG heap size: 192.168.141.220
INFO processed 192.168.193.243 items
FATAL kernel panic
INFO connection established
DEBUG variable x=192.168.60.30
WARN memory threshold reached: 192.168.211.158MB
FATAL kernel panic
WARN retry attempt 192.168.193.243 for 34552
INFO connection established
ERROR connection timeout 503
FATAL segfault at address 0x192.168.141.220
ERROR auth failure for user 192.168.178.6
ERROR auth failure for user 192.168.229.48
WARN memory threshold reached: 192.168.178.6MB
FATAL segfault at address 0x192.168.178.6
DEBUG heap size: 192.168.60.30
FATAL segfault at address 0x192.168.197.186
DEBUG entering function foo
FATAL out of memory
DEBUG entering function foo
ERROR auth failure for user 192.168.178.215
INFO connection established
INFO user 192.168.142.104 logged in
WARN disk usage 192.168.178.6%
WARN memory threshold reached: 192.168.60.30MB
FATAL segfault at address 0x192.168.57.185
ERROR null pointer in module 192.168.9.50
WARN slow query: 192.168.60.30ms
WARN slow query: 192.168.121.141ms
FATAL kernel panic
DEBUG heap size: 192.168.82.31
ERROR connection timeout 503
INFO request from 192.168.215.207
INFO processed 192.168.215.207 items
INFO processed 192.168.36.209 items
WARN retry attempt 192.168.107.168 for 54591
FATAL segfault at address 0x192.168.141.220
DEBUG heap size: 192.168.189.144
DEBUG variable x=192.168.92.139
INFO connection established
DEBUG heap size: 192.168.36.209
ERROR connection timeout 503
FATAL out of memory
DEBUG cache hit for key=192.168.82.31
DEBUG heap size: 192.168.197.186
WARN disk usage 192.168.141.220%
WARN slow query: 192.168.39.155ms
WARN slow query: 192.168.39.155ms
ERROR file not found: /tmp/192.168.121.141.log
DEBUG entering function foo
FATAL segfault at address 0x192.168.9.50
DEBUG cache hit for key=192.168.215.207
ERROR connection timeout 503
INFO connection established
FATAL segfault at address 0x192.168.141.220
ERROR auth failure for user 192.168.121.141
FATAL unrecoverable disk error
WARN disk usage 192.168.219.168%
INFO request from 192.168.82.31
ERROR auth failure for user 192.168.107.168
FATAL kernel panic
FATAL unrecoverable disk error
DEBUG entering function foo
INFO user 192.168.60.30 logged in
FATAL unrecoverable disk error
WARN retry attempt 192.168.193.243 for 86615
ERROR null pointer in module 192.168.141.220
WARN slow query: 192.168.92.139ms
DEBUG cache hit for key=192.168.189.144
WARN disk usage 192.168.9.50%
ERROR file not found: /tmp/192.168.142.104.log
FATAL unrecoverable disk error
DEBUG variable x=192.168.36.209
ERROR file not found: /tmp/192.168.215.207.log
FATAL out of memory
FATAL out of memory
ERROR null pointer in module 192.168.57.185
FATAL unrecoverable disk error
INFO connection established
DEBUG variable x=192.168.36.209
WARN memory threshold reached: 192.168.141.220MB
FATAL segfault at address 0x192.168.121.141
DEBUG entering function foo
WARN slow query: 192.168.189.144ms
ERROR connection timeout 503
DEBUG heap size: 192.168.178.215
FATAL kernel panic
INFO request from 192.168.141.220
DEBUG heap size: 192.168.121.141
FATAL kernel panic
ERROR file not found: /tmp/192.168.197.186.log
ERROR null pointer in module 192.168.39.155
INFO request from 192.168.178.215
INFO request from 192.168.82.31
FATAL unrecoverable disk error
INFO user 192.168.219.168 logged in
FATAL out of memory
WARN disk usage 192.168.9.50%
DEBUG cache hit for key=192.168.211.158
ERROR auth failure for user 192.168.211.158
WARN slow query: 192.168.215.207ms
DEBUG variable x=192.168.60.30
FATAL kernel panic
FATAL unrecoverable disk error
WARN retry attempt 192.168.107.168 for 47257
ERROR auth failure for user 192.168.36.209
ERROR null pointer in module 192.168.141.220
WARN slow query: 192.168.36.209ms
WARN slow query: 192.168.36.209ms
INFO processed 192.168.107.168 items
DEBUG cache hit for key=192.168.178.215
FATAL segfault at address 0x192.168.142.104
INFO request from 192.168.9.50
WARN slow query: 192.168.60.30ms
DEBUG entering function foo
ERROR null pointer in module 192.168.229.48
INFO connection established
WARN disk usage 192.168.178.215%
INFO connection established
WARN retry attempt 192.168.215.207 for 8085
INFO user 192.168.39.155 logged in
FATAL segfault at address 0x192.168.215.207
INFO processed 192.168.36.209 items
DEBUG variable x=192.168.92.139
ERROR null pointer in module 192.168.178.215
ERROR auth failure for user 192.168.92.139
FATAL segfault at address 0x192.168.193.243
FATAL segfault at address 0x192.168.142.104
FATAL segfault at address 0x192.168.193.243
WARN retry attempt 192.168.229.48 for 27179
FATAL segfault at address 0x192.168.229.48
WARN slow query: 192.168.121.141ms
DEBUG variable x=192.168.193.243
FATAL kernel panic
WARN memory threshold reached: 192.168.229.48MB
INFO user 192.168.121.141 logged in
INFO user 192.168.229.48 logged in
INFO connection established
DEBUG cache hit for key=192.168.9.50
WARN retry attempt 192.168.9.50 for 923
INFO user 192.168.211.158 logged in
DEBUG heap size: 192.168.141.220
FATAL kernel panic
ERROR null pointer in module 192.168.142.104
DEBUG heap size: 192.168.39.155
WARN disk usage 192.168.229.48%
DEBUG entering function foo
FATAL kernel panic
ERROR connection timeout 503
ERROR null pointer in module 192.168.107.168
DEBUG entering function foo
ERROR connection timeout 503
FATAL unrecoverable disk error
ERROR null pointer in module 192.168.121.141
DEBUG entering function foo
WARN disk usage 192.168.141.220%
INFO processed 192.168.178.6 items
DEBUG heap size: 192.168.141.220
INFO processed 192.168.211.158 items
ERROR file not found: /tmp/192.168.229.48.log
FATAL kernel panic
INFO request from 192.168.82.31
INFO user 192.168.189.144 logged in
WARN retry attempt 192.168.39.155 for 81074
ERROR auth failure for user 192.168.197.186
FATAL unrecoverable disk error
DEBUG heap size: 192.168.197.186
WARN slow query: 192.168.197.186ms
WARN memory threshold reached: 192.168.107.168MB
DEBUG cache hit for key=192.168.39.155
WARN disk usage 192.168.211.158%
ERROR file not found: /tmp/192.168.219.168.log
FATAL unrecoverable disk error
FATAL segfault at address 0x192.168.219.168
FATAL unrecoverable disk error
FATAL segfault at address 0x192.168.211.158
ERROR auth failure for user 192.168.193.243
INFO processed 192.168.142.104 items
WARN retry attempt 192.168.211.158 for 708
WARN memory threshold reached: 192.168.141.220MB
FATAL unrecoverable disk error
ERROR connection timeout 503
DEBUG heap size: 192.168.92.139
DEBUG entering function foo
FATAL segfault at address 0x192.168.60.30
WARN disk usage 192.168.141.220%
FATAL out of memory
DEBUG heap size: 192.168.39.155
WARN disk usage 192.168.142.104%
WARN slow query: 192.168.229.48ms
ERROR connection timeout 503
ERROR connection timeout 503
INFO request from 192.168.121.141
DEBUG entering function foo
FATAL segfault at address 0x192.168.60.30
FATAL unrecoverable disk error
WARN retry attempt 192.168.82.31 for 79962
FATAL kernel panic
FATAL unrecoverable disk error
WARN memory threshold reached: 192.168.197.186MB
WARN retry attempt 192.168.107.168 for 24699
DEBUG heap size: 192.168.57.185
ERROR auth failure for user 192.168.141.220
FATAL segfault at address 0x192.168.39.155
WARN disk usage 192.168.36.209%
INFO user 192.168.141.220 logged in
ERROR file not found: /tmp/192.168.215.207.log
FATAL unrecoverable disk error
DEBUG cache hit for key=192.168.36.209
ERROR connection timeout 503
WARN slow query: 192.168.57.185ms
FATAL out of memory
DEBUG heap size: 192.168.193.243
ERROR null pointer in module 192.168.197.186
FATAL unrecoverable disk error
FATAL unrecoverable disk error
ERROR file not found: /tmp/192.168.229.48.log
INFO connection established
DEBUG cache hit for key=192.168.178.6
FATAL out of memory
WARN retry attempt 192.168.60.30 for 53385
INFO processed 192.168.36.209 items
INFO processed 192.168.9.50 items
DEBUG cache hit for key=192.168.82.31
FATAL unrecoverable disk error
FATAL kernel panic
INFO user 192.168.211.158 logged in
ERROR connection timeout 503
FATAL out of memory
WARN retry attempt 192.168.189.144 for 31775
INFO request from 192.168.215.207
WARN disk usage 192.168.189.144%
INFO request from 192.168.60.30
DEBUG cache hit for key=192.168.92.139
FATAL out of memory
WARN memory threshold reached: 192.168.178.215MB
INFO user 192.168.178.6 logged in
WARN disk usage 192.168.142.104%
ERROR connection timeout 503
WARN slow query: 192.168.211.158ms
FATAL out of memory
FATAL kernel panic
WARN slow query: 192.168.121.141ms
DEBUG variable x=192.168.229.48
WARN disk usage 192.168.178.215%
DEBUG variable x=192.168.36.209
INFO user 192.168.121.141 logged in
ERROR file not found: /tmp/192.168.107.168.log
FATAL kernel panic
FATAL out of memory
WARN retry attempt 192.168.82.31 for 70319
WARN slow query: 192.168.229.48ms
WARN slow query: 192.168.219.168ms
ERROR auth failure for user 192.168.229.48
FATAL kernel panic
INFO processed 192.168.36.209 items
WARN slow query: 192.168.215.207ms
ERROR auth failure for user 192.168.60.30
WARN retry attempt 192.168.189.144 for 51606
WARN retry attempt 192.168.82.31 for 8392
WARN disk usage 192.168.219.168%
FATAL unrecoverable disk error
INFO user 192.168.60.30 logged in
DEBUG cache hit for key=192.168.229.48
ERROR auth failure for user 192.168.189.144
FATAL unrecoverable disk error
ERROR auth failure for user 192.168.36.209
INFO connection established
WARN memory threshold reached: 192.168.82.31MB
DEBUG heap size: 192.168.121.141
INFO connection established
WARN memory threshold reached: 192.168.107.168MB
ERROR auth failure for user 192.168.57.185
WARN retry attempt 192.168.197.186 for 33784
WARN disk usage 192.168.142.104%
INFO processed 192.168.178.215 items
FATAL kernel panic
WARN retry attempt 192.168.215.207 for 1574
DEBUG cache hit for key=192.168.39.155
INFO user 192.168.36.209 logged in
WARN retry attempt 192.168.82.31 for 30121
DEBUG entering function foo
INFO request from 192.168.193.243
INFO connection established
INFO request from 192.168.189.144
ERROR connection timeout 503
ERROR file not found: /tmp/192.168.193.243.log
DEBUG variable x=192.168.39.155
ERROR auth failure for user 192.168.189.144
INFO user 192.168.219.168 logged in
DEBUG cache hit for key=192.168.60.30
INFO processed 192.168.197.186 items
INFO request from 192.168.60.30
INFO connection established
WARN retry attempt 192.168.57.185 for 50040
INFO request from 192.168.193.243
ERROR auth failure for user 192.168.39.155
INFO user 192.168.39.155 logged in
INFO processed 192.168.107.168 items
INFO connection established
ERROR auth failure for user 192.168.193.243
FATAL out of memory
DEBUG entering function foo
DEBUG heap size: 192.168.142.104
FATAL out of memory
INFO user 192.168.36.209 logged in
ERROR auth failure for user 192.168.36.209
ERROR file not found: /tmp/192.168.36.209.log
DEBUG variable x=192.168.178.6
ERROR file not found: /tmp/192.168.197.186.log
DEBUG entering function foo
DEBUG variable x=192.168.229.48
DEBUG heap size: 192.168.92.139
DEBUG heap size: 192.168.229.48
INFO processed 192.168.189.144 items
FATAL out of memory
FATAL kernel panic
ERROR null pointer in module 192.168.39.155
DEBUG variable x=192.168.178.6
FATAL unrecoverable disk error
INFO request from 192.168.39.155
ERROR auth failure for user 192.168.193.243
INFO request from 192.168.211.158
WARN slow query: 192.168.36.209ms
WARN disk usage 192.168.211.158%
DEBUG cache hit for key=192.168.92.139
INFO request from 192.168.82.31
DEBUG variable x=192.168.57.185
ERROR null pointer in module 192.168.142.104
DEBUG entering function foo
INFO processed 192.168.39.155 items
FATAL kernel panic
INFO request from 192.168.193.243
FATAL unrecoverable disk error
ERROR file not found: /tmp/192.168.215.207.log
FATAL kernel panic
FATAL kernel panic
INFO user 192.168.219.168 logged in
WARN memory threshold reached: 192.168.57.185MB
ERROR auth failure for user 192.168.141.220
DEBUG cache hit for key=192.168.36.209
INFO request from 192.168.189.144
ERROR null pointer in module 192.168.229.48
DEBUG entering function foo
FATAL kernel panic
FATAL kernel panic
ERROR null pointer in module 192.168.82.31
INFO connection established
INFO request from 192.168.215.207
ERROR file not found: /tmp/192.168.178.215.log
DEBUG variable x=192.168.189.144
DEBUG entering function foo
DEBUG entering function foo
INFO user 192.168.178.215 logged in
INFO connection established
FATAL kernel panic
FATAL segfault at address 0x192.168.178.6
INFO processed 192.168.178.215 items
INFO connection established
DEBUG entering function foo
INFO request from 192.168.9.50
FATAL segfault at address 0x192.168.60.30
WARN disk usage 192.168.142.104%
INFO connection established
INFO request from 192.168.57.185
FATAL segfault at address 0x192.168.178.6
DEBUG variable x=192.168.141.220
DEBUG entering function foo
INFO user 192.168.121.141 logged in
INFO user 192.168.57.185 logged in
WARN slow query: 192.168.142.104ms
FATAL segfault at address 0x192.168.92.139
ERROR file not found: /tmp/192.168.193.243.log
ERROR connection timeout 503
ERROR file not found: /tmp/192.168.197.186.log
INFO request from 192.168.142.104
WARN memory threshold reached: 192.168.178.215MB
FATAL kernel panic
WARN memory threshold reached: 192.168.36.209MB
INFO connection established
FATAL kernel panic
INFO connection established
ERROR connection timeout 503
DEBUG heap size: 192.168.107.168
INFO processed 192.168.178.6 items
WARN disk usage 192.168.92.139%
INFO connection established
WARN disk usage 192.168.39.155%
FATAL out of memory
FATAL unrecoverable disk error
FATAL out of memory
DEBUG heap size: 192.168.178.215
DEBUG heap size: 192.168.197.186
ERROR file not found: /tmp/192.168.189.144.log
ERROR null pointer in module 192.168.219.168
WARN memory threshold reached: 192.168.193.243MB
DEBUG variable x=192.168.9.50
FATAL kernel panic
DEBUG variable x=192.168.178.6
ERROR file not found: /tmp/192.168.219.168.log
WARN memory threshold reached: 192.168.189.144MB
INFO processed 192.168.82.31 items
DEBUG heap size: 192.168.211.158
FATAL segfault at address 0x192.168.193.243
WARN retry attempt 192.168.60.30 for 32437
INFO connection established
WARN slow query: 192.168.142.104ms
ERROR null pointer in module 192.168.211.158
DEBUG entering function foo
WARN slow query: 192.168.121.141ms
WARN retry attempt 192.168.142.104 for 35744
WARN disk usage 192.168.121.141%
ERROR file not found: /tmp/192.168.142.104.log
WARN memory threshold reached: 192.168.178.6MB
FATAL unrecoverable disk error
ERROR connection timeout 503
ERROR file not found: /tmp/192.168.211.158.log
FATAL segfault at address 0x192.168.211.158
INFO connection established
WARN retry attempt 192.168.197.186 for 84731
WARN memory threshold reached: 192.168.9.50MB
WARN retry attempt 192.168.178.6 for 29626
ERROR file not found: /tmp/192.168.219.168.log
DEBUG heap size: 192.168.9.50
FATAL unrecoverable disk error
WARN disk usage 192.168.9.50%
ERROR connection timeout 503
ERROR auth failure for user 192.168.92.139
WARN disk usage 192.168.211.158%
INFO connection established
DEBUG heap size: 192.168.36.209
ERROR file not found: /tmp/192.168.39.155.log
FATAL out of memory
ERROR null pointer in module 192.168.211.158
DEBUG heap size: 192.168.39.155
DEBUG variable x=192.168.229.48
DEBUG entering function foo
INFO request from 192.168.107.168
WARN retry attempt 192.168.60.30 for 10184
ERROR auth failure for user 192.168.178.215
WARN disk usage 192.168.107.168%
DEBUG entering function foo
INFO user 192.168.39.155 logged in
WARN memory threshold reached: 192.168.178.215MB
DEBUG cache hit for key=192.168.211.158
ERROR connection timeout 503
FATAL out of memory
INFO request from 192.168.107.168
ERROR auth failure for user 192.168.215.207
ERROR auth failure for user 192.168.178.6
WARN retry attempt 192.168.211.158 for 33191
INFO connection established
FATAL out of memory
FATAL kernel panic
DEBUG variable x=192.168.215.207
WARN slow query: 192.168.82.31ms
WARN disk usage 192.168.193.243%
WARN retry attempt 192.168.215.207 for 68523
FATAL unrecoverable disk error
DEBUG entering function foo
INFO processed 192.168.229.48 items
FATAL out of memory
DEBUG heap size: 192.168.215.207
WARN disk usage 192.168.211.158%
ERROR auth failure for user 192.168.121.141
INFO user 192.168.189.144 logged in
WARN memory threshold reached: 192.168.178.6MB
WARN memory threshold reached: 192.168.215.207MB
ERROR null pointer in module 192.168.39.155
FATAL out of memory
INFO processed 192.168.92.139 items
FATAL kernel panic
DEBUG heap size: 192.168.107.168
FATAL segfault at address 0x192.168.219.168
DEBUG cache hit for key=192.168.36.209
DEBUG heap size: 192.168.39.155
DEBUG heap size: 192.168.57.185
INFO processed 192.168.39.155 items
ERROR file not found: /tmp/192.168.141.220.log
DEBUG entering function foo
DEBUG heap size: 192.168.107.168
WARN memory threshold reached: 192.168.211.158MB
FATAL segfault at address 0x192.168.219.168
WARN disk usage 192.168.121.141%
WARN memory threshold reached: 192.168.142.104MB
WARN memory threshold reached: 192.168.57.185MB
ERROR file not found: /tmp/192.168.229.48.log
DEBUG heap size: 192.168.57.185
ERROR connection timeout 503
FATAL kernel panic
FATAL kernel panic
FATAL kernel panic
DEBUG entering function foo
WARN slow query: 192.168.178.6ms
ERROR auth failure for user 192.168.197.186
INFO processed 192.168.142.104 items
ERROR connection timeout 503
DEBUG cache hit for key=192.168.60.30
INFO user 192.168.189.144 logged in
WARN slow query: 192.168.57.185ms
DEBUG heap size: 192.168.178.215
WARN memory threshold reached: 192.168.197.186MB
INFO user 192.168.92.139 logged in
DEBUG variable x=192.168.178.215
DEBUG heap size: 192.168.178.215
INFO connection established
FATAL segfault at address 0x192.168.9.50
INFO user 192.168.107.168 logged in
INFO user 192.168.82.31 logged in
ERROR file not found: /tmp/192.168.9.50.log
WARN disk usage 192.168.215.207%
WARN memory threshold reached: 192.168.36.209MB
INFO user 192.168.215.207 logged in
WARN memory threshold reached: 192.168.36.209MB
ERROR auth failure for user 192.168.82.31
INFO user 192.168.82.31 logged in
WARN retry attempt 192.168.189.144 for 12631
WARN disk usage 192.168.211.158%
WARN disk usage 192.168.107.168%
DEBUG heap size: 192.168.219.168
WARN slow query: 192.168.121.141ms
FATAL out of memory
DEBUG variable x=192.168.121.141
INFO connection established
WARN retry attempt 192.168.211.158 for 36803
DEBUG variable x=192.168.57.185
ERROR connection timeout 503
DEBUG cache hit for key=192.168.82.31
INFO request from 192.168.107.168
ERROR connection timeout 503
FATAL kernel panic
WARN retry attempt 192.168.219.168 for 88015
DEBUG heap size: 192.168.92.139
INFO user 192.168.82.31 logged in
WARN retry attempt 192.168.39.155 for 16737
WARN disk usage 192.168.36.209%
DEBUG entering function foo
ERROR file not found: /tmp/192.168.142.104.log
FATAL out of memory
DEBUG cache hit for key=192.168.141.220
WARN retry attempt 192.168.39.155 for 11011
ERROR auth failure for user 192.168.197.186
DEBUG cache hit for key=192.168.121.141
ERROR connection timeout 503
WARN disk usage 192.168.141.220%
DEBUG variable x=192.168.229.48
FATAL unrecoverable disk error
FATAL out of memory
DEBUG entering function foo
INFO processed 192.168.57.185 items
WARN slow query: 192.168.92.139ms
ERROR file not found: /tmp/192.168.142.104.log
FATAL out of memory
ERROR auth failure for user 192.168.82.31
ERROR null pointer in module 192.168.219.168
FATAL unrecoverable disk error
FATAL kernel panic
WARN disk usage 192.168.92.139%
WARN disk usage 192.168.60.30%
ERROR connection timeout 503
ERROR file not found: /tmp/192.168.60.30.log
INFO request from 192.168.211.158
ERROR connection timeout 503
ERROR connection timeout 503
WARN memory threshold reached: 192.168.57.185MB
WARN retry attempt 192.168.9.50 for 66354
FATAL kernel panic
ERROR auth failure for user 192.168.197.186
DEBUG heap size: 192.168.36.209
ERROR auth failure for user 192.168.142.104
FATAL kernel panic
FATAL kernel panic
INFO request from 192.168.142.104
WARN disk usage 192.168.211.158%
INFO connection established
DEBUG entering function foo
INFO connection established
FATAL kernel panic
ERROR null pointer in module 192.168.107.168
FATAL kernel panic
FATAL unrecoverable disk error
INFO connection established
DEBUG heap size: 192.168.178.6
DEBUG entering function foo
ERROR file not found: /tmp/192.168.193.243.log
INFO user 192.168.121.141 logged in
WARN slow query: 192.168.178.215ms
FATAL segfault at address 0x192.168.9.50
DEBUG cache hit for key=192.168.39.155
WARN memory threshold reached: 192.168.82.31MB
DEBUG heap size: 192.168.121.141
ERROR auth failure for user 192.168.197.186
WARN memory threshold reached: 192.168.178.6MB
ERROR null pointer in module 192.168.36.209
INFO request from 192.168.57.185
INFO processed 192.168.121.141 items
INFO user 192.168.142.104 logged in
WARN slow query: 192.168.219.168ms
DEBUG cache hit for key=192.168.141.220
WARN slow query: 192.168.57.185ms
DEBUG entering function foo
DEBUG heap size: 192.168.107.168
ERROR auth failure for user 192.168.178.6
ERROR connection timeout 503
DEBUG variable x=192.168.197.186
ERROR file not found: /tmp/192.168.193.243.log
INFO processed 192.168.57.185 items
WARN disk usage 192.168.142.104%
DEBUG variable x=192.168.57.185
INFO connection established
INFO user 192.168.142.104 logged in
DEBUG cache hit for key=192.168.178.6
ERROR connection timeout 503
FATAL unrecoverable disk error
WARN slow query: 192.168.189.144ms
DEBUG heap size: 192.168.189.144
INFO processed 192.168.121.141 items
ERROR connection timeout 503
WARN slow query: 192.168.57.185ms
DEBUG heap size: 192.168.178.6
ERROR null pointer in module 192.168.189.144
DEBUG entering function foo
FATAL kernel panic
ERROR auth failure for user 192.168.142.104
ERROR connection timeout 503
INFO user 192.168.9.50 logged in
DEBUG variable x=192.168.178.6
ERROR auth failure for user 192.168.141.220
INFO request from 192.168.178.6
ERROR file not found: /tmp/192.168.215.207.log
INFO connection established
DEBUG variable x=192.168.178.6
ERROR auth failure for user 192.168.178.215
DEBUG heap size: 192.168.178.6
WARN slow query: 192.168.189.144ms
FATAL out of memory
FATAL out of memory
FATAL unrecoverable disk error
DEBUG entering function foo
INFO processed 192.168.141.220 items
ERROR auth failure for user 192.168.211.158
ERROR null pointer in module 192.168.193.243
FATAL kernel panic
INFO request from 192.168.178.6
FATAL unrecoverable disk error
WARN disk usage 192.168.178.215%
ERROR file not found: /tmp/192.168.211.158.log
DEBUG variable x=192.168.9.50
FATAL segfault at address 0x192.168.92.139
FATAL out of memory
FATAL segfault at address 0x192.168.178.6
WARN retry attempt 192.168.121.141 for 49947
FATAL kernel panic
INFO user 192.168.39.155 logged in
WARN retry attempt 192.168.107.168 for 28251
DEBUG entering function foo
INFO user 192.168.197.186 logged in
FATAL out of memory
DEBUG cache hit for key=192.168.197.186
INFO request from 192.168.92.139
INFO connection established
DEBUG heap size: 192.168.197.186
ERROR file not found: /tmp/192.168.193.243.log
WARN disk usage 192.168.121.141%
ERROR file not found: /tmp/192.168.178.6.log
DEBUG entering function foo
INFO user 192.168.178.6 logged in
INFO request from 192.168.178.215
ERROR null pointer in module 192.168.178.215
WARN memory threshold reached: 192.168.36.209MB
DEBUG heap size: 192.168.178.215
FATAL kernel panic
ERROR connection timeout 503
FATAL kernel panic
FATAL segfault at address 0x192.168.215.207
FATAL out of memory
ERROR file not found: /tmp/192.168.142.104.log
WARN retry attempt 192.168.57.185 for 4198
INFO user 192.168.9.50 logged in
ERROR null pointer in module 192.168.141.220
WARN disk usage 192.168.107.168%
FATAL segfault at address 0x192.168.141.220
WARN slow query: 192.168.219.168ms
ERROR auth failure for user 192.168.82.31
ERROR null pointer in module 192.168.211.158
INFO user 192.168.197.186 logged in
WARN memory threshold reached: 192.168.193.243MB
INFO processed 192.168.107.168 items
FATAL kernel panic
FATAL kernel panic
ERROR null pointer in module 192.168.141.220
FATAL segfault at address 0x192.168.178.215
INFO user 192.168.229.48 logged in
WARN memory threshold reached: 192.168.193.243MB
WARN slow query: 192.168.36.209ms
ERROR null pointer in module 192.168.142.104
ERROR auth failure for user 192.168.142.104
FATAL kernel panic
INFO request from 192.168.60.30
ERROR null pointer in module 192.168.178.6
ERROR null pointer in module 192.168.219.168
DEBUG cache hit for key=192.168.9.50
INFO request from 192.168.39.155
WARN memory threshold reached: 192.168.142.104MB
FATAL kernel panic
ERROR null pointer in module 192.168.92.139
DEBUG variable x=192.168.229.48
INFO request from 192.168.57.185
INFO processed 192.168.142.104 items
INFO user 192.168.142.104 logged in
WARN slow query: 192.168.82.31ms
INFO user 192.168.36.209 logged in
WARN disk usage 192.168.229.48%
DEBUG variable x=192.168.82.31
DEBUG heap size: 192.168.178.215
ERROR null pointer in module 192.168.39.155
FATAL segfault at address 0x192.168.197.186
ERROR file not found: /tmp/192.168.82.31.log
DEBUG cache hit for key=192.168.60.30
DEBUG entering function foo
ERROR auth failure for user 192.168.121.141
DEBUG heap size: 192.168.219.168
ERROR connection timeout 503
ERROR null pointer in module 192.168.178.6
WARN slow query: 192.168.82.31ms
FATAL out of memory
INFO connection established
DEBUG heap size: 192.168.215.207
WARN memory threshold reached: 192.168.219.168MB
FATAL kernel panic
INFO request from 192.168.107.168
WARN disk usage 192.168.229.48%
ERROR connection timeout 503
ERROR connection timeout 503
INFO processed 192.168.60.30 items
FATAL out of memory
ERROR auth failure for user 192.168.193.243
INFO processed 192.168.215.207 items
WARN disk usage 192.168.36.209%
DEBUG variable x=192.168.193.243
INFO connection established
FATAL kernel panic
FATAL segfault at address 0x192.168.121.141
ERROR null pointer in module 192.168.178.6
FATAL out of memory
FATAL segfault at address 0x192.168.39.155
INFO user 192.168.178.6 logged in
ERROR null pointer in module 192.168.229.48
INFO connection established
DEBUG heap size: 192.168.215.207
DEBUG heap size: 192.168.219.168
DEBUG entering function foo
ERROR null pointer in module 192.168.197.186
DEBUG cache hit for key=192.168.39.155
ERROR connection timeout 503
FATAL unrecoverable disk error
ERROR file not found: /tmp/192.168.92.139.log
FATAL kernel panic
INFO user 192.168.211.158 logged in
FATAL kernel panic
ERROR file not found: /tmp/192.168.193.243.log
INFO request from 192.168.229.48
ERROR auth failure for user 192.168.189.144
INFO request from 192.168.193.243
DEBUG cache hit for key=192.168.141.220
DEBUG entering function foo
WARN disk usage 192.168.211.158%
FATAL segfault at address 0x192.168.142.104
INFO user 192.168.215.207 logged in
DEBUG entering function foo
FATAL out of memory
DEBUG variable x=192.168.142.104
FATAL kernel panic
FATAL unrecoverable disk error
DEBUG heap size: 192.168.219.168
DEBUG heap size: 192.168.219.168
INFO connection established
FATAL out of memory
FATAL kernel panic
FATAL kernel panic
FATAL kernel panic
INFO processed 192.168.36.209 items
INFO processed 192.168.39.155 items
INFO connection established
INFO processed 192.168.121.141 items
FATAL kernel panic
WARN slow query: 192.168.189.144ms
DEBUG cache hit for key=192.168.36.209
ERROR connection timeout 503
INFO user 192.168.141.220 logged in
ERROR null pointer in module 192.168.36.209
FATAL kernel panic
INFO user 192.168.142.104 logged in
ERROR file not found: /tmp/192.168.215.207.log
FATAL kernel panic
INFO user 192.168.57.185 logged in
INFO connection established
FATAL unrecoverable disk error
FATAL unrecoverable disk error
DEBUG entering function foo
DEBUG variable x=192.168.189.144
INFO connection established
DEBUG variable x=192.168.229.48
ERROR null pointer in module 192.168.197.186
WARN memory threshold reached: 192.168.219.168MB
ERROR null pointer in module 192.168.211.158
INFO user 192.168.36.209 logged in
INFO connection established
ERROR auth failure for user 192.168.39.155
FATAL unrecoverable disk error
DEBUG heap size: 192.168.9.50
DEBUG entering function foo
ERROR null pointer in module 192.168.92.139
WARN memory threshold reached: 192.168.141.220MB
INFO processed 192.168.197.186 items
WARN retry attempt 192.168.92.139 for 19825
ERROR auth failure for user 192.168.82.31
WARN disk usage 192.168.9.50%
DEBUG cache hit for key=192.168.178.6
ERROR connection timeout 503
INFO processed 192.168.215.207 items
INFO connection established
WARN disk usage 192.168.178.6%
ERROR auth failure for user 192.168.121.141
WARN slow query: 192.168.57.185ms
WARN memory threshold reached: 192.168.193.243MB
FATAL segfault at address 0x192.168.215.207
DEBUG entering function foo
INFO connection established
WARN disk usage 192.168.197.186%
DEBUG heap size: 192.168.57.185
INFO connection established
INFO user 192.168.9.50 logged in
FATAL out of memory
INFO user 192.168.215.207 logged in
INFO processed 192.168.142.104 items
WARN retry attempt 192.168.193.243 for 61641
DEBUG variable x=192.168.39.155
ERROR file not found: /tmp/192.168.141.220.log
FATAL kernel panic
WARN slow query: 192.168.141.220ms
WARN disk usage 192.168.197.186%
INFO processed 192.168.178.215 items
DEBUG variable x=192.168.92.139
DEBUG variable x=192.168.229.48
DEBUG variable x=192.168.229.48
DEBUG variable x=192.168.39.155
ERROR auth failure for user 192.168.211.158
FATAL out of memory
WARN disk usage 192.168.107.168%
INFO connection established
DEBUG entering function foo
FATAL segfault at address 0x192.168.193.243
DEBUG entering function foo
DEBUG entering function foo
FATAL unrecoverable disk error
FATAL unrecoverable disk error
WARN retry attempt 192.168.219.168 for 73615
ERROR null pointer in module 192.168.82.31
INFO request from 192.168.229.48
WARN slow query: 192.168.107.168ms
DEBUG variable x=192.168.107.168
ERROR auth failure for user 192.168.193.243
WARN disk usage 192.168.142.104%
ERROR null pointer in module 192.168.193.243
INFO connection established
DEBUG variable x=192.168.178.6
ERROR file not found: /tmp/192.168.60.30.log
INFO request from 192.168.211.158
WARN disk usage 192.168.193.243%
ERROR connection timeout 503
INFO processed 192.168.197.186 items
DEBUG entering function foo
ERROR null pointer in module 192.168.197.186
WARN retry attempt 192.168.178.215 for 64456
ERROR null pointer in module 192.168.189.144
INFO connection established
FATAL unrecoverable disk error
INFO connection established
FATAL out of memory
DEBUG entering function foo
INFO processed 192.168.107.168 items
WARN memory threshold reached: 192.168.211.158MB
DEBUG entering function foo
INFO connection established
INFO request from 192.168.197.186
FATAL out of memory
FATAL unrecoverable disk error
FATAL kernel panic
WARN retry attempt 192.168.121.141 for 85923
INFO user 192.168.107.168 logged in
INFO user 192.168.229.48 logged in
FATAL unrecoverable disk error
DEBUG variable x=192.168.193.243
INFO processed 192.168.107.168 items
WARN retry attempt 192.168.229.48 for 68419
WARN memory threshold reached: 192.168.57.185MB
WARN slow query: 192.168.57.185ms
INFO connection established
DEBUG cache hit for key=192.168.219.168
DEBUG variable x=192.168.219.168
INFO processed 192.168.57.185 items
DEBUG variable x=192.168.121.141
DEBUG heap size: 192.168.9.50
INFO processed 192.168.215.207 items
WARN slow query: 192.168.39.155ms
INFO connection established
ERROR null pointer in module 192.168.178.215
DEBUG entering function foo
INFO request from 192.168.9.50
INFO connection established
INFO user 192.168.215.207 logged in
WARN memory threshold reached: 192.168.36.209MB
ERROR file not found: /tmp/192.168.9.50.log
DEBUG entering function foo
INFO request from 192.168.142.104
ERROR auth failure for user 192.168.229.48
INFO connection established
ERROR null pointer in module 192.168.219.168
ERROR file not found: /tmp/192.168.178.6.log
INFO connection established
WARN slow query: 192.168.92.139ms
ERROR file not found: /tmp/192.168.142.104.log
FATAL segfault at address 0x192.168.92.139
FATAL out of memory
FATAL kernel panic
DEBUG heap size: 192.168.92.139
WARN disk usage 192.168.219.168%
ERROR null pointer in module 192.168.141.220
ERROR auth failure for user 192.168.57.185
FATAL segfault at address 0x192.168.189.144
DEBUG heap size: 192.168.178.6
FATAL out of memory
WARN slow query: 192.168.9.50ms
INFO user 192.168.9.50 logged in
INFO connection established
INFO user 192.168.142.104 logged in
ERROR connection timeout 503
WARN slow query: 192.168.141.220ms
FATAL segfault at address 0x192.168.121.141
ERROR null pointer in module 192.168.178.215
DEBUG entering function foo
WARN slow query: 192.168.121.141ms
DEBUG cache hit for key=192.168.229.48
WARN slow query: 192.168.36.209ms
WARN disk usage 192.168.9.50%
ERROR file not found: /tmp/192.168.178.6.log
WARN retry attempt 192.168.92.139 for 30185
FATAL kernel panic
FATAL unrecoverable disk error
INFO request from 192.168.121.141
DEBUG cache hit for key=192.168.215.207
DEBUG heap size: 192.168.121.141
ERROR null pointer in module 192.168.57.185
WARN disk usage 192.168.9.50%
DEBUG entering function foo
FATAL unrecoverable disk error
FATAL kernel panic
DEBUG variable x=192.168.39.155
INFO connection established
FATAL out of memory
WARN memory threshold reached: 192.168.229.48MB
ERROR null pointer in module 192.168.219.168
WARN retry attempt 192.168.60.30 for 27545
ERROR connection timeout 503
FATAL kernel panic
ERROR null pointer in module 192.168.9.50
WARN disk usage 192.168.142.104%
WARN slow query: 192.168.193.243ms
WARN retry attempt 192.168.142.104 for 10055
DEBUG variable x=192.168.193.243
FATAL segfault at address 0x192.168.142.104
WARN retry attempt 192.168.142.104 for 54369
INFO connection established
ERROR connection timeout 503
DEBUG variable x=192.168.215.207
ERROR file not found: /tmp/192.168.141.220.log
WARN slow query: 192.168.189.144ms
DEBUG heap size: 192.168.107.168
FATAL kernel panic
INFO request from 192.168.36.209
WARN retry attempt 192.168.142.104 for 89355
WARN slow query: 192.168.178.6ms
ERROR auth failure for user 192.168.9.50
WARN memory threshold reached: 192.168.197.186MB
FATAL unrecoverable disk error
DEBUG heap size: 192.168.193.243
INFO connection established
FATAL kernel panic
INFO processed 192.168.178.6 items
WARN slow query: 192.168.193.243ms
DEBUG heap size: 192.168.141.220
INFO connection established
INFO connection established
FATAL unrecoverable disk error
WARN retry attempt 192.168.9.50 for 49891
INFO processed 192.168.9.50 items
FATAL unrecoverable disk error
WARN memory threshold reached: 192.168.142.104MB
WARN memory threshold reached: 192.168.219.168MB
WARN disk usage 192.168.92.139%
WARN disk usage 192.168.215.207%
FATAL segfault at address 0x192.168.219.168
ERROR auth failure for user 192.168.219.168
FATAL kernel panic
FATAL kernel panic
FATAL unrecoverable disk error
ERROR auth failure for user 192.168.57.185
WARN memory threshold reached: 192.168.211.158MB
WARN memory threshold reached: 192.168.229.48MB
FATAL segfault at address 0x192.168.141.220
ERROR auth failure for user 192.168.178.215
FATAL out of memory
DEBUG entering function foo
WARN retry attempt 192.168.39.155 for 2690
INFO user 192.168.92.139 logged in
FATAL unrecoverable disk error
INFO processed 192.168.178.215 items
FATAL unrecoverable disk error
FATAL unrecoverable disk error
WARN retry attempt 192.168.82.31 for 34715
WARN slow query: 192.168.219.168ms
FATAL unrecoverable disk error
INFO request from 192.168.178.6
DEBUG heap size: 192.168.229.48
DEBUG variable x=192.168.189.144
INFO connection established
FATAL unrecoverable disk error
FATAL out of memory
WARN slow query: 192.168.219.168ms
DEBUG heap size: 192.168.193.243
WARN slow query: 192.168.189.144ms
INFO connection established
DEBUG cache hit for key=192.168.189.144
ERROR null pointer in module 192.168.141.220
ERROR file not found: /tmp/192.168.142.104.log
ERROR null pointer in module 192.168.9.50
WARN slow query: 192.168.121.141ms
ERROR null pointer in module 192.168.211.158
FATAL kernel panic
FATAL out of memory
FATAL unrecoverable disk error
INFO user 192.168.36.209 logged in
INFO processed 192.168.219.168 items
DEBUG entering function foo
WARN retry attempt 192.168.107.168 for 34288
ERROR file not found: /tmp/192.168.197.186.log
WARN memory threshold reached: 192.168.215.207MB
ERROR auth failure for user 192.168.178.6
DEBUG heap size: 192.168.121.141
INFO processed 192.168.142.104 items
FATAL out of memory
DEBUG entering function foo
WARN slow query: 192.168.178.6ms
WARN retry attempt 192.168.39.155 for 14755
DEBUG heap size: 192.168.82.31
INFO connection established
WARN retry attempt 192.168.121.141 for 6720
ERROR auth failure for user 192.168.142.104
WARN retry attempt 192.168.39.155 for 999
INFO processed 192.168.92.139 items
INFO connection established
ERROR null pointer in module 192.168.36.209
FATAL unrecoverable disk error
FATAL out of memory
DEBUG cache hit for key=192.168.9.50
ERROR file not found: /tmp/192.168.178.6.log
ERROR file not found: /tmp/192.168.178.6.log
INFO processed 192.168.215.207 items
FATAL segfault at address 0x192.168.92.139
INFO request from 192.168.215.207
FATAL kernel panic
INFO processed 192.168.121.141 items
WARN disk usage 192.168.215.207%
DEBUG cache hit for key=192.168.9.50
WARN disk usage 192.168.92.139%
WARN slow query: 192.168.178.6ms
ERROR auth failure for user 192.168.57.185
FATAL unrecoverable disk error
FATAL out of memory
ERROR auth failure for user 192.168.197.186
INFO request from 192.168.121.141
FATAL out of memory
FATAL kernel panic
INFO request from 192.168.211.158
ERROR null pointer in module 192.168.142.104
WARN slow query: 192.168.142.104ms
FATAL segfault at address 0x192.168.36.209
FATAL out of memory
DEBUG variable x=192.168.211.158
ERROR auth failure for user 192.168.36.209
WARN disk usage 192.168.9.50%
INFO connection established
ERROR file not found: /tmp/192.168.193.243.log
WARN retry attempt 192.168.178.6 for 46319
INFO connection established
FATAL kernel panic
WARN memory threshold reached: 192.168.36.209MB
WARN retry attempt 192.168.178.6 for 22092
ERROR null pointer in module 192.168.193.243
INFO request from 192.168.178.6
INFO processed 192.168.57.185 items
FATAL kernel panic
DEBUG cache hit for key=192.168.60.30
INFO processed 192.168.215.207 items
FATAL out of memory
INFO user 192.168.142.104 logged in
ERROR null pointer in module 192.168.9.50
WARN retry attempt 192.168.60.30 for 63296
FATAL out of memory
ERROR connection timeout 503
DEBUG variable x=192.168.57.185
ERROR auth failure for user 192.168.57.185
ERROR null pointer in module 192.168.229.48
WARN slow query: 192.168.92.139ms
INFO request from 192.168.211.158
WARN retry attempt 192.168.193.243 for 51430
WARN retry attempt 192.168.36.209 for 6849
DEBUG entering function foo
DEBUG cache hit for key=192.168.219.168
INFO processed 192.168.121.141 items
FATAL segfault at address 0x192.168.60.30
DEBUG heap size: 192.168.121.141
ERROR null pointer in module 192.168.219.168
FATAL out of memory
ERROR file not found: /tmp/192.168.211.158.log
FATAL unrecoverable disk error
DEBUG entering function foo
ERROR file not found: /tmp/192.168.39.155.log
WARN memory threshold reached: 192.168.82.31MB
INFO processed 192.168.9.50 items
INFO connection established
INFO connection established
WARN retry attempt 192.168.189.144 for 89537
DEBUG variable x=192.168.211.158
FATAL kernel panic
ERROR file not found: /tmp/192.168.82.31.log
INFO request from 192.168.36.209
FATAL out of memory
INFO connection established
WARN retry attempt 192.168.92.139 for 45493
INFO request from 192.168.219.168
ERROR auth failure for user 192.168.189.144
WARN slow query: 192.168.219.168ms
DEBUG entering function foo
INFO user 192.168.215.207 logged in
WARN disk usage 192.168.39.155%
WARN retry attempt 192.168.178.215 for 99389
INFO processed 192.168.189.144 items
FATAL out of memory
FATAL unrecoverable disk error
INFO connection established
FATAL unrecoverable disk error
INFO processed 192.168.178.6 items
WARN disk usage 192.168.178.6%
DEBUG entering function foo
WARN retry attempt 192.168.141.220 for 99977
ERROR file not found: /tmp/192.168.215.207.log
FATAL out of memory
INFO processed 192.168.211.158 items
WARN memory threshold reached: 192.168.141.220MB
INFO processed 192.168.178.6 items
FATAL out of memory
WARN slow query: 192.168.229.48ms
DEBUG variable x=192.168.82.31
INFO user 192.168.39.155 logged in
ERROR auth failure for user 192.168.121.141
WARN slow query: 192.168.39.155ms
INFO connection established
ERROR null pointer in module 192.168.142.104
WARN slow query: 192.168.219.168ms
WARN retry attempt 192.168.141.220 for 38608
INFO user 192.168.57.185 logged in
ERROR file not found: /tmp/192.168.60.30.log
ERROR null pointer in module 192.168.189.144
INFO user 192.168.142.104 logged in
ERROR file not found: /tmp/192.168.107.168.log
WARN memory threshold reached: 192.168.219.168MB
DEBUG variable x=192.168.215.207
ERROR connection timeout 503
FATAL out of memory
FATAL kernel panic
ERROR auth failure for user 192.168.92.139
ERROR file not found: /tmp/192.168.215.207.log
DEBUG variable x=192.168.121.141
INFO user 192.168.57.185 logged in
DEBUG cache hit for key=192.168.141.220
DEBUG cache hit for key=192.168.82.31
INFO processed 192.168.107.168 items
DEBUG entering function foo
DEBUG heap size: 192.168.189.144
WARN retry attempt 192.168.142.104 for 17220
FATAL unrecoverable disk error
INFO connection established
ERROR connection timeout 503
DEBUG cache hit for key=192.168.229.48
INFO connection established
WARN memory threshold reached: 192.168.197.186MB
WARN slow query: 192.168.193.243ms
ERROR file not found: /tmp/192.168.178.215.log
INFO processed 192.168.141.220 items
INFO user 192.168.107.168 logged in
INFO user 192.168.211.158 logged in
ERROR connection timeout 503
INFO connection established
WARN slow query: 192.168.189.144ms
WARN disk usage 192.168.215.207%
INFO user 192.168.219.168 logged in
ERROR file not found: /tmp/192.168.36.209.log
WARN slow query: 192.168.82.31ms
WARN memory threshold reached: 192.168.211.158MB
DEBUG variable x=192.168.219.168
DEBUG variable x=192.168.197.186
INFO request from 192.168.92.139
FATAL unrecoverable disk error
ERROR connection timeout 503
WARN slow query: 192.168.141.220ms
ERROR connection timeout 503
ERROR null pointer in module 192.168.57.185
FATAL kernel panic
FATAL kernel panic
ERROR null pointer in module 192.168.60.30
DEBUG heap size: 192.168.197.186
INFO connection established
DEBUG heap size: 192.168.178.215
INFO connection established
ERROR file not found: /tmp/192.168.57.185.log
INFO user 192.168.178.6 logged in
DEBUG variable x=192.168.215.207
DEBUG entering function foo
DEBUG cache hit for key=192.168.60.30
WARN memory threshold reached: 192.168.92.139MB
INFO request from 192.168.178.215
ERROR null pointer in module 192.168.82.31
WARN memory threshold reached: 192.168.211.158MB
ERROR file not found: /tmp/192.168.197.186.log
WARN memory threshold reached: 192.168.189.144MB
DEBUG cache hit for key=192.168.178.6
WARN retry attempt 192.168.215.207 for 56886
INFO user 192.168.92.139 logged in
DEBUG entering function foo
WARN disk usage 192.168.211.158%
DEBUG variable x=192.168.60.30
FATAL segfault at address 0x192.168.142.104
ERROR null pointer in module 192.168.189.144
FATAL out of memory
INFO processed 192.168.197.186 items
WARN disk usage 192.168.215.207%
INFO user 192.168.141.220 logged in
DEBUG cache hit for key=192.168.215.207
WARN retry attempt 192.168.57.185 for 78589
ERROR auth failure for user 192.168.189.144
WARN memory threshold reached: 192.168.197.186MB
INFO user 192.168.39.155 logged in
ERROR auth failure for user 192.168.142.104
ERROR auth failure for user 192.168.107.168
INFO user 192.168.193.243 logged in
ERROR connection timeout 503
FATAL out of memory
WARN memory threshold reached: 192.168.142.104MB
ERROR null pointer in module 192.168.39.155
ERROR auth failure for user 192.168.142.104
ERROR null pointer in module 192.168.36.209
FATAL kernel panic
WARN disk usage 192.168.92.139%
WARN retry attempt 192.168.193.243 for 29776
ERROR auth failure for user 192.168.197.186
DEBUG variable x=192.168.82.31
FATAL kernel panic
INFO request from 192.168.219.168
ERROR null pointer in module 192.168.189.144
FATAL out of memory
WARN memory threshold reached: 192.168.36.209MB
FATAL unrecoverable disk error
INFO user 192.168.193.243 logged in
DEBUG heap size: 192.168.142.104
INFO user 192.168.82.31 logged in
ERROR null pointer in module 192.168.60.30
ERROR auth failure for user 192.168.215.207
INFO request from 192.168.189.144
FATAL out of memory
DEBUG variable x=192.168.189.144
FATAL out of memory
INFO request from 192.168.9.50
WARN slow query: 192.168.36.209ms
WARN memory threshold reached: 192.168.178.215MB
DEBUG cache hit for key=192.168.92.139
DEBUG entering function foo
ERROR auth failure for user 192.168.60.30
WARN retry attempt 192.168.219.168 for 17102
INFO processed 192.168.9.50 items
WARN memory threshold reached: 192.168.178.6MB
DEBUG heap size: 192.168.229.48
FATAL unrecoverable disk error
DEBUG entering function foo
ERROR connection timeout 503
WARN retry attempt 192.168.82.31 for 26085
FATAL kernel panic
INFO processed 192.168.121.141 items
ERROR null pointer in module 192.168.189.144
ERROR null pointer in module 192.168.219.168
WARN disk usage 192.168.189.144%
WARN slow query: 192.168.211.158ms
FATAL kernel panic
WARN slow query: 192.168.82.31ms
ERROR connection timeout 503
DEBUG entering function foo
INFO request from 192.168.178.6
DEBUG cache hit for key=192.168.219.168
DEBUG cache hit for key=192.168.193.243
INFO request from 192.168.178.6
INFO user 192.168.141.220 logged in
ERROR file not found: /tmp/192.168.219.168.log
ERROR null pointer in module 192.168.211.158
WARN retry attempt 192.168.36.209 for 8029
FATAL kernel panic
WARN retry attempt 192.168.60.30 for 57599
DEBUG heap size: 192.168.141.220
FATAL out of memory
INFO request from 192.168.107.168
DEBUG variable x=192.168.189.144
ERROR file not found: /tmp/192.168.178.215.log
ERROR connection timeout 503
WARN memory threshold reached: 192.168.215.207MB
FATAL unrecoverable disk error
ERROR file not found: /tmp/192.168.92.139.log
FATAL unrecoverable disk error
DEBUG entering function foo
WARN slow query: 192.168.229.48ms
WARN slow query: 192.168.60.30ms
DEBUG heap size: 192.168.39.155
INFO user 192.168.141.220 logged in
INFO processed 192.168.178.6 items
ERROR connection timeout 503
FATAL unrecoverable disk error
FATAL kernel panic
FATAL unrecoverable disk error
ERROR file not found: /tmp/192.168.82.31.log
WARN retry attempt 192.168.193.243 for 74798
INFO user 192.168.141.220 logged in
WARN slow query: 192.168.107.168ms
FATAL out of memory
WARN memory threshold reached: 192.168.57.185MB
ERROR connection timeout 503
ERROR file not found: /tmp/192.168.57.185.log
INFO user 192.168.193.243 logged in
DEBUG entering function foo
ERROR file not found: /tmp/192.168.92.139.log
WARN memory threshold reached: 192.168.141.220MB
DEBUG cache hit for key=192.168.193.243
FATAL unrecoverable disk error
INFO request from 192.168.219.168
DEBUG entering function foo
WARN disk usage 192.168.9.50%
WARN disk usage 192.168.211.158%
FATAL segfault at address 0x192.168.189.144
WARN retry attempt 192.168.197.186 for 73123
INFO request from 192.168.141.220
ERROR connection timeout 503
WARN disk usage 192.168.36.209%
DEBUG entering function foo
WARN disk usage 192.168.219.168%
ERROR null pointer in module 192.168.57.185
FATAL out of memory
DEBUG heap size: 192.168.92.139
WARN memory threshold reached: 192.168.141.220MB
DEBUG heap size: 192.168.107.168
ERROR auth failure for user 192.168.60.30
WARN memory threshold reached: 192.168.211.158MB
ERROR auth failure for user 192.168.178.215
ERROR auth failure for user 192.168.215.207
INFO user 192.168.9.50 logged in
DEBUG variable x=192.168.219.168
FATAL segfault at address 0x192.168.57.185
ERROR null pointer in module 192.168.39.155
FATAL kernel panic
WARN memory threshold reached: 192.168.57.185MB
INFO user 192.168.197.186 logged in
WARN slow query: 192.168.107.168ms
DEBUG variable x=192.168.39.155
INFO processed 192.168.211.158 items
INFO user 192.168.121.141 logged in
DEBUG variable x=192.168.60.30
WARN disk usage 192.168.219.168%
WARN memory threshold reached: 192.168.39.155MB
INFO user 192.168.107.168 logged in
DEBUG heap size: 192.168.219.168
INFO connection established
ERROR connection timeout 503
FATAL kernel panic
ERROR connection timeout 503
FATAL unrecoverable disk error
WARN slow query: 192.168.215.207ms
FATAL kernel panic
DEBUG entering function foo
ERROR file not found: /tmp/192.168.219.168.log
DEBUG entering function foo
DEBUG entering function foo
FATAL out of memory
FATAL kernel panic
ERROR null pointer in module 192.168.178.215
DEBUG heap size: 192.168.197.186
FATAL out of memory
DEBUG variable x=192.168.57.185
INFO processed 192.168.215.207 items
INFO connection established
ERROR connection timeout 503
ERROR connection timeout 503
INFO processed 192.168.82.31 items
INFO connection established
ERROR file not found: /tmp/192.168.229.48.log
INFO user 192.168.57.185 logged in
FATAL kernel panic
INFO connection established
DEBUG cache hit for key=192.168.60.30
WARN slow query: 192.168.92.139ms
WARN slow query: 192.168.178.6ms
FATAL segfault at address 0x192.168.189.144
ERROR file not found: /tmp/192.168.36.209.log
FATAL kernel panic
DEBUG cache hit for key=192.168.57.185
ERROR null pointer in module 192.168.9.50
FATAL out of memory
FATAL kernel panic
DEBUG cache hit for key=192.168.39.155
INFO connection established
WARN slow query: 192.168.189.144ms
FATAL segfault at address 0x192.168.36.209
ERROR file not found: /tmp/192.168.141.220.log
DEBUG heap size: 192.168.39.155
INFO user 192.168.178.215 logged in
ERROR file not found: /tmp/192.168.193.243.log
FATAL unrecoverable disk error
INFO processed 192.168.219.168 items
FATAL segfault at address 0x192.168.142.104
ERROR null pointer in module 192.168.219.168
DEBUG variable x=192.168.92.139
FATAL segfault at address 0x192.168.193.243
WARN disk usage 192.168.57.185%
ERROR null pointer in module 192.168.9.50
DEBUG cache hit for key=192.168.9.50
DEBUG cache hit for key=192.168.92.139
INFO user 192.168.229.48 logged in
INFO user 192.168.141.220 logged in
ERROR connection timeout 503
ERROR auth failure for user 192.168.121.141
INFO request from 192.168.82.31
INFO request from 192.168.211.158
DEBUG entering function foo
DEBUG entering function foo
FATAL kernel panic
INFO processed 192.168.141.220 items
FATAL kernel panic
DEBUG variable x=192.168.36.209
INFO connection established
WARN disk usage 192.168.197.186%
DEBUG variable x=192.168.57.185
DEBUG variable x=192.168.92.139
INFO processed 192.168.178.6 items
INFO user 192.168.189.144 logged in
WARN memory threshold reached: 192.168.36.209MB
ERROR file not found: /tmp/192.168.197.186.log
FATAL segfault at address 0x192.168.121.141
DEBUG variable x=192.168.36.209
DEBUG entering function foo
DEBUG heap size: 192.168.215.207
WARN memory threshold reached: 192.168.9.50MB
ERROR auth failure for user 192.168.229.48
WARN memory threshold reached: 192.168.197.186MB
ERROR file not found: /tmp/192.168.193.243.log
INFO user 192.168.142.104 logged in
ERROR null pointer in module 192.168.178.6
ERROR auth failure for user 192.168.229.48
FATAL kernel panic
INFO processed 192.168.197.186 items
INFO connection established
DEBUG heap size: 192.168.193.243
FATAL kernel panic
WARN memory threshold reached: 192.168.9.50MB
DEBUG variable x=192.168.36.209
INFO user 192.168.92.139 logged in
DEBUG variable x=192.168.39.155
FATAL out of memory
ERROR file not found: /tmp/192.168.9.50.log
DEBUG heap size: 192.168.219.168
INFO request from 192.168.197.186
WARN retry attempt 192.168.142.104 for 4497
DEBUG cache hit for key=192.168.92.139
INFO connection established
ERROR auth failure for user 192.168.121.141
WARN retry attempt 192.168.39.155 for 42501
WARN memory threshold reached: 192.168.189.144MB
DEBUG heap size: 192.168.219.168
INFO processed 192.168.219.168 items
DEBUG heap size: 192.168.178.6
FATAL kernel panic
INFO processed 192.168.57.185 items
DEBUG entering function foo
FATAL out of memory
WARN memory threshold reached: 192.168.189.144MB
ERROR connection timeout 503
WARN memory threshold reached: 192.168.229.48MB
WARN disk usage 192.168.9.50%
ERROR connection timeout 503
DEBUG heap size: 192.168.197.186
INFO processed 192.168.215.207 items
ERROR null pointer in module 192.168.141.220
DEBUG variable x=192.168.141.220
DEBUG entering function foo
FATAL kernel panic
ERROR null pointer in module 192.168.211.158
ERROR file not found: /tmp/192.168.92.139.log
DEBUG entering function foo
FATAL kernel panic
WARN memory threshold reached: 192.168.178.6MB
WARN memory threshold reached: 192.168.178.6MB
FATAL kernel panic
DEBUG entering function foo
WARN retry attempt 192.168.57.185 for 37577
DEBUG cache hit for key=192.168.197.186
DEBUG heap size: 192.168.229.48
WARN disk usage 192.168.215.207%
ERROR null pointer in module 192.168.82.31
ERROR auth failure for user 192.168.92.139
ERROR auth failure for user 192.168.9.50
WARN disk usage 192.168.189.144%
INFO user 192.168.141.220 logged in
FATAL unrecoverable disk error
WARN memory threshold reached: 192.168.142.104MB
DEBUG variable x=192.168.107.168
ERROR auth failure for user 192.168.189.144
DEBUG variable x=192.168.178.6
ERROR auth failure for user 192.168.141.220
DEBUG heap size: 192.168.211.158
FATAL unrecoverable disk error
WARN disk usage 192.168.189.144%
INFO request from 192.168.107.168
DEBUG cache hit for key=192.168.215.207
ERROR auth failure for user 192.168.107.168
FATAL unrecoverable disk error
WARN disk usage 192.168.92.139%
INFO connection established
INFO connection established
ERROR connection timeout 503
WARN disk usage 192.168.142.104%
WARN memory threshold reached: 192.168.215.207MB
WARN retry attempt 192.168.82.31 for 68504
ERROR connection timeout 503
ERROR connection timeout 503
INFO processed 192.168.92.139 items
DEBUG variable x=192.168.92.139
FATAL segfault at address 0x192.168.82.31
WARN memory threshold reached: 192.168.219.168MB
DEBUG entering function foo
DEBUG cache hit for key=192.168.229.48
DEBUG entering function foo
ERROR connection timeout 503
DEBUG heap size: 192.168.178.215
INFO connection established
DEBUG variable x=192.168.60.30
DEBUG heap size: 192.168.229.48
FATAL out of memory
DEBUG cache hit for key=192.168.121.141
WARN disk usage 192.168.211.158%
INFO request from 192.168.197.186
ERROR null pointer in module 192.168.141.220
DEBUG variable x=192.168.211.158
ERROR connection timeout 503
DEBUG cache hit for key=192.168.92.139
WARN memory threshold reached: 192.168.60.30MB
FATAL kernel panic
ERROR auth failure for user 192.168.189.144
FATAL segfault at address 0x192.168.142.104
INFO processed 192.168.36.209 items
FATAL out of memory
DEBUG heap size: 192.168.142.104
INFO user 192.168.197.186 logged in
INFO processed 192.168.57.185 items
ERROR auth failure for user 192.168.57.185
ERROR auth failure for user 192.168.197.186
FATAL kernel panic
INFO user 192.168.141.220 logged in
INFO connection established
ERROR file not found: /tmp/192.168.215.207.log
ERROR null pointer in module 192.168.211.158
DEBUG heap size: 192.168.142.104
WARN memory threshold reached: 192.168.142.104MB
WARN retry attempt 192.168.189.144 for 59376
ERROR file not found: /tmp/192.168.229.48.log
FATAL unrecoverable disk error
INFO user 192.168.92.139 logged in
ERROR null pointer in module 192.168.189.144
DEBUG cache hit for key=192.168.82.31
FATAL unrecoverable disk error
ERROR connection timeout 503
DEBUG entering function foo
FATAL kernel panic
WARN disk usage 192.168.36.209%
FATAL unrecoverable disk error
ERROR file not found: /tmp/192.168.211.158.log
INFO connection established
WARN slow query: 192.168.92.139ms
DEBUG variable x=192.168.193.243
FATAL out of memory
FATAL unrecoverable disk error
FATAL out of memory
FATAL kernel panic
DEBUG cache hit for key=192.168.178.215
WARN memory threshold reached: 192.168.60.30MB
ERROR auth failure for user 192.168.60.30
FATAL out of memory
INFO processed 192.168.57.185 items
FATAL out of memory
FATAL segfault at address 0x192.168.57.185
ERROR file not found: /tmp/192.168.39.155.log
ERROR auth failure for user 192.168.107.168
WARN disk usage 192.168.60.30%
WARN memory threshold reached: 192.168.219.168MB
WARN slow query: 192.168.60.30ms
WARN retry attempt 192.168.36.209 for 47158
DEBUG heap size: 192.168.215.207
DEBUG cache hit for key=192.168.193.243
ERROR null pointer in module 192.168.215.207
WARN memory threshold reached: 192.168.178.6MB
WARN disk usage 192.168.82.31%
FATAL out of memory
FATAL unrecoverable disk error
INFO processed 192.168.193.243 items
FATAL kernel panic
WARN slow query: 192.168.57.185ms
ERROR null pointer in module 192.168.219.168
DEBUG variable x=192.168.92.139
FATAL out of memory
WARN slow query: 192.168.142.104ms
DEBUG variable x=192.168.107.168
DEBUG heap size: 192.168.178.6
ERROR auth failure for user 192.168.189.144
INFO connection established
DEBUG heap size: 192.168.193.243
WARN memory threshold reached: 192.168.197.186MB
INFO user 192.168.229.48 logged in
FATAL unrecoverable disk error
WARN disk usage 192.168.9.50%
WARN memory threshold reached: 192.168.57.185MB
WARN retry attempt 192.168.229.48 for 39170
ERROR file not found: /tmp/192.168.121.141.log
ERROR auth failure for user 192.168.142.104
DEBUG entering function foo
INFO connection established
DEBUG cache hit for key=192.168.121.141
DEBUG cache hit for key=192.168.197.186
FATAL kernel panic
FATAL kernel panic
ERROR file not found: /tmp/192.168.211.158.log
WARN disk usage 192.168.82.31%
ERROR connection timeout 503
WARN slow query: 192.168.57.185ms
DEBUG entering function foo
DEBUG variable x=192.168.121.141
DEBUG entering function foo
FATAL kernel panic
DEBUG cache hit for key=192.168.189.144
INFO user 192.168.142.104 logged in
ERROR file not found: /tmp/192.168.189.144.log
WARN slow query: 192.168.178.215ms
INFO user 192.168.193.243 logged in
ERROR file not found: /tmp/192.168.219.168.log
ERROR connection timeout 503
WARN retry attempt 192.168.219.168 for 60200
FATAL kernel panic
DEBUG variable x=192.168.178.6
WARN slow query: 192.168.193.243ms
DEBUG cache hit for key=192.168.142.104
ERROR connection timeout 503
ERROR connection timeout 503
WARN memory threshold reached: 192.168.178.6MB
FATAL unrecoverable disk error
FATAL unrecoverable disk error
ERROR auth failure for user 192.168.60.30
WARN disk usage 192.168.197.186%
WARN slow query: 192.168.60.30ms
ERROR file not found: /tmp/192.168.121.141.log
DEBUG heap size: 192.168.178.215
DEBUG variable x=192.168.121.141
WARN retry attempt 192.168.82.31 for 32469
DEBUG cache hit for key=192.168.219.168
DEBUG heap size: 192.168.142.104
ERROR file not found: /tmp/192.168.197.186.log
FATAL segfault at address 0x192.168.92.139
WARN retry attempt 192.168.141.220 for 80278
ERROR null pointer in module 192.168.229.48
DEBUG heap size: 192.168.197.186
WARN retry attempt 192.168.229.48 for 5798
FATAL segfault at address 0x192.168.92.139
DEBUG entering function foo
WARN disk usage 192.168.82.31%
WARN slow query: 192.168.39.155ms
FATAL kernel panic
DEBUG cache hit for key=192.168.211.158
ERROR auth failure for user 192.168.57.185
INFO user 192.168.189.144 logged in
DEBUG entering function foo
DEBUG variable x=192.168.39.155
FATAL kernel panic
ERROR file not found: /tmp/192.168.189.144.log
WARN retry attempt 192.168.121.141 for 68114
FATAL segfault at address 0x192.168.107.168
DEBUG heap size: 192.168.197.186
ERROR null pointer in module 192.168.141.220
ERROR null pointer in module 192.168.142.104
ERROR auth failure for user 192.168.92.139
WARN memory threshold reached: 192.168.193.243MB
ERROR file not found: /tmp/192.168.39.155.log
WARN slow query: 192.168.142.104ms
DEBUG heap size: 192.168.57.185
ERROR null pointer in module 192.168.189.144
ERROR null pointer in module 192.168.229.48
INFO request from 192.168.211.158
FATAL out of memory
DEBUG entering function foo
FATAL kernel panic
WARN memory threshold reached: 192.168.229.48MB
FATAL kernel panic
ERROR connection timeout 503
DEBUG entering function foo
ERROR file not found: /tmp/192.168.121.141.log
ERROR connection timeout 503
FATAL segfault at address 0x192.168.142.104
WARN memory threshold reached: 192.168.107.168MB
WARN disk usage 192.168.141.220%
FATAL out of memory
WARN retry attempt 192.168.36.209 for 19143
FATAL kernel panic
WARN slow query: 192.168.211.158ms
FATAL kernel panic
ERROR connection timeout 503
ERROR connection timeout 503
FATAL unrecoverable disk error
ERROR auth failure for user 192.168.36.209
WARN disk usage 192.168.211.158%
ERROR null pointer in module 192.168.141.220
ERROR connection timeout 503
DEBUG variable x=192.168.211.158
DEBUG heap size: 192.168.142.104
INFO processed 192.168.82.31 items
INFO connection established
INFO request from 192.168.36.209
ERROR null pointer in module 192.168.211.158
ERROR auth failure for user 192.168.39.155
FATAL out of memory
FATAL segfault at address 0x192.168.141.220
WARN retry attempt 192.168.121.141 for 48311
FATAL kernel panic
DEBUG entering function foo
DEBUG entering function foo
WARN retry attempt 192.168.141.220 for 88143
INFO request from 192.168.141.220
WARN memory threshold reached: 192.168.9.50MB
WARN retry attempt 192.168.57.185 for 68566
DEBUG cache hit for key=192.168.189.144
FATAL segfault at address 0x192.168.229.48
ERROR auth failure for user 192.168.178.215
WARN slow query: 192.168.9.50ms
DEBUG cache hit for key=192.168.9.50
INFO connection established
INFO connection established
FATAL out of memory
ERROR auth failure for user 192.168.189.144
INFO processed 192.168.121.141 items
ERROR null pointer in module 192.168.39.155
ERROR null pointer in module 192.168.229.48
DEBUG entering function foo
ERROR connection timeout 503
WARN slow query: 192.168.82.31ms
FATAL segfault at address 0x192.168.193.243
DEBUG cache hit for key=192.168.219.168
ERROR auth failure for user 192.168.9.50
WARN slow query: 192.168.215.207ms
ERROR null pointer in module 192.168.121.141
ERROR auth failure for user 192.168.178.6
FATAL out of memory
FATAL out of memory
ERROR connection timeout 503
ERROR auth failure for user 192.168.121.141
ERROR file not found: /tmp/192.168.215.207.log
ERROR connection timeout 503
ERROR auth failure for user 192.168.197.186
DEBUG cache hit for key=192.168.121.141
DEBUG entering function foo
DEBUG heap size: 192.168.39.155
INFO processed 192.168.107.168 items
FATAL unrecoverable disk error
FATAL segfault at address 0x192.168.121.141
DEBUG heap size: 192.168.60.30
WARN retry attempt 192.168.107.168 for 53665
WARN disk usage 192.168.178.215%
FATAL segfault at address 0x192.168.219.168
WARN retry attempt 192.168.229.48 for 49723
ERROR null pointer in module 192.168.211.158
DEBUG cache hit for key=192.168.193.243
DEBUG variable x=192.168.82.31
ERROR file not found: /tmp/192.168.193.243.log
DEBUG heap size: 192.168.197.186
INFO request from 192.168.215.207
DEBUG cache hit for key=192.168.60.30
FATAL segfault at address 0x192.168.211.158
FATAL segfault at address 0x192.168.197.186
WARN memory threshold reached: 192.168.36.209MB
INFO request from 192.168.219.168
FATAL segfault at address 0x192.168.189.144
DEBUG heap size: 192.168.9.50
ERROR file not found: /tmp/192.168.178.6.log
INFO request from 192.168.141.220
WARN memory threshold reached: 192.168.178.6MB
INFO request from 192.168.82.31
ERROR file not found: /tmp/192.168.60.30.log
FATAL unrecoverable disk error
INFO processed 192.168.193.243 items
WARN memory threshold reached: 192.168.121.141MB
WARN retry attempt 192.168.39.155 for 68332
DEBUG heap size: 192.168.215.207
ERROR file not found: /tmp/192.168.193.243.log
DEBUG heap size: 192.168.229.48
ERROR null pointer in module 192.168.9.50
WARN memory threshold reached: 192.168.189.144MB
DEBUG variable x=192.168.60.30
FATAL segfault at address 0x192.168.39.155
WARN slow query: 192.168.92.139ms
INFO request from 192.168.215.207
DEBUG variable x=192.168.9.50
ERROR connection timeout 503
FATAL kernel panic
ERROR null pointer in module 192.168.60.30
WARN disk usage 192.168.82.31%
FATAL kernel panic
DEBUG heap size: 192.168.121.141
WARN disk usage 192.168.211.158%
FATAL kernel panic
WARN memory threshold reached: 192.168.39.155MB
FATAL out of memory
DEBUG cache hit for key=192.168.189.144
FATAL unrecoverable disk error
WARN memory threshold reached: 192.168.193.243MB
WARN slow query: 192.168.82.31ms
ERROR auth failure for user 192.168.141.220
WARN retry attempt 192.168.215.207 for 90036
DEBUG cache hit for key=192.168.215.207
INFO user 192.168.107.168 logged in
ERROR connection timeout 503
FATAL segfault at address 0x192.168.39.155
INFO user 192.168.211.158 logged in
WARN memory threshold reached: 192.168.189.144MB
INFO request from 192.168.92.139
INFO user 192.168.215.207 logged in
INFO connection established
ERROR auth failure for user 192.168.92.139
ERROR null pointer in module 192.168.229.48
ERROR null pointer in module 192.168.211.158
DEBUG variable x=192.168.60.30
INFO connection established
FATAL unrecoverable disk error
ERROR auth failure for user 192.168.189.144
FATAL unrecoverable disk error
FATAL out of memory
ERROR null pointer in module 192.168.82.31
FATAL segfault at address 0x192.168.189.144
ERROR file not found: /tmp/192.168.36.209.log
WARN retry attempt 192.168.142.104 for 37796
DEBUG heap size: 192.168.197.186
FATAL kernel panic
FATAL kernel panic
DEBUG entering function foo
INFO user 192.168.92.139 logged in
FATAL segfault at address 0x192.168.107.168
DEBUG variable x=192.168.193.243
FATAL kernel panic
WARN retry attempt 192.168.189.144 for 76912
FATAL unrecoverable disk error
FATAL unrecoverable disk error
WARN retry attempt 192.168.142.104 for 22063
INFO processed 192.168.9.50 items
ERROR file not found: /tmp/192.168.141.220.log
ERROR connection timeout 503
FATAL unrecoverable disk error
DEBUG entering function foo
INFO processed 192.168.36.209 items
DEBUG heap size: 192.168.215.207
INFO connection established
WARN slow query: 192.168.82.31ms
ERROR null pointer in module 192.168.82.31
INFO connection established
ERROR auth failure for user 192.168.211.158
WARN retry attempt 192.168.82.31 for 4002
FATAL unrecoverable disk error
INFO connection established
INFO request from 192.168.178.6
FATAL out of memory
INFO user 192.168.36.209 logged in
WARN retry attempt 192.168.39.155 for 98557
DEBUG entering function foo
FATAL kernel panic
ERROR auth failure for user 192.168.9.50
WARN slow query: 192.168.142.104ms
DEBUG cache hit for key=192.168.36.209
WARN memory threshold reached: 192.168.107.168MB
WARN memory threshold reached: 192.168.178.215MB
WARN slow query: 192.168.197.186ms
WARN memory threshold reached: 192.168.229.48MB
INFO user 192.168.92.139 logged in
WARN memory threshold reached: 192.168.57.185MB
FATAL segfault at address 0x192.168.178.215
ERROR auth failure for user 192.168.9.50
INFO user 192.168.178.6 logged in
WARN memory threshold reached: 192.168.92.139MB
WARN memory threshold reached: 192.168.189.144MB
FATAL segfault at address 0x192.168.39.155
FATAL segfault at address 0x192.168.219.168
ERROR null pointer in module 192.168.107.168
WARN retry attempt 192.168.60.30 for 10002
DEBUG cache hit for key=192.168.141.220
DEBUG cache hit for key=192.168.197.186
FATAL out of memory
INFO request from 192.168.219.168
FATAL kernel panic
WARN disk usage 192.168.193.243%
DEBUG cache hit for key=192.168.211.158
INFO processed 192.168.60.30 items
WARN retry attempt 192.168.229.48 for 74291
FATAL kernel panic
WARN retry attempt 192.168.36.209 for 20837
FATAL unrecoverable disk error
WARN slow query: 192.168.229.48ms
DEBUG variable x=192.168.39.155
ERROR file not found: /tmp/192.168.193.243.log
WARN memory threshold reached: 192.168.178.6MB
INFO user 192.168.178.6 logged in
INFO connection established
DEBUG variable x=192.168.121.141
DEBUG entering function foo
DEBUG variable x=192.168.211.158
INFO processed 192.168.197.186 items
FATAL kernel panic
INFO request from 192.168.229.48
WARN retry attempt 192.168.178.215 for 16918
INFO connection established
ERROR file not found: /tmp/192.168.92.139.log
INFO processed 192.168.197.186 items
INFO processed 192.168.92.139 items
ERROR auth failure for user 192.168.107.168
INFO connection established
DEBUG cache hit for key=192.168.92.139
WARN retry attempt 192.168.36.209 for 28638
DEBUG cache hit for key=192.168.193.243
DEBUG cache hit for key=192.168.229.48
ERROR null pointer in module 192.168.141.220
DEBUG variable x=192.168.178.6
FATAL kernel panic
INFO user 192.168.178.6 logged in
ERROR connection timeout 503
DEBUG variable x=192.168.36.209
DEBUG heap size: 192.168.197.186
ERROR file not found: /tmp/192.168.121.141.log
DEBUG heap size: 192.168.36.209
WARN slow query: 192.168.211.158ms
INFO request from 192.168.178.6
DEBUG entering function foo
DEBUG heap size: 192.168.189.144
DEBUG entering function foo
DEBUG entering function foo
FATAL unrecoverable disk error
DEBUG entering function foo
FATAL kernel panic
DEBUG cache hit for key=192.168.211.158
ERROR null pointer in module 192.168.121.141
FATAL out of memory
INFO connection established
DEBUG variable x=192.168.219.168
INFO user 192.168.193.243 logged in
INFO request from 192.168.107.168
INFO request from 192.168.229.48
FATAL out of memory
FATAL segfault at address 0x192.168.60.30
FATAL kernel panic
ERROR file not found: /tmp/192.168.107.168.log
FATAL unrecoverable disk error
INFO request from 192.168.121.141
ERROR connection timeout 503
FATAL out of memory
ERROR null pointer in module 192.168.142.104
DEBUG cache hit for key=192.168.211.158
WARN retry attempt 192.168.142.104 for 44124
INFO request from 192.168.60.30
DEBUG cache hit for key=192.168.36.209
FATAL segfault at address 0x192.168.211.158
FATAL segfault at address 0x192.168.121.141
ERROR null pointer in module 192.168.229.48
WARN retry attempt 192.168.193.243 for 68748
DEBUG cache hit for key=192.168.57.185
INFO connection established
FATAL unrecoverable disk error
ERROR null pointer in module 192.168.229.48
DEBUG heap size: 192.168.219.168
WARN retry attempt 192.168.142.104 for 99393
ERROR null pointer in module 192.168.107.168
FATAL kernel panic
DEBUG heap size: 192.168.211.158
FATAL out of memory
ERROR file not found: /tmp/192.168.60.30.log
INFO request from 192.168.215.207
FATAL segfault at address 0x192.168.92.139
DEBUG heap size: 192.168.197.186
FATAL kernel panic
FATAL kernel panic
FATAL kernel panic
FATAL unrecoverable disk error
DEBUG heap size: 192.168.107.168
WARN slow query: 192.168.60.30ms
DEBUG cache hit for key=192.168.193.243
DEBUG cache hit for key=192.168.39.155
DEBUG entering function foo
DEBUG cache hit for key=192.168.219.168
INFO request from 192.168.178.6
WARN retry attempt 192.168.178.6 for 8116
INFO request from 192.168.60.30
DEBUG variable x=192.168.60.30
ERROR auth failure for user 192.168.178.6
ERROR auth failure for user 192.168.142.104
WARN disk usage 192.168.178.215%
FATAL unrecoverable disk error
INFO connection established
FATAL out of memory
FATAL kernel panic
FATAL segfault at address 0x192.168.211.158
WARN slow query: 192.168.9.50ms
WARN slow query: 192.168.36.209ms
INFO processed 192.168.141.220 items
FATAL segfault at address 0x192.168.215.207
DEBUG variable x=192.168.197.186
FATAL out of memory
WARN retry attempt 192.168.189.144 for 54489
WARN disk usage 192.168.189.144%
INFO connection established
ERROR auth failure for user 192.168.57.185
FATAL kernel panic
INFO processed 192.168.219.168 items
DEBUG cache hit for key=192.168.229.48
DEBUG cache hit for key=192.168.229.48
DEBUG entering function foo
FATAL segfault at address 0x192.168.9.50
WARN retry attempt 192.168.82.31 for 64670
WARN disk usage 192.168.178.215%
DEBUG heap size: 192.168.141.220
WARN disk usage 192.168.193.243%
WARN retry attempt 192.168.57.185 for 38244
WARN memory threshold reached: 192.168.107.168MB
DEBUG entering function foo
INFO request from 192.168.229.48
ERROR auth failure for user 192.168.141.220
INFO connection established
INFO processed 192.168.141.220 items
INFO user 192.168.121.141 logged in
ERROR auth failure for user 192.168.39.155
ERROR file not found: /tmp/192.168.193.243.log
ERROR file not found: /tmp/192.168.92.139.log
INFO user 192.168.219.168 logged in
INFO connection established
ERROR file not found: /tmp/192.168.39.155.log
FATAL kernel panic
WARN memory threshold reached: 192.168.9.50MB
ERROR file not found: /tmp/192.168.141.220.log
FATAL out of memory
ERROR file not found: /tmp/192.168.60.30.log
INFO connection established
FATAL kernel panic
ERROR auth failure for user 192.168.92.139
WARN memory threshold reached: 192.168.141.220MB
FATAL unrecoverable disk error
DEBUG heap size: 192.168.107.168
WARN disk usage 192.168.211.158%
FATAL out of memory
ERROR null pointer in module 192.168.57.185
DEBUG heap size: 192.168.178.6
DEBUG entering function foo
ERROR connection timeout 503
ERROR file not found: /tmp/192.168.193.243.log
WARN disk usage 192.168.215.207%
ERROR null pointer in module 192.168.141.220
WARN retry attempt 192.168.39.155 for 60521
INFO processed 192.168.39.155 items
WARN disk usage 192.168.141.220%
WARN disk usage 192.168.142.104%
INFO connection established
ERROR file not found: /tmp/192.168.82.31.log
WARN slow query: 192.168.211.158ms
ERROR connection timeout 503
INFO request from 192.168.229.48
WARN retry attempt 192.168.215.207 for 80260
DEBUG entering function foo
ERROR connection timeout 503
DEBUG entering function foo
DEBUG heap size: 192.168.178.6
ERROR file not found: /tmp/192.168.178.6.log
FATAL kernel panic
ERROR connection timeout 503
DEBUG heap size: 192.168.178.6
FATAL out of memory
FATAL segfault at address 0x192.168.121.141
DEBUG variable x=192.168.92.139
WARN memory threshold reached: 192.168.193.243MB
INFO processed 192.168.197.186 items
WARN disk usage 192.168.219.168%
WARN memory threshold reached: 192.168.189.144MB
DEBUG heap size: 192.168.193.243
WARN memory threshold reached: 192.168.121.141MB
ERROR auth failure for user 192.168.60.30
ERROR file not found: /tmp/192.168.82.31.log
ERROR null pointer in module 192.168.9.50
WARN disk usage 192.168.60.30%
INFO request from 192.168.141.220
INFO user 192.168.92.139 logged in
WARN slow query: 192.168.36.209ms
FATAL unrecoverable disk error
FATAL kernel panic
DEBUG cache hit for key=192.168.219.168
WARN retry attempt 192.168.60.30 for 83658
WARN slow query: 192.168.92.139ms
WARN slow query: 192.168.142.104ms
FATAL segfault at address 0x192.168.36.209
DEBUG heap size: 192.168.178.6
DEBUG heap size: 192.168.219.168
ERROR null pointer in module 192.168.219.168
ERROR file not found: /tmp/192.168.82.31.log
DEBUG variable x=192.168.211.158
ERROR null pointer in module 192.168.92.139
FATAL segfault at address 0x192.168.178.215
WARN disk usage 192.168.219.168%
INFO request from 192.168.141.220
FATAL kernel panic
FATAL out of memory
FATAL segfault at address 0x192.168.141.220
DEBUG variable x=192.168.57.185
INFO user 192.168.92.139 logged in
WARN memory threshold reached: 192.168.36.209MB
WARN memory threshold reached: 192.168.142.104MB
WARN disk usage 192.168.178.215%
FATAL segfault at address 0x192.168.107.168
DEBUG cache hit for key=192.168.92.139
DEBUG heap size: 192.168.178.215
FATAL out of memory
INFO processed 192.168.9.50 items
ERROR null pointer in module 192.168.229.48
INFO user 192.168.107.168 logged in
FATAL segfault at address 0x192.168.36.209
DEBUG cache hit for key=192.168.193.243
FATAL out of memory
DEBUG variable x=192.168.197.186
DEBUG heap size: 192.168.141.220
FATAL kernel panic
FATAL segfault at address 0x192.168.39.155
FATAL segfault at address 0x192.168.189.144
ERROR file not found: /tmp/192.168.211.158.log
WARN disk usage 192.168.141.220%
WARN retry attempt 192.168.107.168 for 53048
DEBUG variable x=192.168.142.104
INFO user 192.168.92.139 logged in
ERROR file not found: /tmp/192.168.92.139.log
FATAL kernel panic
DEBUG variable x=192.168.9.50
FATAL unrecoverable disk error
ERROR auth failure for user 192.168.178.6
FATAL unrecoverable disk error
INFO processed 192.168.60.30 items
INFO user 192.168.193.243 logged in
INFO request from 192.168.39.155
DEBUG variable x=192.168.229.48
INFO processed 192.168.142.104 items
INFO processed 192.168.57.185 items
INFO user 192.168.189.144 logged in
INFO request from 192.168.193.243
WARN slow query: 192.168.193.243ms
FATAL segfault at address 0x192.168.211.158
ERROR auth failure for user 192.168.39.155
INFO request from 192.168.36.209
WARN disk usage 192.168.121.141%
INFO processed 192.168.193.243 items
ERROR auth failure for user 192.168.57.185
ERROR file not found: /tmp/192.168.60.30.log
ERROR file not found: /tmp/192.168.229.48.log
INFO user 192.168.193.243 logged in
WARN memory threshold reached: 192.168.60.30MB
ERROR null pointer in module 192.168.142.104
DEBUG entering function foo
WARN retry attempt 192.168.141.220 for 88173
ERROR file not found: /tmp/192.168.178.6.log
WARN memory threshold reached: 192.168.229.48MB
ERROR auth failure for user 192.168.82.31
ERROR file not found: /tmp/192.168.189.144.log
INFO connection established
WARN retry attempt 192.168.193.243 for 13228
INFO request from 192.168.57.185
WARN memory threshold reached: 192.168.9.50MB
DEBUG variable x=192.168.141.220
FATAL segfault at address 0x192.168.193.243
ERROR file not found: /tmp/192.168.107.168.log
FATAL kernel panic
FATAL out of memory
DEBUG variable x=192.168.92.139
FATAL segfault at address 0x192.168.107.168
INFO user 192.168.92.139 logged in
INFO request from 192.168.92.139
DEBUG variable x=192.168.39.155
DEBUG variable x=192.168.215.207
ERROR connection timeout 503
WARN retry attempt 192.168.9.50 for 31902
WARN slow query: 192.168.57.185ms
INFO connection established
FATAL unrecoverable disk error
INFO connection established
DEBUG heap size: 192.168.60.30
INFO connection established
INFO request from 192.168.219.168
INFO processed 192.168.39.155 items
DEBUG cache hit for key=192.168.107.168
DEBUG entering function foo
WARN disk usage 192.168.36.209%
INFO connection established
INFO connection established
INFO user 192.168.9.50 logged in
INFO processed 192.168.197.186 items
WARN disk usage 192.168.60.30%
DEBUG heap size: 192.168.197.186
WARN disk usage 192.168.178.215%
WARN slow query: 192.168.57.185ms
INFO connection established
ERROR connection timeout 503
INFO request from 192.168.82.31
FATAL segfault at address 0x192.168.9.50
WARN memory threshold reached: 192.168.178.215MB
WARN disk usage 192.168.92.139%
WARN slow query: 192.168.39.155ms
DEBUG variable x=192.168.60.30
ERROR file not found: /tmp/192.168.219.168.log
FATAL kernel panic
ERROR connection timeout 503
WARN disk usage 192.168.36.209%
FATAL unrecoverable disk error
ERROR null pointer in module 192.168.142.104
ERROR null pointer in module 192.168.211.158
DEBUG heap size: 192.168.229.48
FATAL kernel panic
WARN slow query: 192.168.141.220ms
FATAL unrecoverable disk error
INFO request from 192.168.57.185
FATAL kernel panic
FATAL unrecoverable disk error
ERROR auth failure for user 192.168.229.48
INFO user 192.168.197.186 logged in
ERROR auth failure for user 192.168.82.31
INFO connection established
FATAL out of memory
ERROR null pointer in module 192.168.141.220
DEBUG entering function foo
WARN retry attempt 192.168.197.186 for 77231
ERROR null pointer in module 192.168.178.6
FATAL segfault at address 0x192.168.39.155
ERROR null pointer in module 192.168.193.243
ERROR file not found: /tmp/192.168.215.207.log
ERROR file not found: /tmp/192.168.92.139.log
DEBUG variable x=192.168.92.139
WARN retry attempt 192.168.60.30 for 87099
ERROR file not found: /tmp/192.168.60.30.log
INFO user 192.168.211.158 logged in
INFO processed 192.168.178.215 items
DEBUG cache hit for key=192.168.178.6
WARN disk usage 192.168.178.215%
FATAL segfault at address 0x192.168.39.155
INFO request from 192.168.211.158
WARN slow query: 192.168.60.30ms
INFO processed 192.168.39.155 items
ERROR null pointer in module 192.168.39.155
DEBUG heap size: 192.168.211.158
INFO request from 192.168.178.215
DEBUG entering function foo
FATAL segfault at address 0x192.168.9.50
WARN disk usage 192.168.36.209%
ERROR file not found: /tmp/192.168.189.144.log
ERROR auth failure for user 192.168.107.168
WARN disk usage 192.168.82.31%
WARN memory threshold reached: 192.168.211.158MB
ERROR auth failure for user 192.168.178.6
INFO user 192.168.9.50 logged in
DEBUG cache hit for key=192.168.141.220
INFO user 192.168.9.50 logged in
ERROR file not found: /tmp/192.168.178.215.log
DEBUG variable x=192.168.121.141
DEBUG heap size: 192.168.60.30
FATAL unrecoverable disk error
ERROR null pointer in module 192.168.197.186
FATAL kernel panic
ERROR file not found: /tmp/192.168.36.209.log
ERROR file not found: /tmp/192.168.107.168.log
DEBUG entering function foo
INFO user 192.168.92.139 logged in
FATAL kernel panic
INFO connection established
WARN retry attempt 192.168.36.209 for 85436
FATAL out of memory
ERROR null pointer in module 192.168.178.215
FATAL unrecoverable disk error
INFO request from 192.168.142.104
WARN retry attempt 192.168.92.139 for 26704
FATAL out of memory
DEBUG variable x=192.168.92.139
WARN slow query: 192.168.92.139ms
FATAL kernel panic
DEBUG cache hit for key=192.168.219.168
INFO user 192.168.141.220 logged in
DEBUG cache hit for key=192.168.82.31
ERROR auth failure for user 192.168.178.6
ERROR auth failure for user 192.168.60.30
ERROR auth failure for user 192.168.82.31
ERROR connection timeout 503
WARN retry attempt 192.168.9.50 for 63248
WARN retry attempt 192.168.178.6 for 77888
DEBUG variable x=192.168.178.6
WARN memory threshold reached: 192.168.39.155MB
ERROR auth failure for user 192.168.219.168
FATAL segfault at address 0x192.168.193.243
DEBUG heap size: 192.168.211.158
DEBUG cache hit for key=192.168.57.185
WARN retry attempt 192.168.211.158 for 57121
DEBUG variable x=192.168.39.155
DEBUG heap size: 192.168.36.209
DEBUG entering function foo
INFO request from 192.168.141.220
INFO request from 192.168.36.209
ERROR auth failure for user 192.168.193.243
WARN memory threshold reached: 192.168.229.48MB
INFO user 192.168.142.104 logged in
FATAL unrecoverable disk error
INFO connection established
DEBUG variable x=192.168.121.141
FATAL kernel panic
DEBUG cache hit for key=192.168.193.243
FATAL segfault at address 0x192.168.197.186
DEBUG entering function foo
FATAL kernel panic
DEBUG variable x=192.168.121.141
ERROR auth failure for user 192.168.121.141
INFO processed 192.168.39.155 items
DEBUG cache hit for key=192.168.141.220
FATAL unrecoverable disk error
WARN retry attempt 192.168.211.158 for 26600
WARN retry attempt 192.168.36.209 for 11905
DEBUG variable x=192.168.121.141
FATAL unrecoverable disk error
ERROR connection timeout 503
ERROR auth failure for user 192.168.82.31
WARN memory threshold reached: 192.168.57.185MB
WARN slow query: 192.168.193.243ms
INFO connection established
ERROR connection timeout 503
FATAL segfault at address 0x192.168.142.104
FATAL kernel panic
INFO connection established
WARN slow query: 192.168.229.48ms
FATAL kernel panic
INFO processed 192.168.82.31 items
FATAL kernel panic
INFO request from 192.168.211.158
ERROR file not found: /tmp/192.168.60.30.log
FATAL unrecoverable disk error
ERROR file not found: /tmp/192.168.193.243.log
FATAL out of memory
WARN slow query: 192.168.211.158ms
WARN memory threshold reached: 192.168.36.209MB
FATAL kernel panic
INFO processed 192.168.92.139 items
ERROR connection timeout 503
INFO user 192.168.211.158 logged in
FATAL unrecoverable disk error
ERROR null pointer in module 192.168.178.6
ERROR connection timeout 503
FATAL kernel panic
ERROR null pointer in module 192.168.142.104
DEBUG cache hit for key=192.168.193.243
DEBUG entering function foo
WARN disk usage 192.168.141.220%
INFO user 192.168.142.104 logged in
WARN retry attempt 192.168.219.168 for 74145
INFO processed 192.168.107.168 items
INFO processed 192.168.215.207 items
FATAL out of memory
DEBUG variable x=192.168.92.139
FATAL segfault at address 0x192.168.57.185
FATAL unrecoverable disk error
ERROR null pointer in module 192.168.193.243
FATAL segfault at address 0x192.168.36.209
ERROR auth failure for user 192.168.60.30
DEBUG variable x=192.168.60.30
INFO request from 192.168.107.168
WARN disk usage 192.168.229.48%
DEBUG variable x=192.168.82.31
DEBUG entering function foo
FATAL out of memory
INFO user 192.168.178.215 logged in
ERROR file not found: /tmp/192.168.211.158.log
INFO processed 192.168.82.31 items
WARN disk usage 192.168.219.168%
INFO processed 192.168.57.185 items
DEBUG heap size: 192.168.57.185
WARN retry attempt 192.168.142.104 for 39724
ERROR connection timeout 503
ERROR connection timeout 503
DEBUG heap size: 192.168.121.141
FATAL kernel panic
DEBUG variable x=192.168.219.168
ERROR auth failure for user 192.168.189.144
FATAL kernel panic
WARN retry attempt 192.168.60.30 for 86483
INFO connection established
INFO connection established
WARN memory threshold reached: 192.168.229.48MB
DEBUG variable x=192.168.229.48
ERROR file not found: /tmp/192.168.82.31.log
INFO request from 192.168.82.31
DEBUG variable x=192.168.189.144
FATAL segfault at address 0x192.168.60.30
ERROR auth failure for user 192.168.57.185
WARN slow query: 192.168.219.168ms
FATAL segfault at address 0x192.168.229.48
FATAL out of memory
ERROR connection timeout 503
INFO connection established
FATAL out of memory
FATAL out of memory
DEBUG variable x=192.168.219.168
DEBUG variable x=192.168.193.243
DEBUG heap size: 192.168.39.155
ERROR file not found: /tmp/192.168.197.186.log
WARN slow query: 192.168.215.207ms
DEBUG heap size: 192.168.141.220
FATAL out of memory
WARN disk usage 192.168.193.243%
WARN memory threshold reached: 192.168.107.168MB
WARN retry attempt 192.168.9.50 for 39930
INFO user 192.168.178.6 logged in
INFO user 192.168.229.48 logged in
FATAL unrecoverable disk error
DEBUG variable x=192.168.178.215
WARN retry attempt 192.168.57.185 for 23083
FATAL out of memory
ERROR connection timeout 503
INFO connection established
DEBUG cache hit for key=192.168.211.158
INFO connection established
FATAL segfault at address 0x192.168.142.104
INFO request from 192.168.142.104
ERROR null pointer in module 192.168.193.243
WARN memory threshold reached: 192.168.193.243MB
INFO user 192.168.82.31 logged in
WARN slow query: 192.168.9.50ms
DEBUG variable x=192.168.211.158
ERROR file not found: /tmp/192.168.9.50.log
DEBUG variable x=192.168.9.50
WARN memory threshold reached: 192.168.57.185MB
ERROR connection timeout 503
WARN disk usage 192.168.142.104%
DEBUG variable x=192.168.193.243
ERROR null pointer in module 192.168.142.104
FATAL kernel panic
INFO connection established
FATAL kernel panic
INFO processed 192.168.82.31 items
FATAL out of memory
ERROR auth failure for user 192.168.229.48
ERROR auth failure for user 192.168.193.243
ERROR null pointer in module 192.168.141.220
ERROR connection timeout 503
INFO request from 192.168.211.158
FATAL kernel panic
INFO connection established
DEBUG heap size: 192.168.178.215
WARN slow query: 192.168.197.186ms
DEBUG heap size: 192.168.60.30
FATAL out of memory
ERROR connection timeout 503
DEBUG variable x=192.168.60.30
FATAL segfault at address 0x192.168.215.207
INFO user 192.168.178.215 logged in
DEBUG variable x=192.168.57.185
ERROR auth failure for user 192.168.107.168
DEBUG variable x=192.168.193.243
FATAL kernel panic
WARN slow query: 192.168.178.6ms
DEBUG variable x=192.168.39.155
ERROR file not found: /tmp/192.168.57.185.log
INFO processed 192.168.141.220 items
WARN memory threshold reached: 192.168.197.186MB
FATAL unrecoverable disk error
WARN memory threshold reached: 192.168.178.6MB
DEBUG cache hit for key=192.168.57.185
WARN disk usage 192.168.60.30%
WARN disk usage 192.168.82.31%
WARN memory threshold reached: 192.168.211.158MB
ERROR null pointer in module 192.168.193.243
WARN memory threshold reached: 192.168.121.141MB
INFO request from 192.168.82.31
INFO processed 192.168.219.168 items
DEBUG variable x=192.168.82.31
WARN memory threshold reached: 192.168.229.48MB
WARN memory threshold reached: 192.168.229.48MB
WARN memory threshold reached: 192.168.57.185MB
DEBUG variable x=192.168.211.158
INFO request from 192.168.142.104
WARN slow query: 192.168.92.139ms
ERROR null pointer in module 192.168.141.220
WARN slow query: 192.168.141.220ms
WARN slow query: 192.168.142.104ms
ERROR null pointer in module 192.168.178.215
FATAL unrecoverable disk error
DEBUG variable x=192.168.39.155
INFO processed 192.168.9.50 items
DEBUG heap size: 192.168.229.48
FATAL unrecoverable disk error
INFO user 192.168.142.104 logged in
WARN retry attempt 192.168.121.141 for 45843
INFO processed 192.168.211.158 items
FATAL kernel panic
FATAL segfault at address 0x192.168.107.168
DEBUG cache hit for key=192.168.189.144
FATAL kernel panic
INFO processed 192.168.92.139 items
FATAL segfault at address 0x192.168.142.104
DEBUG variable x=192.168.57.185
FATAL unrecoverable disk error
ERROR null pointer in module 192.168.193.243
DEBUG entering function foo
FATAL unrecoverable disk error
FATAL unrecoverable disk error
ERROR auth failure for user 192.168.39.155
ERROR auth failure for user 192.168.211.158
ERROR connection timeout 503
ERROR auth failure for user 192.168.229.48
DEBUG cache hit for key=192.168.36.209
DEBUG entering function foo
WARN disk usage 192.168.197.186%
WARN retry attempt 192.168.107.168 for 60018
INFO request from 192.168.189.144
DEBUG entering function foo
ERROR null pointer in module 192.168.39.155
WARN slow query: 192.168.121.141ms
INFO connection established
DEBUG variable x=192.168.178.6
ERROR auth failure for user 192.168.141.220
WARN slow query: 192.168.193.243ms
ERROR null pointer in module 192.168.219.168
ERROR connection timeout 503
ERROR file not found: /tmp/192.168.121.141.log
FATAL unrecoverable disk error
DEBUG variable x=192.168.60.30
ERROR connection timeout 503
DEBUG variable x=192.168.57.185
ERROR auth failure for user 192.168.60.30
ERROR null pointer in module 192.168.189.144
INFO request from 192.168.189.144
ERROR file not found: /tmp/192.168.193.243.log
FATAL unrecoverable disk error
ERROR auth failure for user 192.168.189.144
DEBUG variable x=192.168.107.168
DEBUG variable x=192.168.57.185
FATAL segfault at address 0x192.168.178.6
INFO processed 192.168.60.30 items
DEBUG entering function foo
WARN retry attempt 192.168.121.141 for 75944
WARN disk usage 192.168.57.185%
INFO connection established
ERROR file not found: /tmp/192.168.60.30.log
FATAL out of memory
DEBUG cache hit for key=192.168.9.50
WARN disk usage 192.168.197.186%
ERROR file not found: /tmp/192.168.219.168.log
WARN memory threshold reached: 192.168.193.243MB
INFO request from 192.168.60.30
WARN disk usage 192.168.142.104%
INFO user 192.168.57.185 logged in
WARN slow query: 192.168.215.207ms
WARN slow query: 192.168.82.31ms
WARN retry attempt 192.168.57.185 for 3849
INFO processed 192.168.215.207 items
DEBUG variable x=192.168.39.155
WARN retry attempt 192.168.9.50 for 14160
FATAL segfault at address 0x192.168.189.144
DEBUG cache hit for key=192.168.197.186
WARN memory threshold reached: 192.168.178.215MB
ERROR null pointer in module 192.168.92.139
WARN retry attempt 192.168.189.144 for 29308
INFO request from 192.168.178.215
ERROR connection timeout 503
FATAL out of memory
WARN memory threshold reached: 192.168.82.31MB
INFO user 192.168.39.155 logged in
FATAL segfault at address 0x192.168.39.155
WARN disk usage 192.168.142.104%
ERROR null pointer in module 192.168.219.168
WARN retry attempt 192.168.141.220 for 10734
INFO processed 192.168.219.168 items
INFO connection established
ERROR file not found: /tmp/192.168.36.209.log
INFO processed 192.168.178.215 items
WARN disk usage 192.168.219.168%
DEBUG heap size: 192.168.193.243
INFO connection established
INFO processed 192.168.121.141 items
FATAL out of memory
DEBUG variable x=192.168.36.209
ERROR auth failure for user 192.168.178.215
DEBUG entering function foo
ERROR file not found: /tmp/192.168.211.158.log
FATAL segfault at address 0x192.168.36.209
WARN memory threshold reached: 192.168.82.31MB
INFO processed 192.168.39.155 items
WARN memory threshold reached: 192.168.60.30MB
INFO processed 192.168.107.168 items
WARN disk usage 192.168.39.155%
INFO request from 192.168.121.141
DEBUG variable x=192.168.36.209
DEBUG entering function foo
INFO processed 192.168.107.168 items
INFO processed 192.168.215.207 items
WARN slow query: 192.168.193.243ms
FATAL segfault at address 0x192.168.178.6
ERROR file not found: /tmp/192.168.193.243.log
INFO request from 192.168.60.30
FATAL unrecoverable disk error
FATAL unrecoverable disk error
ERROR auth failure for user 192.168.193.243
INFO connection established
INFO user 192.168.215.207 logged in
ERROR auth failure for user 192.168.211.158
WARN disk usage 192.168.57.185%
WARN disk usage 192.168.197.186%
FATAL kernel panic
DEBUG variable x=192.168.211.158
INFO connection established
DEBUG variable x=192.168.178.215
INFO request from 192.168.82.31
FATAL unrecoverable disk error
DEBUG heap size: 192.168.141.220
DEBUG entering function foo
ERROR connection timeout 503
DEBUG heap size: 192.168.36.209
WARN disk usage 192.168.36.209%
FATAL unrecoverable disk error
INFO request from 192.168.219.168
DEBUG cache hit for key=192.168.36.209
INFO request from 192.168.229.48
WARN disk usage 192.168.193.243%
INFO processed 192.168.219.168 items
WARN retry attempt 192.168.178.6 for 23775
WARN memory threshold reached: 192.168.36.209MB
INFO user 192.168.197.186 logged in
ERROR file not found: /tmp/192.168.178.6.log
ERROR null pointer in module 192.168.229.48
FATAL unrecoverable disk error
FATAL kernel panic
ERROR file not found: /tmp/192.168.229.48.log
FATAL unrecoverable disk error
ERROR connection timeout 503
INFO user 192.168.142.104 logged in
WARN memory threshold reached: 192.168.36.209MB
INFO request from 192.168.9.50
INFO request from 192.168.92.139
FATAL segfault at address 0x192.168.9.50
DEBUG heap size: 192.168.229.48
ERROR file not found: /tmp/192.168.82.31.log
FATAL segfault at address 0x192.168.107.168
ERROR null pointer in module 192.168.82.31
INFO user 192.168.60.30 logged in
WARN slow query: 192.168.36.209ms
ERROR file not found: /tmp/192.168.193.243.log
INFO connection established
DEBUG heap size: 192.168.229.48
FATAL segfault at address 0x192.168.121.141
WARN memory threshold reached: 192.168.92.139MB
WARN slow query: 192.168.178.6ms
ERROR file not found: /tmp/192.168.57.185.log
WARN slow query: 192.168.141.220ms
WARN memory threshold reached: 192.168.219.168MB
ERROR null pointer in module 192.168.189.144
INFO request from 192.168.219.168
DEBUG cache hit for key=192.168.215.207
ERROR file not found: /tmp/192.168.107.168.log
FATAL kernel panic
ERROR auth failure for user 192.168.215.207
WARN disk usage 192.168.121.141%
ERROR null pointer in module 192.168.211.158
WARN retry attempt 192.168.60.30 for 46930
ERROR connection timeout 503
DEBUG heap size: 192.168.141.220
FATAL segfault at address 0x192.168.211.158
FATAL out of memory
WARN memory threshold reached: 192.168.215.207MB
WARN memory threshold reached: 192.168.197.186MB
WARN disk usage 192.168.141.220%
WARN disk usage 192.168.141.220%
ERROR connection timeout 503
FATAL segfault at address 0x192.168.197.186
INFO connection established
FATAL unrecoverable disk error
ERROR auth failure for user 192.168.215.207
WARN slow query: 192.168.60.30ms
FATAL kernel panic
ERROR file not found: /tmp/192.168.178.215.log
ERROR file not found: /tmp/192.168.9.50.log
DEBUG variable x=192.168.189.144
DEBUG cache hit for key=192.168.141.220
FATAL out of memory
INFO user 192.168.215.207 logged in
WARN disk usage 192.168.197.186%
DEBUG variable x=192.168.36.209
INFO request from 192.168.107.168
WARN retry attempt 192.168.60.30 for 31613
WARN retry attempt 192.168.82.31 for 75680
DEBUG cache hit for key=192.168.197.186
DEBUG heap size: 192.168.39.155
FATAL segfault at address 0x192.168.107.168
WARN retry attempt 192.168.197.186 for 80077
INFO user 192.168.57.185 logged in
DEBUG cache hit for key=192.168.215.207
DEBUG entering function foo
DEBUG entering function foo
WARN disk usage 192.168.107.168%
FATAL unrecoverable disk error
ERROR file not found: /tmp/192.168.142.104.log
FATAL kernel panic
ERROR null pointer in module 192.168.9.50
INFO request from 192.168.9.50
INFO processed 192.168.142.104 items
INFO processed 192.168.92.139 items
INFO processed 192.168.229.48 items
FATAL segfault at address 0x192.168.215.207
ERROR null pointer in module 192.168.197.186
WARN retry attempt 192.168.92.139 for 96627
FATAL out of memory
ERROR connection timeout 503
WARN slow query: 192.168.178.215ms
INFO request from 192.168.178.6
DEBUG cache hit for key=192.168.141.220
WARN disk usage 192.168.178.6%
DEBUG heap size: 192.168.121.141
DEBUG entering function foo
INFO user 192.168.82.31 logged in
WARN disk usage 192.168.82.31%
ERROR connection timeout 503
DEBUG entering function foo
INFO request from 192.168.92.139
FATAL unrecoverable disk error
WARN disk usage 192.168.60.30%
FATAL unrecoverable disk error
FATAL unrecoverable disk error
INFO connection established
FATAL out of memory
DEBUG entering function foo
FATAL out of memory
INFO user 192.168.142.104 logged in
WARN memory threshold reached: 192.168.121.141MB
WARN retry attempt 192.168.92.139 for 91336
FATAL out of memory
FATAL unrecoverable disk error
INFO request from 192.168.193.243
ERROR connection timeout 503
WARN disk usage 192.168.92.139%
WARN retry attempt 192.168.60.30 for 92803
WARN memory threshold reached: 192.168.215.207MB
DEBUG heap size: 192.168.193.243
WARN disk usage 192.168.142.104%
WARN retry attempt 192.168.92.139 for 49196
WARN retry attempt 192.168.142.104 for 18850
ERROR file not found: /tmp/192.168.211.158.log
DEBUG heap size: 192.168.229.48
INFO request from 192.168.57.185
DEBUG variable x=192.168.9.50
FATAL segfault at address 0x192.168.197.186
INFO user 192.168.219.168 logged in
WARN memory threshold reached: 192.168.189.144MB
FATAL out of memory
DEBUG entering function foo
INFO connection established
FATAL kernel panic
INFO request from 192.168.107.168
DEBUG heap size: 192.168.82.31
ERROR file not found: /tmp/192.168.39.155.log
FATAL segfault at address 0x192.168.215.207
DEBUG variable x=192.168.219.168
WARN disk usage 192.168.189.144%
DEBUG heap size: 192.168.229.48
INFO request from 192.168.92.139
WARN slow query: 192.168.211.158ms
INFO request from 192.168.178.6
ERROR auth failure for user 192.168.193.243
WARN memory threshold reached: 192.168.197.186MB
DEBUG heap size: 192.168.9.50
WARN disk usage 192.168.57.185%
DEBUG entering function foo
FATAL unrecoverable disk error
DEBUG entering function foo
FATAL out of memory
FATAL segfault at address 0x192.168.197.186
WARN memory threshold reached: 192.168.178.215MB
FATAL unrecoverable disk error
INFO connection established
DEBUG cache hit for key=192.168.60.30
INFO connection established
INFO user 192.168.211.158 logged in
DEBUG variable x=192.168.141.220
INFO user 192.168.121.141 logged in
WARN retry attempt 192.168.39.155 for 81364
FATAL segfault at address 0x192.168.215.207
FATAL segfault at address 0x192.168.107.168
INFO request from 192.168.215.207
FATAL unrecoverable disk error
ERROR auth failure for user 192.168.197.186
DEBUG variable x=192.168.211.158
WARN disk usage 192.168.215.207%
FATAL segfault at address 0x192.168.36.209
INFO processed 192.168.141.220 items
ERROR null pointer in module 192.168.189.144
ERROR auth failure for user 192.168.107.168
WARN disk usage 192.168.121.141%
DEBUG cache hit for key=192.168.82.31
FATAL out of memory
ERROR file not found: /tmp/192.168.215.207.log
WARN disk usage 192.168.219.168%
ERROR connection timeout 503
DEBUG cache hit for key=192.168.229.48
DEBUG variable x=192.168.9.50
INFO connection established
DEBUG variable x=192.168.9.50
INFO connection established
FATAL unrecoverable disk error
INFO processed 192.168.189.144 items
FATAL segfault at address 0x192.168.197.186
FATAL unrecoverable disk error
ERROR file not found: /tmp/192.168.197.186.log
WARN memory threshold reached: 192.168.121.141MB
WARN disk usage 192.168.219.168%
WARN disk usage 192.168.9.50%
FATAL kernel panic
ERROR file not found: /tmp/192.168.107.168.log
DEBUG cache hit for key=192.168.178.6
INFO connection established
FATAL segfault at address 0x192.168.39.155
ERROR auth failure for user 192.168.121.141
INFO request from 192.168.142.104
ERROR null pointer in module 192.168.189.144
ERROR file not found: /tmp/192.168.57.185.log
WARN disk usage 192.168.57.185%
WARN memory threshold reached: 192.168.107.168MB
ERROR file not found: /tmp/192.168.193.243.log
FATAL kernel panic
INFO user 192.168.57.185 logged in
ERROR connection timeout 503
FATAL unrecoverable disk error
DEBUG variable x=192.168.229.48
ERROR null pointer in module 192.168.178.215
INFO request from 192.168.211.158
FATAL out of memory
INFO processed 192.168.178.215 items
DEBUG cache hit for key=192.168.197.186
FATAL kernel panic
FATAL kernel panic
DEBUG cache hit for key=192.168.39.155
DEBUG heap size: 192.168.219.168
DEBUG variable x=192.168.189.144
FATAL out of memory
WARN memory threshold reached: 192.168.189.144MB
DEBUG variable x=192.168.107.168
FATAL unrecoverable disk error
INFO connection established
ERROR file not found: /tmp/192.168.82.31.log
WARN slow query: 192.168.107.168ms
FATAL out of memory
INFO processed 192.168.142.104 items
WARN slow query: 192.168.39.155ms
FATAL kernel panic
ERROR file not found: /tmp/192.168.39.155.log
FATAL segfault at address 0x192.168.142.104
FATAL unrecoverable disk error
DEBUG entering function foo
ERROR null pointer in module 192.168.215.207
FATAL unrecoverable disk error
INFO user 192.168.193.243 logged in
ERROR null pointer in module 192.168.39.155
FATAL kernel panic
ERROR auth failure for user 192.168.219.168
ERROR null pointer in module 192.168.57.185
FATAL segfault at address 0x192.168.60.30
WARN memory threshold reached: 192.168.219.168MB
FATAL segfault at address 0x192.168.215.207
FATAL unrecoverable disk error
WARN disk usage 192.168.57.185%
ERROR connection timeout 503
INFO processed 192.168.39.155 items
WARN disk usage 192.168.211.158%
INFO request from 192.168.211.158
FATAL out of memory
INFO request from 192.168.219.168
INFO connection established
DEBUG cache hit for key=192.168.219.168
WARN disk usage 192.168.9.50%
INFO connection established
INFO connection established
INFO user 192.168.219.168 logged in
ERROR file not found: /tmp/192.168.178.215.log
FATAL unrecoverable disk error
ERROR file not found: /tmp/192.168.229.48.log
ERROR null pointer in module 192.168.229.48
WARN memory threshold reached: 192.168.178.6MB
WARN retry attempt 192.168.141.220 for 2094
INFO user 192.168.121.141 logged in
WARN slow query: 192.168.92.139ms
FATAL kernel panic
FATAL segfault at address 0x192.168.107.168
FATAL segfault at address 0x192.168.197.186
INFO processed 192.168.211.158 items
FATAL out of memory
INFO connection established
ERROR null pointer in module 192.168.39.155
INFO request from 192.168.9.50
WARN slow query: 192.168.92.139ms
ERROR file not found: /tmp/192.168.141.220.log
ERROR file not found: /tmp/192.168.92.139.log
DEBUG variable x=192.168.215.207
ERROR connection timeout 503
ERROR auth failure for user 192.168.9.50
WARN memory threshold reached: 192.168.215.207MB
WARN slow query: 192.168.189.144ms
FATAL kernel panic
INFO request from 192.168.107.168
DEBUG variable x=192.168.9.50
ERROR null pointer in module 192.168.39.155
FATAL unrecoverable disk error
WARN retry attempt 192.168.178.6 for 77929
FATAL unrecoverable disk error
INFO connection established
WARN memory threshold reached: 192.168.57.185MB
DEBUG variable x=192.168.142.104
ERROR null pointer in module 192.168.193.243
INFO user 192.168.57.185 logged in
FATAL segfault at address 0x192.168.211.158
ERROR file not found: /tmp/192.168.82.31.log
FATAL out of memory
FATAL segfault at address 0x192.168.211.158
WARN memory threshold reached: 192.168.121.141MB
INFO user 192.168.9.50 logged in
INFO user 192.168.189.144 logged in
WARN slow query: 192.168.229.48ms
FATAL segfault at address 0x192.168.197.186
INFO request from 192.168.82.31
FATAL unrecoverable disk error
WARN memory threshold reached: 192.168.197.186MB
DEBUG cache hit for key=192.168.9.50
WARN disk usage 192.168.197.186%
DEBUG cache hit for key=192.168.142.104
WARN memory threshold reached: 192.168.57.185MB
WARN disk usage 192.168.193.243%
ERROR file not found: /tmp/192.168.9.50.log
ERROR null pointer in module 192.168.215.207
FATAL unrecoverable disk error
WARN slow query: 192.168.193.243ms
DEBUG heap size: 192.168.36.209
INFO user 192.168.142.104 logged in
DEBUG cache hit for key=192.168.39.155
INFO request from 192.168.197.186
FATAL kernel panic
WARN slow query: 192.168.215.207ms
DEBUG entering function foo
INFO processed 192.168.142.104 items
FATAL out of memory
WARN slow query: 192.168.82.31ms
DEBUG entering function foo
INFO user 192.168.36.209 logged in
ERROR null pointer in module 192.168.219.168
ERROR null pointer in module 192.168.219.168
DEBUG cache hit for key=192.168.92.139
WARN disk usage 192.168.39.155%
WARN slow query: 192.168.82.31ms
FATAL segfault at address 0x192.168.189.144
FATAL out of memory
WARN disk usage 192.168.193.243%
DEBUG entering function foo
FATAL unrecoverable disk error
ERROR connection timeout 503
FATAL segfault at address 0x192.168.178.215
ERROR file not found: /tmp/192.168.189.144.log
INFO user 192.168.215.207 logged in
FATAL unrecoverable disk error
DEBUG variable x=192.168.211.158
FATAL unrecoverable disk error
INFO request from 192.168.36.209
WARN disk usage 192.168.39.155%
INFO user 192.168.92.139 logged in
WARN retry attempt 192.168.178.6 for 89348
FATAL out of memory
WARN disk usage 192.168.39.155%
WARN memory threshold reached: 192.168.178.215MB
INFO request from 192.168.82.31
DEBUG entering function foo
INFO user 192.168.215.207 logged in
INFO connection established
ERROR auth failure for user 192.168.197.186
WARN memory threshold reached: 192.168.121.141MB
FATAL kernel panic
WARN disk usage 192.168.39.155%
WARN retry attempt 192.168.215.207 for 46149
FATAL out of memory
INFO user 192.168.142.104 logged in
FATAL segfault at address 0x192.168.193.243
ERROR connection timeout 503
WARN retry attempt 192.168.57.185 for 72236
FATAL unrecoverable disk error
DEBUG cache hit for key=192.168.178.215
FATAL out of memory
FATAL segfault at address 0x192.168.215.207
INFO connection established
ERROR null pointer in module 192.168.57.185
ERROR null pointer in module 192.168.107.168
FATAL kernel panic
ERROR connection timeout 503
FATAL out of memory
INFO processed 192.168.141.220 items
INFO user 192.168.121.141 logged in
ERROR null pointer in module 192.168.9.50
FATAL unrecoverable disk error
DEBUG entering function foo
FATAL segfault at address 0x192.168.60.30
WARN retry attempt 192.168.36.209 for 36196
DEBUG variable x=192.168.36.209
INFO processed 192.168.141.220 items
WARN retry attempt 192.168.36.209 for 11465
INFO user 192.168.215.207 logged in
ERROR connection timeout 503
ERROR connection timeout 503
WARN retry attempt 192.168.193.243 for 19650
DEBUG variable x=192.168.178.215
DEBUG cache hit for key=192.168.178.215
DEBUG cache hit for key=192.168.107.168
FATAL segfault at address 0x192.168.189.144
FATAL segfault at address 0x192.168.107.168
INFO connection established
DEBUG variable x=192.168.39.155
ERROR auth failure for user 192.168.60.30
FATAL unrecoverable disk error
ERROR file not found: /tmp/192.168.211.158.log
WARN retry attempt 192.168.215.207 for 5177
ERROR auth failure for user 192.168.197.186
ERROR connection timeout 503
WARN disk usage 192.168.219.168%
INFO processed 192.168.39.155 items
INFO processed 192.168.60.30 items
FATAL out of memory
DEBUG cache hit for key=192.168.142.104
DEBUG heap size: 192.168.107.168
FATAL unrecoverable disk error
FATAL out of memory
WARN retry attempt 192.168.121.141 for 9548
DEBUG heap size: 192.168.197.186
ERROR file not found: /tmp/192.168.178.6.log
FATAL kernel panic
ERROR file not found: /tmp/192.168.178.6.log
WARN retry attempt 192.168.193.243 for 81112
DEBUG variable x=192.168.107.168
FATAL out of memory
WARN disk usage 192.168.189.144%
INFO user 192.168.215.207 logged in
INFO request from 192.168.178.215
FATAL kernel panic
FATAL out of memory
FATAL out of memory
ERROR connection timeout 503
DEBUG entering function foo
DEBUG entering function foo
ERROR connection timeout 503
DEBUG variable x=192.168.178.215
FATAL unrecoverable disk error
INFO user 192.168.9.50 logged in
ERROR connection timeout 503
FATAL segfault at address 0x192.168.142.104
FATAL unrecoverable disk error
DEBUG heap size: 192.168.82.31
FATAL segfault at address 0x192.168.107.168
FATAL kernel panic
WARN slow query: 192.168.211.158ms
INFO user 192.168.178.215 logged in
ERROR file not found: /tmp/192.168.57.185.log
INFO processed 192.168.219.168 items
INFO user 192.168.219.168 logged in
DEBUG cache hit for key=192.168.39.155
INFO processed 192.168.211.158 items
INFO user 192.168.193.243 logged in
INFO request from 192.168.60.30
WARN slow query: 192.168.189.144ms
DEBUG entering function foo
FATAL out of memory
FATAL segfault at address 0x192.168.178.6
DEBUG variable x=192.168.107.168
WARN slow query: 192.168.219.168ms
INFO processed 192.168.92.139 items
DEBUG cache hit for key=192.168.211.158
FATAL kernel panic
DEBUG heap size: 192.168.229.48
FATAL unrecoverable disk error
ERROR auth failure for user 192.168.197.186
WARN memory threshold reached: 192.168.215.207MB
ERROR null pointer in module 192.168.178.215
INFO request from 192.168.178.215
WARN disk usage 192.168.178.215%
ERROR file not found: /tmp/192.168.39.155.log
ERROR file not found: /tmp/192.168.178.215.log
DEBUG cache hit for key=192.168.60.30
ERROR file not found: /tmp/192.168.215.207.log
INFO connection established
INFO user 192.168.229.48 logged in
ERROR connection timeout 503
WARN retry attempt 192.168.197.186 for 21707
WARN slow query: 192.168.178.6ms
INFO user 192.168.219.168 logged in
WARN slow query: 192.168.189.144ms
INFO user 192.168.142.104 logged in
INFO request from 192.168.36.209
FATAL out of memory
INFO processed 192.168.36.209 items
FATAL segfault at address 0x192.168.9.50
WARN disk usage 192.168.193.243%
WARN memory threshold reached: 192.168.121.141MB
FATAL kernel panic
DEBUG variable x=192.168.9.50
ERROR file not found: /tmp/192.168.211.158.log
ERROR auth failure for user 192.168.39.155
DEBUG heap size: 192.168.211.158
ERROR file not found: /tmp/192.168.36.209.log
INFO connection established
WARN retry attempt 192.168.36.209 for 81981
INFO user 192.168.121.141 logged in
WARN slow query: 192.168.178.6ms
WARN slow query: 192.168.197.186ms
DEBUG variable x=192.168.219.168
FATAL out of memory
DEBUG variable x=192.168.57.185
ERROR connection timeout 503
WARN memory threshold reached: 192.168.141.220MB
DEBUG variable x=192.168.9.50
ERROR file not found: /tmp/192.168.39.155.log
INFO request from 192.168.57.185
INFO user 192.168.121.141 logged in
ERROR connection timeout 503
INFO connection established
WARN slow query: 192.168.57.185ms
FATAL kernel panic
DEBUG heap size: 192.168.219.168
DEBUG entering function foo
INFO request from 192.168.36.209
ERROR connection timeout 503
FATAL unrecoverable disk error
ERROR null pointer in module 192.168.193.243
INFO connection established
WARN retry attempt 192.168.189.144 for 96180
WARN disk usage 192.168.178.6%
ERROR file not found: /tmp/192.168.197.186.log
DEBUG heap size: 192.168.219.168
FATAL segfault at address 0x192.168.215.207
FATAL unrecoverable disk error
INFO user 192.168.92.139 logged in
WARN disk usage 192.168.178.6%
DEBUG variable x=192.168.211.158
FATAL out of memory
DEBUG entering function foo
WARN retry attempt 192.168.229.48 for 47159
DEBUG cache hit for key=192.168.57.185
WARN memory threshold reached: 192.168.9.50MB
INFO request from 192.168.197.186
DEBUG cache hit for key=192.168.92.139
DEBUG variable x=192.168.197.186
WARN slow query: 192.168.178.6ms
INFO user 192.168.57.185 logged in
DEBUG heap size: 192.168.211.158
ERROR connection timeout 503
INFO connection established
FATAL unrecoverable disk error
INFO connection established
DEBUG entering function foo
DEBUG entering function foo
WARN slow query: 192.168.92.139ms
DEBUG cache hit for key=192.168.57.185
FATAL segfault at address 0x192.168.107.168
FATAL kernel panic
DEBUG heap size: 192.168.197.186
FATAL kernel panic
ERROR null pointer in module 192.168.142.104
INFO user 192.168.229.48 logged in
FATAL segfault at address 0x192.168.219.168
DEBUG entering function foo
INFO connection established
DEBUG variable x=192.168.178.6
INFO user 192.168.39.155 logged in
ERROR auth failure for user 192.168.82.31
INFO user 192.168.60.30 logged in
FATAL unrecoverable disk error
DEBUG heap size: 192.168.219.168
DEBUG entering function foo
WARN memory threshold reached: 192.168.219.168MB
FATAL out of memory
INFO request from 192.168.142.104
INFO processed 192.168.219.168 items
INFO request from 192.168.36.209
WARN slow query: 192.168.82.31ms
INFO connection established
INFO request from 192.168.211.158
WARN retry attempt 192.168.178.215 for 44340
DEBUG heap size: 192.168.197.186
DEBUG heap size: 192.168.215.207
FATAL unrecoverable disk error
WARN slow query: 192.168.193.243ms
WARN slow query: 192.168.193.243ms
FATAL unrecoverable disk error
FATAL unrecoverable disk error
FATAL kernel panic
FATAL out of memory
INFO request from 192.168.107.168
INFO request from 192.168.92.139
ERROR file not found: /tmp/192.168.57.185.log
WARN memory threshold reached: 192.168.92.139MB
DEBUG variable x=192.168.107.168
FATAL kernel panic
FATAL segfault at address 0x192.168.57.185
DEBUG cache hit for key=192.168.39.155
FATAL unrecoverable disk error
FATAL segfault at address 0x192.168.121.141
FATAL kernel panic
ERROR null pointer in module 192.168.9.50
FATAL kernel panic
DEBUG heap size: 192.168.60.30
FATAL unrecoverable disk error
INFO processed 192.168.9.50 items
FATAL unrecoverable disk error
ERROR connection timeout 503
INFO connection established
FATAL kernel panic
WARN disk usage 192.168.9.50%
DEBUG entering function foo
FATAL out of memory
INFO request from 192.168.178.215
DEBUG cache hit for key=192.168.82.31
DEBUG heap size: 192.168.107.168
DEBUG cache hit for key=192.168.107.168
WARN disk usage 192.168.215.207%
FATAL kernel panic
DEBUG variable x=192.168.92.139
FATAL unrecoverable disk error
INFO connection established
DEBUG variable x=192.168.211.158
WARN slow query: 192.168.178.215ms
WARN retry attempt 192.168.215.207 for 9022
FATAL kernel panic
FATAL kernel panic
INFO user 192.168.229.48 logged in
INFO connection established
ERROR null pointer in module 192.168.57.185
ERROR null pointer in module 192.168.60.30
INFO user 192.168.197.186 logged in
INFO user 192.168.82.31 logged in
DEBUG cache hit for key=192.168.178.215
DEBUG entering function foo
ERROR connection timeout 503
WARN slow query: 192.168.82.31ms
INFO user 192.168.142.104 logged in
WARN memory threshold reached: 192.168.92.139MB
DEBUG cache hit for key=192.168.121.141
WARN slow query: 192.168.57.185ms
WARN memory threshold reached: 192.168.189.144MB
INFO connection established
WARN memory threshold reached: 192.168.107.168MB
WARN retry attempt 192.168.211.158 for 11496
INFO request from 192.168.193.243
WARN memory threshold reached: 192.168.178.6MB
DEBUG entering function foo
WARN retry attempt 192.168.9.50 for 99711
DEBUG variable x=192.168.121.141
DEBUG cache hit for key=192.168.142.104
ERROR auth failure for user 192.168.9.50
INFO processed 192.168.197.186 items
INFO processed 192.168.36.209 items
INFO processed 192.168.121.141 items
FATAL out of memory
ERROR auth failure for user 192.168.193.243
DEBUG entering function foo
DEBUG cache hit for key=192.168.141.220
INFO user 192.168.60.30 logged in
DEBUG cache hit for key=192.168.60.30
FATAL out of memory
INFO request from 192.168.197.186
ERROR connection timeout 503
DEBUG variable x=192.168.142.104
DEBUG entering function foo
FATAL out of memory
INFO request from 192.168.178.215
FATAL kernel panic
INFO request from 192.168.60.30
INFO processed 192.168.215.207 items
FATAL kernel panic
ERROR auth failure for user 192.168.197.186
WARN memory threshold reached: 192.168.92.139MB
DEBUG variable x=192.168.121.141
ERROR connection timeout 503
WARN disk usage 192.168.211.158%
ERROR file not found: /tmp/192.168.211.158.log
ERROR connection timeout 503
ERROR connection timeout 503
ERROR null pointer in module 192.168.197.186
INFO user 192.168.60.30 logged in
INFO processed 192.168.121.141 items
FATAL segfault at address 0x192.168.60.30
DEBUG cache hit for key=192.168.92.139
WARN retry attempt 192.168.9.50 for 4261
DEBUG variable x=192.168.189.144
WARN slow query: 192.168.142.104ms
INFO connection established
ERROR null pointer in module 192.168.229.48
DEBUG cache hit for key=192.168.9.50
WARN memory threshold reached: 192.168.57.185MB
WARN slow query: 192.168.211.158ms
WARN slow query: 192.168.57.185ms
FATAL unrecoverable disk error
ERROR auth failure for user 192.168.107.168
FATAL segfault at address 0x192.168.178.215
DEBUG entering function foo
FATAL segfault at address 0x192.168.57.185
INFO user 192.168.197.186 logged in
DEBUG entering function foo
WARN memory threshold reached: 192.168.178.6MB
ERROR auth failure for user 192.168.141.220
DEBUG variable x=192.168.211.158
INFO connection established
WARN retry attempt 192.168.229.48 for 27034
INFO request from 192.168.189.144
INFO processed 192.168.219.168 items
WARN memory threshold reached: 192.168.121.141MB
ERROR null pointer in module 192.168.178.6
DEBUG cache hit for key=192.168.193.243
INFO request from 192.168.142.104
ERROR file not found: /tmp/192.168.193.243.log
WARN memory threshold reached: 192.168.219.168MB
INFO request from 192.168.193.243
DEBUG heap size: 192.168.57.185
DEBUG variable x=192.168.215.207
INFO request from 192.168.193.243
WARN slow query: 192.168.229.48ms
ERROR null pointer in module 192.168.215.207
FATAL kernel panic
WARN disk usage 192.168.36.209%
ERROR null pointer in module 192.168.36.209
FATAL unrecoverable disk error
INFO user 192.168.92.139 logged in
WARN memory threshold reached: 192.168.36.209MB
DEBUG cache hit for key=192.168.193.243
WARN slow query: 192.168.211.158ms
DEBUG variable x=192.168.219.168
INFO connection established
FATAL segfault at address 0x192.168.189.144
WARN disk usage 192.168.178.6%
WARN slow query: 192.168.92.139ms
ERROR connection timeout 503
INFO request from 192.168.197.186
DEBUG cache hit for key=192.168.121.141
INFO user 192.168.178.215 logged in
DEBUG entering function foo
INFO processed 192.168.215.207 items
INFO request from 192.168.107.168
FATAL unrecoverable disk error
INFO user 192.168.39.155 logged in
WARN disk usage 192.168.215.207%
WARN slow query: 192.168.178.6ms
WARN disk usage 192.168.219.168%
DEBUG cache hit for key=192.168.189.144
FATAL out of memory
WARN slow query: 192.168.36.209ms
DEBUG heap size: 192.168.36.209
FATAL segfault at address 0x192.168.141.220
FATAL kernel panic
DEBUG entering function foo
WARN disk usage 192.168.189.144%
FATAL kernel panic
ERROR file not found: /tmp/192.168.107.168.log
DEBUG variable x=192.168.193.243
FATAL segfault at address 0x192.168.57.185
WARN disk usage 192.168.215.207%
WARN disk usage 192.168.197.186%
INFO processed 192.168.39.155 items
ERROR null pointer in module 192.168.211.158
INFO user 192.168.178.6 logged in
ERROR file not found: /tmp/192.168.211.158.log
INFO user 192.168.82.31 logged in
ERROR auth failure for user 192.168.197.186
WARN retry attempt 192.168.60.30 for 27480
WARN memory threshold reached: 192.168.9.50MB
DEBUG entering function foo
DEBUG heap size: 192.168.92.139
WARN memory threshold reached: 192.168.219.168MB
DEBUG variable x=192.168.57.185
WARN memory threshold reached: 192.168.82.31MB
INFO request from 192.168.197.186
FATAL out of memory
ERROR null pointer in module 192.168.57.185
WARN slow query: 192.168.82.31ms
WARN retry attempt 192.168.189.144 for 31326
INFO connection established
INFO processed 192.168.121.141 items
INFO user 192.168.92.139 logged in
INFO request from 192.168.215.207
INFO processed 192.168.60.30 items
INFO processed 192.168.219.168 items
ERROR connection timeout 503
WARN disk usage 192.168.197.186%
FATAL unrecoverable disk error
FATAL unrecoverable disk error
WARN slow query: 192.168.92.139ms
DEBUG cache hit for key=192.168.107.168
FATAL out of memory
WARN disk usage 192.168.107.168%
ERROR file not found: /tmp/192.168.82.31.log
INFO user 192.168.219.168 logged in
WARN slow query: 192.168.211.158ms
DEBUG entering function foo
DEBUG variable x=192.168.141.220
INFO connection established
ERROR connection timeout 503
WARN slow query: 192.168.36.209ms
DEBUG entering function foo
ERROR auth failure for user 192.168.178.6
FATAL segfault at address 0x192.168.189.144
WARN slow query: 192.168.82.31ms
WARN disk usage 192.168.36.209%
WARN disk usage 192.168.121.141%
ERROR null pointer in module 192.168.39.155
WARN memory threshold reached: 192.168.9.50MB
FATAL kernel panic
FATAL kernel panic
DEBUG entering function foo
WARN disk usage 192.168.189.144%
ERROR auth failure for user 192.168.197.186
INFO user 192.168.121.141 logged in
ERROR null pointer in module 192.168.107.168
DEBUG entering function foo
WARN slow query: 192.168.193.243ms
ERROR file not found: /tmp/192.168.178.6.log
WARN slow query: 192.168.219.168ms
INFO user 192.168.229.48 logged in
INFO request from 192.168.178.6
ERROR null pointer in module 192.168.197.186
WARN disk usage 192.168.39.155%
FATAL out of memory
WARN slow query: 192.168.60.30ms
INFO user 192.168.211.158 logged in
FATAL segfault at address 0x192.168.211.158
FATAL out of memory
DEBUG cache hit for key=192.168.39.155
WARN retry attempt 192.168.215.207 for 58133
ERROR null pointer in module 192.168.121.141
ERROR file not found: /tmp/192.168.57.185.log
WARN disk usage 192.168.107.168%
INFO connection established
ERROR auth failure for user 192.168.9.50
WARN disk usage 192.168.39.155%
INFO processed 192.168.178.215 items
WARN memory threshold reached: 192.168.57.185MB
WARN slow query: 192.168.178.6ms
WARN disk usage 192.168.36.209%
ERROR connection timeout 503
WARN retry attempt 192.168.82.31 for 41487
ERROR auth failure for user 192.168.57.185
FATAL unrecoverable disk error
WARN memory threshold reached: 192.168.193.243MB
DEBUG entering function foo
FATAL unrecoverable disk error
INFO request from 192.168.215.207
FATAL kernel panic
DEBUG cache hit for key=192.168.107.168
FATAL segfault at address 0x192.168.178.215
ERROR file not found: /tmp/192.168.141.220.log
DEBUG variable x=192.168.229.48
DEBUG variable x=192.168.197.186
FATAL kernel panic
ERROR file not found: /tmp/192.168.229.48.log
FATAL segfault at address 0x192.168.189.144
INFO processed 192.168.142.104 items
INFO request from 192.168.39.155
DEBUG cache hit for key=192.168.189.144
WARN slow query: 192.168.121.141ms
WARN slow query: 192.168.197.186ms
FATAL kernel panic
INFO connection established
DEBUG variable x=192.168.39.155
DEBUG cache hit for key=192.168.219.168
INFO processed 192.168.82.31 items
WARN disk usage 192.168.197.186%
FATAL kernel panic
DEBUG heap size: 192.168.229.48
ERROR connection timeout 503
ERROR file not found: /tmp/192.168.57.185.log
WARN slow query: 192.168.189.144ms
INFO user 192.168.60.30 logged in
DEBUG entering function foo
FATAL segfault at address 0x192.168.193.243
WARN disk usage 192.168.39.155%
ERROR null pointer in module 192.168.57.185
INFO connection established
WARN slow query: 192.168.229.48ms
DEBUG heap size: 192.168.197.186
ERROR connection timeout 503
ERROR null pointer in module 192.168.189.144
DEBUG heap size: 192.168.36.209
FATAL kernel panic
ERROR null pointer in module 192.168.197.186
FATAL kernel panic
INFO processed 192.168.9.50 items
DEBUG variable x=192.168.178.6
ERROR null pointer in module 192.168.92.139
DEBUG variable x=192.168.189.144
INFO request from 192.168.141.220
FATAL out of memory
ERROR file not found: /tmp/192.168.189.144.log
FATAL out of memory
INFO request from 192.168.121.141
WARN retry attempt 192.168.107.168 for 41542
ERROR auth failure for user 192.168.9.50
WARN retry attempt 192.168.121.141 for 74630
ERROR file not found: /tmp/192.168.141.220.log
FATAL segfault at address 0x192.168.178.215
ERROR connection timeout 503
DEBUG cache hit for key=192.168.215.207
INFO request from 192.168.178.6
FATAL out of memory
ERROR connection timeout 503
INFO user 192.168.92.139 logged in
DEBUG entering function foo
INFO user 192.168.229.48 logged in
FATAL kernel panic
ERROR file not found: /tmp/192.168.189.144.log
DEBUG cache hit for key=192.168.60.30
DEBUG variable x=192.168.219.168
INFO request from 192.168.107.168
WARN memory threshold reached: 192.168.211.158MB
ERROR null pointer in module 192.168.39.155
INFO request from 192.168.39.155
DEBUG cache hit for key=192.168.57.185
DEBUG variable x=192.168.211.158
FATAL kernel panic
FATAL unrecoverable disk error
ERROR null pointer in module 192.168.189.144
DEBUG cache hit for key=192.168.39.155
FATAL unrecoverable disk error
FATAL out of memory
WARN memory threshold reached: 192.168.211.158MB
INFO processed 192.168.82.31 items
WARN disk usage 192.168.193.243%
DEBUG heap size: 192.168.189.144
DEBUG cache hit for key=192.168.215.207
ERROR connection timeout 503
WARN disk usage 192.168.197.186%
INFO connection established
DEBUG entering function foo
FATAL unrecoverable disk error
ERROR null pointer in module 192.168.193.243
ERROR file not found: /tmp/192.168.57.185.log
ERROR file not found: /tmp/192.168.178.215.log
DEBUG cache hit for key=192.168.141.220
ERROR file not found: /tmp/192.168.197.186.log
ERROR connection timeout 503
ERROR null pointer in module 192.168.9.50
WARN retry attempt 192.168.60.30 for 16511
FATAL kernel panic
FATAL unrecoverable disk error
FATAL segfault at address 0x192.168.39.155
INFO connection established
WARN disk usage 192.168.219.168%
DEBUG heap size: 192.168.57.185
WARN memory threshold reached: 192.168.178.6MB
FATAL segfault at address 0x192.168.189.144
FATAL kernel panic
INFO user 192.168.57.185 logged in
DEBUG variable x=192.168.193.243
ERROR auth failure for user 192.168.36.209
FATAL unrecoverable disk error
DEBUG cache hit for key=192.168.178.6
INFO processed 192.168.92.139 items
WARN retry attempt 192.168.219.168 for 16709
FATAL kernel panic
ERROR connection timeout 503
FATAL kernel panic
ERROR file not found: /tmp/192.168.36.209.log
WARN disk usage 192.168.141.220%
FATAL out of memory
ERROR connection timeout 503
INFO user 192.168.82.31 logged in
FATAL unrecoverable disk error
WARN retry attempt 192.168.82.31 for 64631
INFO processed 192.168.39.155 items
DEBUG entering function foo
DEBUG cache hit for key=192.168.92.139
INFO processed 192.168.189.144 items
ERROR null pointer in module 192.168.197.186
ERROR null pointer in module 192.168.82.31
ERROR file not found: /tmp/192.168.39.155.log
ERROR null pointer in module 192.168.57.185
DEBUG cache hit for key=192.168.92.139
FATAL out of memory
ERROR connection timeout 503
ERROR auth failure for user 192.168.229.48
ERROR auth failure for user 192.168.193.243
WARN slow query: 192.168.189.144ms
WARN retry attempt 192.168.57.185 for 83401
WARN disk usage 192.168.121.141%
FATAL kernel panic
WARN slow query: 192.168.178.6ms
DEBUG heap size: 192.168.141.220
DEBUG heap size: 192.168.197.186
WARN slow query: 192.168.193.243ms
DEBUG variable x=192.168.229.48
FATAL out of memory
WARN retry attempt 192.168.178.6 for 4378
WARN memory threshold reached: 192.168.189.144MB
ERROR file not found: /tmp/192.168.189.144.log
INFO user 192.168.219.168 logged in
INFO request from 192.168.215.207
ERROR connection timeout 503
INFO processed 192.168.189.144 items
WARN retry attempt 192.168.211.158 for 78463
INFO connection established
DEBUG variable x=192.168.82.31
WARN memory threshold reached: 192.168.197.186MB
ERROR connection timeout 503
INFO request from 192.168.60.30
DEBUG heap size: 192.168.193.243
ERROR connection timeout 503
INFO processed 192.168.211.158 items
DEBUG entering function foo
ERROR file not found: /tmp/192.168.197.186.log
INFO connection established
FATAL segfault at address 0x192.168.193.243
WARN memory threshold reached: 192.168.211.158MB
ERROR null pointer in module 192.168.39.155
DEBUG entering function foo
DEBUG entering function foo
WARN disk usage 192.168.215.207%
WARN retry attempt 192.168.189.144 for 65147
INFO connection established
WARN disk usage 192.168.219.168%
ERROR connection timeout 503
FATAL kernel panic
WARN retry attempt 192.168.229.48 for 28351
DEBUG variable x=192.168.189.144
DEBUG heap size: 192.168.57.185
FATAL out of memory
ERROR file not found: /tmp/192.168.9.50.log
FATAL unrecoverable disk error
ERROR connection timeout 503
ERROR null pointer in module 192.168.9.50
WARN slow query: 192.168.142.104ms
ERROR auth failure for user 192.168.36.209
DEBUG entering function foo
FATAL segfault at address 0x192.168.82.31
FATAL kernel panic
ERROR null pointer in module 192.168.9.50
DEBUG entering function foo
WARN slow query: 192.168.229.48ms
INFO request from 192.168.36.209
ERROR connection timeout 503
DEBUG heap size: 192.168.60.30
WARN retry attempt 192.168.178.215 for 68274
DEBUG heap size: 192.168.219.168
FATAL unrecoverable disk error
INFO processed 192.168.142.104 items
WARN slow query: 192.168.92.139ms
WARN slow query: 192.168.215.207ms
INFO request from 192.168.193.243
WARN memory threshold reached: 192.168.211.158MB
FATAL kernel panic
ERROR file not found: /tmp/192.168.9.50.log
DEBUG heap size: 192.168.107.168
FATAL unrecoverable disk error
ERROR file not found: /tmp/192.168.60.30.log
DEBUG heap size: 192.168.57.185
INFO user 192.168.82.31 logged in
FATAL segfault at address 0x192.168.60.30
DEBUG entering function foo
INFO processed 192.168.39.155 items
INFO user 192.168.229.48 logged in
WARN disk usage 192.168.39.155%
ERROR file not found: /tmp/192.168.9.50.log
ERROR file not found: /tmp/192.168.92.139.log
WARN slow query: 192.168.178.6ms
DEBUG variable x=192.168.211.158
WARN slow query: 192.168.57.185ms
FATAL out of memory
WARN retry attempt 192.168.39.155 for 79768
WARN disk usage 192.168.39.155%
ERROR file not found: /tmp/192.168.178.6.log
INFO processed 192.168.211.158 items
ERROR file not found: /tmp/192.168.193.243.log
INFO connection established
WARN memory threshold reached: 192.168.9.50MB
WARN disk usage 192.168.178.6%
ERROR null pointer in module 192.168.36.209
INFO processed 192.168.9.50 items
WARN disk usage 192.168.142.104%
DEBUG cache hit for key=192.168.178.6
DEBUG heap size: 192.168.215.207
ERROR null pointer in module 192.168.9.50
INFO user 192.168.229.48 logged in
INFO connection established
FATAL unrecoverable disk error
INFO processed 192.168.141.220 items
DEBUG variable x=192.168.178.6
FATAL unrecoverable disk error
ERROR connection timeout 503
WARN disk usage 192.168.82.31%
FATAL unrecoverable disk error
DEBUG variable x=192.168.189.144
WARN memory threshold reached: 192.168.9.50MB
WARN disk usage 192.168.36.209%
ERROR auth failure for user 192.168.197.186
DEBUG cache hit for key=192.168.219.168
WARN slow query: 192.168.57.185ms
ERROR connection timeout 503
INFO user 192.168.193.243 logged in
INFO processed 192.168.60.30 items
ERROR file not found: /tmp/192.168.107.168.log
ERROR null pointer in module 192.168.36.209
INFO connection established
INFO connection established
ERROR null pointer in module 192.168.82.31
DEBUG variable x=192.168.57.185
FATAL unrecoverable disk error
WARN retry attempt 192.168.36.209 for 58959
FATAL unrecoverable disk error
ERROR file not found: /tmp/192.168.193.243.log
ERROR null pointer in module 192.168.9.50
WARN disk usage 192.168.92.139%
DEBUG variable x=192.168.57.185
WARN memory threshold reached: 192.168.193.243MB
ERROR connection timeout 503
ERROR connection timeout 503
INFO connection established
WARN disk usage 192.168.60.30%
WARN slow query: 192.168.142.104ms
FATAL segfault at address 0x192.168.178.215
DEBUG heap size: 192.168.211.158
DEBUG entering function foo
WARN retry attempt 192.168.57.185 for 39867
FATAL segfault at address 0x192.168.197.186
DEBUG heap size: 192.168.107.168
ERROR file not found: /tmp/192.168.215.207.log
FATAL unrecoverable disk error
WARN memory threshold reached: 192.168.215.207MB
DEBUG entering function foo
ERROR auth failure for user 192.168.178.6
INFO connection established
ERROR null pointer in module 192.168.219.168
ERROR auth failure for user 192.168.121.141
WARN disk usage 192.168.57.185%
ERROR file not found: /tmp/192.168.57.185.log
FATAL segfault at address 0x192.168.107.168
INFO processed 192.168.215.207 items
ERROR auth failure for user 192.168.107.168
DEBUG heap size: 192.168.178.215
FATAL kernel panic
DEBUG entering function foo
WARN slow query: 192.168.141.220ms
DEBUG entering function foo
WARN slow query: 192.168.39.155ms
INFO processed 192.168.211.158 items
DEBUG heap size: 192.168.219.168
WARN disk usage 192.168.141.220%
INFO user 192.168.141.220 logged in
DEBUG heap size: 192.168.82.31
INFO user 192.168.193.243 logged in
WARN disk usage 192.168.211.158%
INFO request from 192.168.82.31
ERROR connection timeout 503
DEBUG variable x=192.168.141.220
INFO processed 192.168.141.220 items
DEBUG variable x=192.168.57.185
FATAL out of memory
ERROR auth failure for user 192.168.82.31
ERROR null pointer in module 192.168.229.48
INFO connection established
DEBUG entering function foo
ERROR null pointer in module 192.168.193.243
WARN memory threshold reached: 192.168.92.139MB
ERROR auth failure for user 192.168.142.104
FATAL kernel panic
ERROR auth failure for user 192.168.82.31
FATAL segfault at address 0x192.168.36.209
WARN slow query: 192.168.178.6ms
FATAL unrecoverable disk error
FATAL unrecoverable disk error
DEBUG entering function foo
WARN slow query: 192.168.36.209ms
FATAL segfault at address 0x192.168.82.31
WARN memory threshold reached: 192.168.121.141MB
WARN retry attempt 192.168.215.207 for 45351
ERROR connection timeout 503
FATAL out of memory
DEBUG variable x=192.168.36.209
DEBUG variable x=192.168.215.207
DEBUG variable x=192.168.197.186
ERROR auth failure for user 192.168.178.6
FATAL unrecoverable disk error
DEBUG variable x=192.168.60.30
DEBUG cache hit for key=192.168.219.168
ERROR null pointer in module 192.168.57.185
FATAL kernel panic
DEBUG heap size: 192.168.189.144
FATAL segfault at address 0x192.168.57.185
INFO connection established
INFO user 192.168.178.215 logged in
DEBUG variable x=192.168.57.185
INFO processed 192.168.219.168 items
INFO request from 192.168.121.141
WARN disk usage 192.168.57.185%
ERROR file not found: /tmp/192.168.121.141.log
INFO request from 192.168.9.50
FATAL out of memory
FATAL segfault at address 0x192.168.57.185
WARN slow query: 192.168.57.185ms
DEBUG cache hit for key=192.168.39.155
DEBUG entering function foo
ERROR auth failure for user 192.168.82.31
INFO processed 192.168.215.207 items
WARN retry attempt 192.168.60.30 for 35408
ERROR null pointer in module 192.168.219.168
INFO connection established
INFO user 192.168.121.141 logged in
FATAL segfault at address 0x192.168.9.50
WARN retry attempt 192.168.219.168 for 16093
INFO processed 192.168.215.207 items
WARN memory threshold reached: 192.168.9.50MB
DEBUG entering function foo
DEBUG heap size: 192.168.141.220
DEBUG variable x=192.168.142.104
DEBUG cache hit for key=192.168.9.50
ERROR auth failure for user 192.168.189.144
INFO user 192.168.36.209 logged in
FATAL unrecoverable disk error
ERROR null pointer in module 192.168.82.31
WARN disk usage 192.168.57.185%
DEBUG cache hit for key=192.168.107.168
ERROR auth failure for user 192.168.107.168
WARN retry attempt 192.168.82.31 for 95804
ERROR null pointer in module 192.168.121.141
INFO processed 192.168.178.6 items
DEBUG heap size: 192.168.189.144
FATAL out of memory
WARN slow query: 192.168.178.215ms
WARN slow query: 192.168.36.209ms
WARN disk usage 192.168.141.220%
FATAL kernel panic
ERROR auth failure for user 192.168.178.215
ERROR file not found: /tmp/192.168.82.31.log
WARN slow query: 192.168.142.104ms
DEBUG heap size: 192.168.229.48
WARN slow query: 192.168.141.220ms
DEBUG entering function foo
INFO request from 192.168.141.220
DEBUG variable x=192.168.9.50
ERROR null pointer in module 192.168.36.209
WARN disk usage 192.168.9.50%
DEBUG entering function foo
WARN disk usage 192.168.211.158%
ERROR auth failure for user 192.168.229.48
ERROR auth failure for user 192.168.57.185
DEBUG entering function foo
ERROR auth failure for user 192.168.211.158
INFO processed 192.168.229.48 items
DEBUG heap size: 192.168.60.30
FATAL kernel panic
ERROR connection timeout 503
INFO user 192.168.197.186 logged in
WARN slow query: 192.168.82.31ms
WARN disk usage 192.168.142.104%
DEBUG variable x=192.168.92.139
FATAL out of memory
DEBUG heap size: 192.168.211.158
INFO connection established
INFO connection established
DEBUG cache hit for key=192.168.36.209
INFO user 192.168.178.215 logged in
INFO connection established
FATAL kernel panic
FATAL unrecoverable disk error
FATAL unrecoverable disk error
FATAL unrecoverable disk error
FATAL kernel panic
INFO request from 192.168.57.185
DEBUG variable x=192.168.211.158
FATAL unrecoverable disk error
ERROR file not found: /tmp/192.168.36.209.log
WARN retry attempt 192.168.215.207 for 77816
FATAL out of memory
FATAL unrecoverable disk error
WARN memory threshold reached: 192.168.9.50MB
WARN disk usage 192.168.178.215%
DEBUG cache hit for key=192.168.193.243
WARN slow query: 192.168.9.50ms
DEBUG entering function foo
INFO user 192.168.9.50 logged in
DEBUG variable x=192.168.211.158
WARN retry attempt 192.168.197.186 for 46672
ERROR auth failure for user 192.168.141.220
INFO user 192.168.229.48 logged in
DEBUG cache hit for key=192.168.178.6
INFO processed 192.168.215.207 items
DEBUG cache hit for key=192.168.9.50
WARN disk usage 192.168.9.50%
FATAL out of memory
ERROR connection timeout 503
WARN disk usage 192.168.211.158%
WARN memory threshold reached: 192.168.219.168MB
INFO connection established
FATAL out of memory
WARN slow query: 192.168.9.50ms
ERROR file not found: /tmp/192.168.142.104.log
INFO processed 192.168.215.207 items
FATAL kernel panic
FATAL out of memory
WARN memory threshold reached: 192.168.141.220MB
ERROR auth failure for user 192.168.121.141
WARN retry attempt 192.168.9.50 for 11196
WARN memory threshold reached: 192.168.229.48MB
WARN retry attempt 192.168.142.104 for 13385
FATAL kernel panic
ERROR null pointer in module 192.168.9.50
ERROR file not found: /tmp/192.168.215.207.log
WARN memory threshold reached: 192.168.121.141MB
DEBUG variable x=192.168.9.50
DEBUG entering function foo
FATAL kernel panic
INFO processed 192.168.92.139 items
INFO request from 192.168.197.186
FATAL out of memory
FATAL segfault at address 0x192.168.229.48
ERROR null pointer in module 192.168.197.186
ERROR connection timeout 503
ERROR connection timeout 503
DEBUG cache hit for key=192.168.60.30
WARN disk usage 192.168.36.209%
INFO connection established
DEBUG cache hit for key=192.168.211.158
INFO user 192.168.141.220 logged in
FATAL segfault at address 0x192.168.219.168
INFO connection established
INFO connection established
DEBUG heap size: 192.168.121.141
WARN slow query: 192.168.82.31ms
ERROR null pointer in module 192.168.82.31
FATAL segfault at address 0x192.168.57.185
ERROR file not found: /tmp/192.168.121.141.log
FATAL segfault at address 0x192.168.39.155
FATAL segfault at address 0x192.168.57.185
FATAL kernel panic
FATAL kernel panic
DEBUG cache hit for key=192.168.229.48
ERROR auth failure for user 192.168.57.185
DEBUG heap size: 192.168.36.209
ERROR auth failure for user 192.168.39.155
DEBUG entering function foo
ERROR file not found: /tmp/192.168.219.168.log
DEBUG entering function foo
INFO processed 192.168.142.104 items
ERROR auth failure for user 192.168.57.185
WARN disk usage 192.168.219.168%
FATAL out of memory
FATAL unrecoverable disk error
INFO request from 192.168.229.48
DEBUG entering function foo
FATAL out of memory
DEBUG entering function foo
FATAL segfault at address 0x192.168.92.139
DEBUG heap size: 192.168.142.104
INFO connection established
ERROR file not found: /tmp/192.168.141.220.log
INFO user 192.168.189.144 logged in
FATAL kernel panic
INFO connection established
DEBUG entering function foo
ERROR null pointer in module 192.168.142.104
FATAL out of memory
ERROR file not found: /tmp/192.168.142.104.log
WARN disk usage 192.168.178.215%
ERROR null pointer in module 192.168.57.185
DEBUG cache hit for key=192.168.9.50
INFO user 192.168.229.48 logged in
INFO user 192.168.82.31 logged in
WARN memory threshold reached: 192.168.197.186MB
DEBUG heap size: 192.168.193.243
ERROR null pointer in module 192.168.211.158
INFO request from 192.168.57.185
ERROR connection timeout 503
WARN slow query: 192.168.39.155ms
INFO request from 192.168.92.139
WARN memory threshold reached: 192.168.36.209MB
ERROR auth failure for user 192.168.60.30
FATAL unrecoverable disk error
WARN retry attempt 192.168.178.215 for 87062
INFO request from 192.168.229.48
WARN memory threshold reached: 192.168.178.6MB
INFO request from 192.168.107.168
WARN disk usage 192.168.229.48%
DEBUG entering function foo
INFO user 192.168.92.139 logged in
FATAL segfault at address 0x192.168.215.207
DEBUG entering function foo
WARN retry attempt 192.168.219.168 for 28264
FATAL segfault at address 0x192.168.219.168
FATAL kernel panic
ERROR file not found: /tmp/192.168.141.220.log
INFO user 192.168.193.243 logged in
ERROR auth failure for user 192.168.211.158
INFO user 192.168.178.215 logged in
DEBUG variable x=192.168.60.30
DEBUG heap size: 192.168.197.186
FATAL kernel panic
DEBUG heap size: 192.168.39.155
ERROR auth failure for user 192.168.107.168
FATAL out of memory
ERROR file not found: /tmp/192.168.178.6.log
INFO connection established
WARN memory threshold reached: 192.168.142.104MB
FATAL kernel panic
INFO user 192.168.189.144 logged in
WARN retry attempt 192.168.36.209 for 33284
DEBUG cache hit for key=192.168.219.168
FATAL unrecoverable disk error
WARN memory threshold reached: 192.168.107.168MB
INFO connection established
WARN memory threshold reached: 192.168.57.185MB
FATAL out of memory
FATAL unrecoverable disk error
FATAL segfault at address 0x192.168.142.104
FATAL out of memory
DEBUG cache hit for key=192.168.141.220
INFO processed 192.168.92.139 items
WARN disk usage 192.168.229.48%
INFO user 192.168.82.31 logged in
WARN slow query: 192.168.197.186ms
DEBUG variable x=192.168.193.243
DEBUG cache hit for key=192.168.189.144
DEBUG cache hit for key=192.168.92.139
ERROR null pointer in module 192.168.142.104
DEBUG cache hit for key=192.168.9.50
WARN slow query: 192.168.229.48ms
FATAL kernel panic
FATAL out of memory
DEBUG heap size: 192.168.39.155
INFO processed 192.168.121.141 items
ERROR auth failure for user 192.168.219.168
ERROR auth failure for user 192.168.219.168
DEBUG variable x=192.168.178.215
FATAL segfault at address 0x192.168.107.168
ERROR connection timeout 503
DEBUG heap size: 192.168.211.158
WARN disk usage 192.168.211.158%
DEBUG entering function foo
ERROR file not found: /tmp/192.168.57.185.log
FATAL kernel panic
INFO request from 192.168.60.30
FATAL unrecoverable disk error
ERROR null pointer in module 192.168.82.31
DEBUG entering function foo
ERROR file not found: /tmp/192.168.178.6.log
DEBUG entering function foo
WARN disk usage 192.168.92.139%
FATAL segfault at address 0x192.168.57.185
FATAL kernel panic
DEBUG heap size: 192.168.178.215
INFO processed 192.168.229.48 items
INFO connection established
DEBUG cache hit for key=192.168.178.215
FATAL out of memory
INFO connection established
WARN slow query: 192.168.82.31ms
FATAL out of memory
FATAL segfault at address 0x192.168.9.50
WARN memory threshold reached: 192.168.36.209MB
DEBUG cache hit for key=192.168.229.48
ERROR auth failure for user 192.168.193.243
WARN disk usage 192.168.121.141%
FATAL kernel panic
ERROR connection timeout 503
FATAL out of memory
ERROR auth failure for user 192.168.9.50
ERROR null pointer in module 192.168.189.144
INFO user 192.168.141.220 logged in
FATAL out of memory
FATAL segfault at address 0x192.168.178.6
ERROR null pointer in module 192.168.36.209
INFO user 192.168.107.168 logged in
FATAL out of memory
ERROR file not found: /tmp/192.168.211.158.log
DEBUG heap size: 192.168.197.186
ERROR file not found: /tmp/192.168.82.31.log
DEBUG variable x=192.168.193.243
INFO request from 192.168.121.141
FATAL kernel panic
WARN memory threshold reached: 192.168.142.104MB
DEBUG heap size: 192.168.60.30
DEBUG entering function foo
DEBUG cache hit for key=192.168.60.30
ERROR null pointer in module 192.168.189.144
FATAL out of memory
DEBUG cache hit for key=192.168.82.31
FATAL out of memory
WARN retry attempt 192.168.229.48 for 11433
FATAL segfault at address 0x192.168.121.141
DEBUG entering function foo
ERROR file not found: /tmp/192.168.57.185.log
ERROR file not found: /tmp/192.168.9.50.log
INFO processed 192.168.178.6 items
INFO request from 192.168.39.155
WARN memory threshold reached: 192.168.142.104MB
INFO connection established
FATAL unrecoverable disk error
DEBUG cache hit for key=192.168.211.158
FATAL out of memory
FATAL segfault at address 0x192.168.9.50
DEBUG heap size: 192.168.57.185
FATAL segfault at address 0x192.168.107.168
DEBUG variable x=192.168.142.104
DEBUG cache hit for key=192.168.121.141
DEBUG entering function foo
WARN retry attempt 192.168.107.168 for 40821
DEBUG variable x=192.168.193.243
INFO connection established
WARN retry attempt 192.168.39.155 for 92631
ERROR connection timeout 503
FATAL out of memory
DEBUG cache hit for key=192.168.9.50
WARN memory threshold reached: 192.168.215.207MB
ERROR auth failure for user 192.168.142.104
FATAL out of memory
ERROR null pointer in module 192.168.9.50
FATAL out of memory
ERROR auth failure for user 192.168.197.186
FATAL segfault at address 0x192.168.142.104
DEBUG entering function foo
WARN retry attempt 192.168.211.158 for 89379
INFO request from 192.168.197.186
WARN disk usage 192.168.197.186%
ERROR file not found: /tmp/192.168.219.168.log
WARN slow query: 192.168.229.48ms
FATAL out of memory
INFO connection established
DEBUG heap size: 192.168.178.6
ERROR null pointer in module 192.168.142.104
WARN memory threshold reached: 192.168.121.141MB
DEBUG variable x=192.168.229.48
WARN memory threshold reached: 192.168.229.48MB
ERROR file not found: /tmp/192.168.142.104.log
DEBUG heap size: 192.168.142.104
FATAL out of memory
ERROR connection timeout 503
DEBUG heap size: 192.168.82.31
ERROR null pointer in module 192.168.121.141
DEBUG entering function foo
INFO user 192.168.211.158 logged in
INFO request from 192.168.141.220
DEBUG heap size: 192.168.197.186
INFO request from 192.168.178.6
FATAL kernel panic
DEBUG entering function foo
INFO request from 192.168.142.104
DEBUG cache hit for key=192.168.121.141
WARN memory threshold reached: 192.168.141.220MB
INFO user 192.168.189.144 logged in
INFO processed 192.168.141.220 items
FATAL kernel panic
ERROR auth failure for user 192.168.141.220
WARN slow query: 192.168.141.220ms
INFO user 192.168.39.155 logged in
INFO user 192.168.60.30 logged in
INFO connection established
DEBUG entering function foo
FATAL unrecoverable disk error
WARN disk usage 192.168.178.6%
ERROR auth failure for user 192.168.60.30
DEBUG heap size: 192.168.141.220
FATAL out of memory
INFO connection established
DEBUG entering function foo
INFO request from 192.168.189.144
DEBUG entering function foo
WARN slow query: 192.168.36.209ms
FATAL segfault at address 0x192.168.9.50
WARN slow query: 192.168.178.6ms
WARN slow query: 192.168.189.144ms
DEBUG heap size: 192.168.36.209
ERROR connection timeout 503
FATAL unrecoverable disk error
ERROR connection timeout 503
DEBUG heap size: 192.168.197.186
FATAL unrecoverable disk error
INFO request from 192.168.211.158
DEBUG entering function foo
FATAL kernel panic
DEBUG variable x=192.168.36.209
INFO processed 192.168.60.30 items
DEBUG entering function foo
DEBUG heap size: 192.168.121.141
INFO user 192.168.142.104 logged in
ERROR file not found: /tmp/192.168.189.144.log
WARN memory threshold reached: 192.168.57.185MB
INFO user 192.168.229.48 logged in
ERROR auth failure for user 192.168.57.185
DEBUG heap size: 192.168.39.155
ERROR file not found: /tmp/192.168.141.220.log
ERROR file not found: /tmp/192.168.39.155.log
ERROR file not found: /tmp/192.168.107.168.log
INFO request from 192.168.193.243
WARN disk usage 192.168.36.209%
INFO user 192.168.36.209 logged in
INFO user 192.168.82.31 logged in
WARN slow query: 192.168.189.144ms
ERROR connection timeout 503
DEBUG entering function foo
ERROR null pointer in module 192.168.178.6
DEBUG entering function foo
ERROR connection timeout 503
INFO connection established
ERROR file not found: /tmp/192.168.82.31.log
ERROR auth failure for user 192.168.60.30
DEBUG heap size: 192.168.39.155
FATAL segfault at address 0x192.168.189.144
INFO request from 192.168.211.158
FATAL segfault at address 0x192.168.142.104
ERROR null pointer in module 192.168.193.243
WARN disk usage 192.168.211.158%
ERROR connection timeout 503
DEBUG cache hit for key=192.168.9.50
INFO processed 192.168.229.48 items
FATAL segfault at address 0x192.168.197.186
FATAL unrecoverable disk error
DEBUG heap size: 192.168.178.215
ERROR connection timeout 503
ERROR connection timeout 503
INFO processed 192.168.197.186 items
DEBUG heap size: 192.168.219.168
WARN retry attempt 192.168.82.31 for 36763
DEBUG variable x=192.168.57.185
DEBUG heap size: 192.168.60.30
WARN disk usage 192.168.121.141%
DEBUG variable x=192.168.189.144
FATAL unrecoverable disk error
INFO user 192.168.9.50 logged in
DEBUG entering function foo
WARN slow query: 192.168.36.209ms
DEBUG cache hit for key=192.168.57.185
FATAL segfault at address 0x192.168.60.30
WARN retry attempt 192.168.189.144 for 28674
DEBUG heap size: 192.168.142.104
ERROR connection timeout 503
WARN disk usage 192.168.121.141%
INFO connection established
DEBUG entering function foo
FATAL out of memory
ERROR connection timeout 503
ERROR auth failure for user 192.168.189.144
WARN slow query: 192.168.178.6ms
DEBUG heap size: 192.168.189.144
INFO processed 192.168.219.168 items
INFO request from 192.168.197.186
ERROR null pointer in module 192.168.178.215
ERROR file not found: /tmp/192.168.60.30.log
ERROR connection timeout 503
ERROR connection timeout 503
ERROR connection timeout 503
ERROR connection timeout 503
DEBUG entering function foo
FATAL kernel panic
WARN retry attempt 192.168.82.31 for 62737
INFO processed 192.168.92.139 items
INFO processed 192.168.193.243 items
FATAL out of memory
FATAL kernel panic
DEBUG variable x=192.168.219.168
INFO connection established
FATAL unrecoverable disk error
INFO user 192.168.215.207 logged in
INFO processed 192.168.141.220 items
DEBUG heap size: 192.168.82.31
ERROR auth failure for user 192.168.36.209
DEBUG heap size: 192.168.57.185
ERROR file not found: /tmp/192.168.229.48.log
WARN retry attempt 192.168.57.185 for 41761
ERROR file not found: /tmp/192.168.215.207.log
ERROR file not found: /tmp/192.168.60.30.log
INFO processed 192.168.178.6 items
DEBUG cache hit for key=192.168.39.155
ERROR file not found: /tmp/192.168.57.185.log
FATAL kernel panic
WARN slow query: 192.168.229.48ms
WARN slow query: 192.168.197.186ms
INFO processed 192.168.229.48 items
INFO request from 192.168.141.220
WARN disk usage 192.168.107.168%
WARN disk usage 192.168.229.48%
FATAL segfault at address 0x192.168.215.207
FATAL unrecoverable disk error
WARN retry attempt 192.168.141.220 for 57088
WARN disk usage 192.168.57.185%
WARN memory threshold reached: 192.168.39.155MB
INFO connection established
ERROR connection timeout 503
INFO processed 192.168.57.185 items
FATAL unrecoverable disk error
INFO user 192.168.92.139 logged in
INFO request from 192.168.107.168
FATAL segfault at address 0x192.168.197.186
INFO user 192.168.36.209 logged in
INFO connection established
FATAL out of memory
WARN disk usage 192.168.60.30%
FATAL out of memory
ERROR file not found: /tmp/192.168.39.155.log
WARN disk usage 192.168.60.30%
DEBUG entering function foo
ERROR connection timeout 503
ERROR connection timeout 503
FATAL unrecoverable disk error
FATAL segfault at address 0x192.168.142.104
ERROR null pointer in module 192.168.215.207
ERROR null pointer in module 192.168.219.168
DEBUG heap size: 192.168.141.220
WARN slow query: 192.168.107.168ms
WARN retry attempt 192.168.178.215 for 23389
ERROR file not found: /tmp/192.168.60.30.log
ERROR null pointer in module 192.168.197.186
WARN disk usage 192.168.60.30%
DEBUG entering function foo
WARN disk usage 192.168.36.209%
INFO request from 192.168.57.185
FATAL kernel panic
INFO user 192.168.36.209 logged in
DEBUG cache hit for key=192.168.211.158
INFO connection established
DEBUG entering function foo
WARN disk usage 192.168.178.215%
DEBUG heap size: 192.168.193.243
WARN disk usage 192.168.229.48%
INFO processed 192.168.211.158 items
INFO request from 192.168.9.50
FATAL segfault at address 0x192.168.107.168
INFO processed 192.168.197.186 items
INFO request from 192.168.82.31
WARN retry attempt 192.168.36.209 for 29395
FATAL kernel panic
DEBUG variable x=192.168.92.139
DEBUG cache hit for key=192.168.229.48
WARN retry attempt 192.168.57.185 for 86404
DEBUG variable x=192.168.193.243
ERROR connection timeout 503
DEBUG cache hit for key=192.168.92.139
DEBUG entering function foo
INFO request from 192.168.107.168
FATAL kernel panic
WARN disk usage 192.168.193.243%
INFO user 192.168.60.30 logged in
FATAL out of memory
WARN slow query: 192.168.178.6ms
WARN retry attempt 192.168.141.220 for 31545
ERROR connection timeout 503
ERROR file not found: /tmp/192.168.57.185.log
INFO user 192.168.141.220 logged in
DEBUG variable x=192.168.215.207
WARN disk usage 192.168.197.186%
ERROR file not found: /tmp/192.168.107.168.log
INFO user 192.168.215.207 logged in
DEBUG entering function foo
WARN slow query: 192.168.229.48ms
ERROR file not found: /tmp/192.168.57.185.log
FATAL segfault at address 0x192.168.141.220
WARN slow query: 192.168.36.209ms
INFO request from 192.168.92.139
WARN disk usage 192.168.92.139%
ERROR connection timeout 503
DEBUG heap size: 192.168.193.243
FATAL segfault at address 0x192.168.178.215
ERROR auth failure for user 192.168.229.48
WARN memory threshold reached: 192.168.142.104MB
INFO processed 192.168.121.141 items
WARN retry attempt 192.168.9.50 for 42814
DEBUG heap size: 192.168.141.220
FATAL segfault at address 0x192.168.229.48
INFO request from 192.168.9.50
FATAL segfault at address 0x192.168.57.185
FATAL segfault at address 0x192.168.229.48
WARN retry attempt 192.168.39.155 for 95609
DEBUG cache hit for key=192.168.178.215
DEBUG entering function foo
WARN slow query: 192.168.215.207ms
WARN memory threshold reached: 192.168.60.30MB
WARN disk usage 192.168.39.155%
INFO user 192.168.141.220 logged in
INFO connection established
WARN memory threshold reached: 192.168.178.6MB
WARN slow query: 192.168.82.31ms
FATAL kernel panic
FATAL kernel panic
INFO user 192.168.36.209 logged in
INFO connection established
INFO user 192.168.211.158 logged in
ERROR null pointer in module 192.168.142.104
ERROR null pointer in module 192.168.9.50
DEBUG entering function foo
INFO request from 192.168.121.141
INFO user 192.168.197.186 logged in
DEBUG heap size: 192.168.178.6
DEBUG heap size: 192.168.9.50
DEBUG variable x=192.168.178.215
FATAL unrecoverable disk error
ERROR null pointer in module 192.168.9.50
ERROR auth failure for user 192.168.211.158
FATAL segfault at address 0x192.168.142.104
FATAL unrecoverable disk error
DEBUG entering function foo
WARN retry attempt 192.168.193.243 for 27307
ERROR null pointer in module 192.168.178.6
INFO user 192.168.121.141 logged in
WARN disk usage 192.168.197.186%
DEBUG cache hit for key=192.168.82.31
FATAL out of memory
DEBUG entering function foo
FATAL kernel panic
INFO connection established
DEBUG cache hit for key=192.168.9.50
FATAL out of memory
FATAL kernel panic
ERROR auth failure for user 192.168.141.220
WARN retry attempt 192.168.178.6 for 65690
WARN disk usage 192.168.219.168%
ERROR file not found: /tmp/192.168.229.48.log
ERROR null pointer in module 192.168.82.31
FATAL segfault at address 0x192.168.107.168
DEBUG variable x=192.168.142.104
FATAL segfault at address 0x192.168.211.158
INFO processed 192.168.229.48 items
WARN slow query: 192.168.121.141ms
WARN slow query: 192.168.211.158ms
WARN retry attempt 192.168.107.168 for 153
DEBUG entering function foo
DEBUG variable x=192.168.178.215
WARN disk usage 192.168.92.139%
INFO user 192.168.193.243 logged in
FATAL out of memory
ERROR auth failure for user 192.168.229.48
INFO connection established
ERROR file not found: /tmp/192.168.178.215.log
INFO connection established
DEBUG variable x=192.168.229.48
WARN disk usage 192.168.36.209%
INFO connection established
ERROR connection timeout 503
DEBUG entering function foo
INFO processed 192.168.178.6 items
INFO request from 192.168.211.158
INFO connection established
FATAL out of memory
WARN slow query: 192.168.92.139ms
WARN disk usage 192.168.193.243%
INFO user 192.168.215.207 logged in
INFO request from 192.168.141.220
INFO user 192.168.141.220 logged in
ERROR connection timeout 503
ERROR auth failure for user 192.168.121.141
DEBUG entering function foo
WARN disk usage 192.168.82.31%
FATAL unrecoverable disk error
INFO processed 192.168.178.215 items
FATAL unrecoverable disk error
DEBUG heap size: 192.168.36.209
FATAL segfault at address 0x192.168.36.209
DEBUG cache hit for key=192.168.219.168
INFO connection established
DEBUG entering function foo
DEBUG cache hit for key=192.168.197.186
FATAL segfault at address 0x192.168.36.209
ERROR file not found: /tmp/192.168.39.155.log
DEBUG variable x=192.168.36.209
INFO processed 192.168.92.139 items
WARN retry attempt 192.168.121.141 for 52443
ERROR file not found: /tmp/192.168.107.168.log
DEBUG variable x=192.168.82.31
DEBUG variable x=192.168.57.185
DEBUG cache hit for key=192.168.107.168
FATAL out of memory
ERROR auth failure for user 192.168.178.6
WARN disk usage 192.168.229.48%
FATAL unrecoverable disk error
INFO user 192.168.229.48 logged in
INFO connection established
FATAL kernel panic
DEBUG entering function foo
INFO request from 192.168.57.185
WARN memory threshold reached: 192.168.141.220MB
WARN memory threshold reached: 192.168.9.50MB
INFO connection established
FATAL unrecoverable disk error
DEBUG heap size: 192.168.9.50
FATAL segfault at address 0x192.168.141.220
ERROR auth failure for user 192.168.197.186
INFO processed 192.168.178.6 items
WARN slow query: 192.168.229.48ms
FATAL out of memory
INFO connection established
WARN slow query: 192.168.121.141ms
INFO processed 192.168.142.104 items
FATAL unrecoverable disk error
FATAL kernel panic
INFO user 192.168.60.30 logged in
WARN slow query: 192.168.193.243ms
WARN retry attempt 192.168.92.139 for 83319
INFO processed 192.168.219.168 items
INFO request from 192.168.92.139
WARN retry attempt 192.168.211.158 for 13992
INFO request from 192.168.107.168
WARN slow query: 192.168.178.6ms
FATAL unrecoverable disk error
DEBUG heap size: 192.168.60.30
INFO processed 192.168.57.185 items
INFO request from 192.168.107.168
ERROR file not found: /tmp/192.168.229.48.log
FATAL kernel panic
FATAL out of memory
INFO user 192.168.82.31 logged in
FATAL unrecoverable disk error
ERROR auth failure for user 192.168.189.144
INFO user 192.168.121.141 logged in
ERROR auth failure for user 192.168.121.141
WARN memory threshold reached: 192.168.178.215MB
INFO user 192.168.193.243 logged in
DEBUG variable x=192.168.219.168
WARN memory threshold reached: 192.168.178.215MB
INFO processed 192.168.178.215 items
FATAL segfault at address 0x192.168.142.104
INFO request from 192.168.178.6
INFO processed 192.168.9.50 items
INFO request from 192.168.60.30
WARN slow query: 192.168.57.185ms
ERROR file not found: /tmp/192.168.57.185.log
INFO connection established
FATAL kernel panic
WARN retry attempt 192.168.193.243 for 41579
DEBUG cache hit for key=192.168.121.141
FATAL kernel panic
WARN disk usage 192.168.211.158%
ERROR null pointer in module 192.168.82.31
INFO user 192.168.197.186 logged in
INFO connection established
FATAL unrecoverable disk error
FATAL out of memory
FATAL segfault at address 0x192.168.60.30
FATAL segfault at address 0x192.168.107.168
WARN memory threshold reached: 192.168.197.186MB
WARN slow query: 192.168.82.31ms
ERROR null pointer in module 192.168.215.207
ERROR null pointer in module 192.168.36.209
WARN memory threshold reached: 192.168.189.144MB
WARN disk usage 192.168.178.6%
ERROR connection timeout 503
INFO processed 192.168.60.30 items
FATAL unrecoverable disk error
WARN memory threshold reached: 192.168.142.104MB
INFO processed 192.168.36.209 items
FATAL kernel panic
WARN disk usage 192.168.9.50%
ERROR auth failure for user 192.168.229.48
WARN retry attempt 192.168.197.186 for 75356
DEBUG cache hit for key=192.168.121.141
FATAL segfault at address 0x192.168.193.243
ERROR auth failure for user 192.168.141.220
DEBUG entering function foo
ERROR null pointer in module 192.168.178.215
WARN disk usage 192.168.197.186%
ERROR connection timeout 503
DEBUG variable x=192.168.9.50
WARN memory threshold reached: 192.168.219.168MB
WARN memory threshold reached: 192.168.82.31MB
DEBUG entering function foo
INFO processed 192.168.178.6 items
ERROR file not found: /tmp/192.168.193.243.log
WARN retry attempt 192.168.193.243 for 6773
DEBUG cache hit for key=192.168.107.168
ERROR null pointer in module 192.168.9.50
WARN memory threshold reached: 192.168.60.30MB
INFO user 192.168.178.6 logged in
WARN disk usage 192.168.121.141%
INFO connection established
WARN disk usage 192.168.92.139%
WARN disk usage 192.168.107.168%
FATAL kernel panic
WARN disk usage 192.168.141.220%
WARN retry attempt 192.168.9.50 for 47356
FATAL kernel panic
WARN slow query: 192.168.9.50ms
WARN disk usage 192.168.178.6%
INFO processed 192.168.141.220 items
ERROR auth failure for user 192.168.189.144
INFO connection established
FATAL unrecoverable disk error
WARN disk usage 192.168.9.50%
FATAL unrecoverable disk error
FATAL kernel panic
ERROR auth failure for user 192.168.229.48
WARN slow query: 192.168.219.168ms
FATAL segfault at address 0x192.168.178.6
DEBUG heap size: 192.168.178.215
ERROR auth failure for user 192.168.219.168
WARN disk usage 192.168.219.168%
INFO connection established
DEBUG cache hit for key=192.168.215.207
ERROR auth failure for user 192.168.215.207
WARN memory threshold reached: 192.168.219.168MB
FATAL unrecoverable disk error
DEBUG cache hit for key=192.168.178.6
ERROR auth failure for user 192.168.57.185
WARN disk usage 192.168.229.48%
ERROR file not found: /tmp/192.168.9.50.log
ERROR connection timeout 503
WARN memory threshold reached: 192.168.82.31MB
ERROR auth failure for user 192.168.178.215
INFO connection established
WARN memory threshold reached: 192.168.36.209MB
ERROR connection timeout 503
INFO connection established
ERROR connection timeout 503
DEBUG variable x=192.168.229.48
WARN retry attempt 192.168.107.168 for 43973
FATAL unrecoverable disk error
FATAL out of memory
WARN disk usage 192.168.92.139%
ERROR connection timeout 503
INFO request from 192.168.178.215
DEBUG cache hit for key=192.168.193.243
INFO user 192.168.36.209 logged in
WARN retry attempt 192.168.211.158 for 7337
ERROR null pointer in module 192.168.82.31
ERROR auth failure for user 192.168.57.185
WARN disk usage 192.168.178.6%
FATAL kernel panic
FATAL segfault at address 0x192.168.211.158
WARN retry attempt 192.168.60.30 for 85977
INFO processed 192.168.211.158 items
WARN slow query: 192.168.215.207ms
DEBUG entering function foo
DEBUG variable x=192.168.219.168
ERROR auth failure for user 192.168.215.207
FATAL out of memory
WARN disk usage 192.168.9.50%
FATAL unrecoverable disk error
ERROR null pointer in module 192.168.211.158
INFO request from 192.168.9.50
FATAL kernel panic
DEBUG cache hit for key=192.168.57.185
ERROR null pointer in module 192.168.60.30
WARN disk usage 192.168.142.104%
DEBUG heap size: 192.168.189.144
WARN memory threshold reached: 192.168.60.30MB
DEBUG cache hit for key=192.168.39.155
FATAL unrecoverable disk error
DEBUG entering function foo
WARN retry attempt 192.168.189.144 for 35431
WARN slow query: 192.168.178.6ms
ERROR connection timeout 503
DEBUG heap size: 192.168.57.185
ERROR connection timeout 503
FATAL unrecoverable disk error
DEBUG cache hit for key=192.168.121.141
WARN memory threshold reached: 192.168.229.48MB
DEBUG heap size: 192.168.121.141
WARN disk usage 192.168.39.155%
ERROR connection timeout 503
WARN memory threshold reached: 192.168.121.141MB
DEBUG entering function foo
INFO request from 192.168.60.30
INFO connection established
ERROR auth failure for user 192.168.193.243
ERROR null pointer in module 192.168.142.104
INFO processed 192.168.229.48 items
WARN retry attempt 192.168.189.144 for 93723
INFO user 192.168.229.48 logged in
DEBUG variable x=192.168.211.158
ERROR auth failure for user 192.168.211.158
WARN retry attempt 192.168.107.168 for 97498
FATAL out of memory
INFO processed 192.168.142.104 items
ERROR file not found: /tmp/192.168.189.144.log
ERROR connection timeout 503
FATAL out of memory
DEBUG cache hit for key=192.168.92.139
WARN disk usage 192.168.57.185%
FATAL segfault at address 0x192.168.9.50
ERROR file not found: /tmp/192.168.9.50.log
ERROR auth failure for user 192.168.141.220
FATAL out of memory
WARN memory threshold reached: 192.168.39.155MB
DEBUG heap size: 192.168.39.155
FATAL kernel panic
WARN slow query: 192.168.197.186ms
DEBUG heap size: 192.168.229.48
DEBUG variable x=192.168.197.186
INFO request from 192.168.189.144
ERROR file not found: /tmp/192.168.193.243.log
ERROR null pointer in module 192.168.211.158
ERROR file not found: /tmp/192.168.92.139.log
ERROR auth failure for user 192.168.107.168
INFO connection established
FATAL segfault at address 0x192.168.211.158
INFO processed 192.168.178.6 items
FATAL segfault at address 0x192.168.193.243
ERROR connection timeout 503
FATAL kernel panic
FATAL kernel panic
FATAL kernel panic
FATAL out of memory
DEBUG variable x=192.168.141.220
FATAL kernel panic
ERROR connection timeout 503
DEBUG heap size: 192.168.92.139
DEBUG heap size: 192.168.189.144
ERROR auth failure for user 192.168.9.50
WARN slow query: 192.168.189.144ms
DEBUG heap size: 192.168.36.209
FATAL unrecoverable disk error
DEBUG heap size: 192.168.142.104
DEBUG heap size: 192.168.215.207
INFO request from 192.168.197.186
INFO processed 192.168.193.243 items
FATAL unrecoverable disk error
INFO processed 192.168.197.186 items
WARN disk usage 192.168.39.155%
FATAL unrecoverable disk error
ERROR auth failure for user 192.168.57.185
WARN disk usage 192.168.9.50%
ERROR auth failure for user 192.168.9.50
INFO request from 192.168.39.155
INFO request from 192.168.121.141
FATAL kernel panic
ERROR connection timeout 503
FATAL kernel panic
WARN memory threshold reached: 192.168.178.215MB
ERROR connection timeout 503
DEBUG entering function foo
WARN slow query: 192.168.189.144ms
WARN retry attempt 192.168.193.243 for 18548
INFO user 192.168.219.168 logged in
WARN disk usage 192.168.60.30%
ERROR file not found: /tmp/192.168.197.186.log
DEBUG cache hit for key=192.168.229.48
INFO user 192.168.39.155 logged in
FATAL out of memory
WARN disk usage 192.168.39.155%
INFO connection established
WARN retry attempt 192.168.178.215 for 5472
FATAL kernel panic
FATAL unrecoverable disk error
FATAL out of memory
ERROR connection timeout 503
FATAL kernel panic
ERROR file not found: /tmp/192.168.211.158.log
WARN disk usage 192.168.178.215%
WARN memory threshold reached: 192.168.211.158MB
ERROR auth failure for user 192.168.189.144
ERROR null pointer in module 192.168.121.141
DEBUG entering function foo
ERROR connection timeout 503
INFO processed 192.168.215.207 items
WARN memory threshold reached: 192.168.141.220MB
DEBUG heap size: 192.168.9.50
DEBUG variable x=192.168.193.243
FATAL kernel panic
FATAL segfault at address 0x192.168.193.243
DEBUG variable x=192.168.107.168
FATAL out of memory
ERROR file not found: /tmp/192.168.107.168.log
WARN disk usage 192.168.82.31%
FATAL unrecoverable disk error
ERROR auth failure for user 192.168.121.141
ERROR null pointer in module 192.168.92.139
DEBUG variable x=192.168.141.220
ERROR file not found: /tmp/192.168.92.139.log
INFO request from 192.168.60.30
INFO processed 192.168.189.144 items
ERROR auth failure for user 192.168.178.215
FATAL unrecoverable disk error
INFO processed 192.168.229.48 items
FATAL kernel panic
FATAL segfault at address 0x192.168.215.207
ERROR file not found: /tmp/192.168.141.220.log
INFO request from 192.168.141.220
DEBUG cache hit for key=192.168.178.215
INFO connection established
DEBUG entering function foo
ERROR connection timeout 503
WARN disk usage 192.168.193.243%
ERROR file not found: /tmp/192.168.121.141.log
DEBUG cache hit for key=192.168.197.186
WARN memory threshold reached: 192.168.219.168MB
DEBUG variable x=192.168.9.50
ERROR auth failure for user 192.168.141.220
ERROR null pointer in module 192.168.193.243
ERROR auth failure for user 192.168.189.144
ERROR connection timeout 503
DEBUG heap size: 192.168.178.215
INFO connection established
ERROR auth failure for user 192.168.193.243
DEBUG variable x=192.168.60.30
DEBUG variable x=192.168.9.50
FATAL out of memory
DEBUG heap size: 192.168.215.207
DEBUG cache hit for key=192.168.92.139
INFO request from 192.168.178.215
ERROR connection timeout 503
WARN slow query: 192.168.193.243ms
WARN memory threshold reached: 192.168.189.144MB
INFO request from 192.168.189.144
DEBUG variable x=192.168.60.30
WARN memory threshold reached: 192.168.215.207MB
INFO processed 192.168.39.155 items
INFO connection established
ERROR file not found: /tmp/192.168.215.207.log
WARN retry attempt 192.168.121.141 for 95440
INFO connection established
FATAL segfault at address 0x192.168.215.207
FATAL kernel panic
FATAL unrecoverable disk error
ERROR file not found: /tmp/192.168.197.186.log
WARN slow query: 192.168.82.31ms
FATAL unrecoverable disk error
INFO processed 192.168.211.158 items
DEBUG cache hit for key=192.168.39.155
DEBUG cache hit for key=192.168.229.48
FATAL kernel panic
DEBUG variable x=192.168.229.48
FATAL out of memory
INFO request from 192.168.211.158
FATAL out of memory
FATAL out of memory
ERROR file not found: /tmp/192.168.142.104.log
ERROR file not found: /tmp/192.168.39.155.log
DEBUG variable x=192.168.39.155
DEBUG entering function foo
DEBUG entering function foo
INFO user 192.168.121.141 logged in
WARN retry attempt 192.168.178.6 for 55695
DEBUG variable x=192.168.141.220
WARN retry attempt 192.168.141.220 for 51207
FATAL out of memory
DEBUG heap size: 192.168.39.155
ERROR file not found: /tmp/192.168.178.6.log
ERROR connection timeout 503
WARN slow query: 192.168.189.144ms
WARN disk usage 192.168.178.6%
ERROR connection timeout 503
DEBUG variable x=192.168.121.141
WARN memory threshold reached: 192.168.219.168MB
WARN retry attempt 192.168.9.50 for 22695
FATAL segfault at address 0x192.168.60.30
DEBUG heap size: 192.168.141.220
INFO connection established
ERROR null pointer in module 192.168.193.243
ERROR auth failure for user 192.168.82.31
WARN retry attempt 192.168.107.168 for 60893
DEBUG cache hit for key=192.168.178.6
FATAL out of memory
DEBUG heap size: 192.168.229.48
WARN memory threshold reached: 192.168.82.31MB
FATAL unrecoverable disk error
DEBUG cache hit for key=192.168.189.144
DEBUG cache hit for key=192.168.211.158
ERROR connection timeout 503
DEBUG entering function foo
ERROR null pointer in module 192.168.39.155
WARN retry attempt 192.168.193.243 for 52103
WARN disk usage 192.168.197.186%
ERROR null pointer in module 192.168.211.158
WARN disk usage 192.168.193.243%
DEBUG cache hit for key=192.168.39.155
INFO processed 192.168.178.215 items
WARN memory threshold reached: 192.168.107.168MB
INFO request from 192.168.219.168
ERROR connection timeout 503
ERROR auth failure for user 192.168.141.220
DEBUG variable x=192.168.215.207
INFO connection established
FATAL segfault at address 0x192.168.142.104
DEBUG cache hit for key=192.168.229.48
ERROR connection timeout 503
DEBUG cache hit for key=192.168.121.141
ERROR null pointer in module 192.168.219.168
FATAL unrecoverable disk error
WARN disk usage 192.168.57.185%
INFO connection established
FATAL unrecoverable disk error
DEBUG cache hit for key=192.168.60.30
FATAL out of memory
ERROR null pointer in module 192.168.215.207
DEBUG cache hit for key=192.168.193.243
FATAL segfault at address 0x192.168.229.48
INFO processed 192.168.211.158 items
ERROR connection timeout 503
ERROR auth failure for user 192.168.9.50
FATAL segfault at address 0x192.168.141.220
FATAL segfault at address 0x192.168.178.6
ERROR file not found: /tmp/192.168.36.209.log
INFO request from 192.168.178.215
FATAL out of memory
ERROR auth failure for user 192.168.36.209
FATAL out of memory
FATAL kernel panic
FATAL out of memory
INFO connection established
FATAL segfault at address 0x192.168.211.158
DEBUG heap size: 192.168.142.104
FATAL segfault at address 0x192.168.60.30
INFO processed 192.168.9.50 items
INFO request from 192.168.9.50
INFO connection established
ERROR null pointer in module 192.168.60.30
ERROR file not found: /tmp/192.168.82.31.log
WARN retry attempt 192.168.36.209 for 46017
INFO connection established
FATAL out of memory
DEBUG variable x=192.168.9.50
WARN slow query: 192.168.92.139ms
INFO connection established
WARN retry attempt 192.168.142.104 for 86021
FATAL unrecoverable disk error
WARN disk usage 192.168.36.209%
DEBUG heap size: 192.168.141.220
ERROR connection timeout 503
FATAL out of memory
INFO request from 192.168.215.207
ERROR null pointer in module 192.168.219.168
INFO user 192.168.39.155 logged in
ERROR file not found: /tmp/192.168.189.144.log
ERROR file not found: /tmp/192.168.92.139.log
FATAL kernel panic
DEBUG heap size: 192.168.178.215
FATAL segfault at address 0x192.168.82.31
WARN memory threshold reached: 192.168.9.50MB
DEBUG entering function foo
WARN slow query: 192.168.121.141ms
WARN retry attempt 192.168.193.243 for 52372
FATAL out of memory
DEBUG cache hit for key=192.168.141.220
DEBUG heap size: 192.168.178.215
DEBUG heap size: 192.168.178.6
ERROR file not found: /tmp/192.168.215.207.log
DEBUG cache hit for key=192.168.178.6
ERROR file not found: /tmp/192.168.189.144.log
DEBUG variable x=192.168.219.168
FATAL unrecoverable disk error
ERROR null pointer in module 192.168.215.207
ERROR connection timeout 503
ERROR connection timeout 503
ERROR null pointer in module 192.168.60.30
WARN memory threshold reached: 192.168.193.243MB
INFO processed 192.168.211.158 items
WARN retry attempt 192.168.57.185 for 96240
WARN disk usage 192.168.60.30%
WARN retry attempt 192.168.57.185 for 7053
INFO connection established
DEBUG cache hit for key=192.168.107.168
FATAL segfault at address 0x192.168.121.141
ERROR file not found: /tmp/192.168.229.48.log
INFO user 192.168.178.6 logged in
DEBUG cache hit for key=192.168.141.220
FATAL kernel panic
FATAL kernel panic
FATAL unrecoverable disk error
FATAL kernel panic
ERROR auth failure for user 192.168.178.215
ERROR null pointer in module 192.168.36.209
INFO processed 192.168.189.144 items
WARN disk usage 192.168.215.207%
FATAL kernel panic
DEBUG entering function foo
DEBUG cache hit for key=192.168.197.186
DEBUG variable x=192.168.178.215
DEBUG cache hit for key=192.168.36.209
WARN disk usage 192.168.141.220%
DEBUG heap size: 192.168.197.186
WARN disk usage 192.168.219.168%
DEBUG entering function foo
DEBUG cache hit for key=192.168.142.104
ERROR null pointer in module 192.168.229.48
ERROR connection timeout 503
DEBUG variable x=192.168.178.215
WARN retry attempt 192.168.189.144 for 59187
WARN disk usage 192.168.9.50%
ERROR auth failure for user 192.168.193.243
DEBUG variable x=192.168.178.215
DEBUG variable x=192.168.82.31
FATAL segfault at address 0x192.168.92.139
INFO connection established
FATAL segfault at address 0x192.168.193.243
DEBUG heap size: 192.168.82.31
WARN memory threshold reached: 192.168.9.50MB
WARN memory threshold reached: 192.168.36.209MB
INFO processed 192.168.57.185 items
ERROR connection timeout 503
INFO user 192.168.60.30 logged in
INFO connection established
WARN memory threshold reached: 192.168.92.139MB
INFO processed 192.168.178.215 items
DEBUG entering function foo
INFO user 192.168.141.220 logged in
WARN slow query: 192.168.215.207ms
ERROR file not found: /tmp/192.168.178.215.log
DEBUG entering function foo
DEBUG heap size: 192.168.189.144
FATAL segfault at address 0x192.168.36.209
ERROR file not found: /tmp/192.168.92.139.log
INFO user 192.168.215.207 logged in
DEBUG cache hit for key=192.168.82.31
ERROR connection timeout 503
FATAL unrecoverable disk error
WARN memory threshold reached: 192.168.211.158MB
FATAL segfault at address 0x192.168.39.155
ERROR file not found: /tmp/192.168.189.144.log
INFO request from 192.168.197.186
DEBUG heap size: 192.168.92.139
WARN slow query: 192.168.121.141ms
FATAL segfault at address 0x192.168.193.243
WARN memory threshold reached: 192.168.178.215MB
WARN memory threshold reached: 192.168.178.215MB
ERROR connection timeout 503
DEBUG entering function foo
FATAL kernel panic
WARN disk usage 192.168.92.139%
INFO connection established
ERROR file not found: /tmp/192.168.39.155.log
DEBUG cache hit for key=192.168.211.158
WARN retry attempt 192.168.211.158 for 1787
ERROR null pointer in module 192.168.92.139
INFO request from 192.168.178.215
ERROR null pointer in module 192.168.121.141
DEBUG entering function foo
DEBUG cache hit for key=192.168.178.215
WARN retry attempt 192.168.189.144 for 29512
INFO processed 192.168.82.31 items
DEBUG heap size: 192.168.82.31
INFO user 192.168.215.207 logged in
WARN memory threshold reached: 192.168.219.168MB
WARN slow query: 192.168.60.30ms
ERROR auth failure for user 192.168.82.31
INFO processed 192.168.211.158 items
DEBUG variable x=192.168.36.209
INFO processed 192.168.178.215 items
INFO request from 192.168.82.31
ERROR file not found: /tmp/192.168.107.168.log
INFO request from 192.168.193.243
ERROR auth failure for user 192.168.92.139
FATAL segfault at address 0x192.168.142.104
FATAL segfault at address 0x192.168.178.215
ERROR connection timeout 503
INFO processed 192.168.189.144 items
INFO connection established
FATAL unrecoverable disk error
DEBUG heap size: 192.168.36.209
DEBUG heap size: 192.168.107.168
INFO user 192.168.229.48 logged in
INFO processed 192.168.57.185 items
FATAL kernel panic
DEBUG cache hit for key=192.168.121.141
WARN disk usage 192.168.229.48%
DEBUG entering function foo
WARN memory threshold reached: 192.168.92.139MB
DEBUG heap size: 192.168.121.141
INFO request from 192.168.215.207
DEBUG entering function foo
ERROR null pointer in module 192.168.82.31
WARN retry attempt 192.168.141.220 for 81626
DEBUG entering function foo
FATAL unrecoverable disk error
ERROR connection timeout 503
INFO user 192.168.178.215 logged in
DEBUG heap size: 192.168.189.144
FATAL unrecoverable disk error
ERROR file not found: /tmp/192.168.60.30.log
ERROR connection timeout 503
DEBUG variable x=192.168.178.215
INFO user 192.168.229.48 logged in
ERROR connection timeout 503
INFO connection established
WARN memory threshold reached: 192.168.82.31MB
ERROR auth failure for user 192.168.60.30
INFO connection established
DEBUG entering function foo
FATAL out of memory
FATAL segfault at address 0x192.168.211.158
ERROR auth failure for user 192.168.193.243
ERROR auth failure for user 192.168.178.6
DEBUG entering function foo
FATAL unrecoverable disk error
WARN slow query: 192.168.178.6ms
FATAL kernel panic
DEBUG cache hit for key=192.168.82.31
FATAL kernel panic
ERROR auth failure for user 192.168.57.185
ERROR connection timeout 503
FATAL segfault at address 0x192.168.57.185
INFO connection established
DEBUG cache hit for key=192.168.92.139
DEBUG heap size: 192.168.36.209
INFO request from 192.168.36.209
FATAL kernel panic
WARN disk usage 192.168.36.209%
WARN memory threshold reached: 192.168.193.243MB
INFO user 192.168.178.215 logged in
DEBUG entering function foo
ERROR connection timeout 503
ERROR auth failure for user 192.168.178.6
ERROR connection timeout 503
FATAL unrecoverable disk error
DEBUG variable x=192.168.219.168
INFO user 192.168.178.6 logged in
ERROR auth failure for user 192.168.121.141
FATAL unrecoverable disk error
WARN memory threshold reached: 192.168.193.243MB
FATAL segfault at address 0x192.168.215.207
ERROR file not found: /tmp/192.168.211.158.log
FATAL unrecoverable disk error
INFO connection established
INFO connection established
INFO user 192.168.211.158 logged in
DEBUG entering function foo
INFO connection established
DEBUG cache hit for key=192.168.193.243
DEBUG heap size: 192.168.219.168
INFO request from 192.168.121.141
FATAL kernel panic
INFO request from 192.168.178.215
ERROR file not found: /tmp/192.168.197.186.log
FATAL kernel panic
ERROR file not found: /tmp/192.168.229.48.log
ERROR auth failure for user 192.168.60.30
INFO request from 192.168.178.215
INFO request from 192.168.197.186
WARN slow query: 192.168.9.50ms
WARN retry attempt 192.168.219.168 for 87873
ERROR auth failure for user 192.168.60.30
FATAL out of memory
FATAL out of memory
FATAL segfault at address 0x192.168.197.186
FATAL segfault at address 0x192.168.229.48
DEBUG cache hit for key=192.168.92.139
FATAL unrecoverable disk error
WARN memory threshold reached: 192.168.92.139MB
FATAL kernel panic
ERROR null pointer in module 192.168.211.158
ERROR connection timeout 503
ERROR file not found: /tmp/192.168.193.243.log
FATAL segfault at address 0x192.168.197.186
FATAL out of memory
FATAL segfault at address 0x192.168.211.158
FATAL segfault at address 0x192.168.219.168
DEBUG heap size: 192.168.215.207
FATAL segfault at address 0x192.168.107.168
ERROR null pointer in module 192.168.219.168
ERROR file not found: /tmp/192.168.197.186.log
FATAL segfault at address 0x192.168.141.220
DEBUG cache hit for key=192.168.141.220
WARN memory threshold reached: 192.168.36.209MB
WARN memory threshold reached: 192.168.219.168MB
FATAL out of memory
FATAL segfault at address 0x192.168.60.30
INFO request from 192.168.219.168
ERROR file not found: /tmp/192.168.92.139.log
FATAL out of memory
INFO processed 192.168.57.185 items
FATAL kernel panic
INFO request from 192.168.142.104
FATAL kernel panic
WARN disk usage 192.168.141.220%
FATAL out of memory
DEBUG entering function foo
ERROR connection timeout 503
INFO processed 192.168.141.220 items
ERROR auth failure for user 192.168.39.155
FATAL unrecoverable disk error
FATAL segfault at address 0x192.168.197.186
DEBUG cache hit for key=192.168.57.185
INFO user 192.168.82.31 logged in
WARN retry attempt 192.168.121.141 for 77715
INFO connection established
INFO user 192.168.60.30 logged in
ERROR file not found: /tmp/192.168.82.31.log
DEBUG heap size: 192.168.60.30
ERROR auth failure for user 192.168.39.155
INFO connection established
FATAL kernel panic
DEBUG entering function foo
ERROR auth failure for user 192.168.178.6
INFO request from 192.168.141.220
DEBUG heap size: 192.168.193.243
WARN slow query: 192.168.60.30ms
ERROR null pointer in module 192.168.60.30
FATAL out of memory
FATAL out of memory
DEBUG entering function foo
DEBUG cache hit for key=192.168.178.6
DEBUG entering function foo
DEBUG variable x=192.168.57.185
FATAL out of memory
FATAL unrecoverable disk error
WARN slow query: 192.168.121.141ms
DEBUG entering function foo
DEBUG entering function foo
FATAL unrecoverable disk error
WARN slow query: 192.168.92.139ms
ERROR auth failure for user 192.168.107.168
ERROR auth failure for user 192.168.39.155
WARN slow query: 192.168.189.144ms
DEBUG heap size: 192.168.82.31
WARN slow query: 192.168.121.141ms
INFO connection established
ERROR auth failure for user 192.168.142.104
WARN slow query: 192.168.36.209ms
WARN memory threshold reached: 192.168.39.155MB
INFO request from 192.168.141.220
DEBUG cache hit for key=192.168.193.243
DEBUG cache hit for key=192.168.178.6
DEBUG heap size: 192.168.211.158
WARN retry attempt 192.168.189.144 for 58912
ERROR null pointer in module 192.168.193.243
INFO connection established
WARN slow query: 192.168.197.186ms
DEBUG entering function foo
DEBUG heap size: 192.168.92.139
WARN slow query: 192.168.197.186ms
ERROR file not found: /tmp/192.168.211.158.log
DEBUG cache hit for key=192.168.178.215
ERROR auth failure for user 192.168.142.104
WARN disk usage 192.168.142.104%
DEBUG cache hit for key=192.168.141.220
FATAL kernel panic
ERROR auth failure for user 192.168.193.243
FATAL unrecoverable disk error
WARN slow query: 192.168.82.31ms
FATAL segfault at address 0x192.168.189.144
ERROR null pointer in module 192.168.57.185
DEBUG heap size: 192.168.178.6
WARN memory threshold reached: 192.168.215.207MB
ERROR file not found: /tmp/192.168.60.30.log
INFO user 192.168.142.104 logged in
FATAL segfault at address 0x192.168.60.30
DEBUG entering function foo
INFO user 192.168.178.215 logged in
ERROR null pointer in module 192.168.215.207
INFO connection established
ERROR null pointer in module 192.168.60.30
ERROR auth failure for user 192.168.215.207
ERROR null pointer in module 192.168.141.220
FATAL kernel panic
ERROR null pointer in module 192.168.121.141
ERROR connection timeout 503
DEBUG entering function foo
ERROR null pointer in module 192.168.219.168
INFO processed 192.168.211.158 items
INFO connection established
INFO request from 192.168.39.155
ERROR connection timeout 503
DEBUG cache hit for key=192.168.142.104
ERROR file not found: /tmp/192.168.197.186.log
ERROR null pointer in module 192.168.121.141
FATAL out of memory
FATAL unrecoverable disk error
FATAL unrecoverable disk error
INFO user 192.168.193.243 logged in
DEBUG cache hit for key=192.168.82.31
FATAL kernel panic
FATAL unrecoverable disk error
DEBUG heap size: 192.168.36.209
INFO processed 192.168.60.30 items
INFO processed 192.168.189.144 items
ERROR file not found: /tmp/192.168.141.220.log
WARN memory threshold reached: 192.168.229.48MB
WARN disk usage 192.168.211.158%
WARN slow query: 192.168.107.168ms
DEBUG cache hit for key=192.168.193.243
ERROR null pointer in module 192.168.107.168
INFO processed 192.168.142.104 items
INFO request from 192.168.178.6
INFO processed 192.168.9.50 items
WARN disk usage 192.168.9.50%
DEBUG heap size: 192.168.211.158
ERROR null pointer in module 192.168.57.185
WARN slow query: 192.168.193.243ms
ERROR connection timeout 503
INFO connection established
WARN disk usage 192.168.60.30%
DEBUG cache hit for key=192.168.141.220
DEBUG cache hit for key=192.168.60.30
WARN retry attempt 192.168.197.186 for 13822
FATAL out of memory
FATAL unrecoverable disk error
FATAL unrecoverable disk error
DEBUG variable x=192.168.211.158
FATAL kernel panic
FATAL unrecoverable disk error
INFO processed 192.168.82.31 items
DEBUG heap size: 192.168.141.220
DEBUG heap size: 192.168.211.158
ERROR null pointer in module 192.168.36.209
DEBUG variable x=192.168.211.158
INFO user 192.168.36.209 logged in
INFO connection established
INFO request from 192.168.211.158
INFO processed 192.168.107.168 items
INFO processed 192.168.211.158 items
INFO processed 192.168.57.185 items
WARN slow query: 192.168.211.158ms
DEBUG cache hit for key=192.168.36.209
WARN retry attempt 192.168.36.209 for 42527
WARN retry attempt 192.168.82.31 for 76760
INFO user 192.168.57.185 logged in
FATAL kernel panic
ERROR file not found: /tmp/192.168.92.139.log
WARN disk usage 192.168.92.139%
WARN disk usage 192.168.193.243%
WARN memory threshold reached: 192.168.178.6MB
ERROR null pointer in module 192.168.60.30
WARN memory threshold reached: 192.168.39.155MB
FATAL unrecoverable disk error
WARN retry attempt 192.168.107.168 for 60992
DEBUG heap size: 192.168.36.209
FATAL segfault at address 0x192.168.178.215
WARN memory threshold reached: 192.168.178.6MB
WARN slow query: 192.168.215.207ms
WARN retry attempt 192.168.36.209 for 99384
FATAL segfault at address 0x192.168.229.48
FATAL kernel panic
ERROR null pointer in module 192.168.189.144
DEBUG entering function foo
DEBUG cache hit for key=192.168.60.30
INFO connection established
WARN memory threshold reached: 192.168.193.243MB
WARN memory threshold reached: 192.168.92.139MB
ERROR auth failure for user 192.168.142.104
DEBUG variable x=192.168.141.220
WARN memory threshold reached: 192.168.39.155MB
WARN slow query: 192.168.57.185ms
FATAL segfault at address 0x192.168.211.158
WARN memory threshold reached: 192.168.189.144MB
FATAL unrecoverable disk error
ERROR file not found: /tmp/192.168.229.48.log
INFO processed 192.168.39.155 items
INFO connection established
DEBUG entering function foo
INFO user 192.168.36.209 logged in
WARN memory threshold reached: 192.168.178.215MB
INFO processed 192.168.9.50 items
WARN retry attempt 192.168.82.31 for 3461
DEBUG variable x=192.168.211.158
DEBUG entering function foo
INFO processed 192.168.178.6 items
FATAL unrecoverable disk error
WARN retry attempt 192.168.211.158 for 91386
ERROR auth failure for user 192.168.142.104
FATAL unrecoverable disk error
ERROR file not found: /tmp/192.168.211.158.log
WARN memory threshold reached: 192.168.107.168MB
FATAL unrecoverable disk error
WARN disk usage 192.168.178.215%
ERROR file not found: /tmp/192.168.189.144.log
INFO user 192.168.9.50 logged in
INFO user 192.168.36.209 logged in
INFO request from 192.168.229.48
ERROR null pointer in module 192.168.141.220
DEBUG cache hit for key=192.168.39.155
ERROR null pointer in module 192.168.92.139
INFO request from 192.168.189.144
INFO user 192.168.197.186 logged in
INFO request from 192.168.121.141
INFO user 192.168.82.31 logged in
INFO connection established
FATAL out of memory
FATAL kernel panic
INFO user 192.168.57.185 logged in
DEBUG entering function foo
ERROR auth failure for user 192.168.229.48
FATAL out of memory
DEBUG entering function foo
FATAL out of memory
FATAL unrecoverable disk error
INFO connection established
INFO connection established
ERROR file not found: /tmp/192.168.178.215.log
WARN slow query: 192.168.178.6ms
WARN memory threshold reached: 192.168.193.243MB
DEBUG variable x=192.168.141.220
ERROR null pointer in module 192.168.92.139
ERROR null pointer in module 192.168.9.50
DEBUG entering function foo
WARN retry attempt 192.168.178.215 for 37923
DEBUG variable x=192.168.178.215
ERROR connection timeout 503
ERROR null pointer in module 192.168.211.158
WARN retry attempt 192.168.215.207 for 77765
DEBUG heap size: 192.168.142.104
INFO processed 192.168.82.31 items
DEBUG variable x=192.168.141.220
DEBUG variable x=192.168.142.104
ERROR connection timeout 503
FATAL segfault at address 0x192.168.57.185
DEBUG cache hit for key=192.168.211.158
ERROR null pointer in module 192.168.178.215
FATAL segfault at address 0x192.168.39.155
FATAL kernel panic
DEBUG heap size: 192.168.142.104
DEBUG heap size: 192.168.142.104
DEBUG entering function foo
WARN retry attempt 192.168.36.209 for 59669
ERROR connection timeout 503
WARN slow query: 192.168.9.50ms
FATAL out of memory
WARN disk usage 192.168.141.220%
WARN disk usage 192.168.229.48%
DEBUG cache hit for key=192.168.60.30
INFO connection established
ERROR null pointer in module 192.168.197.186
ERROR file not found: /tmp/192.168.9.50.log
INFO processed 192.168.107.168 items
DEBUG entering function foo
ERROR null pointer in module 192.168.57.185
ERROR null pointer in module 192.168.121.141
INFO connection established
WARN retry attempt 192.168.36.209 for 36669
DEBUG heap size: 192.168.9.50
ERROR auth failure for user 192.168.82.31
FATAL segfault at address 0x192.168.142.104
WARN retry attempt 192.168.219.168 for 45518
ERROR auth failure for user 192.168.178.215
INFO connection established
FATAL unrecoverable disk error
WARN memory threshold reached: 192.168.141.220MB
INFO processed 192.168.36.209 items
FATAL out of memory
DEBUG variable x=192.168.178.6
FATAL kernel panic
DEBUG cache hit for key=192.168.39.155
INFO connection established
ERROR auth failure for user 192.168.57.185
FATAL segfault at address 0x192.168.57.185
DEBUG variable x=192.168.57.185
WARN retry attempt 192.168.193.243 for 90777
WARN disk usage 192.168.121.141%
WARN memory threshold reached: 192.168.60.30MB
ERROR auth failure for user 192.168.60.30
INFO connection established
DEBUG heap size: 192.168.39.155
ERROR null pointer in module 192.168.142.104
WARN disk usage 192.168.178.215%
ERROR auth failure for user 192.168.229.48
INFO processed 192.168.82.31 items
FATAL segfault at address 0x192.168.219.168
WARN memory threshold reached: 192.168.215.207MB
INFO request from 192.168.229.48
DEBUG entering function foo
INFO request from 192.168.57.185
ERROR file not found: /tmp/192.168.107.168.log
DEBUG heap size: 192.168.9.50
FATAL unrecoverable disk error
INFO request from 192.168.92.139
WARN retry attempt 192.168.193.243 for 4114
ERROR null pointer in module 192.168.121.141
INFO request from 192.168.215.207
FATAL segfault at address 0x192.168.107.168
DEBUG variable x=192.168.39.155
FATAL unrecoverable disk error
FATAL out of memory
ERROR connection timeout 503
DEBUG cache hit for key=192.168.36.209
FATAL segfault at address 0x192.168.9.50
DEBUG heap size: 192.168.178.215
FATAL kernel panic
INFO user 192.168.121.141 logged in
WARN memory threshold reached: 192.168.142.104MB
WARN retry attempt 192.168.178.6 for 48534
INFO connection established
ERROR auth failure for user 192.168.36.209
INFO user 192.168.107.168 logged in
FATAL kernel panic
WARN slow query: 192.168.141.220ms
INFO processed 192.168.142.104 items
FATAL segfault at address 0x192.168.57.185
WARN slow query: 192.168.211.158ms
FATAL kernel panic
DEBUG entering function foo
ERROR auth failure for user 192.168.9.50
ERROR file not found: /tmp/192.168.197.186.log
INFO user 192.168.9.50 logged in
FATAL kernel panic
INFO request from 192.168.36.209
INFO request from 192.168.178.215
DEBUG variable x=192.168.57.185
DEBUG entering function foo
WARN disk usage 192.168.60.30%
ERROR auth failure for user 192.168.36.209
ERROR null pointer in module 192.168.197.186
FATAL kernel panic
FATAL segfault at address 0x192.168.92.139
DEBUG heap size: 192.168.197.186
DEBUG heap size: 192.168.215.207
FATAL out of memory
FATAL segfault at address 0x192.168.57.185
FATAL segfault at address 0x192.168.82.31
FATAL segfault at address 0x192.168.215.207
INFO connection established
DEBUG variable x=192.168.197.186
INFO processed 192.168.219.168 items
DEBUG variable x=192.168.39.155
FATAL segfault at address 0x192.168.92.139
WARN retry attempt 192.168.141.220 for 71609
DEBUG variable x=192.168.211.158
ERROR connection timeout 503
DEBUG heap size: 192.168.197.186
INFO connection established
ERROR auth failure for user 192.168.142.104
ERROR auth failure for user 192.168.189.144
FATAL segfault at address 0x192.168.82.31
ERROR connection timeout 503
FATAL out of memory
INFO request from 192.168.142.104
WARN slow query: 192.168.178.215ms
FATAL unrecoverable disk error
DEBUG cache hit for key=192.168.141.220
ERROR connection timeout 503
FATAL kernel panic
WARN memory threshold reached: 192.168.39.155MB
WARN slow query: 192.168.229.48ms
INFO processed 192.168.121.141 items
DEBUG entering function foo
INFO request from 192.168.178.215
WARN memory threshold reached: 192.168.193.243MB
DEBUG variable x=192.168.121.141
DEBUG variable x=192.168.82.31
DEBUG variable x=192.168.193.243
ERROR connection timeout 503
ERROR connection timeout 503
FATAL unrecoverable disk error
INFO connection established
FATAL unrecoverable disk error
ERROR connection timeout 503
DEBUG heap size: 192.168.60.30
INFO request from 192.168.82.31
DEBUG heap size: 192.168.142.104
ERROR null pointer in module 192.168.229.48
INFO processed 192.168.82.31 items
ERROR file not found: /tmp/192.168.211.158.log
INFO processed 192.168.211.158 items
ERROR auth failure for user 192.168.141.220
WARN slow query: 192.168.36.209ms
WARN disk usage 192.168.189.144%
FATAL out of memory
FATAL out of memory
WARN slow query: 192.168.92.139ms
ERROR connection timeout 503
WARN memory threshold reached: 192.168.142.104MB
INFO user 192.168.178.6 logged in
DEBUG heap size: 192.168.211.158
ERROR null pointer in module 192.168.215.207
INFO processed 192.168.142.104 items
FATAL segfault at address 0x192.168.211.158
INFO connection established
FATAL kernel panic
ERROR null pointer in module 192.168.211.158
FATAL kernel panic
ERROR connection timeout 503
DEBUG variable x=192.168.141.220
INFO user 192.168.36.209 logged in
ERROR null pointer in module 192.168.178.215
DEBUG entering function foo
FATAL segfault at address 0x192.168.121.141
INFO request from 192.168.211.158
INFO request from 192.168.107.168
FATAL out of memory
ERROR null pointer in module 192.168.82.31
INFO request from 192.168.82.31
WARN slow query: 192.168.215.207ms
DEBUG variable x=192.168.121.141
INFO user 192.168.57.185 logged in
WARN retry attempt 192.168.219.168 for 53690
FATAL kernel panic
ERROR connection timeout 503
ERROR connection timeout 503
WARN memory threshold reached: 192.168.36.209MB
WARN disk usage 192.168.229.48%
DEBUG entering function foo
DEBUG entering function foo
INFO request from 192.168.178.215
ERROR null pointer in module 192.168.57.185
DEBUG variable x=192.168.211.158
DEBUG heap size: 192.168.36.209
WARN retry attempt 192.168.92.139 for 4409
WARN slow query: 192.168.178.6ms
FATAL segfault at address 0x192.168.211.158
FATAL unrecoverable disk error
ERROR file not found: /tmp/192.168.121.141.log
DEBUG cache hit for key=192.168.92.139
ERROR connection timeout 503
DEBUG heap size: 192.168.142.104
FATAL unrecoverable disk error
DEBUG variable x=192.168.57.185
FATAL out of memory
INFO processed 192.168.193.243 items
DEBUG cache hit for key=192.168.178.6
FATAL unrecoverable disk error
FATAL segfault at address 0x192.168.39.155
INFO user 192.168.107.168 logged in
ERROR auth failure for user 192.168.82.31
INFO connection established
WARN disk usage 192.168.39.155%
ERROR null pointer in module 192.168.219.168
ERROR auth failure for user 192.168.142.104
INFO processed 192.168.9.50 items
WARN slow query: 192.168.92.139ms
ERROR file not found: /tmp/192.168.39.155.log
WARN disk usage 192.168.36.209%
INFO user 192.168.60.30 logged in
INFO request from 192.168.60.30
FATAL unrecoverable disk error
ERROR connection timeout 503
ERROR connection timeout 503
WARN slow query: 192.168.229.48ms
WARN memory threshold reached: 192.168.121.141MB
INFO processed 192.168.193.243 items
INFO user 192.168.141.220 logged in
WARN memory threshold reached: 192.168.142.104MB
FATAL segfault at address 0x192.168.107.168
ERROR file not found: /tmp/192.168.92.139.log
DEBUG cache hit for key=192.168.215.207
INFO user 192.168.92.139 logged in
DEBUG cache hit for key=192.168.82.31
FATAL unrecoverable disk error
ERROR null pointer in module 192.168.193.243
FATAL out of memory
ERROR auth failure for user 192.168.229.48
ERROR connection timeout 503
DEBUG entering function foo
ERROR file not found: /tmp/192.168.57.185.log
INFO request from 192.168.60.30
ERROR connection timeout 503
DEBUG heap size: 192.168.197.186
WARN retry attempt 192.168.121.141 for 12342
INFO user 192.168.189.144 logged in
INFO user 192.168.189.144 logged in
ERROR file not found: /tmp/192.168.107.168.log
INFO connection established
INFO request from 192.168.121.141
FATAL segfault at address 0x192.168.36.209
WARN memory threshold reached: 192.168.178.6MB
INFO request from 192.168.178.6
INFO connection established
DEBUG heap size: 192.168.229.48
DEBUG entering function foo
ERROR file not found: /tmp/192.168.178.215.log
INFO processed 192.168.107.168 items
DEBUG cache hit for key=192.168.142.104
ERROR file not found: /tmp/192.168.9.50.log
FATAL out of memory
INFO connection established
ERROR auth failure for user 192.168.107.168
ERROR file not found: /tmp/192.168.229.48.log
WARN memory threshold reached: 192.168.36.209MB
DEBUG heap size: 192.168.121.141
WARN disk usage 192.168.82.31%
ERROR connection timeout 503
FATAL kernel panic
DEBUG entering function foo
WARN memory threshold reached: 192.168.121.141MB
WARN slow query: 192.168.178.215ms
ERROR null pointer in module 192.168.9.50
INFO request from 192.168.141.220
ERROR connection timeout 503
WARN disk usage 192.168.82.31%
WARN retry attempt 192.168.107.168 for 68961
INFO user 192.168.193.243 logged in
INFO request from 192.168.82.31
FATAL kernel panic
WARN memory threshold reached: 192.168.9.50MB
ERROR auth failure for user 192.168.39.155
INFO connection established
WARN memory threshold reached: 192.168.178.6MB
INFO user 192.168.107.168 logged in
FATAL unrecoverable disk error
ERROR connection timeout 503
ERROR file not found: /tmp/192.168.39.155.log
WARN memory threshold reached: 192.168.215.207MB
FATAL unrecoverable disk error
INFO connection established
ERROR connection timeout 503
INFO user 192.168.57.185 logged in
INFO connection established
ERROR null pointer in module 192.168.197.186
WARN slow query: 192.168.92.139ms
ERROR connection timeout 503
FATAL out of memory
WARN retry attempt 192.168.229.48 for 80271
FATAL out of memory
ERROR null pointer in module 192.168.193.243
INFO request from 192.168.39.155
DEBUG variable x=192.168.121.141
ERROR null pointer in module 192.168.178.215
ERROR file not found: /tmp/192.168.211.158.log
WARN retry attempt 192.168.82.31 for 18565
DEBUG cache hit for key=192.168.219.168
FATAL segfault at address 0x192.168.39.155
WARN disk usage 192.168.178.6%
INFO processed 192.168.197.186 items
INFO processed 192.168.82.31 items
DEBUG entering function foo
WARN retry attempt 192.168.229.48 for 46042
DEBUG heap size: 192.168.121.141
FATAL segfault at address 0x192.168.178.215
DEBUG heap size: 192.168.82.31
WARN retry attempt 192.168.178.6 for 68317
FATAL unrecoverable disk error
ERROR connection timeout 503
DEBUG variable x=192.168.193.243
FATAL unrecoverable disk error
ERROR auth failure for user 192.168.141.220
DEBUG entering function foo
DEBUG heap size: 192.168.229.48
DEBUG cache hit for key=192.168.219.168
FATAL out of memory
DEBUG entering function foo
WARN disk usage 192.168.229.48%
FATAL kernel panic
ERROR auth failure for user 192.168.36.209
DEBUG entering function foo
ERROR auth failure for user 192.168.211.158
INFO processed 192.168.189.144 items
WARN slow query: 192.168.9.50ms
DEBUG heap size: 192.168.82.31
INFO processed 192.168.121.141 items
INFO request from 192.168.92.139
WARN memory threshold reached: 192.168.92.139MB
DEBUG entering function foo
DEBUG variable x=192.168.9.50
INFO request from 192.168.142.104
FATAL out of memory
ERROR auth failure for user 192.168.219.168
DEBUG entering function foo
DEBUG entering function foo
DEBUG cache hit for key=192.168.92.139
FATAL unrecoverable disk error
INFO processed 192.168.9.50 items
WARN slow query: 192.168.92.139ms
WARN memory threshold reached: 192.168.92.139MB
DEBUG entering function foo
WARN memory threshold reached: 192.168.9.50MB
DEBUG heap size: 192.168.211.158
INFO user 192.168.219.168 logged in
FATAL unrecoverable disk error
DEBUG cache hit for key=192.168.189.144
DEBUG cache hit for key=192.168.39.155
FATAL unrecoverable disk error
DEBUG variable x=192.168.121.141
INFO processed 192.168.197.186 items
DEBUG cache hit for key=192.168.178.215
FATAL segfault at address 0x192.168.211.158
DEBUG heap size: 192.168.229.48
WARN retry attempt 192.168.197.186 for 51437
WARN slow query: 192.168.82.31ms
ERROR null pointer in module 192.168.121.141
WARN slow query: 192.168.178.215ms
FATAL kernel panic
WARN disk usage 192.168.229.48%
WARN retry attempt 192.168.189.144 for 71565
DEBUG cache hit for key=192.168.57.185
DEBUG entering function foo
FATAL unrecoverable disk error
WARN disk usage 192.168.107.168%
FATAL segfault at address 0x192.168.39.155
INFO user 192.168.189.144 logged in
FATAL kernel panic
INFO request from 192.168.197.186
INFO processed 192.168.36.209 items
WARN retry attempt 192.168.60.30 for 99755
INFO processed 192.168.215.207 items
DEBUG variable x=192.168.189.144
FATAL unrecoverable disk error
ERROR file not found: /tmp/192.168.60.30.log
WARN memory threshold reached: 192.168.229.48MB
ERROR auth failure for user 192.168.193.243
WARN slow query: 192.168.36.209ms
INFO connection established
FATAL segfault at address 0x192.168.193.243
INFO request from 192.168.82.31
FATAL segfault at address 0x192.168.215.207
WARN slow query: 192.168.60.30ms
ERROR connection timeout 503
DEBUG entering function foo
ERROR connection timeout 503
FATAL segfault at address 0x192.168.219.168
WARN retry attempt 192.168.193.243 for 60403
ERROR auth failure for user 192.168.189.144
DEBUG cache hit for key=192.168.229.48
ERROR connection timeout 503
ERROR null pointer in module 192.168.121.141
FATAL kernel panic
WARN memory threshold reached: 192.168.142.104MB
DEBUG variable x=192.168.107.168
INFO connection established
ERROR connection timeout 503
INFO request from 192.168.229.48
FATAL out of memory
INFO processed 192.168.36.209 items
FATAL out of memory
ERROR auth failure for user 192.168.229.48
DEBUG variable x=192.168.215.207
DEBUG cache hit for key=192.168.197.186
FATAL unrecoverable disk error
FATAL segfault at address 0x192.168.92.139
ERROR auth failure for user 192.168.189.144
FATAL segfault at address 0x192.168.211.158
WARN slow query: 192.168.229.48ms
ERROR connection timeout 503
WARN retry attempt 192.168.211.158 for 89328
INFO connection established
INFO processed 192.168.141.220 items
INFO user 192.168.9.50 logged in
ERROR null pointer in module 192.168.121.141
WARN slow query: 192.168.82.31ms
ERROR connection timeout 503
ERROR null pointer in module 192.168.60.30
INFO connection established
DEBUG entering function foo
DEBUG variable x=192.168.82.31
FATAL unrecoverable disk error
DEBUG cache hit for key=192.168.219.168
WARN memory threshold reached: 192.168.197.186MB
FATAL out of memory
WARN slow query: 192.168.229.48ms
FATAL unrecoverable disk error
DEBUG heap size: 192.168.36.209
FATAL kernel panic
DEBUG heap size: 192.168.178.215
FATAL kernel panic
FATAL unrecoverable disk error
ERROR auth failure for user 192.168.229.48
INFO user 192.168.141.220 logged in
INFO processed 192.168.142.104 items
WARN disk usage 192.168.229.48%
ERROR null pointer in module 192.168.142.104
ERROR connection timeout 503
DEBUG heap size: 192.168.92.139
DEBUG variable x=192.168.57.185
ERROR file not found: /tmp/192.168.189.144.log
FATAL segfault at address 0x192.168.193.243
FATAL unrecoverable disk error
ERROR file not found: /tmp/192.168.60.30.log
DEBUG cache hit for key=192.168.9.50
DEBUG cache hit for key=192.168.92.139
DEBUG variable x=192.168.178.6
FATAL segfault at address 0x192.168.141.220
FATAL unrecoverable disk error
ERROR connection timeout 503
WARN retry attempt 192.168.57.185 for 74028
DEBUG cache hit for key=192.168.82.31
ERROR null pointer in module 192.168.193.243
WARN retry attempt 192.168.9.50 for 40001
WARN slow query: 192.168.193.243ms
ERROR auth failure for user 192.168.121.141
INFO connection established
ERROR null pointer in module 192.168.107.168
DEBUG cache hit for key=192.168.121.141
WARN memory threshold reached: 192.168.60.30MB
FATAL out of memory
ERROR auth failure for user 192.168.121.141
DEBUG entering function foo
INFO request from 192.168.107.168
FATAL out of memory
INFO user 192.168.121.141 logged in
WARN disk usage 192.168.178.6%
DEBUG variable x=192.168.60.30
DEBUG variable x=192.168.57.185
WARN memory threshold reached: 192.168.189.144MB
INFO request from 192.168.197.186
INFO processed 192.168.107.168 items
INFO request from 192.168.215.207
DEBUG entering function foo
DEBUG cache hit for key=192.168.57.185
INFO user 192.168.211.158 logged in
FATAL segfault at address 0x192.168.193.243
DEBUG entering function foo
ERROR connection timeout 503
DEBUG variable x=192.168.57.185
WARN disk usage 192.168.92.139%
DEBUG variable x=192.168.178.215
WARN disk usage 192.168.36.209%
ERROR file not found: /tmp/192.168.82.31.log
FATAL segfault at address 0x192.168.178.215
INFO processed 192.168.211.158 items
DEBUG entering function foo
WARN retry attempt 192.168.193.243 for 20552
FATAL kernel panic
DEBUG cache hit for key=192.168.215.207
DEBUG entering function foo
WARN slow query: 192.168.178.6ms
FATAL unrecoverable disk error
INFO processed 192.168.92.139 items
ERROR connection timeout 503
ERROR connection timeout 503
DEBUG heap size: 192.168.82.31
WARN disk usage 192.168.178.6%
DEBUG variable x=192.168.197.186
FATAL kernel panic
ERROR connection timeout 503
FATAL unrecoverable disk error
DEBUG heap size: 192.168.193.243
INFO request from 192.168.141.220
WARN memory threshold reached: 192.168.9.50MB
DEBUG entering function foo
ERROR null pointer in module 192.168.9.50
WARN slow query: 192.168.141.220ms
WARN slow query: 192.168.36.209ms
INFO request from 192.168.211.158
INFO user 192.168.121.141 logged in
ERROR file not found: /tmp/192.168.57.185.log
INFO user 192.168.60.30 logged in
INFO user 192.168.36.209 logged in
WARN disk usage 192.168.141.220%
INFO processed 192.168.142.104 items
WARN disk usage 192.168.92.139%
ERROR auth failure for user 192.168.141.220
FATAL unrecoverable disk error
ERROR null pointer in module 192.168.92.139
DEBUG variable x=192.168.107.168
ERROR auth failure for user 192.168.82.31
INFO user 192.168.36.209 logged in
FATAL out of memory
FATAL kernel panic
INFO connection established
INFO user 192.168.121.141 logged in
INFO processed 192.168.215.207 items
INFO connection established
WARN memory threshold reached: 192.168.60.30MB
ERROR connection timeout 503
DEBUG variable x=192.168.9.50
DEBUG heap size: 192.168.178.215
FATAL out of memory
ERROR file not found: /tmp/192.168.189.144.log
WARN memory threshold reached: 192.168.39.155MB
DEBUG cache hit for key=192.168.193.243
INFO request from 192.168.82.31
INFO processed 192.168.60.30 items
INFO request from 192.168.92.139
INFO user 192.168.39.155 logged in
WARN disk usage 192.168.60.30%
DEBUG heap size: 192.168.39.155
DEBUG heap size: 192.168.141.220
WARN slow query: 192.168.36.209ms
FATAL out of memory
ERROR file not found: /tmp/192.168.60.30.log
ERROR null pointer in module 192.168.36.209
ERROR file not found: /tmp/192.168.92.139.log
ERROR connection timeout 503
ERROR auth failure for user 192.168.9.50
FATAL kernel panic
WARN slow query: 192.168.211.158ms
DEBUG entering function foo
INFO request from 192.168.219.168
WARN disk usage 192.168.121.141%
ERROR connection timeout 503
INFO connection established
WARN disk usage 192.168.193.243%
FATAL out of memory
DEBUG entering function foo
DEBUG heap size: 192.168.197.186
INFO connection established
ERROR connection timeout 503
ERROR auth failure for user 192.168.9.50
DEBUG entering function foo
WARN disk usage 192.168.189.144%
ERROR null pointer in module 192.168.211.158
FATAL out of memory
FATAL segfault at address 0x192.168.189.144
FATAL out of memory
WARN disk usage 192.168.82.31%
INFO processed 192.168.39.155 items
FATAL kernel panic
WARN retry attempt 192.168.57.185 for 4102
DEBUG cache hit for key=192.168.219.168
INFO request from 192.168.178.6
DEBUG heap size: 192.168.178.215
WARN retry attempt 192.168.141.220 for 29817
WARN retry attempt 192.168.229.48 for 39434
ERROR null pointer in module 192.168.60.30
WARN retry attempt 192.168.107.168 for 36001
INFO processed 192.168.141.220 items
DEBUG entering function foo
FATAL out of memory
WARN slow query: 192.168.178.215ms
WARN memory threshold reached: 192.168.121.141MB
INFO user 192.168.9.50 logged in
ERROR connection timeout 503
FATAL out of memory
WARN memory threshold reached: 192.168.36.209MB
FATAL out of memory
WARN disk usage 192.168.193.243%
ERROR file not found: /tmp/192.168.9.50.log
WARN slow query: 192.168.9.50ms
DEBUG entering function foo
INFO user 192.168.215.207 logged in
WARN memory threshold reached: 192.168.36.209MB
FATAL unrecoverable disk error
FATAL kernel panic
WARN memory threshold reached: 192.168.142.104MB
WARN slow query: 192.168.36.209ms
DEBUG entering function foo
INFO processed 192.168.9.50 items
FATAL unrecoverable disk error
FATAL out of memory
DEBUG entering function foo
ERROR file not found: /tmp/192.168.9.50.log
INFO connection established
INFO processed 192.168.178.6 items
WARN disk usage 192.168.219.168%
DEBUG cache hit for key=192.168.197.186
DEBUG entering function foo
ERROR file not found: /tmp/192.168.211.158.log
FATAL segfault at address 0x192.168.229.48
ERROR null pointer in module 192.168.141.220
INFO request from 192.168.211.158
INFO request from 192.168.215.207
ERROR auth failure for user 192.168.211.158
WARN disk usage 192.168.189.144%
INFO connection established
WARN slow query: 192.168.193.243ms
DEBUG cache hit for key=192.168.215.207
DEBUG variable x=192.168.178.6
FATAL out of memory
INFO processed 192.168.57.185 items
WARN slow query: 192.168.197.186ms
DEBUG variable x=192.168.36.209
ERROR auth failure for user 192.168.57.185
DEBUG variable x=192.168.189.144
INFO request from 192.168.82.31
FATAL unrecoverable disk error
WARN retry attempt 192.168.107.168 for 71225
WARN slow query: 192.168.82.31ms
FATAL kernel panic
FATAL segfault at address 0x192.168.211.158
ERROR connection timeout 503
INFO request from 192.168.9.50
INFO request from 192.168.92.139
ERROR auth failure for user 192.168.121.141
INFO request from 192.168.107.168
ERROR connection timeout 503
ERROR auth failure for user 192.168.142.104
FATAL segfault at address 0x192.168.178.215
ERROR null pointer in module 192.168.142.104
DEBUG cache hit for key=192.168.121.141
INFO processed 192.168.215.207 items
INFO connection established
ERROR null pointer in module 192.168.82.31
DEBUG variable x=192.168.92.139
INFO connection established
FATAL segfault at address 0x192.168.121.141
FATAL out of memory
INFO request from 192.168.229.48
INFO connection established
DEBUG entering function foo
INFO user 192.168.215.207 logged in
ERROR auth failure for user 192.168.197.186
FATAL kernel panic
FATAL kernel panic
DEBUG cache hit for key=192.168.211.158
DEBUG variable x=192.168.60.30
FATAL out of memory
ERROR null pointer in module 192.168.36.209
WARN memory threshold reached: 192.168.197.186MB
FATAL unrecoverable disk error
WARN memory threshold reached: 192.168.219.168MB
ERROR connection timeout 503
INFO processed 192.168.82.31 items
ERROR null pointer in module 192.168.36.209
ERROR null pointer in module 192.168.107.168
DEBUG entering function foo
INFO user 192.168.215.207 logged in
FATAL out of memory
INFO user 192.168.219.168 logged in
WARN slow query: 192.168.57.185ms
DEBUG variable x=192.168.215.207
WARN disk usage 192.168.229.48%
FATAL out of memory
INFO processed 192.168.141.220 items
INFO processed 192.168.193.243 items
INFO user 192.168.219.168 logged in
ERROR auth failure for user 192.168.57.185
ERROR auth failure for user 192.168.141.220
INFO user 192.168.36.209 logged in
FATAL kernel panic
DEBUG heap size: 192.168.197.186
WARN memory threshold reached: 192.168.36.209MB
WARN slow query: 192.168.141.220ms
INFO user 192.168.107.168 logged in
FATAL unrecoverable disk error
INFO user 192.168.142.104 logged in
WARN memory threshold reached: 192.168.60.30MB
INFO connection established
ERROR null pointer in module 192.168.82.31
DEBUG cache hit for key=192.168.36.209
WARN retry attempt 192.168.219.168 for 80862
FATAL kernel panic
INFO request from 192.168.211.158
FATAL unrecoverable disk error
FATAL out of memory
WARN slow query: 192.168.189.144ms
INFO request from 192.168.82.31
INFO processed 192.168.197.186 items
ERROR null pointer in module 192.168.60.30
WARN retry attempt 192.168.142.104 for 32427
INFO user 192.168.57.185 logged in
ERROR file not found: /tmp/192.168.39.155.log
DEBUG cache hit for key=192.168.197.186
WARN slow query: 192.168.107.168ms
WARN retry attempt 192.168.189.144 for 28826
WARN retry attempt 192.168.57.185 for 5107
WARN retry attempt 192.168.57.185 for 31350
WARN slow query: 192.168.9.50ms
WARN slow query: 192.168.36.209ms
INFO user 192.168.9.50 logged in
ERROR file not found: /tmp/192.168.92.139.log
FATAL kernel panic
WARN slow query: 192.168.60.30ms
DEBUG variable x=192.168.92.139
ERROR connection timeout 503
WARN memory threshold reached: 192.168.197.186MB
FATAL kernel panic
ERROR file not found: /tmp/192.168.197.186.log
INFO request from 192.168.219.168
WARN memory threshold reached: 192.168.197.186MB
WARN slow query: 192.168.39.155ms
WARN retry attempt 192.168.197.186 for 98093
FATAL segfault at address 0x192.168.60.30
ERROR connection timeout 503
ERROR file not found: /tmp/192.168.178.6.log
WARN memory threshold reached: 192.168.197.186MB
WARN disk usage 192.168.60.30%
DEBUG cache hit for key=192.168.57.185
INFO connection established
ERROR connection timeout 503
FATAL out of memory
ERROR connection timeout 503
WARN memory threshold reached: 192.168.178.215MB
ERROR file not found: /tmp/192.168.211.158.log
WARN memory threshold reached: 192.168.229.48MB
ERROR null pointer in module 192.168.229.48
WARN memory threshold reached: 192.168.141.220MB
DEBUG cache hit for key=192.168.57.185
WARN disk usage 192.168.57.185%
ERROR connection timeout 503
INFO user 192.168.178.215 logged in
ERROR auth failure for user 192.168.229.48
DEBUG heap size: 192.168.121.141
FATAL unrecoverable disk error
ERROR connection timeout 503
INFO user 192.168.82.31 logged in
ERROR file not found: /tmp/192.168.36.209.log
WARN slow query: 192.168.178.6ms
WARN memory threshold reached: 192.168.189.144MB
FATAL out of memory
ERROR null pointer in module 192.168.193.243
ERROR file not found: /tmp/192.168.60.30.log
INFO processed 192.168.107.168 items
WARN memory threshold reached: 192.168.60.30MB
DEBUG heap size: 192.168.60.30
WARN slow query: 192.168.36.209ms
ERROR file not found: /tmp/192.168.60.30.log
INFO processed 192.168.141.220 items
DEBUG cache hit for key=192.168.219.168
ERROR connection timeout 503
ERROR connection timeout 503
DEBUG variable x=192.168.142.104
DEBUG variable x=192.168.229.48
ERROR null pointer in module 192.168.121.141
FATAL kernel panic
FATAL unrecoverable disk error
INFO user 192.168.92.139 logged in
WARN retry attempt 192.168.92.139 for 92518
DEBUG entering function foo
FATAL segfault at address 0x192.168.142.104
WARN slow query: 192.168.57.185ms
INFO request from 192.168.9.50
FATAL kernel panic
WARN disk usage 192.168.189.144%
ERROR auth failure for user 192.168.178.215
FATAL segfault at address 0x192.168.211.158
DEBUG variable x=192.168.219.168
INFO connection established
INFO request from 192.168.215.207
WARN memory threshold reached: 192.168.193.243MB
INFO connection established
INFO connection established
ERROR connection timeout 503
INFO connection established
WARN disk usage 192.168.178.6%
ERROR connection timeout 503
FATAL segfault at address 0x192.168.121.141
DEBUG cache hit for key=192.168.39.155
ERROR file not found: /tmp/192.168.60.30.log
DEBUG variable x=192.168.82.31
WARN disk usage 192.168.219.168%
INFO request from 192.168.229.48
FATAL unrecoverable disk error
INFO processed 192.168.9.50 items
ERROR auth failure for user 192.168.178.6
ERROR auth failure for user 192.168.121.141
ERROR null pointer in module 192.168.92.139
FATAL unrecoverable disk error
DEBUG variable x=192.168.193.243
INFO connection established
INFO user 192.168.189.144 logged in
INFO user 192.168.9.50 logged in
ERROR file not found: /tmp/192.168.219.168.log
INFO processed 192.168.9.50 items
FATAL segfault at address 0x192.168.60.30
ERROR connection timeout 503
ERROR auth failure for user 192.168.39.155
DEBUG heap size: 192.168.189.144
WARN disk usage 192.168.57.185%
INFO processed 192.168.107.168 items
FATAL kernel panic
INFO connection established
FATAL kernel panic
INFO connection established
WARN retry attempt 192.168.92.139 for 2656
DEBUG entering function foo
WARN slow query: 192.168.219.168ms
ERROR connection timeout 503
ERROR connection timeout 503
DEBUG heap size: 192.168.36.209
INFO processed 192.168.60.30 items
FATAL segfault at address 0x192.168.36.209
DEBUG variable x=192.168.121.141
WARN disk usage 192.168.60.30%
FATAL kernel panic
FATAL out of memory
ERROR null pointer in module 192.168.211.158
FATAL out of memory
FATAL unrecoverable disk error
INFO request from 192.168.178.6
FATAL out of memory
INFO user 192.168.219.168 logged in
DEBUG entering function foo
WARN slow query: 192.168.39.155ms
ERROR auth failure for user 192.168.57.185
DEBUG entering function foo
INFO request from 192.168.57.185
DEBUG entering function foo
INFO request from 192.168.82.31
WARN disk usage 192.168.215.207%
INFO request from 192.168.82.31
INFO processed 192.168.178.215 items
WARN retry attempt 192.168.9.50 for 77509
INFO user 192.168.197.186 logged in
ERROR file not found: /tmp/192.168.92.139.log
DEBUG entering function foo
INFO connection established
FATAL unrecoverable disk error
INFO request from 192.168.141.220
FATAL segfault at address 0x192.168.107.168
DEBUG entering function foo
DEBUG heap size: 192.168.211.158
INFO connection established
ERROR connection timeout 503
FATAL kernel panic
ERROR file not found: /tmp/192.168.141.220.log
DEBUG entering function foo
DEBUG cache hit for key=192.168.219.168
WARN disk usage 192.168.121.141%
WARN disk usage 192.168.9.50%
FATAL unrecoverable disk error
ERROR connection timeout 503
INFO request from 192.168.229.48
WARN disk usage 192.168.178.6%
INFO user 192.168.178.215 logged in
ERROR auth failure for user 192.168.219.168
INFO processed 192.168.219.168 items
DEBUG variable x=192.168.142.104
FATAL out of memory
WARN memory threshold reached: 192.168.219.168MB
DEBUG entering function foo
FATAL out of memory
ERROR auth failure for user 192.168.107.168
FATAL out of memory
WARN memory threshold reached: 192.168.219.168MB
ERROR null pointer in module 192.168.36.209
FATAL kernel panic
INFO processed 192.168.60.30 items
WARN memory threshold reached: 192.168.82.31MB
WARN memory threshold reached: 192.168.141.220MB
ERROR null pointer in module 192.168.82.31
ERROR null pointer in module 192.168.141.220
DEBUG heap size: 192.168.219.168
FATAL segfault at address 0x192.168.211.158
DEBUG entering function foo
FATAL unrecoverable disk error
FATAL out of memory
ERROR file not found: /tmp/192.168.229.48.log
WARN memory threshold reached: 192.168.193.243MB
WARN retry attempt 192.168.229.48 for 92073
WARN memory threshold reached: 192.168.197.186MB
ERROR connection timeout 503
INFO processed 192.168.229.48 items
FATAL segfault at address 0x192.168.189.144
WARN retry attempt 192.168.189.144 for 69639
WARN disk usage 192.168.57.185%
ERROR null pointer in module 192.168.141.220
WARN retry attempt 192.168.121.141 for 55142
FATAL unrecoverable disk error
FATAL unrecoverable disk error
WARN retry attempt 192.168.229.48 for 64326
FATAL kernel panic
INFO connection established
INFO request from 192.168.57.185
DEBUG variable x=192.168.57.185
ERROR auth failure for user 192.168.57.185
DEBUG variable x=192.168.141.220
INFO request from 192.168.9.50
DEBUG heap size: 192.168.141.220
FATAL unrecoverable disk error
WARN disk usage 192.168.121.141%
FATAL segfault at address 0x192.168.36.209
ERROR null pointer in module 192.168.211.158
INFO connection established
DEBUG heap size: 192.168.39.155
ERROR connection timeout 503
INFO processed 192.168.92.139 items
INFO request from 192.168.189.144
WARN disk usage 192.168.9.50%
WARN slow query: 192.168.39.155ms
INFO connection established
ERROR connection timeout 503
ERROR connection timeout 503
DEBUG cache hit for key=192.168.189.144
INFO user 192.168.82.31 logged in
ERROR auth failure for user 192.168.215.207
WARN retry attempt 192.168.189.144 for 40731
ERROR connection timeout 503
WARN memory threshold reached: 192.168.141.220MB
FATAL kernel panic
INFO request from 192.168.39.155
WARN memory threshold reached: 192.168.141.220MB
ERROR connection timeout 503
INFO connection established
INFO user 192.168.92.139 logged in
ERROR connection timeout 503
DEBUG entering function foo
FATAL kernel panic
ERROR file not found: /tmp/192.168.178.6.log
FATAL unrecoverable disk error
INFO user 192.168.36.209 logged in
FATAL out of memory
ERROR connection timeout 503
FATAL segfault at address 0x192.168.197.186
DEBUG heap size: 192.168.178.6
WARN slow query: 192.168.193.243ms
FATAL out of memory
DEBUG cache hit for key=192.168.211.158
WARN disk usage 192.168.197.186%
ERROR auth failure for user 192.168.9.50
ERROR connection timeout 503
INFO connection established
ERROR null pointer in module 192.168.92.139
WARN disk usage 192.168.178.6%
DEBUG entering function foo
ERROR connection timeout 503
DEBUG entering function foo
DEBUG heap size: 192.168.197.186
WARN slow query: 192.168.142.104ms
INFO request from 192.168.211.158
INFO processed 192.168.141.220 items
DEBUG variable x=192.168.229.48
DEBUG variable x=192.168.39.155
WARN memory threshold reached: 192.168.219.168MB
ERROR connection timeout 503
FATAL unrecoverable disk error
FATAL segfault at address 0x192.168.142.104
WARN retry attempt 192.168.82.31 for 47397
DEBUG cache hit for key=192.168.189.144
DEBUG variable x=192.168.219.168
WARN memory threshold reached: 192.168.92.139MB
ERROR connection timeout 503
INFO processed 192.168.92.139 items
INFO request from 192.168.178.6
DEBUG variable x=192.168.82.31
ERROR auth failure for user 192.168.215.207
DEBUG entering function foo
INFO processed 192.168.121.141 items
INFO processed 192.168.178.6 items
INFO connection established
WARN memory threshold reached: 192.168.60.30MB
FATAL out of memory
FATAL out of memory
WARN memory threshold reached: 192.168.141.220MB
FATAL kernel panic
WARN memory threshold reached: 192.168.39.155MB
INFO user 192.168.178.6 logged in
ERROR auth failure for user 192.168.189.144
DEBUG entering function foo
INFO connection established
WARN slow query: 192.168.36.209ms
ERROR file not found: /tmp/192.168.142.104.log
DEBUG entering function foo
ERROR null pointer in module 192.168.121.141
ERROR file not found: /tmp/192.168.215.207.log
FATAL segfault at address 0x192.168.215.207
DEBUG heap size: 192.168.36.209
ERROR file not found: /tmp/192.168.193.243.log
DEBUG variable x=192.168.178.215
INFO request from 192.168.141.220
INFO connection established
DEBUG heap size: 192.168.189.144
ERROR auth failure for user 192.168.60.30
WARN retry attempt 192.168.193.243 for 39483
DEBUG entering function foo
DEBUG heap size: 192.168.121.141
ERROR file not found: /tmp/192.168.229.48.log
INFO processed 192.168.178.215 items
WARN retry attempt 192.168.215.207 for 70312
FATAL unrecoverable disk error
DEBUG heap size: 192.168.57.185
INFO connection established
INFO connection established
INFO request from 192.168.215.207
ERROR null pointer in module 192.168.39.155
WARN retry attempt 192.168.178.215 for 76709
DEBUG heap size: 192.168.178.6
INFO request from 192.168.141.220
DEBUG cache hit for key=192.168.193.243
ERROR auth failure for user 192.168.178.215
WARN slow query: 192.168.197.186ms
FATAL kernel panic
FATAL kernel panic
ERROR null pointer in module 192.168.193.243
ERROR file not found: /tmp/192.168.57.185.log
ERROR auth failure for user 192.168.107.168
INFO user 192.168.189.144 logged in
WARN memory threshold reached: 192.168.197.186MB
ERROR file not found: /tmp/192.168.193.243.log
FATAL kernel panic
DEBUG cache hit for key=192.168.36.209
WARN slow query: 192.168.189.144ms
INFO processed 192.168.107.168 items
FATAL out of memory
DEBUG cache hit for key=192.168.193.243
ERROR null pointer in module 192.168.57.185
INFO connection established
INFO request from 192.168.141.220
ERROR null pointer in module 192.168.121.141
FATAL unrecoverable disk error
ERROR file not found: /tmp/192.168.219.168.log
INFO user 192.168.219.168 logged in
ERROR null pointer in module 192.168.141.220
DEBUG entering function foo
ERROR file not found: /tmp/192.168.229.48.log
DEBUG heap size: 192.168.193.243
ERROR connection timeout 503
INFO user 192.168.178.215 logged in
FATAL unrecoverable disk error
WARN slow query: 192.168.215.207ms
DEBUG heap size: 192.168.197.186
INFO processed 192.168.211.158 items
FATAL out of memory
WARN memory threshold reached: 192.168.107.168MB
INFO user 192.168.107.168 logged in
FATAL segfault at address 0x192.168.9.50
DEBUG cache hit for key=192.168.189.144
ERROR auth failure for user 192.168.197.186
INFO user 192.168.142.104 logged in
INFO user 192.168.189.144 logged in
DEBUG cache hit for key=192.168.229.48
ERROR auth failure for user 192.168.107.168
WARN slow query: 192.168.92.139ms
DEBUG entering function foo
INFO connection established
INFO request from 192.168.39.155
FATAL out of memory
INFO connection established
ERROR auth failure for user 192.168.36.209
INFO connection established
INFO request from 192.168.82.31
DEBUG entering function foo
WARN retry attempt 192.168.36.209 for 8596
WARN slow query: 192.168.219.168ms
DEBUG heap size: 192.168.197.186
INFO user 192.168.57.185 logged in
INFO user 192.168.229.48 logged in
WARN disk usage 192.168.60.30%
FATAL kernel panic
ERROR file not found: /tmp/192.168.229.48.log
ERROR file not found: /tmp/192.168.229.48.log
ERROR auth failure for user 192.168.211.158
FATAL out of memory
DEBUG heap size: 192.168.229.48
INFO request from 192.168.178.6
ERROR null pointer in module 192.168.229.48
FATAL out of memory
WARN slow query: 192.168.107.168ms
INFO processed 192.168.57.185 items
INFO processed 192.168.219.168 items
WARN memory threshold reached: 192.168.9.50MB
FATAL unrecoverable disk error
ERROR connection timeout 503
FATAL kernel panic
INFO connection established
INFO processed 192.168.121.141 items
WARN disk usage 192.168.92.139%
WARN disk usage 192.168.211.158%
WARN retry attempt 192.168.141.220 for 45937
DEBUG variable x=192.168.92.139
FATAL unrecoverable disk error
FATAL segfault at address 0x192.168.121.141
FATAL out of memory
DEBUG variable x=192.168.189.144
FATAL segfault at address 0x192.168.92.139
INFO processed 192.168.9.50 items
DEBUG cache hit for key=192.168.211.158
WARN memory threshold reached: 192.168.178.215MB
FATAL segfault at address 0x192.168.211.158
ERROR auth failure for user 192.168.219.168
WARN memory threshold reached: 192.168.92.139MB
WARN disk usage 192.168.141.220%
ERROR null pointer in module 192.168.193.243
DEBUG heap size: 192.168.215.207
WARN memory threshold reached: 192.168.197.186MB
INFO connection established
FATAL unrecoverable disk error
ERROR connection timeout 503
FATAL segfault at address 0x192.168.193.243
WARN memory threshold reached: 192.168.189.144MB
INFO processed 192.168.197.186 items
DEBUG entering function foo
FATAL out of memory
FATAL segfault at address 0x192.168.57.185
INFO connection established
INFO connection established
DEBUG variable x=192.168.107.168
ERROR file not found: /tmp/192.168.229.48.log
ERROR null pointer in module 192.168.36.209
FATAL segfault at address 0x192.168.219.168
DEBUG cache hit for key=192.168.215.207
ERROR file not found: /tmp/192.168.82.31.log
INFO request from 192.168.219.168
INFO processed 192.168.60.30 items
INFO request from 192.168.141.220
WARN disk usage 192.168.229.48%
INFO connection established
ERROR file not found: /tmp/192.168.9.50.log
FATAL segfault at address 0x192.168.211.158
DEBUG heap size: 192.168.189.144
INFO connection established
INFO connection established
FATAL kernel panic
INFO processed 192.168.57.185 items
ERROR null pointer in module 192.168.107.168
ERROR file not found: /tmp/192.168.9.50.log
WARN disk usage 192.168.178.215%
FATAL segfault at address 0x192.168.92.139
WARN memory threshold reached: 192.168.121.141MB
INFO user 192.168.197.186 logged in
WARN retry attempt 192.168.107.168 for 7775
ERROR auth failure for user 192.168.189.144
ERROR file not found: /tmp/192.168.92.139.log
DEBUG variable x=192.168.82.31
DEBUG heap size: 192.168.211.158
DEBUG cache hit for key=192.168.193.243
WARN disk usage 192.168.121.141%
INFO user 192.168.219.168 logged in
DEBUG heap size: 192.168.92.139
ERROR connection timeout 503
WARN retry attempt 192.168.60.30 for 66330
INFO connection established
FATAL unrecoverable disk error
INFO processed 192.168.141.220 items
WARN memory threshold reached: 192.168.229.48MB
ERROR file not found: /tmp/192.168.92.139.log
FATAL unrecoverable disk error
INFO request from 192.168.178.6
DEBUG variable x=192.168.57.185
ERROR connection timeout 503
INFO processed 192.168.82.31 items
WARN retry attempt 192.168.197.186 for 19328
ERROR connection timeout 503
ERROR null pointer in module 192.168.189.144
DEBUG variable x=192.168.178.6
INFO request from 192.168.60.30
INFO user 192.168.39.155 logged in
ERROR file not found: /tmp/192.168.82.31.log
INFO request from 192.168.9.50
FATAL out of memory
FATAL kernel panic
FATAL out of memory
WARN retry attempt 192.168.197.186 for 46407
ERROR file not found: /tmp/192.168.178.6.log
FATAL segfault at address 0x192.168.39.155
INFO request from 192.168.229.48
WARN retry attempt 192.168.197.186 for 2449
FATAL kernel panic
DEBUG heap size: 192.168.39.155
WARN retry attempt 192.168.142.104 for 49615
ERROR null pointer in module 192.168.82.31
INFO request from 192.168.197.186
DEBUG variable x=192.168.82.31
FATAL segfault at address 0x192.168.178.215
WARN disk usage 192.168.193.243%
WARN retry attempt 192.168.193.243 for 9143
FATAL kernel panic
DEBUG entering function foo
DEBUG entering function foo
ERROR connection timeout 503
INFO processed 192.168.39.155 items
FATAL kernel panic
INFO processed 192.168.215.207 items
WARN retry attempt 192.168.60.30 for 16898
ERROR null pointer in module 192.168.36.209
WARN disk usage 192.168.36.209%
INFO request from 192.168.92.139
FATAL unrecoverable disk error
ERROR null pointer in module 192.168.92.139
WARN memory threshold reached: 192.168.92.139MB
INFO processed 192.168.178.215 items
FATAL segfault at address 0x192.168.197.186
ERROR null pointer in module 192.168.121.141
DEBUG variable x=192.168.211.158
ERROR auth failure for user 192.168.178.215
INFO connection established
INFO request from 192.168.142.104
DEBUG variable x=192.168.229.48
DEBUG heap size: 192.168.193.243
WARN disk usage 192.168.9.50%
WARN memory threshold reached: 192.168.9.50MB
WARN disk usage 192.168.92.139%
FATAL kernel panic
INFO processed 192.168.193.243 items
FATAL kernel panic
INFO connection established
FATAL out of memory
FATAL unrecoverable disk error
WARN retry attempt 192.168.39.155 for 5632
WARN disk usage 192.168.215.207%
ERROR auth failure for user 192.168.178.6
FATAL unrecoverable disk error
INFO processed 192.168.9.50 items
ERROR auth failure for user 192.168.189.144
FATAL segfault at address 0x192.168.197.186
DEBUG heap size: 192.168.92.139
FATAL out of memory
FATAL kernel panic
DEBUG heap size: 192.168.9.50
INFO request from 192.168.178.215
DEBUG variable x=192.168.229.48
INFO request from 192.168.211.158
ERROR null pointer in module 192.168.229.48
INFO request from 192.168.36.209
ERROR file not found: /tmp/192.168.92.139.log
INFO request from 192.168.215.207
INFO user 192.168.121.141 logged in
DEBUG entering function foo
FATAL kernel panic
WARN retry attempt 192.168.178.215 for 55868
WARN memory threshold reached: 192.168.219.168MB
INFO request from 192.168.211.158
WARN slow query: 192.168.178.215ms
ERROR null pointer in module 192.168.92.139
WARN disk usage 192.168.178.215%
DEBUG entering function foo
ERROR file not found: /tmp/192.168.215.207.log
FATAL kernel panic
DEBUG heap size: 192.168.121.141
WARN memory threshold reached: 192.168.211.158MB
INFO user 192.168.82.31 logged in
WARN retry attempt 192.168.141.220 for 25655
FATAL kernel panic
DEBUG heap size: 192.168.39.155
DEBUG heap size: 192.168.82.31
FATAL segfault at address 0x192.168.57.185
WARN disk usage 192.168.219.168%
INFO processed 192.168.92.139 items
ERROR auth failure for user 192.168.178.6
FATAL segfault at address 0x192.168.197.186
ERROR null pointer in module 192.168.211.158
INFO processed 192.168.39.155 items
FATAL kernel panic
DEBUG entering function foo
INFO user 192.168.82.31 logged in
INFO processed 192.168.215.207 items
INFO connection established
DEBUG variable x=192.168.92.139
FATAL unrecoverable disk error
WARN memory threshold reached: 192.168.211.158MB
ERROR auth failure for user 192.168.215.207
DEBUG heap size: 192.168.9.50
WARN slow query: 192.168.178.215ms
WARN slow query: 192.168.142.104ms
WARN memory threshold reached: 192.168.60.30MB
ERROR file not found: /tmp/192.168.92.139.log
FATAL kernel panic
FATAL out of memory
FATAL segfault at address 0x192.168.197.186
INFO connection established
WARN retry attempt 192.168.60.30 for 67060
DEBUG cache hit for key=192.168.57.185
DEBUG entering function foo
DEBUG heap size: 192.168.39.155
WARN disk usage 192.168.39.155%
FATAL unrecoverable disk error
FATAL unrecoverable disk error
DEBUG cache hit for key=192.168.9.50
INFO processed 192.168.60.30 items
ERROR connection timeout 503
ERROR auth failure for user 192.168.229.48
WARN retry attempt 192.168.39.155 for 90553
INFO processed 192.168.193.243 items
DEBUG variable x=192.168.215.207
WARN disk usage 192.168.193.243%
WARN retry attempt 192.168.193.243 for 22323
WARN retry attempt 192.168.141.220 for 52720
INFO connection established
FATAL unrecoverable disk error
DEBUG cache hit for key=192.168.121.141
WARN slow query: 192.168.229.48ms
WARN memory threshold reached: 192.168.178.6MB
ERROR file not found: /tmp/192.168.57.185.log
FATAL unrecoverable disk error
ERROR auth failure for user 192.168.141.220
FATAL unrecoverable disk error
INFO request from 192.168.189.144
DEBUG cache hit for key=192.168.189.144
DEBUG cache hit for key=192.168.107.168
FATAL segfault at address 0x192.168.178.6
INFO request from 192.168.178.215
WARN disk usage 192.168.229.48%
WARN memory threshold reached: 192.168.36.209MB
ERROR connection timeout 503
ERROR auth failure for user 192.168.9.50
DEBUG cache hit for key=192.168.82.31
FATAL unrecoverable disk error
WARN disk usage 192.168.178.6%
WARN memory threshold reached: 192.168.219.168MB
FATAL segfault at address 0x192.168.211.158
ERROR connection timeout 503
INFO processed 192.168.36.209 items
ERROR file not found: /tmp/192.168.178.215.log
DEBUG entering function foo
DEBUG variable x=192.168.211.158
ERROR file not found: /tmp/192.168.142.104.log
FATAL segfault at address 0x192.168.107.168
ERROR file not found: /tmp/192.168.36.209.log
INFO request from 192.168.92.139
INFO user 192.168.189.144 logged in
WARN slow query: 192.168.107.168ms
FATAL out of memory
ERROR auth failure for user 192.168.178.215
INFO processed 192.168.9.50 items
DEBUG heap size: 192.168.142.104
FATAL kernel panic
DEBUG variable x=192.168.92.139
INFO connection established
WARN slow query: 192.168.229.48ms
FATAL unrecoverable disk error
WARN memory threshold reached: 192.168.211.158MB
INFO processed 192.168.189.144 items
INFO connection established
ERROR file not found: /tmp/192.168.215.207.log
INFO processed 192.168.215.207 items
INFO processed 192.168.189.144 items
ERROR file not found: /tmp/192.168.60.30.log
DEBUG entering function foo
WARN disk usage 192.168.107.168%
WARN disk usage 192.168.39.155%
ERROR file not found: /tmp/192.168.219.168.log
INFO user 192.168.121.141 logged in
ERROR file not found: /tmp/192.168.9.50.log
FATAL unrecoverable disk error
FATAL out of memory
INFO connection established
INFO connection established
DEBUG entering function foo
INFO user 192.168.211.158 logged in
ERROR connection timeout 503
DEBUG variable x=192.168.60.30
ERROR connection timeout 503
DEBUG heap size: 192.168.107.168
FATAL segfault at address 0x192.168.57.185
ERROR null pointer in module 192.168.107.168
FATAL kernel panic
FATAL kernel panic
WARN disk usage 192.168.142.104%
ERROR file not found: /tmp/192.168.57.185.log
FATAL segfault at address 0x192.168.36.209
WARN retry attempt 192.168.107.168 for 25354
ERROR auth failure for user 192.168.142.104
INFO user 192.168.141.220 logged in
WARN retry attempt 192.168.39.155 for 15323
DEBUG heap size: 192.168.141.220
DEBUG entering function foo
WARN memory threshold reached: 192.168.229.48MB
WARN memory threshold reached: 192.168.141.220MB
ERROR connection timeout 503
DEBUG variable x=192.168.229.48
INFO connection established
DEBUG cache hit for key=192.168.211.158
INFO processed 192.168.9.50 items
INFO request from 192.168.178.215
DEBUG heap size: 192.168.211.158
FATAL out of memory
FATAL out of memory
INFO request from 192.168.197.186
DEBUG variable x=192.168.9.50
ERROR null pointer in module 192.168.82.31
ERROR connection timeout 503
WARN slow query: 192.168.229.48ms
INFO connection established
ERROR connection timeout 503
DEBUG entering function foo
WARN memory threshold reached: 192.168.142.104MB
INFO request from 192.168.215.207
ERROR auth failure for user 192.168.36.209
FATAL out of memory
WARN retry attempt 192.168.9.50 for 55421
DEBUG heap size: 192.168.189.144
WARN disk usage 192.168.142.104%
FATAL kernel panic
FATAL segfault at address 0x192.168.219.168
INFO connection established
WARN retry attempt 192.168.9.50 for 28728
FATAL kernel panic
FATAL kernel panic
INFO user 192.168.193.243 logged in
DEBUG cache hit for key=192.168.229.48
ERROR file not found: /tmp/192.168.121.141.log
WARN disk usage 192.168.60.30%
ERROR connection timeout 503
ERROR auth failure for user 192.168.215.207
DEBUG heap size: 192.168.57.185
INFO request from 192.168.142.104
INFO user 192.168.141.220 logged in
DEBUG variable x=192.168.178.215
DEBUG heap size: 192.168.193.243
ERROR connection timeout 503
FATAL kernel panic
ERROR null pointer in module 192.168.60.30
INFO request from 192.168.141.220
WARN slow query: 192.168.219.168ms
WARN disk usage 192.168.39.155%
FATAL segfault at address 0x192.168.215.207
FATAL segfault at address 0x192.168.197.186
WARN slow query: 192.168.82.31ms
WARN memory threshold reached: 192.168.189.144MB
DEBUG variable x=192.168.36.209
ERROR null pointer in module 192.168.197.186
WARN slow query: 192.168.39.155ms
INFO processed 192.168.215.207 items
DEBUG cache hit for key=192.168.189.144
DEBUG variable x=192.168.193.243
FATAL segfault at address 0x192.168.60.30
INFO user 192.168.60.30 logged in
FATAL kernel panic
ERROR null pointer in module 192.168.215.207
ERROR file not found: /tmp/192.168.57.185.log
WARN retry attempt 192.168.142.104 for 63974
DEBUG cache hit for key=192.168.82.31
INFO connection established
DEBUG entering function foo
ERROR connection timeout 503
INFO processed 192.168.92.139 items
INFO user 192.168.107.168 logged in
ERROR auth failure for user 192.168.178.215
FATAL out of memory
ERROR auth failure for user 192.168.60.30
INFO request from 192.168.229.48
DEBUG heap size: 192.168.219.168
WARN retry attempt 192.168.36.209 for 58159
INFO connection established
FATAL segfault at address 0x192.168.189.144
INFO connection established
WARN memory threshold reached: 192.168.178.215MB
INFO processed 192.168.60.30 items
ERROR auth failure for user 192.168.197.186
INFO connection established
WARN memory threshold reached: 192.168.141.220MB
FATAL out of memory
ERROR file not found: /tmp/192.168.189.144.log
ERROR auth failure for user 192.168.121.141
FATAL unrecoverable disk error
DEBUG heap size: 192.168.178.6
FATAL segfault at address 0x192.168.142.104
ERROR auth failure for user 192.168.178.6
INFO connection established
INFO processed 192.168.197.186 items
INFO user 192.168.107.168 logged in
WARN slow query: 192.168.141.220ms
WARN slow query: 192.168.141.220ms
ERROR file not found: /tmp/192.168.36.209.log
DEBUG heap size: 192.168.82.31
DEBUG cache hit for key=192.168.229.48
ERROR connection timeout 503
INFO connection established
ERROR null pointer in module 192.168.141.220
FATAL segfault at address 0x192.168.9.50
ERROR null pointer in module 192.168.193.243
ERROR connection timeout 503
FATAL kernel panic
INFO processed 192.168.142.104 items
WARN disk usage 192.168.193.243%
FATAL unrecoverable disk error
FATAL unrecoverable disk error
DEBUG variable x=192.168.197.186
ERROR null pointer in module 192.168.9.50
WARN retry attempt 192.168.197.186 for 87830
INFO processed 192.168.39.155 items
INFO request from 192.168.197.186
WARN memory threshold reached: 192.168.92.139MB
WARN slow query: 192.168.142.104ms
DEBUG heap size: 192.168.229.48
WARN slow query: 192.168.121.141ms
FATAL unrecoverable disk error
FATAL out of memory
WARN memory threshold reached: 192.168.82.31MB
WARN slow query: 192.168.121.141ms
ERROR connection timeout 503
ERROR null pointer in module 192.168.215.207
WARN disk usage 192.168.142.104%
ERROR connection timeout 503
ERROR null pointer in module 192.168.229.48
FATAL segfault at address 0x192.168.193.243
FATAL segfault at address 0x192.168.178.215
DEBUG variable x=192.168.9.50
INFO connection established
ERROR null pointer in module 192.168.142.104
FATAL kernel panic
WARN slow query: 192.168.142.104ms
DEBUG cache hit for key=192.168.82.31
ERROR file not found: /tmp/192.168.82.31.log
ERROR connection timeout 503
INFO connection established
ERROR connection timeout 503
WARN memory threshold reached: 192.168.142.104MB
WARN slow query: 192.168.92.139ms
DEBUG heap size: 192.168.9.50
INFO user 192.168.178.6 logged in
WARN memory threshold reached: 192.168.189.144MB
INFO request from 192.168.215.207
ERROR null pointer in module 192.168.178.6
WARN disk usage 192.168.219.168%
INFO processed 192.168.178.6 items
FATAL unrecoverable disk error
FATAL kernel panic
FATAL kernel panic
DEBUG cache hit for key=192.168.92.139
WARN slow query: 192.168.178.215ms
ERROR auth failure for user 192.168.219.168
WARN memory threshold reached: 192.168.39.155MB
DEBUG entering function foo
DEBUG variable x=192.168.121.141
DEBUG heap size: 192.168.121.141
INFO request from 192.168.57.185
DEBUG entering function foo
ERROR null pointer in module 192.168.219.168
DEBUG entering function foo
INFO request from 192.168.197.186
FATAL kernel panic
FATAL kernel panic
INFO connection established
INFO request from 192.168.193.243
WARN slow query: 192.168.36.209ms
FATAL kernel panic
WARN memory threshold reached: 192.168.82.31MB
INFO request from 192.168.9.50
DEBUG cache hit for key=192.168.178.6
DEBUG heap size: 192.168.92.139
ERROR connection timeout 503
WARN retry attempt 192.168.60.30 for 21076
FATAL segfault at address 0x192.168.60.30
INFO connection established
WARN memory threshold reached: 192.168.193.243MB
DEBUG cache hit for key=192.168.82.31
WARN slow query: 192.168.141.220ms
WARN slow query: 192.168.142.104ms
WARN memory threshold reached: 192.168.39.155MB
FATAL segfault at address 0x192.168.36.209
INFO user 192.168.9.50 logged in
FATAL segfault at address 0x192.168.219.168
DEBUG heap size: 192.168.189.144
ERROR null pointer in module 192.168.141.220
ERROR null pointer in module 192.168.121.141
DEBUG cache hit for key=192.168.189.144
FATAL segfault at address 0x192.168.219.168
FATAL segfault at address 0x192.168.189.144
FATAL segfault at address 0x192.168.215.207
WARN memory threshold reached: 192.168.107.168MB
DEBUG entering function foo
ERROR null pointer in module 192.168.107.168
WARN retry attempt 192.168.193.243 for 45983
DEBUG heap size: 192.168.107.168
DEBUG variable x=192.168.39.155
FATAL segfault at address 0x192.168.82.31
INFO connection established
FATAL kernel panic
FATAL segfault at address 0x192.168.193.243
ERROR connection timeout 503
FATAL segfault at address 0x192.168.39.155
DEBUG heap size: 192.168.215.207
DEBUG variable x=192.168.60.30
DEBUG variable x=192.168.178.215
INFO processed 192.168.60.30 items
DEBUG heap size: 192.168.92.139
INFO connection established
WARN slow query: 192.168.219.168ms
INFO connection established
ERROR connection timeout 503
ERROR null pointer in module 192.168.121.141
ERROR null pointer in module 192.168.211.158
DEBUG cache hit for key=192.168.219.168
FATAL kernel panic
INFO request from 192.168.121.141
FATAL unrecoverable disk error
FATAL kernel panic
WARN slow query: 192.168.189.144ms
FATAL out of memory
ERROR auth failure for user 192.168.178.215
ERROR null pointer in module 192.168.178.215
FATAL segfault at address 0x192.168.121.141
FATAL segfault at address 0x192.168.189.144
ERROR auth failure for user 192.168.9.50
DEBUG entering function foo
ERROR auth failure for user 192.168.121.141
ERROR null pointer in module 192.168.141.220
WARN retry attempt 192.168.9.50 for 30464
ERROR auth failure for user 192.168.197.186
FATAL segfault at address 0x192.168.197.186
INFO connection established
ERROR connection timeout 503
DEBUG entering function foo
DEBUG variable x=192.168.57.185
INFO connection established
FATAL out of memory
INFO processed 192.168.107.168 items
DEBUG entering function foo
FATAL segfault at address 0x192.168.92.139
INFO processed 192.168.141.220 items
DEBUG variable x=192.168.189.144
DEBUG variable x=192.168.82.31
ERROR auth failure for user 192.168.36.209
DEBUG variable x=192.168.178.6
FATAL segfault at address 0x192.168.121.141
ERROR null pointer in module 192.168.211.158
ERROR file not found: /tmp/192.168.178.6.log
WARN disk usage 192.168.141.220%
FATAL segfault at address 0x192.168.82.31
INFO processed 192.168.57.185 items
INFO processed 192.168.39.155 items
FATAL unrecoverable disk error
ERROR null pointer in module 192.168.229.48
FATAL segfault at address 0x192.168.211.158
DEBUG variable x=192.168.211.158
WARN disk usage 192.168.92.139%
WARN slow query: 192.168.229.48ms
ERROR null pointer in module 192.168.39.155
WARN retry attempt 192.168.9.50 for 42087
FATAL kernel panic
INFO user 192.168.9.50 logged in
WARN memory threshold reached: 192.168.39.155MB
WARN memory threshold reached: 192.168.57.185MB
ERROR null pointer in module 192.168.189.144
WARN retry attempt 192.168.107.168 for 30191
INFO user 192.168.219.168 logged in
DEBUG heap size: 192.168.39.155
ERROR null pointer in module 192.168.82.31
ERROR file not found: /tmp/192.168.211.158.log
INFO request from 192.168.142.104
ERROR connection timeout 503
FATAL out of memory
WARN memory threshold reached: 192.168.57.185MB
DEBUG entering function foo
DEBUG variable x=192.168.107.168
ERROR file not found: /tmp/192.168.141.220.log
ERROR file not found: /tmp/192.168.92.139.log
WARN memory threshold reached: 192.168.229.48MB
FATAL out of memory
FATAL segfault at address 0x192.168.60.30
INFO user 192.168.36.209 logged in
ERROR file not found: /tmp/192.168.141.220.log
WARN slow query: 192.168.197.186ms
DEBUG heap size: 192.168.215.207
INFO user 192.168.211.158 logged in
ERROR null pointer in module 192.168.57.185
FATAL out of memory
FATAL segfault at address 0x192.168.107.168
ERROR file not found: /tmp/192.168.211.158.log
ERROR file not found: /tmp/192.168.121.141.log
FATAL out of memory
WARN slow query: 192.168.229.48ms
INFO connection established
ERROR null pointer in module 192.168.9.50
INFO request from 192.168.211.158
INFO request from 192.168.141.220
WARN retry attempt 192.168.189.144 for 59654
DEBUG variable x=192.168.193.243
INFO request from 192.168.211.158
FATAL unrecoverable disk error
DEBUG cache hit for key=192.168.107.168
FATAL out of memory
FATAL segfault at address 0x192.168.189.144
ERROR auth failure for user 192.168.36.209
FATAL kernel panic
FATAL out of memory
DEBUG variable x=192.168.229.48
DEBUG cache hit for key=192.168.215.207
INFO processed 192.168.82.31 items
FATAL segfault at address 0x192.168.92.139
ERROR null pointer in module 192.168.215.207
INFO processed 192.168.229.48 items
ERROR auth failure for user 192.168.142.104
ERROR file not found: /tmp/192.168.57.185.log
DEBUG variable x=192.168.142.104
INFO processed 192.168.141.220 items
DEBUG variable x=192.168.141.220
INFO user 192.168.39.155 logged in
ERROR file not found: /tmp/192.168.141.220.log
WARN memory threshold reached: 192.168.60.30MB
WARN memory threshold reached: 192.168.178.6MB
WARN disk usage 192.168.197.186%
WARN disk usage 192.168.178.215%
DEBUG entering function foo
FATAL unrecoverable disk error
FATAL kernel panic
FATAL segfault at address 0x192.168.189.144
DEBUG entering function foo
FATAL unrecoverable disk error
WARN retry attempt 192.168.229.48 for 6090
DEBUG entering function foo
DEBUG heap size: 192.168.215.207
DEBUG cache hit for key=192.168.211.158
ERROR file not found: /tmp/192.168.121.141.log
DEBUG cache hit for key=192.168.215.207
DEBUG entering function foo
INFO request from 192.168.178.215
ERROR null pointer in module 192.168.92.139
DEBUG cache hit for key=192.168.9.50
WARN memory threshold reached: 192.168.142.104MB
ERROR auth failure for user 192.168.121.141
FATAL segfault at address 0x192.168.211.158
ERROR file not found: /tmp/192.168.229.48.log
INFO user 192.168.193.243 logged in
WARN retry attempt 192.168.189.144 for 92530
FATAL out of memory
WARN retry attempt 192.168.178.215 for 24156
INFO processed 192.168.36.209 items
DEBUG entering function foo
WARN memory threshold reached: 192.168.193.243MB
FATAL segfault at address 0x192.168.121.141
DEBUG heap size: 192.168.219.168
DEBUG cache hit for key=192.168.9.50
INFO processed 192.168.142.104 items
ERROR auth failure for user 192.168.219.168
DEBUG heap size: 192.168.219.168
INFO user 192.168.82.31 logged in
DEBUG cache hit for key=192.168.82.31
ERROR file not found: /tmp/192.168.9.50.log
FATAL kernel panic
ERROR file not found: /tmp/192.168.107.168.log
ERROR null pointer in module 192.168.9.50
INFO connection established
INFO processed 192.168.82.31 items
WARN disk usage 192.168.197.186%
DEBUG variable x=192.168.219.168
ERROR null pointer in module 192.168.107.168
FATAL unrecoverable disk error
ERROR connection timeout 503
ERROR connection timeout 503
WARN retry attempt 192.168.178.215 for 35500
DEBUG heap size: 192.168.178.6
INFO request from 192.168.36.209
DEBUG cache hit for key=192.168.36.209
DEBUG cache hit for key=192.168.60.30
DEBUG variable x=192.168.39.155
FATAL unrecoverable disk error
ERROR connection timeout 503
FATAL out of memory
ERROR file not found: /tmp/192.168.215.207.log
ERROR auth failure for user 192.168.107.168
ERROR auth failure for user 192.168.219.168
ERROR file not found: /tmp/192.168.141.220.log
INFO user 192.168.219.168 logged in
DEBUG cache hit for key=192.168.197.186
DEBUG cache hit for key=192.168.107.168
WARN memory threshold reached: 192.168.82.31MB
INFO connection established
WARN disk usage 192.168.178.6%
FATAL segfault at address 0x192.168.9.50
ERROR connection timeout 503
WARN disk usage 192.168.193.243%
FATAL kernel panic
ERROR auth failure for user 192.168.189.144
FATAL segfault at address 0x192.168.121.141
ERROR null pointer in module 192.168.36.209
INFO connection established
ERROR file not found: /tmp/192.168.189.144.log
DEBUG heap size: 192.168.9.50
DEBUG entering function foo
ERROR auth failure for user 192.168.211.158
INFO request from 192.168.197.186
INFO request from 192.168.107.168
INFO processed 192.168.215.207 items
FATAL out of memory
INFO processed 192.168.219.168 items
ERROR connection timeout 503
INFO connection established
FATAL out of memory
DEBUG cache hit for key=192.168.178.6
ERROR file not found: /tmp/192.168.211.158.log
FATAL unrecoverable disk error
WARN retry attempt 192.168.141.220 for 23628
FATAL unrecoverable disk error
ERROR file not found: /tmp/192.168.197.186.log
DEBUG cache hit for key=192.168.121.141
INFO user 192.168.211.158 logged in
FATAL segfault at address 0x192.168.107.168
WARN disk usage 192.168.92.139%
INFO processed 192.168.60.30 items
WARN memory threshold reached: 192.168.92.139MB
FATAL unrecoverable disk error
WARN memory threshold reached: 192.168.193.243MB
FATAL unrecoverable disk error
DEBUG entering function foo
INFO request from 192.168.60.30
DEBUG cache hit for key=192.168.9.50
WARN retry attempt 192.168.197.186 for 39302
WARN retry attempt 192.168.141.220 for 12131
FATAL out of memory
FATAL out of memory
WARN memory threshold reached: 192.168.178.215MB
WARN retry attempt 192.168.82.31 for 3273
DEBUG heap size: 192.168.36.209
WARN retry attempt 192.168.178.6 for 9675
ERROR null pointer in module 192.168.107.168
FATAL segfault at address 0x192.168.121.141
DEBUG cache hit for key=192.168.197.186
DEBUG heap size: 192.168.178.215
WARN memory threshold reached: 192.168.36.209MB
ERROR auth failure for user 192.168.193.243
DEBUG entering function foo
DEBUG entering function foo
INFO user 192.168.142.104 logged in
FATAL unrecoverable disk error
INFO connection established
INFO processed 192.168.189.144 items
ERROR file not found: /tmp/192.168.121.141.log
FATAL unrecoverable disk error
WARN retry attempt 192.168.121.141 for 55489
INFO user 192.168.178.6 logged in
ERROR file not found: /tmp/192.168.211.158.log
WARN disk usage 192.168.60.30%
DEBUG variable x=192.168.60.30
INFO user 192.168.92.139 logged in
FATAL unrecoverable disk error
WARN memory threshold reached: 192.168.219.168MB
ERROR null pointer in module 192.168.92.139
DEBUG entering function foo
ERROR connection timeout 503
WARN slow query: 192.168.142.104ms
ERROR connection timeout 503
FATAL unrecoverable disk error
WARN disk usage 192.168.9.50%
DEBUG entering function foo
ERROR null pointer in module 192.168.57.185
ERROR file not found: /tmp/192.168.215.207.log
DEBUG heap size: 192.168.121.141
FATAL kernel panic
ERROR connection timeout 503
INFO user 192.168.229.48 logged in
DEBUG heap size: 192.168.9.50
DEBUG heap size: 192.168.197.186
ERROR connection timeout 503
INFO processed 192.168.82.31 items
DEBUG entering function foo
INFO connection established
FATAL unrecoverable disk error
DEBUG heap size: 192.168.189.144
FATAL out of memory
ERROR file not found: /tmp/192.168.142.104.log
INFO processed 192.168.211.158 items
INFO request from 192.168.82.31
WARN disk usage 192.168.60.30%
DEBUG variable x=192.168.189.144
WARN retry attempt 192.168.215.207 for 12573
ERROR null pointer in module 192.168.215.207
INFO user 192.168.121.141 logged in
DEBUG heap size: 192.168.189.144
INFO request from 192.168.197.186
INFO user 192.168.189.144 logged in
INFO request from 192.168.57.185
FATAL kernel panic
DEBUG entering function foo
DEBUG variable x=192.168.39.155
WARN retry attempt 192.168.60.30 for 54745
INFO request from 192.168.36.209
WARN retry attempt 192.168.142.104 for 12658
DEBUG heap size: 192.168.229.48
INFO request from 192.168.39.155
INFO processed 192.168.36.209 items
ERROR file not found: /tmp/192.168.193.243.log
FATAL segfault at address 0x192.168.178.6
INFO processed 192.168.141.220 items
INFO request from 192.168.229.48
DEBUG entering function foo
ERROR auth failure for user 192.168.142.104
FATAL unrecoverable disk error
FATAL kernel panic
WARN retry attempt 192.168.60.30 for 93167
INFO processed 192.168.178.215 items
INFO user 192.168.219.168 logged in
INFO connection established
WARN retry attempt 192.168.82.31 for 27234
INFO connection established
FATAL kernel panic
INFO connection established
INFO processed 192.168.60.30 items
DEBUG heap size: 192.168.39.155
WARN memory threshold reached: 192.168.9.50MB
WARN memory threshold reached: 192.168.142.104MB
WARN disk usage 192.168.178.6%
DEBUG variable x=192.168.211.158
FATAL out of memory
WARN memory threshold reached: 192.168.60.30MB
FATAL unrecoverable disk error
ERROR auth failure for user 192.168.82.31
FATAL segfault at address 0x192.168.39.155
WARN retry attempt 192.168.92.139 for 94989
INFO request from 192.168.39.155
WARN retry attempt 192.168.215.207 for 44790
FATAL unrecoverable disk error
INFO processed 192.168.107.168 items
INFO user 192.168.121.141 logged in
WARN slow query: 192.168.60.30ms
FATAL kernel panic
INFO connection established
FATAL out of memory
DEBUG entering function foo
DEBUG variable x=192.168.82.31
DEBUG cache hit for key=192.168.193.243
DEBUG cache hit for key=192.168.39.155
DEBUG entering function foo
DEBUG variable x=192.168.197.186
WARN retry attempt 192.168.9.50 for 62470
FATAL kernel panic
ERROR file not found: /tmp/192.168.107.168.log
DEBUG entering function foo
INFO processed 192.168.9.50 items
INFO processed 192.168.142.104 items
FATAL segfault at address 0x192.168.57.185
DEBUG heap size: 192.168.92.139
WARN slow query: 192.168.82.31ms
FATAL segfault at address 0x192.168.107.168
FATAL kernel panic
ERROR file not found: /tmp/192.168.142.104.log
DEBUG entering function foo
INFO request from 192.168.107.168
DEBUG cache hit for key=192.168.82.31
ERROR null pointer in module 192.168.142.104
ERROR file not found: /tmp/192.168.178.6.log
INFO connection established
FATAL segfault at address 0x192.168.197.186
ERROR null pointer in module 192.168.197.186
ERROR file not found: /tmp/192.168.211.158.log
ERROR auth failure for user 192.168.178.6
WARN retry attempt 192.168.197.186 for 66817
ERROR auth failure for user 192.168.215.207
INFO user 192.168.9.50 logged in
INFO processed 192.168.193.243 items
ERROR null pointer in module 192.168.82.31
FATAL segfault at address 0x192.168.219.168
WARN disk usage 192.168.215.207%
INFO user 192.168.211.158 logged in
DEBUG heap size: 192.168.142.104
ERROR connection timeout 503
FATAL unrecoverable disk error
FATAL unrecoverable disk error
INFO connection established
ERROR file not found: /tmp/192.168.142.104.log
DEBUG entering function foo
INFO processed 192.168.211.158 items
ERROR null pointer in module 192.168.178.6
FATAL segfault at address 0x192.168.189.144
DEBUG heap size: 192.168.60.30
ERROR auth failure for user 192.168.178.6
ERROR file not found: /tmp/192.168.107.168.log
FATAL unrecoverable disk error
INFO processed 192.168.211.158 items
DEBUG entering function foo
FATAL segfault at address 0x192.168.60.30
ERROR file not found: /tmp/192.168.189.144.log
ERROR auth failure for user 192.168.57.185
FATAL kernel panic
FATAL kernel panic
FATAL unrecoverable disk error
WARN memory threshold reached: 192.168.141.220MB
DEBUG variable x=192.168.92.139
DEBUG heap size: 192.168.9.50
DEBUG heap size: 192.168.178.215
FATAL kernel panic
INFO connection established
INFO user 192.168.178.6 logged in
INFO processed 192.168.178.6 items
FATAL unrecoverable disk error
ERROR connection timeout 503
WARN memory threshold reached: 192.168.82.31MB
ERROR connection timeout 503
INFO user 192.168.82.31 logged in
WARN memory threshold reached: 192.168.57.185MB
INFO request from 192.168.142.104
ERROR auth failure for user 192.168.121.141
DEBUG variable x=192.168.229.48
DEBUG variable x=192.168.57.185
FATAL out of memory
ERROR connection timeout 503
ERROR file not found: /tmp/192.168.178.6.log
INFO connection established
DEBUG entering function foo
FATAL unrecoverable disk error
FATAL out of memory
INFO processed 192.168.229.48 items
INFO request from 192.168.36.209
ERROR file not found: /tmp/192.168.57.185.log
INFO user 192.168.215.207 logged in
ERROR file not found: /tmp/192.168.215.207.log
ERROR connection timeout 503
ERROR file not found: /tmp/192.168.178.6.log
DEBUG heap size: 192.168.211.158
ERROR null pointer in module 192.168.141.220
WARN retry attempt 192.168.229.48 for 3306
DEBUG variable x=192.168.219.168
INFO connection established
ERROR connection timeout 503
DEBUG entering function foo
INFO user 192.168.229.48 logged in
INFO request from 192.168.142.104
DEBUG heap size: 192.168.121.141
FATAL segfault at address 0x192.168.141.220
INFO request from 192.168.229.48
DEBUG cache hit for key=192.168.215.207
INFO user 192.168.178.215 logged in
ERROR auth failure for user 192.168.193.243
ERROR file not found: /tmp/192.168.107.168.log
WARN disk usage 192.168.219.168%
DEBUG cache hit for key=192.168.141.220
ERROR auth failure for user 192.168.215.207
WARN disk usage 192.168.193.243%
DEBUG entering function foo
INFO request from 192.168.121.141
WARN disk usage 192.168.211.158%
FATAL kernel panic
WARN slow query: 192.168.215.207ms
ERROR connection timeout 503
WARN disk usage 192.168.178.215%
FATAL unrecoverable disk error
DEBUG cache hit for key=192.168.92.139
INFO user 192.168.36.209 logged in
DEBUG variable x=192.168.219.168
INFO connection established
FATAL segfault at address 0x192.168.211.158
INFO processed 192.168.197.186 items
WARN retry attempt 192.168.107.168 for 73893
INFO user 192.168.141.220 logged in
WARN disk usage 192.168.92.139%
WARN retry attempt 192.168.189.144 for 86908
ERROR auth failure for user 192.168.193.243
DEBUG cache hit for key=192.168.189.144
INFO processed 192.168.219.168 items
DEBUG cache hit for key=192.168.178.215
INFO connection established
DEBUG variable x=192.168.121.141
FATAL unrecoverable disk error
INFO request from 192.168.107.168
FATAL out of memory
WARN slow query: 192.168.215.207ms
WARN slow query: 192.168.215.207ms
WARN retry attempt 192.168.219.168 for 67343
FATAL kernel panic
ERROR null pointer in module 192.168.211.158
INFO processed 192.168.189.144 items
DEBUG heap size: 192.168.39.155
FATAL segfault at address 0x192.168.141.220
ERROR auth failure for user 192.168.211.158
ERROR file not found: /tmp/192.168.211.158.log
INFO request from 192.168.219.168
ERROR auth failure for user 192.168.219.168
WARN retry attempt 192.168.178.215 for 97971
INFO request from 192.168.178.6
ERROR auth failure for user 192.168.57.185
ERROR file not found: /tmp/192.168.215.207.log
FATAL segfault at address 0x192.168.211.158
FATAL kernel panic
INFO user 192.168.60.30 logged in
INFO connection established
DEBUG variable x=192.168.36.209
DEBUG entering function foo
DEBUG variable x=192.168.142.104
ERROR auth failure for user 192.168.92.139
DEBUG entering function foo
DEBUG cache hit for key=192.168.107.168
ERROR auth failure for user 192.168.60.30
ERROR null pointer in module 192.168.193.243
DEBUG entering function foo
ERROR null pointer in module 192.168.60.30
ERROR file not found: /tmp/192.168.211.158.log
FATAL unrecoverable disk error
DEBUG entering function foo
FATAL segfault at address 0x192.168.121.141
WARN retry attempt 192.168.193.243 for 27869
FATAL unrecoverable disk error
FATAL out of memory
INFO processed 192.168.197.186 items
WARN slow query: 192.168.36.209ms
DEBUG entering function foo
WARN slow query: 192.168.215.207ms
WARN slow query: 192.168.211.158ms
INFO user 192.168.36.209 logged in
WARN slow query: 192.168.178.215ms
INFO connection established
ERROR auth failure for user 192.168.189.144
DEBUG entering function foo
INFO user 192.168.178.215 logged in
WARN retry attempt 192.168.193.243 for 81891
INFO processed 192.168.178.6 items
ERROR file not found: /tmp/192.168.9.50.log
INFO connection established
DEBUG entering function foo
ERROR connection timeout 503
FATAL out of memory
WARN disk usage 192.168.215.207%
ERROR connection timeout 503
DEBUG cache hit for key=192.168.142.104
WARN disk usage 192.168.39.155%
INFO user 192.168.92.139 logged in
ERROR connection timeout 503
FATAL kernel panic
WARN disk usage 192.168.211.158%
ERROR null pointer in module 192.168.229.48
ERROR null pointer in module 192.168.178.6
DEBUG variable x=192.168.211.158
DEBUG entering function foo
ERROR file not found: /tmp/192.168.121.141.log
WARN memory threshold reached: 192.168.141.220MB
INFO processed 192.168.107.168 items
ERROR auth failure for user 192.168.36.209
ERROR null pointer in module 192.168.107.168
DEBUG variable x=192.168.60.30
DEBUG heap size: 192.168.57.185
DEBUG variable x=192.168.193.243
WARN memory threshold reached: 192.168.92.139MB
WARN disk usage 192.168.82.31%
INFO connection established
FATAL kernel panic
WARN disk usage 192.168.60.30%
INFO connection established
WARN retry attempt 192.168.219.168 for 82247
INFO connection established
DEBUG heap size: 192.168.60.30
DEBUG cache hit for key=192.168.142.104
FATAL unrecoverable disk error
INFO processed 192.168.60.30 items
FATAL out of memory
DEBUG variable x=192.168.219.168
DEBUG variable x=192.168.193.243
WARN retry attempt 192.168.82.31 for 13009
FATAL segfault at address 0x192.168.178.6
DEBUG entering function foo
DEBUG cache hit for key=192.168.107.168
INFO user 192.168.82.31 logged in
ERROR connection timeout 503
WARN disk usage 192.168.178.6%
INFO connection established
WARN retry attempt 192.168.229.48 for 8317
WARN retry attempt 192.168.60.30 for 85493
INFO processed 192.168.39.155 items
INFO processed 192.168.82.31 items
ERROR connection timeout 503
WARN retry attempt 192.168.189.144 for 27725
WARN disk usage 192.168.57.185%
ERROR auth failure for user 192.168.141.220
FATAL unrecoverable disk error
FATAL kernel panic
WARN retry attempt 192.168.211.158 for 8655
WARN retry attempt 192.168.211.158 for 28245
ERROR connection timeout 503
ERROR connection timeout 503
INFO request from 192.168.193.243
FATAL kernel panic
FATAL segfault at address 0x192.168.219.168
WARN slow query: 192.168.189.144ms
INFO processed 192.168.142.104 items
WARN disk usage 192.168.141.220%
DEBUG entering function foo
INFO connection established
ERROR null pointer in module 192.168.193.243
DEBUG entering function foo
DEBUG heap size: 192.168.39.155
DEBUG entering function foo
INFO processed 192.168.9.50 items
INFO user 192.168.189.144 logged in
WARN memory threshold reached: 192.168.9.50MB
INFO request from 192.168.197.186
INFO request from 192.168.229.48
WARN slow query: 192.168.121.141ms
WARN slow query: 192.168.82.31ms
ERROR null pointer in module 192.168.189.144
DEBUG entering function foo
FATAL kernel panic
WARN retry attempt 192.168.211.158 for 16957
INFO user 192.168.121.141 logged in
DEBUG entering function foo
INFO processed 192.168.193.243 items
WARN slow query: 192.168.121.141ms
FATAL segfault at address 0x192.168.92.139
FATAL out of memory
INFO user 192.168.60.30 logged in
ERROR null pointer in module 192.168.197.186
INFO connection established
DEBUG entering function foo
ERROR null pointer in module 192.168.219.168
WARN memory threshold reached: 192.168.39.155MB
ERROR auth failure for user 192.168.60.30
DEBUG cache hit for key=192.168.219.168
INFO processed 192.168.82.31 items
ERROR auth failure for user 192.168.197.186
WARN memory threshold reached: 192.168.211.158MB
DEBUG variable x=192.168.142.104
INFO request from 192.168.107.168
WARN retry attempt 192.168.121.141 for 50243
INFO user 192.168.189.144 logged in
WARN retry attempt 192.168.142.104 for 15673
INFO connection established
INFO processed 192.168.197.186 items
FATAL unrecoverable disk error
WARN disk usage 192.168.9.50%
WARN disk usage 192.168.39.155%
DEBUG cache hit for key=192.168.107.168
INFO connection established
FATAL segfault at address 0x192.168.178.215
FATAL kernel panic
FATAL unrecoverable disk error
INFO request from 192.168.178.215
INFO request from 192.168.219.168
DEBUG variable x=192.168.57.185
WARN memory threshold reached: 192.168.121.141MB
ERROR file not found: /tmp/192.168.57.185.log
DEBUG entering function foo
WARN retry attempt 192.168.82.31 for 53147
DEBUG entering function foo
WARN retry attempt 192.168.219.168 for 86640
DEBUG cache hit for key=192.168.142.104
FATAL unrecoverable disk error
ERROR null pointer in module 192.168.142.104
DEBUG cache hit for key=192.168.193.243
DEBUG heap size: 192.168.211.158
FATAL kernel panic
WARN memory threshold reached: 192.168.36.209MB
WARN memory threshold reached: 192.168.57.185MB
FATAL unrecoverable disk error
DEBUG variable x=192.168.107.168
ERROR auth failure for user 192.168.9.50
ERROR connection timeout 503
ERROR null pointer in module 192.168.57.185
DEBUG heap size: 192.168.39.155
DEBUG cache hit for key=192.168.107.168
DEBUG heap size: 192.168.36.209
FATAL unrecoverable disk error
WARN retry attempt 192.168.141.220 for 79909
FATAL unrecoverable disk error
WARN disk usage 192.168.60.30%
ERROR null pointer in module 192.168.141.220
INFO request from 192.168.197.186
ERROR auth failure for user 192.168.215.207
ERROR auth failure for user 192.168.39.155
ERROR file not found: /tmp/192.168.9.50.log
ERROR auth failure for user 192.168.193.243
INFO request from 192.168.215.207
DEBUG entering function foo
WARN disk usage 192.168.9.50%
WARN memory threshold reached: 192.168.36.209MB
DEBUG cache hit for key=192.168.82.31
INFO request from 192.168.178.6
WARN slow query: 192.168.9.50ms
DEBUG entering function foo
ERROR connection timeout 503
DEBUG cache hit for key=192.168.178.6
WARN disk usage 192.168.39.155%
WARN slow query: 192.168.193.243ms
DEBUG entering function foo
ERROR auth failure for user 192.168.92.139
INFO connection established
INFO connection established
WARN memory threshold reached: 192.168.60.30MB
DEBUG variable x=192.168.178.6
FATAL kernel panic
ERROR file not found: /tmp/192.168.92.139.log
FATAL segfault at address 0x192.168.82.31
FATAL kernel panic
FATAL unrecoverable disk error
WARN disk usage 192.168.9.50%
INFO request from 192.168.57.185
FATAL segfault at address 0x192.168.60.30
INFO user 192.168.39.155 logged in
INFO user 192.168.39.155 logged in
INFO connection established
WARN disk usage 192.168.193.243%
INFO request from 192.168.197.186
DEBUG heap size: 192.168.178.6
WARN slow query: 192.168.9.50ms
DEBUG variable x=192.168.107.168
WARN memory threshold reached: 192.168.92.139MB
FATAL segfault at address 0x192.168.211.158
WARN retry attempt 192.168.107.168 for 18673
DEBUG heap size: 192.168.189.144
INFO processed 192.168.107.168 items
DEBUG entering function foo
FATAL segfault at address 0x192.168.36.209
FATAL kernel panic
DEBUG heap size: 192.168.9.50
ERROR null pointer in module 192.168.178.215
WARN memory threshold reached: 192.168.121.141MB
ERROR connection timeout 503
INFO processed 192.168.60.30 items
WARN retry attempt 192.168.82.31 for 4494
DEBUG entering function foo
DEBUG variable x=192.168.39.155
WARN retry attempt 192.168.211.158 for 58549
FATAL segfault at address 0x192.168.82.31
DEBUG cache hit for key=192.168.219.168
ERROR connection timeout 503
FATAL out of memory
INFO request from 192.168.193.243
DEBUG heap size: 192.168.178.6
FATAL unrecoverable disk error
DEBUG heap size: 192.168.219.168
WARN memory threshold reached: 192.168.189.144MB
INFO user 192.168.219.168 logged in
DEBUG entering function foo
FATAL out of memory
WARN slow query: 192.168.141.220ms
ERROR file not found: /tmp/192.168.141.220.log
FATAL out of memory
FATAL unrecoverable disk error
FATAL out of memory
ERROR file not found: /tmp/192.168.36.209.log
INFO connection established
INFO connection established
ERROR auth failure for user 192.168.60.30
ERROR file not found: /tmp/192.168.193.243.log
ERROR connection timeout 503
FATAL out of memory
DEBUG heap size: 192.168.57.185
FATAL out of memory
FATAL unrecoverable disk error
WARN memory threshold reached: 192.168.57.185MB
FATAL unrecoverable disk error
FATAL unrecoverable disk error
INFO connection established
WARN disk usage 192.168.215.207%
WARN retry attempt 192.168.219.168 for 37726
WARN slow query: 192.168.92.139ms
ERROR auth failure for user 192.168.82.31
FATAL unrecoverable disk error
ERROR connection timeout 503
WARN disk usage 192.168.178.215%
WARN retry attempt 192.168.229.48 for 27943
WARN memory threshold reached: 192.168.36.209MB
INFO connection established
DEBUG variable x=192.168.141.220
FATAL out of memory
INFO processed 192.168.60.30 items
DEBUG cache hit for key=192.168.219.168
WARN disk usage 192.168.9.50%
WARN retry attempt 192.168.39.155 for 86235
INFO request from 192.168.197.186
FATAL unrecoverable disk error
DEBUG heap size: 192.168.142.104
INFO connection established
INFO processed 192.168.178.215 items
INFO request from 192.168.82.31
DEBUG cache hit for key=192.168.219.168
DEBUG variable x=192.168.193.243
FATAL unrecoverable disk error
DEBUG entering function foo
ERROR connection timeout 503
WARN retry attempt 192.168.36.209 for 17771
INFO connection established
FATAL unrecoverable disk error
DEBUG heap size: 192.168.60.30
WARN memory threshold reached: 192.168.141.220MB
DEBUG cache hit for key=192.168.142.104
ERROR auth failure for user 192.168.60.30
INFO user 192.168.60.30 logged in
FATAL unrecoverable disk error
DEBUG variable x=192.168.142.104
ERROR null pointer in module 192.168.92.139
DEBUG heap size: 192.168.36.209
INFO request from 192.168.215.207
ERROR auth failure for user 192.168.197.186
INFO request from 192.168.141.220
ERROR connection timeout 503
FATAL segfault at address 0x192.168.189.144
DEBUG heap size: 192.168.9.50
ERROR file not found: /tmp/192.168.178.6.log
ERROR null pointer in module 192.168.107.168
FATAL unrecoverable disk error
WARN slow query: 192.168.141.220ms
INFO processed 192.168.57.185 items
FATAL out of memory
ERROR null pointer in module 192.168.36.209
FATAL out of memory
ERROR auth failure for user 192.168.121.141
ERROR connection timeout 503
WARN retry attempt 192.168.178.215 for 86259
WARN retry attempt 192.168.193.243 for 86386
INFO connection established
ERROR file not found: /tmp/192.168.211.158.log
INFO request from 192.168.92.139
ERROR connection timeout 503
DEBUG heap size: 192.168.193.243
WARN memory threshold reached: 192.168.178.215MB
WARN retry attempt 192.168.60.30 for 76385
INFO connection established
INFO connection established
FATAL unrecoverable disk error
DEBUG heap size: 192.168.189.144
INFO user 192.168.178.215 logged in
ERROR null pointer in module 192.168.121.141
ERROR connection timeout 503
FATAL kernel panic
INFO user 192.168.197.186 logged in
DEBUG entering function foo
FATAL unrecoverable disk error
FATAL unrecoverable disk error
INFO user 192.168.219.168 logged in
FATAL segfault at address 0x192.168.219.168
FATAL unrecoverable disk error
DEBUG heap size: 192.168.197.186
ERROR file not found: /tmp/192.168.39.155.log
FATAL unrecoverable disk error
ERROR connection timeout 503
FATAL out of memory
FATAL segfault at address 0x192.168.121.141
ERROR connection timeout 503
WARN memory threshold reached: 192.168.178.215MB
DEBUG variable x=192.168.193.243
FATAL unrecoverable disk error
ERROR auth failure for user 192.168.197.186
DEBUG heap size: 192.168.193.243
ERROR null pointer in module 192.168.9.50
WARN disk usage 192.168.178.6%
FATAL out of memory
INFO processed 192.168.9.50 items
DEBUG entering function foo
DEBUG entering function foo
DEBUG cache hit for key=192.168.193.243
DEBUG entering function foo
DEBUG cache hit for key=192.168.178.215
WARN memory threshold reached: 192.168.121.141MB
ERROR connection timeout 503
DEBUG entering function foo
DEBUG heap size: 192.168.229.48
DEBUG variable x=192.168.82.31
ERROR auth failure for user 192.168.107.168
INFO processed 192.168.141.220 items
ERROR auth failure for user 192.168.197.186
INFO processed 192.168.36.209 items
FATAL out of memory
FATAL segfault at address 0x192.168.92.139
DEBUG variable x=192.168.229.48
ERROR null pointer in module 192.168.197.186
ERROR auth failure for user 192.168.60.30
WARN disk usage 192.168.142.104%
WARN memory threshold reached: 192.168.141.220MB
WARN retry attempt 192.168.189.144 for 74341
WARN retry attempt 192.168.9.50 for 71942
FATAL out of memory
DEBUG variable x=192.168.60.30
INFO request from 192.168.215.207
FATAL out of memory
INFO processed 192.168.107.168 items
ERROR connection timeout 503
INFO connection established
INFO processed 192.168.211.158 items
FATAL unrecoverable disk error
FATAL kernel panic
FATAL out of memory
DEBUG cache hit for key=192.168.229.48
WARN retry attempt 192.168.9.50 for 69194
WARN slow query: 192.168.82.31ms
DEBUG heap size: 192.168.229.48
FATAL out of memory
ERROR auth failure for user 192.168.197.186
FATAL kernel panic
INFO connection established
ERROR auth failure for user 192.168.178.215
DEBUG cache hit for key=192.168.36.209
ERROR null pointer in module 192.168.178.215
FATAL kernel panic
DEBUG variable x=192.168.142.104
ERROR auth failure for user 192.168.107.168
FATAL segfault at address 0x192.168.92.139
WARN memory threshold reached: 192.168.60.30MB
WARN disk usage 192.168.215.207%
INFO connection established
INFO processed 192.168.193.243 items
ERROR file not found: /tmp/192.168.121.141.log
ERROR file not found: /tmp/192.168.211.158.log
ERROR auth failure for user 192.168.36.209
FATAL segfault at address 0x192.168.36.209
FATAL unrecoverable disk error
DEBUG entering function foo
WARN slow query: 192.168.82.31ms
FATAL unrecoverable disk error
INFO connection established
INFO user 192.168.141.220 logged in
INFO connection established
DEBUG cache hit for key=192.168.39.155
INFO user 192.168.197.186 logged in
ERROR auth failure for user 192.168.92.139
ERROR connection timeout 503
ERROR null pointer in module 192.168.219.168
INFO processed 192.168.36.209 items
FATAL segfault at address 0x192.168.82.31
ERROR connection timeout 503
ERROR file not found: /tmp/192.168.193.243.log
INFO connection established
ERROR connection timeout 503
ERROR file not found: /tmp/192.168.121.141.log
FATAL out of memory
WARN memory threshold reached: 192.168.92.139MB
DEBUG cache hit for key=192.168.211.158
DEBUG cache hit for key=192.168.121.141
FATAL segfault at address 0x192.168.219.168
FATAL out of memory
ERROR auth failure for user 192.168.9.50
DEBUG heap size: 192.168.211.158
FATAL unrecoverable disk error
ERROR auth failure for user 192.168.36.209
ERROR connection timeout 503
FATAL unrecoverable disk error
FATAL kernel panic
WARN disk usage 192.168.197.186%
WARN slow query: 192.168.107.168ms
DEBUG heap size: 192.168.9.50
FATAL out of memory
ERROR connection timeout 503
WARN retry attempt 192.168.82.31 for 80815
ERROR connection timeout 503
WARN retry attempt 192.168.197.186 for 73227
INFO request from 192.168.57.185
WARN slow query: 192.168.193.243ms
FATAL unrecoverable disk error
FATAL segfault at address 0x192.168.178.6
DEBUG entering function foo
WARN memory threshold reached: 192.168.229.48MB
WARN slow query: 192.168.141.220ms
INFO processed 192.168.92.139 items
DEBUG variable x=192.168.9.50
WARN memory threshold reached: 192.168.178.6MB
INFO user 192.168.60.30 logged in
INFO connection established
INFO user 192.168.178.6 logged in
ERROR null pointer in module 192.168.121.141
ERROR file not found: /tmp/192.168.211.158.log
WARN memory threshold reached: 192.168.82.31MB
INFO request from 192.168.9.50
DEBUG variable x=192.168.197.186
FATAL kernel panic
FATAL unrecoverable disk error
WARN slow query: 192.168.92.139ms
ERROR file not found: /tmp/192.168.142.104.log
ERROR connection timeout 503
DEBUG entering function foo
DEBUG cache hit for key=192.168.57.185
INFO user 192.168.197.186 logged in
ERROR auth failure for user 192.168.219.168
WARN retry attempt 192.168.9.50 for 59376
DEBUG heap size: 192.168.60.30
DEBUG heap size: 192.168.189.144
DEBUG cache hit for key=192.168.9.50
FATAL segfault at address 0x192.168.193.243
ERROR file not found: /tmp/192.168.92.139.log
FATAL segfault at address 0x192.168.92.139
DEBUG variable x=192.168.141.220
FATAL segfault at address 0x192.168.178.6
ERROR file not found: /tmp/192.168.178.215.log
DEBUG variable x=192.168.92.139
INFO user 192.168.121.141 logged in
INFO user 192.168.9.50 logged in
DEBUG heap size: 192.168.57.185
FATAL out of memory
FATAL out of memory
DEBUG variable x=192.168.178.6
INFO user 192.168.197.186 logged in
INFO processed 192.168.189.144 items
ERROR auth failure for user 192.168.9.50
ERROR null pointer in module 192.168.229.48
ERROR auth failure for user 192.168.36.209
FATAL unrecoverable disk error
DEBUG variable x=192.168.211.158
DEBUG heap size: 192.168.57.185
FATAL kernel panic
DEBUG entering function foo
FATAL unrecoverable disk error
ERROR null pointer in module 192.168.9.50
ERROR null pointer in module 192.168.57.185
ERROR connection timeout 503
DEBUG heap size: 192.168.178.6
FATAL kernel panic
WARN slow query: 192.168.39.155ms
INFO processed 192.168.193.243 items
FATAL unrecoverable disk error
WARN disk usage 192.168.82.31%
WARN disk usage 192.168.142.104%
DEBUG heap size: 192.168.60.30
ERROR connection timeout 503
WARN memory threshold reached: 192.168.197.186MB
INFO user 192.168.142.104 logged in
ERROR null pointer in module 192.168.219.168
INFO request from 192.168.107.168
INFO request from 192.168.178.6
WARN memory threshold reached: 192.168.92.139MB
DEBUG entering function foo
FATAL kernel panic
FATAL out of memory
DEBUG heap size: 192.168.60.30
DEBUG entering function foo
FATAL kernel panic
FATAL segfault at address 0x192.168.141.220
INFO processed 192.168.107.168 items
FATAL kernel panic
INFO processed 192.168.189.144 items
INFO connection established
ERROR file not found: /tmp/192.168.121.141.log
WARN disk usage 192.168.178.6%
FATAL kernel panic
FATAL out of memory
WARN slow query: 192.168.219.168ms
DEBUG cache hit for key=192.168.211.158
FATAL kernel panic
WARN disk usage 192.168.39.155%
DEBUG heap size: 192.168.215.207
FATAL out of memory
ERROR file not found: /tmp/192.168.82.31.log
INFO connection established
ERROR file not found: /tmp/192.168.92.139.log
ERROR auth failure for user 192.168.178.6
DEBUG entering function foo
ERROR connection timeout 503
INFO request from 192.168.211.158
FATAL out of memory
FATAL segfault at address 0x192.168.141.220
INFO processed 192.168.178.215 items
INFO processed 192.168.215.207 items
DEBUG variable x=192.168.36.209
DEBUG variable x=192.168.39.155
DEBUG variable x=192.168.39.155
WARN retry attempt 192.168.121.141 for 85343
DEBUG variable x=192.168.39.155
WARN disk usage 192.168.9.50%
ERROR auth failure for user 192.168.178.215
ERROR connection timeout 503
FATAL out of memory
DEBUG cache hit for key=192.168.189.144
INFO request from 192.168.57.185
FATAL unrecoverable disk error
ERROR file not found: /tmp/192.168.39.155.log
ERROR auth failure for user 192.168.189.144
DEBUG cache hit for key=192.168.178.215
WARN slow query: 192.168.178.215ms
FATAL kernel panic
WARN disk usage 192.168.229.48%
ERROR null pointer in module 192.168.219.168
INFO processed 192.168.60.30 items
ERROR null pointer in module 192.168.193.243
INFO request from 192.168.142.104
FATAL unrecoverable disk error
ERROR connection timeout 503
WARN slow query: 192.168.9.50ms
DEBUG cache hit for key=192.168.82.31
WARN retry attempt 192.168.107.168 for 91976
FATAL unrecoverable disk error
ERROR auth failure for user 192.168.189.144
INFO processed 192.168.60.30 items
ERROR file not found: /tmp/192.168.178.215.log
DEBUG heap size: 192.168.36.209
DEBUG entering function foo
FATAL segfault at address 0x192.168.57.185
FATAL segfault at address 0x192.168.197.186
ERROR connection timeout 503
WARN disk usage 192.168.193.243%
INFO user 192.168.92.139 logged in
WARN retry attempt 192.168.193.243 for 34715
FATAL out of memory
ERROR connection timeout 503
DEBUG entering function foo
FATAL out of memory
INFO request from 192.168.141.220
FATAL out of memory
WARN disk usage 192.168.107.168%
INFO request from 192.168.178.6
FATAL out of memory
WARN retry attempt 192.168.229.48 for 66147
ERROR file not found: /tmp/192.168.197.186.log
FATAL segfault at address 0x192.168.219.168
ERROR connection timeout 503
WARN retry attempt 192.168.219.168 for 80364
INFO user 192.168.39.155 logged in
FATAL kernel panic
INFO user 192.168.189.144 logged in
ERROR file not found: /tmp/192.168.229.48.log
WARN disk usage 192.168.178.6%
DEBUG entering function foo
FATAL segfault at address 0x192.168.229.48
FATAL segfault at address 0x192.168.107.168
INFO user 192.168.39.155 logged in
WARN memory threshold reached: 192.168.219.168MB
INFO processed 192.168.211.158 items
ERROR connection timeout 503
FATAL out of memory
DEBUG entering function foo
ERROR auth failure for user 192.168.60.30
ERROR file not found: /tmp/192.168.141.220.log
FATAL unrecoverable disk error
FATAL kernel panic
INFO processed 192.168.178.6 items
DEBUG entering function foo
WARN disk usage 192.168.141.220%
INFO user 192.168.82.31 logged in
ERROR null pointer in module 192.168.193.243
WARN retry attempt 192.168.178.6 for 7499
DEBUG cache hit for key=192.168.141.220
FATAL segfault at address 0x192.168.82.31
DEBUG cache hit for key=192.168.219.168
INFO user 192.168.107.168 logged in
INFO user 192.168.189.144 logged in
DEBUG cache hit for key=192.168.142.104
FATAL unrecoverable disk error
DEBUG entering function foo
FATAL out of memory
INFO processed 192.168.9.50 items
DEBUG entering function foo
DEBUG heap size: 192.168.189.144
ERROR file not found: /tmp/192.168.229.48.log
WARN slow query: 192.168.107.168ms
ERROR null pointer in module 192.168.57.185
INFO processed 192.168.178.6 items
FATAL out of memory
FATAL kernel panic
FATAL segfault at address 0x192.168.189.144
FATAL segfault at address 0x192.168.219.168
ERROR auth failure for user 192.168.57.185
ERROR auth failure for user 192.168.141.220
INFO user 192.168.211.158 logged in
FATAL out of memory
DEBUG variable x=192.168.219.168
ERROR file not found: /tmp/192.168.193.243.log
INFO connection established
INFO request from 192.168.60.30
FATAL segfault at address 0x192.168.141.220
FATAL kernel panic
DEBUG cache hit for key=192.168.9.50
FATAL kernel panic
ERROR null pointer in module 192.168.57.185
FATAL kernel panic
FATAL unrecoverable disk error
ERROR auth failure for user 192.168.60.30
INFO processed 192.168.39.155 items
FATAL unrecoverable disk error
FATAL out of memory
FATAL segfault at address 0x192.168.211.158
INFO request from 192.168.189.144
WARN slow query: 192.168.82.31ms
DEBUG entering function foo
ERROR null pointer in module 192.168.178.6
DEBUG heap size: 192.168.178.6
ERROR file not found: /tmp/192.168.211.158.log
WARN slow query: 192.168.121.141ms
INFO user 192.168.211.158 logged in
INFO processed 192.168.36.209 items
ERROR file not found: /tmp/192.168.141.220.log
ERROR null pointer in module 192.168.142.104
INFO processed 192.168.36.209 items
FATAL unrecoverable disk error
INFO user 192.168.178.6 logged in
ERROR connection timeout 503
INFO processed 192.168.9.50 items
DEBUG entering function foo
INFO user 192.168.193.243 logged in
ERROR file not found: /tmp/192.168.178.6.log
INFO connection established
ERROR auth failure for user 192.168.92.139
ERROR auth failure for user 192.168.193.243
FATAL segfault at address 0x192.168.60.30
INFO processed 192.168.142.104 items
WARN disk usage 192.168.107.168%
DEBUG variable x=192.168.9.50
FATAL segfault at address 0x192.168.197.186
WARN disk usage 192.168.57.185%
DEBUG entering function foo
INFO processed 192.168.36.209 items
DEBUG entering function foo
FATAL unrecoverable disk error
WARN memory threshold reached: 192.168.229.48MB
ERROR auth failure for user 192.168.211.158
INFO request from 192.168.142.104
FATAL out of memory
WARN slow query: 192.168.211.158ms
ERROR auth failure for user 192.168.229.48
WARN retry attempt 192.168.215.207 for 40856
ERROR null pointer in module 192.168.141.220
FATAL segfault at address 0x192.168.215.207
DEBUG variable x=192.168.141.220
DEBUG cache hit for key=192.168.36.209
INFO connection established
INFO processed 192.168.193.243 items
INFO request from 192.168.82.31
INFO connection established
DEBUG entering function foo
INFO user 192.168.142.104 logged in
ERROR auth failure for user 192.168.141.220
FATAL unrecoverable disk error
FATAL kernel panic
INFO user 192.168.36.209 logged in
FATAL kernel panic
INFO request from 192.168.189.144
INFO connection established
DEBUG cache hit for key=192.168.197.186
ERROR file not found: /tmp/192.168.107.168.log
DEBUG heap size: 192.168.215.207
ERROR null pointer in module 192.168.57.185
WARN slow query: 192.168.189.144ms
FATAL out of memory
INFO processed 192.168.193.243 items
ERROR file not found: /tmp/192.168.107.168.log
WARN disk usage 192.168.193.243%
INFO user 192.168.197.186 logged in
INFO processed 192.168.57.185 items
DEBUG entering function foo
ERROR connection timeout 503
FATAL out of memory
ERROR auth failure for user 192.168.107.168
INFO connection established
FATAL segfault at address 0x192.168.141.220
INFO connection established
DEBUG heap size: 192.168.60.30
ERROR connection timeout 503
INFO processed 192.168.211.158 items
INFO user 192.168.9.50 logged in
DEBUG heap size: 192.168.57.185
ERROR auth failure for user 192.168.193.243
ERROR auth failure for user 192.168.121.141
WARN memory threshold reached: 192.168.107.168MB
DEBUG heap size: 192.168.189.144
ERROR null pointer in module 192.168.39.155
FATAL out of memory
WARN disk usage 192.168.197.186%
INFO processed 192.168.189.144 items
INFO request from 192.168.211.158
DEBUG cache hit for key=192.168.39.155
DEBUG cache hit for key=192.168.57.185
WARN memory threshold reached: 192.168.142.104MB
ERROR null pointer in module 192.168.193.243
INFO connection established
WARN memory threshold reached: 192.168.82.31MB
WARN retry attempt 192.168.197.186 for 53444
INFO processed 192.168.9.50 items
ERROR file not found: /tmp/192.168.178.215.log
DEBUG heap size: 192.168.229.48
FATAL segfault at address 0x192.168.178.215
INFO request from 192.168.36.209
WARN retry attempt 192.168.82.31 for 37258
INFO request from 192.168.178.215
DEBUG heap size: 192.168.219.168
FATAL segfault at address 0x192.168.57.185
INFO request from 192.168.57.185
DEBUG variable x=192.168.211.158
WARN memory threshold reached: 192.168.141.220MB
DEBUG variable x=192.168.57.185
INFO request from 192.168.178.215
INFO user 192.168.178.215 logged in
DEBUG cache hit for key=192.168.178.6
ERROR connection timeout 503
INFO connection established
FATAL unrecoverable disk error
INFO user 192.168.141.220 logged in
FATAL out of memory
FATAL unrecoverable disk error
ERROR file not found: /tmp/192.168.92.139.log
DEBUG variable x=192.168.39.155
INFO request from 192.168.189.144
ERROR auth failure for user 192.168.211.158
DEBUG heap size: 192.168.189.144
INFO connection established
INFO connection established
FATAL segfault at address 0x192.168.121.141
DEBUG heap size: 192.168.141.220
ERROR connection timeout 503
FATAL unrecoverable disk error
WARN disk usage 192.168.211.158%
INFO user 192.168.107.168 logged in
FATAL kernel panic
WARN retry attempt 192.168.9.50 for 17835
WARN slow query: 192.168.142.104ms
INFO request from 192.168.141.220
WARN memory threshold reached: 192.168.142.104MB
DEBUG heap size: 192.168.197.186
WARN retry attempt 192.168.189.144 for 60324
FATAL out of memory
DEBUG entering function foo
ERROR connection timeout 503
DEBUG entering function foo
ERROR connection timeout 503
DEBUG variable x=192.168.178.6
DEBUG heap size: 192.168.82.31
WARN slow query: 192.168.57.185ms
WARN disk usage 192.168.211.158%
ERROR file not found: /tmp/192.168.215.207.log
FATAL kernel panic
DEBUG cache hit for key=192.168.219.168
INFO connection established
INFO request from 192.168.141.220
FATAL out of memory
ERROR file not found: /tmp/192.168.219.168.log
FATAL unrecoverable disk error
ERROR file not found: /tmp/192.168.39.155.log
DEBUG cache hit for key=192.168.178.6
INFO request from 192.168.107.168
ERROR null pointer in module 192.168.121.141
ERROR auth failure for user 192.168.9.50
INFO connection established
FATAL unrecoverable disk error
DEBUG variable x=192.168.142.104
ERROR auth failure for user 192.168.60.30
INFO processed 192.168.60.30 items
WARN retry attempt 192.168.193.243 for 4443
DEBUG cache hit for key=192.168.142.104
FATAL segfault at address 0x192.168.141.220
FATAL unrecoverable disk error
ERROR file not found: /tmp/192.168.219.168.log
ERROR null pointer in module 192.168.57.185
DEBUG heap size: 192.168.229.48
FATAL out of memory
ERROR auth failure for user 192.168.107.168
FATAL kernel panic
INFO processed 192.168.197.186 items
FATAL segfault at address 0x192.168.121.141
ERROR file not found: /tmp/192.168.141.220.log
INFO processed 192.168.189.144 items
INFO request from 192.168.57.185
DEBUG cache hit for key=192.168.193.243
DEBUG entering function foo
ERROR file not found: /tmp/192.168.178.6.log
DEBUG heap size: 192.168.211.158
DEBUG entering function foo
WARN slow query: 192.168.178.6ms
DEBUG variable x=192.168.92.139
DEBUG variable x=192.168.82.31
ERROR null pointer in module 192.168.197.186
ERROR null pointer in module 192.168.121.141
DEBUG heap size: 192.168.189.144
DEBUG variable x=192.168.178.215
ERROR connection timeout 503
WARN memory threshold reached: 192.168.211.158MB
DEBUG cache hit for key=192.168.36.209
INFO connection established
INFO processed 192.168.82.31 items
INFO processed 192.168.9.50 items
DEBUG variable x=192.168.82.31
WARN disk usage 192.168.219.168%
INFO user 192.168.9.50 logged in
INFO connection established
FATAL out of memory
DEBUG cache hit for key=192.168.142.104
ERROR null pointer in module 192.168.211.158
FATAL unrecoverable disk error
ERROR null pointer in module 192.168.121.141
FATAL kernel panic
ERROR null pointer in module 192.168.215.207
WARN slow query: 192.168.178.215ms
WARN disk usage 192.168.36.209%
WARN disk usage 192.168.39.155%
DEBUG heap size: 192.168.189.144
FATAL segfault at address 0x192.168.57.185
ERROR auth failure for user 192.168.141.220
FATAL out of memory
ERROR file not found: /tmp/192.168.60.30.log
FATAL out of memory
FATAL out of memory
WARN retry attempt 192.168.82.31 for 88935
ERROR auth failure for user 192.168.193.243
INFO processed 192.168.229.48 items
WARN slow query: 192.168.39.155ms
DEBUG entering function foo
ERROR auth failure for user 192.168.178.6
DEBUG variable x=192.168.141.220
ERROR file not found: /tmp/192.168.39.155.log
ERROR auth failure for user 192.168.189.144
INFO processed 192.168.178.6 items
ERROR null pointer in module 192.168.142.104
INFO request from 192.168.121.141
ERROR connection timeout 503
FATAL unrecoverable disk error
ERROR file not found: /tmp/192.168.9.50.log
INFO connection established
FATAL out of memory
WARN slow query: 192.168.121.141ms
INFO connection established
ERROR file not found: /tmp/192.168.219.168.log
DEBUG variable x=192.168.197.186
WARN slow query: 192.168.121.141ms
DEBUG entering function foo
INFO connection established
FATAL kernel panic
ERROR file not found: /tmp/192.168.229.48.log
WARN disk usage 192.168.142.104%
WARN disk usage 192.168.9.50%
WARN disk usage 192.168.193.243%
DEBUG cache hit for key=192.168.57.185
WARN memory threshold reached: 192.168.229.48MB
WARN retry attempt 192.168.142.104 for 29753
FATAL out of memory
FATAL segfault at address 0x192.168.9.50
ERROR null pointer in module 192.168.107.168
DEBUG cache hit for key=192.168.39.155
FATAL kernel panic
FATAL unrecoverable disk error
FATAL segfault at address 0x192.168.189.144
INFO user 192.168.36.209 logged in
DEBUG entering function foo
ERROR connection timeout 503
INFO connection established
ERROR null pointer in module 192.168.82.31
FATAL unrecoverable disk error
INFO request from 192.168.229.48
ERROR auth failure for user 192.168.189.144
DEBUG entering function foo
INFO processed 192.168.197.186 items
INFO connection established
INFO connection established
FATAL unrecoverable disk error
FATAL unrecoverable disk error
WARN memory threshold reached: 192.168.92.139MB
ERROR connection timeout 503
FATAL out of memory
FATAL out of memory
WARN memory threshold reached: 192.168.141.220MB
FATAL segfault at address 0x192.168.229.48
FATAL kernel panic
FATAL segfault at address 0x192.168.193.243
DEBUG entering function foo
INFO connection established
ERROR connection timeout 503
ERROR auth failure for user 192.168.60.30
INFO connection established
INFO request from 192.168.39.155
WARN disk usage 192.168.92.139%
ERROR connection timeout 503
FATAL segfault at address 0x192.168.178.6
DEBUG entering function foo
DEBUG entering function foo
FATAL kernel panic
FATAL kernel panic
ERROR connection timeout 503
INFO request from 192.168.57.185
WARN slow query: 192.168.60.30ms
FATAL kernel panic
INFO user 192.168.9.50 logged in
WARN retry attempt 192.168.92.139 for 58766
FATAL segfault at address 0x192.168.215.207
FATAL kernel panic
FATAL kernel panic
ERROR file not found: /tmp/192.168.193.243.log
WARN slow query: 192.168.211.158ms
FATAL kernel panic
WARN slow query: 192.168.197.186ms
WARN disk usage 192.168.193.243%
ERROR connection timeout 503
ERROR null pointer in module 192.168.142.104
INFO processed 192.168.57.185 items
FATAL unrecoverable disk error
DEBUG cache hit for key=192.168.39.155
ERROR file not found: /tmp/192.168.92.139.log
DEBUG heap size: 192.168.141.220
FATAL kernel panic
FATAL kernel panic
DEBUG variable x=192.168.142.104
FATAL kernel panic
INFO user 192.168.178.215 logged in
DEBUG cache hit for key=192.168.57.185
ERROR null pointer in module 192.168.9.50
FATAL out of memory
INFO connection established
FATAL kernel panic
INFO processed 192.168.92.139 items
DEBUG variable x=192.168.121.141
DEBUG entering function foo
DEBUG cache hit for key=192.168.178.215
ERROR null pointer in module 192.168.193.243
INFO user 192.168.60.30 logged in
WARN disk usage 192.168.121.141%
INFO user 192.168.60.30 logged in
FATAL kernel panic
WARN slow query: 192.168.9.50ms
WARN memory threshold reached: 192.168.92.139MB
WARN slow query: 192.168.189.144ms
FATAL out of memory
INFO connection established
FATAL out of memory
INFO user 192.168.142.104 logged in
DEBUG cache hit for key=192.168.197.186
WARN retry attempt 192.168.178.6 for 76996
WARN memory threshold reached: 192.168.142.104MB
FATAL kernel panic
FATAL unrecoverable disk error
FATAL unrecoverable disk error
INFO connection established
ERROR null pointer in module 192.168.197.186
ERROR file not found: /tmp/192.168.60.30.log
INFO user 192.168.178.6 logged in
DEBUG cache hit for key=192.168.60.30
ERROR file not found: /tmp/192.168.82.31.log
WARN retry attempt 192.168.82.31 for 51215
WARN disk usage 192.168.141.220%
INFO request from 192.168.121.141
WARN disk usage 192.168.121.141%
INFO user 192.168.141.220 logged in
DEBUG entering function foo
ERROR null pointer in module 192.168.193.243
ERROR file not found: /tmp/192.168.121.141.log
INFO user 192.168.211.158 logged in
FATAL segfault at address 0x192.168.189.144
DEBUG variable x=192.168.36.209
INFO connection established
FATAL segfault at address 0x192.168.219.168
DEBUG entering function foo
DEBUG heap size: 192.168.142.104
DEBUG entering function foo
ERROR auth failure for user 192.168.229.48
ERROR file not found: /tmp/192.168.39.155.log
ERROR auth failure for user 192.168.178.6
ERROR connection timeout 503
WARN disk usage 192.168.142.104%
WARN retry attempt 192.168.197.186 for 20210
INFO connection established
FATAL kernel panic
ERROR null pointer in module 192.168.197.186
DEBUG entering function foo
ERROR connection timeout 503
INFO processed 192.168.197.186 items
DEBUG cache hit for key=192.168.142.104
FATAL unrecoverable disk error
DEBUG entering function foo
INFO processed 192.168.189.144 items
ERROR file not found: /tmp/192.168.121.141.log
WARN memory threshold reached: 192.168.219.168MB
INFO processed 192.168.215.207 items
DEBUG entering function foo
WARN disk usage 192.168.36.209%
DEBUG entering function foo
ERROR null pointer in module 192.168.197.186
FATAL kernel panic
FATAL out of memory
DEBUG variable x=192.168.107.168
DEBUG cache hit for key=192.168.142.104
ERROR connection timeout 503
DEBUG cache hit for key=192.168.60.30
INFO request from 192.168.82.31
DEBUG heap size: 192.168.121.141
WARN retry attempt 192.168.215.207 for 17786
INFO request from 192.168.36.209
ERROR file not found: /tmp/192.168.197.186.log
DEBUG variable x=192.168.178.6
INFO user 192.168.215.207 logged in
INFO connection established
DEBUG heap size: 192.168.197.186
DEBUG entering function foo
FATAL out of memory
WARN slow query: 192.168.189.144ms
INFO request from 192.168.60.30
DEBUG variable x=192.168.60.30
INFO connection established
FATAL kernel panic
WARN disk usage 192.168.193.243%
ERROR file not found: /tmp/192.168.57.185.log
ERROR file not found: /tmp/192.168.36.209.log
INFO processed 192.168.82.31 items
DEBUG cache hit for key=192.168.211.158
FATAL kernel panic
DEBUG cache hit for key=192.168.60.30
ERROR null pointer in module 192.168.82.31
FATAL out of memory
INFO processed 192.168.178.215 items
WARN memory threshold reached: 192.168.215.207MB
DEBUG entering function foo
ERROR auth failure for user 192.168.141.220
DEBUG heap size: 192.168.82.31
WARN retry attempt 192.168.211.158 for 86061
DEBUG heap size: 192.168.107.168
WARN retry attempt 192.168.215.207 for 20547
ERROR auth failure for user 192.168.229.48
DEBUG heap size: 192.168.82.31
FATAL kernel panic
FATAL out of memory
FATAL kernel panic
ERROR file not found: /tmp/192.168.229.48.log
DEBUG heap size: 192.168.142.104
INFO request from 192.168.121.141
WARN memory threshold reached: 192.168.178.6MB
FATAL segfault at address 0x192.168.39.155
FATAL unrecoverable disk error
INFO user 192.168.121.141 logged in
FATAL out of memory
DEBUG cache hit for key=192.168.107.168
WARN retry attempt 192.168.9.50 for 71668
DEBUG entering function foo
WARN disk usage 192.168.121.141%
FATAL out of memory
FATAL unrecoverable disk error
INFO connection established
DEBUG cache hit for key=192.168.39.155
ERROR null pointer in module 192.168.178.6
DEBUG entering function foo
ERROR file not found: /tmp/192.168.141.220.log
FATAL unrecoverable disk error
DEBUG cache hit for key=192.168.121.141
INFO connection established
WARN disk usage 192.168.211.158%
WARN memory threshold reached: 192.168.57.185MB
WARN disk usage 192.168.9.50%
ERROR connection timeout 503
DEBUG variable x=192.168.211.158
WARN disk usage 192.168.36.209%
DEBUG entering function foo
DEBUG heap size: 192.168.9.50
ERROR auth failure for user 192.168.36.209
WARN memory threshold reached: 192.168.193.243MB
DEBUG entering function foo
INFO connection established
DEBUG entering function foo
DEBUG entering function foo
WARN disk usage 192.168.107.168%
ERROR null pointer in module 192.168.82.31
FATAL out of memory
DEBUG entering function foo
FATAL kernel panic
DEBUG cache hit for key=192.168.39.155
INFO user 192.168.219.168 logged in
ERROR file not found: /tmp/192.168.92.139.log
DEBUG variable x=192.168.215.207
DEBUG cache hit for key=192.168.178.215
WARN disk usage 192.168.107.168%
DEBUG variable x=192.168.92.139
ERROR null pointer in module 192.168.57.185
ERROR file not found: /tmp/192.168.107.168.log
ERROR file not found: /tmp/192.168.193.243.log
INFO user 192.168.107.168 logged in
DEBUG entering function foo
FATAL segfault at address 0x192.168.215.207
WARN retry attempt 192.168.92.139 for 77588
WARN slow query: 192.168.57.185ms
FATAL kernel panic
ERROR file not found: /tmp/192.168.141.220.log
FATAL segfault at address 0x192.168.9.50
INFO connection established
DEBUG heap size: 192.168.193.243
ERROR null pointer in module 192.168.57.185
FATAL segfault at address 0x192.168.141.220
INFO request from 192.168.121.141
DEBUG entering function foo
INFO processed 192.168.178.215 items
ERROR null pointer in module 192.168.178.215
FATAL segfault at address 0x192.168.82.31
WARN slow query: 192.168.36.209ms
ERROR file not found: /tmp/192.168.189.144.log
INFO user 192.168.36.209 logged in
ERROR null pointer in module 192.168.189.144
INFO request from 192.168.107.168
FATAL segfault at address 0x192.168.219.168
INFO connection established
INFO connection established
DEBUG cache hit for key=192.168.57.185
FATAL segfault at address 0x192.168.219.168
WARN memory threshold reached: 192.168.107.168MB
INFO connection established
WARN retry attempt 192.168.189.144 for 40018
FATAL out of memory
WARN slow query: 192.168.178.6ms
INFO request from 192.168.9.50
DEBUG variable x=192.168.60.30
INFO processed 192.168.219.168 items
DEBUG heap size: 192.168.189.144
WARN disk usage 192.168.229.48%
INFO connection established
ERROR file not found: /tmp/192.168.9.50.log
FATAL segfault at address 0x192.168.82.31
INFO connection established
WARN memory threshold reached: 192.168.229.48MB
WARN memory threshold reached: 192.168.178.215MB
ERROR file not found: /tmp/192.168.92.139.log
DEBUG entering function foo
FATAL out of memory
INFO request from 192.168.193.243
INFO processed 192.168.57.185 items
ERROR connection timeout 503
DEBUG entering function foo
FATAL segfault at address 0x192.168.178.6
ERROR connection timeout 503
ERROR file not found: /tmp/192.168.197.186.log
DEBUG cache hit for key=192.168.197.186
WARN disk usage 192.168.141.220%
DEBUG variable x=192.168.57.185
FATAL segfault at address 0x192.168.39.155
INFO connection established
INFO user 192.168.141.220 logged in
WARN disk usage 192.168.189.144%
ERROR file not found: /tmp/192.168.39.155.log
INFO processed 192.168.60.30 items
DEBUG variable x=192.168.211.158
INFO user 192.168.82.31 logged in
DEBUG entering function foo
ERROR auth failure for user 192.168.57.185
WARN disk usage 192.168.197.186%
ERROR file not found: /tmp/192.168.142.104.log
WARN slow query: 192.168.189.144ms
FATAL kernel panic
DEBUG heap size: 192.168.178.6
WARN disk usage 192.168.39.155%
DEBUG entering function foo
INFO request from 192.168.215.207
INFO connection established
FATAL segfault at address 0x192.168.121.141
FATAL unrecoverable disk error
DEBUG cache hit for key=192.168.142.104
ERROR file not found: /tmp/192.168.189.144.log
WARN retry attempt 192.168.39.155 for 26897
FATAL unrecoverable disk error
FATAL segfault at address 0x192.168.141.220
FATAL out of memory
INFO request from 192.168.219.168
DEBUG cache hit for key=192.168.60.30
DEBUG entering function foo
FATAL segfault at address 0x192.168.219.168
INFO user 192.168.36.209 logged in
WARN disk usage 192.168.219.168%
FATAL segfault at address 0x192.168.229.48
INFO processed 192.168.57.185 items
INFO connection established
INFO connection established
INFO request from 192.168.142.104
DEBUG entering function foo
WARN disk usage 192.168.142.104%
FATAL out of memory
DEBUG variable x=192.168.57.185
ERROR auth failure for user 192.168.178.6
INFO request from 192.168.121.141
DEBUG variable x=192.168.197.186
DEBUG cache hit for key=192.168.57.185
WARN retry attempt 192.168.193.243 for 89850
ERROR null pointer in module 192.168.36.209
INFO connection established
DEBUG variable x=192.168.39.155
DEBUG variable x=192.168.215.207
FATAL segfault at address 0x192.168.193.243
INFO user 192.168.197.186 logged in
INFO processed 192.168.178.215 items
DEBUG cache hit for key=192.168.142.104
INFO processed 192.168.178.215 items
DEBUG entering function foo
DEBUG entering function foo
FATAL unrecoverable disk error
DEBUG cache hit for key=192.168.82.31
ERROR null pointer in module 192.168.82.31
INFO user 192.168.178.215 logged in
DEBUG entering function foo
WARN disk usage 192.168.92.139%
ERROR auth failure for user 192.168.57.185
INFO processed 192.168.189.144 items
WARN memory threshold reached: 192.168.121.141MB
DEBUG entering function foo
WARN disk usage 192.168.229.48%
WARN disk usage 192.168.229.48%
FATAL kernel panic
WARN retry attempt 192.168.142.104 for 10421
WARN memory threshold reached: 192.168.121.141MB
FATAL segfault at address 0x192.168.9.50
ERROR null pointer in module 192.168.121.141
INFO user 192.168.197.186 logged in
INFO connection established
FATAL segfault at address 0x192.168.178.215
FATAL unrecoverable disk error
ERROR connection timeout 503
FATAL unrecoverable disk error
ERROR connection timeout 503
WARN disk usage 192.168.229.48%
ERROR null pointer in module 192.168.60.30
INFO request from 192.168.193.243
WARN retry attempt 192.168.178.6 for 37473
DEBUG heap size: 192.168.178.215
DEBUG entering function foo
DEBUG cache hit for key=192.168.178.215
WARN memory threshold reached: 192.168.229.48MB
INFO user 192.168.107.168 logged in
WARN disk usage 192.168.121.141%
INFO user 192.168.82.31 logged in
ERROR null pointer in module 192.168.229.48
WARN retry attempt 192.168.211.158 for 72328
ERROR connection timeout 503
WARN disk usage 192.168.178.215%
FATAL segfault at address 0x192.168.141.220
INFO connection established
FATAL segfault at address 0x192.168.57.185
ERROR connection timeout 503
WARN disk usage 192.168.39.155%
INFO processed 192.168.178.6 items
DEBUG variable x=192.168.107.168
DEBUG variable x=192.168.39.155
INFO processed 192.168.57.185 items
ERROR auth failure for user 192.168.107.168
DEBUG variable x=192.168.82.31
FATAL segfault at address 0x192.168.107.168
INFO processed 192.168.215.207 items
DEBUG entering function foo
FATAL unrecoverable disk error
WARN memory threshold reached: 192.168.178.6MB
WARN retry attempt 192.168.9.50 for 86366
WARN memory threshold reached: 192.168.178.6MB
WARN retry attempt 192.168.82.31 for 94175
FATAL kernel panic
WARN disk usage 192.168.107.168%
DEBUG cache hit for key=192.168.9.50
WARN slow query: 192.168.57.185ms
WARN disk usage 192.168.82.31%
ERROR null pointer in module 192.168.178.215
WARN retry attempt 192.168.57.185 for 54931
ERROR connection timeout 503
ERROR connection timeout 503
ERROR connection timeout 503
DEBUG entering function foo
WARN slow query: 192.168.211.158ms
FATAL out of memory
FATAL kernel panic
ERROR auth failure for user 192.168.39.155
FATAL kernel panic
FATAL segfault at address 0x192.168.121.141
INFO connection established
ERROR connection timeout 503
INFO connection established
WARN slow query: 192.168.57.185ms
DEBUG variable x=192.168.197.186
WARN slow query: 192.168.197.186ms
DEBUG variable x=192.168.215.207
WARN slow query: 192.168.178.215ms
FATAL unrecoverable disk error
FATAL unrecoverable disk error
INFO request from 192.168.82.31
FATAL out of memory
ERROR file not found: /tmp/192.168.211.158.log
DEBUG entering function foo
ERROR file not found: /tmp/192.168.9.50.log
DEBUG entering function foo
FATAL out of memory
DEBUG heap size: 192.168.36.209
ERROR file not found: /tmp/192.168.178.6.log
ERROR file not found: /tmp/192.168.193.243.log
WARN slow query: 192.168.215.207ms
WARN retry attempt 192.168.39.155 for 52023
FATAL kernel panic
FATAL kernel panic
ERROR auth failure for user 192.168.60.30
FATAL kernel panic
DEBUG variable x=192.168.57.185
DEBUG cache hit for key=192.168.141.220
DEBUG heap size: 192.168.178.215
DEBUG cache hit for key=192.168.215.207
ERROR file not found: /tmp/192.168.189.144.log
WARN disk usage 192.168.107.168%
INFO request from 192.168.36.209
WARN slow query: 192.168.9.50ms
ERROR connection timeout 503
INFO connection established
ERROR connection timeout 503
FATAL out of memory
DEBUG variable x=192.168.219.168
WARN disk usage 192.168.229.48%
DEBUG entering function foo
FATAL out of memory
DEBUG heap size: 192.168.178.6
DEBUG entering function foo
DEBUG variable x=192.168.219.168
FATAL unrecoverable disk error
DEBUG entering function foo
DEBUG variable x=192.168.229.48
ERROR auth failure for user 192.168.142.104
ERROR connection timeout 503
ERROR null pointer in module 192.168.141.220
FATAL kernel panic
INFO processed 192.168.178.6 items
ERROR connection timeout 503
WARN memory threshold reached: 192.168.82.31MB
ERROR auth failure for user 192.168.178.6
DEBUG cache hit for key=192.168.142.104
DEBUG cache hit for key=192.168.178.6
INFO user 192.168.197.186 logged in
WARN disk usage 192.168.92.139%
ERROR connection timeout 503
FATAL segfault at address 0x192.168.92.139
DEBUG cache hit for key=192.168.60.30
DEBUG variable x=192.168.36.209
WARN disk usage 192.168.57.185%
WARN retry attempt 192.168.142.104 for 7287
WARN disk usage 192.168.92.139%
DEBUG cache hit for key=192.168.193.243
WARN retry attempt 192.168.189.144 for 32889
FATAL out of memory
ERROR file not found: /tmp/192.168.219.168.log
ERROR file not found: /tmp/192.168.211.158.log
ERROR null pointer in module 192.168.36.209
ERROR file not found: /tmp/192.168.142.104.log
ERROR null pointer in module 192.168.211.158
DEBUG cache hit for key=192.168.82.31
DEBUG cache hit for key=192.168.141.220
DEBUG cache hit for key=192.168.121.141
INFO connection established
INFO connection established
WARN memory threshold reached: 192.168.215.207MB
WARN disk usage 192.168.142.104%
DEBUG heap size: 192.168.141.220
ERROR null pointer in module 192.168.57.185
FATAL out of memory
INFO connection established
INFO user 192.168.107.168 logged in
FATAL unrecoverable disk error
INFO user 192.168.189.144 logged in
ERROR connection timeout 503
ERROR file not found: /tmp/192.168.219.168.log
ERROR null pointer in module 192.168.178.215
ERROR auth failure for user 192.168.107.168
DEBUG variable x=192.168.189.144
DEBUG cache hit for key=192.168.92.139
DEBUG variable x=192.168.121.141
INFO connection established
ERROR connection timeout 503
FATAL segfault at address 0x192.168.39.155
FATAL out of memory
ERROR auth failure for user 192.168.197.186
ERROR connection timeout 503
ERROR null pointer in module 192.168.39.155
FATAL out of memory
INFO request from 192.168.60.30
DEBUG variable x=192.168.193.243
ERROR null pointer in module 192.168.92.139
ERROR null pointer in module 192.168.92.139
INFO user 192.168.142.104 logged in
FATAL kernel panic
ERROR file not found: /tmp/192.168.39.155.log
FATAL out of memory
WARN slow query: 192.168.229.48ms
WARN slow query: 192.168.178.215ms
DEBUG heap size: 192.168.197.186
INFO processed 192.168.142.104 items
INFO user 192.168.36.209 logged in
ERROR connection timeout 503
FATAL segfault at address 0x192.168.92.139
INFO request from 192.168.193.243
INFO request from 192.168.178.6
ERROR connection timeout 503
FATAL unrecoverable disk error
DEBUG cache hit for key=192.168.39.155
INFO user 192.168.178.215 logged in
INFO processed 192.168.9.50 items
FATAL segfault at address 0x192.168.229.48
INFO connection established
ERROR null pointer in module 192.168.189.144
DEBUG cache hit for key=192.168.178.215
ERROR file not found: /tmp/192.168.178.215.log
INFO processed 192.168.107.168 items
ERROR file not found: /tmp/192.168.229.48.log
DEBUG cache hit for key=192.168.60.30
INFO connection established
WARN slow query: 192.168.39.155ms
INFO processed 192.168.57.185 items
ERROR connection timeout 503
FATAL out of memory
DEBUG heap size: 192.168.82.31
FATAL out of memory
INFO request from 192.168.9.50
ERROR null pointer in module 192.168.39.155
ERROR connection timeout 503
DEBUG heap size: 192.168.189.144
DEBUG variable x=192.168.36.209
DEBUG cache hit for key=192.168.142.104
DEBUG cache hit for key=192.168.189.144
WARN memory threshold reached: 192.168.36.209MB
FATAL unrecoverable disk error
DEBUG cache hit for key=192.168.193.243
WARN disk usage 192.168.193.243%
DEBUG heap size: 192.168.197.186
DEBUG cache hit for key=192.168.178.6
DEBUG cache hit for key=192.168.9.50
DEBUG heap size: 192.168.193.243
WARN slow query: 192.168.193.243ms
WARN slow query: 192.168.142.104ms
WARN memory threshold reached: 192.168.36.209MB
INFO request from 192.168.229.48
FATAL out of memory
WARN slow query: 192.168.121.141ms
INFO processed 192.168.193.243 items
ERROR null pointer in module 192.168.189.144
INFO request from 192.168.219.168
DEBUG variable x=192.168.229.48
WARN retry attempt 192.168.215.207 for 17523
INFO connection established
WARN disk usage 192.168.211.158%
DEBUG variable x=192.168.57.185
INFO processed 192.168.189.144 items
ERROR null pointer in module 192.168.9.50
WARN disk usage 192.168.9.50%
WARN memory threshold reached: 192.168.141.220MB
FATAL kernel panic
DEBUG cache hit for key=192.168.193.243
WARN disk usage 192.168.92.139%
ERROR auth failure for user 192.168.211.158
INFO processed 192.168.121.141 items
ERROR auth failure for user 192.168.178.6
INFO connection established
WARN memory threshold reached: 192.168.211.158MB
ERROR null pointer in module 192.168.9.50
FATAL segfault at address 0x192.168.219.168
ERROR auth failure for user 192.168.9.50
WARN slow query: 192.168.189.144ms
DEBUG entering function foo
DEBUG variable x=192.168.189.144
ERROR auth failure for user 192.168.178.6
FATAL unrecoverable disk error
WARN memory threshold reached: 192.168.142.104MB
FATAL kernel panic
FATAL kernel panic
DEBUG variable x=192.168.57.185
FATAL unrecoverable disk error
ERROR file not found: /tmp/192.168.121.141.log
ERROR connection timeout 503
INFO user 192.168.142.104 logged in
FATAL out of memory
FATAL unrecoverable disk error
FATAL kernel panic
ERROR auth failure for user 192.168.39.155
FATAL kernel panic
FATAL out of memory
DEBUG entering function foo
FATAL out of memory
ERROR file not found: /tmp/192.168.141.220.log
ERROR auth failure for user 192.168.57.185
DEBUG heap size: 192.168.193.243
INFO user 192.168.9.50 logged in
ERROR file not found: /tmp/192.168.211.158.log
FATAL segfault at address 0x192.168.60.30
DEBUG heap size: 192.168.229.48
ERROR connection timeout 503
DEBUG cache hit for key=192.168.36.209
DEBUG entering function foo
INFO connection established
DEBUG heap size: 192.168.193.243
DEBUG cache hit for key=192.168.229.48
DEBUG cache hit for key=192.168.107.168
ERROR file not found: /tmp/192.168.197.186.log
WARN disk usage 192.168.60.30%
FATAL kernel panic
DEBUG variable x=192.168.36.209
WARN disk usage 192.168.142.104%
ERROR null pointer in module 192.168.82.31
WARN retry attempt 192.168.178.215 for 80106
ERROR connection timeout 503
WARN memory threshold reached: 192.168.219.168MB
WARN slow query: 192.168.197.186ms
INFO connection established
ERROR file not found: /tmp/192.168.193.243.log
WARN retry attempt 192.168.219.168 for 45381
WARN retry attempt 192.168.197.186 for 12730
INFO connection established
WARN retry attempt 192.168.57.185 for 41194
INFO connection established
WARN slow query: 192.168.189.144ms
DEBUG cache hit for key=192.168.229.48
INFO processed 192.168.39.155 items
FATAL unrecoverable disk error
ERROR file not found: /tmp/192.168.107.168.log
ERROR file not found: /tmp/192.168.193.243.log
DEBUG entering function foo
WARN slow query: 192.168.229.48ms
DEBUG variable x=192.168.107.168
INFO connection established
WARN memory threshold reached: 192.168.36.209MB
WARN memory threshold reached: 192.168.193.243MB
ERROR file not found: /tmp/192.168.193.243.log
WARN memory threshold reached: 192.168.107.168MB
INFO connection established
FATAL out of memory
ERROR connection timeout 503
INFO processed 192.168.39.155 items
FATAL segfault at address 0x192.168.142.104
ERROR null pointer in module 192.168.178.6
DEBUG cache hit for key=192.168.92.139
ERROR null pointer in module 192.168.193.243
DEBUG variable x=192.168.219.168
DEBUG variable x=192.168.229.48
FATAL kernel panic
FATAL segfault at address 0x192.168.193.243
WARN retry attempt 192.168.92.139 for 12735
INFO user 192.168.178.215 logged in
INFO connection established
DEBUG heap size: 192.168.39.155
WARN retry attempt 192.168.211.158 for 87195
INFO processed 192.168.82.31 items
WARN slow query: 192.168.229.48ms
WARN disk usage 192.168.215.207%
INFO request from 192.168.197.186
DEBUG variable x=192.168.60.30
ERROR auth failure for user 192.168.142.104
DEBUG variable x=192.168.60.30
INFO connection established
FATAL kernel panic
DEBUG heap size: 192.168.178.6
DEBUG variable x=192.168.141.220
FATAL segfault at address 0x192.168.60.30
WARN memory threshold reached: 192.168.107.168MB
ERROR connection timeout 503
WARN disk usage 192.168.92.139%
DEBUG cache hit for key=192.168.178.215
WARN slow query: 192.168.215.207ms
ERROR auth failure for user 192.168.57.185
WARN disk usage 192.168.82.31%
ERROR connection timeout 503
INFO connection established
INFO processed 192.168.178.215 items
ERROR auth failure for user 192.168.60.30
INFO connection established
INFO request from 192.168.121.141
FATAL unrecoverable disk error
FATAL kernel panic
WARN slow query: 192.168.107.168ms
FATAL unrecoverable disk error
WARN retry attempt 192.168.39.155 for 92000
DEBUG cache hit for key=192.168.193.243
INFO user 192.168.57.185 logged in
DEBUG cache hit for key=192.168.219.168
FATAL segfault at address 0x192.168.229.48
INFO connection established
WARN retry attempt 192.168.57.185 for 28880
WARN slow query: 192.168.107.168ms
INFO user 192.168.57.185 logged in
WARN memory threshold reached: 192.168.178.6MB
ERROR null pointer in module 192.168.57.185
DEBUG variable x=192.168.215.207
DEBUG entering function foo
FATAL unrecoverable disk error
INFO user 192.168.141.220 logged in
ERROR file not found: /tmp/192.168.142.104.log
ERROR file not found: /tmp/192.168.215.207.log
WARN retry attempt 192.168.215.207 for 26414
WARN retry attempt 192.168.82.31 for 76909
ERROR connection timeout 503
DEBUG entering function foo
INFO request from 192.168.39.155
DEBUG variable x=192.168.229.48
FATAL segfault at address 0x192.168.193.243
ERROR null pointer in module 192.168.193.243
DEBUG cache hit for key=192.168.39.155
FATAL segfault at address 0x192.168.57.185
WARN memory threshold reached: 192.168.178.215MB
ERROR file not found: /tmp/192.168.92.139.log
DEBUG entering function foo
WARN slow query: 192.168.229.48ms
ERROR connection timeout 503
ERROR null pointer in module 192.168.36.209
FATAL unrecoverable disk error
ERROR file not found: /tmp/192.168.141.220.log
INFO connection established
DEBUG entering function foo
ERROR file not found: /tmp/192.168.219.168.log
DEBUG variable x=192.168.178.215
WARN slow query: 192.168.197.186ms
WARN disk usage 192.168.60.30%
DEBUG cache hit for key=192.168.9.50
ERROR connection timeout 503
ERROR file not found: /tmp/192.168.215.207.log
DEBUG heap size: 192.168.60.30
FATAL kernel panic
WARN memory threshold reached: 192.168.36.209MB
INFO processed 192.168.229.48 items
INFO user 192.168.60.30 logged in
FATAL out of memory
ERROR auth failure for user 192.168.141.220
FATAL segfault at address 0x192.168.107.168
WARN disk usage 192.168.82.31%
INFO request from 192.168.107.168
DEBUG cache hit for key=192.168.92.139
FATAL unrecoverable disk error
INFO connection established
FATAL kernel panic
FATAL out of memory
WARN slow query: 192.168.92.139ms
FATAL out of memory
ERROR null pointer in module 192.168.211.158
ERROR connection timeout 503
INFO connection established
INFO processed 192.168.121.141 items
INFO connection established
FATAL kernel panic
DEBUG heap size: 192.168.36.209
INFO user 192.168.178.6 logged in
ERROR file not found: /tmp/192.168.92.139.log
INFO connection established
INFO connection established
ERROR null pointer in module 192.168.142.104
INFO request from 192.168.107.168
INFO processed 192.168.215.207 items
WARN retry attempt 192.168.121.141 for 24089
FATAL kernel panic
WARN memory threshold reached: 192.168.60.30MB
ERROR file not found: /tmp/192.168.178.6.log
WARN retry attempt 192.168.141.220 for 82304
WARN disk usage 192.168.36.209%
INFO connection established
WARN disk usage 192.168.141.220%
INFO connection established
WARN slow query: 192.168.39.155ms
WARN slow query: 192.168.142.104ms
ERROR file not found: /tmp/192.168.57.185.log
ERROR auth failure for user 192.168.36.209
FATAL unrecoverable disk error
INFO processed 192.168.215.207 items
INFO processed 192.168.142.104 items
FATAL out of memory
ERROR file not found: /tmp/192.168.178.215.log
DEBUG variable x=192.168.219.168
ERROR auth failure for user 192.168.39.155
INFO processed 192.168.57.185 items
DEBUG variable x=192.168.57.185
WARN retry attempt 192.168.82.31 for 52625
ERROR auth failure for user 192.168.178.215
INFO user 192.168.178.215 logged in
FATAL segfault at address 0x192.168.178.6
ERROR null pointer in module 192.168.9.50
ERROR connection timeout 503
INFO request from 192.168.193.243
INFO request from 192.168.178.6
INFO user 192.168.193.243 logged in
ERROR connection timeout 503
FATAL out of memory
FATAL unrecoverable disk error
FATAL out of memory
FATAL out of memory
WARN retry attempt 192.168.178.215 for 63792
WARN slow query: 192.168.189.144ms
FATAL unrecoverable disk error
DEBUG variable x=192.168.107.168
ERROR auth failure for user 192.168.211.158
ERROR auth failure for user 192.168.82.31
DEBUG entering function foo
FATAL unrecoverable disk error
INFO user 192.168.178.215 logged in
DEBUG entering function foo
WARN slow query: 192.168.121.141ms
INFO user 192.168.57.185 logged in
INFO processed 192.168.57.185 items
WARN slow query: 192.168.9.50ms
INFO processed 192.168.107.168 items
ERROR connection timeout 503
INFO user 192.168.211.158 logged in
INFO request from 192.168.197.186
DEBUG heap size: 192.168.9.50
ERROR connection timeout 503
FATAL segfault at address 0x192.168.197.186
WARN disk usage 192.168.229.48%
ERROR auth failure for user 192.168.141.220
ERROR auth failure for user 192.168.92.139
DEBUG variable x=192.168.121.141
WARN memory threshold reached: 192.168.92.139MB
ERROR auth failure for user 192.168.9.50
FATAL out of memory
INFO connection established
FATAL kernel panic
INFO request from 192.168.121.141
ERROR file not found: /tmp/192.168.9.50.log
FATAL segfault at address 0x192.168.121.141
ERROR auth failure for user 192.168.229.48
ERROR file not found: /tmp/192.168.189.144.log
FATAL out of memory
DEBUG heap size: 192.168.215.207
INFO processed 192.168.121.141 items
DEBUG heap size: 192.168.57.185
DEBUG cache hit for key=192.168.121.141
WARN slow query: 192.168.107.168ms
FATAL unrecoverable disk error
DEBUG cache hit for key=192.168.178.6
FATAL kernel panic
INFO request from 192.168.197.186
INFO processed 192.168.178.215 items
INFO user 192.168.39.155 logged in
WARN memory threshold reached: 192.168.107.168MB
DEBUG cache hit for key=192.168.197.186
ERROR null pointer in module 192.168.219.168
FATAL segfault at address 0x192.168.189.144
FATAL kernel panic
INFO request from 192.168.36.209
INFO processed 192.168.189.144 items
ERROR null pointer in module 192.168.82.31
DEBUG heap size: 192.168.92.139
DEBUG entering function foo
DEBUG variable x=192.168.60.30
ERROR connection timeout 503
ERROR null pointer in module 192.168.39.155
FATAL segfault at address 0x192.168.193.243
FATAL out of memory
FATAL segfault at address 0x192.168.39.155
ERROR auth failure for user 192.168.121.141
DEBUG variable x=192.168.178.6
INFO request from 192.168.9.50
DEBUG heap size: 192.168.121.141
FATAL segfault at address 0x192.168.82.31
WARN disk usage 192.168.142.104%
INFO request from 192.168.193.243
ERROR file not found: /tmp/192.168.9.50.log
FATAL out of memory
INFO request from 192.168.9.50
DEBUG heap size: 192.168.36.209
WARN memory threshold reached: 192.168.36.209MB
INFO connection established
WARN retry attempt 192.168.141.220 for 55654
WARN retry attempt 192.168.189.144 for 16953
WARN retry attempt 192.168.141.220 for 51889
WARN retry attempt 192.168.197.186 for 72315
FATAL out of memory
ERROR file not found: /tmp/192.168.57.185.log
INFO request from 192.168.178.6
INFO processed 192.168.178.215 items
FATAL kernel panic
DEBUG variable x=192.168.107.168
ERROR file not found: /tmp/192.168.219.168.log
DEBUG entering function foo
FATAL segfault at address 0x192.168.142.104
DEBUG cache hit for key=192.168.178.6
ERROR auth failure for user 192.168.229.48
FATAL out of memory
INFO request from 192.168.107.168
FATAL out of memory
FATAL out of memory
ERROR null pointer in module 192.168.219.168
WARN memory threshold reached: 192.168.211.158MB
ERROR connection timeout 503
FATAL out of memory
WARN disk usage 192.168.60.30%
DEBUG heap size: 192.168.178.215
INFO processed 192.168.178.215 items
WARN retry attempt 192.168.211.158 for 20304
WARN retry attempt 192.168.36.209 for 21081
ERROR file not found: /tmp/192.168.107.168.log
INFO request from 192.168.178.215
DEBUG heap size: 192.168.39.155
INFO user 192.168.178.6 logged in
WARN memory threshold reached: 192.168.193.243MB
INFO user 192.168.9.50 logged in
DEBUG variable x=192.168.57.185
FATAL out of memory
INFO processed 192.168.193.243 items
FATAL kernel panic
DEBUG heap size: 192.168.229.48
FATAL segfault at address 0x192.168.178.6
INFO connection established
WARN disk usage 192.168.36.209%
DEBUG variable x=192.168.211.158
ERROR file not found: /tmp/192.168.57.185.log
WARN slow query: 192.168.39.155ms
INFO request from 192.168.142.104
ERROR auth failure for user 192.168.36.209
DEBUG entering function foo
DEBUG entering function foo
DEBUG cache hit for key=192.168.121.141
WARN slow query: 192.168.178.215ms
INFO request from 192.168.60.30
DEBUG heap size: 192.168.57.185
INFO connection established
INFO processed 192.168.219.168 items
DEBUG entering function foo
INFO request from 192.168.193.243
WARN retry attempt 192.168.193.243 for 96798
DEBUG variable x=192.168.57.185
INFO processed 192.168.60.30 items
ERROR connection timeout 503
DEBUG entering function foo
DEBUG cache hit for key=192.168.141.220
ERROR auth failure for user 192.168.36.209
ERROR auth failure for user 192.168.57.185
INFO user 192.168.82.31 logged in
ERROR null pointer in module 192.168.39.155
DEBUG entering function foo
DEBUG variable x=192.168.57.185
DEBUG heap size: 192.168.9.50
INFO request from 192.168.60.30
ERROR auth failure for user 192.168.36.209
INFO connection established
DEBUG entering function foo
WARN disk usage 192.168.36.209%
ERROR file not found: /tmp/192.168.189.144.log
INFO processed 192.168.142.104 items
WARN memory threshold reached: 192.168.211.158MB
WARN memory threshold reached: 192.168.211.158MB
FATAL segfault at address 0x192.168.142.104
FATAL unrecoverable disk error
ERROR null pointer in module 192.168.82.31
FATAL segfault at address 0x192.168.9.50
FATAL unrecoverable disk error
WARN disk usage 192.168.121.141%
DEBUG cache hit for key=192.168.229.48
DEBUG entering function foo
FATAL segfault at address 0x192.168.57.185
WARN retry attempt 192.168.197.186 for 27565
WARN memory threshold reached: 192.168.82.31MB
WARN memory threshold reached: 192.168.82.31MB
ERROR file not found: /tmp/192.168.36.209.log
INFO user 192.168.121.141 logged in
ERROR file not found: /tmp/192.168.141.220.log
ERROR connection timeout 503
ERROR connection timeout 503
WARN memory threshold reached: 192.168.141.220MB
FATAL unrecoverable disk error
INFO user 192.168.141.220 logged in
FATAL unrecoverable disk error
WARN memory threshold reached: 192.168.178.215MB
ERROR auth failure for user 192.168.60.30
WARN slow query: 192.168.39.155ms
WARN disk usage 192.168.178.6%
DEBUG cache hit for key=192.168.178.6
ERROR connection timeout 503
ERROR connection timeout 503
FATAL out of memory
FATAL unrecoverable disk error
DEBUG entering function foo
DEBUG variable x=192.168.121.141
ERROR null pointer in module 192.168.178.6
FATAL out of memory
DEBUG variable x=192.168.121.141
WARN retry attempt 192.168.36.209 for 43928
ERROR file not found: /tmp/192.168.82.31.log
ERROR null pointer in module 192.168.219.168
FATAL segfault at address 0x192.168.197.186
INFO request from 192.168.141.220
ERROR connection timeout 503
FATAL segfault at address 0x192.168.57.185
ERROR file not found: /tmp/192.168.193.243.log
ERROR null pointer in module 192.168.36.209
DEBUG cache hit for key=192.168.60.30
DEBUG cache hit for key=192.168.121.141
DEBUG variable x=192.168.189.144
INFO user 192.168.141.220 logged in
WARN disk usage 192.168.57.185%
ERROR auth failure for user 192.168.57.185
ERROR null pointer in module 192.168.9.50
INFO request from 192.168.60.30
ERROR connection timeout 503
FATAL unrecoverable disk error
FATAL out of memory
INFO user 192.168.178.215 logged in
FATAL unrecoverable disk error
INFO request from 192.168.39.155
FATAL unrecoverable disk error
DEBUG heap size: 192.168.193.243
ERROR null pointer in module 192.168.178.6
WARN disk usage 192.168.189.144%
DEBUG entering function foo
WARN slow query: 192.168.215.207ms
ERROR file not found: /tmp/192.168.219.168.log
FATAL out of memory
INFO user 192.168.36.209 logged in
INFO request from 192.168.178.6
WARN disk usage 192.168.57.185%
FATAL out of memory
DEBUG variable x=192.168.39.155
WARN slow query: 192.168.121.141ms
ERROR file not found: /tmp/192.168.197.186.log
WARN disk usage 192.168.178.215%
FATAL kernel panic
WARN retry attempt 192.168.229.48 for 17162
INFO connection established
INFO user 192.168.141.220 logged in
WARN memory threshold reached: 192.168.229.48MB
INFO request from 192.168.9.50
DEBUG heap size: 192.168.215.207
DEBUG variable x=192.168.215.207
WARN disk usage 192.168.82.31%
INFO request from 192.168.121.141
ERROR auth failure for user 192.168.107.168
FATAL segfault at address 0x192.168.189.144
WARN retry attempt 192.168.36.209 for 99373
FATAL out of memory
FATAL kernel panic
FATAL unrecoverable disk error
ERROR auth failure for user 192.168.211.158
FATAL segfault at address 0x192.168.60.30
FATAL unrecoverable disk error
WARN slow query: 192.168.57.185ms
ERROR connection timeout 503
DEBUG variable x=192.168.215.207
WARN slow query: 192.168.193.243ms
INFO request from 192.168.107.168
INFO connection established
WARN retry attempt 192.168.57.185 for 67761
FATAL kernel panic
INFO user 192.168.92.139 logged in
WARN disk usage 192.168.211.158%
ERROR null pointer in module 192.168.178.215
DEBUG heap size: 192.168.92.139
WARN disk usage 192.168.82.31%
ERROR null pointer in module 192.168.39.155
WARN slow query: 192.168.121.141ms
WARN memory threshold reached: 192.168.36.209MB
INFO user 192.168.197.186 logged in
DEBUG variable x=192.168.82.31
INFO processed 192.168.229.48 items
DEBUG variable x=192.168.57.185
WARN retry attempt 192.168.9.50 for 91969
ERROR file not found: /tmp/192.168.219.168.log
FATAL segfault at address 0x192.168.178.215
FATAL unrecoverable disk error
WARN disk usage 192.168.197.186%
ERROR connection timeout 503
DEBUG entering function foo
FATAL out of memory
DEBUG heap size: 192.168.60.30
DEBUG entering function foo
INFO user 192.168.142.104 logged in
FATAL segfault at address 0x192.168.39.155
WARN disk usage 192.168.211.158%
INFO request from 192.168.193.243
ERROR auth failure for user 192.168.215.207
INFO connection established
DEBUG variable x=192.168.211.158
WARN slow query: 192.168.219.168ms
ERROR null pointer in module 192.168.178.6
INFO connection established
ERROR file not found: /tmp/192.168.178.215.log
DEBUG entering function foo
FATAL segfault at address 0x192.168.57.185
INFO request from 192.168.141.220
FATAL unrecoverable disk error
WARN memory threshold reached: 192.168.142.104MB
ERROR null pointer in module 192.168.36.209
FATAL kernel panic
INFO request from 192.168.211.158
INFO connection established
FATAL kernel panic
FATAL segfault at address 0x192.168.219.168
FATAL segfault at address 0x192.168.107.168
FATAL segfault at address 0x192.168.57.185
DEBUG variable x=192.168.60.30
FATAL unrecoverable disk error
FATAL segfault at address 0x192.168.211.158
FATAL unrecoverable disk error
DEBUG variable x=192.168.92.139
ERROR connection timeout 503
WARN disk usage 192.168.219.168%
ERROR null pointer in module 192.168.229.48
FATAL kernel panic
INFO processed 192.168.178.6 items
INFO connection established
ERROR file not found: /tmp/192.168.36.209.log
INFO user 192.168.219.168 logged in
FATAL unrecoverable disk error
ERROR null pointer in module 192.168.60.30
WARN disk usage 192.168.9.50%
DEBUG heap size: 192.168.197.186
ERROR auth failure for user 192.168.92.139
WARN memory threshold reached: 192.168.178.215MB
INFO user 192.168.121.141 logged in
DEBUG variable x=192.168.39.155
DEBUG cache hit for key=192.168.178.6
INFO processed 192.168.121.141 items
WARN slow query: 192.168.229.48ms
DEBUG heap size: 192.168.121.141
WARN retry attempt 192.168.121.141 for 97808
ERROR null pointer in module 192.168.36.209
INFO processed 192.168.193.243 items
ERROR connection timeout 503
WARN disk usage 192.168.229.48%
INFO connection established
INFO connection established
WARN disk usage 192.168.189.144%
FATAL kernel panic
DEBUG cache hit for key=192.168.197.186
FATAL segfault at address 0x192.168.141.220
DEBUG cache hit for key=192.168.39.155
WARN disk usage 192.168.189.144%
INFO connection established
WARN retry attempt 192.168.121.141 for 977
FATAL unrecoverable disk error
FATAL segfault at address 0x192.168.215.207
DEBUG variable x=192.168.92.139
ERROR file not found: /tmp/192.168.197.186.log
INFO user 192.168.229.48 logged in
INFO user 192.168.219.168 logged in
DEBUG entering function foo
INFO connection established
ERROR null pointer in module 192.168.92.139
DEBUG entering function foo
INFO processed 192.168.178.6 items
INFO request from 192.168.197.186
INFO processed 192.168.219.168 items
WARN disk usage 192.168.107.168%
INFO user 192.168.229.48 logged in
INFO connection established
ERROR auth failure for user 192.168.9.50
ERROR auth failure for user 192.168.178.215
FATAL out of memory
WARN memory threshold reached: 192.168.121.141MB
DEBUG entering function foo
FATAL unrecoverable disk error
DEBUG heap size: 192.168.142.104
DEBUG variable x=192.168.57.185
FATAL unrecoverable disk error
WARN retry attempt 192.168.82.31 for 16654
WARN retry attempt 192.168.229.48 for 37631
FATAL out of memory
WARN slow query: 192.168.57.185ms
INFO processed 192.168.142.104 items
INFO processed 192.168.189.144 items
DEBUG entering function foo
DEBUG variable x=192.168.219.168
ERROR file not found: /tmp/192.168.141.220.log
WARN slow query: 192.168.39.155ms
FATAL kernel panic
WARN memory threshold reached: 192.168.36.209MB
ERROR auth failure for user 192.168.211.158
ERROR auth failure for user 192.168.57.185
DEBUG entering function foo
FATAL segfault at address 0x192.168.92.139
INFO connection established
WARN memory threshold reached: 192.168.141.220MB
WARN retry attempt 192.168.9.50 for 3618
DEBUG variable x=192.168.57.185
INFO connection established
INFO request from 192.168.141.220
DEBUG entering function foo
WARN disk usage 192.168.229.48%
INFO processed 192.168.39.155 items
ERROR connection timeout 503
ERROR file not found: /tmp/192.168.229.48.log
ERROR connection timeout 503
FATAL unrecoverable disk error
DEBUG variable x=192.168.142.104
DEBUG entering function foo
WARN memory threshold reached: 192.168.82.31MB
INFO request from 192.168.229.48
ERROR connection timeout 503
FATAL segfault at address 0x192.168.141.220
DEBUG cache hit for key=192.168.193.243
FATAL segfault at address 0x192.168.219.168
ERROR null pointer in module 192.168.107.168
DEBUG variable x=192.168.211.158
ERROR auth failure for user 192.168.39.155
ERROR file not found: /tmp/192.168.36.209.log
FATAL out of memory
DEBUG entering function foo
FATAL kernel panic
DEBUG cache hit for key=192.168.141.220
FATAL segfault at address 0x192.168.60.30
ERROR null pointer in module 192.168.178.6
FATAL segfault at address 0x192.168.178.6
ERROR auth failure for user 192.168.197.186
INFO user 192.168.141.220 logged in
FATAL out of memory
INFO request from 192.168.178.6
WARN slow query: 192.168.9.50ms
ERROR auth failure for user 192.168.121.141
WARN retry attempt 192.168.57.185 for 72853
ERROR connection timeout 503
DEBUG entering function foo
INFO user 192.168.178.6 logged in
DEBUG heap size: 192.168.189.144
WARN memory threshold reached: 192.168.141.220MB
ERROR auth failure for user 192.168.60.30
FATAL unrecoverable disk error
ERROR null pointer in module 192.168.193.243
INFO user 192.168.211.158 logged in
ERROR auth failure for user 192.168.229.48
INFO connection established
FATAL unrecoverable disk error
FATAL out of memory
ERROR connection timeout 503
WARN retry attempt 192.168.141.220 for 1614
FATAL kernel panic
INFO request from 192.168.39.155
INFO request from 192.168.142.104
ERROR null pointer in module 192.168.211.158
FATAL segfault at address 0x192.168.60.30
DEBUG variable x=192.168.39.155
WARN disk usage 192.168.107.168%
WARN disk usage 192.168.121.141%
INFO connection established
ERROR file not found: /tmp/192.168.178.6.log
ERROR file not found: /tmp/192.168.215.207.log
DEBUG heap size: 192.168.57.185
ERROR connection timeout 503
FATAL kernel panic
WARN slow query: 192.168.193.243ms
FATAL out of memory
ERROR null pointer in module 192.168.92.139
INFO request from 192.168.211.158
ERROR file not found: /tmp/192.168.211.158.log
FATAL kernel panic
INFO processed 192.168.39.155 items
ERROR auth failure for user 192.168.178.215
INFO connection established
WARN retry attempt 192.168.141.220 for 61537
ERROR connection timeout 503
WARN retry attempt 192.168.9.50 for 19479
INFO connection established
WARN memory threshold reached: 192.168.39.155MB
FATAL kernel panic
FATAL kernel panic
WARN retry attempt 192.168.82.31 for 9573
INFO connection established
INFO connection established
WARN retry attempt 192.168.215.207 for 58712
ERROR null pointer in module 192.168.211.158
DEBUG heap size: 192.168.229.48
DEBUG entering function foo
FATAL unrecoverable disk error
INFO request from 192.168.9.50
ERROR null pointer in module 192.168.215.207
FATAL unrecoverable disk error
WARN slow query: 192.168.211.158ms
DEBUG variable x=192.168.215.207
DEBUG variable x=192.168.142.104
ERROR connection timeout 503
FATAL unrecoverable disk error
INFO user 192.168.9.50 logged in
ERROR file not found: /tmp/192.168.60.30.log
WARN retry attempt 192.168.107.168 for 22961
WARN memory threshold reached: 192.168.107.168MB
WARN slow query: 192.168.178.6ms
ERROR file not found: /tmp/192.168.215.207.log
ERROR auth failure for user 192.168.211.158
ERROR auth failure for user 192.168.178.6
ERROR connection timeout 503
WARN retry attempt 192.168.197.186 for 78889
INFO user 192.168.178.215 logged in
ERROR null pointer in module 192.168.36.209
INFO connection established
WARN retry attempt 192.168.197.186 for 98601
INFO connection established
INFO processed 192.168.178.6 items
WARN memory threshold reached: 192.168.9.50MB
ERROR auth failure for user 192.168.9.50
FATAL unrecoverable disk error
INFO processed 192.168.189.144 items
WARN disk usage 192.168.57.185%
WARN slow query: 192.168.92.139ms
FATAL segfault at address 0x192.168.229.48
WARN retry attempt 192.168.39.155 for 14222
FATAL segfault at address 0x192.168.82.31
INFO request from 192.168.229.48
FATAL unrecoverable disk error
FATAL unrecoverable disk error
FATAL kernel panic
FATAL segfault at address 0x192.168.189.144
INFO connection established
INFO processed 192.168.229.48 items
ERROR connection timeout 503
ERROR auth failure for user 192.168.60.30
WARN slow query: 192.168.141.220ms
FATAL out of memory
FATAL out of memory
DEBUG variable x=192.168.141.220
ERROR null pointer in module 192.168.197.186
DEBUG variable x=192.168.60.30
INFO request from 192.168.215.207
FATAL out of memory
DEBUG variable x=192.168.92.139
FATAL unrecoverable disk error
WARN slow query: 192.168.107.168ms
ERROR auth failure for user 192.168.193.243
INFO processed 192.168.189.144 items
ERROR file not found: /tmp/192.168.60.30.log
INFO processed 192.168.141.220 items
ERROR null pointer in module 192.168.36.209
FATAL kernel panic
ERROR auth failure for user 192.168.9.50
ERROR connection timeout 503
ERROR auth failure for user 192.168.142.104
WARN disk usage 192.168.92.139%
WARN disk usage 192.168.9.50%
FATAL segfault at address 0x192.168.121.141
WARN memory threshold reached: 192.168.193.243MB
INFO user 192.168.178.215 logged in
WARN disk usage 192.168.57.185%
FATAL segfault at address 0x192.168.189.144
ERROR file not found: /tmp/192.168.121.141.log
FATAL segfault at address 0x192.168.229.48
FATAL kernel panic
FATAL unrecoverable disk error
ERROR null pointer in module 192.168.142.104
INFO request from 192.168.82.31
DEBUG heap size: 192.168.121.141
ERROR connection timeout 503
DEBUG cache hit for key=192.168.60.30
ERROR auth failure for user 192.168.178.215
DEBUG entering function foo
ERROR auth failure for user 192.168.219.168
INFO processed 192.168.60.30 items
FATAL segfault at address 0x192.168.178.215
WARN retry attempt 192.168.178.215 for 91696
WARN retry attempt 192.168.193.243 for 26810
ERROR auth failure for user 192.168.189.144
INFO connection established
FATAL segfault at address 0x192.168.189.144
FATAL kernel panic
INFO user 192.168.178.215 logged in
WARN retry attempt 192.168.39.155 for 93390
DEBUG entering function foo
ERROR null pointer in module 192.168.9.50
INFO processed 192.168.189.144 items
FATAL out of memory
DEBUG entering function foo
DEBUG variable x=192.168.219.168
FATAL segfault at address 0x192.168.39.155
DEBUG cache hit for key=192.168.211.158
FATAL out of memory
FATAL kernel panic
DEBUG entering function foo
WARN disk usage 192.168.189.144%
INFO processed 192.168.178.215 items
INFO request from 192.168.142.104
WARN disk usage 192.168.215.207%
DEBUG heap size: 192.168.178.6
ERROR null pointer in module 192.168.178.215
FATAL segfault at address 0x192.168.178.215
DEBUG variable x=192.168.39.155
ERROR file not found: /tmp/192.168.178.6.log
WARN retry attempt 192.168.211.158 for 96303
FATAL unrecoverable disk error
ERROR file not found: /tmp/192.168.197.186.log
DEBUG entering function foo
FATAL unrecoverable disk error
DEBUG entering function foo
FATAL segfault at address 0x192.168.215.207
WARN retry attempt 192.168.9.50 for 87998
INFO user 192.168.193.243 logged in
INFO user 192.168.9.50 logged in
WARN memory threshold reached: 192.168.178.215MB
DEBUG cache hit for key=192.168.229.48
FATAL kernel panic
INFO processed 192.168.57.185 items
FATAL kernel panic
DEBUG variable x=192.168.142.104
ERROR connection timeout 503
WARN retry attempt 192.168.197.186 for 36513
ERROR connection timeout 503
ERROR auth failure for user 192.168.107.168
INFO connection established
INFO connection established
DEBUG entering function foo
WARN slow query: 192.168.92.139ms
ERROR auth failure for user 192.168.36.209
INFO request from 192.168.39.155
ERROR null pointer in module 192.168.229.48
DEBUG variable x=192.168.39.155
DEBUG heap size: 192.168.121.141
DEBUG cache hit for key=192.168.92.139
ERROR connection timeout 503
WARN memory threshold reached: 192.168.121.141MB
INFO request from 192.168.193.243
INFO request from 192.168.197.186
WARN retry attempt 192.168.215.207 for 23627
ERROR null pointer in module 192.168.229.48
FATAL segfault at address 0x192.168.39.155
INFO request from 192.168.57.185
FATAL unrecoverable disk error
INFO user 192.168.107.168 logged in
FATAL segfault at address 0x192.168.121.141
INFO request from 192.168.211.158
FATAL out of memory
WARN retry attempt 192.168.107.168 for 39577
FATAL kernel panic
DEBUG heap size: 192.168.178.6
FATAL kernel panic
ERROR auth failure for user 192.168.178.215
WARN memory threshold reached: 192.168.92.139MB
FATAL segfault at address 0x192.168.39.155
DEBUG entering function foo
ERROR null pointer in module 192.168.189.144
INFO request from 192.168.193.243
DEBUG heap size: 192.168.211.158
INFO user 192.168.211.158 logged in
ERROR null pointer in module 192.168.219.168
ERROR auth failure for user 192.168.36.209
INFO processed 192.168.197.186 items
FATAL kernel panic
DEBUG cache hit for key=192.168.107.168
ERROR auth failure for user 192.168.60.30
DEBUG variable x=192.168.189.144
DEBUG entering function foo
WARN memory threshold reached: 192.168.178.6MB
INFO user 192.168.215.207 logged in
DEBUG entering function foo
FATAL kernel panic
DEBUG cache hit for key=192.168.197.186
FATAL segfault at address 0x192.168.193.243
ERROR null pointer in module 192.168.141.220
INFO processed 192.168.197.186 items
FATAL out of memory
DEBUG entering function foo
FATAL segfault at address 0x192.168.36.209
ERROR connection timeout 503
FATAL unrecoverable disk error
DEBUG variable x=192.168.142.104
INFO user 192.168.219.168 logged in
DEBUG cache hit for key=192.168.178.6
DEBUG heap size: 192.168.229.48
WARN retry attempt 192.168.39.155 for 68463
FATAL segfault at address 0x192.168.189.144
FATAL kernel panic
FATAL kernel panic
DEBUG heap size: 192.168.211.158
ERROR connection timeout 503
ERROR file not found: /tmp/192.168.82.31.log
FATAL unrecoverable disk error
ERROR connection timeout 503
DEBUG heap size: 192.168.39.155
FATAL kernel panic
WARN slow query: 192.168.9.50ms
FATAL out of memory
WARN memory threshold reached: 192.168.211.158MB
INFO user 192.168.141.220 logged in
INFO user 192.168.178.6 logged in
DEBUG variable x=192.168.178.6
DEBUG entering function foo
ERROR file not found: /tmp/192.168.142.104.log
FATAL unrecoverable disk error
ERROR auth failure for user 192.168.57.185
FATAL unrecoverable disk error
INFO connection established
ERROR connection timeout 503
DEBUG heap size: 192.168.193.243
INFO connection established
FATAL unrecoverable disk error
FATAL unrecoverable disk error
WARN disk usage 192.168.229.48%
ERROR connection timeout 503
ERROR file not found: /tmp/192.168.178.6.log
DEBUG cache hit for key=192.168.229.48
INFO processed 192.168.82.31 items
INFO connection established
ERROR connection timeout 503
DEBUG variable x=192.168.57.185
ERROR null pointer in module 192.168.107.168
ERROR connection timeout 503
DEBUG heap size: 192.168.92.139
ERROR connection timeout 503
FATAL segfault at address 0x192.168.92.139
ERROR null pointer in module 192.168.189.144
WARN retry attempt 192.168.193.243 for 4900
WARN retry attempt 192.168.142.104 for 98462
DEBUG variable x=192.168.39.155
WARN slow query: 192.168.215.207ms
WARN slow query: 192.168.178.6ms
ERROR auth failure for user 192.168.211.158
ERROR auth failure for user 192.168.215.207
FATAL kernel panic
WARN memory threshold reached: 192.168.107.168MB
DEBUG cache hit for key=192.168.107.168
ERROR null pointer in module 192.168.9.50
ERROR null pointer in module 192.168.189.144
ERROR connection timeout 503
INFO connection established
WARN slow query: 192.168.219.168ms
ERROR auth failure for user 192.168.193.243
INFO processed 192.168.142.104 items
FATAL kernel panic
WARN slow query: 192.168.141.220ms
ERROR file not found: /tmp/192.168.141.220.log
INFO user 192.168.219.168 logged in
INFO processed 192.168.82.31 items
WARN disk usage 192.168.121.141%
WARN slow query: 192.168.57.185ms
INFO request from 192.168.197.186
ERROR connection timeout 503
WARN memory threshold reached: 192.168.189.144MB
FATAL out of memory
INFO connection established
WARN disk usage 192.168.107.168%
ERROR file not found: /tmp/192.168.178.215.log
FATAL out of memory
FATAL out of memory
DEBUG entering function foo
ERROR file not found: /tmp/192.168.178.6.log
DEBUG entering function foo
DEBUG entering function foo
WARN memory threshold reached: 192.168.60.30MB
FATAL out of memory
WARN memory threshold reached: 192.168.141.220MB
ERROR connection timeout 503
FATAL out of memory
ERROR auth failure for user 192.168.57.185
FATAL unrecoverable disk error
INFO request from 192.168.39.155
WARN disk usage 192.168.60.30%
DEBUG heap size: 192.168.178.215
FATAL segfault at address 0x192.168.178.6
INFO connection established
INFO connection established
ERROR auth failure for user 192.168.107.168
WARN memory threshold reached: 192.168.189.144MB
DEBUG heap size: 192.168.219.168
INFO user 192.168.92.139 logged in
FATAL segfault at address 0x192.168.82.31
WARN disk usage 192.168.82.31%
DEBUG heap size: 192.168.121.141
INFO user 192.168.189.144 logged in
WARN disk usage 192.168.197.186%
WARN retry attempt 192.168.121.141 for 878
ERROR file not found: /tmp/192.168.107.168.log
INFO request from 192.168.9.50
ERROR connection timeout 503
INFO processed 192.168.39.155 items
ERROR auth failure for user 192.168.107.168
FATAL out of memory
ERROR null pointer in module 192.168.92.139
DEBUG entering function foo
WARN slow query: 192.168.197.186ms
FATAL out of memory
ERROR auth failure for user 192.168.39.155
ERROR connection timeout 503
FATAL segfault at address 0x192.168.197.186
ERROR auth failure for user 192.168.219.168
ERROR null pointer in module 192.168.141.220
DEBUG variable x=192.168.229.48
WARN retry attempt 192.168.39.155 for 60252
WARN memory threshold reached: 192.168.60.30MB
ERROR file not found: /tmp/192.168.39.155.log
INFO connection established
ERROR file not found: /tmp/192.168.197.186.log
FATAL kernel panic
FATAL kernel panic
ERROR auth failure for user 192.168.211.158
ERROR file not found: /tmp/192.168.189.144.log
DEBUG entering function foo
ERROR null pointer in module 192.168.142.104
WARN memory threshold reached: 192.168.215.207MB
FATAL out of memory
WARN disk usage 192.168.197.186%
ERROR file not found: /tmp/192.168.229.48.log
ERROR null pointer in module 192.168.60.30
FATAL kernel panic
INFO processed 192.168.36.209 items
ERROR file not found: /tmp/192.168.193.243.log
WARN memory threshold reached: 192.168.211.158MB
DEBUG entering function foo
WARN disk usage 192.168.193.243%
INFO processed 192.168.189.144 items
WARN memory threshold reached: 192.168.57.185MB
ERROR auth failure for user 192.168.142.104
INFO request from 192.168.211.158
ERROR null pointer in module 192.168.36.209
FATAL unrecoverable disk error
WARN disk usage 192.168.60.30%
WARN retry attempt 192.168.189.144 for 48455
DEBUG variable x=192.168.141.220
DEBUG entering function foo
DEBUG entering function foo
DEBUG cache hit for key=192.168.197.186
WARN retry attempt 192.168.36.209 for 23579
ERROR file not found: /tmp/192.168.39.155.log
ERROR file not found: /tmp/192.168.219.168.log
FATAL kernel panic
WARN disk usage 192.168.189.144%
WARN memory threshold reached: 192.168.215.207MB
INFO processed 192.168.211.158 items
ERROR null pointer in module 192.168.142.104
ERROR auth failure for user 192.168.193.243
ERROR file not found: /tmp/192.168.60.30.log
ERROR connection timeout 503
FATAL unrecoverable disk error
ERROR file not found: /tmp/192.168.178.215.log
WARN retry attempt 192.168.57.185 for 79571
ERROR auth failure for user 192.168.39.155
FATAL segfault at address 0x192.168.92.139
INFO connection established
ERROR connection timeout 503
ERROR null pointer in module 192.168.92.139
WARN slow query: 192.168.57.185ms
DEBUG heap size: 192.168.57.185
WARN disk usage 192.168.211.158%
FATAL unrecoverable disk error
DEBUG entering function foo
ERROR null pointer in module 192.168.39.155
DEBUG variable x=192.168.39.155
ERROR connection timeout 503
FATAL unrecoverable disk error
FATAL out of memory
WARN slow query: 192.168.121.141ms
FATAL out of memory
DEBUG cache hit for key=192.168.141.220
ERROR null pointer in module 192.168.178.215
ERROR null pointer in module 192.168.197.186
INFO request from 192.168.193.243
INFO connection established
WARN slow query: 192.168.229.48ms
ERROR connection timeout 503
DEBUG entering function foo
FATAL out of memory
WARN memory threshold reached: 192.168.141.220MB
ERROR auth failure for user 192.168.60.30
DEBUG heap size: 192.168.197.186
WARN memory threshold reached: 192.168.82.31MB
INFO processed 192.168.219.168 items
ERROR auth failure for user 192.168.219.168
WARN disk usage 192.168.9.50%
INFO user 192.168.9.50 logged in
WARN retry attempt 192.168.178.215 for 40982
ERROR file not found: /tmp/192.168.189.144.log
ERROR auth failure for user 192.168.82.31
FATAL kernel panic
WARN memory threshold reached: 192.168.141.220MB
WARN retry attempt 192.168.121.141 for 23797
WARN slow query: 192.168.39.155ms
DEBUG variable x=192.168.178.6
FATAL unrecoverable disk error
DEBUG heap size: 192.168.197.186
DEBUG entering function foo
ERROR null pointer in module 192.168.60.30
WARN disk usage 192.168.92.139%
FATAL segfault at address 0x192.168.82.31
DEBUG variable x=192.168.197.186
WARN memory threshold reached: 192.168.219.168MB
DEBUG entering function foo
FATAL unrecoverable disk error
WARN memory threshold reached: 192.168.121.141MB
ERROR file not found: /tmp/192.168.197.186.log
FATAL out of memory
ERROR auth failure for user 192.168.57.185
DEBUG entering function foo
ERROR file not found: /tmp/192.168.36.209.log
INFO request from 192.168.229.48
WARN disk usage 192.168.121.141%
DEBUG heap size: 192.168.121.141
FATAL kernel panic
INFO processed 192.168.9.50 items
FATAL unrecoverable disk error
WARN slow query: 192.168.178.215ms
INFO connection established
FATAL unrecoverable disk error
WARN slow query: 192.168.82.31ms
ERROR auth failure for user 192.168.121.141
INFO processed 192.168.178.6 items
WARN disk usage 192.168.121.141%
ERROR file not found: /tmp/192.168.121.141.log
WARN slow query: 192.168.39.155ms
FATAL segfault at address 0x192.168.193.243
INFO request from 192.168.141.220
DEBUG variable x=192.168.57.185
INFO processed 192.168.197.186 items
DEBUG heap size: 192.168.36.209
DEBUG heap size: 192.168.197.186
ERROR null pointer in module 192.168.197.186
ERROR auth failure for user 192.168.121.141
ERROR connection timeout 503
DEBUG variable x=192.168.121.141
FATAL kernel panic
FATAL out of memory
INFO user 192.168.57.185 logged in
INFO processed 192.168.229.48 items
ERROR null pointer in module 192.168.39.155
WARN disk usage 192.168.107.168%
INFO request from 192.168.189.144
DEBUG entering function foo
FATAL segfault at address 0x192.168.197.186
INFO processed 192.168.219.168 items
WARN memory threshold reached: 192.168.142.104MB
ERROR connection timeout 503
ERROR null pointer in module 192.168.60.30
FATAL kernel panic
DEBUG variable x=192.168.107.168
INFO processed 192.168.178.6 items
ERROR file not found: /tmp/192.168.178.6.log
INFO user 192.168.142.104 logged in
FATAL kernel panic
FATAL unrecoverable disk error
INFO processed 192.168.178.6 items
ERROR auth failure for user 192.168.36.209
INFO request from 192.168.142.104
FATAL out of memory
DEBUG cache hit for key=192.168.82.31
INFO user 192.168.36.209 logged in
FATAL out of memory
WARN retry attempt 192.168.189.144 for 22175
FATAL segfault at address 0x192.168.39.155
DEBUG heap size: 192.168.36.209
WARN memory threshold reached: 192.168.193.243MB
ERROR file not found: /tmp/192.168.197.186.log
ERROR auth failure for user 192.168.9.50
FATAL unrecoverable disk error
WARN retry attempt 192.168.229.48 for 53307
ERROR file not found: /tmp/192.168.142.104.log
FATAL unrecoverable disk error
INFO connection established
INFO request from 192.168.197.186
ERROR connection timeout 503
INFO user 192.168.178.6 logged in
WARN memory threshold reached: 192.168.178.6MB
ERROR auth failure for user 192.168.92.139
ERROR file not found: /tmp/192.168.193.243.log
FATAL kernel panic
FATAL out of memory
WARN disk usage 192.168.141.220%
INFO connection established
DEBUG variable x=192.168.219.168
DEBUG entering function foo
ERROR connection timeout 503
INFO request from 192.168.211.158
INFO user 192.168.57.185 logged in
DEBUG variable x=192.168.178.215
WARN slow query: 192.168.197.186ms
FATAL kernel panic
DEBUG entering function foo
DEBUG entering function foo
ERROR connection timeout 503
FATAL segfault at address 0x192.168.107.168
ERROR connection timeout 503
ERROR file not found: /tmp/192.168.229.48.log
WARN memory threshold reached: 192.168.57.185MB
WARN slow query: 192.168.211.158ms
ERROR file not found: /tmp/192.168.197.186.log
DEBUG cache hit for key=192.168.189.144
DEBUG cache hit for key=192.168.92.139
ERROR null pointer in module 192.168.219.168
ERROR null pointer in module 192.168.197.186
INFO processed 192.168.219.168 items
INFO processed 192.168.92.139 items
FATAL unrecoverable disk error
INFO user 192.168.60.30 logged in
ERROR file not found: /tmp/192.168.193.243.log
ERROR null pointer in module 192.168.36.209
ERROR connection timeout 503
INFO user 192.168.197.186 logged in
FATAL out of memory
FATAL unrecoverable disk error
ERROR file not found: /tmp/192.168.197.186.log
WARN disk usage 192.168.82.31%
INFO connection established
ERROR auth failure for user 192.168.9.50
WARN disk usage 192.168.178.215%
FATAL unrecoverable disk error
WARN memory threshold reached: 192.168.193.243MB
INFO connection established
ERROR auth failure for user 192.168.178.6
INFO processed 192.168.229.48 items
FATAL segfault at address 0x192.168.92.139
INFO user 192.168.82.31 logged in
WARN retry attempt 192.168.189.144 for 25554
WARN memory threshold reached: 192.168.178.6MB
ERROR file not found: /tmp/192.168.189.144.log
ERROR null pointer in module 192.168.178.215
DEBUG variable x=192.168.193.243
FATAL kernel panic
INFO user 192.168.197.186 logged in
DEBUG cache hit for key=192.168.57.185
FATAL kernel panic
INFO user 192.168.211.158 logged in
ERROR file not found: /tmp/192.168.60.30.log
ERROR connection timeout 503
ERROR connection timeout 503
WARN slow query: 192.168.36.209ms
INFO processed 192.168.60.30 items
DEBUG heap size: 192.168.189.144
INFO connection established
ERROR null pointer in module 192.168.9.50
WARN slow query: 192.168.197.186ms
WARN slow query: 192.168.82.31ms
FATAL kernel panic
ERROR auth failure for user 192.168.193.243
ERROR connection timeout 503
WARN disk usage 192.168.197.186%
WARN memory threshold reached: 192.168.9.50MB
FATAL out of memory
DEBUG heap size: 192.168.82.31
DEBUG cache hit for key=192.168.178.215
WARN disk usage 192.168.215.207%
FATAL kernel panic
FATAL kernel panic
ERROR auth failure for user 192.168.178.6
ERROR connection timeout 503
INFO processed 192.168.189.144 items
FATAL out of memory
WARN slow query: 192.168.36.209ms
INFO processed 192.168.193.243 items
INFO user 192.168.178.6 logged in
ERROR connection timeout 503
FATAL segfault at address 0x192.168.215.207
INFO processed 192.168.82.31 items
WARN slow query: 192.168.142.104ms
ERROR file not found: /tmp/192.168.189.144.log
INFO request from 192.168.211.158
INFO connection established
DEBUG cache hit for key=192.168.219.168
WARN retry attempt 192.168.121.141 for 32075
FATAL kernel panic
DEBUG cache hit for key=192.168.57.185
INFO connection established
FATAL out of memory
DEBUG variable x=192.168.178.215
WARN disk usage 192.168.57.185%
WARN disk usage 192.168.60.30%
ERROR auth failure for user 192.168.193.243
ERROR connection timeout 503
FATAL kernel panic
INFO request from 192.168.39.155
DEBUG heap size: 192.168.142.104
WARN slow query: 192.168.121.141ms
ERROR auth failure for user 192.168.36.209
ERROR connection timeout 503
FATAL segfault at address 0x192.168.121.141
INFO request from 192.168.36.209
INFO connection established
FATAL unrecoverable disk error
FATAL out of memory
DEBUG cache hit for key=192.168.142.104
FATAL unrecoverable disk error
FATAL out of memory
WARN slow query: 192.168.39.155ms
WARN disk usage 192.168.39.155%
WARN memory threshold reached: 192.168.39.155MB
WARN slow query: 192.168.141.220ms
DEBUG variable x=192.168.82.31
WARN disk usage 192.168.141.220%
WARN disk usage 192.168.229.48%
DEBUG cache hit for key=192.168.9.50
INFO processed 192.168.36.209 items
ERROR connection timeout 503
FATAL unrecoverable disk error
WARN disk usage 192.168.9.50%
ERROR file not found: /tmp/192.168.107.168.log
WARN disk usage 192.168.141.220%
ERROR null pointer in module 192.168.82.31
ERROR auth failure for user 192.168.219.168
WARN memory threshold reached: 192.168.193.243MB
DEBUG entering function foo
DEBUG heap size: 192.168.36.209
WARN disk usage 192.168.197.186%
ERROR auth failure for user 192.168.92.139
ERROR auth failure for user 192.168.39.155
ERROR connection timeout 503
ERROR auth failure for user 192.168.121.141
DEBUG cache hit for key=192.168.82.31
FATAL out of memory
FATAL out of memory
DEBUG heap size: 192.168.193.243
DEBUG cache hit for key=192.168.121.141
INFO processed 192.168.121.141 items
WARN disk usage 192.168.36.209%
DEBUG entering function foo
DEBUG cache hit for key=192.168.121.141
FATAL out of memory
ERROR null pointer in module 192.168.178.6
WARN disk usage 192.168.9.50%
ERROR file not found: /tmp/192.168.229.48.log
INFO processed 192.168.211.158 items
ERROR auth failure for user 192.168.189.144
ERROR file not found: /tmp/192.168.197.186.log
ERROR auth failure for user 192.168.178.215
INFO user 192.168.142.104 logged in
WARN disk usage 192.168.60.30%
INFO connection established
INFO connection established
DEBUG heap size: 192.168.9.50
ERROR auth failure for user 192.168.193.243
DEBUG entering function foo
FATAL out of memory
INFO user 192.168.178.215 logged in
WARN slow query: 192.168.39.155ms
DEBUG cache hit for key=192.168.178.215
ERROR file not found: /tmp/192.168.178.6.log
INFO connection established
WARN retry attempt 192.168.141.220 for 16611
FATAL out of memory
FATAL kernel panic
DEBUG variable x=192.168.229.48
FATAL out of memory
WARN retry attempt 192.168.197.186 for 48553
ERROR file not found: /tmp/192.168.211.158.log
WARN slow query: 192.168.39.155ms
ERROR null pointer in module 192.168.178.6
FATAL unrecoverable disk error
INFO request from 192.168.82.31
FATAL unrecoverable disk error
DEBUG cache hit for key=192.168.141.220
FATAL unrecoverable disk error
INFO connection established
FATAL kernel panic
FATAL kernel panic
ERROR auth failure for user 192.168.39.155
FATAL unrecoverable disk error
FATAL unrecoverable disk error
DEBUG variable x=192.168.107.168
FATAL out of memory
DEBUG entering function foo
WARN retry attempt 192.168.39.155 for 68549
INFO request from 192.168.211.158
ERROR auth failure for user 192.168.229.48
DEBUG heap size: 192.168.142.104
ERROR file not found: /tmp/192.168.215.207.log
INFO request from 192.168.9.50
WARN memory threshold reached: 192.168.107.168MB
INFO connection established
INFO request from 192.168.197.186
WARN disk usage 192.168.9.50%
FATAL unrecoverable disk error
DEBUG variable x=192.168.39.155
ERROR null pointer in module 192.168.229.48
INFO connection established
INFO user 192.168.142.104 logged in
DEBUG entering function foo
ERROR null pointer in module 192.168.229.48
INFO connection established
INFO connection established
ERROR auth failure for user 192.168.219.168
FATAL out of memory
WARN slow query: 192.168.82.31ms
FATAL kernel panic
FATAL unrecoverable disk error
DEBUG entering function foo
INFO processed 192.168.36.209 items
ERROR null pointer in module 192.168.229.48
ERROR file not found: /tmp/192.168.142.104.log
DEBUG heap size: 192.168.178.215
INFO user 192.168.197.186 logged in
ERROR file not found: /tmp/192.168.215.207.log
INFO user 192.168.197.186 logged in
ERROR auth failure for user 192.168.229.48
INFO user 192.168.82.31 logged in
DEBUG cache hit for key=192.168.197.186
DEBUG variable x=192.168.178.215
FATAL kernel panic
ERROR file not found: /tmp/192.168.39.155.log
WARN memory threshold reached: 192.168.178.6MB
WARN slow query: 192.168.178.215ms
WARN retry attempt 192.168.178.6 for 83366
INFO connection established
ERROR file not found: /tmp/192.168.189.144.log
DEBUG entering function foo
INFO request from 192.168.193.243
DEBUG variable x=192.168.211.158
DEBUG entering function foo
WARN disk usage 192.168.211.158%
ERROR connection timeout 503
ERROR file not found: /tmp/192.168.39.155.log
DEBUG variable x=192.168.39.155
INFO connection established
WARN slow query: 192.168.215.207ms
WARN memory threshold reached: 192.168.141.220MB
FATAL out of memory
INFO request from 192.168.215.207
WARN retry attempt 192.168.211.158 for 74298
WARN memory threshold reached: 192.168.193.243MB
INFO connection established
FATAL kernel panic
ERROR connection timeout 503
DEBUG heap size: 192.168.121.141
FATAL out of memory
DEBUG cache hit for key=192.168.189.144
FATAL out of memory
ERROR null pointer in module 192.168.36.209
FATAL out of memory
INFO request from 192.168.9.50
INFO user 192.168.219.168 logged in
INFO connection established
FATAL kernel panic
INFO request from 192.168.82.31
DEBUG variable x=192.168.197.186
ERROR file not found: /tmp/192.168.219.168.log
FATAL kernel panic
ERROR null pointer in module 192.168.107.168
INFO user 192.168.178.6 logged in
INFO connection established
FATAL out of memory
ERROR file not found: /tmp/192.168.197.186.log
DEBUG cache hit for key=192.168.178.6
WARN slow query: 192.168.60.30ms
ERROR auth failure for user 192.168.142.104
WARN retry attempt 192.168.107.168 for 34598
WARN disk usage 192.168.60.30%
WARN memory threshold reached: 192.168.178.215MB
ERROR file not found: /tmp/192.168.92.139.log
FATAL unrecoverable disk error
WARN retry attempt 192.168.178.215 for 43825
INFO user 192.168.82.31 logged in
ERROR auth failure for user 192.168.178.6
ERROR null pointer in module 192.168.178.6
WARN retry attempt 192.168.36.209 for 4595
INFO user 192.168.178.6 logged in
FATAL segfault at address 0x192.168.193.243
INFO connection established
WARN disk usage 192.168.178.6%
WARN memory threshold reached: 192.168.36.209MB
INFO user 192.168.178.6 logged in
INFO request from 192.168.82.31
ERROR auth failure for user 192.168.142.104
ERROR auth failure for user 192.168.142.104
WARN disk usage 192.168.141.220%
DEBUG cache hit for key=192.168.178.6
ERROR null pointer in module 192.168.9.50
WARN slow query: 192.168.82.31ms
FATAL kernel panic
ERROR auth failure for user 192.168.36.209
FATAL kernel panic
FATAL segfault at address 0x192.168.36.209
DEBUG entering function foo
INFO user 192.168.178.215 logged in
INFO request from 192.168.39.155
WARN retry attempt 192.168.107.168 for 8953
WARN slow query: 192.168.36.209ms
INFO connection established
WARN memory threshold reached: 192.168.107.168MB
WARN disk usage 192.168.92.139%
WARN disk usage 192.168.178.215%
FATAL kernel panic
INFO user 192.168.211.158 logged in
DEBUG cache hit for key=192.168.219.168
WARN slow query: 192.168.229.48ms
FATAL segfault at address 0x192.168.39.155
FATAL segfault at address 0x192.168.229.48
DEBUG heap size: 192.168.57.185
WARN disk usage 192.168.60.30%
ERROR file not found: /tmp/192.168.57.185.log
FATAL out of memory
WARN memory threshold reached: 192.168.92.139MB
ERROR null pointer in module 192.168.219.168
FATAL segfault at address 0x192.168.193.243
DEBUG variable x=192.168.39.155
WARN slow query: 192.168.121.141ms
WARN slow query: 192.168.107.168ms
WARN disk usage 192.168.178.215%
WARN slow query: 192.168.178.6ms
INFO user 192.168.9.50 logged in
FATAL kernel panic
WARN retry attempt 192.168.82.31 for 91132
WARN retry attempt 192.168.92.139 for 26685
INFO request from 192.168.82.31
WARN memory threshold reached: 192.168.57.185MB
FATAL kernel panic
WARN slow query: 192.168.107.168ms
INFO processed 192.168.39.155 items
INFO user 192.168.197.186 logged in
WARN slow query: 192.168.107.168ms
ERROR null pointer in module 192.168.197.186
DEBUG heap size: 192.168.82.31
ERROR null pointer in module 192.168.60.30
ERROR null pointer in module 192.168.92.139
DEBUG heap size: 192.168.219.168
INFO request from 192.168.142.104
ERROR auth failure for user 192.168.82.31
WARN memory threshold reached: 192.168.9.50MB
FATAL unrecoverable disk error
DEBUG heap size: 192.168.178.215
ERROR auth failure for user 192.168.82.31
ERROR file not found: /tmp/192.168.107.168.log
ERROR connection timeout 503
WARN memory threshold reached: 192.168.121.141MB
WARN slow query: 192.168.9.50ms
DEBUG entering function foo
INFO connection established
WARN slow query: 192.168.9.50ms
ERROR connection timeout 503
FATAL segfault at address 0x192.168.36.209
WARN retry attempt 192.168.121.141 for 60911
DEBUG cache hit for key=192.168.107.168
WARN memory threshold reached: 192.168.36.209MB
ERROR file not found: /tmp/192.168.229.48.log
INFO request from 192.168.82.31
INFO request from 192.168.82.31
INFO request from 192.168.60.30
FATAL segfault at address 0x192.168.229.48
ERROR file not found: /tmp/192.168.215.207.log
ERROR connection timeout 503
ERROR connection timeout 503
INFO request from 192.168.197.186
DEBUG variable x=192.168.197.186
DEBUG cache hit for key=192.168.9.50
WARN disk usage 192.168.211.158%
INFO processed 192.168.39.155 items
FATAL kernel panic
INFO user 192.168.121.141 logged in
ERROR null pointer in module 192.168.39.155
DEBUG variable x=192.168.219.168
ERROR null pointer in module 192.168.60.30
DEBUG heap size: 192.168.36.209
DEBUG variable x=192.168.229.48
FATAL segfault at address 0x192.168.9.50
DEBUG heap size: 192.168.121.141
WARN slow query: 192.168.92.139ms
WARN disk usage 192.168.121.141%
WARN disk usage 192.168.9.50%
ERROR null pointer in module 192.168.219.168
DEBUG cache hit for key=192.168.178.6
FATAL out of memory
ERROR null pointer in module 192.168.189.144
ERROR connection timeout 503
ERROR file not found: /tmp/192.168.197.186.log
INFO request from 192.168.197.186
FATAL unrecoverable disk error
ERROR connection timeout 503
WARN retry attempt 192.168.215.207 for 76889
DEBUG variable x=192.168.142.104
ERROR connection timeout 503
INFO user 192.168.36.209 logged in
DEBUG cache hit for key=192.168.9.50
FATAL kernel panic
DEBUG cache hit for key=192.168.60.30
INFO connection established
ERROR auth failure for user 192.168.92.139
ERROR auth failure for user 192.168.142.104
ERROR null pointer in module 192.168.193.243
WARN disk usage 192.168.215.207%
ERROR connection timeout 503
ERROR file not found: /tmp/192.168.229.48.log
ERROR connection timeout 503
FATAL kernel panic
DEBUG heap size: 192.168.121.141
ERROR connection timeout 503
FATAL segfault at address 0x192.168.57.185
WARN retry attempt 192.168.142.104 for 1290
ERROR auth failure for user 192.168.229.48
FATAL out of memory
WARN disk usage 192.168.39.155%
DEBUG entering function foo
INFO request from 192.168.60.30
DEBUG cache hit for key=192.168.60.30
DEBUG heap size: 192.168.141.220
DEBUG variable x=192.168.121.141
FATAL segfault at address 0x192.168.229.48
ERROR connection timeout 503
DEBUG entering function foo
INFO user 192.168.141.220 logged in
DEBUG entering function foo
ERROR file not found: /tmp/192.168.121.141.log
INFO connection established
INFO processed 192.168.197.186 items
DEBUG variable x=192.168.178.6
INFO processed 192.168.82.31 items
DEBUG heap size: 192.168.178.6
ERROR file not found: /tmp/192.168.57.185.log
FATAL out of memory
WARN disk usage 192.168.178.215%
WARN retry attempt 192.168.193.243 for 45782
DEBUG entering function foo
ERROR connection timeout 503
ERROR connection timeout 503
ERROR auth failure for user 192.168.189.144
WARN retry attempt 192.168.211.158 for 91142
FATAL kernel panic
WARN disk usage 192.168.178.215%
DEBUG cache hit for key=192.168.178.6
INFO processed 192.168.39.155 items
FATAL segfault at address 0x192.168.60.30
ERROR auth failure for user 192.168.193.243
WARN memory threshold reached: 192.168.193.243MB
DEBUG entering function foo
INFO request from 192.168.178.6
ERROR file not found: /tmp/192.168.141.220.log
ERROR connection timeout 503
DEBUG heap size: 192.168.178.6
DEBUG cache hit for key=192.168.193.243
WARN memory threshold reached: 192.168.107.168MB
FATAL out of memory
ERROR null pointer in module 192.168.178.215
FATAL segfault at address 0x192.168.82.31
WARN disk usage 192.168.107.168%
ERROR null pointer in module 192.168.60.30
FATAL kernel panic
ERROR null pointer in module 192.168.9.50
INFO connection established
ERROR file not found: /tmp/192.168.178.6.log
ERROR connection timeout 503
INFO processed 192.168.142.104 items
FATAL unrecoverable disk error
WARN retry attempt 192.168.178.6 for 80844
FATAL out of memory
ERROR null pointer in module 192.168.82.31
ERROR connection timeout 503
DEBUG heap size: 192.168.189.144
WARN disk usage 192.168.211.158%
DEBUG heap size: 192.168.36.209
ERROR file not found: /tmp/192.168.219.168.log
WARN memory threshold reached: 192.168.107.168MB
WARN memory threshold reached: 192.168.82.31MB
WARN disk usage 192.168.142.104%
WARN memory threshold reached: 192.168.142.104MB
INFO request from 192.168.178.6
FATAL unrecoverable disk error
INFO processed 192.168.189.144 items
WARN retry attempt 192.168.36.209 for 73385
FATAL unrecoverable disk error
DEBUG entering function foo
ERROR file not found: /tmp/192.168.60.30.log
FATAL out of memory
DEBUG variable x=192.168.211.158
DEBUG cache hit for key=192.168.60.30
INFO processed 192.168.82.31 items
INFO connection established
INFO connection established
ERROR connection timeout 503
DEBUG cache hit for key=192.168.107.168
WARN retry attempt 192.168.178.215 for 64407
FATAL unrecoverable disk error
WARN memory threshold reached: 192.168.92.139MB
DEBUG entering function foo
DEBUG entering function foo
FATAL out of memory
ERROR file not found: /tmp/192.168.57.185.log
DEBUG heap size: 192.168.36.209
WARN memory threshold reached: 192.168.141.220MB
INFO user 192.168.57.185 logged in
FATAL unrecoverable disk error
FATAL unrecoverable disk error
WARN memory threshold reached: 192.168.57.185MB
FATAL unrecoverable disk error
INFO user 192.168.92.139 logged in
ERROR connection timeout 503
DEBUG heap size: 192.168.57.185
ERROR connection timeout 503
ERROR connection timeout 503
DEBUG heap size: 192.168.197.186
FATAL out of memory
ERROR null pointer in module 192.168.60.30
ERROR connection timeout 503
ERROR connection timeout 503
INFO processed 192.168.82.31 items
ERROR null pointer in module 192.168.9.50
WARN disk usage 192.168.229.48%
DEBUG cache hit for key=192.168.197.186
INFO user 192.168.9.50 logged in
WARN retry attempt 192.168.219.168 for 2136
INFO processed 192.168.193.243 items
FATAL out of memory
WARN retry attempt 192.168.39.155 for 56174
INFO connection established
DEBUG entering function foo
ERROR file not found: /tmp/192.168.107.168.log
WARN disk usage 192.168.189.144%
FATAL segfault at address 0x192.168.92.139
FATAL segfault at address 0x192.168.178.215
DEBUG entering function foo
ERROR auth failure for user 192.168.229.48
WARN retry attempt 192.168.107.168 for 57265
ERROR auth failure for user 192.168.211.158
INFO processed 192.168.141.220 items
WARN memory threshold reached: 192.168.39.155MB
WARN memory threshold reached: 192.168.57.185MB
ERROR auth failure for user 192.168.193.243
ERROR connection timeout 503
INFO request from 192.168.92.139
WARN slow query: 192.168.215.207ms
INFO user 192.168.141.220 logged in
ERROR connection timeout 503
WARN retry attempt 192.168.178.215 for 79772
DEBUG entering function foo
DEBUG cache hit for key=192.168.60.30
DEBUG variable x=192.168.178.215
DEBUG heap size: 192.168.215.207
DEBUG cache hit for key=192.168.211.158
WARN retry attempt 192.168.36.209 for 98068
WARN retry attempt 192.168.107.168 for 56811
DEBUG cache hit for key=192.168.57.185
ERROR auth failure for user 192.168.229.48
ERROR connection timeout 503
INFO request from 192.168.178.6
DEBUG cache hit for key=192.168.178.6
ERROR null pointer in module 192.168.193.243
INFO user 192.168.211.158 logged in
ERROR auth failure for user 192.168.178.215
DEBUG variable x=192.168.107.168
ERROR null pointer in module 192.168.178.6
DEBUG heap size: 192.168.178.6
ERROR null pointer in module 192.168.9.50
FATAL out of memory
ERROR file not found: /tmp/192.168.82.31.log
FATAL kernel panic
FATAL kernel panic
DEBUG cache hit for key=192.168.141.220
ERROR auth failure for user 192.168.9.50
INFO connection established
DEBUG entering function foo
DEBUG cache hit for key=192.168.178.215
FATAL kernel panic
FATAL kernel panic
FATAL segfault at address 0x192.168.60.30
DEBUG entering function foo
WARN disk usage 192.168.92.139%
INFO request from 192.168.92.139
WARN retry attempt 192.168.9.50 for 84933
WARN memory threshold reached: 192.168.215.207MB
WARN disk usage 192.168.142.104%
WARN disk usage 192.168.178.6%
WARN disk usage 192.168.193.243%
DEBUG heap size: 192.168.36.209
DEBUG entering function foo
DEBUG variable x=192.168.39.155
INFO request from 192.168.57.185
FATAL segfault at address 0x192.168.9.50
INFO processed 192.168.82.31 items
ERROR auth failure for user 192.168.107.168
INFO request from 192.168.36.209
INFO user 192.168.107.168 logged in
WARN disk usage 192.168.142.104%
FATAL kernel panic
INFO processed 192.168.178.215 items
INFO request from 192.168.211.158
INFO user 192.168.189.144 logged in
ERROR null pointer in module 192.168.189.144
FATAL kernel panic
DEBUG heap size: 192.168.121.141
WARN disk usage 192.168.193.243%
ERROR file not found: /tmp/192.168.229.48.log
ERROR auth failure for user 192.168.215.207
WARN retry attempt 192.168.193.243 for 48398
WARN memory threshold reached: 192.168.193.243MB
INFO processed 192.168.178.6 items
ERROR null pointer in module 192.168.229.48
INFO processed 192.168.178.215 items
FATAL out of memory
WARN slow query: 192.168.60.30ms
INFO user 192.168.141.220 logged in
WARN slow query: 192.168.92.139ms
FATAL segfault at address 0x192.168.178.6
DEBUG cache hit for key=192.168.141.220
ERROR null pointer in module 192.168.229.48
WARN memory threshold reached: 192.168.92.139MB
WARN disk usage 192.168.219.168%
FATAL out of memory
WARN slow query: 192.168.211.158ms
WARN disk usage 192.168.39.155%
WARN slow query: 192.168.219.168ms
DEBUG cache hit for key=192.168.141.220
ERROR file not found: /tmp/192.168.39.155.log
INFO request from 192.168.189.144
DEBUG entering function foo
DEBUG cache hit for key=192.168.193.243
WARN memory threshold reached: 192.168.107.168MB
FATAL out of memory
FATAL kernel panic
FATAL kernel panic
DEBUG cache hit for key=192.168.193.243
WARN disk usage 192.168.193.243%
WARN disk usage 192.168.197.186%
WARN slow query: 192.168.189.144ms
FATAL unrecoverable disk error
FATAL kernel panic
ERROR null pointer in module 192.168.211.158
ERROR null pointer in module 192.168.39.155
INFO processed 192.168.197.186 items
FATAL segfault at address 0x192.168.141.220
ERROR auth failure for user 192.168.211.158
DEBUG variable x=192.168.193.243
FATAL out of memory
DEBUG entering function foo
WARN memory threshold reached: 192.168.193.243MB
DEBUG cache hit for key=192.168.178.6
ERROR auth failure for user 192.168.60.30
FATAL segfault at address 0x192.168.39.155
FATAL kernel panic
WARN disk usage 192.168.142.104%
INFO request from 192.168.219.168
INFO request from 192.168.107.168
WARN retry attempt 192.168.92.139 for 27799
DEBUG entering function foo
WARN memory threshold reached: 192.168.141.220MB
ERROR auth failure for user 192.168.193.243
WARN retry attempt 192.168.57.185 for 25165
ERROR null pointer in module 192.168.121.141
DEBUG cache hit for key=192.168.189.144
DEBUG cache hit for key=192.168.215.207
INFO user 192.168.57.185 logged in
DEBUG entering function foo
WARN slow query: 192.168.193.243ms
ERROR auth failure for user 192.168.39.155
ERROR connection timeout 503
ERROR null pointer in module 192.168.121.141
FATAL kernel panic
FATAL kernel panic
WARN memory threshold reached: 192.168.141.220MB
WARN retry attempt 192.168.193.243 for 75452
FATAL segfault at address 0x192.168.142.104
ERROR null pointer in module 192.168.142.104
DEBUG cache hit for key=192.168.178.6
ERROR connection timeout 503
WARN slow query: 192.168.39.155ms
WARN slow query: 192.168.219.168ms
FATAL out of memory
INFO connection established
FATAL unrecoverable disk error
FATAL segfault at address 0x192.168.92.139
ERROR auth failure for user 192.168.215.207
FATAL out of memory
INFO processed 192.168.92.139 items
FATAL segfault at address 0x192.168.219.168
FATAL segfault at address 0x192.168.193.243
INFO request from 192.168.60.30
ERROR null pointer in module 192.168.9.50
WARN memory threshold reached: 192.168.36.209MB
WARN disk usage 192.168.219.168%
INFO request from 192.168.92.139
FATAL unrecoverable disk error
WARN slow query: 192.168.215.207ms
WARN memory threshold reached: 192.168.229.48MB
WARN memory threshold reached: 192.168.193.243MB
DEBUG entering function foo
FATAL kernel panic
INFO connection established
ERROR file not found: /tmp/192.168.36.209.log
WARN disk usage 192.168.57.185%
FATAL kernel panic
WARN disk usage 192.168.57.185%
DEBUG cache hit for key=192.168.121.141
WARN disk usage 192.168.178.6%
FATAL kernel panic
WARN retry attempt 192.168.60.30 for 18790
FATAL unrecoverable disk error
FATAL unrecoverable disk error
DEBUG cache hit for key=192.168.121.141
WARN disk usage 192.168.107.168%
ERROR file not found: /tmp/192.168.92.139.log
FATAL kernel panic
WARN memory threshold reached: 192.168.9.50MB
ERROR null pointer in module 192.168.9.50
FATAL out of memory
ERROR auth failure for user 192.168.189.144
DEBUG heap size: 192.168.92.139
INFO processed 192.168.82.31 items
INFO request from 192.168.141.220
DEBUG heap size: 192.168.229.48
ERROR auth failure for user 192.168.82.31
INFO user 192.168.229.48 logged in
INFO request from 192.168.9.50
WARN retry attempt 192.168.229.48 for 66341
DEBUG variable x=192.168.92.139
INFO processed 192.168.189.144 items
DEBUG variable x=192.168.142.104
WARN retry attempt 192.168.178.215 for 87472
FATAL out of memory
INFO processed 192.168.178.6 items
INFO processed 192.168.178.215 items
ERROR connection timeout 503
INFO user 192.168.57.185 logged in
INFO connection established
FATAL kernel panic
FATAL kernel panic
ERROR auth failure for user 192.168.142.104
ERROR connection timeout 503
INFO request from 192.168.142.104
INFO request from 192.168.197.186
FATAL unrecoverable disk error
FATAL unrecoverable disk error
DEBUG heap size: 192.168.107.168
WARN retry attempt 192.168.215.207 for 63626
WARN disk usage 192.168.189.144%
ERROR null pointer in module 192.168.178.6
ERROR file not found: /tmp/192.168.229.48.log
WARN memory threshold reached: 192.168.229.48MB
WARN retry attempt 192.168.141.220 for 37907
ERROR null pointer in module 192.168.178.215
DEBUG entering function foo
FATAL kernel panic
INFO request from 192.168.229.48
ERROR connection timeout 503
INFO user 192.168.39.155 logged in
FATAL out of memory
ERROR file not found: /tmp/192.168.39.155.log
INFO connection established
WARN memory threshold reached: 192.168.57.185MB
WARN slow query: 192.168.229.48ms
FATAL kernel panic
WARN slow query: 192.168.178.215ms
INFO user 192.168.107.168 logged in
INFO processed 192.168.107.168 items
FATAL unrecoverable disk error
DEBUG cache hit for key=192.168.141.220
INFO processed 192.168.193.243 items
ERROR null pointer in module 192.168.211.158
ERROR null pointer in module 192.168.197.186
ERROR auth failure for user 192.168.141.220
FATAL unrecoverable disk error
INFO user 192.168.189.144 logged in
FATAL segfault at address 0x192.168.36.209
FATAL kernel panic
ERROR null pointer in module 192.168.142.104
ERROR connection timeout 503
ERROR file not found: /tmp/192.168.189.144.log
FATAL kernel panic
DEBUG cache hit for key=192.168.193.243
INFO processed 192.168.229.48 items
ERROR file not found: /tmp/192.168.178.215.log
FATAL unrecoverable disk error
DEBUG entering function foo
INFO user 192.168.60.30 logged in
WARN memory threshold reached: 192.168.211.158MB
WARN retry attempt 192.168.193.243 for 55623
WARN slow query: 192.168.141.220ms
DEBUG heap size: 192.168.36.209
ERROR null pointer in module 192.168.60.30
ERROR connection timeout 503
INFO connection established
ERROR auth failure for user 192.168.39.155
ERROR null pointer in module 192.168.215.207
ERROR file not found: /tmp/192.168.189.144.log
DEBUG variable x=192.168.229.48
FATAL kernel panic
FATAL unrecoverable disk error
FATAL segfault at address 0x192.168.39.155
FATAL unrecoverable disk error
INFO request from 192.168.141.220
INFO processed 192.168.229.48 items
ERROR file not found: /tmp/192.168.107.168.log
DEBUG entering function foo
FATAL out of memory
DEBUG entering function foo
FATAL out of memory
FATAL out of memory
DEBUG variable x=192.168.121.141
INFO user 192.168.57.185 logged in
ERROR auth failure for user 192.168.197.186
FATAL out of memory
WARN retry attempt 192.168.82.31 for 95184
DEBUG cache hit for key=192.168.39.155
WARN retry attempt 192.168.215.207 for 16498
DEBUG cache hit for key=192.168.219.168
FATAL segfault at address 0x192.168.189.144
INFO request from 192.168.197.186
ERROR auth failure for user 192.168.60.30
DEBUG variable x=192.168.197.186
INFO connection established
ERROR auth failure for user 192.168.9.50
INFO user 192.168.121.141 logged in
INFO processed 192.168.178.6 items
INFO request from 192.168.121.141
INFO request from 192.168.215.207
INFO processed 192.168.178.215 items
DEBUG variable x=192.168.197.186
INFO request from 192.168.82.31
ERROR file not found: /tmp/192.168.193.243.log
FATAL segfault at address 0x192.168.197.186
WARN retry attempt 192.168.36.209 for 61456
WARN disk usage 192.168.197.186%
DEBUG variable x=192.168.219.168
DEBUG cache hit for key=192.168.178.6
FATAL unrecoverable disk error
FATAL kernel panic
ERROR auth failure for user 192.168.9.50
ERROR auth failure for user 192.168.141.220
WARN memory threshold reached: 192.168.178.215MB
INFO request from 192.168.92.139
INFO processed 192.168.9.50 items
WARN disk usage 192.168.36.209%
ERROR connection timeout 503
FATAL unrecoverable disk error
WARN retry attempt 192.168.141.220 for 27285
DEBUG cache hit for key=192.168.193.243
INFO request from 192.168.193.243
DEBUG variable x=192.168.178.215
INFO connection established
FATAL kernel panic
FATAL segfault at address 0x192.168.229.48
DEBUG variable x=192.168.211.158
DEBUG variable x=192.168.57.185
WARN slow query: 192.168.39.155ms
DEBUG variable x=192.168.211.158
FATAL unrecoverable disk error
INFO connection established
WARN memory threshold reached: 192.168.141.220MB
INFO request from 192.168.107.168
ERROR auth failure for user 192.168.189.144
INFO request from 192.168.39.155
ERROR connection timeout 503
INFO user 192.168.60.30 logged in
FATAL kernel panic
ERROR connection timeout 503
WARN retry attempt 192.168.142.104 for 85149
WARN disk usage 192.168.193.243%
DEBUG heap size: 192.168.107.168
ERROR file not found: /tmp/192.168.107.168.log
FATAL unrecoverable disk error
ERROR null pointer in module 192.168.60.30
ERROR auth failure for user 192.168.9.50
INFO user 192.168.211.158 logged in
DEBUG entering function foo
ERROR file not found: /tmp/192.168.211.158.log
FATAL kernel panic
INFO user 192.168.229.48 logged in
INFO user 192.168.57.185 logged in
FATAL kernel panic
FATAL kernel panic
DEBUG heap size: 192.168.193.243
FATAL out of memory
ERROR file not found: /tmp/192.168.121.141.log
INFO connection established
INFO user 192.168.141.220 logged in
INFO request from 192.168.229.48
DEBUG variable x=192.168.57.185
WARN memory threshold reached: 192.168.193.243MB
DEBUG variable x=192.168.9.50
DEBUG heap size: 192.168.9.50
ERROR connection timeout 503
INFO connection established
FATAL segfault at address 0x192.168.121.141
WARN disk usage 192.168.9.50%
FATAL unrecoverable disk error
DEBUG cache hit for key=192.168.82.31
DEBUG entering function foo
WARN retry attempt 192.168.219.168 for 49935
FATAL unrecoverable disk error
FATAL out of memory
DEBUG entering function foo
WARN memory threshold reached: 192.168.219.168MB
DEBUG cache hit for key=192.168.60.30
DEBUG heap size: 192.168.121.141
DEBUG entering function foo
INFO processed 192.168.142.104 items
INFO user 192.168.141.220 logged in
ERROR auth failure for user 192.168.36.209
WARN disk usage 192.168.178.215%
ERROR file not found: /tmp/192.168.121.141.log
INFO connection established
DEBUG variable x=192.168.193.243
DEBUG entering function foo
WARN disk usage 192.168.9.50%
ERROR connection timeout 503
WARN memory threshold reached: 192.168.92.139MB
DEBUG variable x=192.168.193.243
DEBUG heap size: 192.168.178.215
INFO request from 192.168.178.6
WARN disk usage 192.168.92.139%
ERROR file not found: /tmp/192.168.36.209.log
ERROR null pointer in module 192.168.57.185
WARN slow query: 192.168.211.158ms
INFO user 192.168.92.139 logged in
WARN disk usage 192.168.219.168%
ERROR null pointer in module 192.168.121.141
DEBUG entering function foo
WARN memory threshold reached: 192.168.229.48MB
DEBUG variable x=192.168.141.220
INFO connection established
DEBUG cache hit for key=192.168.178.6
FATAL out of memory
INFO processed 192.168.178.6 items
DEBUG cache hit for key=192.168.60.30
FATAL kernel panic
INFO processed 192.168.141.220 items
INFO processed 192.168.142.104 items
WARN retry attempt 192.168.9.50 for 81396
ERROR connection timeout 503
DEBUG cache hit for key=192.168.60.30
WARN retry attempt 192.168.60.30 for 31496
ERROR file not found: /tmp/192.168.121.141.log
INFO connection established
FATAL segfault at address 0x192.168.9.50
INFO request from 192.168.39.155
INFO user 192.168.107.168 logged in
INFO processed 192.168.219.168 items
ERROR file not found: /tmp/192.168.92.139.log
DEBUG entering function foo
ERROR null pointer in module 192.168.142.104
FATAL segfault at address 0x192.168.197.186
ERROR auth failure for user 192.168.189.144
WARN memory threshold reached: 192.168.92.139MB
INFO request from 192.168.178.215
FATAL kernel panic
ERROR connection timeout 503
INFO connection established
WARN memory threshold reached: 192.168.219.168MB
DEBUG entering function foo
WARN memory threshold reached: 192.168.39.155MB
INFO request from 192.168.82.31
ERROR connection timeout 503
FATAL unrecoverable disk error
FATAL unrecoverable disk error
INFO user 192.168.107.168 logged in
INFO processed 192.168.92.139 items
INFO processed 192.168.211.158 items
FATAL unrecoverable disk error
DEBUG entering function foo
FATAL segfault at address 0x192.168.36.209
WARN slow query: 192.168.141.220ms
WARN slow query: 192.168.219.168ms
WARN disk usage 192.168.36.209%
INFO connection established
WARN memory threshold reached: 192.168.60.30MB
FATAL segfault at address 0x192.168.193.243
DEBUG variable x=192.168.92.139
FATAL segfault at address 0x192.168.215.207
WARN memory threshold reached: 192.168.178.6MB
ERROR connection timeout 503
ERROR file not found: /tmp/192.168.178.6.log
INFO processed 192.168.92.139 items
FATAL unrecoverable disk error
INFO processed 192.168.193.243 items
DEBUG heap size: 192.168.9.50
FATAL unrecoverable disk error
INFO connection established
INFO processed 192.168.107.168 items
WARN retry attempt 192.168.178.215 for 90611
WARN retry attempt 192.168.121.141 for 34534
FATAL out of memory
FATAL kernel panic
INFO request from 192.168.197.186
WARN retry attempt 192.168.193.243 for 72510
INFO request from 192.168.178.6
FATAL unrecoverable disk error
DEBUG entering function foo
WARN slow query: 192.168.92.139ms
FATAL unrecoverable disk error
FATAL segfault at address 0x192.168.229.48
ERROR file not found: /tmp/192.168.178.6.log
DEBUG cache hit for key=192.168.57.185
FATAL out of memory
FATAL out of memory
FATAL kernel panic
WARN disk usage 192.168.39.155%
FATAL kernel panic
INFO user 192.168.36.209 logged in
INFO request from 192.168.219.168
FATAL out of memory
FATAL out of memory
FATAL segfault at address 0x192.168.189.144
FATAL segfault at address 0x192.168.142.104
INFO processed 192.168.57.185 items
INFO processed 192.168.141.220 items
ERROR auth failure for user 192.168.197.186
DEBUG entering function foo
WARN retry attempt 192.168.141.220 for 64536
ERROR file not found: /tmp/192.168.193.243.log
INFO processed 192.168.107.168 items
FATAL segfault at address 0x192.168.178.215
FATAL segfault at address 0x192.168.82.31
DEBUG variable x=192.168.197.186
FATAL segfault at address 0x192.168.107.168
ERROR connection timeout 503
DEBUG entering function foo
FATAL segfault at address 0x192.168.211.158
WARN slow query: 192.168.107.168ms
INFO processed 192.168.219.168 items
WARN slow query: 192.168.178.215ms
WARN memory threshold reached: 192.168.82.31MB
ERROR null pointer in module 192.168.215.207
WARN retry attempt 192.168.57.185 for 38800
FATAL out of memory
INFO request from 192.168.39.155
INFO user 192.168.142.104 logged in
DEBUG entering function foo
WARN slow query: 192.168.36.209ms
DEBUG entering function foo
INFO user 192.168.197.186 logged in
FATAL kernel panic
FATAL segfault at address 0x192.168.9.50
WARN retry attempt 192.168.57.185 for 87887
INFO request from 192.168.60.30
DEBUG heap size: 192.168.92.139
ERROR connection timeout 503
WARN memory threshold reached: 192.168.36.209MB
ERROR null pointer in module 192.168.219.168
WARN slow query: 192.168.211.158ms
INFO processed 192.168.107.168 items
FATAL kernel panic
FATAL out of memory
ERROR connection timeout 503
WARN slow query: 192.168.82.31ms
FATAL kernel panic
DEBUG heap size: 192.168.57.185
WARN retry attempt 192.168.39.155 for 71852
WARN disk usage 192.168.57.185%
FATAL segfault at address 0x192.168.178.215
FATAL out of memory
DEBUG variable x=192.168.36.209
WARN retry attempt 192.168.39.155 for 42335
INFO connection established
FATAL segfault at address 0x192.168.121.141
FATAL kernel panic
WARN slow query: 192.168.121.141ms
WARN disk usage 192.168.178.215%
FATAL segfault at address 0x192.168.142.104
WARN memory threshold reached: 192.168.121.141MB
INFO request from 192.168.36.209
DEBUG cache hit for key=192.168.121.141
WARN disk usage 192.168.57.185%
FATAL unrecoverable disk error
FATAL out of memory
FATAL segfault at address 0x192.168.36.209
WARN disk usage 192.168.39.155%
WARN memory threshold reached: 192.168.92.139MB
WARN slow query: 192.168.178.6ms
WARN retry attempt 192.168.193.243 for 73638
WARN slow query: 192.168.121.141ms
INFO processed 192.168.121.141 items
FATAL out of memory
WARN slow query: 192.168.211.158ms
DEBUG heap size: 192.168.142.104
DEBUG entering function foo
ERROR connection timeout 503
FATAL out of memory
INFO processed 192.168.211.158 items
INFO connection established
INFO request from 192.168.219.168
INFO connection established
DEBUG entering function foo
FATAL segfault at address 0x192.168.178.215
WARN memory threshold reached: 192.168.142.104MB
ERROR connection timeout 503
FATAL segfault at address 0x192.168.193.243
ERROR auth failure for user 192.168.82.31
INFO processed 192.168.197.186 items
ERROR file not found: /tmp/192.168.197.186.log
DEBUG entering function foo
ERROR auth failure for user 192.168.9.50
DEBUG variable x=192.168.39.155
WARN retry attempt 192.168.39.155 for 89388
WARN memory threshold reached: 192.168.189.144MB
INFO request from 192.168.92.139
ERROR null pointer in module 192.168.178.215
INFO user 192.168.9.50 logged in
INFO request from 192.168.219.168
INFO connection established
ERROR null pointer in module 192.168.193.243
WARN memory threshold reached: 192.168.215.207MB
INFO request from 192.168.9.50
DEBUG cache hit for key=192.168.57.185
FATAL unrecoverable disk error
DEBUG heap size: 192.168.57.185
ERROR connection timeout 503
ERROR file not found: /tmp/192.168.215.207.log
FATAL unrecoverable disk error
FATAL unrecoverable disk error
INFO connection established
WARN memory threshold reached: 192.168.193.243MB
ERROR auth failure for user 192.168.229.48
FATAL segfault at address 0x192.168.121.141
INFO user 192.168.57.185 logged in
ERROR null pointer in module 192.168.36.209
ERROR null pointer in module 192.168.121.141
ERROR null pointer in module 192.168.36.209
INFO connection established
ERROR null pointer in module 192.168.92.139
ERROR null pointer in module 192.168.82.31
DEBUG entering function foo
DEBUG heap size: 192.168.197.186
WARN disk usage 192.168.178.215%
FATAL segfault at address 0x192.168.121.141
ERROR file not found: /tmp/192.168.9.50.log
ERROR auth failure for user 192.168.82.31
FATAL unrecoverable disk error
DEBUG heap size: 192.168.193.243
INFO processed 192.168.189.144 items
DEBUG cache hit for key=192.168.211.158
INFO connection established
INFO connection established
ERROR file not found: /tmp/192.168.215.207.log
DEBUG heap size: 192.168.189.144
INFO user 192.168.36.209 logged in
INFO connection established
FATAL unrecoverable disk error
DEBUG entering function foo
WARN retry attempt 192.168.36.209 for 31453
FATAL segfault at address 0x192.168.82.31
DEBUG cache hit for key=192.168.215.207
DEBUG heap size: 192.168.142.104
FATAL out of memory
WARN retry attempt 192.168.9.50 for 59305
INFO request from 192.168.229.48
FATAL kernel panic
DEBUG heap size: 192.168.121.141
INFO user 192.168.82.31 logged in
DEBUG cache hit for key=192.168.215.207
ERROR file not found: /tmp/192.168.178.215.log
FATAL out of memory
WARN memory threshold reached: 192.168.189.144MB
FATAL out of memory
INFO processed 192.168.193.243 items
FATAL segfault at address 0x192.168.193.243
INFO processed 192.168.141.220 items
DEBUG variable x=192.168.36.209
WARN memory threshold reached: 192.168.82.31MB
DEBUG entering function foo
INFO connection established
INFO request from 192.168.121.141
INFO user 192.168.193.243 logged in
ERROR file not found: /tmp/192.168.229.48.log
WARN disk usage 192.168.215.207%
INFO processed 192.168.57.185 items
WARN disk usage 192.168.211.158%
ERROR auth failure for user 192.168.60.30
DEBUG entering function foo
INFO connection established
ERROR file not found: /tmp/192.168.142.104.log
INFO request from 192.168.193.243
ERROR auth failure for user 192.168.92.139
WARN retry attempt 192.168.107.168 for 72735
ERROR auth failure for user 192.168.39.155
ERROR null pointer in module 192.168.82.31
WARN disk usage 192.168.189.144%
FATAL unrecoverable disk error
FATAL out of memory
DEBUG entering function foo
ERROR file not found: /tmp/192.168.178.6.log
INFO request from 192.168.107.168
INFO user 192.168.189.144 logged in
FATAL segfault at address 0x192.168.229.48
FATAL out of memory
FATAL out of memory
INFO request from 192.168.219.168
DEBUG heap size: 192.168.215.207
WARN slow query: 192.168.57.185ms
WARN slow query: 192.168.36.209ms
ERROR null pointer in module 192.168.178.6
INFO connection established
DEBUG heap size: 192.168.197.186
INFO connection established
ERROR file not found: /tmp/192.168.36.209.log
FATAL out of memory
WARN slow query: 192.168.178.6ms
WARN slow query: 192.168.215.207ms
WARN retry attempt 192.168.197.186 for 76732
FATAL unrecoverable disk error
FATAL kernel panic
INFO user 192.168.178.6 logged in
ERROR null pointer in module 192.168.142.104
ERROR auth failure for user 192.168.189.144
INFO user 192.168.178.215 logged in
FATAL unrecoverable disk error
WARN memory threshold reached: 192.168.57.185MB
INFO processed 192.168.121.141 items
INFO processed 192.168.92.139 items
WARN retry attempt 192.168.197.186 for 84010
FATAL out of memory
WARN memory threshold reached: 192.168.57.185MB
ERROR null pointer in module 192.168.189.144
INFO connection established
WARN disk usage 192.168.57.185%
WARN retry attempt 192.168.141.220 for 93199
WARN disk usage 192.168.178.215%
INFO connection established
WARN retry attempt 192.168.107.168 for 74781
ERROR null pointer in module 192.168.121.141
FATAL segfault at address 0x192.168.57.185
INFO connection established
ERROR connection timeout 503
DEBUG heap size: 192.168.178.6
FATAL unrecoverable disk error
ERROR connection timeout 503
INFO request from 192.168.219.168
DEBUG entering function foo
ERROR file not found: /tmp/192.168.36.209.log
INFO processed 192.168.189.144 items
FATAL unrecoverable disk error
ERROR connection timeout 503
INFO request from 192.168.141.220
WARN memory threshold reached: 192.168.189.144MB
DEBUG entering function foo
FATAL out of memory
WARN slow query: 192.168.92.139ms
ERROR file not found: /tmp/192.168.121.141.log
INFO processed 192.168.39.155 items
DEBUG entering function foo
WARN disk usage 192.168.219.168%
WARN retry attempt 192.168.92.139 for 53580
INFO processed 192.168.107.168 items
INFO processed 192.168.92.139 items
DEBUG heap size: 192.168.121.141
INFO processed 192.168.193.243 items
WARN disk usage 192.168.219.168%
DEBUG heap size: 192.168.60.30
INFO processed 192.168.36.209 items
INFO connection established
INFO user 192.168.39.155 logged in
INFO connection established
INFO connection established
FATAL out of memory
INFO user 192.168.39.155 logged in
WARN slow query: 192.168.36.209ms
INFO processed 192.168.36.209 items
DEBUG variable x=192.168.57.185
WARN retry attempt 192.168.215.207 for 92209
DEBUG cache hit for key=192.168.229.48
INFO user 192.168.92.139 logged in
WARN memory threshold reached: 192.168.121.141MB
INFO user 192.168.215.207 logged in
INFO user 192.168.211.158 logged in
FATAL out of memory
FATAL out of memory
WARN disk usage 192.168.229.48%
DEBUG variable x=192.168.141.220
FATAL unrecoverable disk error
ERROR connection timeout 503
WARN memory threshold reached: 192.168.57.185MB
DEBUG cache hit for key=192.168.60.30
INFO request from 192.168.189.144
FATAL out of memory
ERROR file not found: /tmp/192.168.178.215.log
DEBUG heap size: 192.168.193.243
FATAL unrecoverable disk error
DEBUG heap size: 192.168.229.48
ERROR connection timeout 503
DEBUG entering function foo
DEBUG variable x=192.168.142.104
FATAL segfault at address 0x192.168.215.207
FATAL unrecoverable disk error
INFO request from 192.168.197.186
WARN slow query: 192.168.193.243ms
DEBUG heap size: 192.168.141.220
WARN disk usage 192.168.57.185%
FATAL kernel panic
FATAL out of memory
FATAL kernel panic
FATAL out of memory
FATAL segfault at address 0x192.168.141.220
DEBUG variable x=192.168.178.215
ERROR auth failure for user 192.168.211.158
WARN retry attempt 192.168.60.30 for 96553
ERROR auth failure for user 192.168.178.215
ERROR auth failure for user 192.168.57.185
FATAL unrecoverable disk error
INFO connection established
INFO user 192.168.178.215 logged in
INFO connection established
WARN memory threshold reached: 192.168.141.220MB
ERROR file not found: /tmp/192.168.9.50.log
WARN retry attempt 192.168.141.220 for 35949
DEBUG variable x=192.168.107.168
FATAL unrecoverable disk error
DEBUG cache hit for key=192.168.82.31
INFO user 192.168.215.207 logged in
DEBUG heap size: 192.168.60.30
INFO processed 192.168.142.104 items
INFO user 192.168.197.186 logged in
DEBUG variable x=192.168.219.168
FATAL kernel panic
DEBUG entering function foo
INFO user 192.168.229.48 logged in
WARN disk usage 192.168.178.6%
ERROR auth failure for user 192.168.178.215
ERROR auth failure for user 192.168.211.158
ERROR null pointer in module 192.168.197.186
WARN memory threshold reached: 192.168.193.243MB
FATAL out of memory
DEBUG variable x=192.168.189.144
FATAL kernel panic
ERROR null pointer in module 192.168.178.6
INFO request from 192.168.141.220
FATAL unrecoverable disk error
DEBUG entering function foo
FATAL unrecoverable disk error
ERROR file not found: /tmp/192.168.211.158.log
INFO request from 192.168.215.207
INFO request from 192.168.178.6
WARN retry attempt 192.168.39.155 for 75128
WARN slow query: 192.168.215.207ms
FATAL kernel panic
WARN slow query: 192.168.39.155ms
INFO connection established
FATAL kernel panic
FATAL segfault at address 0x192.168.229.48
FATAL out of memory
DEBUG cache hit for key=192.168.121.141
DEBUG entering function foo
ERROR connection timeout 503
DEBUG variable x=192.168.219.168
DEBUG variable x=192.168.141.220
DEBUG entering function foo
FATAL kernel panic
FATAL unrecoverable disk error
FATAL unrecoverable disk error
ERROR connection timeout 503
FATAL segfault at address 0x192.168.107.168
FATAL unrecoverable disk error
WARN memory threshold reached: 192.168.215.207MB
WARN retry attempt 192.168.193.243 for 53204
FATAL kernel panic
INFO request from 192.168.189.144
INFO connection established
WARN slow query: 192.168.141.220ms
WARN retry attempt 192.168.215.207 for 90615
DEBUG entering function foo
FATAL out of memory
WARN disk usage 192.168.107.168%
WARN retry attempt 192.168.107.168 for 4779
WARN disk usage 192.168.189.144%
DEBUG cache hit for key=192.168.215.207
FATAL segfault at address 0x192.168.219.168
WARN retry attempt 192.168.229.48 for 8218
ERROR connection timeout 503
WARN disk usage 192.168.215.207%
WARN disk usage 192.168.211.158%
WARN memory threshold reached: 192.168.107.168MB
DEBUG entering function foo
WARN retry attempt 192.168.229.48 for 87221
INFO user 192.168.178.215 logged in
WARN memory threshold reached: 192.168.142.104MB
WARN disk usage 192.168.193.243%
FATAL kernel panic
DEBUG entering function foo
ERROR null pointer in module 192.168.211.158
ERROR null pointer in module 192.168.107.168
WARN retry attempt 192.168.211.158 for 68438
FATAL unrecoverable disk error
WARN slow query: 192.168.215.207ms
WARN slow query: 192.168.197.186ms
WARN disk usage 192.168.82.31%
DEBUG heap size: 192.168.219.168
ERROR auth failure for user 192.168.60.30
WARN disk usage 192.168.229.48%
DEBUG cache hit for key=192.168.36.209
FATAL kernel panic
DEBUG cache hit for key=192.168.121.141
DEBUG heap size: 192.168.60.30
FATAL unrecoverable disk error
INFO request from 192.168.60.30
FATAL out of memory
WARN memory threshold reached: 192.168.189.144MB
DEBUG entering function foo
ERROR file not found: /tmp/192.168.197.186.log
DEBUG variable x=192.168.193.243
DEBUG entering function foo
INFO processed 192.168.193.243 items
WARN disk usage 192.168.121.141%
ERROR auth failure for user 192.168.189.144
ERROR auth failure for user 192.168.36.209
DEBUG entering function foo
ERROR null pointer in module 192.168.121.141
INFO user 192.168.193.243 logged in
DEBUG entering function foo
INFO user 192.168.142.104 logged in
FATAL out of memory
WARN disk usage 192.168.92.139%
INFO user 192.168.36.209 logged in
FATAL unrecoverable disk error
INFO connection established
INFO processed 192.168.121.141 items
FATAL unrecoverable disk error
WARN retry attempt 192.168.193.243 for 89731
WARN disk usage 192.168.142.104%
DEBUG entering function foo
INFO request from 192.168.82.31
FATAL out of memory
WARN disk usage 192.168.141.220%
ERROR connection timeout 503
FATAL kernel panic
ERROR null pointer in module 192.168.82.31
ERROR auth failure for user 192.168.178.6
INFO processed 192.168.92.139 items
FATAL out of memory
FATAL kernel panic
INFO processed 192.168.92.139 items
FATAL unrecoverable disk error
ERROR auth failure for user 192.168.193.243
FATAL segfault at address 0x192.168.82.31
WARN slow query: 192.168.121.141ms
ERROR connection timeout 503
DEBUG heap size: 192.168.178.215
FATAL out of memory
DEBUG heap size: 192.168.60.30
DEBUG entering function foo
DEBUG entering function foo
INFO user 192.168.215.207 logged in
WARN slow query: 192.168.60.30ms
INFO user 192.168.107.168 logged in
INFO processed 192.168.215.207 items
ERROR auth failure for user 192.168.92.139
FATAL kernel panic
ERROR auth failure for user 192.168.215.207
FATAL unrecoverable disk error
INFO connection established
ERROR auth failure for user 192.168.121.141
WARN retry attempt 192.168.189.144 for 30208
DEBUG heap size: 192.168.82.31
ERROR null pointer in module 192.168.211.158
INFO user 192.168.9.50 logged in
DEBUG variable x=192.168.178.6
INFO request from 192.168.229.48
DEBUG entering function foo
FATAL kernel panic
WARN disk usage 192.168.57.185%
INFO user 192.168.178.215 logged in
FATAL kernel panic
ERROR null pointer in module 192.168.39.155
DEBUG heap size: 192.168.219.168
INFO processed 192.168.142.104 items
WARN retry attempt 192.168.92.139 for 48409
FATAL unrecoverable disk error
ERROR file not found: /tmp/192.168.36.209.log
FATAL out of memory
FATAL segfault at address 0x192.168.219.168
DEBUG entering function foo
INFO user 192.168.82.31 logged in
FATAL out of memory
WARN memory threshold reached: 192.168.9.50MB
INFO connection established
FATAL segfault at address 0x192.168.141.220
INFO user 192.168.141.220 logged in
DEBUG cache hit for key=192.168.60.30
FATAL out of memory
WARN memory threshold reached: 192.168.211.158MB
WARN memory threshold reached: 192.168.189.144MB
WARN slow query: 192.168.60.30ms
FATAL out of memory
ERROR null pointer in module 192.168.211.158
ERROR auth failure for user 192.168.211.158
INFO user 192.168.189.144 logged in
ERROR null pointer in module 192.168.107.168
DEBUG heap size: 192.168.197.186
FATAL unrecoverable disk error
INFO connection established
INFO processed 192.168.92.139 items
WARN memory threshold reached: 192.168.107.168MB
ERROR null pointer in module 192.168.82.31
INFO request from 192.168.107.168
DEBUG variable x=192.168.178.6
WARN memory threshold reached: 192.168.197.186MB
ERROR null pointer in module 192.168.219.168
ERROR auth failure for user 192.168.215.207
INFO user 192.168.197.186 logged in
DEBUG cache hit for key=192.168.197.186
INFO request from 192.168.219.168
ERROR auth failure for user 192.168.36.209
FATAL out of memory
WARN retry attempt 192.168.219.168 for 33161
INFO connection established
ERROR auth failure for user 192.168.189.144
DEBUG entering function foo
ERROR connection timeout 503
WARN slow query: 192.168.197.186ms
INFO connection established
INFO connection established
ERROR auth failure for user 192.168.82.31
DEBUG cache hit for key=192.168.189.144
INFO connection established
WARN slow query: 192.168.92.139ms
DEBUG heap size: 192.168.57.185
DEBUG cache hit for key=192.168.141.220
INFO request from 192.168.57.185
ERROR file not found: /tmp/192.168.9.50.log
ERROR null pointer in module 192.168.141.220
INFO processed 192.168.142.104 items
INFO connection established
DEBUG entering function foo
FATAL out of memory
DEBUG variable x=192.168.107.168
INFO request from 192.168.178.6
INFO user 192.168.92.139 logged in
FATAL kernel panic
WARN slow query: 192.168.229.48ms
ERROR connection timeout 503
ERROR null pointer in module 192.168.92.139
INFO request from 192.168.178.215
INFO request from 192.168.82.31
ERROR null pointer in module 192.168.141.220
WARN retry attempt 192.168.142.104 for 66005
FATAL segfault at address 0x192.168.219.168
ERROR null pointer in module 192.168.178.215
WARN retry attempt 192.168.219.168 for 13792
DEBUG entering function foo
FATAL kernel panic
INFO request from 192.168.215.207
DEBUG entering function foo
WARN slow query: 192.168.178.6ms
ERROR connection timeout 503
WARN disk usage 192.168.107.168%
INFO request from 192.168.142.104
INFO request from 192.168.36.209
WARN disk usage 192.168.189.144%
FATAL unrecoverable disk error
ERROR connection timeout 503
FATAL kernel panic
WARN retry attempt 192.168.36.209 for 95680
DEBUG cache hit for key=192.168.39.155
INFO connection established
ERROR auth failure for user 192.168.60.30
DEBUG entering function foo
WARN disk usage 192.168.215.207%
ERROR connection timeout 503
WARN disk usage 192.168.9.50%
WARN memory threshold reached: 192.168.197.186MB
ERROR file not found: /tmp/192.168.178.6.log
DEBUG cache hit for key=192.168.9.50
INFO user 192.168.178.215 logged in
ERROR null pointer in module 192.168.57.185
INFO user 192.168.57.185 logged in
DEBUG entering function foo
WARN retry attempt 192.168.121.141 for 35747
ERROR file not found: /tmp/192.168.211.158.log
INFO processed 192.168.197.186 items
INFO processed 192.168.36.209 items
FATAL segfault at address 0x192.168.57.185
INFO request from 192.168.57.185
FATAL unrecoverable disk error
WARN memory threshold reached: 192.168.142.104MB
DEBUG heap size: 192.168.142.104
INFO user 192.168.178.6 logged in
INFO processed 192.168.229.48 items
FATAL kernel panic
WARN retry attempt 192.168.211.158 for 1477
DEBUG cache hit for key=192.168.60.30
WARN slow query: 192.168.178.215ms
DEBUG variable x=192.168.219.168
INFO processed 192.168.197.186 items
DEBUG variable x=192.168.142.104
ERROR auth failure for user 192.168.189.144
DEBUG variable x=192.168.39.155
DEBUG heap size: 192.168.57.185
DEBUG heap size: 192.168.141.220
INFO connection established
ERROR file not found: /tmp/192.168.36.209.log
DEBUG heap size: 192.168.141.220
INFO user 192.168.9.50 logged in
FATAL kernel panic
FATAL unrecoverable disk error
DEBUG variable x=192.168.107.168
FATAL out of memory
FATAL out of memory
ERROR null pointer in module 192.168.178.6
INFO request from 192.168.189.144
INFO user 192.168.121.141 logged in
ERROR null pointer in module 192.168.178.215
WARN retry attempt 192.168.178.215 for 58778
ERROR file not found: /tmp/192.168.107.168.log
DEBUG variable x=192.168.9.50
DEBUG entering function foo
WARN disk usage 192.168.57.185%
INFO request from 192.168.189.144
DEBUG variable x=192.168.121.141
DEBUG variable x=192.168.193.243
DEBUG variable x=192.168.219.168
INFO connection established
WARN retry attempt 192.168.178.215 for 25133
FATAL kernel panic
ERROR connection timeout 503
FATAL out of memory
FATAL out of memory
INFO request from 192.168.82.31
ERROR file not found: /tmp/192.168.82.31.log
FATAL unrecoverable disk error
DEBUG entering function foo
DEBUG entering function foo
FATAL kernel panic
ERROR file not found: /tmp/192.168.121.141.log
WARN slow query: 192.168.219.168ms
INFO connection established
FATAL unrecoverable disk error
ERROR connection timeout 503
INFO user 192.168.39.155 logged in
FATAL out of memory
INFO request from 192.168.229.48
DEBUG heap size: 192.168.36.209
DEBUG heap size: 192.168.178.6
ERROR file not found: /tmp/192.168.57.185.log
WARN retry attempt 192.168.39.155 for 47350
ERROR connection timeout 503
INFO request from 192.168.219.168
INFO processed 192.168.189.144 items
ERROR file not found: /tmp/192.168.57.185.log
FATAL unrecoverable disk error
INFO connection established
INFO processed 192.168.215.207 items
WARN disk usage 192.168.197.186%
FATAL out of memory
INFO connection established
INFO user 192.168.39.155 logged in
FATAL kernel panic
ERROR null pointer in module 192.168.57.185
WARN slow query: 192.168.39.155ms
FATAL out of memory
ERROR null pointer in module 192.168.219.168
WARN retry attempt 192.168.219.168 for 47000
INFO processed 192.168.121.141 items
INFO request from 192.168.141.220
FATAL out of memory
WARN memory threshold reached: 192.168.82.31MB
DEBUG cache hit for key=192.168.215.207
DEBUG heap size: 192.168.178.215
DEBUG heap size: 192.168.189.144
INFO user 192.168.193.243 logged in
DEBUG entering function foo
DEBUG entering function foo
DEBUG entering function foo
INFO user 192.168.107.168 logged in
ERROR file not found: /tmp/192.168.9.50.log
INFO connection established
FATAL segfault at address 0x192.168.178.6
WARN retry attempt 192.168.141.220 for 60669
FATAL unrecoverable disk error
INFO request from 192.168.178.215
WARN disk usage 192.168.92.139%
WARN slow query: 192.168.141.220ms
INFO request from 192.168.178.215
ERROR auth failure for user 192.168.57.185
DEBUG heap size: 192.168.178.215
INFO request from 192.168.219.168
WARN retry attempt 192.168.141.220 for 61564
WARN slow query: 192.168.82.31ms
FATAL kernel panic
INFO user 192.168.142.104 logged in
WARN slow query: 192.168.193.243ms
WARN disk usage 192.168.215.207%
FATAL segfault at address 0x192.168.9.50
DEBUG entering function foo
DEBUG variable x=192.168.39.155
ERROR file not found: /tmp/192.168.215.207.log
INFO request from 192.168.92.139
WARN retry attempt 192.168.121.141 for 2029
FATAL unrecoverable disk error
ERROR file not found: /tmp/192.168.36.209.log
INFO user 192.168.60.30 logged in
WARN slow query: 192.168.141.220ms
WARN slow query: 192.168.142.104ms
INFO processed 192.168.219.168 items
DEBUG variable x=192.168.219.168
DEBUG entering function foo
ERROR connection timeout 503
FATAL out of memory
FATAL kernel panic
FATAL segfault at address 0x192.168.92.139
DEBUG cache hit for key=192.168.197.186
ERROR connection timeout 503
ERROR connection timeout 503
DEBUG entering function foo
WARN disk usage 192.168.39.155%
WARN retry attempt 192.168.60.30 for 37831
INFO user 192.168.82.31 logged in
WARN memory threshold reached: 192.168.178.6MB
ERROR null pointer in module 192.168.57.185
WARN retry attempt 192.168.178.215 for 20781
FATAL segfault at address 0x192.168.107.168
WARN slow query: 192.168.9.50ms
ERROR connection timeout 503
ERROR null pointer in module 192.168.189.144
FATAL segfault at address 0x192.168.197.186
ERROR connection timeout 503
DEBUG cache hit for key=192.168.36.209
INFO request from 192.168.211.158
FATAL segfault at address 0x192.168.121.141
WARN slow query: 192.168.92.139ms
ERROR auth failure for user 192.168.39.155
WARN disk usage 192.168.219.168%
DEBUG entering function foo
ERROR connection timeout 503
DEBUG variable x=192.168.82.31
DEBUG entering function foo
ERROR file not found: /tmp/192.168.189.144.log
ERROR null pointer in module 192.168.141.220
FATAL out of memory
FATAL unrecoverable disk error
ERROR auth failure for user 192.168.178.6
ERROR null pointer in module 192.168.82.31
INFO request from 192.168.57.185
ERROR auth failure for user 192.168.219.168
DEBUG cache hit for key=192.168.36.209
ERROR null pointer in module 192.168.219.168
DEBUG heap size: 192.168.178.6
INFO request from 192.168.197.186
INFO request from 192.168.39.155
ERROR file not found: /tmp/192.168.142.104.log
INFO processed 192.168.215.207 items
FATAL unrecoverable disk error
WARN slow query: 192.168.57.185ms
WARN slow query: 192.168.82.31ms
DEBUG entering function foo
INFO request from 192.168.178.6
DEBUG cache hit for key=192.168.57.185
FATAL kernel panic
WARN disk usage 192.168.107.168%
ERROR null pointer in module 192.168.107.168
FATAL kernel panic
ERROR file not found: /tmp/192.168.92.139.log
WARN memory threshold reached: 192.168.193.243MB
ERROR auth failure for user 192.168.57.185
DEBUG variable x=192.168.82.31
ERROR file not found: /tmp/192.168.142.104.log
FATAL kernel panic
WARN memory threshold reached: 192.168.178.6MB
DEBUG variable x=192.168.92.139
ERROR auth failure for user 192.168.219.168
DEBUG heap size: 192.168.229.48
ERROR file not found: /tmp/192.168.39.155.log
INFO user 192.168.142.104 logged in
DEBUG entering function foo
INFO request from 192.168.229.48
INFO connection established
ERROR auth failure for user 192.168.215.207
WARN memory threshold reached: 192.168.197.186MB
INFO user 192.168.178.215 logged in
WARN disk usage 192.168.229.48%
WARN slow query: 192.168.121.141ms
FATAL out of memory
DEBUG entering function foo
WARN disk usage 192.168.60.30%
ERROR connection timeout 503
DEBUG cache hit for key=192.168.197.186
WARN disk usage 192.168.178.215%
WARN disk usage 192.168.92.139%
WARN slow query: 192.168.197.186ms
DEBUG heap size: 192.168.211.158
FATAL segfault at address 0x192.168.215.207
ERROR connection timeout 503
DEBUG heap size: 192.168.142.104
FATAL unrecoverable disk error
INFO request from 192.168.92.139
WARN disk usage 192.168.178.6%
ERROR connection timeout 503
WARN disk usage 192.168.178.6%
ERROR auth failure for user 192.168.9.50
INFO connection established
FATAL unrecoverable disk error
WARN retry attempt 192.168.193.243 for 19181
INFO user 192.168.211.158 logged in
WARN slow query: 192.168.193.243ms
FATAL kernel panic
FATAL segfault at address 0x192.168.57.185
ERROR null pointer in module 192.168.141.220
INFO processed 192.168.92.139 items
ERROR null pointer in module 192.168.92.139
INFO user 192.168.197.186 logged in
FATAL unrecoverable disk error
ERROR auth failure for user 192.168.178.215
DEBUG cache hit for key=192.168.211.158
WARN memory threshold reached: 192.168.178.215MB
INFO request from 192.168.178.215
ERROR file not found: /tmp/192.168.178.6.log
ERROR auth failure for user 192.168.193.243
ERROR connection timeout 503
DEBUG entering function foo
FATAL kernel panic
WARN retry attempt 192.168.211.158 for 24664
FATAL out of memory
ERROR file not found: /tmp/192.168.189.144.log
DEBUG cache hit for key=192.168.92.139
WARN retry attempt 192.168.178.6 for 76202
INFO request from 192.168.92.139
ERROR auth failure for user 192.168.60.30
INFO request from 192.168.82.31
WARN slow query: 192.168.142.104ms
ERROR null pointer in module 192.168.178.215
DEBUG heap size: 192.168.178.6
DEBUG heap size: 192.168.107.168
DEBUG variable x=192.168.92.139
DEBUG entering function foo
WARN slow query: 192.168.141.220ms
ERROR null pointer in module 192.168.193.243
WARN slow query: 192.168.219.168ms
DEBUG entering function foo
INFO user 192.168.215.207 logged in
DEBUG cache hit for key=192.168.229.48
WARN disk usage 192.168.211.158%
WARN memory threshold reached: 192.168.197.186MB
ERROR null pointer in module 192.168.197.186
INFO request from 192.168.92.139
DEBUG entering function foo
WARN retry attempt 192.168.197.186 for 58725
WARN slow query: 192.168.142.104ms
INFO connection established
DEBUG entering function foo
INFO processed 192.168.57.185 items
WARN disk usage 192.168.60.30%
WARN retry attempt 192.168.141.220 for 45861
INFO processed 192.168.82.31 items
FATAL kernel panic
INFO connection established
ERROR file not found: /tmp/192.168.121.141.log
INFO request from 192.168.178.6
DEBUG entering function foo
FATAL segfault at address 0x192.168.141.220
INFO connection established
WARN memory threshold reached: 192.168.36.209MB
DEBUG variable x=192.168.92.139
FATAL unrecoverable disk error
DEBUG entering function foo
FATAL kernel panic
DEBUG entering function foo
INFO request from 192.168.178.215
DEBUG cache hit for key=192.168.178.215
DEBUG cache hit for key=192.168.82.31
FATAL segfault at address 0x192.168.92.139
FATAL out of memory
FATAL unrecoverable disk error
DEBUG cache hit for key=192.168.211.158
FATAL segfault at address 0x192.168.141.220
FATAL kernel panic
DEBUG variable x=192.168.215.207
WARN retry attempt 192.168.211.158 for 18808
DEBUG variable x=192.168.57.185
ERROR connection timeout 503
WARN retry attempt 192.168.229.48 for 1875
FATAL segfault at address 0x192.168.178.215
DEBUG cache hit for key=192.168.189.144
DEBUG cache hit for key=192.168.211.158
FATAL out of memory
FATAL unrecoverable disk error
WARN disk usage 192.168.189.144%
INFO user 192.168.82.31 logged in
FATAL segfault at address 0x192.168.121.141
DEBUG entering function foo
FATAL unrecoverable disk error
DEBUG heap size: 192.168.82.31
FATAL kernel panic
INFO connection established
INFO processed 192.168.82.31 items
FATAL unrecoverable disk error
FATAL segfault at address 0x192.168.229.48
ERROR null pointer in module 192.168.141.220
FATAL kernel panic
INFO user 192.168.211.158 logged in
INFO request from 192.168.197.186
WARN memory threshold reached: 192.168.39.155MB
DEBUG cache hit for key=192.168.92.139
ERROR connection timeout 503
WARN retry attempt 192.168.36.209 for 31941
ERROR file not found: /tmp/192.168.211.158.log
ERROR connection timeout 503
ERROR file not found: /tmp/192.168.197.186.log
INFO connection established
INFO user 192.168.39.155 logged in
DEBUG cache hit for key=192.168.197.186
WARN disk usage 192.168.178.6%
WARN memory threshold reached: 192.168.36.209MB
DEBUG heap size: 192.168.121.141
DEBUG entering function foo
FATAL unrecoverable disk error
DEBUG entering function foo
DEBUG cache hit for key=192.168.197.186
DEBUG entering function foo
INFO processed 192.168.57.185 items
FATAL out of memory
FATAL segfault at address 0x192.168.142.104
DEBUG heap size: 192.168.121.141
ERROR auth failure for user 192.168.82.31
WARN disk usage 192.168.39.155%
ERROR auth failure for user 192.168.36.209
WARN slow query: 192.168.219.168ms
ERROR file not found: /tmp/192.168.193.243.log
INFO connection established
WARN slow query: 192.168.36.209ms
FATAL unrecoverable disk error
FATAL out of memory
WARN retry attempt 192.168.178.6 for 4211
FATAL kernel panic
INFO connection established
WARN retry attempt 192.168.211.158 for 13976
WARN memory threshold reached: 192.168.60.30MB
INFO connection established
FATAL kernel panic
FATAL unrecoverable disk error
FATAL unrecoverable disk error
WARN retry attempt 192.168.193.243 for 1090
DEBUG entering function foo
DEBUG entering function foo
FATAL segfault at address 0x192.168.178.6
FATAL segfault at address 0x192.168.142.104
ERROR connection timeout 503
ERROR file not found: /tmp/192.168.57.185.log
DEBUG cache hit for key=192.168.107.168
INFO user 192.168.57.185 logged in
WARN memory threshold reached: 192.168.82.31MB
WARN slow query: 192.168.121.141ms
WARN slow query: 192.168.141.220ms
WARN memory threshold reached: 192.168.9.50MB
INFO request from 192.168.60.30
INFO request from 192.168.219.168
WARN retry attempt 192.168.178.215 for 67216
ERROR null pointer in module 192.168.36.209
WARN retry attempt 192.168.39.155 for 56513
FATAL kernel panic
WARN slow query: 192.168.219.168ms
ERROR null pointer in module 192.168.92.139
DEBUG variable x=192.168.197.186
INFO processed 192.168.197.186 items
ERROR auth failure for user 192.168.219.168
DEBUG cache hit for key=192.168.60.30
FATAL out of memory
FATAL kernel panic
WARN retry attempt 192.168.178.215 for 56058
WARN slow query: 192.168.178.6ms
INFO processed 192.168.36.209 items
WARN slow query: 192.168.178.215ms
ERROR connection timeout 503
DEBUG cache hit for key=192.168.211.158
ERROR connection timeout 503
WARN disk usage 192.168.197.186%
DEBUG cache hit for key=192.168.178.215
ERROR connection timeout 503
ERROR null pointer in module 192.168.219.168
ERROR auth failure for user 192.168.211.158
FATAL segfault at address 0x192.168.193.243
INFO connection established
DEBUG entering function foo
INFO user 192.168.57.185 logged in
INFO user 192.168.211.158 logged in
FATAL unrecoverable disk error
INFO processed 192.168.60.30 items
WARN retry attempt 192.168.92.139 for 26506
WARN disk usage 192.168.121.141%
WARN memory threshold reached: 192.168.178.215MB
ERROR auth failure for user 192.168.189.144
ERROR null pointer in module 192.168.9.50
WARN retry attempt 192.168.107.168 for 41666
INFO connection established
FATAL out of memory
WARN retry attempt 192.168.197.186 for 30013
DEBUG entering function foo
DEBUG cache hit for key=192.168.121.141
WARN retry attempt 192.168.215.207 for 98416
INFO user 192.168.36.209 logged in
WARN slow query: 192.168.36.209ms
INFO processed 192.168.107.168 items
DEBUG heap size: 192.168.189.144
WARN retry attempt 192.168.92.139 for 86734
ERROR null pointer in module 192.168.189.144
DEBUG heap size: 192.168.178.215
FATAL segfault at address 0x192.168.60.30
WARN memory threshold reached: 192.168.197.186MB
WARN disk usage 192.168.60.30%
INFO user 192.168.193.243 logged in
ERROR auth failure for user 192.168.142.104
INFO connection established
ERROR connection timeout 503
WARN slow query: 192.168.215.207ms
WARN slow query: 192.168.141.220ms
FATAL out of memory
ERROR null pointer in module 192.168.36.209
DEBUG entering function foo
DEBUG heap size: 192.168.219.168
FATAL unrecoverable disk error
DEBUG cache hit for key=192.168.142.104
INFO connection established
INFO processed 192.168.57.185 items
DEBUG entering function foo
FATAL segfault at address 0x192.168.92.139
INFO request from 192.168.219.168
DEBUG cache hit for key=192.168.107.168
ERROR auth failure for user 192.168.189.144
FATAL kernel panic
WARN slow query: 192.168.121.141ms
FATAL unrecoverable disk error
DEBUG variable x=192.168.60.30
INFO connection established
FATAL segfault at address 0x192.168.39.155
DEBUG entering function foo
DEBUG entering function foo
DEBUG entering function foo
INFO user 192.168.92.139 logged in
INFO processed 192.168.215.207 items
INFO processed 192.168.215.207 items
DEBUG heap size: 192.168.121.141
DEBUG heap size: 192.168.36.209
DEBUG variable x=192.168.121.141
ERROR null pointer in module 192.168.178.215
INFO request from 192.168.142.104
FATAL out of memory
ERROR auth failure for user 192.168.211.158
DEBUG variable x=192.168.178.6
ERROR null pointer in module 192.168.219.168
WARN disk usage 192.168.57.185%
WARN disk usage 192.168.211.158%
WARN slow query: 192.168.107.168ms
ERROR null pointer in module 192.168.215.207
DEBUG entering function foo
WARN retry attempt 192.168.178.6 for 97070
ERROR null pointer in module 192.168.193.243
ERROR connection timeout 503
INFO connection established
FATAL unrecoverable disk error
FATAL unrecoverable disk error
INFO connection established
FATAL unrecoverable disk error
WARN slow query: 192.168.211.158ms
INFO request from 192.168.57.185
FATAL unrecoverable disk error
INFO request from 192.168.82.31
WARN slow query: 192.168.141.220ms
INFO connection established
DEBUG cache hit for key=192.168.9.50
WARN retry attempt 192.168.219.168 for 35860
FATAL kernel panic
DEBUG cache hit for key=192.168.60.30
INFO request from 192.168.92.139
ERROR auth failure for user 192.168.82.31
INFO user 192.168.178.215 logged in
FATAL unrecoverable disk error
DEBUG cache hit for key=192.168.39.155
ERROR null pointer in module 192.168.39.155
WARN disk usage 192.168.219.168%
FATAL segfault at address 0x192.168.92.139
DEBUG cache hit for key=192.168.219.168
ERROR connection timeout 503
FATAL unrecoverable disk error
WARN memory threshold reached: 192.168.189.144MB
FATAL segfault at address 0x192.168.141.220
ERROR connection timeout 503
FATAL out of memory
INFO connection established
WARN retry attempt 192.168.178.215 for 99516
WARN memory threshold reached: 192.168.189.144MB
INFO user 192.168.142.104 logged in
WARN retry attempt 192.168.229.48 for 40196
FATAL kernel panic
WARN retry attempt 192.168.211.158 for 84434
DEBUG variable x=192.168.141.220
FATAL kernel panic
FATAL segfault at address 0x192.168.9.50
DEBUG cache hit for key=192.168.178.6
WARN memory threshold reached: 192.168.197.186MB
WARN slow query: 192.168.36.209ms
INFO processed 192.168.57.185 items
DEBUG heap size: 192.168.197.186
WARN disk usage 192.168.36.209%
WARN retry attempt 192.168.197.186 for 75803
ERROR connection timeout 503
WARN slow query: 192.168.141.220ms
FATAL out of memory
FATAL out of memory
WARN memory threshold reached: 192.168.178.6MB
ERROR auth failure for user 192.168.189.144
INFO processed 192.168.142.104 items
DEBUG entering function foo
WARN slow query: 192.168.82.31ms
FATAL segfault at address 0x192.168.36.209
ERROR null pointer in module 192.168.142.104
FATAL out of memory
ERROR file not found: /tmp/192.168.197.186.log
ERROR connection timeout 503
INFO request from 192.168.197.186
ERROR null pointer in module 192.168.193.243
INFO request from 192.168.189.144
FATAL out of memory
INFO user 192.168.57.185 logged in
INFO request from 192.168.92.139
INFO request from 192.168.57.185
WARN memory threshold reached: 192.168.82.31MB
WARN disk usage 192.168.92.139%
FATAL out of memory
DEBUG entering function foo
DEBUG cache hit for key=192.168.189.144
ERROR connection timeout 503
WARN retry attempt 192.168.193.243 for 97247
DEBUG heap size: 192.168.82.31
DEBUG cache hit for key=192.168.82.31
INFO processed 192.168.82.31 items
INFO connection established
DEBUG entering function foo
ERROR auth failure for user 192.168.9.50
DEBUG variable x=192.168.197.186
INFO user 192.168.189.144 logged in
ERROR null pointer in module 192.168.142.104
WARN memory threshold reached: 192.168.9.50MB
INFO connection established
ERROR connection timeout 503
ERROR null pointer in module 192.168.229.48
ERROR connection timeout 503
FATAL unrecoverable disk error
ERROR null pointer in module 192.168.141.220
INFO user 192.168.107.168 logged in
FATAL kernel panic
FATAL out of memory
WARN memory threshold reached: 192.168.121.141MB
FATAL kernel panic
FATAL unrecoverable disk error
FATAL out of memory
DEBUG entering function foo
ERROR connection timeout 503
DEBUG heap size: 192.168.57.185
WARN memory threshold reached: 192.168.107.168MB
FATAL unrecoverable disk error
ERROR auth failure for user 192.168.142.104
FATAL unrecoverable disk error
ERROR connection timeout 503
FATAL unrecoverable disk error
FATAL kernel panic
WARN slow query: 192.168.219.168ms
INFO user 192.168.121.141 logged in
WARN slow query: 192.168.39.155ms
ERROR null pointer in module 192.168.197.186
FATAL kernel panic
ERROR connection timeout 503
DEBUG entering function foo
WARN slow query: 192.168.189.144ms
DEBUG variable x=192.168.36.209
ERROR file not found: /tmp/192.168.215.207.log
FATAL kernel panic
FATAL segfault at address 0x192.168.107.168
DEBUG entering function foo
INFO connection established
INFO user 192.168.189.144 logged in
WARN retry attempt 192.168.142.104 for 864
INFO connection established
WARN memory threshold reached: 192.168.178.215MB
FATAL segfault at address 0x192.168.211.158
DEBUG variable x=192.168.189.144
DEBUG cache hit for key=192.168.92.139
DEBUG cache hit for key=192.168.39.155
FATAL out of memory
DEBUG entering function foo
INFO processed 192.168.39.155 items
INFO connection established
DEBUG entering function foo
INFO connection established
FATAL kernel panic
ERROR file not found: /tmp/192.168.141.220.log
WARN disk usage 192.168.60.30%
DEBUG cache hit for key=192.168.211.158
ERROR connection timeout 503
FATAL out of memory
DEBUG entering function foo
FATAL segfault at address 0x192.168.229.48
FATAL kernel panic
WARN memory threshold reached: 192.168.82.31MB
WARN retry attempt 192.168.9.50 for 65205
INFO processed 192.168.9.50 items
DEBUG entering function foo
FATAL kernel panic
FATAL unrecoverable disk error
INFO user 192.168.36.209 logged in
ERROR auth failure for user 192.168.215.207
INFO processed 192.168.92.139 items
WARN slow query: 192.168.39.155ms
WARN slow query: 192.168.9.50ms
FATAL out of memory
DEBUG heap size: 192.168.107.168
FATAL segfault at address 0x192.168.178.215
WARN disk usage 192.168.189.144%
WARN slow query: 192.168.82.31ms
ERROR auth failure for user 192.168.219.168
INFO request from 192.168.197.186
WARN retry attempt 192.168.193.243 for 19406
DEBUG cache hit for key=192.168.178.6
ERROR null pointer in module 192.168.36.209
INFO connection established
FATAL kernel panic
INFO user 192.168.197.186 logged in
ERROR auth failure for user 192.168.39.155
DEBUG variable x=192.168.197.186
FATAL out of memory
DEBUG variable x=192.168.92.139
WARN memory threshold reached: 192.168.178.6MB
FATAL segfault at address 0x192.168.178.215
WARN disk usage 192.168.39.155%
WARN memory threshold reached: 192.168.39.155MB
INFO request from 192.168.92.139
DEBUG variable x=192.168.219.168
FATAL out of memory
DEBUG cache hit for key=192.168.142.104
FATAL segfault at address 0x192.168.193.243
WARN disk usage 192.168.189.144%
DEBUG entering function foo
FATAL unrecoverable disk error
WARN slow query: 192.168.121.141ms
INFO request from 192.168.141.220
ERROR null pointer in module 192.168.141.220
ERROR connection timeout 503
ERROR null pointer in module 192.168.141.220
ERROR auth failure for user 192.168.219.168
ERROR file not found: /tmp/192.168.229.48.log
WARN disk usage 192.168.9.50%
FATAL out of memory
ERROR connection timeout 503
DEBUG cache hit for key=192.168.142.104
WARN retry attempt 192.168.141.220 for 58419
WARN disk usage 192.168.60.30%
ERROR null pointer in module 192.168.193.243
INFO user 192.168.121.141 logged in
ERROR auth failure for user 192.168.197.186
FATAL out of memory
FATAL kernel panic
WARN disk usage 192.168.215.207%
INFO user 192.168.178.215 logged in
WARN disk usage 192.168.193.243%
FATAL out of memory
DEBUG cache hit for key=192.168.229.48
INFO user 192.168.178.215 logged in
WARN slow query: 192.168.92.139ms
INFO connection established
ERROR auth failure for user 192.168.229.48
FATAL unrecoverable disk error
INFO connection established
ERROR connection timeout 503
FATAL kernel panic
FATAL out of memory
DEBUG variable x=192.168.36.209
ERROR auth failure for user 192.168.178.6
WARN retry attempt 192.168.215.207 for 96126
WARN retry attempt 192.168.189.144 for 17463
DEBUG variable x=192.168.121.141
DEBUG heap size: 192.168.215.207
ERROR null pointer in module 192.168.197.186
ERROR auth failure for user 192.168.178.6
FATAL segfault at address 0x192.168.82.31
WARN slow query: 192.168.92.139ms
FATAL segfault at address 0x192.168.39.155
FATAL segfault at address 0x192.168.197.186
FATAL unrecoverable disk error
ERROR connection timeout 503
INFO user 192.168.142.104 logged in
FATAL unrecoverable disk error
WARN disk usage 192.168.142.104%
INFO user 192.168.189.144 logged in
DEBUG variable x=192.168.121.141
INFO connection established
FATAL unrecoverable disk error
WARN disk usage 192.168.229.48%
DEBUG heap size: 192.168.229.48
INFO connection established
FATAL segfault at address 0x192.168.229.48
FATAL kernel panic
DEBUG heap size: 192.168.121.141
DEBUG cache hit for key=192.168.92.139
FATAL kernel panic
INFO connection established
WARN slow query: 192.168.141.220ms
INFO processed 192.168.142.104 items
WARN memory threshold reached: 192.168.57.185MB
FATAL out of memory
WARN disk usage 192.168.178.215%
FATAL segfault at address 0x192.168.142.104
ERROR file not found: /tmp/192.168.142.104.log
INFO user 192.168.211.158 logged in
FATAL out of memory
ERROR auth failure for user 192.168.178.215
FATAL segfault at address 0x192.168.189.144
ERROR file not found: /tmp/192.168.39.155.log
ERROR connection timeout 503
INFO connection established
INFO processed 192.168.60.30 items
FATAL kernel panic
WARN slow query: 192.168.121.141ms
INFO processed 192.168.142.104 items
INFO request from 192.168.178.215
INFO connection established
ERROR connection timeout 503
DEBUG heap size: 192.168.39.155
DEBUG cache hit for key=192.168.189.144
FATAL segfault at address 0x192.168.211.158
FATAL kernel panic
INFO processed 192.168.229.48 items
DEBUG heap size: 192.168.107.168
ERROR connection timeout 503
ERROR connection timeout 503
WARN slow query: 192.168.211.158ms
INFO user 192.168.178.6 logged in
WARN memory threshold reached: 192.168.92.139MB
WARN disk usage 192.168.142.104%
ERROR file not found: /tmp/192.168.141.220.log
ERROR null pointer in module 192.168.9.50
FATAL kernel panic
DEBUG heap size: 192.168.36.209
ERROR null pointer in module 192.168.189.144
FATAL kernel panic
DEBUG variable x=192.168.193.243
INFO connection established
ERROR null pointer in module 192.168.193.243
ERROR null pointer in module 192.168.121.141
INFO processed 192.168.229.48 items
FATAL out of memory
INFO request from 192.168.193.243
INFO request from 192.168.9.50
FATAL segfault at address 0x192.168.36.209
ERROR file not found: /tmp/192.168.211.158.log
WARN retry attempt 192.168.9.50 for 52311
WARN disk usage 192.168.197.186%
INFO connection established
ERROR auth failure for user 192.168.197.186
WARN slow query: 192.168.197.186ms
WARN memory threshold reached: 192.168.107.168MB
ERROR connection timeout 503
FATAL out of memory
FATAL out of memory
ERROR file not found: /tmp/192.168.197.186.log
INFO request from 192.168.219.168
ERROR connection timeout 503
WARN slow query: 192.168.229.48ms
INFO connection established
FATAL kernel panic
FATAL unrecoverable disk error
INFO processed 192.168.36.209 items
FATAL unrecoverable disk error
DEBUG cache hit for key=192.168.9.50
INFO processed 192.168.92.139 items
FATAL kernel panic
DEBUG variable x=192.168.82.31
FATAL unrecoverable disk error
DEBUG entering function foo
FATAL segfault at address 0x192.168.142.104
DEBUG entering function foo
ERROR connection timeout 503
INFO processed 192.168.121.141 items
ERROR file not found: /tmp/192.168.178.215.log
ERROR null pointer in module 192.168.39.155
ERROR connection timeout 503
FATAL unrecoverable disk error
INFO request from 192.168.39.155
FATAL unrecoverable disk error
WARN retry attempt 192.168.92.139 for 77921
FATAL segfault at address 0x192.168.219.168
FATAL kernel panic
INFO processed 192.168.107.168 items
INFO user 192.168.211.158 logged in
DEBUG heap size: 192.168.229.48
DEBUG variable x=192.168.197.186
ERROR auth failure for user 192.168.39.155
FATAL out of memory
WARN disk usage 192.168.142.104%
DEBUG heap size: 192.168.121.141
FATAL segfault at address 0x192.168.189.144
INFO connection established
FATAL out of memory
DEBUG variable x=192.168.178.215
ERROR file not found: /tmp/192.168.92.139.log
INFO request from 192.168.229.48
WARN memory threshold reached: 192.168.141.220MB
ERROR connection timeout 503
FATAL kernel panic
ERROR file not found: /tmp/192.168.215.207.log
FATAL kernel panic
INFO request from 192.168.193.243
ERROR auth failure for user 192.168.39.155
DEBUG variable x=192.168.142.104
ERROR connection timeout 503
FATAL unrecoverable disk error
WARN slow query: 192.168.142.104ms
INFO processed 192.168.57.185 items
WARN slow query: 192.168.178.215ms
FATAL out of memory
ERROR null pointer in module 192.168.142.104
INFO connection established
ERROR auth failure for user 192.168.92.139
DEBUG cache hit for key=192.168.9.50
DEBUG variable x=192.168.229.48
ERROR auth failure for user 192.168.39.155
FATAL out of memory
FATAL unrecoverable disk error
ERROR null pointer in module 192.168.189.144
WARN retry attempt 192.168.9.50 for 31209
WARN retry attempt 192.168.60.30 for 26507
FATAL segfault at address 0x192.168.229.48
WARN slow query: 192.168.178.6ms
WARN memory threshold reached: 192.168.211.158MB
ERROR connection timeout 503
FATAL kernel panic
WARN slow query: 192.168.9.50ms
INFO request from 192.168.197.186
ERROR connection timeout 503
DEBUG heap size: 192.168.197.186
ERROR null pointer in module 192.168.141.220
ERROR null pointer in module 192.168.193.243
FATAL kernel panic
DEBUG heap size: 192.168.57.185
DEBUG variable x=192.168.141.220
ERROR connection timeout 503
FATAL segfault at address 0x192.168.197.186
ERROR null pointer in module 192.168.9.50
ERROR null pointer in module 192.168.39.155
INFO connection established
WARN disk usage 192.168.197.186%
FATAL segfault at address 0x192.168.92.139
FATAL kernel panic
WARN disk usage 192.168.229.48%
INFO user 192.168.60.30 logged in
WARN retry attempt 192.168.178.215 for 45707
WARN retry attempt 192.168.219.168 for 11106
WARN disk usage 192.168.215.207%
INFO processed 192.168.92.139 items
INFO processed 192.168.36.209 items
FATAL out of memory
WARN memory threshold reached: 192.168.142.104MB
INFO user 192.168.189.144 logged in
ERROR null pointer in module 192.168.141.220
WARN disk usage 192.168.178.6%
FATAL unrecoverable disk error
FATAL unrecoverable disk error
WARN retry attempt 192.168.82.31 for 96144
INFO request from 192.168.9.50
WARN memory threshold reached: 192.168.121.141MB
FATAL out of memory
WARN memory threshold reached: 192.168.141.220MB
FATAL kernel panic
DEBUG heap size: 192.168.215.207
WARN slow query: 192.168.189.144ms
WARN retry attempt 192.168.92.139 for 9856
FATAL unrecoverable disk error
INFO request from 192.168.215.207
DEBUG cache hit for key=192.168.36.209
DEBUG cache hit for key=192.168.141.220
INFO user 192.168.197.186 logged in
WARN slow query: 192.168.36.209ms
ERROR auth failure for user 192.168.9.50
FATAL kernel panic
DEBUG cache hit for key=192.168.107.168
FATAL unrecoverable disk error
INFO request from 192.168.178.215
WARN memory threshold reached: 192.168.189.144MB
WARN slow query: 192.168.193.243ms
ERROR null pointer in module 192.168.142.104
INFO connection established
FATAL unrecoverable disk error
ERROR connection timeout 503
DEBUG heap size: 192.168.92.139
WARN disk usage 192.168.229.48%
FATAL segfault at address 0x192.168.189.144
WARN disk usage 192.168.197.186%
ERROR file not found: /tmp/192.168.60.30.log
INFO request from 192.168.215.207
DEBUG variable x=192.168.189.144
INFO user 192.168.121.141 logged in
DEBUG cache hit for key=192.168.178.6
FATAL unrecoverable disk error
WARN retry attempt 192.168.178.6 for 88718
WARN memory threshold reached: 192.168.107.168MB
WARN disk usage 192.168.121.141%
FATAL segfault at address 0x192.168.189.144
INFO request from 192.168.9.50
WARN slow query: 192.168.121.141ms
FATAL kernel panic
FATAL out of memory
WARN memory threshold reached: 192.168.121.141MB
FATAL out of memory
ERROR file not found: /tmp/192.168.197.186.log
INFO request from 192.168.82.31
ERROR null pointer in module 192.168.211.158
FATAL kernel panic
WARN disk usage 192.168.197.186%
FATAL out of memory
INFO processed 192.168.193.243 items
WARN retry attempt 192.168.229.48 for 30084
INFO request from 192.168.121.141
WARN memory threshold reached: 192.168.229.48MB
INFO request from 192.168.219.168
WARN memory threshold reached: 192.168.92.139MB
DEBUG cache hit for key=192.168.189.144
INFO request from 192.168.219.168
FATAL unrecoverable disk error
INFO request from 192.168.193.243
FATAL out of memory
FATAL kernel panic
FATAL unrecoverable disk error
INFO processed 192.168.9.50 items
WARN disk usage 192.168.141.220%
WARN slow query: 192.168.189.144ms
ERROR auth failure for user 192.168.57.185
DEBUG cache hit for key=192.168.211.158
DEBUG variable x=192.168.193.243
ERROR file not found: /tmp/192.168.178.6.log
WARN disk usage 192.168.39.155%
FATAL out of memory
WARN retry attempt 192.168.107.168 for 58881
ERROR null pointer in module 192.168.189.144
WARN retry attempt 192.168.82.31 for 27591
INFO request from 192.168.141.220
INFO connection established
DEBUG heap size: 192.168.193.243
ERROR file not found: /tmp/192.168.229.48.log
DEBUG heap size: 192.168.60.30
FATAL unrecoverable disk error
DEBUG cache hit for key=192.168.197.186
DEBUG variable x=192.168.9.50
ERROR connection timeout 503
INFO user 192.168.107.168 logged in
WARN retry attempt 192.168.211.158 for 3053
WARN retry attempt 192.168.178.215 for 17962
FATAL kernel panic
FATAL out of memory
ERROR null pointer in module 192.168.215.207
ERROR null pointer in module 192.168.36.209
INFO user 192.168.92.139 logged in
DEBUG entering function foo
FATAL segfault at address 0x192.168.178.6
DEBUG variable x=192.168.178.215
ERROR null pointer in module 192.168.142.104
DEBUG entering function foo
ERROR file not found: /tmp/192.168.142.104.log
DEBUG heap size: 192.168.229.48
DEBUG entering function foo
FATAL out of memory
ERROR connection timeout 503
FATAL out of memory
WARN slow query: 192.168.9.50ms
ERROR null pointer in module 192.168.219.168
DEBUG entering function foo
DEBUG variable x=192.168.189.144
FATAL out of memory
FATAL unrecoverable disk error
DEBUG entering function foo
INFO processed 192.168.193.243 items
ERROR connection timeout 503
FATAL out of memory
INFO connection established
ERROR auth failure for user 192.168.215.207
WARN retry attempt 192.168.82.31 for 60579
FATAL out of memory
DEBUG heap size: 192.168.197.186
DEBUG entering function foo
ERROR null pointer in module 192.168.107.168
ERROR null pointer in module 192.168.229.48
FATAL unrecoverable disk error
FATAL unrecoverable disk error
ERROR file not found: /tmp/192.168.141.220.log
WARN memory threshold reached: 192.168.142.104MB
ERROR file not found: /tmp/192.168.107.168.log
INFO processed 192.168.82.31 items
INFO processed 192.168.82.31 items
WARN disk usage 192.168.92.139%
FATAL out of memory
DEBUG cache hit for key=192.168.57.185
FATAL unrecoverable disk error
DEBUG variable x=192.168.178.6
WARN slow query: 192.168.121.141ms
INFO request from 192.168.60.30
DEBUG variable x=192.168.215.207
ERROR null pointer in module 192.168.197.186
INFO user 192.168.60.30 logged in
FATAL out of memory
DEBUG entering function foo
FATAL out of memory
ERROR null pointer in module 192.168.211.158
INFO user 192.168.107.168 logged in
WARN retry attempt 192.168.215.207 for 6055
FATAL out of memory
INFO connection established
FATAL segfault at address 0x192.168.9.50
ERROR null pointer in module 192.168.215.207
WARN slow query: 192.168.189.144ms
WARN disk usage 192.168.193.243%
INFO connection established
FATAL segfault at address 0x192.168.141.220
INFO request from 192.168.215.207
INFO connection established
INFO connection established
FATAL unrecoverable disk error
ERROR connection timeout 503
FATAL segfault at address 0x192.168.82.31
DEBUG variable x=192.168.211.158
WARN memory threshold reached: 192.168.229.48MB
INFO user 192.168.215.207 logged in
DEBUG variable x=192.168.36.209
DEBUG heap size: 192.168.60.30
INFO request from 192.168.197.186
FATAL kernel panic
FATAL out of memory
ERROR connection timeout 503
INFO user 192.168.142.104 logged in
FATAL out of memory
DEBUG variable x=192.168.60.30
INFO request from 192.168.193.243
FATAL out of memory
FATAL out of memory
FATAL segfault at address 0x192.168.193.243
INFO request from 192.168.92.139
INFO processed 192.168.211.158 items
WARN memory threshold reached: 192.168.178.215MB
WARN retry attempt 192.168.92.139 for 98390
INFO user 192.168.178.215 logged in
DEBUG variable x=192.168.229.48
ERROR file not found: /tmp/192.168.211.158.log
WARN memory threshold reached: 192.168.92.139MB
FATAL out of memory
DEBUG entering function foo
FATAL out of memory
DEBUG entering function foo
WARN slow query: 192.168.178.215ms
INFO request from 192.168.57.185
DEBUG cache hit for key=192.168.178.6
INFO user 192.168.92.139 logged in
DEBUG entering function foo
ERROR auth failure for user 192.168.121.141
FATAL kernel panic
DEBUG entering function foo
INFO user 192.168.229.48 logged in
FATAL out of memory
FATAL unrecoverable disk error
FATAL kernel panic
WARN retry attempt 192.168.9.50 for 7431
ERROR file not found: /tmp/192.168.211.158.log
ERROR auth failure for user 192.168.189.144
FATAL out of memory
INFO processed 192.168.229.48 items
DEBUG cache hit for key=192.168.193.243
WARN retry attempt 192.168.141.220 for 18587
WARN retry attempt 192.168.178.215 for 14895
FATAL out of memory
ERROR file not found: /tmp/192.168.9.50.log
ERROR file not found: /tmp/192.168.57.185.log
DEBUG variable x=192.168.9.50
DEBUG variable x=192.168.211.158
WARN memory threshold reached: 192.168.215.207MB
ERROR connection timeout 503
FATAL segfault at address 0x192.168.39.155
DEBUG heap size: 192.168.60.30
WARN memory threshold reached: 192.168.57.185MB
DEBUG entering function foo
WARN memory threshold reached: 192.168.229.48MB
WARN memory threshold reached: 192.168.121.141MB
DEBUG heap size: 192.168.189.144
INFO processed 192.168.121.141 items
FATAL kernel panic
ERROR connection timeout 503
WARN disk usage 192.168.60.30%
FATAL kernel panic
ERROR connection timeout 503
FATAL segfault at address 0x192.168.36.209
WARN memory threshold reached: 192.168.57.185MB
ERROR null pointer in module 192.168.189.144
WARN disk usage 192.168.197.186%
FATAL unrecoverable disk error
WARN slow query: 192.168.189.144ms
DEBUG entering function foo
INFO processed 192.168.9.50 items
DEBUG variable x=192.168.39.155
DEBUG variable x=192.168.82.31
FATAL unrecoverable disk error
DEBUG heap size: 192.168.215.207
ERROR null pointer in module 192.168.36.209
WARN memory threshold reached: 192.168.189.144MB
FATAL unrecoverable disk error
INFO request from 192.168.39.155
ERROR auth failure for user 192.168.107.168
ERROR connection timeout 503
FATAL out of memory
ERROR null pointer in module 192.168.39.155
DEBUG heap size: 192.168.178.6
INFO user 192.168.82.31 logged in
DEBUG entering function foo
WARN slow query: 192.168.9.50ms
WARN disk usage 192.168.121.141%
FATAL segfault at address 0x192.168.193.243
DEBUG heap size: 192.168.9.50
INFO connection established
ERROR null pointer in module 192.168.92.139
INFO connection established
DEBUG cache hit for key=192.168.189.144
DEBUG heap size: 192.168.178.215
INFO request from 192.168.9.50
DEBUG heap size: 192.168.121.141
DEBUG heap size: 192.168.141.220
WARN disk usage 192.168.219.168%
ERROR auth failure for user 192.168.215.207
FATAL unrecoverable disk error
FATAL unrecoverable disk error
WARN disk usage 192.168.92.139%
WARN disk usage 192.168.178.215%
WARN slow query: 192.168.121.141ms
DEBUG variable x=192.168.219.168
DEBUG variable x=192.168.39.155
DEBUG cache hit for key=192.168.121.141
WARN slow query: 192.168.82.31ms
FATAL unrecoverable disk error
DEBUG variable x=192.168.211.158
ERROR file not found: /tmp/192.168.121.141.log
INFO user 192.168.92.139 logged in
WARN disk usage 192.168.82.31%
FATAL segfault at address 0x192.168.36.209
DEBUG heap size: 192.168.178.215
INFO request from 192.168.178.215
ERROR auth failure for user 192.168.197.186
WARN slow query: 192.168.141.220ms
ERROR file not found: /tmp/192.168.36.209.log
DEBUG heap size: 192.168.193.243
DEBUG cache hit for key=192.168.9.50
FATAL kernel panic
ERROR auth failure for user 192.168.178.215
FATAL out of memory
INFO connection established
ERROR file not found: /tmp/192.168.193.243.log
WARN disk usage 192.168.36.209%
INFO connection established
FATAL kernel panic
FATAL kernel panic
WARN retry attempt 192.168.215.207 for 89356
INFO processed 192.168.189.144 items
FATAL kernel panic
FATAL segfault at address 0x192.168.189.144
INFO processed 192.168.57.185 items
FATAL unrecoverable disk error
DEBUG variable x=192.168.178.215
FATAL segfault at address 0x192.168.142.104
WARN retry attempt 192.168.82.31 for 33774
DEBUG cache hit for key=192.168.121.141
DEBUG variable x=192.168.219.168
DEBUG variable x=192.168.141.220
INFO processed 192.168.60.30 items
INFO user 192.168.197.186 logged in
INFO request from 192.168.36.209
DEBUG cache hit for key=192.168.211.158
ERROR auth failure for user 192.168.92.139
FATAL out of memory
DEBUG cache hit for key=192.168.92.139
DEBUG heap size: 192.168.107.168
INFO processed 192.168.107.168 items
ERROR null pointer in module 192.168.57.185
WARN memory threshold reached: 192.168.229.48MB
WARN slow query: 192.168.219.168ms
WARN retry attempt 192.168.197.186 for 83407
WARN retry attempt 192.168.60.30 for 99951
FATAL segfault at address 0x192.168.92.139
ERROR null pointer in module 192.168.92.139
ERROR auth failure for user 192.168.142.104
DEBUG heap size: 192.168.36.209
WARN disk usage 192.168.39.155%
WARN slow query: 192.168.60.30ms
WARN slow query: 192.168.229.48ms
FATAL segfault at address 0x192.168.82.31
INFO processed 192.168.215.207 items
WARN retry attempt 192.168.197.186 for 69141
INFO processed 192.168.229.48 items
INFO user 192.168.36.209 logged in
ERROR connection timeout 503
FATAL out of memory
ERROR auth failure for user 192.168.36.209
INFO user 192.168.141.220 logged in
INFO user 192.168.197.186 logged in
ERROR file not found: /tmp/192.168.178.6.log
INFO user 192.168.36.209 logged in
WARN slow query: 192.168.36.209ms
ERROR file not found: /tmp/192.168.197.186.log
FATAL kernel panic
WARN memory threshold reached: 192.168.142.104MB
WARN disk usage 192.168.211.158%
INFO user 192.168.92.139 logged in
DEBUG entering function foo
ERROR connection timeout 503
ERROR file not found: /tmp/192.168.9.50.log
FATAL out of memory
DEBUG variable x=192.168.211.158
INFO request from 192.168.39.155
FATAL out of memory
DEBUG variable x=192.168.36.209
ERROR connection timeout 503
DEBUG heap size: 192.168.178.6
WARN disk usage 192.168.82.31%
INFO request from 192.168.92.139
DEBUG cache hit for key=192.168.60.30
DEBUG variable x=192.168.193.243
DEBUG entering function foo
INFO user 192.168.39.155 logged in
DEBUG variable x=192.168.189.144
FATAL kernel panic
ERROR auth failure for user 192.168.92.139
FATAL kernel panic
DEBUG heap size: 192.168.219.168
ERROR auth failure for user 192.168.219.168
DEBUG cache hit for key=192.168.178.6
DEBUG entering function foo
INFO connection established
INFO user 192.168.211.158 logged in
INFO request from 192.168.92.139
FATAL kernel panic
INFO request from 192.168.60.30
DEBUG heap size: 192.168.178.215
FATAL kernel panic
WARN retry attempt 192.168.141.220 for 42860
INFO request from 192.168.229.48
INFO connection established
FATAL segfault at address 0x192.168.92.139
ERROR file not found: /tmp/192.168.82.31.log
WARN retry attempt 192.168.193.243 for 31885
FATAL unrecoverable disk error
DEBUG heap size: 192.168.219.168
INFO request from 192.168.178.215
INFO user 192.168.82.31 logged in
WARN memory threshold reached: 192.168.178.215MB
ERROR file not found: /tmp/192.168.57.185.log
DEBUG heap size: 192.168.219.168
DEBUG heap size: 192.168.121.141
WARN retry attempt 192.168.57.185 for 70291
INFO user 192.168.178.6 logged in
DEBUG variable x=192.168.92.139
DEBUG variable x=192.168.142.104
ERROR file not found: /tmp/192.168.142.104.log
DEBUG entering function foo
DEBUG heap size: 192.168.82.31
FATAL segfault at address 0x192.168.60.30
DEBUG variable x=192.168.60.30
DEBUG entering function foo
INFO user 192.168.211.158 logged in
WARN disk usage 192.168.60.30%
DEBUG heap size: 192.168.60.30
WARN memory threshold reached: 192.168.9.50MB
INFO user 192.168.36.209 logged in
DEBUG cache hit for key=192.168.82.31
INFO connection established
WARN memory threshold reached: 192.168.219.168MB
ERROR auth failure for user 192.168.219.168
ERROR null pointer in module 192.168.219.168
WARN memory threshold reached: 192.168.9.50MB
WARN slow query: 192.168.121.141ms
FATAL kernel panic
WARN retry attempt 192.168.36.209 for 19061
WARN disk usage 192.168.178.215%
INFO request from 192.168.57.185
WARN memory threshold reached: 192.168.215.207MB
FATAL out of memory
ERROR auth failure for user 192.168.57.185
ERROR null pointer in module 192.168.219.168
ERROR null pointer in module 192.168.39.155
ERROR auth failure for user 192.168.193.243
DEBUG heap size: 192.168.189.144
FATAL segfault at address 0x192.168.60.30
FATAL segfault at address 0x192.168.229.48
ERROR connection timeout 503
WARN slow query: 192.168.189.144ms
WARN slow query: 192.168.193.243ms
INFO request from 192.168.229.48
FATAL out of memory
WARN slow query: 192.168.141.220ms
WARN memory threshold reached: 192.168.219.168MB
ERROR connection timeout 503
INFO processed 192.168.142.104 items
INFO processed 192.168.92.139 items
INFO connection established
ERROR auth failure for user 192.168.189.144
INFO request from 192.168.9.50
INFO processed 192.168.60.30 items
FATAL unrecoverable disk error
ERROR null pointer in module 192.168.193.243
INFO processed 192.168.178.215 items
ERROR connection timeout 503
WARN memory threshold reached: 192.168.211.158MB
ERROR file not found: /tmp/192.168.121.141.log
FATAL segfault at address 0x192.168.107.168
INFO user 192.168.92.139 logged in
WARN disk usage 192.168.142.104%
WARN retry attempt 192.168.229.48 for 73213
FATAL kernel panic
DEBUG heap size: 192.168.9.50
DEBUG entering function foo
INFO request from 192.168.57.185
WARN retry attempt 192.168.219.168 for 28775
DEBUG heap size: 192.168.60.30
WARN disk usage 192.168.92.139%
FATAL unrecoverable disk error
FATAL segfault at address 0x192.168.215.207
DEBUG cache hit for key=192.168.211.158
WARN slow query: 192.168.211.158ms
FATAL kernel panic
DEBUG cache hit for key=192.168.107.168
ERROR file not found: /tmp/192.168.193.243.log
FATAL out of memory
ERROR auth failure for user 192.168.92.139
ERROR file not found: /tmp/192.168.57.185.log
INFO connection established
ERROR null pointer in module 192.168.211.158
FATAL segfault at address 0x192.168.82.31
FATAL unrecoverable disk error
DEBUG entering function foo
FATAL kernel panic
FATAL kernel panic
DEBUG variable x=192.168.211.158
WARN memory threshold reached: 192.168.92.139MB
DEBUG variable x=192.168.121.141
WARN slow query: 192.168.57.185ms
WARN memory threshold reached: 192.168.57.185MB
INFO processed 192.168.82.31 items
INFO request from 192.168.193.243
WARN disk usage 192.168.9.50%
FATAL segfault at address 0x192.168.215.207
DEBUG heap size: 192.168.189.144
WARN retry attempt 192.168.197.186 for 2575
WARN slow query: 192.168.197.186ms
ERROR auth failure for user 192.168.36.209
DEBUG variable x=192.168.189.144
ERROR connection timeout 503
WARN retry attempt 192.168.229.48 for 59973
ERROR connection timeout 503
ERROR null pointer in module 192.168.197.186
FATAL out of memory
WARN retry attempt 192.168.60.30 for 27310
ERROR file not found: /tmp/192.168.141.220.log
INFO user 192.168.82.31 logged in
WARN disk usage 192.168.178.6%
ERROR auth failure for user 192.168.229.48
WARN memory threshold reached: 192.168.36.209MB
DEBUG cache hit for key=192.168.178.6
ERROR auth failure for user 192.168.178.215
WARN slow query: 192.168.211.158ms
FATAL unrecoverable disk error
DEBUG variable x=192.168.219.168
FATAL kernel panic
DEBUG entering function foo
INFO request from 192.168.142.104
DEBUG variable x=192.168.39.155
DEBUG variable x=192.168.215.207
WARN slow query: 192.168.92.139ms
DEBUG cache hit for key=192.168.60.30
WARN disk usage 192.168.9.50%
WARN slow query: 192.168.215.207ms
INFO processed 192.168.178.215 items
DEBUG cache hit for key=192.168.178.6
WARN memory threshold reached: 192.168.215.207MB
FATAL unrecoverable disk error
FATAL kernel panic
ERROR auth failure for user 192.168.36.209
ERROR null pointer in module 192.168.9.50
ERROR null pointer in module 192.168.219.168
ERROR auth failure for user 192.168.107.168
FATAL segfault at address 0x192.168.141.220
WARN disk usage 192.168.141.220%
FATAL segfault at address 0x192.168.178.215
DEBUG variable x=192.168.60.30
DEBUG cache hit for key=192.168.107.168
DEBUG heap size: 192.168.219.168
FATAL out of memory
FATAL unrecoverable disk error
WARN disk usage 192.168.92.139%
ERROR null pointer in module 192.168.92.139
INFO processed 192.168.189.144 items
DEBUG entering function foo
INFO connection established
FATAL out of memory
ERROR file not found: /tmp/192.168.215.207.log
WARN disk usage 192.168.189.144%
INFO request from 192.168.197.186
ERROR null pointer in module 192.168.9.50
ERROR auth failure for user 192.168.229.48
WARN retry attempt 192.168.60.30 for 53506
FATAL unrecoverable disk error
DEBUG cache hit for key=192.168.189.144
DEBUG heap size: 192.168.36.209
WARN memory threshold reached: 192.168.215.207MB
INFO processed 192.168.92.139 items
FATAL unrecoverable disk error
INFO request from 192.168.211.158
FATAL segfault at address 0x192.168.178.6
FATAL segfault at address 0x192.168.229.48
WARN retry attempt 192.168.189.144 for 67138
DEBUG entering function foo
WARN slow query: 192.168.9.50ms
FATAL unrecoverable disk error
DEBUG variable x=192.168.9.50
DEBUG heap size: 192.168.215.207
DEBUG heap size: 192.168.9.50
DEBUG entering function foo
WARN memory threshold reached: 192.168.92.139MB
INFO processed 192.168.121.141 items
ERROR null pointer in module 192.168.60.30
DEBUG heap size: 192.168.82.31
ERROR file not found: /tmp/192.168.178.215.log
FATAL kernel panic
INFO processed 192.168.219.168 items
INFO processed 192.168.107.168 items
INFO processed 192.168.121.141 items
INFO connection established
INFO request from 192.168.60.30
INFO connection established
WARN memory threshold reached: 192.168.107.168MB
FATAL kernel panic
FATAL kernel panic
ERROR null pointer in module 192.168.142.104
DEBUG entering function foo
ERROR file not found: /tmp/192.168.211.158.log
FATAL segfault at address 0x192.168.189.144
ERROR auth failure for user 192.168.92.139
INFO user 192.168.178.6 logged in
WARN memory threshold reached: 192.168.211.158MB
INFO processed 192.168.178.6 items
FATAL unrecoverable disk error
WARN disk usage 192.168.121.141%
INFO processed 192.168.178.6 items
DEBUG cache hit for key=192.168.178.215
DEBUG entering function foo
DEBUG cache hit for key=192.168.219.168
INFO user 192.168.178.215 logged in
ERROR connection timeout 503
FATAL segfault at address 0x192.168.142.104
INFO request from 192.168.36.209
DEBUG heap size: 192.168.57.185
ERROR auth failure for user 192.168.36.209
DEBUG cache hit for key=192.168.211.158
INFO connection established
DEBUG entering function foo
WARN retry attempt 192.168.121.141 for 16779
INFO request from 192.168.107.168
WARN disk usage 192.168.121.141%
DEBUG variable x=192.168.107.168
INFO connection established
INFO connection established
INFO connection established
DEBUG entering function foo
ERROR auth failure for user 192.168.178.6
ERROR auth failure for user 192.168.197.186
FATAL out of memory
INFO processed 192.168.189.144 items
DEBUG heap size: 192.168.197.186
WARN disk usage 192.168.211.158%
FATAL unrecoverable disk error
FATAL segfault at address 0x192.168.219.168
INFO user 192.168.215.207 logged in
WARN retry attempt 192.168.142.104 for 95980
INFO request from 192.168.36.209
DEBUG cache hit for key=192.168.215.207
FATAL out of memory
DEBUG variable x=192.168.36.209
DEBUG heap size: 192.168.107.168
DEBUG variable x=192.168.92.139
FATAL out of memory
ERROR auth failure for user 192.168.178.215
FATAL out of memory
INFO user 192.168.92.139 logged in
INFO connection established
WARN retry attempt 192.168.211.158 for 86400
INFO user 192.168.178.215 logged in
ERROR file not found: /tmp/192.168.215.207.log
WARN retry attempt 192.168.219.168 for 69413
INFO request from 192.168.57.185
DEBUG entering function foo
DEBUG entering function foo
FATAL unrecoverable disk error
FATAL out of memory
DEBUG cache hit for key=192.168.219.168
DEBUG cache hit for key=192.168.178.6
INFO processed 192.168.92.139 items
DEBUG cache hit for key=192.168.189.144
DEBUG cache hit for key=192.168.107.168
ERROR auth failure for user 192.168.219.168
WARN memory threshold reached: 192.168.178.215MB
ERROR auth failure for user 192.168.211.158
FATAL out of memory
WARN memory threshold reached: 192.168.39.155MB
FATAL kernel panic
FATAL kernel panic
DEBUG heap size: 192.168.193.243
INFO processed 192.168.57.185 items
DEBUG variable x=192.168.178.215
INFO processed 192.168.178.215 items
ERROR null pointer in module 192.168.178.6
ERROR null pointer in module 192.168.57.185
WARN slow query: 192.168.121.141ms
INFO user 192.168.92.139 logged in
DEBUG entering function foo
INFO user 192.168.121.141 logged in
DEBUG heap size: 192.168.36.209
DEBUG cache hit for key=192.168.141.220
FATAL out of memory
ERROR file not found: /tmp/192.168.215.207.log
INFO processed 192.168.211.158 items
INFO processed 192.168.193.243 items
ERROR file not found: /tmp/192.168.142.104.log
INFO request from 192.168.229.48
ERROR auth failure for user 192.168.197.186
WARN slow query: 192.168.197.186ms
ERROR null pointer in module 192.168.39.155
INFO processed 192.168.211.158 items
WARN retry attempt 192.168.193.243 for 84988
INFO connection established
ERROR connection timeout 503
FATAL segfault at address 0x192.168.142.104
FATAL unrecoverable disk error
DEBUG entering function foo
INFO connection established
ERROR file not found: /tmp/192.168.60.30.log
FATAL unrecoverable disk error
INFO processed 192.168.92.139 items
WARN disk usage 192.168.189.144%
INFO processed 192.168.178.6 items
ERROR null pointer in module 192.168.229.48
WARN memory threshold reached: 192.168.178.215MB
INFO connection established
DEBUG heap size: 192.168.39.155
INFO processed 192.168.57.185 items
ERROR auth failure for user 192.168.211.158
WARN memory threshold reached: 192.168.141.220MB
WARN retry attempt 192.168.219.168 for 30225
DEBUG heap size: 192.168.197.186
WARN memory threshold reached: 192.168.229.48MB
WARN slow query: 192.168.39.155ms
WARN disk usage 192.168.36.209%
WARN disk usage 192.168.141.220%
FATAL segfault at address 0x192.168.36.209
DEBUG cache hit for key=192.168.189.144
WARN disk usage 192.168.178.215%
DEBUG variable x=192.168.60.30
DEBUG heap size: 192.168.178.6
WARN memory threshold reached: 192.168.107.168MB
INFO connection established
FATAL segfault at address 0x192.168.178.215
FATAL segfault at address 0x192.168.36.209
ERROR auth failure for user 192.168.229.48
INFO user 192.168.107.168 logged in
DEBUG variable x=192.168.178.215
INFO connection established
ERROR connection timeout 503
INFO request from 192.168.82.31
INFO user 192.168.82.31 logged in
ERROR file not found: /tmp/192.168.121.141.log
FATAL unrecoverable disk error
ERROR auth failure for user 192.168.39.155
INFO processed 192.168.193.243 items
DEBUG heap size: 192.168.92.139
FATAL out of memory
INFO user 192.168.9.50 logged in
DEBUG cache hit for key=192.168.36.209
DEBUG entering function foo
INFO request from 192.168.215.207
ERROR connection timeout 503
ERROR auth failure for user 192.168.219.168
ERROR connection timeout 503
INFO connection established
WARN disk usage 192.168.107.168%
DEBUG cache hit for key=192.168.215.207
DEBUG cache hit for key=192.168.178.6
ERROR auth failure for user 192.168.39.155
ERROR null pointer in module 192.168.141.220
FATAL unrecoverable disk error
DEBUG variable x=192.168.193.243
ERROR connection timeout 503
DEBUG cache hit for key=192.168.219.168
INFO processed 192.168.92.139 items
INFO user 192.168.121.141 logged in
INFO connection established
DEBUG cache hit for key=192.168.211.158
INFO processed 192.168.219.168 items
DEBUG cache hit for key=192.168.215.207
WARN retry attempt 192.168.141.220 for 86800
FATAL out of memory
ERROR null pointer in module 192.168.57.185
INFO processed 192.168.9.50 items
DEBUG cache hit for key=192.168.57.185
ERROR null pointer in module 192.168.82.31
INFO request from 192.168.142.104
DEBUG heap size: 192.168.197.186
DEBUG cache hit for key=192.168.178.6
FATAL out of memory
FATAL segfault at address 0x192.168.215.207
DEBUG heap size: 192.168.107.168
FATAL out of memory
INFO request from 192.168.193.243
INFO request from 192.168.39.155
INFO processed 192.168.211.158 items
FATAL kernel panic
WARN retry attempt 192.168.60.30 for 16276
ERROR connection timeout 503
ERROR null pointer in module 192.168.60.30
INFO request from 192.168.9.50
INFO processed 192.168.178.215 items
INFO processed 192.168.178.215 items
WARN slow query: 192.168.193.243ms
DEBUG heap size: 192.168.178.215
DEBUG variable x=192.168.178.6
INFO connection established
WARN memory threshold reached: 192.168.57.185MB
ERROR connection timeout 503
ERROR auth failure for user 192.168.229.48
INFO processed 192.168.178.215 items
DEBUG heap size: 192.168.229.48
FATAL segfault at address 0x192.168.142.104
DEBUG heap size: 192.168.197.186
DEBUG variable x=192.168.178.6
INFO processed 192.168.60.30 items
WARN memory threshold reached: 192.168.219.168MB
ERROR connection timeout 503
ERROR file not found: /tmp/192.168.57.185.log
ERROR null pointer in module 192.168.36.209
FATAL segfault at address 0x192.168.219.168
DEBUG cache hit for key=192.168.178.6
FATAL segfault at address 0x192.168.36.209
FATAL out of memory
DEBUG variable x=192.168.215.207
FATAL segfault at address 0x192.168.197.186
INFO connection established
WARN memory threshold reached: 192.168.178.6MB
WARN disk usage 192.168.142.104%
ERROR connection timeout 503
FATAL segfault at address 0x192.168.193.243
INFO request from 192.168.36.209
INFO user 192.168.121.141 logged in
FATAL segfault at address 0x192.168.9.50
INFO request from 192.168.189.144
DEBUG heap size: 192.168.215.207
FATAL out of memory
WARN memory threshold reached: 192.168.141.220MB
WARN memory threshold reached: 192.168.36.209MB
INFO connection established
ERROR auth failure for user 192.168.197.186
INFO request from 192.168.197.186
DEBUG heap size: 192.168.121.141
WARN slow query: 192.168.178.6ms
WARN memory threshold reached: 192.168.141.220MB
FATAL out of memory
INFO connection established
INFO processed 192.168.9.50 items
INFO processed 192.168.178.6 items
FATAL unrecoverable disk error
FATAL unrecoverable disk error
FATAL segfault at address 0x192.168.215.207
INFO processed 192.168.92.139 items
DEBUG entering function foo
INFO user 192.168.229.48 logged in
DEBUG cache hit for key=192.168.107.168
WARN slow query: 192.168.60.30ms
ERROR null pointer in module 192.168.36.209
ERROR null pointer in module 192.168.193.243
ERROR connection timeout 503
INFO request from 192.168.107.168
FATAL unrecoverable disk error
DEBUG cache hit for key=192.168.142.104
INFO user 192.168.193.243 logged in
FATAL segfault at address 0x192.168.82.31
INFO user 192.168.39.155 logged in
ERROR null pointer in module 192.168.211.158
WARN slow query: 192.168.121.141ms
FATAL kernel panic
INFO request from 192.168.178.215
ERROR connection timeout 503
INFO user 192.168.82.31 logged in
FATAL segfault at address 0x192.168.121.141
INFO user 192.168.197.186 logged in
WARN disk usage 192.168.178.6%
ERROR file not found: /tmp/192.168.57.185.log
DEBUG heap size: 192.168.57.185
ERROR connection timeout 503
FATAL segfault at address 0x192.168.107.168
FATAL out of memory
FATAL out of memory
DEBUG cache hit for key=192.168.219.168
INFO user 192.168.193.243 logged in
FATAL out of memory
FATAL unrecoverable disk error
ERROR null pointer in module 192.168.211.158
FATAL kernel panic
FATAL segfault at address 0x192.168.189.144
FATAL out of memory
DEBUG heap size: 192.168.229.48
FATAL segfault at address 0x192.168.60.30
INFO connection established
ERROR null pointer in module 192.168.39.155
FATAL kernel panic
DEBUG variable x=192.168.141.220
WARN disk usage 192.168.121.141%
DEBUG heap size: 192.168.36.209
DEBUG entering function foo
ERROR file not found: /tmp/192.168.92.139.log
ERROR connection timeout 503
INFO request from 192.168.60.30
ERROR connection timeout 503
WARN disk usage 192.168.211.158%
DEBUG cache hit for key=192.168.107.168
FATAL segfault at address 0x192.168.215.207
ERROR file not found: /tmp/192.168.57.185.log
DEBUG variable x=192.168.107.168
WARN memory threshold reached: 192.168.193.243MB
DEBUG variable x=192.168.60.30
WARN slow query: 192.168.9.50ms
WARN slow query: 192.168.219.168ms
FATAL segfault at address 0x192.168.215.207
WARN memory threshold reached: 192.168.107.168MB
ERROR auth failure for user 192.168.60.30
FATAL kernel panic
ERROR connection timeout 503
INFO request from 192.168.142.104
ERROR connection timeout 503
FATAL unrecoverable disk error
ERROR connection timeout 503
WARN memory threshold reached: 192.168.9.50MB
DEBUG entering function foo
FATAL kernel panic
INFO request from 192.168.9.50
INFO user 192.168.82.31 logged in
FATAL kernel panic
WARN memory threshold reached: 192.168.197.186MB
WARN retry attempt 192.168.36.209 for 65184
DEBUG heap size: 192.168.215.207
ERROR auth failure for user 192.168.229.48
ERROR auth failure for user 192.168.189.144
ERROR connection timeout 503
ERROR auth failure for user 192.168.82.31
WARN memory threshold reached: 192.168.189.144MB
FATAL out of memory
INFO connection established
ERROR file not found: /tmp/192.168.60.30.log
WARN memory threshold reached: 192.168.9.50MB
FATAL unrecoverable disk error
ERROR auth failure for user 192.168.39.155
WARN memory threshold reached: 192.168.142.104MB
FATAL kernel panic
INFO processed 192.168.141.220 items
WARN slow query: 192.168.82.31ms
DEBUG heap size: 192.168.82.31
FATAL segfault at address 0x192.168.60.30
ERROR auth failure for user 192.168.219.168
DEBUG heap size: 192.168.36.209
DEBUG heap size: 192.168.36.209
FATAL kernel panic
INFO connection established
WARN disk usage 192.168.121.141%
INFO processed 192.168.92.139 items
ERROR connection timeout 503
INFO processed 192.168.142.104 items
DEBUG variable x=192.168.229.48
WARN disk usage 192.168.211.158%
WARN retry attempt 192.168.39.155 for 85530
DEBUG cache hit for key=192.168.92.139
ERROR null pointer in module 192.168.193.243
WARN slow query: 192.168.82.31ms
ERROR file not found: /tmp/192.168.189.144.log
WARN memory threshold reached: 192.168.39.155MB
FATAL out of memory
INFO connection established
WARN disk usage 192.168.178.215%
INFO connection established
ERROR file not found: /tmp/192.168.178.6.log
FATAL segfault at address 0x192.168.82.31
DEBUG entering function foo
INFO request from 192.168.39.155
DEBUG entering function foo
DEBUG variable x=192.168.229.48
INFO user 192.168.36.209 logged in
DEBUG cache hit for key=192.168.178.6
WARN retry attempt 192.168.39.155 for 29620
ERROR file not found: /tmp/192.168.60.30.log
FATAL segfault at address 0x192.168.215.207
FATAL kernel panic
FATAL segfault at address 0x192.168.39.155
DEBUG entering function foo
INFO user 192.168.60.30 logged in
FATAL kernel panic
DEBUG heap size: 192.168.178.215
INFO processed 192.168.60.30 items
WARN disk usage 192.168.193.243%
INFO request from 192.168.193.243
ERROR file not found: /tmp/192.168.57.185.log
ERROR file not found: /tmp/192.168.121.141.log
INFO processed 192.168.9.50 items
WARN memory threshold reached: 192.168.178.6MB
INFO processed 192.168.142.104 items
ERROR file not found: /tmp/192.168.215.207.log
WARN memory threshold reached: 192.168.178.215MB
INFO request from 192.168.82.31
INFO connection established
FATAL unrecoverable disk error
WARN memory threshold reached: 192.168.197.186MB
DEBUG heap size: 192.168.141.220
WARN disk usage 192.168.189.144%
FATAL unrecoverable disk error
WARN disk usage 192.168.193.243%
INFO user 192.168.39.155 logged in
ERROR null pointer in module 192.168.215.207
INFO processed 192.168.178.215 items
WARN retry attempt 192.168.215.207 for 65408
ERROR connection timeout 503
FATAL kernel panic
INFO connection established
FATAL segfault at address 0x192.168.178.215
WARN memory threshold reached: 192.168.211.158MB
INFO user 192.168.197.186 logged in
INFO processed 192.168.189.144 items
ERROR connection timeout 503
FATAL unrecoverable disk error
ERROR file not found: /tmp/192.168.189.144.log
DEBUG heap size: 192.168.189.144
DEBUG cache hit for key=192.168.142.104
DEBUG cache hit for key=192.168.211.158
INFO request from 192.168.197.186
INFO processed 192.168.36.209 items
INFO request from 192.168.142.104
ERROR auth failure for user 192.168.211.158
FATAL kernel panic
FATAL kernel panic
DEBUG entering function foo
ERROR auth failure for user 192.168.121.141
FATAL kernel panic
WARN memory threshold reached: 192.168.193.243MB
DEBUG entering function foo
DEBUG cache hit for key=192.168.229.48
FATAL segfault at address 0x192.168.178.6
ERROR auth failure for user 192.168.82.31
WARN memory threshold reached: 192.168.211.158MB
WARN memory threshold reached: 192.168.189.144MB
WARN slow query: 192.168.178.6ms
DEBUG entering function foo
FATAL segfault at address 0x192.168.178.215
WARN memory threshold reached: 192.168.193.243MB
FATAL segfault at address 0x192.168.178.6
DEBUG heap size: 192.168.121.141
INFO processed 192.168.107.168 items
FATAL segfault at address 0x192.168.215.207
INFO connection established
WARN memory threshold reached: 192.168.229.48MB
FATAL out of memory
FATAL out of memory
FATAL kernel panic
WARN retry attempt 192.168.9.50 for 96307
INFO connection established
INFO processed 192.168.189.144 items
FATAL out of memory
WARN disk usage 192.168.178.215%
FATAL out of memory
ERROR null pointer in module 192.168.60.30
FATAL unrecoverable disk error
ERROR connection timeout 503
ERROR connection timeout 503
FATAL unrecoverable disk error
WARN memory threshold reached: 192.168.189.144MB
DEBUG heap size: 192.168.142.104
FATAL segfault at address 0x192.168.219.168
ERROR file not found: /tmp/192.168.92.139.log
WARN retry attempt 192.168.215.207 for 43037
FATAL unrecoverable disk error
FATAL unrecoverable disk error
ERROR null pointer in module 192.168.36.209
WARN disk usage 192.168.36.209%
INFO connection established
FATAL kernel panic
WARN memory threshold reached: 192.168.121.141MB
WARN retry attempt 192.168.189.144 for 15080
ERROR auth failure for user 192.168.92.139
DEBUG cache hit for key=192.168.211.158
WARN disk usage 192.168.178.215%
WARN retry attempt 192.168.141.220 for 12877
INFO user 192.168.39.155 logged in
WARN retry attempt 192.168.121.141 for 28327
DEBUG entering function foo
DEBUG variable x=192.168.215.207
DEBUG heap size: 192.168.197.186
WARN disk usage 192.168.39.155%
ERROR auth failure for user 192.168.121.141
ERROR file not found: /tmp/192.168.121.141.log
WARN slow query: 192.168.215.207ms
FATAL segfault at address 0x192.168.219.168
DEBUG heap size: 192.168.219.168
WARN memory threshold reached: 192.168.36.209MB
INFO request from 192.168.57.185
DEBUG entering function foo
DEBUG variable x=192.168.193.243
DEBUG heap size: 192.168.197.186
INFO processed 192.168.57.185 items
INFO user 192.168.211.158 logged in
FATAL out of memory
ERROR auth failure for user 192.168.178.6
FATAL out of memory
WARN slow query: 192.168.189.144ms
ERROR null pointer in module 192.168.82.31
DEBUG cache hit for key=192.168.178.215
INFO request from 192.168.219.168
FATAL kernel panic
WARN disk usage 192.168.142.104%
ERROR file not found: /tmp/192.168.60.30.log
WARN retry attempt 192.168.229.48 for 78986
WARN disk usage 192.168.141.220%
DEBUG heap size: 192.168.142.104
ERROR auth failure for user 192.168.142.104
ERROR auth failure for user 192.168.92.139
ERROR file not found: /tmp/192.168.178.6.log
ERROR file not found: /tmp/192.168.229.48.log
DEBUG entering function foo
ERROR auth failure for user 192.168.219.168
FATAL unrecoverable disk error
INFO processed 192.168.36.209 items
WARN memory threshold reached: 192.168.193.243MB
DEBUG entering function foo
DEBUG variable x=192.168.107.168
ERROR auth failure for user 192.168.178.215
FATAL kernel panic
FATAL segfault at address 0x192.168.9.50
DEBUG variable x=192.168.82.31
ERROR connection timeout 503
WARN memory threshold reached: 192.168.193.243MB
FATAL unrecoverable disk error
INFO request from 192.168.82.31
DEBUG entering function foo
INFO user 192.168.107.168 logged in
DEBUG heap size: 192.168.197.186
ERROR null pointer in module 192.168.178.215
DEBUG entering function foo
INFO user 192.168.178.215 logged in
ERROR file not found: /tmp/192.168.142.104.log
ERROR connection timeout 503
ERROR null pointer in module 192.168.215.207
ERROR null pointer in module 192.168.178.6
DEBUG entering function foo
DEBUG variable x=192.168.142.104
INFO user 192.168.36.209 logged in
DEBUG entering function foo
ERROR file not found: /tmp/192.168.107.168.log
FATAL out of memory
WARN memory threshold reached: 192.168.82.31MB
FATAL unrecoverable disk error
WARN retry attempt 192.168.215.207 for 25904
INFO connection established
ERROR file not found: /tmp/192.168.219.168.log
WARN slow query: 192.168.121.141ms
FATAL out of memory
ERROR connection timeout 503
WARN retry attempt 192.168.197.186 for 35580
FATAL out of memory
DEBUG variable x=192.168.60.30
FATAL kernel panic
ERROR connection timeout 503
WARN slow query: 192.168.57.185ms
INFO user 192.168.36.209 logged in
DEBUG variable x=192.168.215.207
DEBUG heap size: 192.168.193.243
DEBUG entering function foo
WARN disk usage 192.168.107.168%
WARN memory threshold reached: 192.168.57.185MB
INFO request from 192.168.141.220
FATAL out of memory
DEBUG cache hit for key=192.168.82.31
FATAL out of memory
ERROR file not found: /tmp/192.168.215.207.log
FATAL segfault at address 0x192.168.178.6
DEBUG cache hit for key=192.168.142.104
ERROR connection timeout 503
DEBUG cache hit for key=192.168.92.139
DEBUG cache hit for key=192.168.36.209
INFO connection established
ERROR connection timeout 503
FATAL out of memory
FATAL segfault at address 0x192.168.60.30
DEBUG variable x=192.168.107.168
WARN slow query: 192.168.142.104ms
ERROR auth failure for user 192.168.36.209
WARN disk usage 192.168.107.168%
ERROR file not found: /tmp/192.168.219.168.log
DEBUG heap size: 192.168.178.6
ERROR file not found: /tmp/192.168.211.158.log
INFO user 192.168.141.220 logged in
ERROR file not found: /tmp/192.168.211.158.log
WARN disk usage 192.168.82.31%
DEBUG variable x=192.168.9.50
DEBUG heap size: 192.168.141.220
INFO connection established
WARN disk usage 192.168.178.6%
INFO processed 192.168.9.50 items
FATAL unrecoverable disk error
ERROR null pointer in module 192.168.36.209
WARN slow query: 192.168.39.155ms
FATAL out of memory
FATAL kernel panic
ERROR auth failure for user 192.168.36.209
ERROR auth failure for user 192.168.142.104
ERROR auth failure for user 192.168.9.50
DEBUG variable x=192.168.9.50
FATAL kernel panic
DEBUG entering function foo
WARN disk usage 192.168.82.31%
WARN memory threshold reached: 192.168.189.144MB
ERROR file not found: /tmp/192.168.178.6.log
ERROR connection timeout 503
WARN retry attempt 192.168.9.50 for 42067
ERROR null pointer in module 192.168.107.168
INFO connection established
ERROR file not found: /tmp/192.168.142.104.log
ERROR null pointer in module 192.168.189.144
DEBUG heap size: 192.168.36.209
WARN slow query: 192.168.142.104ms
FATAL unrecoverable disk error
DEBUG variable x=192.168.197.186
FATAL unrecoverable disk error
DEBUG heap size: 192.168.211.158
ERROR auth failure for user 192.168.197.186
DEBUG cache hit for key=192.168.219.168
DEBUG entering function foo
DEBUG cache hit for key=192.168.219.168
INFO processed 192.168.39.155 items
INFO processed 192.168.197.186 items
DEBUG heap size: 192.168.229.48
ERROR connection timeout 503
DEBUG variable x=192.168.82.31
WARN retry attempt 192.168.9.50 for 91947
ERROR null pointer in module 192.168.193.243
INFO request from 192.168.60.30
DEBUG entering function foo
WARN disk usage 192.168.60.30%
ERROR connection timeout 503
DEBUG entering function foo
DEBUG heap size: 192.168.215.207
WARN slow query: 192.168.193.243ms
ERROR auth failure for user 192.168.141.220
DEBUG heap size: 192.168.219.168
WARN disk usage 192.168.193.243%
ERROR connection timeout 503
DEBUG heap size: 192.168.9.50
ERROR file not found: /tmp/192.168.142.104.log
ERROR null pointer in module 192.168.60.30
INFO request from 192.168.9.50
FATAL segfault at address 0x192.168.211.158
FATAL unrecoverable disk error
WARN retry attempt 192.168.39.155 for 21982
FATAL unrecoverable disk error
ERROR connection timeout 503
WARN retry attempt 192.168.193.243 for 96038
WARN memory threshold reached: 192.168.36.209MB
DEBUG cache hit for key=192.168.178.215
ERROR null pointer in module 192.168.60.30
FATAL kernel panic
FATAL unrecoverable disk error
WARN slow query: 192.168.211.158ms
WARN disk usage 192.168.141.220%
WARN slow query: 192.168.141.220ms
FATAL kernel panic
FATAL unrecoverable disk error
DEBUG heap size: 192.168.178.215
WARN disk usage 192.168.39.155%
INFO connection established
ERROR null pointer in module 192.168.141.220
ERROR connection timeout 503
FATAL out of memory
WARN memory threshold reached: 192.168.197.186MB
ERROR auth failure for user 192.168.107.168
ERROR connection timeout 503
INFO connection established
ERROR auth failure for user 192.168.229.48
ERROR connection timeout 503
ERROR file not found: /tmp/192.168.189.144.log
INFO processed 192.168.189.144 items
WARN disk usage 192.168.9.50%
FATAL out of memory
INFO user 192.168.178.6 logged in
FATAL segfault at address 0x192.168.142.104
WARN memory threshold reached: 192.168.219.168MB
ERROR null pointer in module 192.168.39.155
FATAL kernel panic
DEBUG entering function foo
WARN slow query: 192.168.9.50ms
ERROR file not found: /tmp/192.168.197.186.log
INFO connection established
DEBUG entering function foo
FATAL segfault at address 0x192.168.197.186
DEBUG heap size: 192.168.121.141
INFO request from 192.168.9.50
WARN disk usage 192.168.36.209%
FATAL segfault at address 0x192.168.141.220
WARN slow query: 192.168.107.168ms
WARN slow query: 192.168.60.30ms
INFO user 192.168.57.185 logged in
WARN memory threshold reached: 192.168.82.31MB
FATAL kernel panic
INFO request from 192.168.107.168
ERROR auth failure for user 192.168.215.207
INFO connection established
ERROR connection timeout 503
INFO processed 192.168.107.168 items
WARN slow query: 192.168.211.158ms
WARN retry attempt 192.168.211.158 for 47525
ERROR file not found: /tmp/192.168.57.185.log
DEBUG variable x=192.168.92.139
WARN memory threshold reached: 192.168.178.215MB
INFO user 192.168.142.104 logged in
FATAL segfault at address 0x192.168.39.155
ERROR file not found: /tmp/192.168.142.104.log
FATAL unrecoverable disk error
FATAL segfault at address 0x192.168.141.220
INFO request from 192.168.9.50
DEBUG variable x=192.168.189.144
DEBUG entering function foo
INFO user 192.168.215.207 logged in
WARN disk usage 192.168.211.158%
DEBUG variable x=192.168.57.185
DEBUG cache hit for key=192.168.121.141
DEBUG variable x=192.168.121.141
WARN retry attempt 192.168.211.158 for 16599
ERROR auth failure for user 192.168.178.6
DEBUG entering function foo
FATAL kernel panic
FATAL segfault at address 0x192.168.219.168
FATAL unrecoverable disk error
FATAL segfault at address 0x192.168.197.186
DEBUG variable x=192.168.121.141
INFO processed 192.168.189.144 items
DEBUG heap size: 192.168.178.215
WARN disk usage 192.168.197.186%
ERROR null pointer in module 192.168.121.141
ERROR auth failure for user 192.168.92.139
INFO connection established
DEBUG cache hit for key=192.168.9.50
DEBUG heap size: 192.168.178.215
INFO request from 192.168.178.6
INFO processed 192.168.197.186 items
DEBUG heap size: 192.168.189.144
WARN disk usage 192.168.60.30%
ERROR connection timeout 503
DEBUG variable x=192.168.9.50
FATAL unrecoverable disk error
FATAL kernel panic
INFO user 192.168.142.104 logged in
FATAL unrecoverable disk error
FATAL unrecoverable disk error
FATAL unrecoverable disk error
DEBUG entering function foo
FATAL kernel panic
WARN memory threshold reached: 192.168.92.139MB
FATAL out of memory
FATAL out of memory
ERROR null pointer in module 192.168.178.6
INFO connection established
WARN memory threshold reached: 192.168.60.30MB
INFO connection established
WARN memory threshold reached: 192.168.189.144MB
FATAL unrecoverable disk error
INFO user 192.168.121.141 logged in
WARN slow query: 192.168.141.220ms
DEBUG entering function foo
WARN memory threshold reached: 192.168.178.6MB
ERROR connection timeout 503
FATAL kernel panic
WARN disk usage 192.168.178.215%
WARN disk usage 192.168.60.30%
FATAL unrecoverable disk error
FATAL out of memory
ERROR connection timeout 503
ERROR null pointer in module 192.168.92.139
DEBUG cache hit for key=192.168.141.220
FATAL segfault at address 0x192.168.178.215
DEBUG heap size: 192.168.60.30
WARN retry attempt 192.168.9.50 for 14058
DEBUG entering function foo
DEBUG cache hit for key=192.168.9.50
FATAL unrecoverable disk error
DEBUG variable x=192.168.211.158
DEBUG cache hit for key=192.168.193.243
WARN disk usage 192.168.215.207%
WARN slow query: 192.168.219.168ms
DEBUG heap size: 192.168.178.6
WARN slow query: 192.168.92.139ms
FATAL out of memory
WARN retry attempt 192.168.82.31 for 64737
INFO processed 192.168.142.104 items
INFO connection established
FATAL unrecoverable disk error
WARN memory threshold reached: 192.168.121.141MB
WARN disk usage 192.168.215.207%
DEBUG entering function foo
INFO request from 192.168.82.31
ERROR connection timeout 503
INFO user 192.168.229.48 logged in
FATAL out of memory
WARN disk usage 192.168.193.243%
WARN memory threshold reached: 192.168.215.207MB
WARN retry attempt 192.168.193.243 for 62516
INFO request from 192.168.211.158
INFO request from 192.168.219.168
FATAL kernel panic
WARN memory threshold reached: 192.168.197.186MB
INFO user 192.168.189.144 logged in
FATAL segfault at address 0x192.168.60.30
DEBUG cache hit for key=192.168.9.50
DEBUG cache hit for key=192.168.178.215
INFO user 192.168.229.48 logged in
ERROR connection timeout 503
WARN memory threshold reached: 192.168.178.6MB
FATAL kernel panic
FATAL unrecoverable disk error
ERROR auth failure for user 192.168.189.144
DEBUG variable x=192.168.121.141
ERROR file not found: /tmp/192.168.60.30.log
FATAL segfault at address 0x192.168.211.158
FATAL unrecoverable disk error
ERROR file not found: /tmp/192.168.215.207.log
FATAL kernel panic
INFO request from 192.168.142.104
INFO processed 192.168.215.207 items
FATAL unrecoverable disk error
FATAL out of memory
FATAL segfault at address 0x192.168.9.50
FATAL kernel panic
ERROR connection timeout 503
WARN disk usage 192.168.193.243%
FATAL unrecoverable disk error
WARN disk usage 192.168.142.104%
DEBUG heap size: 192.168.142.104
DEBUG variable x=192.168.215.207
WARN slow query: 192.168.9.50ms
INFO request from 192.168.229.48
WARN disk usage 192.168.211.158%
INFO user 192.168.141.220 logged in
INFO connection established
FATAL unrecoverable disk error
INFO processed 192.168.9.50 items
WARN disk usage 192.168.197.186%
FATAL segfault at address 0x192.168.197.186
FATAL unrecoverable disk error
WARN retry attempt 192.168.178.215 for 2212
ERROR connection timeout 503
DEBUG cache hit for key=192.168.189.144
ERROR null pointer in module 192.168.229.48
INFO request from 192.168.82.31
FATAL kernel panic
ERROR file not found: /tmp/192.168.215.207.log
DEBUG cache hit for key=192.168.219.168
FATAL kernel panic
DEBUG cache hit for key=192.168.36.209
DEBUG cache hit for key=192.168.211.158
ERROR null pointer in module 192.168.9.50
FATAL segfault at address 0x192.168.92.139
INFO user 192.168.193.243 logged in
DEBUG entering function foo
DEBUG cache hit for key=192.168.121.141
ERROR auth failure for user 192.168.141.220
ERROR connection timeout 503
DEBUG variable x=192.168.142.104
DEBUG entering function foo
FATAL unrecoverable disk error
WARN retry attempt 192.168.178.215 for 61681
DEBUG variable x=192.168.229.48
WARN slow query: 192.168.215.207ms
ERROR file not found: /tmp/192.168.215.207.log
DEBUG entering function foo
DEBUG entering function foo
INFO processed 192.168.39.155 items
WARN retry attempt 192.168.121.141 for 97424
DEBUG variable x=192.168.193.243
INFO processed 192.168.39.155 items
ERROR auth failure for user 192.168.82.31
INFO processed 192.168.141.220 items
ERROR auth failure for user 192.168.141.220
INFO processed 192.168.9.50 items
WARN disk usage 192.168.36.209%
INFO processed 192.168.92.139 items
INFO processed 192.168.9.50 items
DEBUG entering function foo
WARN retry attempt 192.168.211.158 for 63608
INFO processed 192.168.39.155 items
DEBUG cache hit for key=192.168.219.168
ERROR file not found: /tmp/192.168.39.155.log
DEBUG heap size: 192.168.219.168
FATAL segfault at address 0x192.168.197.186
INFO user 192.168.189.144 logged in
FATAL out of memory
FATAL segfault at address 0x192.168.121.141
DEBUG heap size: 192.168.178.215
WARN memory threshold reached: 192.168.57.185MB
FATAL segfault at address 0x192.168.178.215
INFO connection established
FATAL kernel panic
ERROR connection timeout 503
FATAL unrecoverable disk error
FATAL out of memory
DEBUG heap size: 192.168.189.144
ERROR connection timeout 503
WARN memory threshold reached: 192.168.178.215MB
INFO processed 192.168.178.215 items
DEBUG heap size: 192.168.82.31
WARN memory threshold reached: 192.168.142.104MB
INFO request from 192.168.215.207
FATAL unrecoverable disk error
INFO processed 192.168.92.139 items
INFO processed 192.168.82.31 items
DEBUG entering function foo
ERROR file not found: /tmp/192.168.60.30.log
ERROR null pointer in module 192.168.178.6
ERROR null pointer in module 192.168.215.207
ERROR auth failure for user 192.168.141.220
WARN slow query: 192.168.189.144ms
INFO user 192.168.107.168 logged in
WARN disk usage 192.168.60.30%
FATAL out of memory
INFO request from 192.168.82.31
DEBUG entering function foo
FATAL unrecoverable disk error
INFO processed 192.168.197.186 items
INFO connection established
DEBUG heap size: 192.168.107.168
WARN memory threshold reached: 192.168.60.30MB
ERROR null pointer in module 192.168.39.155
DEBUG heap size: 192.168.82.31
DEBUG variable x=192.168.36.209
WARN slow query: 192.168.141.220ms
FATAL kernel panic
DEBUG cache hit for key=192.168.178.6
FATAL unrecoverable disk error
DEBUG heap size: 192.168.215.207
INFO request from 192.168.141.220
FATAL kernel panic
INFO processed 192.168.92.139 items
WARN memory threshold reached: 192.168.142.104MB
ERROR auth failure for user 192.168.193.243
FATAL kernel panic
DEBUG cache hit for key=192.168.178.6
FATAL unrecoverable disk error
WARN memory threshold reached: 192.168.107.168MB
DEBUG variable x=192.168.107.168
ERROR file not found: /tmp/192.168.178.6.log
WARN retry attempt 192.168.211.158 for 76943
INFO processed 192.168.57.185 items
ERROR connection timeout 503
FATAL out of memory
ERROR auth failure for user 192.168.189.144
ERROR connection timeout 503
DEBUG entering function foo
FATAL kernel panic
ERROR file not found: /tmp/192.168.178.215.log
FATAL segfault at address 0x192.168.215.207
WARN disk usage 192.168.193.243%
ERROR null pointer in module 192.168.178.6
INFO request from 192.168.82.31
INFO connection established
ERROR file not found: /tmp/192.168.36.209.log
INFO request from 192.168.211.158
FATAL segfault at address 0x192.168.39.155
DEBUG variable x=192.168.189.144
DEBUG heap size: 192.168.142.104
WARN disk usage 192.168.39.155%
WARN slow query: 192.168.57.185ms
FATAL out of memory
ERROR null pointer in module 192.168.141.220
WARN slow query: 192.168.211.158ms
FATAL segfault at address 0x192.168.219.168
FATAL out of memory
DEBUG heap size: 192.168.9.50
WARN retry attempt 192.168.193.243 for 52069
INFO request from 192.168.39.155
FATAL out of memory
FATAL unrecoverable disk error
WARN slow query: 192.168.211.158ms
FATAL kernel panic
ERROR null pointer in module 192.168.197.186
FATAL segfault at address 0x192.168.121.141
DEBUG heap size: 192.168.219.168
ERROR null pointer in module 192.168.107.168
FATAL out of memory
INFO user 192.168.219.168 logged in
INFO processed 192.168.36.209 items
FATAL kernel panic
ERROR connection timeout 503
WARN slow query: 192.168.9.50ms
ERROR auth failure for user 192.168.215.207
FATAL out of memory
ERROR null pointer in module 192.168.141.220
DEBUG cache hit for key=192.168.178.6
DEBUG heap size: 192.168.9.50
DEBUG entering function foo
WARN disk usage 192.168.60.30%
DEBUG cache hit for key=192.168.39.155
INFO processed 192.168.141.220 items
WARN slow query: 192.168.219.168ms
INFO connection established
DEBUG heap size: 192.168.189.144
DEBUG variable x=192.168.57.185
ERROR connection timeout 503
INFO connection established
WARN memory threshold reached: 192.168.141.220MB
INFO user 192.168.121.141 logged in
INFO request from 192.168.57.185
WARN disk usage 192.168.197.186%
DEBUG variable x=192.168.142.104
ERROR auth failure for user 192.168.178.6
WARN slow query: 192.168.121.141ms
DEBUG cache hit for key=192.168.189.144
INFO request from 192.168.107.168
DEBUG heap size: 192.168.36.209
DEBUG variable x=192.168.36.209
FATAL kernel panic
DEBUG heap size: 192.168.211.158
FATAL segfault at address 0x192.168.211.158
WARN retry attempt 192.168.121.141 for 94745
FATAL segfault at address 0x192.168.178.6
FATAL segfault at address 0x192.168.92.139
WARN memory threshold reached: 192.168.9.50MB
DEBUG entering function foo
WARN retry attempt 192.168.197.186 for 94678
WARN disk usage 192.168.36.209%
DEBUG entering function foo
DEBUG heap size: 192.168.142.104
FATAL unrecoverable disk error
DEBUG cache hit for key=192.168.141.220
WARN retry attempt 192.168.229.48 for 79162
WARN memory threshold reached: 192.168.189.144MB
INFO connection established
WARN memory threshold reached: 192.168.36.209MB
ERROR file not found: /tmp/192.168.215.207.log
WARN retry attempt 192.168.178.6 for 10101
FATAL segfault at address 0x192.168.215.207
ERROR file not found: /tmp/192.168.57.185.log
DEBUG variable x=192.168.189.144
INFO user 192.168.178.215 logged in
ERROR auth failure for user 192.168.211.158
WARN retry attempt 192.168.9.50 for 35354
FATAL kernel panic
ERROR null pointer in module 192.168.142.104
ERROR auth failure for user 192.168.197.186
FATAL unrecoverable disk error
ERROR null pointer in module 192.168.82.31
ERROR connection timeout 503
DEBUG entering function foo
ERROR connection timeout 503
WARN slow query: 192.168.229.48ms
WARN slow query: 192.168.9.50ms
WARN retry attempt 192.168.219.168 for 29053
FATAL out of memory
DEBUG heap size: 192.168.229.48
FATAL segfault at address 0x192.168.82.31
INFO connection established
FATAL out of memory
ERROR auth failure for user 192.168.142.104
WARN memory threshold reached: 192.168.36.209MB
INFO request from 192.168.215.207
ERROR auth failure for user 192.168.36.209
INFO request from 192.168.36.209
WARN memory threshold reached: 192.168.82.31MB
DEBUG cache hit for key=192.168.92.139
FATAL out of memory
FATAL unrecoverable disk error
ERROR connection timeout 503
DEBUG cache hit for key=192.168.219.168
ERROR null pointer in module 192.168.215.207
WARN disk usage 192.168.141.220%
DEBUG entering function foo
FATAL segfault at address 0x192.168.107.168
DEBUG variable x=192.168.178.6
ERROR null pointer in module 192.168.121.141
FATAL out of memory
WARN memory threshold reached: 192.168.121.141MB
DEBUG variable x=192.168.36.209
DEBUG cache hit for key=192.168.193.243
ERROR connection timeout 503
ERROR file not found: /tmp/192.168.9.50.log
DEBUG entering function foo
WARN retry attempt 192.168.121.141 for 42931
WARN retry attempt 192.168.92.139 for 92006
FATAL unrecoverable disk error
INFO connection established
ERROR file not found: /tmp/192.168.107.168.log
DEBUG cache hit for key=192.168.9.50
WARN retry attempt 192.168.57.185 for 41486
ERROR auth failure for user 192.168.142.104
ERROR connection timeout 503
FATAL segfault at address 0x192.168.211.158
ERROR connection timeout 503
FATAL unrecoverable disk error
WARN disk usage 192.168.178.215%
INFO processed 192.168.60.30 items
FATAL kernel panic
INFO processed 192.168.211.158 items
DEBUG variable x=192.168.142.104
DEBUG variable x=192.168.142.104
ERROR auth failure for user 192.168.36.209
FATAL kernel panic
DEBUG cache hit for key=192.168.193.243
ERROR file not found: /tmp/192.168.215.207.log
INFO request from 192.168.141.220
INFO processed 192.168.92.139 items
WARN slow query: 192.168.193.243ms
WARN slow query: 192.168.60.30ms
WARN retry attempt 192.168.107.168 for 93078
INFO user 192.168.229.48 logged in
WARN slow query: 192.168.219.168ms
WARN slow query: 192.168.107.168ms
WARN memory threshold reached: 192.168.141.220MB
DEBUG entering function foo
FATAL segfault at address 0x192.168.92.139
FATAL segfault at address 0x192.168.178.6
WARN slow query: 192.168.229.48ms
DEBUG variable x=192.168.178.6
FATAL kernel panic
ERROR null pointer in module 192.168.82.31
DEBUG entering function foo
WARN disk usage 192.168.211.158%
DEBUG entering function foo
ERROR file not found: /tmp/192.168.189.144.log
WARN memory threshold reached: 192.168.189.144MB
ERROR connection timeout 503
INFO processed 192.168.215.207 items
DEBUG entering function foo
ERROR connection timeout 503
WARN disk usage 192.168.211.158%
DEBUG entering function foo
ERROR file not found: /tmp/192.168.36.209.log
WARN memory threshold reached: 192.168.219.168MB
ERROR auth failure for user 192.168.141.220
FATAL unrecoverable disk error
INFO user 192.168.189.144 logged in
FATAL segfault at address 0x192.168.197.186
FATAL segfault at address 0x192.168.229.48
FATAL unrecoverable disk error
DEBUG variable x=192.168.219.168
INFO request from 192.168.82.31
WARN retry attempt 192.168.178.6 for 56498
FATAL out of memory
INFO request from 192.168.107.168
INFO connection established
FATAL kernel panic
FATAL out of memory
ERROR file not found: /tmp/192.168.82.31.log
DEBUG entering function foo
INFO connection established
INFO connection established
WARN disk usage 192.168.121.141%
DEBUG variable x=192.168.141.220
INFO request from 192.168.142.104
DEBUG heap size: 192.168.121.141
FATAL kernel panic
INFO user 192.168.189.144 logged in
DEBUG entering function foo
FATAL kernel panic
ERROR null pointer in module 192.168.9.50
ERROR auth failure for user 192.168.141.220
FATAL segfault at address 0x192.168.141.220
DEBUG heap size: 192.168.211.158
DEBUG heap size: 192.168.197.186
WARN disk usage 192.168.219.168%
DEBUG cache hit for key=192.168.92.139
INFO user 192.168.229.48 logged in
FATAL kernel panic
FATAL unrecoverable disk error
DEBUG variable x=192.168.36.209
FATAL out of memory
INFO processed 192.168.82.31 items
DEBUG cache hit for key=192.168.219.168
INFO request from 192.168.107.168
WARN slow query: 192.168.193.243ms
ERROR connection timeout 503
FATAL segfault at address 0x192.168.39.155
WARN slow query: 192.168.36.209ms
ERROR auth failure for user 192.168.178.215
FATAL unrecoverable disk error
DEBUG cache hit for key=192.168.60.30
WARN retry attempt 192.168.178.215 for 70188
DEBUG entering function foo
FATAL kernel panic
WARN disk usage 192.168.141.220%
DEBUG cache hit for key=192.168.39.155
ERROR null pointer in module 192.168.39.155
DEBUG cache hit for key=192.168.178.6
FATAL kernel panic
WARN disk usage 192.168.9.50%
DEBUG variable x=192.168.142.104
WARN retry attempt 192.168.57.185 for 6740
FATAL segfault at address 0x192.168.211.158
FATAL out of memory
DEBUG variable x=192.168.197.186
WARN disk usage 192.168.36.209%
DEBUG heap size: 192.168.215.207
WARN retry attempt 192.168.60.30 for 26750
WARN retry attempt 192.168.142.104 for 25647
ERROR file not found: /tmp/192.168.193.243.log
DEBUG heap size: 192.168.9.50
WARN slow query: 192.168.36.209ms
DEBUG cache hit for key=192.168.193.243
ERROR null pointer in module 192.168.39.155
INFO processed 192.168.215.207 items
WARN disk usage 192.168.142.104%
WARN disk usage 192.168.197.186%
DEBUG cache hit for key=192.168.9.50
WARN disk usage 192.168.121.141%
FATAL out of memory
INFO user 192.168.60.30 logged in
WARN retry attempt 192.168.178.6 for 71085
ERROR auth failure for user 192.168.193.243
DEBUG variable x=192.168.197.186
ERROR connection timeout 503
INFO processed 192.168.229.48 items
DEBUG entering function foo
INFO processed 192.168.197.186 items
DEBUG cache hit for key=192.168.60.30
ERROR auth failure for user 192.168.189.144
INFO processed 192.168.193.243 items
FATAL out of memory
WARN slow query: 192.168.107.168ms
DEBUG variable x=192.168.219.168
ERROR null pointer in module 192.168.121.141
ERROR auth failure for user 192.168.178.215
FATAL out of memory
WARN slow query: 192.168.82.31ms
DEBUG heap size: 192.168.107.168
FATAL out of memory
FATAL unrecoverable disk error
WARN disk usage 192.168.141.220%
INFO processed 192.168.215.207 items
INFO request from 192.168.39.155
DEBUG variable x=192.168.82.31
INFO processed 192.168.178.215 items
ERROR connection timeout 503
WARN slow query: 192.168.178.215ms
INFO processed 192.168.219.168 items
ERROR null pointer in module 192.168.9.50
ERROR auth failure for user 192.168.219.168
INFO processed 192.168.211.158 items
INFO request from 192.168.229.48
ERROR auth failure for user 192.168.178.215
WARN retry attempt 192.168.121.141 for 21956
ERROR auth failure for user 192.168.36.209
ERROR connection timeout 503
DEBUG variable x=192.168.211.158
ERROR null pointer in module 192.168.178.215
WARN retry attempt 192.168.107.168 for 6061
ERROR connection timeout 503
ERROR null pointer in module 192.168.92.139
ERROR file not found: /tmp/192.168.215.207.log
DEBUG variable x=192.168.60.30
INFO processed 192.168.92.139 items
FATAL kernel panic
INFO processed 192.168.211.158 items
WARN slow query: 192.168.178.215ms
INFO user 192.168.9.50 logged in
WARN disk usage 192.168.82.31%
DEBUG variable x=192.168.193.243
DEBUG variable x=192.168.178.215
WARN disk usage 192.168.211.158%
WARN retry attempt 192.168.92.139 for 16652
ERROR file not found: /tmp/192.168.229.48.log
WARN retry attempt 192.168.219.168 for 23361
FATAL unrecoverable disk error
FATAL unrecoverable disk error
WARN disk usage 192.168.107.168%
ERROR auth failure for user 192.168.142.104
INFO user 192.168.178.215 logged in
INFO processed 192.168.57.185 items
DEBUG variable x=192.168.193.243
INFO connection established
ERROR file not found: /tmp/192.168.121.141.log
ERROR file not found: /tmp/192.168.121.141.log
DEBUG entering function foo
ERROR file not found: /tmp/192.168.142.104.log
WARN slow query: 192.168.141.220ms
WARN retry attempt 192.168.229.48 for 72433
WARN memory threshold reached: 192.168.141.220MB
FATAL unrecoverable disk error
DEBUG cache hit for key=192.168.219.168
ERROR null pointer in module 192.168.141.220
FATAL segfault at address 0x192.168.92.139
DEBUG heap size: 192.168.141.220
DEBUG cache hit for key=192.168.107.168
DEBUG heap size: 192.168.178.6
ERROR file not found: /tmp/192.168.229.48.log
INFO user 192.168.121.141 logged in
DEBUG entering function foo
DEBUG cache hit for key=192.168.229.48
FATAL unrecoverable disk error
WARN disk usage 192.168.9.50%
ERROR file not found: /tmp/192.168.193.243.log
INFO connection established
FATAL segfault at address 0x192.168.215.207
FATAL unrecoverable disk error
ERROR null pointer in module 192.168.215.207
DEBUG entering function foo
DEBUG entering function foo
DEBUG cache hit for key=192.168.92.139
FATAL unrecoverable disk error
DEBUG entering function foo
FATAL segfault at address 0x192.168.60.30
DEBUG entering function foo
DEBUG entering function foo
WARN memory threshold reached: 192.168.193.243MB
WARN slow query: 192.168.219.168ms
INFO user 192.168.142.104 logged in
FATAL out of memory
INFO connection established
ERROR null pointer in module 192.168.197.186
INFO user 192.168.197.186 logged in
WARN disk usage 192.168.107.168%
WARN slow query: 192.168.57.185ms
WARN disk usage 192.168.211.158%
ERROR null pointer in module 192.168.211.158
INFO connection established
DEBUG heap size: 192.168.36.209
INFO request from 192.168.219.168
ERROR auth failure for user 192.168.121.141
INFO request from 192.168.189.144
INFO processed 192.168.60.30 items
INFO connection established
INFO processed 192.168.141.220 items
INFO request from 192.168.193.243
WARN slow query: 192.168.193.243ms
INFO connection established
ERROR connection timeout 503
ERROR null pointer in module 192.168.92.139
DEBUG entering function foo
WARN memory threshold reached: 192.168.9.50MB
WARN disk usage 192.168.121.141%
ERROR auth failure for user 192.168.189.144
ERROR connection timeout 503
ERROR null pointer in module 192.168.36.209
FATAL unrecoverable disk error
DEBUG variable x=192.168.178.215
INFO request from 192.168.92.139
FATAL kernel panic
FATAL segfault at address 0x192.168.189.144
DEBUG heap size: 192.168.39.155
FATAL out of memory
INFO user 192.168.92.139 logged in
FATAL out of memory
WARN disk usage 192.168.229.48%
WARN retry attempt 192.168.9.50 for 71809
FATAL unrecoverable disk error
WARN disk usage 192.168.219.168%
INFO connection established
FATAL segfault at address 0x192.168.57.185
FATAL kernel panic
WARN memory threshold reached: 192.168.141.220MB
INFO processed 192.168.121.141 items
INFO processed 192.168.189.144 items
ERROR null pointer in module 192.168.215.207
ERROR null pointer in module 192.168.121.141
INFO processed 192.168.142.104 items
DEBUG heap size: 192.168.82.31
ERROR connection timeout 503
FATAL out of memory
INFO processed 192.168.197.186 items
ERROR connection timeout 503
DEBUG heap size: 192.168.215.207
FATAL kernel panic
INFO user 192.168.215.207 logged in
DEBUG entering function foo
FATAL kernel panic
ERROR file not found: /tmp/192.168.178.215.log
WARN memory threshold reached: 192.168.9.50MB
INFO request from 192.168.36.209
FATAL kernel panic
DEBUG variable x=192.168.211.158
ERROR null pointer in module 192.168.36.209
INFO user 192.168.141.220 logged in
WARN slow query: 192.168.211.158ms
ERROR connection timeout 503
WARN slow query: 192.168.193.243ms
INFO user 192.168.215.207 logged in
ERROR null pointer in module 192.168.229.48
ERROR auth failure for user 192.168.107.168
ERROR file not found: /tmp/192.168.197.186.log
DEBUG heap size: 192.168.121.141
FATAL kernel panic
WARN retry attempt 192.168.60.30 for 90279
WARN retry attempt 192.168.9.50 for 76937
DEBUG variable x=192.168.215.207
INFO connection established
ERROR file not found: /tmp/192.168.197.186.log
FATAL segfault at address 0x192.168.60.30
WARN slow query: 192.168.142.104ms
ERROR file not found: /tmp/192.168.141.220.log
ERROR auth failure for user 192.168.142.104
ERROR file not found: /tmp/192.168.219.168.log
INFO request from 192.168.197.186
INFO connection established
ERROR file not found: /tmp/192.168.215.207.log
WARN retry attempt 192.168.178.215 for 21088
ERROR null pointer in module 192.168.197.186
WARN memory threshold reached: 192.168.121.141MB
WARN retry attempt 192.168.197.186 for 8464
INFO user 192.168.92.139 logged in
ERROR auth failure for user 192.168.82.31
WARN memory threshold reached: 192.168.9.50MB
DEBUG heap size: 192.168.57.185
WARN slow query: 192.168.57.185ms
FATAL kernel panic
INFO user 192.168.92.139 logged in
INFO processed 192.168.121.141 items
FATAL kernel panic
WARN slow query: 192.168.193.243ms
ERROR auth failure for user 192.168.121.141
INFO connection established
INFO processed 192.168.219.168 items
FATAL segfault at address 0x192.168.82.31
ERROR file not found: /tmp/192.168.82.31.log
DEBUG variable x=192.168.189.144
WARN slow query: 192.168.9.50ms
FATAL unrecoverable disk error
INFO user 192.168.57.185 logged in
ERROR null pointer in module 192.168.92.139
INFO user 192.168.193.243 logged in
ERROR connection timeout 503
ERROR auth failure for user 192.168.60.30
ERROR null pointer in module 192.168.60.30
INFO user 192.168.82.31 logged in
ERROR file not found: /tmp/192.168.107.168.log
DEBUG variable x=192.168.9.50
DEBUG heap size: 192.168.178.6
ERROR connection timeout 503
WARN retry attempt 192.168.189.144 for 21347
FATAL segfault at address 0x192.168.9.50
ERROR null pointer in module 192.168.219.168
DEBUG entering function foo
WARN slow query: 192.168.39.155ms
DEBUG variable x=192.168.211.158
INFO user 192.168.141.220 logged in
ERROR connection timeout 503
INFO user 192.168.178.215 logged in
FATAL unrecoverable disk error
ERROR null pointer in module 192.168.82.31
WARN slow query: 192.168.142.104ms
INFO processed 192.168.60.30 items
DEBUG heap size: 192.168.141.220
ERROR auth failure for user 192.168.142.104
DEBUG variable x=192.168.229.48
WARN memory threshold reached: 192.168.211.158MB
INFO connection established
INFO processed 192.168.57.185 items
ERROR auth failure for user 192.168.193.243
FATAL unrecoverable disk error
ERROR file not found: /tmp/192.168.57.185.log
WARN retry attempt 192.168.92.139 for 71795
DEBUG cache hit for key=192.168.211.158
ERROR connection timeout 503
ERROR file not found: /tmp/192.168.197.186.log
DEBUG variable x=192.168.39.155
ERROR null pointer in module 192.168.57.185
DEBUG entering function foo
FATAL segfault at address 0x192.168.121.141
WARN memory threshold reached: 192.168.107.168MB
FATAL kernel panic
INFO processed 192.168.107.168 items
DEBUG cache hit for key=192.168.215.207
INFO user 192.168.121.141 logged in
INFO processed 192.168.178.215 items
WARN disk usage 192.168.219.168%
FATAL unrecoverable disk error
FATAL kernel panic
INFO connection established
FATAL unrecoverable disk error
FATAL segfault at address 0x192.168.211.158
INFO connection established
WARN retry attempt 192.168.197.186 for 26758
DEBUG entering function foo
WARN slow query: 192.168.57.185ms
DEBUG heap size: 192.168.178.215
FATAL unrecoverable disk error
FATAL kernel panic
INFO processed 192.168.141.220 items
FATAL kernel panic
INFO user 192.168.211.158 logged in
FATAL unrecoverable disk error
FATAL segfault at address 0x192.168.189.144
INFO user 192.168.197.186 logged in
WARN slow query: 192.168.121.141ms
INFO user 192.168.178.215 logged in
INFO user 192.168.121.141 logged in
DEBUG heap size: 192.168.229.48
DEBUG entering function foo
DEBUG cache hit for key=192.168.178.215
FATAL out of memory
ERROR file not found: /tmp/192.168.141.220.log
FATAL segfault at address 0x192.168.39.155
ERROR connection timeout 503
DEBUG cache hit for key=192.168.211.158
DEBUG entering function foo
DEBUG variable x=192.168.142.104
INFO user 192.168.36.209 logged in
FATAL out of memory
WARN memory threshold reached: 192.168.121.141MB
ERROR auth failure for user 192.168.189.144
ERROR file not found: /tmp/192.168.142.104.log
DEBUG cache hit for key=192.168.197.186
ERROR auth failure for user 192.168.9.50
WARN memory threshold reached: 192.168.60.30MB
ERROR auth failure for user 192.168.57.185
INFO processed 192.168.211.158 items
ERROR connection timeout 503
INFO request from 192.168.36.209
ERROR connection timeout 503
FATAL segfault at address 0x192.168.211.158
ERROR connection timeout 503
ERROR file not found: /tmp/192.168.178.215.log
INFO connection established
WARN memory threshold reached: 192.168.211.158MB
ERROR null pointer in module 192.168.142.104
DEBUG cache hit for key=192.168.189.144
WARN retry attempt 192.168.9.50 for 48550
INFO request from 192.168.60.30
WARN slow query: 192.168.215.207ms
FATAL kernel panic
INFO request from 192.168.215.207
DEBUG entering function foo
INFO user 192.168.60.30 logged in
FATAL kernel panic
DEBUG entering function foo
INFO connection established
DEBUG entering function foo
ERROR connection timeout 503
INFO user 192.168.92.139 logged in
WARN slow query: 192.168.219.168ms
WARN retry attempt 192.168.142.104 for 25537
FATAL out of memory
WARN retry attempt 192.168.219.168 for 95581
ERROR connection timeout 503
WARN slow query: 192.168.82.31ms
ERROR auth failure for user 192.168.57.185
DEBUG variable x=192.168.57.185
DEBUG entering function foo
ERROR null pointer in module 192.168.229.48
WARN memory threshold reached: 192.168.92.139MB
ERROR auth failure for user 192.168.121.141
WARN retry attempt 192.168.211.158 for 8645
WARN disk usage 192.168.219.168%
ERROR null pointer in module 192.168.229.48
ERROR connection timeout 503
WARN disk usage 192.168.121.141%
WARN retry attempt 192.168.121.141 for 85675
DEBUG variable x=192.168.178.215
DEBUG entering function foo
WARN slow query: 192.168.60.30ms
ERROR auth failure for user 192.168.178.6
DEBUG variable x=192.168.121.141
WARN retry attempt 192.168.57.185 for 66066
ERROR file not found: /tmp/192.168.193.243.log
ERROR file not found: /tmp/192.168.60.30.log
ERROR null pointer in module 192.168.197.186
INFO processed 192.168.178.215 items
ERROR file not found: /tmp/192.168.57.185.log
WARN memory threshold reached: 192.168.107.168MB
DEBUG cache hit for key=192.168.142.104
ERROR auth failure for user 192.168.219.168
ERROR auth failure for user 192.168.178.215
INFO user 192.168.141.220 logged in
WARN slow query: 192.168.9.50ms
INFO request from 192.168.229.48
ERROR file not found: /tmp/192.168.39.155.log
WARN memory threshold reached: 192.168.121.141MB
DEBUG variable x=192.168.229.48
FATAL unrecoverable disk error
WARN disk usage 192.168.82.31%
FATAL kernel panic
ERROR null pointer in module 192.168.189.144
INFO connection established
ERROR null pointer in module 192.168.9.50
DEBUG heap size: 192.168.60.30
ERROR file not found: /tmp/192.168.60.30.log
ERROR file not found: /tmp/192.168.9.50.log
WARN slow query: 192.168.189.144ms
ERROR null pointer in module 192.168.36.209
WARN disk usage 192.168.219.168%
ERROR auth failure for user 192.168.36.209
INFO request from 192.168.219.168
INFO processed 192.168.193.243 items
INFO request from 192.168.219.168
DEBUG heap size: 192.168.193.243
FATAL segfault at address 0x192.168.197.186
DEBUG variable x=192.168.121.141
ERROR connection timeout 503
WARN memory threshold reached: 192.168.178.6MB
WARN slow query: 192.168.121.141ms
INFO request from 192.168.121.141
DEBUG variable x=192.168.39.155
FATAL unrecoverable disk error
FATAL out of memory
FATAL kernel panic
FATAL segfault at address 0x192.168.178.215
INFO request from 192.168.92.139
DEBUG variable x=192.168.9.50
ERROR null pointer in module 192.168.36.209
WARN memory threshold reached: 192.168.193.243MB
INFO user 192.168.193.243 logged in
FATAL out of memory
FATAL unrecoverable disk error
INFO connection established
WARN memory threshold reached: 192.168.82.31MB
INFO processed 192.168.36.209 items
FATAL segfault at address 0x192.168.178.215
ERROR connection timeout 503
WARN memory threshold reached: 192.168.107.168MB
DEBUG variable x=192.168.39.155
WARN memory threshold reached: 192.168.193.243MB
FATAL kernel panic
DEBUG heap size: 192.168.215.207
ERROR connection timeout 503
WARN retry attempt 192.168.215.207 for 55902
ERROR auth failure for user 192.168.82.31
DEBUG entering function foo
FATAL unrecoverable disk error
INFO user 192.168.57.185 logged in
FATAL kernel panic
INFO connection established
FATAL out of memory
WARN memory threshold reached: 192.168.229.48MB
INFO user 192.168.57.185 logged in
INFO connection established
DEBUG heap size: 192.168.82.31
FATAL out of memory
FATAL out of memory
DEBUG cache hit for key=192.168.60.30
WARN slow query: 192.168.39.155ms
FATAL out of memory
DEBUG cache hit for key=192.168.229.48
ERROR null pointer in module 192.168.211.158
ERROR connection timeout 503
WARN disk usage 192.168.107.168%
FATAL unrecoverable disk error
INFO user 192.168.57.185 logged in
INFO user 192.168.197.186 logged in
INFO processed 192.168.9.50 items
ERROR file not found: /tmp/192.168.193.243.log
DEBUG variable x=192.168.142.104
FATAL unrecoverable disk error
FATAL unrecoverable disk error
ERROR auth failure for user 192.168.39.155
ERROR connection timeout 503
INFO user 192.168.219.168 logged in
WARN slow query: 192.168.189.144ms
DEBUG variable x=192.168.60.30
ERROR null pointer in module 192.168.9.50
DEBUG heap size: 192.168.219.168
WARN disk usage 192.168.229.48%
INFO request from 192.168.82.31
DEBUG cache hit for key=192.168.121.141
INFO processed 192.168.82.31 items
FATAL segfault at address 0x192.168.142.104
ERROR null pointer in module 192.168.36.209
DEBUG heap size: 192.168.9.50
ERROR null pointer in module 192.168.9.50
FATAL out of memory
INFO user 192.168.219.168 logged in
FATAL unrecoverable disk error
ERROR auth failure for user 192.168.178.215
FATAL out of memory
WARN memory threshold reached: 192.168.189.144MB
INFO processed 192.168.193.243 items
ERROR null pointer in module 192.168.142.104
DEBUG cache hit for key=192.168.189.144
DEBUG heap size: 192.168.215.207
ERROR null pointer in module 192.168.92.139
DEBUG entering function foo
WARN retry attempt 192.168.141.220 for 11410
ERROR file not found: /tmp/192.168.57.185.log
ERROR connection timeout 503
DEBUG cache hit for key=192.168.211.158
ERROR file not found: /tmp/192.168.211.158.log
DEBUG heap size: 192.168.121.141
WARN memory threshold reached: 192.168.82.31MB
DEBUG entering function foo
INFO processed 192.168.121.141 items
FATAL unrecoverable disk error
WARN disk usage 192.168.36.209%
DEBUG variable x=192.168.193.243
FATAL kernel panic
WARN disk usage 192.168.178.6%
DEBUG heap size: 192.168.57.185
DEBUG cache hit for key=192.168.178.6
INFO connection established
WARN retry attempt 192.168.82.31 for 76895
ERROR auth failure for user 192.168.82.31
FATAL out of memory
FATAL unrecoverable disk error
FATAL out of memory
INFO request from 192.168.219.168
DEBUG entering function foo
ERROR file not found: /tmp/192.168.141.220.log
FATAL kernel panic
ERROR connection timeout 503
FATAL kernel panic
DEBUG variable x=192.168.9.50
DEBUG variable x=192.168.141.220
DEBUG cache hit for key=192.168.178.6
INFO processed 192.168.92.139 items
ERROR null pointer in module 192.168.178.6
FATAL unrecoverable disk error
INFO request from 192.168.107.168
WARN slow query: 192.168.197.186ms
INFO processed 192.168.57.185 items
WARN retry attempt 192.168.57.185 for 50897
DEBUG cache hit for key=192.168.107.168
INFO request from 192.168.219.168
FATAL unrecoverable disk error
DEBUG heap size: 192.168.142.104
ERROR auth failure for user 192.168.36.209
WARN slow query: 192.168.9.50ms
INFO connection established
ERROR connection timeout 503
FATAL kernel panic
FATAL unrecoverable disk error
DEBUG entering function foo
INFO request from 192.168.121.141
ERROR null pointer in module 192.168.142.104
WARN slow query: 192.168.60.30ms
WARN slow query: 192.168.82.31ms
INFO processed 192.168.57.185 items
WARN disk usage 192.168.60.30%
INFO user 192.168.9.50 logged in
ERROR auth failure for user 192.168.215.207
WARN disk usage 192.168.142.104%
WARN slow query: 192.168.141.220ms
FATAL kernel panic
INFO connection established
INFO user 192.168.60.30 logged in
ERROR null pointer in module 192.168.92.139
ERROR auth failure for user 192.168.219.168
ERROR auth failure for user 192.168.57.185
WARN slow query: 192.168.142.104ms
INFO connection established
WARN slow query: 192.168.9.50ms
INFO request from 192.168.219.168
INFO user 192.168.211.158 logged in
WARN disk usage 192.168.141.220%
WARN memory threshold reached: 192.168.211.158MB
FATAL segfault at address 0x192.168.219.168
ERROR file not found: /tmp/192.168.229.48.log
WARN memory threshold reached: 192.168.141.220MB
DEBUG cache hit for key=192.168.141.220
FATAL segfault at address 0x192.168.9.50
DEBUG entering function foo
WARN disk usage 192.168.193.243%
WARN memory threshold reached: 192.168.60.30MB
INFO request from 192.168.9.50
WARN slow query: 192.168.39.155ms
WARN disk usage 192.168.219.168%
ERROR auth failure for user 192.168.178.6
INFO processed 192.168.215.207 items
ERROR auth failure for user 192.168.92.139
FATAL kernel panic
INFO connection established
INFO connection established
ERROR null pointer in module 192.168.9.50
INFO user 192.168.189.144 logged in
WARN memory threshold reached: 192.168.229.48MB
INFO request from 192.168.36.209
WARN slow query: 192.168.141.220ms
ERROR auth failure for user 192.168.141.220
INFO processed 192.168.82.31 items
WARN retry attempt 192.168.178.215 for 34740
DEBUG heap size: 192.168.219.168
WARN disk usage 192.168.189.144%
INFO request from 192.168.197.186
ERROR auth failure for user 192.168.178.215
FATAL kernel panic
DEBUG heap size: 192.168.189.144
INFO user 192.168.193.243 logged in
INFO request from 192.168.197.186
FATAL segfault at address 0x192.168.9.50
DEBUG variable x=192.168.193.243
ERROR connection timeout 503
INFO connection established
WARN memory threshold reached: 192.168.141.220MB
INFO processed 192.168.229.48 items
ERROR auth failure for user 192.168.197.186
FATAL kernel panic
FATAL out of memory
FATAL segfault at address 0x192.168.92.139
DEBUG cache hit for key=192.168.107.168
DEBUG variable x=192.168.193.243
DEBUG cache hit for key=192.168.82.31
DEBUG variable x=192.168.193.243
INFO user 192.168.219.168 logged in
FATAL segfault at address 0x192.168.57.185
WARN slow query: 192.168.121.141ms
FATAL out of memory
ERROR auth failure for user 192.168.57.185
ERROR auth failure for user 192.168.60.30
ERROR connection timeout 503
WARN retry attempt 192.168.189.144 for 20170
INFO connection established
FATAL segfault at address 0x192.168.9.50
DEBUG heap size: 192.168.211.158
WARN retry attempt 192.168.82.31 for 46460
WARN slow query: 192.168.36.209ms
DEBUG variable x=192.168.141.220
WARN memory threshold reached: 192.168.178.215MB
DEBUG heap size: 192.168.211.158
ERROR auth failure for user 192.168.211.158
INFO request from 192.168.189.144
WARN retry attempt 192.168.211.158 for 32909
ERROR connection timeout 503
ERROR file not found: /tmp/192.168.142.104.log
WARN retry attempt 192.168.82.31 for 92156
FATAL unrecoverable disk error
FATAL unrecoverable disk error
DEBUG heap size: 192.168.178.215
FATAL segfault at address 0x192.168.60.30
FATAL unrecoverable disk error
ERROR connection timeout 503
ERROR connection timeout 503
DEBUG cache hit for key=192.168.36.209
ERROR null pointer in module 192.168.197.186
ERROR auth failure for user 192.168.215.207
WARN retry attempt 192.168.60.30 for 85624
INFO connection established
INFO connection established
INFO user 192.168.229.48 logged in
WARN retry attempt 192.168.211.158 for 11819
INFO user 192.168.219.168 logged in
WARN memory threshold reached: 192.168.57.185MB
DEBUG heap size: 192.168.107.168
ERROR file not found: /tmp/192.168.197.186.log
WARN memory threshold reached: 192.168.60.30MB
INFO connection established
ERROR null pointer in module 192.168.82.31
FATAL kernel panic
DEBUG entering function foo
INFO request from 192.168.193.243
FATAL kernel panic
WARN disk usage 192.168.60.30%
FATAL out of memory
INFO user 192.168.193.243 logged in
INFO user 192.168.121.141 logged in
FATAL unrecoverable disk error
INFO user 192.168.82.31 logged in
INFO processed 192.168.215.207 items
WARN disk usage 192.168.107.168%
DEBUG heap size: 192.168.193.243
INFO request from 192.168.211.158
WARN disk usage 192.168.193.243%
DEBUG heap size: 192.168.107.168
INFO user 192.168.229.48 logged in
INFO connection established
ERROR auth failure for user 192.168.215.207
DEBUG variable x=192.168.9.50
ERROR auth failure for user 192.168.189.144
ERROR null pointer in module 192.168.229.48
ERROR connection timeout 503
INFO connection established
FATAL out of memory
WARN retry attempt 192.168.215.207 for 43605
ERROR connection timeout 503
ERROR file not found: /tmp/192.168.219.168.log
INFO connection established
ERROR connection timeout 503
ERROR connection timeout 503
FATAL unrecoverable disk error
ERROR null pointer in module 192.168.39.155
FATAL unrecoverable disk error
ERROR file not found: /tmp/192.168.82.31.log
WARN disk usage 192.168.229.48%
ERROR null pointer in module 192.168.82.31
WARN retry attempt 192.168.121.141 for 32904
INFO connection established
WARN memory threshold reached: 192.168.141.220MB
DEBUG variable x=192.168.189.144
ERROR connection timeout 503
ERROR file not found: /tmp/192.168.219.168.log
INFO processed 192.168.107.168 items
INFO processed 192.168.142.104 items
DEBUG entering function foo
FATAL unrecoverable disk error
INFO user 192.168.189.144 logged in
WARN disk usage 192.168.178.215%
ERROR file not found: /tmp/192.168.215.207.log
INFO connection established
DEBUG heap size: 192.168.107.168
ERROR null pointer in module 192.168.9.50
WARN memory threshold reached: 192.168.178.6MB
WARN memory threshold reached: 192.168.197.186MB
DEBUG cache hit for key=192.168.92.139
DEBUG variable x=192.168.57.185
INFO user 192.168.57.185 logged in
WARN slow query: 192.168.197.186ms
WARN memory threshold reached: 192.168.178.6MB
INFO user 192.168.211.158 logged in
WARN slow query: 192.168.189.144ms
ERROR file not found: /tmp/192.168.57.185.log
FATAL segfault at address 0x192.168.219.168
ERROR file not found: /tmp/192.168.142.104.log
FATAL unrecoverable disk error
INFO user 192.168.142.104 logged in
INFO request from 192.168.197.186
INFO processed 192.168.36.209 items
DEBUG heap size: 192.168.9.50
FATAL out of memory
FATAL kernel panic
DEBUG heap size: 192.168.107.168
FATAL out of memory
INFO processed 192.168.178.215 items
DEBUG variable x=192.168.197.186
FATAL unrecoverable disk error
DEBUG heap size: 192.168.107.168
ERROR connection timeout 503
ERROR null pointer in module 192.168.82.31
WARN retry attempt 192.168.121.141 for 93221
INFO request from 192.168.57.185
ERROR null pointer in module 192.168.219.168
FATAL unrecoverable disk error
ERROR file not found: /tmp/192.168.107.168.log
FATAL segfault at address 0x192.168.229.48
FATAL unrecoverable disk error
ERROR file not found: /tmp/192.168.107.168.log
WARN memory threshold reached: 192.168.39.155MB
FATAL kernel panic
FATAL segfault at address 0x192.168.142.104
FATAL kernel panic
DEBUG entering function foo
WARN disk usage 192.168.229.48%
WARN memory threshold reached: 192.168.193.243MB
FATAL out of memory
ERROR connection timeout 503
FATAL segfault at address 0x192.168.57.185
FATAL segfault at address 0x192.168.193.243
FATAL segfault at address 0x192.168.215.207
FATAL segfault at address 0x192.168.9.50
ERROR file not found: /tmp/192.168.197.186.log
FATAL segfault at address 0x192.168.193.243
WARN disk usage 192.168.39.155%
ERROR file not found: /tmp/192.168.189.144.log
FATAL out of memory
DEBUG entering function foo
INFO request from 192.168.9.50
WARN disk usage 192.168.189.144%
FATAL segfault at address 0x192.168.141.220
INFO user 192.168.121.141 logged in
INFO processed 192.168.107.168 items
DEBUG entering function foo
INFO user 192.168.215.207 logged in
ERROR auth failure for user 192.168.178.215
WARN retry attempt 192.168.211.158 for 93369
WARN slow query: 192.168.219.168ms
ERROR file not found: /tmp/192.168.82.31.log
INFO connection established
FATAL out of memory
DEBUG entering function foo
FATAL unrecoverable disk error
WARN memory threshold reached: 192.168.121.141MB
ERROR auth failure for user 192.168.57.185
FATAL unrecoverable disk error
FATAL segfault at address 0x192.168.9.50
FATAL unrecoverable disk error
ERROR connection timeout 503
WARN retry attempt 192.168.215.207 for 36655
DEBUG entering function foo
ERROR file not found: /tmp/192.168.178.215.log
ERROR file not found: /tmp/192.168.178.6.log
ERROR file not found: /tmp/192.168.219.168.log
DEBUG heap size: 192.168.92.139
DEBUG cache hit for key=192.168.197.186
ERROR auth failure for user 192.168.107.168
FATAL out of memory
DEBUG variable x=192.168.141.220
ERROR auth failure for user 192.168.107.168
ERROR file not found: /tmp/192.168.189.144.log
INFO user 192.168.219.168 logged in
FATAL segfault at address 0x192.168.57.185
ERROR auth failure for user 192.168.197.186
INFO user 192.168.189.144 logged in
DEBUG heap size: 192.168.189.144
FATAL out of memory
ERROR connection timeout 503
WARN disk usage 192.168.9.50%
DEBUG heap size: 192.168.9.50
FATAL unrecoverable disk error
WARN disk usage 192.168.197.186%
FATAL unrecoverable disk error
WARN retry attempt 192.168.193.243 for 36977
DEBUG heap size: 192.168.57.185
INFO connection established
ERROR file not found: /tmp/192.168.92.139.log
FATAL segfault at address 0x192.168.142.104
FATAL out of memory
FATAL kernel panic
ERROR null pointer in module 192.168.57.185
FATAL kernel panic
INFO request from 192.168.189.144
ERROR file not found: /tmp/192.168.9.50.log
DEBUG variable x=192.168.193.243
ERROR connection timeout 503
WARN disk usage 192.168.211.158%
ERROR auth failure for user 192.168.193.243
FATAL segfault at address 0x192.168.141.220
FATAL kernel panic
WARN slow query: 192.168.215.207ms
FATAL out of memory
WARN memory threshold reached: 192.168.141.220MB
DEBUG variable x=192.168.142.104
DEBUG cache hit for key=192.168.197.186
DEBUG entering function foo
FATAL unrecoverable disk error
DEBUG entering function foo
INFO processed 192.168.189.144 items
WARN slow query: 192.168.9.50ms
DEBUG variable x=192.168.211.158
FATAL kernel panic
WARN slow query: 192.168.121.141ms
INFO user 192.168.219.168 logged in
ERROR connection timeout 503
DEBUG cache hit for key=192.168.189.144
ERROR file not found: /tmp/192.168.36.209.log
DEBUG heap size: 192.168.107.168
WARN disk usage 192.168.189.144%
DEBUG variable x=192.168.189.144
INFO request from 192.168.178.215
FATAL unrecoverable disk error
DEBUG entering function foo
FATAL unrecoverable disk error
FATAL out of memory
FATAL unrecoverable disk error
ERROR file not found: /tmp/192.168.219.168.log
ERROR connection timeout 503
INFO connection established
INFO connection established
ERROR null pointer in module 192.168.178.215
INFO connection established
INFO connection established
DEBUG heap size: 192.168.141.220
ERROR null pointer in module 192.168.92.139
WARN disk usage 192.168.39.155%
WARN slow query: 192.168.107.168ms
DEBUG cache hit for key=192.168.39.155
DEBUG variable x=192.168.36.209
INFO connection established
WARN slow query: 192.168.229.48ms
DEBUG heap size: 192.168.60.30
WARN memory threshold reached: 192.168.82.31MB
DEBUG cache hit for key=192.168.189.144
ERROR null pointer in module 192.168.9.50
FATAL unrecoverable disk error
FATAL segfault at address 0x192.168.107.168
INFO processed 192.168.121.141 items
WARN slow query: 192.168.121.141ms
DEBUG heap size: 192.168.92.139
WARN memory threshold reached: 192.168.215.207MB
ERROR file not found: /tmp/192.168.36.209.log
INFO user 192.168.229.48 logged in
INFO request from 192.168.193.243
INFO connection established
INFO user 192.168.189.144 logged in
ERROR null pointer in module 192.168.92.139
FATAL kernel panic
WARN retry attempt 192.168.197.186 for 40466
FATAL kernel panic
WARN memory threshold reached: 192.168.107.168MB
WARN memory threshold reached: 192.168.39.155MB
WARN disk usage 192.168.82.31%
FATAL out of memory
WARN memory threshold reached: 192.168.121.141MB
WARN retry attempt 192.168.121.141 for 11563
WARN disk usage 192.168.178.215%
INFO user 192.168.219.168 logged in
FATAL unrecoverable disk error
WARN slow query: 192.168.121.141ms
INFO user 192.168.211.158 logged in
FATAL out of memory
WARN retry attempt 192.168.215.207 for 16557
INFO connection established
DEBUG cache hit for key=192.168.193.243
ERROR null pointer in module 192.168.39.155
DEBUG heap size: 192.168.211.158
INFO request from 192.168.142.104
DEBUG cache hit for key=192.168.92.139
FATAL segfault at address 0x192.168.82.31
INFO user 192.168.178.6 logged in
ERROR file not found: /tmp/192.168.219.168.log
WARN slow query: 192.168.142.104ms
DEBUG heap size: 192.168.197.186
INFO connection established
DEBUG entering function foo
INFO processed 192.168.57.185 items
ERROR null pointer in module 192.168.60.30
WARN retry attempt 192.168.178.6 for 6302
ERROR connection timeout 503
FATAL out of memory
DEBUG heap size: 192.168.9.50
INFO request from 192.168.178.6
DEBUG variable x=192.168.82.31
INFO connection established
DEBUG variable x=192.168.142.104
FATAL unrecoverable disk error
FATAL out of memory
WARN disk usage 192.168.215.207%
ERROR auth failure for user 192.168.141.220
ERROR file not found: /tmp/192.168.178.6.log
ERROR auth failure for user 192.168.178.215
DEBUG heap size: 192.168.211.158
ERROR file not found: /tmp/192.168.141.220.log
ERROR null pointer in module 192.168.60.30
ERROR file not found: /tmp/192.168.219.168.log
WARN retry attempt 192.168.92.139 for 6104
WARN slow query: 192.168.39.155ms
FATAL segfault at address 0x192.168.193.243
WARN retry attempt 192.168.92.139 for 60030
FATAL out of memory
ERROR file not found: /tmp/192.168.197.186.log
DEBUG variable x=192.168.39.155
FATAL out of memory
WARN slow query: 192.168.193.243ms
INFO connection established
FATAL out of memory
ERROR null pointer in module 192.168.60.30
FATAL kernel panic
WARN disk usage 192.168.82.31%
INFO processed 192.168.197.186 items
ERROR null pointer in module 192.168.36.209
FATAL kernel panic
INFO request from 192.168.193.243
DEBUG cache hit for key=192.168.39.155
FATAL segfault at address 0x192.168.60.30
ERROR connection timeout 503
INFO user 192.168.197.186 logged in
INFO user 192.168.178.215 logged in
INFO connection established
FATAL unrecoverable disk error
WARN memory threshold reached: 192.168.211.158MB
FATAL unrecoverable disk error
FATAL out of memory
WARN disk usage 192.168.121.141%
ERROR auth failure for user 192.168.107.168
INFO processed 192.168.60.30 items
ERROR file not found: /tmp/192.168.215.207.log
DEBUG variable x=192.168.107.168
INFO processed 192.168.178.215 items
ERROR auth failure for user 192.168.193.243
INFO request from 192.168.211.158
WARN slow query: 192.168.193.243ms
DEBUG cache hit for key=192.168.92.139
ERROR null pointer in module 192.168.82.31
DEBUG variable x=192.168.229.48
INFO request from 192.168.36.209
DEBUG variable x=192.168.215.207
FATAL segfault at address 0x192.168.36.209
WARN slow query: 192.168.229.48ms
WARN slow query: 192.168.57.185ms
INFO user 192.168.189.144 logged in
WARN retry attempt 192.168.197.186 for 5613
DEBUG heap size: 192.168.142.104
WARN disk usage 192.168.178.6%
INFO connection established
INFO request from 192.168.60.30
DEBUG cache hit for key=192.168.229.48
ERROR file not found: /tmp/192.168.39.155.log
INFO processed 192.168.60.30 items
DEBUG cache hit for key=192.168.193.243
FATAL segfault at address 0x192.168.9.50
INFO request from 192.168.57.185
FATAL unrecoverable disk error
DEBUG cache hit for key=192.168.92.139
ERROR auth failure for user 192.168.142.104
ERROR auth failure for user 192.168.211.158
ERROR file not found: /tmp/192.168.229.48.log
INFO user 192.168.193.243 logged in
ERROR file not found: /tmp/192.168.39.155.log
FATAL out of memory
FATAL segfault at address 0x192.168.60.30
FATAL out of memory
FATAL unrecoverable disk error
FATAL out of memory
FATAL kernel panic
ERROR connection timeout 503
INFO request from 192.168.215.207
FATAL out of memory
FATAL segfault at address 0x192.168.193.243
ERROR auth failure for user 192.168.9.50
ERROR connection timeout 503
DEBUG heap size: 192.168.107.168
ERROR connection timeout 503
FATAL segfault at address 0x192.168.36.209
WARN slow query: 192.168.39.155ms
INFO processed 192.168.193.243 items
ERROR null pointer in module 192.168.229.48
WARN retry attempt 192.168.193.243 for 92147
FATAL unrecoverable disk error
FATAL segfault at address 0x192.168.9.50
DEBUG variable x=192.168.141.220
FATAL unrecoverable disk error
INFO processed 192.168.92.139 items
DEBUG cache hit for key=192.168.36.209
FATAL out of memory
WARN disk usage 192.168.178.6%
WARN retry attempt 192.168.121.141 for 43107
ERROR file not found: /tmp/192.168.215.207.log
INFO user 192.168.189.144 logged in
WARN retry attempt 192.168.178.215 for 85970
DEBUG heap size: 192.168.9.50
WARN retry attempt 192.168.178.6 for 80726
FATAL out of memory
DEBUG entering function foo
WARN slow query: 192.168.36.209ms
WARN memory threshold reached: 192.168.9.50MB
INFO user 192.168.82.31 logged in
DEBUG cache hit for key=192.168.142.104
DEBUG entering function foo
WARN disk usage 192.168.215.207%
ERROR null pointer in module 192.168.189.144
ERROR null pointer in module 192.168.215.207
DEBUG variable x=192.168.107.168
WARN memory threshold reached: 192.168.36.209MB
ERROR null pointer in module 192.168.197.186
ERROR null pointer in module 192.168.178.215
INFO user 192.168.9.50 logged in
FATAL kernel panic
ERROR connection timeout 503
WARN retry attempt 192.168.92.139 for 14007
WARN retry attempt 192.168.9.50 for 3410
DEBUG heap size: 192.168.178.6
ERROR null pointer in module 192.168.82.31
ERROR file not found: /tmp/192.168.39.155.log
FATAL unrecoverable disk error
DEBUG entering function foo
FATAL out of memory
FATAL segfault at address 0x192.168.141.220
FATAL unrecoverable disk error
FATAL unrecoverable disk error
DEBUG heap size: 192.168.215.207
WARN memory threshold reached: 192.168.39.155MB
INFO processed 192.168.39.155 items
INFO user 192.168.141.220 logged in
ERROR auth failure for user 192.168.189.144
INFO request from 192.168.189.144
ERROR null pointer in module 192.168.60.30
INFO request from 192.168.60.30
INFO user 192.168.36.209 logged in
WARN retry attempt 192.168.9.50 for 7760
INFO connection established
WARN retry attempt 192.168.229.48 for 93991
INFO connection established
ERROR connection timeout 503
WARN retry attempt 192.168.193.243 for 92580
INFO processed 192.168.82.31 items
WARN slow query: 192.168.82.31ms
INFO request from 192.168.142.104
FATAL unrecoverable disk error
FATAL out of memory
WARN slow query: 192.168.142.104ms
DEBUG variable x=192.168.189.144
ERROR auth failure for user 192.168.229.48
FATAL kernel panic
INFO processed 192.168.219.168 items
INFO processed 192.168.211.158 items
DEBUG entering function foo
DEBUG heap size: 192.168.9.50
WARN retry attempt 192.168.193.243 for 59371
INFO user 192.168.178.215 logged in
WARN memory threshold reached: 192.168.121.141MB
ERROR null pointer in module 192.168.121.141
DEBUG variable x=192.168.215.207
INFO processed 192.168.211.158 items
ERROR null pointer in module 192.168.60.30
FATAL kernel panic
FATAL out of memory
ERROR connection timeout 503
FATAL unrecoverable disk error
INFO connection established
INFO processed 192.168.197.186 items
INFO user 192.168.141.220 logged in
WARN memory threshold reached: 192.168.197.186MB
ERROR null pointer in module 192.168.92.139
INFO connection established
ERROR file not found: /tmp/192.168.121.141.log
INFO user 192.168.229.48 logged in
WARN memory threshold reached: 192.168.82.31MB
FATAL kernel panic
FATAL out of memory
FATAL unrecoverable disk error
DEBUG entering function foo
DEBUG cache hit for key=192.168.193.243
DEBUG heap size: 192.168.229.48
WARN memory threshold reached: 192.168.219.168MB
DEBUG cache hit for key=192.168.178.215
INFO user 192.168.141.220 logged in
INFO user 192.168.92.139 logged in
INFO user 192.168.219.168 logged in
INFO connection established
INFO user 192.168.60.30 logged in
ERROR connection timeout 503
ERROR auth failure for user 192.168.92.139
DEBUG entering function foo
WARN retry attempt 192.168.36.209 for 86611
ERROR auth failure for user 192.168.9.50
DEBUG cache hit for key=192.168.9.50
DEBUG cache hit for key=192.168.178.6
FATAL out of memory
DEBUG cache hit for key=192.168.229.48
ERROR connection timeout 503
FATAL segfault at address 0x192.168.178.6
FATAL kernel panic
DEBUG cache hit for key=192.168.141.220
WARN slow query: 192.168.142.104ms
INFO request from 192.168.178.215
FATAL kernel panic
INFO processed 192.168.189.144 items
ERROR null pointer in module 192.168.60.30
FATAL out of memory
WARN retry attempt 192.168.36.209 for 31290
ERROR null pointer in module 192.168.39.155
INFO processed 192.168.9.50 items
WARN slow query: 192.168.215.207ms
INFO connection established
DEBUG cache hit for key=192.168.36.209
INFO user 192.168.92.139 logged in
WARN disk usage 192.168.92.139%
WARN retry attempt 192.168.197.186 for 36552
FATAL segfault at address 0x192.168.229.48
INFO user 192.168.82.31 logged in
ERROR file not found: /tmp/192.168.215.207.log
DEBUG variable x=192.168.197.186
DEBUG entering function foo
DEBUG heap size: 192.168.121.141
INFO processed 192.168.9.50 items
ERROR connection timeout 503
DEBUG variable x=192.168.9.50
FATAL segfault at address 0x192.168.39.155
ERROR file not found: /tmp/192.168.82.31.log
DEBUG cache hit for key=192.168.141.220
WARN memory threshold reached: 192.168.9.50MB
INFO connection established
INFO connection established
INFO request from 192.168.211.158
WARN memory threshold reached: 192.168.193.243MB
WARN slow query: 192.168.229.48ms
INFO connection established
FATAL out of memory
ERROR null pointer in module 192.168.178.6
FATAL segfault at address 0x192.168.39.155
ERROR file not found: /tmp/192.168.178.6.log
FATAL out of memory
INFO user 192.168.121.141 logged in
DEBUG cache hit for key=192.168.211.158
INFO user 192.168.178.215 logged in
INFO connection established
FATAL segfault at address 0x192.168.193.243
DEBUG entering function foo
FATAL segfault at address 0x192.168.193.243
INFO connection established
INFO user 192.168.189.144 logged in
DEBUG heap size: 192.168.211.158
INFO request from 192.168.36.209
DEBUG heap size: 192.168.39.155
INFO connection established
DEBUG cache hit for key=192.168.178.6
WARN disk usage 192.168.92.139%
ERROR null pointer in module 192.168.39.155
ERROR null pointer in module 192.168.107.168
ERROR connection timeout 503
DEBUG heap size: 192.168.215.207
FATAL unrecoverable disk error
ERROR null pointer in module 192.168.178.6
WARN retry attempt 192.168.211.158 for 81967
WARN slow query: 192.168.60.30ms
INFO processed 192.168.193.243 items
ERROR auth failure for user 192.168.36.209
FATAL segfault at address 0x192.168.142.104
FATAL kernel panic
WARN retry attempt 192.168.178.215 for 24512
FATAL kernel panic
ERROR null pointer in module 192.168.39.155
FATAL kernel panic
WARN slow query: 192.168.142.104ms
ERROR null pointer in module 192.168.193.243
FATAL out of memory
FATAL kernel panic
INFO user 192.168.57.185 logged in
FATAL segfault at address 0x192.168.57.185
DEBUG variable x=192.168.142.104
WARN slow query: 192.168.57.185ms
DEBUG heap size: 192.168.178.215
DEBUG heap size: 192.168.211.158
ERROR auth failure for user 192.168.60.30
WARN disk usage 192.168.141.220%
FATAL kernel panic
FATAL segfault at address 0x192.168.189.144
DEBUG cache hit for key=192.168.219.168
INFO connection established
FATAL out of memory
FATAL unrecoverable disk error
INFO user 192.168.141.220 logged in
INFO connection established
FATAL out of memory
ERROR auth failure for user 192.168.211.158
FATAL out of memory
DEBUG variable x=192.168.60.30
DEBUG cache hit for key=192.168.215.207
FATAL segfault at address 0x192.168.219.168
FATAL kernel panic
FATAL kernel panic
ERROR file not found: /tmp/192.168.215.207.log
FATAL kernel panic
DEBUG cache hit for key=192.168.178.215
INFO connection established
INFO user 192.168.215.207 logged in
FATAL segfault at address 0x192.168.219.168
DEBUG heap size: 192.168.178.6
FATAL unrecoverable disk error
WARN slow query: 192.168.178.215ms
FATAL unrecoverable disk error
ERROR auth failure for user 192.168.215.207
DEBUG variable x=192.168.107.168
WARN memory threshold reached: 192.168.197.186MB
WARN disk usage 192.168.197.186%
FATAL out of memory
FATAL unrecoverable disk error
WARN disk usage 192.168.9.50%
DEBUG entering function foo
FATAL kernel panic
DEBUG cache hit for key=192.168.141.220
INFO user 192.168.178.6 logged in
WARN memory threshold reached: 192.168.36.209MB
DEBUG cache hit for key=192.168.107.168
FATAL segfault at address 0x192.168.141.220
DEBUG heap size: 192.168.39.155
DEBUG cache hit for key=192.168.60.30
WARN memory threshold reached: 192.168.178.6MB
DEBUG heap size: 192.168.39.155
WARN slow query: 192.168.142.104ms
INFO user 192.168.211.158 logged in
ERROR null pointer in module 192.168.60.30
ERROR connection timeout 503
FATAL unrecoverable disk error
FATAL unrecoverable disk error
FATAL kernel panic
WARN slow query: 192.168.211.158ms
ERROR file not found: /tmp/192.168.193.243.log
DEBUG entering function foo
WARN slow query: 192.168.57.185ms
INFO connection established
WARN slow query: 192.168.197.186ms
DEBUG entering function foo
INFO connection established
WARN retry attempt 192.168.9.50 for 60922
FATAL segfault at address 0x192.168.60.30
INFO request from 192.168.141.220
WARN retry attempt 192.168.178.215 for 81373
DEBUG heap size: 192.168.178.215
WARN slow query: 192.168.39.155ms
ERROR connection timeout 503
WARN memory threshold reached: 192.168.211.158MB
INFO request from 192.168.9.50
DEBUG cache hit for key=192.168.189.144
DEBUG variable x=192.168.36.209
DEBUG entering function foo
WARN slow query: 192.168.82.31ms
DEBUG variable x=192.168.57.185
DEBUG variable x=192.168.36.209
INFO processed 192.168.57.185 items
DEBUG variable x=192.168.211.158
ERROR auth failure for user 192.168.215.207
INFO connection established
INFO request from 192.168.193.243
WARN memory threshold reached: 192.168.92.139MB
DEBUG cache hit for key=192.168.92.139
DEBUG cache hit for key=192.168.219.168
ERROR auth failure for user 192.168.189.144
ERROR connection timeout 503
ERROR file not found: /tmp/192.168.215.207.log
DEBUG variable x=192.168.92.139
DEBUG entering function foo
FATAL out of memory
FATAL unrecoverable disk error
ERROR connection timeout 503
ERROR auth failure for user 192.168.193.243
FATAL out of memory
FATAL segfault at address 0x192.168.57.185
FATAL unrecoverable disk error
ERROR null pointer in module 192.168.121.141
WARN memory threshold reached: 192.168.39.155MB
DEBUG entering function foo
DEBUG variable x=192.168.121.141
FATAL segfault at address 0x192.168.57.185
FATAL segfault at address 0x192.168.215.207
WARN memory threshold reached: 192.168.107.168MB
FATAL out of memory
INFO request from 192.168.141.220
FATAL unrecoverable disk error
WARN disk usage 192.168.9.50%
WARN retry attempt 192.168.178.215 for 31626
ERROR connection timeout 503
INFO connection established
INFO connection established
DEBUG entering function foo
FATAL out of memory
WARN memory threshold reached: 192.168.178.215MB
ERROR auth failure for user 192.168.229.48
INFO processed 192.168.141.220 items
FATAL segfault at address 0x192.168.36.209
INFO user 192.168.82.31 logged in
INFO processed 192.168.219.168 items
INFO user 192.168.215.207 logged in
FATAL segfault at address 0x192.168.219.168
INFO user 192.168.229.48 logged in
FATAL segfault at address 0x192.168.229.48
ERROR null pointer in module 192.168.82.31
WARN disk usage 192.168.215.207%
DEBUG variable x=192.168.107.168
INFO request from 192.168.193.243
ERROR connection timeout 503
INFO request from 192.168.57.185
FATAL unrecoverable disk error
DEBUG heap size: 192.168.57.185
INFO user 192.168.178.6 logged in
FATAL unrecoverable disk error
DEBUG cache hit for key=192.168.9.50
ERROR null pointer in module 192.168.57.185
DEBUG heap size: 192.168.215.207
ERROR auth failure for user 192.168.178.215
INFO request from 192.168.121.141
INFO request from 192.168.36.209
DEBUG cache hit for key=192.168.60.30
WARN memory threshold reached: 192.168.36.209MB
DEBUG entering function foo
FATAL out of memory
ERROR auth failure for user 192.168.197.186
INFO user 192.168.229.48 logged in
DEBUG heap size: 192.168.39.155
DEBUG entering function foo
DEBUG heap size: 192.168.92.139
ERROR auth failure for user 192.168.57.185
WARN memory threshold reached: 192.168.189.144MB
WARN memory threshold reached: 192.168.36.209MB
WARN disk usage 192.168.82.31%
WARN slow query: 192.168.215.207ms
FATAL kernel panic
FATAL kernel panic
FATAL kernel panic
DEBUG cache hit for key=192.168.39.155
DEBUG heap size: 192.168.215.207
DEBUG heap size: 192.168.229.48
ERROR auth failure for user 192.168.178.6
FATAL segfault at address 0x192.168.189.144
ERROR connection timeout 503
DEBUG entering function foo
DEBUG variable x=192.168.178.6
DEBUG heap size: 192.168.36.209
DEBUG entering function foo
INFO request from 192.168.197.186
DEBUG cache hit for key=192.168.141.220
DEBUG cache hit for key=192.168.107.168
FATAL segfault at address 0x192.168.36.209
ERROR connection timeout 503
DEBUG cache hit for key=192.168.121.141
INFO connection established
ERROR connection timeout 503
FATAL kernel panic
WARN retry attempt 192.168.219.168 for 28541
ERROR connection timeout 503
WARN memory threshold reached: 192.168.219.168MB
INFO user 192.168.189.144 logged in
DEBUG variable x=192.168.219.168
WARN memory threshold reached: 192.168.211.158MB
WARN disk usage 192.168.211.158%
FATAL unrecoverable disk error
INFO request from 192.168.215.207
WARN disk usage 192.168.229.48%
DEBUG variable x=192.168.178.215
FATAL kernel panic
INFO connection established
ERROR file not found: /tmp/192.168.197.186.log
INFO request from 192.168.193.243
FATAL kernel panic
DEBUG entering function foo
INFO user 192.168.178.6 logged in
FATAL kernel panic
INFO processed 192.168.178.215 items
INFO processed 192.168.9.50 items
DEBUG entering function foo
ERROR null pointer in module 192.168.60.30
FATAL segfault at address 0x192.168.197.186
FATAL kernel panic
WARN memory threshold reached: 192.168.189.144MB
FATAL out of memory
FATAL unrecoverable disk error
FATAL kernel panic
ERROR connection timeout 503
ERROR null pointer in module 192.168.141.220
INFO processed 192.168.142.104 items
WARN disk usage 192.168.36.209%
WARN memory threshold reached: 192.168.107.168MB
FATAL unrecoverable disk error
WARN disk usage 192.168.82.31%
DEBUG heap size: 192.168.178.215
DEBUG cache hit for key=192.168.82.31
INFO user 192.168.178.6 logged in
WARN retry attempt 192.168.211.158 for 39899
DEBUG cache hit for key=192.168.189.144
DEBUG cache hit for key=192.168.57.185
FATAL segfault at address 0x192.168.193.243
INFO connection established
DEBUG variable x=192.168.57.185
INFO processed 192.168.219.168 items
ERROR connection timeout 503
ERROR null pointer in module 192.168.36.209
INFO user 192.168.178.6 logged in
ERROR null pointer in module 192.168.197.186
DEBUG heap size: 192.168.60.30
DEBUG variable x=192.168.39.155
INFO processed 192.168.141.220 items
WARN slow query: 192.168.193.243ms
WARN retry attempt 192.168.82.31 for 92861
INFO request from 192.168.215.207
ERROR file not found: /tmp/192.168.193.243.log
INFO processed 192.168.178.6 items
WARN slow query: 192.168.189.144ms
INFO request from 192.168.141.220
ERROR file not found: /tmp/192.168.141.220.log
DEBUG variable x=192.168.9.50
INFO connection established
DEBUG heap size: 192.168.142.104
FATAL kernel panic
WARN slow query: 192.168.189.144ms
FATAL unrecoverable disk error
FATAL out of memory
FATAL out of memory
FATAL unrecoverable disk error
FATAL segfault at address 0x192.168.178.6
INFO request from 192.168.193.243
DEBUG entering function foo
FATAL kernel panic
FATAL segfault at address 0x192.168.60.30
FATAL segfault at address 0x192.168.178.215
FATAL segfault at address 0x192.168.92.139
WARN slow query: 192.168.215.207ms
DEBUG variable x=192.168.39.155
DEBUG heap size: 192.168.197.186
DEBUG heap size: 192.168.197.186
ERROR null pointer in module 192.168.9.50
ERROR auth failure for user 192.168.60.30
DEBUG variable x=192.168.211.158
INFO connection established
WARN retry attempt 192.168.193.243 for 52669
FATAL unrecoverable disk error
FATAL segfault at address 0x192.168.178.215
ERROR connection timeout 503
INFO user 192.168.142.104 logged in
FATAL unrecoverable disk error
DEBUG variable x=192.168.57.185
WARN retry attempt 192.168.193.243 for 87398
FATAL kernel panic
FATAL kernel panic
WARN slow query: 192.168.36.209ms
ERROR file not found: /tmp/192.168.178.6.log
DEBUG heap size: 192.168.211.158
DEBUG cache hit for key=192.168.9.50
INFO connection established
WARN retry attempt 192.168.39.155 for 95905
FATAL segfault at address 0x192.168.215.207
DEBUG entering function foo
DEBUG entering function foo
DEBUG variable x=192.168.211.158
WARN memory threshold reached: 192.168.178.6MB
DEBUG cache hit for key=192.168.229.48
ERROR null pointer in module 192.168.92.139
INFO request from 192.168.121.141
INFO processed 192.168.142.104 items
DEBUG cache hit for key=192.168.211.158
DEBUG variable x=192.168.60.30
ERROR null pointer in module 192.168.39.155
FATAL unrecoverable disk error
ERROR connection timeout 503
WARN retry attempt 192.168.9.50 for 8643
FATAL unrecoverable disk error
ERROR null pointer in module 192.168.9.50
ERROR auth failure for user 192.168.193.243
INFO user 192.168.121.141 logged in
ERROR auth failure for user 192.168.9.50
ERROR auth failure for user 192.168.57.185
WARN disk usage 192.168.193.243%
ERROR file not found: /tmp/192.168.211.158.log
DEBUG entering function foo
FATAL kernel panic
WARN retry attempt 192.168.193.243 for 85454
DEBUG heap size: 192.168.193.243
ERROR null pointer in module 192.168.219.168
DEBUG heap size: 192.168.36.209
INFO processed 192.168.178.215 items
WARN memory threshold reached: 192.168.193.243MB
ERROR auth failure for user 192.168.215.207
FATAL kernel panic
INFO connection established
INFO processed 192.168.142.104 items
WARN memory threshold reached: 192.168.36.209MB
INFO connection established
FATAL unrecoverable disk error
FATAL segfault at address 0x192.168.36.209
ERROR null pointer in module 192.168.215.207
WARN disk usage 192.168.107.168%
INFO user 192.168.36.209 logged in
ERROR connection timeout 503
INFO processed 192.168.229.48 items
ERROR null pointer in module 192.168.39.155
DEBUG entering function foo
DEBUG variable x=192.168.82.31
WARN disk usage 192.168.211.158%
DEBUG heap size: 192.168.178.6
FATAL segfault at address 0x192.168.189.144
WARN memory threshold reached: 192.168.9.50MB
FATAL kernel panic
ERROR auth failure for user 192.168.39.155
ERROR file not found: /tmp/192.168.36.209.log
ERROR file not found: /tmp/192.168.39.155.log
FATAL out of memory
ERROR connection timeout 503
FATAL out of memory
FATAL out of memory
FATAL kernel panic
INFO connection established
DEBUG entering function foo
DEBUG variable x=192.168.219.168
DEBUG variable x=192.168.178.6
FATAL kernel panic
DEBUG entering function foo
WARN slow query: 192.168.193.243ms
ERROR connection timeout 503
INFO user 192.168.229.48 logged in
ERROR connection timeout 503
ERROR file not found: /tmp/192.168.39.155.log
ERROR connection timeout 503
DEBUG entering function foo
DEBUG cache hit for key=192.168.107.168
WARN slow query: 192.168.219.168ms
WARN disk usage 192.168.121.141%
ERROR auth failure for user 192.168.57.185
DEBUG heap size: 192.168.107.168
ERROR file not found: /tmp/192.168.39.155.log
WARN disk usage 192.168.92.139%
ERROR file not found: /tmp/192.168.36.209.log
WARN disk usage 192.168.9.50%
DEBUG entering function foo
FATAL segfault at address 0x192.168.121.141
ERROR connection timeout 503
INFO connection established
INFO connection established
INFO connection established
ERROR null pointer in module 192.168.215.207
DEBUG cache hit for key=192.168.121.141
DEBUG variable x=192.168.39.155
DEBUG heap size: 192.168.178.6
WARN retry attempt 192.168.82.31 for 53840
FATAL out of memory
WARN memory threshold reached: 192.168.197.186MB
DEBUG variable x=192.168.197.186
WARN retry attempt 192.168.121.141 for 91217
FATAL kernel panic
FATAL unrecoverable disk error
ERROR connection timeout 503
ERROR null pointer in module 192.168.142.104
WARN disk usage 192.168.107.168%
DEBUG entering function foo
FATAL unrecoverable disk error
INFO processed 192.168.215.207 items
FATAL segfault at address 0x192.168.178.215
DEBUG heap size: 192.168.189.144
WARN retry attempt 192.168.211.158 for 36622
INFO user 192.168.57.185 logged in
WARN memory threshold reached: 192.168.36.209MB
DEBUG heap size: 192.168.141.220
DEBUG heap size: 192.168.178.215
FATAL out of memory
WARN retry attempt 192.168.57.185 for 62465
ERROR connection timeout 503
INFO connection established
INFO request from 192.168.141.220
INFO connection established
FATAL out of memory
INFO processed 192.168.57.185 items
ERROR connection timeout 503
ERROR file not found: /tmp/192.168.193.243.log
INFO user 192.168.107.168 logged in
DEBUG entering function foo
FATAL kernel panic
ERROR auth failure for user 192.168.57.185
INFO connection established
DEBUG variable x=192.168.92.139
WARN retry attempt 192.168.107.168 for 62938
ERROR null pointer in module 192.168.60.30
WARN slow query: 192.168.178.6ms
WARN retry attempt 192.168.197.186 for 46371
WARN disk usage 192.168.229.48%
WARN disk usage 192.168.39.155%
FATAL out of memory
FATAL unrecoverable disk error
INFO request from 192.168.60.30
FATAL kernel panic
ERROR file not found: /tmp/192.168.193.243.log
ERROR auth failure for user 192.168.141.220
FATAL kernel panic
DEBUG variable x=192.168.193.243
INFO request from 192.168.121.141
ERROR file not found: /tmp/192.168.215.207.log
INFO request from 192.168.36.209
DEBUG entering function foo
ERROR file not found: /tmp/192.168.141.220.log
DEBUG variable x=192.168.219.168
ERROR file not found: /tmp/192.168.141.220.log
FATAL unrecoverable disk error
DEBUG heap size: 192.168.193.243
ERROR null pointer in module 192.168.211.158
DEBUG cache hit for key=192.168.229.48
ERROR file not found: /tmp/192.168.215.207.log
WARN memory threshold reached: 192.168.107.168MB
INFO connection established
INFO request from 192.168.57.185
WARN disk usage 192.168.107.168%
WARN retry attempt 192.168.193.243 for 51018
WARN disk usage 192.168.211.158%
ERROR auth failure for user 192.168.229.48
DEBUG entering function foo
ERROR null pointer in module 192.168.9.50
ERROR file not found: /tmp/192.168.36.209.log
FATAL out of memory
WARN disk usage 192.168.36.209%
INFO request from 192.168.39.155
WARN memory threshold reached: 192.168.189.144MB
FATAL segfault at address 0x192.168.141.220
WARN retry attempt 192.168.9.50 for 89681
DEBUG heap size: 192.168.197.186
WARN retry attempt 192.168.82.31 for 50893
INFO processed 192.168.141.220 items
FATAL kernel panic
INFO connection established
DEBUG heap size: 192.168.178.215
ERROR null pointer in module 192.168.229.48
FATAL segfault at address 0x192.168.121.141
WARN retry attempt 192.168.193.243 for 69997
DEBUG entering function foo
INFO user 192.168.197.186 logged in
WARN slow query: 192.168.141.220ms
WARN slow query: 192.168.229.48ms
WARN disk usage 192.168.142.104%
INFO connection established
ERROR connection timeout 503
WARN memory threshold reached: 192.168.9.50MB
ERROR file not found: /tmp/192.168.197.186.log
DEBUG cache hit for key=192.168.178.6
WARN retry attempt 192.168.39.155 for 35425
FATAL out of memory
INFO processed 192.168.229.48 items
DEBUG entering function foo
DEBUG heap size: 192.168.60.30
FATAL unrecoverable disk error
ERROR null pointer in module 192.168.178.215
INFO request from 192.168.121.141
WARN memory threshold reached: 192.168.121.141MB
WARN slow query: 192.168.82.31ms
FATAL segfault at address 0x192.168.178.215
FATAL unrecoverable disk error
ERROR connection timeout 503
ERROR null pointer in module 192.168.92.139
DEBUG heap size: 192.168.193.243
WARN slow query: 192.168.141.220ms
FATAL unrecoverable disk error
ERROR file not found: /tmp/192.168.178.215.log
ERROR null pointer in module 192.168.121.141
INFO connection established
FATAL unrecoverable disk error
DEBUG entering function foo
INFO processed 192.168.142.104 items
FATAL kernel panic
INFO connection established
ERROR auth failure for user 192.168.60.30
DEBUG variable x=192.168.107.168
DEBUG cache hit for key=192.168.229.48
FATAL kernel panic
FATAL unrecoverable disk error
INFO request from 192.168.178.215
ERROR connection timeout 503
INFO processed 192.168.57.185 items
FATAL kernel panic
DEBUG heap size: 192.168.211.158
ERROR connection timeout 503
WARN memory threshold reached: 192.168.229.48MB
INFO user 192.168.60.30 logged in
INFO user 192.168.60.30 logged in
ERROR file not found: /tmp/192.168.142.104.log
FATAL segfault at address 0x192.168.92.139
INFO connection established
WARN memory threshold reached: 192.168.60.30MB
INFO user 192.168.229.48 logged in
WARN retry attempt 192.168.57.185 for 39217
WARN disk usage 192.168.36.209%
WARN disk usage 192.168.82.31%
ERROR file not found: /tmp/192.168.229.48.log
FATAL unrecoverable disk error
FATAL unrecoverable disk error
DEBUG entering function foo
ERROR connection timeout 503
FATAL segfault at address 0x192.168.36.209
DEBUG variable x=192.168.9.50
FATAL out of memory
INFO processed 192.168.142.104 items
ERROR auth failure for user 192.168.193.243
INFO request from 192.168.178.215
FATAL kernel panic
DEBUG heap size: 192.168.189.144
FATAL unrecoverable disk error
ERROR connection timeout 503
ERROR auth failure for user 192.168.121.141
DEBUG entering function foo
FATAL unrecoverable disk error
FATAL kernel panic
FATAL unrecoverable disk error
ERROR null pointer in module 192.168.107.168
ERROR file not found: /tmp/192.168.178.6.log
INFO request from 192.168.60.30
DEBUG heap size: 192.168.39.155
FATAL out of memory
FATAL kernel panic
WARN memory threshold reached: 192.168.57.185MB
ERROR connection timeout 503
WARN slow query: 192.168.36.209ms
DEBUG entering function foo
INFO connection established
WARN disk usage 192.168.142.104%
DEBUG variable x=192.168.92.139
ERROR auth failure for user 192.168.229.48
WARN memory threshold reached: 192.168.142.104MB
WARN retry attempt 192.168.197.186 for 87258
ERROR file not found: /tmp/192.168.211.158.log
WARN retry attempt 192.168.219.168 for 6368
DEBUG variable x=192.168.193.243
INFO request from 192.168.193.243
ERROR auth failure for user 192.168.215.207
ERROR null pointer in module 192.168.219.168
ERROR null pointer in module 192.168.92.139
FATAL segfault at address 0x192.168.60.30
DEBUG cache hit for key=192.168.121.141
WARN disk usage 192.168.60.30%
WARN slow query: 192.168.229.48ms
WARN retry attempt 192.168.107.168 for 25081
FATAL segfault at address 0x192.168.36.209
DEBUG entering function foo
WARN memory threshold reached: 192.168.219.168MB
FATAL out of memory
WARN slow query: 192.168.189.144ms
WARN disk usage 192.168.82.31%
INFO user 192.168.189.144 logged in
ERROR null pointer in module 192.168.121.141
WARN disk usage 192.168.107.168%
DEBUG entering function foo
FATAL unrecoverable disk error
WARN memory threshold reached: 192.168.141.220MB
ERROR null pointer in module 192.168.229.48
FATAL out of memory
WARN disk usage 192.168.107.168%
INFO connection established
INFO connection established
WARN memory threshold reached: 192.168.142.104MB
WARN memory threshold reached: 192.168.178.6MB
ERROR auth failure for user 192.168.229.48
FATAL segfault at address 0x192.168.60.30
ERROR file not found: /tmp/192.168.215.207.log
FATAL kernel panic
INFO connection established
WARN retry attempt 192.168.215.207 for 3256
INFO user 192.168.107.168 logged in
WARN memory threshold reached: 192.168.107.168MB
FATAL unrecoverable disk error
INFO user 192.168.211.158 logged in
FATAL out of memory
WARN slow query: 192.168.57.185ms
FATAL segfault at address 0x192.168.121.141
ERROR null pointer in module 192.168.189.144
DEBUG cache hit for key=192.168.121.141
ERROR file not found: /tmp/192.168.107.168.log
FATAL out of memory
INFO user 192.168.121.141 logged in
WARN disk usage 192.168.60.30%
DEBUG cache hit for key=192.168.215.207
INFO request from 192.168.36.209
DEBUG heap size: 192.168.141.220
DEBUG heap size: 192.168.211.158
INFO processed 192.168.219.168 items
INFO request from 192.168.141.220
INFO processed 192.168.36.209 items
FATAL out of memory
ERROR connection timeout 503
INFO user 192.168.39.155 logged in
ERROR null pointer in module 192.168.197.186
ERROR null pointer in module 192.168.215.207
DEBUG variable x=192.168.107.168
INFO processed 192.168.141.220 items
INFO user 192.168.197.186 logged in
WARN retry attempt 192.168.60.30 for 25899
WARN memory threshold reached: 192.168.178.6MB
INFO user 192.168.215.207 logged in
INFO user 192.168.229.48 logged in
FATAL out of memory
WARN disk usage 192.168.211.158%
WARN retry attempt 192.168.57.185 for 4960
FATAL segfault at address 0x192.168.39.155
ERROR file not found: /tmp/192.168.178.6.log
FATAL out of memory
INFO processed 192.168.211.158 items
ERROR file not found: /tmp/192.168.142.104.log
ERROR auth failure for user 192.168.36.209
DEBUG heap size: 192.168.219.168
ERROR auth failure for user 192.168.82.31
ERROR null pointer in module 192.168.193.243
WARN slow query: 192.168.9.50ms
FATAL segfault at address 0x192.168.142.104
ERROR file not found: /tmp/192.168.193.243.log
FATAL unrecoverable disk error
DEBUG variable x=192.168.141.220
DEBUG heap size: 192.168.229.48
DEBUG entering function foo
FATAL kernel panic
DEBUG entering function foo
INFO request from 192.168.193.243
INFO connection established
INFO user 192.168.178.6 logged in
WARN memory threshold reached: 192.168.142.104MB
DEBUG cache hit for key=192.168.107.168
INFO processed 192.168.219.168 items
DEBUG heap size: 192.168.211.158
INFO user 192.168.121.141 logged in
WARN disk usage 192.168.36.209%
WARN disk usage 192.168.193.243%
INFO user 192.168.211.158 logged in
ERROR null pointer in module 192.168.229.48
FATAL segfault at address 0x192.168.178.215
ERROR auth failure for user 192.168.141.220
INFO request from 192.168.229.48
DEBUG cache hit for key=192.168.60.30
INFO connection established
WARN slow query: 192.168.9.50ms
ERROR connection timeout 503
DEBUG heap size: 192.168.82.31
ERROR null pointer in module 192.168.189.144
INFO processed 192.168.197.186 items
DEBUG cache hit for key=192.168.142.104
INFO user 192.168.189.144 logged in
ERROR null pointer in module 192.168.229.48
DEBUG heap size: 192.168.9.50
ERROR file not found: /tmp/192.168.219.168.log
FATAL unrecoverable disk error
WARN slow query: 192.168.193.243ms
DEBUG entering function foo
DEBUG variable x=192.168.121.141
DEBUG variable x=192.168.178.6
ERROR auth failure for user 192.168.39.155
INFO connection established
DEBUG variable x=192.168.57.185
ERROR auth failure for user 192.168.193.243
ERROR file not found: /tmp/192.168.229.48.log
DEBUG cache hit for key=192.168.9.50
WARN memory threshold reached: 192.168.211.158MB
FATAL out of memory
INFO processed 192.168.57.185 items
DEBUG cache hit for key=192.168.197.186
FATAL kernel panic
INFO user 192.168.193.243 logged in
FATAL kernel panic
ERROR connection timeout 503
DEBUG heap size: 192.168.211.158
DEBUG entering function foo
INFO request from 192.168.141.220
FATAL out of memory
WARN memory threshold reached: 192.168.189.144MB
WARN memory threshold reached: 192.168.189.144MB
FATAL segfault at address 0x192.168.60.30
FATAL out of memory
ERROR auth failure for user 192.168.193.243
WARN disk usage 192.168.141.220%
DEBUG variable x=192.168.121.141
DEBUG heap size: 192.168.189.144
INFO processed 192.168.107.168 items
DEBUG entering function foo
WARN disk usage 192.168.107.168%
DEBUG variable x=192.168.178.6
WARN memory threshold reached: 192.168.178.6MB
WARN disk usage 192.168.142.104%
DEBUG entering function foo
INFO processed 192.168.215.207 items
ERROR file not found: /tmp/192.168.36.209.log
DEBUG heap size: 192.168.219.168
WARN retry attempt 192.168.92.139 for 33088
FATAL kernel panic
DEBUG cache hit for key=192.168.193.243
INFO user 192.168.92.139 logged in
DEBUG variable x=192.168.215.207
DEBUG heap size: 192.168.229.48
FATAL kernel panic
FATAL unrecoverable disk error
INFO connection established
INFO user 192.168.60.30 logged in
DEBUG variable x=192.168.189.144
ERROR auth failure for user 192.168.178.6
FATAL segfault at address 0x192.168.178.215
INFO connection established
INFO connection established
FATAL unrecoverable disk error
INFO user 192.168.193.243 logged in
INFO request from 192.168.178.6
DEBUG heap size: 192.168.9.50
WARN memory threshold reached: 192.168.193.243MB
ERROR null pointer in module 192.168.142.104
ERROR file not found: /tmp/192.168.229.48.log
WARN slow query: 192.168.178.215ms
ERROR null pointer in module 192.168.193.243
WARN disk usage 192.168.107.168%
ERROR null pointer in module 192.168.211.158
FATAL unrecoverable disk error
ERROR connection timeout 503
INFO request from 192.168.36.209
WARN disk usage 192.168.82.31%
DEBUG cache hit for key=192.168.92.139
DEBUG variable x=192.168.229.48
ERROR null pointer in module 192.168.189.144
FATAL unrecoverable disk error
ERROR null pointer in module 192.168.60.30
DEBUG heap size: 192.168.189.144
DEBUG variable x=192.168.178.215
INFO processed 192.168.211.158 items
WARN slow query: 192.168.215.207ms
WARN slow query: 192.168.82.31ms
INFO connection established
FATAL out of memory
INFO connection established
WARN slow query: 192.168.141.220ms
ERROR connection timeout 503
ERROR auth failure for user 192.168.92.139
DEBUG heap size: 192.168.9.50
ERROR file not found: /tmp/192.168.178.215.log
ERROR null pointer in module 192.168.189.144
WARN retry attempt 192.168.219.168 for 16051
WARN retry attempt 192.168.215.207 for 74183
INFO connection established
FATAL kernel panic
FATAL out of memory
WARN slow query: 192.168.178.215ms
ERROR auth failure for user 192.168.82.31
FATAL segfault at address 0x192.168.197.186
DEBUG entering function foo
FATAL kernel panic
ERROR file not found: /tmp/192.168.211.158.log
FATAL kernel panic
WARN disk usage 192.168.92.139%
FATAL out of memory
ERROR file not found: /tmp/192.168.211.158.log
WARN slow query: 192.168.57.185ms
DEBUG cache hit for key=192.168.178.6
DEBUG variable x=192.168.211.158
WARN memory threshold reached: 192.168.141.220MB
INFO connection established
ERROR null pointer in module 192.168.215.207
FATAL unrecoverable disk error
FATAL out of memory
FATAL out of memory
DEBUG heap size: 192.168.178.215
WARN memory threshold reached: 192.168.211.158MB
INFO request from 192.168.9.50
WARN memory threshold reached: 192.168.178.215MB
ERROR connection timeout 503
DEBUG entering function foo
INFO user 192.168.229.48 logged in
INFO request from 192.168.142.104
ERROR auth failure for user 192.168.9.50
WARN retry attempt 192.168.211.158 for 46071
DEBUG cache hit for key=192.168.36.209
FATAL segfault at address 0x192.168.142.104
ERROR file not found: /tmp/192.168.141.220.log
INFO processed 192.168.178.215 items
ERROR null pointer in module 192.168.219.168
ERROR connection timeout 503
WARN slow query: 192.168.178.215ms
ERROR null pointer in module 192.168.193.243
DEBUG entering function foo
INFO processed 192.168.60.30 items
WARN retry attempt 192.168.178.6 for 59617
ERROR connection timeout 503
WARN memory threshold reached: 192.168.92.139MB
FATAL segfault at address 0x192.168.9.50
DEBUG entering function foo
FATAL kernel panic
FATAL unrecoverable disk error
FATAL kernel panic
DEBUG variable x=192.168.141.220
ERROR file not found: /tmp/192.168.211.158.log
FATAL segfault at address 0x192.168.193.243
FATAL segfault at address 0x192.168.39.155
DEBUG heap size: 192.168.36.209
DEBUG heap size: 192.168.229.48
DEBUG heap size: 192.168.229.48
WARN disk usage 192.168.107.168%
DEBUG cache hit for key=192.168.211.158
WARN disk usage 192.168.215.207%
WARN retry attempt 192.168.107.168 for 26358
DEBUG cache hit for key=192.168.36.209
INFO connection established
DEBUG cache hit for key=192.168.107.168
INFO connection established
FATAL kernel panic
WARN disk usage 192.168.189.144%
DEBUG variable x=192.168.197.186
WARN memory threshold reached: 192.168.141.220MB
FATAL out of memory
ERROR file not found: /tmp/192.168.197.186.log
DEBUG variable x=192.168.39.155
FATAL unrecoverable disk error
INFO processed 192.168.211.158 items
WARN memory threshold reached: 192.168.60.30MB
DEBUG cache hit for key=192.168.219.168
ERROR null pointer in module 192.168.82.31
ERROR connection timeout 503
FATAL out of memory
INFO user 192.168.193.243 logged in
INFO request from 192.168.215.207
FATAL out of memory
ERROR auth failure for user 192.168.229.48
ERROR auth failure for user 192.168.211.158
ERROR connection timeout 503
WARN memory threshold reached: 192.168.9.50MB
DEBUG cache hit for key=192.168.9.50
FATAL out of memory
DEBUG entering function foo
DEBUG variable x=192.168.107.168
WARN slow query: 192.168.57.185ms
DEBUG heap size: 192.168.193.243
ERROR connection timeout 503
FATAL unrecoverable disk error
INFO processed 192.168.197.186 items
INFO connection established
FATAL unrecoverable disk error
WARN memory threshold reached: 192.168.142.104MB
INFO processed 192.168.211.158 items
DEBUG variable x=192.168.219.168
INFO connection established
FATAL unrecoverable disk error
FATAL kernel panic
INFO request from 192.168.82.31
INFO request from 192.168.197.186
INFO user 192.168.39.155 logged in
WARN memory threshold reached: 192.168.141.220MB
FATAL out of memory
DEBUG cache hit for key=192.168.193.243
INFO request from 192.168.60.30
ERROR auth failure for user 192.168.57.185
INFO processed 192.168.57.185 items
FATAL out of memory
ERROR auth failure for user 192.168.142.104
ERROR file not found: /tmp/192.168.229.48.log
FATAL unrecoverable disk error
WARN disk usage 192.168.193.243%
FATAL segfault at address 0x192.168.178.6
DEBUG variable x=192.168.229.48
INFO processed 192.168.9.50 items
ERROR file not found: /tmp/192.168.178.215.log
FATAL unrecoverable disk error
WARN retry attempt 192.168.197.186 for 42923
ERROR null pointer in module 192.168.178.6
WARN retry attempt 192.168.9.50 for 70576
DEBUG variable x=192.168.82.31
WARN memory threshold reached: 192.168.39.155MB
ERROR auth failure for user 192.168.142.104
DEBUG entering function foo
INFO processed 192.168.178.6 items
INFO connection established
ERROR null pointer in module 192.168.219.168
INFO processed 192.168.142.104 items
DEBUG heap size: 192.168.193.243
FATAL out of memory
DEBUG entering function foo
WARN disk usage 192.168.189.144%
INFO request from 192.168.219.168
ERROR auth failure for user 192.168.178.215
FATAL kernel panic
INFO processed 192.168.92.139 items
INFO connection established
ERROR auth failure for user 192.168.193.243
ERROR auth failure for user 192.168.60.30
DEBUG heap size: 192.168.107.168
ERROR auth failure for user 192.168.36.209
WARN slow query: 192.168.36.209ms
INFO request from 192.168.141.220
FATAL unrecoverable disk error
DEBUG variable x=192.168.39.155
FATAL segfault at address 0x192.168.57.185
INFO connection established
INFO user 192.168.193.243 logged in
ERROR file not found: /tmp/192.168.197.186.log
DEBUG heap size: 192.168.215.207
DEBUG variable x=192.168.39.155
DEBUG cache hit for key=192.168.229.48
DEBUG variable x=192.168.193.243
INFO processed 192.168.193.243 items
FATAL out of memory
DEBUG entering function foo
DEBUG variable x=192.168.229.48
INFO user 192.168.82.31 logged in
ERROR file not found: /tmp/192.168.178.6.log
ERROR auth failure for user 192.168.193.243
WARN slow query: 192.168.178.215ms
WARN slow query: 192.168.141.220ms
ERROR null pointer in module 192.168.215.207
ERROR connection timeout 503
WARN memory threshold reached: 192.168.121.141MB
ERROR file not found: /tmp/192.168.215.207.log
ERROR null pointer in module 192.168.121.141
INFO request from 192.168.82.31
INFO request from 192.168.219.168
INFO connection established
WARN memory threshold reached: 192.168.178.6MB
WARN disk usage 192.168.36.209%
DEBUG heap size: 192.168.211.158
ERROR auth failure for user 192.168.92.139
WARN retry attempt 192.168.107.168 for 38160
DEBUG heap size: 192.168.219.168
DEBUG cache hit for key=192.168.121.141
DEBUG variable x=192.168.82.31
ERROR null pointer in module 192.168.229.48
INFO request from 192.168.107.168
WARN slow query: 192.168.121.141ms
FATAL unrecoverable disk error
ERROR null pointer in module 192.168.141.220
FATAL segfault at address 0x192.168.107.168
ERROR null pointer in module 192.168.36.209
FATAL out of memory
FATAL kernel panic
DEBUG variable x=192.168.215.207
INFO user 192.168.39.155 logged in
INFO user 192.168.229.48 logged in
DEBUG variable x=192.168.193.243
ERROR auth failure for user 192.168.178.6
INFO request from 192.168.107.168
DEBUG cache hit for key=192.168.107.168
DEBUG heap size: 192.168.178.6
FATAL out of memory
INFO request from 192.168.60.30
DEBUG cache hit for key=192.168.211.158
DEBUG cache hit for key=192.168.215.207
WARN memory threshold reached: 192.168.107.168MB
ERROR file not found: /tmp/192.168.142.104.log
ERROR auth failure for user 192.168.107.168
ERROR null pointer in module 192.168.57.185
INFO request from 192.168.82.31
DEBUG cache hit for key=192.168.197.186
ERROR connection timeout 503
DEBUG entering function foo
DEBUG cache hit for key=192.168.219.168
FATAL unrecoverable disk error
DEBUG variable x=192.168.92.139
FATAL segfault at address 0x192.168.92.139
DEBUG heap size: 192.168.219.168
INFO connection established
FATAL unrecoverable disk error
FATAL segfault at address 0x192.168.82.31
ERROR file not found: /tmp/192.168.142.104.log
WARN memory threshold reached: 192.168.219.168MB
INFO connection established
FATAL out of memory
INFO request from 192.168.92.139
FATAL out of memory
ERROR connection timeout 503
FATAL out of memory
ERROR auth failure for user 192.168.39.155
FATAL segfault at address 0x192.168.178.6
WARN memory threshold reached: 192.168.121.141MB
FATAL out of memory
DEBUG heap size: 192.168.178.6
INFO connection established
ERROR null pointer in module 192.168.60.30
INFO processed 192.168.211.158 items
FATAL unrecoverable disk error
FATAL out of memory
DEBUG entering function foo
FATAL out of memory
WARN memory threshold reached: 192.168.36.209MB
INFO connection established
WARN memory threshold reached: 192.168.197.186MB
DEBUG entering function foo
WARN disk usage 192.168.142.104%
DEBUG variable x=192.168.211.158
DEBUG variable x=192.168.215.207
FATAL out of memory
DEBUG entering function foo
WARN slow query: 192.168.107.168ms
INFO request from 192.168.178.6
ERROR null pointer in module 192.168.178.6
INFO connection established
INFO request from 192.168.189.144
WARN slow query: 192.168.178.215ms
FATAL out of memory
DEBUG cache hit for key=192.168.36.209
INFO connection established
INFO processed 192.168.219.168 items
FATAL kernel panic
FATAL kernel panic
DEBUG variable x=192.168.193.243
FATAL out of memory
DEBUG variable x=192.168.193.243
INFO user 192.168.57.185 logged in
FATAL segfault at address 0x192.168.178.215
WARN retry attempt 192.168.178.6 for 54897
INFO request from 192.168.197.186
DEBUG heap size: 192.168.60.30
WARN memory threshold reached: 192.168.82.31MB
INFO processed 192.168.215.207 items
INFO connection established
FATAL unrecoverable disk error
FATAL out of memory
DEBUG entering function foo
WARN memory threshold reached: 192.168.219.168MB
WARN slow query: 192.168.178.215ms
INFO processed 192.168.197.186 items
DEBUG cache hit for key=192.168.39.155
INFO user 192.168.178.6 logged in
DEBUG cache hit for key=192.168.189.144
DEBUG heap size: 192.168.121.141
INFO request from 192.168.9.50
FATAL segfault at address 0x192.168.229.48
FATAL unrecoverable disk error
ERROR file not found: /tmp/192.168.178.6.log
FATAL segfault at address 0x192.168.141.220
INFO connection established
DEBUG cache hit for key=192.168.39.155
DEBUG cache hit for key=192.168.178.215
ERROR auth failure for user 192.168.189.144
FATAL out of memory
FATAL kernel panic
DEBUG cache hit for key=192.168.178.215
WARN memory threshold reached: 192.168.9.50MB
FATAL unrecoverable disk error
DEBUG variable x=192.168.189.144
DEBUG cache hit for key=192.168.219.168
FATAL unrecoverable disk error
WARN retry attempt 192.168.189.144 for 67763
FATAL kernel panic
INFO user 192.168.219.168 logged in
WARN slow query: 192.168.229.48ms
WARN slow query: 192.168.39.155ms
DEBUG heap size: 192.168.211.158
FATAL out of memory
ERROR connection timeout 503
INFO request from 192.168.211.158
ERROR file not found: /tmp/192.168.189.144.log
ERROR auth failure for user 192.168.107.168
WARN memory threshold reached: 192.168.229.48MB
FATAL unrecoverable disk error
DEBUG heap size: 192.168.229.48
INFO connection established
DEBUG entering function foo
WARN retry attempt 192.168.141.220 for 75848
INFO user 192.168.121.141 logged in
DEBUG heap size: 192.168.141.220
FATAL out of memory
WARN retry attempt 192.168.189.144 for 79564
INFO request from 192.168.141.220
INFO processed 192.168.215.207 items
ERROR auth failure for user 192.168.57.185
FATAL segfault at address 0x192.168.189.144
INFO user 192.168.197.186 logged in
WARN disk usage 192.168.39.155%
INFO request from 192.168.121.141
DEBUG cache hit for key=192.168.193.243
DEBUG cache hit for key=192.168.142.104
ERROR auth failure for user 192.168.219.168
WARN slow query: 192.168.107.168ms
ERROR auth failure for user 192.168.107.168
ERROR auth failure for user 192.168.92.139
INFO connection established
WARN disk usage 192.168.229.48%
DEBUG cache hit for key=192.168.215.207
WARN memory threshold reached: 192.168.107.168MB
DEBUG cache hit for key=192.168.9.50
WARN memory threshold reached: 192.168.82.31MB
ERROR file not found: /tmp/192.168.189.144.log
INFO request from 192.168.178.6
FATAL segfault at address 0x192.168.197.186
WARN retry attempt 192.168.39.155 for 246
FATAL out of memory
DEBUG heap size: 192.168.36.209
ERROR null pointer in module 192.168.193.243
ERROR null pointer in module 192.168.189.144
INFO user 192.168.57.185 logged in
INFO connection established
ERROR auth failure for user 192.168.178.6
ERROR connection timeout 503
ERROR null pointer in module 192.168.9.50
FATAL segfault at address 0x192.168.39.155
FATAL segfault at address 0x192.168.197.186
FATAL unrecoverable disk error
ERROR file not found: /tmp/192.168.178.215.log
INFO request from 192.168.39.155
INFO processed 192.168.82.31 items
INFO request from 192.168.39.155
FATAL segfault at address 0x192.168.211.158
WARN memory threshold reached: 192.168.121.141MB
INFO request from 192.168.39.155
FATAL segfault at address 0x192.168.39.155
DEBUG variable x=192.168.215.207
FATAL kernel panic
INFO request from 192.168.219.168
FATAL out of memory
ERROR null pointer in module 192.168.211.158
ERROR null pointer in module 192.168.121.141
ERROR file not found: /tmp/192.168.82.31.log
WARN retry attempt 192.168.141.220 for 48168
INFO connection established
ERROR null pointer in module 192.168.57.185
DEBUG variable x=192.168.215.207
WARN memory threshold reached: 192.168.197.186MB
FATAL segfault at address 0x192.168.92.139
WARN memory threshold reached: 192.168.189.144MB
ERROR connection timeout 503
FATAL unrecoverable disk error
FATAL unrecoverable disk error
DEBUG cache hit for key=192.168.211.158
DEBUG entering function foo
INFO request from 192.168.178.6
WARN slow query: 192.168.39.155ms
WARN slow query: 192.168.211.158ms
WARN memory threshold reached: 192.168.92.139MB
DEBUG entering function foo
WARN retry attempt 192.168.215.207 for 33578
ERROR file not found: /tmp/192.168.229.48.log
INFO request from 192.168.57.185
INFO request from 192.168.178.215
DEBUG cache hit for key=192.168.178.6
INFO request from 192.168.211.158
FATAL out of memory
FATAL out of memory
DEBUG variable x=192.168.142.104
FATAL kernel panic
FATAL unrecoverable disk error
ERROR file not found: /tmp/192.168.178.6.log
ERROR auth failure for user 192.168.141.220
WARN disk usage 192.168.178.215%
DEBUG cache hit for key=192.168.197.186
INFO processed 192.168.121.141 items
FATAL out of memory
FATAL unrecoverable disk error
INFO request from 192.168.229.48
ERROR auth failure for user 192.168.229.48
FATAL kernel panic
FATAL out of memory
DEBUG cache hit for key=192.168.36.209
WARN slow query: 192.168.193.243ms
ERROR null pointer in module 192.168.229.48
FATAL out of memory
INFO processed 192.168.142.104 items
DEBUG entering function foo
DEBUG entering function foo
FATAL out of memory
INFO connection established
INFO connection established
FATAL kernel panic
WARN retry attempt 192.168.107.168 for 55044
WARN retry attempt 192.168.92.139 for 26508
INFO user 192.168.219.168 logged in
INFO processed 192.168.57.185 items
FATAL kernel panic
FATAL out of memory
WARN disk usage 192.168.121.141%
WARN memory threshold reached: 192.168.9.50MB
INFO user 192.168.9.50 logged in
DEBUG cache hit for key=192.168.211.158
INFO user 192.168.92.139 logged in
ERROR file not found: /tmp/192.168.211.158.log
DEBUG entering function foo
DEBUG cache hit for key=192.168.39.155
INFO user 192.168.9.50 logged in
FATAL kernel panic
WARN slow query: 192.168.9.50ms
INFO user 192.168.142.104 logged in
DEBUG heap size: 192.168.36.209
INFO user 192.168.215.207 logged in
ERROR file not found: /tmp/192.168.142.104.log
ERROR connection timeout 503
INFO connection established
FATAL segfault at address 0x192.168.178.215
WARN memory threshold reached: 192.168.193.243MB
DEBUG cache hit for key=192.168.92.139
WARN retry attempt 192.168.107.168 for 18332
DEBUG heap size: 192.168.39.155
WARN disk usage 192.168.229.48%
ERROR file not found: /tmp/192.168.39.155.log
INFO user 192.168.92.139 logged in
WARN memory threshold reached: 192.168.121.141MB
FATAL out of memory
FATAL segfault at address 0x192.168.121.141
WARN retry attempt 192.168.82.31 for 31793
ERROR null pointer in module 192.168.178.6
INFO user 192.168.121.141 logged in
FATAL out of memory
ERROR null pointer in module 192.168.141.220
WARN slow query: 192.168.178.6ms
INFO connection established
ERROR null pointer in module 192.168.9.50
WARN slow query: 192.168.60.30ms
WARN disk usage 192.168.193.243%
DEBUG entering function foo
FATAL out of memory
DEBUG entering function foo
ERROR connection timeout 503
INFO user 192.168.229.48 logged in
DEBUG heap size: 192.168.9.50
WARN retry attempt 192.168.215.207 for 75501
DEBUG heap size: 192.168.92.139
WARN retry attempt 192.168.193.243 for 14230
WARN retry attempt 192.168.189.144 for 5964
ERROR null pointer in module 192.168.9.50
ERROR connection timeout 503
FATAL out of memory
ERROR null pointer in module 192.168.107.168
ERROR null pointer in module 192.168.197.186
ERROR null pointer in module 192.168.39.155
DEBUG heap size: 192.168.229.48
WARN disk usage 192.168.36.209%
DEBUG heap size: 192.168.211.158
FATAL kernel panic
INFO request from 192.168.60.30
WARN memory threshold reached: 192.168.57.185MB
INFO request from 192.168.219.168
DEBUG variable x=192.168.229.48
FATAL unrecoverable disk error
FATAL unrecoverable disk error
INFO connection established
INFO user 192.168.211.158 logged in
INFO processed 192.168.92.139 items
ERROR auth failure for user 192.168.197.186
DEBUG cache hit for key=192.168.142.104
DEBUG entering function foo
WARN retry attempt 192.168.219.168 for 59654
WARN slow query: 192.168.39.155ms
INFO user 192.168.193.243 logged in
ERROR null pointer in module 192.168.189.144
DEBUG variable x=192.168.229.48
ERROR auth failure for user 192.168.121.141
ERROR connection timeout 503
WARN retry attempt 192.168.215.207 for 26701
DEBUG entering function foo
ERROR null pointer in module 192.168.92.139
DEBUG cache hit for key=192.168.215.207
FATAL out of memory
INFO connection established
FATAL segfault at address 0x192.168.178.6
WARN memory threshold reached: 192.168.215.207MB
WARN memory threshold reached: 192.168.189.144MB
INFO user 192.168.107.168 logged in
ERROR connection timeout 503
FATAL segfault at address 0x192.168.141.220
INFO connection established
INFO request from 192.168.211.158
INFO user 192.168.141.220 logged in
INFO connection established
DEBUG cache hit for key=192.168.9.50
ERROR connection timeout 503
WARN retry attempt 192.168.193.243 for 4801
FATAL out of memory
INFO processed 192.168.193.243 items
ERROR auth failure for user 192.168.215.207
FATAL out of memory
INFO connection established
DEBUG heap size: 192.168.107.168
WARN slow query: 192.168.57.185ms
ERROR null pointer in module 192.168.36.209
DEBUG entering function foo
INFO connection established
INFO connection established
WARN disk usage 192.168.229.48%
INFO processed 192.168.178.215 items
INFO user 192.168.189.144 logged in
DEBUG variable x=192.168.57.185
WARN disk usage 192.168.178.215%
WARN retry attempt 192.168.39.155 for 48823
WARN slow query: 192.168.36.209ms
INFO processed 192.168.39.155 items
INFO user 192.168.193.243 logged in
DEBUG variable x=192.168.39.155
INFO user 192.168.57.185 logged in
FATAL kernel panic
ERROR auth failure for user 192.168.211.158
ERROR connection timeout 503
FATAL segfault at address 0x192.168.211.158
WARN retry attempt 192.168.178.6 for 94910
FATAL segfault at address 0x192.168.178.6
DEBUG heap size: 192.168.39.155
DEBUG cache hit for key=192.168.229.48
WARN memory threshold reached: 192.168.141.220MB
WARN memory threshold reached: 192.168.142.104MB
DEBUG entering function foo
DEBUG heap size: 192.168.107.168
INFO request from 192.168.107.168
FATAL segfault at address 0x192.168.121.141
ERROR file not found: /tmp/192.168.211.158.log
WARN disk usage 192.168.229.48%
INFO request from 192.168.178.6
ERROR null pointer in module 192.168.60.30
ERROR file not found: /tmp/192.168.60.30.log
WARN disk usage 192.168.229.48%
WARN retry attempt 192.168.229.48 for 77278
FATAL kernel panic
FATAL unrecoverable disk error
DEBUG entering function foo
ERROR null pointer in module 192.168.92.139
INFO request from 192.168.141.220
ERROR null pointer in module 192.168.193.243
ERROR file not found: /tmp/192.168.215.207.log
WARN slow query: 192.168.141.220ms
WARN disk usage 192.168.141.220%
WARN disk usage 192.168.107.168%
FATAL unrecoverable disk error
DEBUG cache hit for key=192.168.107.168
INFO request from 192.168.142.104
WARN slow query: 192.168.39.155ms
ERROR file not found: /tmp/192.168.229.48.log
INFO request from 192.168.121.141
DEBUG variable x=192.168.121.141
FATAL unrecoverable disk error
DEBUG variable x=192.168.60.30
DEBUG cache hit for key=192.168.211.158
WARN slow query: 192.168.36.209ms
WARN disk usage 192.168.82.31%
FATAL segfault at address 0x192.168.211.158
ERROR file not found: /tmp/192.168.82.31.log
WARN memory threshold reached: 192.168.189.144MB
DEBUG cache hit for key=192.168.36.209
DEBUG cache hit for key=192.168.9.50
ERROR null pointer in module 192.168.36.209
WARN disk usage 192.168.215.207%
DEBUG heap size: 192.168.189.144
DEBUG entering function foo
ERROR connection timeout 503
FATAL out of memory
INFO connection established
INFO processed 192.168.197.186 items
ERROR auth failure for user 192.168.197.186
FATAL segfault at address 0x192.168.36.209
FATAL out of memory
ERROR connection timeout 503
ERROR null pointer in module 192.168.142.104
FATAL out of memory
FATAL unrecoverable disk error
ERROR connection timeout 503
INFO processed 192.168.39.155 items
INFO connection established
FATAL kernel panic
WARN disk usage 192.168.92.139%
DEBUG cache hit for key=192.168.36.209
ERROR connection timeout 503
DEBUG cache hit for key=192.168.141.220
DEBUG entering function foo
FATAL unrecoverable disk error
WARN slow query: 192.168.229.48ms
FATAL unrecoverable disk error
DEBUG entering function foo
INFO processed 192.168.219.168 items
INFO user 192.168.57.185 logged in
FATAL unrecoverable disk error
ERROR auth failure for user 192.168.193.243
WARN slow query: 192.168.36.209ms
DEBUG entering function foo
WARN disk usage 192.168.178.215%
DEBUG variable x=192.168.219.168
INFO user 192.168.36.209 logged in
DEBUG variable x=192.168.142.104
WARN retry attempt 192.168.219.168 for 75534
ERROR null pointer in module 192.168.193.243
ERROR connection timeout 503
FATAL segfault at address 0x192.168.36.209
INFO user 192.168.189.144 logged in
FATAL segfault at address 0x192.168.60.30
ERROR file not found: /tmp/192.168.107.168.log
INFO request from 192.168.92.139
ERROR file not found: /tmp/192.168.141.220.log
INFO request from 192.168.9.50
DEBUG heap size: 192.168.142.104
ERROR auth failure for user 192.168.142.104
DEBUG variable x=192.168.82.31
ERROR file not found: /tmp/192.168.57.185.log
INFO processed 192.168.193.243 items
ERROR file not found: /tmp/192.168.36.209.log
ERROR null pointer in module 192.168.141.220
FATAL kernel panic
WARN memory threshold reached: 192.168.36.209MB
FATAL kernel panic
WARN memory threshold reached: 192.168.36.209MB
INFO connection established
WARN retry attempt 192.168.36.209 for 37785
INFO connection established
FATAL out of memory
ERROR file not found: /tmp/192.168.107.168.log
INFO processed 192.168.36.209 items
INFO user 192.168.178.6 logged in
INFO processed 192.168.193.243 items
FATAL segfault at address 0x192.168.229.48
INFO request from 192.168.219.168
WARN slow query: 192.168.229.48ms
WARN retry attempt 192.168.178.6 for 63736
INFO processed 192.168.107.168 items
ERROR file not found: /tmp/192.168.9.50.log
INFO user 192.168.142.104 logged in
WARN retry attempt 192.168.219.168 for 58863
ERROR connection timeout 503
WARN disk usage 192.168.92.139%
FATAL kernel panic
WARN disk usage 192.168.57.185%
WARN disk usage 192.168.60.30%
WARN retry attempt 192.168.36.209 for 45036
ERROR null pointer in module 192.168.82.31
WARN slow query: 192.168.60.30ms
DEBUG cache hit for key=192.168.178.6
FATAL segfault at address 0x192.168.142.104
DEBUG entering function foo
ERROR null pointer in module 192.168.197.186
ERROR null pointer in module 192.168.229.48
FATAL segfault at address 0x192.168.121.141
WARN slow query: 192.168.142.104ms
FATAL out of memory
DEBUG cache hit for key=192.168.39.155
DEBUG cache hit for key=192.168.107.168
INFO processed 192.168.215.207 items
WARN slow query: 192.168.57.185ms
FATAL kernel panic
WARN retry attempt 192.168.82.31 for 88585
ERROR file not found: /tmp/192.168.229.48.log
FATAL out of memory
FATAL segfault at address 0x192.168.36.209
INFO request from 192.168.107.168
DEBUG entering function foo
FATAL kernel panic
ERROR auth failure for user 192.168.82.31
FATAL out of memory
INFO processed 192.168.107.168 items
DEBUG cache hit for key=192.168.9.50
DEBUG cache hit for key=192.168.193.243
ERROR auth failure for user 192.168.215.207
ERROR connection timeout 503
ERROR file not found: /tmp/192.168.121.141.log
DEBUG cache hit for key=192.168.60.30
ERROR connection timeout 503
WARN memory threshold reached: 192.168.193.243MB
WARN slow query: 192.168.36.209ms
INFO processed 192.168.229.48 items
INFO user 192.168.39.155 logged in
FATAL out of memory
ERROR auth failure for user 192.168.92.139
WARN disk usage 192.168.193.243%
DEBUG cache hit for key=192.168.215.207
DEBUG heap size: 192.168.141.220
ERROR file not found: /tmp/192.168.178.215.log
WARN slow query: 192.168.189.144ms
INFO processed 192.168.92.139 items
ERROR null pointer in module 192.168.121.141
WARN memory threshold reached: 192.168.178.6MB
WARN disk usage 192.168.229.48%
INFO connection established
DEBUG heap size: 192.168.229.48
DEBUG cache hit for key=192.168.39.155
INFO processed 192.168.197.186 items
DEBUG cache hit for key=192.168.219.168
DEBUG entering function foo
INFO request from 192.168.82.31
ERROR connection timeout 503
INFO user 192.168.219.168 logged in
WARN memory threshold reached: 192.168.178.6MB
DEBUG entering function foo
INFO processed 192.168.178.215 items
WARN slow query: 192.168.60.30ms
WARN disk usage 192.168.57.185%
DEBUG cache hit for key=192.168.142.104
ERROR null pointer in module 192.168.193.243
DEBUG entering function foo
FATAL kernel panic
DEBUG heap size: 192.168.36.209
WARN disk usage 192.168.36.209%
INFO processed 192.168.107.168 items
ERROR auth failure for user 192.168.107.168
FATAL out of memory
WARN memory threshold reached: 192.168.142.104MB
ERROR null pointer in module 192.168.82.31
ERROR connection timeout 503
ERROR connection timeout 503
INFO request from 192.168.82.31
ERROR auth failure for user 192.168.178.6
WARN disk usage 192.168.39.155%
DEBUG entering function foo
FATAL segfault at address 0x192.168.211.158
FATAL unrecoverable disk error
DEBUG entering function foo
ERROR file not found: /tmp/192.168.57.185.log
WARN disk usage 192.168.141.220%
DEBUG cache hit for key=192.168.57.185
DEBUG entering function foo
DEBUG variable x=192.168.219.168
INFO user 192.168.219.168 logged in
INFO processed 192.168.121.141 items
FATAL unrecoverable disk error
ERROR null pointer in module 192.168.219.168
FATAL kernel panic
FATAL out of memory
DEBUG variable x=192.168.189.144
ERROR null pointer in module 192.168.39.155
ERROR connection timeout 503
ERROR connection timeout 503
ERROR auth failure for user 192.168.92.139
ERROR file not found: /tmp/192.168.141.220.log
DEBUG heap size: 192.168.142.104
DEBUG cache hit for key=192.168.36.209
ERROR auth failure for user 192.168.215.207
WARN memory threshold reached: 192.168.189.144MB
FATAL segfault at address 0x192.168.107.168
INFO connection established
DEBUG heap size: 192.168.142.104
ERROR auth failure for user 192.168.60.30
FATAL unrecoverable disk error
FATAL kernel panic
FATAL segfault at address 0x192.168.36.209
WARN disk usage 192.168.193.243%
FATAL kernel panic
ERROR auth failure for user 192.168.82.31
DEBUG variable x=192.168.92.139
WARN memory threshold reached: 192.168.39.155MB
INFO processed 192.168.9.50 items
ERROR file not found: /tmp/192.168.107.168.log
INFO request from 192.168.197.186
ERROR auth failure for user 192.168.197.186
DEBUG cache hit for key=192.168.142.104
FATAL kernel panic
WARN memory threshold reached: 192.168.197.186MB
FATAL out of memory
INFO processed 192.168.57.185 items
INFO user 192.168.60.30 logged in
ERROR auth failure for user 192.168.193.243
ERROR auth failure for user 192.168.211.158
INFO processed 192.168.107.168 items
DEBUG heap size: 192.168.82.31
DEBUG heap size: 192.168.178.215
DEBUG entering function foo
ERROR null pointer in module 192.168.36.209
INFO connection established
ERROR file not found: /tmp/192.168.211.158.log
ERROR auth failure for user 192.168.178.6
INFO request from 192.168.211.158
FATAL kernel panic
DEBUG entering function foo
FATAL kernel panic
FATAL unrecoverable disk error
WARN memory threshold reached: 192.168.9.50MB
FATAL out of memory
INFO request from 192.168.141.220
DEBUG cache hit for key=192.168.211.158
FATAL kernel panic
ERROR connection timeout 503
INFO processed 192.168.229.48 items
DEBUG variable x=192.168.60.30
DEBUG variable x=192.168.9.50
DEBUG variable x=192.168.215.207
FATAL segfault at address 0x192.168.60.30
DEBUG heap size: 192.168.178.6
INFO processed 192.168.107.168 items
WARN disk usage 192.168.9.50%
INFO connection established
WARN retry attempt 192.168.60.30 for 95080
ERROR connection timeout 503
ERROR connection timeout 503
WARN retry attempt 192.168.142.104 for 63413
FATAL kernel panic
INFO processed 192.168.39.155 items
WARN slow query: 192.168.82.31ms
INFO processed 192.168.39.155 items
FATAL kernel panic
WARN slow query: 192.168.142.104ms
WARN slow query: 192.168.82.31ms
INFO processed 192.168.178.215 items
ERROR auth failure for user 192.168.107.168
ERROR file not found: /tmp/192.168.9.50.log
INFO user 192.168.178.215 logged in
FATAL unrecoverable disk error
FATAL kernel panic
WARN disk usage 192.168.92.139%
ERROR connection timeout 503
INFO user 192.168.121.141 logged in
INFO processed 192.168.141.220 items
DEBUG cache hit for key=192.168.36.209
ERROR auth failure for user 192.168.211.158
FATAL kernel panic
INFO processed 192.168.178.215 items
WARN memory threshold reached: 192.168.197.186MB
INFO connection established
WARN memory threshold reached: 192.168.229.48MB
WARN disk usage 192.168.9.50%
DEBUG cache hit for key=192.168.178.215
FATAL unrecoverable disk error
ERROR file not found: /tmp/192.168.229.48.log
FATAL segfault at address 0x192.168.215.207
WARN slow query: 192.168.197.186ms
FATAL unrecoverable disk error
FATAL unrecoverable disk error
WARN slow query: 192.168.215.207ms
DEBUG variable x=192.168.219.168
INFO connection established
INFO processed 192.168.121.141 items
WARN retry attempt 192.168.189.144 for 99452
ERROR connection timeout 503
INFO connection established
DEBUG variable x=192.168.219.168
DEBUG heap size: 192.168.193.243
WARN memory threshold reached: 192.168.57.185MB
DEBUG entering function foo
INFO request from 192.168.141.220
INFO connection established
WARN disk usage 192.168.39.155%
INFO processed 192.168.142.104 items
DEBUG cache hit for key=192.168.141.220
INFO user 192.168.36.209 logged in
WARN memory threshold reached: 192.168.57.185MB
WARN disk usage 192.168.60.30%
FATAL out of memory
WARN retry attempt 192.168.219.168 for 23135
INFO processed 192.168.57.185 items
ERROR connection timeout 503
ERROR connection timeout 503
FATAL kernel panic
FATAL kernel panic
FATAL segfault at address 0x192.168.197.186
ERROR file not found: /tmp/192.168.9.50.log
INFO user 192.168.57.185 logged in
DEBUG entering function foo
FATAL segfault at address 0x192.168.178.215
DEBUG heap size: 192.168.142.104
DEBUG variable x=192.168.9.50
DEBUG cache hit for key=192.168.121.141
DEBUG cache hit for key=192.168.92.139
WARN retry attempt 192.168.82.31 for 59909
DEBUG heap size: 192.168.189.144
INFO processed 192.168.215.207 items
DEBUG entering function foo
ERROR auth failure for user 192.168.178.215
WARN memory threshold reached: 192.168.121.141MB
ERROR auth failure for user 192.168.229.48
FATAL out of memory
WARN memory threshold reached: 192.168.229.48MB
FATAL kernel panic
WARN retry attempt 192.168.57.185 for 41318
DEBUG heap size: 192.168.215.207
INFO processed 192.168.219.168 items
FATAL unrecoverable disk error
ERROR file not found: /tmp/192.168.92.139.log
INFO user 192.168.197.186 logged in
DEBUG entering function foo
FATAL kernel panic
DEBUG cache hit for key=192.168.57.185
FATAL unrecoverable disk error
FATAL unrecoverable disk error
FATAL unrecoverable disk error
DEBUG variable x=192.168.189.144
WARN retry attempt 192.168.141.220 for 58353
DEBUG cache hit for key=192.168.39.155
FATAL out of memory
DEBUG variable x=192.168.229.48
DEBUG variable x=192.168.219.168
ERROR connection timeout 503
FATAL out of memory
INFO request from 192.168.39.155
DEBUG variable x=192.168.229.48
ERROR file not found: /tmp/192.168.189.144.log
FATAL segfault at address 0x192.168.215.207
INFO user 192.168.211.158 logged in
DEBUG cache hit for key=192.168.178.215
DEBUG cache hit for key=192.168.189.144
DEBUG variable x=192.168.219.168
WARN slow query: 192.168.142.104ms
INFO request from 192.168.193.243
ERROR connection timeout 503
FATAL kernel panic
ERROR auth failure for user 192.168.178.6
FATAL kernel panic
WARN disk usage 192.168.189.144%
ERROR auth failure for user 192.168.9.50
DEBUG entering function foo
ERROR auth failure for user 192.168.178.215
WARN memory threshold reached: 192.168.189.144MB
INFO processed 192.168.107.168 items
DEBUG cache hit for key=192.168.92.139
WARN retry attempt 192.168.92.139 for 54304
ERROR null pointer in module 192.168.36.209
FATAL segfault at address 0x192.168.229.48
ERROR null pointer in module 192.168.142.104
FATAL unrecoverable disk error
DEBUG cache hit for key=192.168.57.185
FATAL kernel panic
DEBUG cache hit for key=192.168.39.155
INFO request from 192.168.215.207
INFO request from 192.168.142.104
WARN slow query: 192.168.36.209ms
DEBUG entering function foo
DEBUG entering function foo
WARN disk usage 192.168.57.185%
WARN slow query: 192.168.57.185ms
INFO processed 192.168.141.220 items
FATAL kernel panic
WARN memory threshold reached: 192.168.57.185MB
INFO user 192.168.215.207 logged in
WARN disk usage 192.168.189.144%
INFO user 192.168.107.168 logged in
FATAL segfault at address 0x192.168.229.48
ERROR connection timeout 503
DEBUG entering function foo
INFO request from 192.168.60.30
FATAL kernel panic
WARN disk usage 192.168.60.30%
FATAL unrecoverable disk error
ERROR file not found: /tmp/192.168.178.215.log
ERROR connection timeout 503
DEBUG heap size: 192.168.189.144
WARN retry attempt 192.168.39.155 for 61256
WARN memory threshold reached: 192.168.92.139MB
DEBUG cache hit for key=192.168.219.168
FATAL segfault at address 0x192.168.229.48
FATAL out of memory
FATAL out of memory
ERROR file not found: /tmp/192.168.229.48.log
WARN memory threshold reached: 192.168.219.168MB
WARN slow query: 192.168.178.215ms
WARN memory threshold reached: 192.168.189.144MB
WARN disk usage 192.168.107.168%
WARN slow query: 192.168.229.48ms
DEBUG cache hit for key=192.168.121.141
ERROR connection timeout 503
INFO connection established
ERROR file not found: /tmp/192.168.178.215.log
ERROR auth failure for user 192.168.229.48
FATAL unrecoverable disk error
DEBUG variable x=192.168.9.50
INFO connection established
DEBUG cache hit for key=192.168.229.48
FATAL out of memory
ERROR auth failure for user 192.168.211.158
FATAL unrecoverable disk error
INFO request from 192.168.142.104
FATAL kernel panic
INFO processed 192.168.36.209 items
DEBUG entering function foo
ERROR auth failure for user 192.168.215.207
INFO user 192.168.141.220 logged in
DEBUG heap size: 192.168.57.185
DEBUG heap size: 192.168.121.141
INFO user 192.168.211.158 logged in
INFO request from 192.168.211.158
FATAL segfault at address 0x192.168.215.207
FATAL out of memory
INFO request from 192.168.215.207
FATAL segfault at address 0x192.168.215.207
ERROR auth failure for user 192.168.215.207
FATAL kernel panic
ERROR file not found: /tmp/192.168.193.243.log
DEBUG variable x=192.168.107.168
INFO request from 192.168.60.30
ERROR connection timeout 503
INFO processed 192.168.178.6 items
WARN slow query: 192.168.121.141ms
FATAL out of memory
INFO user 192.168.9.50 logged in
WARN memory threshold reached: 192.168.121.141MB
ERROR connection timeout 503
FATAL segfault at address 0x192.168.36.209
WARN slow query: 192.168.197.186ms
WARN memory threshold reached: 192.168.9.50MB
WARN slow query: 192.168.219.168ms
ERROR null pointer in module 192.168.197.186
DEBUG cache hit for key=192.168.57.185
ERROR null pointer in module 192.168.57.185
FATAL out of memory
ERROR null pointer in module 192.168.219.168
DEBUG variable x=192.168.142.104
FATAL segfault at address 0x192.168.39.155
INFO request from 192.168.193.243
FATAL unrecoverable disk error
ERROR file not found: /tmp/192.168.197.186.log
WARN memory threshold reached: 192.168.82.31MB
DEBUG variable x=192.168.197.186
INFO request from 192.168.9.50
INFO connection established
ERROR connection timeout 503
FATAL out of memory
INFO user 192.168.142.104 logged in
ERROR auth failure for user 192.168.92.139
FATAL unrecoverable disk error
ERROR connection timeout 503
FATAL segfault at address 0x192.168.193.243
INFO processed 192.168.107.168 items
DEBUG cache hit for key=192.168.36.209
WARN disk usage 192.168.197.186%
DEBUG variable x=192.168.193.243
DEBUG cache hit for key=192.168.9.50
DEBUG entering function foo
FATAL out of memory
ERROR null pointer in module 192.168.57.185
INFO request from 192.168.211.158
FATAL unrecoverable disk error
INFO processed 192.168.141.220 items
DEBUG variable x=192.168.60.30
ERROR null pointer in module 192.168.39.155
FATAL segfault at address 0x192.168.211.158
DEBUG heap size: 192.168.57.185
ERROR file not found: /tmp/192.168.142.104.log
WARN memory threshold reached: 192.168.178.6MB
WARN slow query: 192.168.92.139ms
DEBUG variable x=192.168.92.139
WARN slow query: 192.168.229.48ms
ERROR connection timeout 503
INFO request from 192.168.36.209
DEBUG heap size: 192.168.107.168
INFO connection established
DEBUG heap size: 192.168.57.185
FATAL unrecoverable disk error
FATAL segfault at address 0x192.168.215.207
ERROR connection timeout 503
ERROR auth failure for user 192.168.9.50
WARN slow query: 192.168.82.31ms
ERROR connection timeout 503
DEBUG entering function foo
ERROR auth failure for user 192.168.36.209
WARN slow query: 192.168.121.141ms
DEBUG entering function foo
FATAL segfault at address 0x192.168.39.155
WARN disk usage 192.168.36.209%
ERROR connection timeout 503
ERROR auth failure for user 192.168.141.220
DEBUG variable x=192.168.142.104
WARN retry attempt 192.168.92.139 for 99176
FATAL segfault at address 0x192.168.141.220
FATAL out of memory
FATAL out of memory
INFO connection established
DEBUG cache hit for key=192.168.121.141
DEBUG entering function foo
ERROR file not found: /tmp/192.168.189.144.log
DEBUG variable x=192.168.193.243
WARN memory threshold reached: 192.168.178.215MB
WARN disk usage 192.168.193.243%
WARN slow query: 192.168.9.50ms
WARN disk usage 192.168.215.207%
FATAL kernel panic
ERROR null pointer in module 192.168.36.209
ERROR auth failure for user 192.168.219.168
INFO connection established
WARN retry attempt 192.168.57.185 for 49810
ERROR null pointer in module 192.168.211.158
DEBUG entering function foo
FATAL kernel panic
DEBUG cache hit for key=192.168.215.207
FATAL out of memory
FATAL kernel panic
WARN memory threshold reached: 192.168.107.168MB
DEBUG entering function foo
DEBUG entering function foo
WARN slow query: 192.168.219.168ms
INFO connection established
DEBUG heap size: 192.168.39.155
FATAL segfault at address 0x192.168.121.141
ERROR auth failure for user 192.168.219.168
INFO user 192.168.178.215 logged in
INFO connection established
WARN retry attempt 192.168.107.168 for 3103
DEBUG cache hit for key=192.168.211.158
FATAL out of memory
FATAL out of memory
ERROR auth failure for user 192.168.178.6
ERROR null pointer in module 192.168.36.209
INFO processed 192.168.39.155 items
FATAL kernel panic
INFO user 192.168.142.104 logged in
ERROR auth failure for user 192.168.92.139
DEBUG cache hit for key=192.168.142.104
INFO processed 192.168.82.31 items
INFO connection established
FATAL out of memory
FATAL out of memory
INFO user 192.168.178.215 logged in
ERROR null pointer in module 192.168.215.207
ERROR auth failure for user 192.168.36.209
FATAL segfault at address 0x192.168.193.243
WARN retry attempt 192.168.9.50 for 69571
FATAL segfault at address 0x192.168.36.209
FATAL unrecoverable disk error
FATAL out of memory
INFO user 192.168.142.104 logged in
INFO request from 192.168.178.6
ERROR file not found: /tmp/192.168.92.139.log
FATAL unrecoverable disk error
WARN slow query: 192.168.197.186ms
ERROR null pointer in module 192.168.39.155
ERROR null pointer in module 192.168.92.139
ERROR auth failure for user 192.168.36.209
ERROR null pointer in module 192.168.178.215
INFO processed 192.168.197.186 items
INFO processed 192.168.92.139 items
DEBUG heap size: 192.168.141.220
DEBUG cache hit for key=192.168.9.50
FATAL unrecoverable disk error
FATAL kernel panic
FATAL unrecoverable disk error
WARN memory threshold reached: 192.168.189.144MB
WARN retry attempt 192.168.92.139 for 44951
INFO request from 192.168.215.207
WARN slow query: 192.168.178.215ms
DEBUG heap size: 192.168.107.168
INFO connection established
DEBUG entering function foo
WARN retry attempt 192.168.141.220 for 17609
DEBUG cache hit for key=192.168.211.158
INFO user 192.168.121.141 logged in
ERROR file not found: /tmp/192.168.82.31.log
WARN memory threshold reached: 192.168.60.30MB
DEBUG entering function foo
DEBUG variable x=192.168.36.209
DEBUG heap size: 192.168.211.158
WARN slow query: 192.168.60.30ms
ERROR auth failure for user 192.168.57.185
FATAL out of memory
WARN retry attempt 192.168.82.31 for 20990
ERROR null pointer in module 192.168.57.185
FATAL kernel panic
DEBUG entering function foo
FATAL kernel panic
FATAL out of memory
INFO user 192.168.57.185 logged in
FATAL kernel panic
INFO connection established
FATAL out of memory
FATAL out of memory
FATAL kernel panic
ERROR file not found: /tmp/192.168.36.209.log
INFO user 192.168.82.31 logged in
DEBUG heap size: 192.168.215.207
WARN slow query: 192.168.121.141ms
WARN retry attempt 192.168.215.207 for 5841
DEBUG entering function foo
WARN memory threshold reached: 192.168.36.209MB
DEBUG heap size: 192.168.197.186
ERROR file not found: /tmp/192.168.57.185.log
INFO request from 192.168.178.6
DEBUG entering function foo
WARN slow query: 192.168.229.48ms
WARN retry attempt 192.168.107.168 for 85309
DEBUG cache hit for key=192.168.107.168
WARN disk usage 192.168.107.168%
ERROR null pointer in module 192.168.178.215
INFO processed 192.168.141.220 items
ERROR auth failure for user 192.168.57.185
ERROR null pointer in module 192.168.82.31
INFO connection established
ERROR auth failure for user 192.168.142.104
DEBUG cache hit for key=192.168.60.30
WARN disk usage 192.168.107.168%
WARN memory threshold reached: 192.168.178.215MB
FATAL kernel panic
FATAL out of memory
DEBUG variable x=192.168.211.158
FATAL out of memory
DEBUG variable x=192.168.141.220
INFO connection established
WARN slow query: 192.168.36.209ms
WARN memory threshold reached: 192.168.219.168MB
WARN retry attempt 192.168.9.50 for 39367
ERROR connection timeout 503
INFO user 192.168.92.139 logged in
ERROR null pointer in module 192.168.39.155
WARN memory threshold reached: 192.168.39.155MB
INFO connection established
FATAL kernel panic
FATAL segfault at address 0x192.168.39.155
DEBUG heap size: 192.168.219.168
DEBUG entering function foo
FATAL out of memory
WARN retry attempt 192.168.142.104 for 80391
FATAL segfault at address 0x192.168.57.185
INFO request from 192.168.36.209
INFO processed 192.168.215.207 items
ERROR auth failure for user 192.168.178.215
DEBUG entering function foo
DEBUG variable x=192.168.229.48
FATAL unrecoverable disk error
WARN memory threshold reached: 192.168.92.139MB
FATAL segfault at address 0x192.168.219.168
ERROR null pointer in module 192.168.57.185
ERROR auth failure for user 192.168.39.155
WARN retry attempt 192.168.39.155 for 71360
FATAL unrecoverable disk error
DEBUG cache hit for key=192.168.215.207
FATAL out of memory
DEBUG cache hit for key=192.168.142.104
ERROR file not found: /tmp/192.168.193.243.log
DEBUG variable x=192.168.39.155
FATAL out of memory
INFO user 192.168.141.220 logged in
DEBUG cache hit for key=192.168.107.168
ERROR null pointer in module 192.168.9.50
FATAL kernel panic
FATAL segfault at address 0x192.168.141.220
DEBUG entering function foo
ERROR file not found: /tmp/192.168.92.139.log
WARN retry attempt 192.168.82.31 for 66203
WARN retry attempt 192.168.60.30 for 39725
FATAL kernel panic
DEBUG cache hit for key=192.168.121.141
INFO request from 192.168.141.220
FATAL kernel panic
WARN memory threshold reached: 192.168.60.30MB
WARN disk usage 192.168.141.220%
ERROR connection timeout 503
FATAL kernel panic
INFO user 192.168.57.185 logged in
WARN slow query: 192.168.60.30ms
FATAL kernel panic
DEBUG heap size: 192.168.39.155
DEBUG entering function foo
DEBUG heap size: 192.168.92.139
WARN disk usage 192.168.36.209%
DEBUG entering function foo
INFO processed 192.168.189.144 items
WARN disk usage 192.168.142.104%
INFO request from 192.168.193.243
FATAL kernel panic
INFO user 192.168.229.48 logged in
FATAL unrecoverable disk error
WARN disk usage 192.168.36.209%
FATAL segfault at address 0x192.168.60.30
FATAL unrecoverable disk error
ERROR auth failure for user 192.168.60.30
ERROR null pointer in module 192.168.82.31
INFO connection established
FATAL kernel panic
FATAL kernel panic
DEBUG heap size: 192.168.215.207
DEBUG entering function foo
INFO user 192.168.197.186 logged in
INFO user 192.168.215.207 logged in
INFO user 192.168.178.6 logged in
INFO connection established
DEBUG cache hit for key=192.168.215.207
ERROR file not found: /tmp/192.168.82.31.log
WARN memory threshold reached: 192.168.82.31MB
WARN retry attempt 192.168.215.207 for 90374
INFO user 192.168.215.207 logged in
ERROR connection timeout 503
ERROR connection timeout 503
INFO processed 192.168.107.168 items
FATAL segfault at address 0x192.168.57.185
FATAL kernel panic
FATAL out of memory
INFO processed 192.168.141.220 items
WARN slow query: 192.168.60.30ms
ERROR auth failure for user 192.168.36.209
FATAL segfault at address 0x192.168.121.141
WARN slow query: 192.168.121.141ms
FATAL unrecoverable disk error
ERROR file not found: /tmp/192.168.229.48.log
FATAL unrecoverable disk error
FATAL unrecoverable disk error
INFO connection established
WARN slow query: 192.168.92.139ms
INFO request from 192.168.57.185
FATAL segfault at address 0x192.168.107.168
FATAL out of memory
FATAL segfault at address 0x192.168.219.168
ERROR file not found: /tmp/192.168.197.186.log
DEBUG cache hit for key=192.168.211.158
DEBUG entering function foo
WARN slow query: 192.168.215.207ms
WARN memory threshold reached: 192.168.9.50MB
ERROR connection timeout 503
INFO connection established
WARN disk usage 192.168.121.141%
INFO request from 192.168.9.50
INFO request from 192.168.60.30
DEBUG variable x=192.168.39.155
FATAL kernel panic
FATAL segfault at address 0x192.168.197.186
WARN disk usage 192.168.229.48%
WARN disk usage 192.168.215.207%
INFO connection established
INFO processed 192.168.121.141 items
INFO user 192.168.92.139 logged in
FATAL out of memory
FATAL unrecoverable disk error
INFO processed 192.168.121.141 items
ERROR auth failure for user 192.168.92.139
FATAL out of memory
FATAL out of memory
FATAL unrecoverable disk error
ERROR connection timeout 503
ERROR connection timeout 503
FATAL segfault at address 0x192.168.197.186
INFO request from 192.168.36.209
FATAL out of memory
ERROR file not found: /tmp/192.168.92.139.log
DEBUG entering function foo
FATAL unrecoverable disk error
DEBUG variable x=192.168.142.104
WARN memory threshold reached: 192.168.82.31MB
WARN retry attempt 192.168.92.139 for 58635
WARN memory threshold reached: 192.168.142.104MB
DEBUG heap size: 192.168.92.139
ERROR file not found: /tmp/192.168.178.6.log
ERROR file not found: /tmp/192.168.121.141.log
WARN slow query: 192.168.107.168ms
WARN retry attempt 192.168.57.185 for 79431
FATAL kernel panic
DEBUG cache hit for key=192.168.141.220
WARN slow query: 192.168.121.141ms
ERROR auth failure for user 192.168.189.144
WARN disk usage 192.168.142.104%
INFO user 192.168.121.141 logged in
DEBUG variable x=192.168.82.31
FATAL segfault at address 0x192.168.215.207
ERROR file not found: /tmp/192.168.229.48.log
INFO request from 192.168.57.185
WARN memory threshold reached: 192.168.141.220MB
INFO processed 192.168.229.48 items
FATAL unrecoverable disk error
DEBUG cache hit for key=192.168.36.209
INFO request from 192.168.39.155
INFO request from 192.168.178.6
FATAL segfault at address 0x192.168.193.243
INFO processed 192.168.229.48 items
WARN disk usage 192.168.57.185%
WARN memory threshold reached: 192.168.219.168MB
FATAL unrecoverable disk error
FATAL unrecoverable disk error
FATAL segfault at address 0x192.168.229.48
DEBUG variable x=192.168.189.144
WARN memory threshold reached: 192.168.189.144MB
INFO connection established
INFO request from 192.168.229.48
ERROR auth failure for user 192.168.178.215
ERROR connection timeout 503
WARN slow query: 192.168.193.243ms
ERROR null pointer in module 192.168.82.31
DEBUG variable x=192.168.211.158
WARN disk usage 192.168.197.186%
DEBUG variable x=192.168.219.168
INFO processed 192.168.36.209 items
INFO request from 192.168.141.220
INFO user 192.168.193.243 logged in
INFO request from 192.168.215.207
DEBUG variable x=192.168.215.207
INFO processed 192.168.229.48 items
DEBUG variable x=192.168.39.155
FATAL segfault at address 0x192.168.215.207
FATAL kernel panic
FATAL unrecoverable disk error
ERROR null pointer in module 192.168.92.139
DEBUG variable x=192.168.197.186
INFO request from 192.168.57.185
ERROR null pointer in module 192.168.141.220
WARN disk usage 192.168.107.168%
DEBUG heap size: 192.168.197.186
FATAL segfault at address 0x192.168.193.243
DEBUG heap size: 192.168.219.168
FATAL kernel panic
FATAL kernel panic
ERROR file not found: /tmp/192.168.107.168.log
WARN retry attempt 192.168.9.50 for 79777
ERROR null pointer in module 192.168.121.141
ERROR null pointer in module 192.168.197.186
ERROR connection timeout 503
ERROR auth failure for user 192.168.57.185
FATAL out of memory
ERROR connection timeout 503
WARN disk usage 192.168.178.215%
DEBUG cache hit for key=192.168.36.209
ERROR connection timeout 503
WARN disk usage 192.168.60.30%
INFO request from 192.168.193.243
ERROR auth failure for user 192.168.215.207
WARN retry attempt 192.168.189.144 for 61899
INFO processed 192.168.36.209 items
FATAL unrecoverable disk error
ERROR null pointer in module 192.168.36.209
ERROR null pointer in module 192.168.211.158
ERROR null pointer in module 192.168.82.31
ERROR file not found: /tmp/192.168.178.215.log
WARN retry attempt 192.168.60.30 for 66553
ERROR connection timeout 503
DEBUG variable x=192.168.141.220
DEBUG heap size: 192.168.9.50
DEBUG variable x=192.168.197.186
INFO request from 192.168.141.220
ERROR file not found: /tmp/192.168.178.6.log
ERROR null pointer in module 192.168.178.6
ERROR file not found: /tmp/192.168.211.158.log
DEBUG cache hit for key=192.168.57.185
DEBUG entering function foo
WARN retry attempt 192.168.219.168 for 54521
FATAL out of memory
DEBUG heap size: 192.168.197.186
DEBUG entering function foo
ERROR file not found: /tmp/192.168.82.31.log
INFO request from 192.168.219.168
WARN memory threshold reached: 192.168.193.243MB
ERROR null pointer in module 192.168.60.30
ERROR auth failure for user 192.168.193.243
ERROR auth failure for user 192.168.121.141
INFO connection established
ERROR file not found: /tmp/192.168.178.215.log
FATAL out of memory
FATAL unrecoverable disk error
DEBUG variable x=192.168.82.31
WARN retry attempt 192.168.82.31 for 17060
INFO user 192.168.60.30 logged in
FATAL unrecoverable disk error
FATAL segfault at address 0x192.168.219.168
FATAL out of memory
FATAL out of memory
ERROR file not found: /tmp/192.168.215.207.log
INFO processed 192.168.92.139 items
WARN memory threshold reached: 192.168.229.48MB
ERROR file not found: /tmp/192.168.39.155.log
ERROR auth failure for user 192.168.215.207
WARN retry attempt 192.168.197.186 for 52948
WARN retry attempt 192.168.178.215 for 92857
ERROR null pointer in module 192.168.193.243
DEBUG heap size: 192.168.229.48
DEBUG cache hit for key=192.168.60.30
WARN retry attempt 192.168.107.168 for 20901
DEBUG cache hit for key=192.168.197.186
DEBUG entering function foo
FATAL unrecoverable disk error
DEBUG heap size: 192.168.121.141
WARN disk usage 192.168.107.168%
ERROR connection timeout 503
DEBUG cache hit for key=192.168.219.168
FATAL unrecoverable disk error
DEBUG variable x=192.168.142.104
WARN retry attempt 192.168.197.186 for 86965
ERROR connection timeout 503
WARN slow query: 192.168.197.186ms
ERROR file not found: /tmp/192.168.211.158.log
DEBUG variable x=192.168.60.30
DEBUG entering function foo
WARN slow query: 192.168.197.186ms
FATAL out of memory
FATAL kernel panic
INFO user 192.168.178.215 logged in
ERROR connection timeout 503
DEBUG variable x=192.168.229.48
ERROR null pointer in module 192.168.39.155
ERROR auth failure for user 192.168.82.31
INFO processed 192.168.189.144 items
INFO processed 192.168.82.31 items
INFO user 192.168.39.155 logged in
WARN disk usage 192.168.92.139%
DEBUG heap size: 192.168.219.168
ERROR null pointer in module 192.168.121.141
FATAL segfault at address 0x192.168.211.158
WARN slow query: 192.168.9.50ms
INFO user 192.168.219.168 logged in
FATAL out of memory
ERROR auth failure for user 192.168.9.50
FATAL kernel panic
ERROR connection timeout 503
FATAL segfault at address 0x192.168.57.185
DEBUG heap size: 192.168.36.209
WARN retry attempt 192.168.92.139 for 54421
ERROR connection timeout 503
INFO processed 192.168.60.30 items
INFO request from 192.168.178.215
WARN disk usage 192.168.211.158%
DEBUG cache hit for key=192.168.92.139
INFO processed 192.168.121.141 items
DEBUG heap size: 192.168.9.50
INFO connection established
ERROR connection timeout 503
FATAL segfault at address 0x192.168.178.215
DEBUG cache hit for key=192.168.193.243
DEBUG heap size: 192.168.36.209
DEBUG heap size: 192.168.215.207
DEBUG variable x=192.168.92.139
FATAL unrecoverable disk error
FATAL segfault at address 0x192.168.39.155
INFO processed 192.168.107.168 items
DEBUG entering function foo
FATAL out of memory
FATAL out of memory
WARN slow query: 192.168.189.144ms
ERROR connection timeout 503
INFO connection established
FATAL out of memory
FATAL segfault at address 0x192.168.178.6
FATAL segfault at address 0x192.168.178.6
INFO connection established
FATAL unrecoverable disk error
DEBUG entering function foo
FATAL kernel panic
WARN disk usage 192.168.107.168%
ERROR null pointer in module 192.168.82.31
DEBUG cache hit for key=192.168.215.207
INFO connection established
FATAL out of memory
WARN disk usage 192.168.197.186%
ERROR auth failure for user 192.168.39.155
INFO request from 192.168.229.48
FATAL segfault at address 0x192.168.92.139
ERROR null pointer in module 192.168.142.104
ERROR file not found: /tmp/192.168.229.48.log
INFO user 192.168.215.207 logged in
DEBUG variable x=192.168.211.158
ERROR null pointer in module 192.168.39.155
WARN retry attempt 192.168.142.104 for 23603
FATAL segfault at address 0x192.168.219.168
DEBUG variable x=192.168.142.104
ERROR auth failure for user 192.168.141.220
INFO user 192.168.229.48 logged in
WARN memory threshold reached: 192.168.60.30MB
DEBUG cache hit for key=192.168.141.220
ERROR null pointer in module 192.168.189.144
WARN slow query: 192.168.215.207ms
WARN retry attempt 192.168.229.48 for 95199
INFO user 192.168.36.209 logged in
ERROR null pointer in module 192.168.229.48
FATAL unrecoverable disk error
DEBUG cache hit for key=192.168.141.220
ERROR file not found: /tmp/192.168.60.30.log
WARN memory threshold reached: 192.168.121.141MB
FATAL out of memory
FATAL segfault at address 0x192.168.121.141
FATAL unrecoverable disk error
DEBUG variable x=192.168.82.31
ERROR auth failure for user 192.168.57.185
DEBUG variable x=192.168.219.168
WARN memory threshold reached: 192.168.121.141MB
ERROR null pointer in module 192.168.193.243
DEBUG heap size: 192.168.211.158
FATAL kernel panic
WARN memory threshold reached: 192.168.141.220MB
FATAL unrecoverable disk error
INFO processed 192.168.82.31 items
INFO processed 192.168.142.104 items
WARN disk usage 192.168.57.185%
FATAL kernel panic
WARN disk usage 192.168.229.48%
DEBUG cache hit for key=192.168.189.144
INFO request from 192.168.229.48
DEBUG variable x=192.168.193.243
INFO connection established
ERROR file not found: /tmp/192.168.193.243.log
DEBUG heap size: 192.168.82.31
WARN retry attempt 192.168.82.31 for 15259
ERROR auth failure for user 192.168.57.185
INFO connection established
ERROR file not found: /tmp/192.168.36.209.log
ERROR file not found: /tmp/192.168.193.243.log
ERROR null pointer in module 192.168.197.186
ERROR connection timeout 503
WARN disk usage 192.168.215.207%
WARN slow query: 192.168.141.220ms
ERROR null pointer in module 192.168.39.155
FATAL kernel panic
FATAL segfault at address 0x192.168.82.31
INFO request from 192.168.219.168
INFO processed 192.168.107.168 items
WARN slow query: 192.168.36.209ms
INFO request from 192.168.121.141
WARN disk usage 192.168.189.144%
WARN disk usage 192.168.229.48%
DEBUG heap size: 192.168.178.215
DEBUG entering function foo
ERROR null pointer in module 192.168.121.141
DEBUG heap size: 192.168.197.186
ERROR file not found: /tmp/192.168.121.141.log
WARN retry attempt 192.168.178.215 for 61701
FATAL segfault at address 0x192.168.36.209
DEBUG variable x=192.168.189.144
DEBUG variable x=192.168.121.141
INFO user 192.168.36.209 logged in
DEBUG entering function foo
DEBUG variable x=192.168.197.186
WARN slow query: 192.168.82.31ms
ERROR null pointer in module 192.168.197.186
DEBUG heap size: 192.168.141.220
DEBUG cache hit for key=192.168.107.168
FATAL segfault at address 0x192.168.219.168
DEBUG variable x=192.168.9.50
INFO user 192.168.107.168 logged in
FATAL kernel panic
INFO processed 192.168.39.155 items
DEBUG entering function foo
ERROR file not found: /tmp/192.168.229.48.log
FATAL segfault at address 0x192.168.178.6
INFO connection established
DEBUG heap size: 192.168.60.30
FATAL unrecoverable disk error
INFO user 192.168.178.215 logged in
ERROR file not found: /tmp/192.168.60.30.log
DEBUG heap size: 192.168.193.243
INFO connection established
INFO request from 192.168.92.139
FATAL segfault at address 0x192.168.107.168
DEBUG cache hit for key=192.168.141.220
WARN disk usage 192.168.219.168%
WARN disk usage 192.168.229.48%
WARN retry attempt 192.168.141.220 for 37074
WARN slow query: 192.168.121.141ms
FATAL segfault at address 0x192.168.107.168
WARN memory threshold reached: 192.168.178.6MB
WARN disk usage 192.168.82.31%
ERROR auth failure for user 192.168.178.215
WARN slow query: 192.168.141.220ms
WARN retry attempt 192.168.92.139 for 58586
WARN disk usage 192.168.219.168%
FATAL kernel panic
WARN retry attempt 192.168.193.243 for 87689
WARN retry attempt 192.168.211.158 for 88626
WARN disk usage 192.168.141.220%
ERROR null pointer in module 192.168.178.6
DEBUG heap size: 192.168.189.144
INFO connection established
ERROR null pointer in module 192.168.197.186
WARN memory threshold reached: 192.168.229.48MB
WARN memory threshold reached: 192.168.57.185MB
ERROR null pointer in module 192.168.197.186
INFO processed 192.168.9.50 items
ERROR file not found: /tmp/192.168.215.207.log
INFO request from 192.168.178.6
FATAL out of memory
INFO user 192.168.92.139 logged in
ERROR file not found: /tmp/192.168.39.155.log
FATAL out of memory
DEBUG heap size: 192.168.107.168
ERROR connection timeout 503
WARN slow query: 192.168.82.31ms
DEBUG variable x=192.168.39.155
DEBUG cache hit for key=192.168.215.207
FATAL unrecoverable disk error
WARN memory threshold reached: 192.168.215.207MB
ERROR connection timeout 503
ERROR null pointer in module 192.168.178.6
DEBUG cache hit for key=192.168.39.155
WARN disk usage 192.168.107.168%
WARN slow query: 192.168.215.207ms
FATAL kernel panic
WARN memory threshold reached: 192.168.92.139MB
FATAL kernel panic
WARN slow query: 192.168.178.215ms
ERROR connection timeout 503
WARN retry attempt 192.168.193.243 for 95470
WARN memory threshold reached: 192.168.211.158MB
DEBUG heap size: 192.168.92.139
ERROR connection timeout 503
INFO processed 192.168.193.243 items
INFO request from 192.168.9.50
WARN memory threshold reached: 192.168.9.50MB
DEBUG heap size: 192.168.178.6
DEBUG heap size: 192.168.141.220
INFO user 192.168.142.104 logged in
FATAL unrecoverable disk error
FATAL kernel panic
DEBUG heap size: 192.168.121.141
DEBUG heap size: 192.168.211.158
ERROR null pointer in module 192.168.60.30
DEBUG entering function foo
FATAL out of memory
DEBUG entering function foo
ERROR null pointer in module 192.168.60.30
ERROR file not found: /tmp/192.168.107.168.log
FATAL segfault at address 0x192.168.229.48
ERROR auth failure for user 192.168.36.209
INFO processed 192.168.107.168 items
FATAL kernel panic
FATAL out of memory
ERROR file not found: /tmp/192.168.9.50.log
INFO processed 192.168.57.185 items
WARN retry attempt 192.168.197.186 for 80496
FATAL out of memory
INFO connection established
ERROR auth failure for user 192.168.36.209
DEBUG cache hit for key=192.168.141.220
FATAL kernel panic
INFO request from 192.168.197.186
WARN retry attempt 192.168.82.31 for 13925
INFO user 192.168.197.186 logged in
FATAL kernel panic
ERROR file not found: /tmp/192.168.82.31.log
INFO user 192.168.82.31 logged in
ERROR auth failure for user 192.168.82.31
WARN slow query: 192.168.9.50ms
ERROR null pointer in module 192.168.142.104
ERROR file not found: /tmp/192.168.121.141.log
FATAL segfault at address 0x192.168.142.104
FATAL kernel panic
INFO request from 192.168.229.48
FATAL kernel panic
ERROR connection timeout 503
FATAL kernel panic
DEBUG variable x=192.168.229.48
ERROR auth failure for user 192.168.193.243
WARN slow query: 192.168.121.141ms
WARN retry attempt 192.168.189.144 for 30010
ERROR null pointer in module 192.168.60.30
WARN slow query: 192.168.178.215ms
INFO processed 192.168.36.209 items
WARN disk usage 192.168.215.207%
INFO request from 192.168.92.139
DEBUG variable x=192.168.229.48
WARN retry attempt 192.168.219.168 for 44266
WARN memory threshold reached: 192.168.193.243MB
DEBUG heap size: 192.168.57.185
DEBUG cache hit for key=192.168.211.158
WARN retry attempt 192.168.211.158 for 68635
WARN memory threshold reached: 192.168.107.168MB
ERROR connection timeout 503
DEBUG cache hit for key=192.168.121.141
ERROR connection timeout 503
INFO request from 192.168.189.144
DEBUG cache hit for key=192.168.141.220
INFO connection established
DEBUG heap size: 192.168.229.48
WARN memory threshold reached: 192.168.92.139MB
ERROR null pointer in module 192.168.211.158
ERROR connection timeout 503
WARN retry attempt 192.168.60.30 for 91915
ERROR connection timeout 503
WARN retry attempt 192.168.82.31 for 47249
INFO request from 192.168.60.30
INFO user 192.168.9.50 logged in
ERROR null pointer in module 192.168.211.158
INFO processed 192.168.142.104 items
WARN retry attempt 192.168.82.31 for 38949
WARN disk usage 192.168.197.186%
ERROR auth failure for user 192.168.197.186
DEBUG heap size: 192.168.211.158
WARN slow query: 192.168.60.30ms
WARN disk usage 192.168.197.186%
FATAL segfault at address 0x192.168.141.220
FATAL unrecoverable disk error
ERROR connection timeout 503
FATAL segfault at address 0x192.168.9.50
WARN memory threshold reached: 192.168.92.139MB
ERROR null pointer in module 192.168.92.139
WARN memory threshold reached: 192.168.229.48MB
DEBUG entering function foo
DEBUG variable x=192.168.193.243
DEBUG heap size: 192.168.36.209
WARN slow query: 192.168.142.104ms
WARN memory threshold reached: 192.168.211.158MB
INFO request from 192.168.211.158
FATAL kernel panic
INFO connection established
ERROR null pointer in module 192.168.60.30
DEBUG variable x=192.168.121.141
DEBUG heap size: 192.168.82.31
WARN disk usage 192.168.229.48%
FATAL out of memory
WARN slow query: 192.168.107.168ms
ERROR null pointer in module 192.168.60.30
INFO user 192.168.229.48 logged in
ERROR auth failure for user 192.168.92.139
FATAL unrecoverable disk error
ERROR null pointer in module 192.168.189.144
FATAL kernel panic
WARN memory threshold reached: 192.168.142.104MB
FATAL kernel panic
INFO user 192.168.60.30 logged in
WARN memory threshold reached: 192.168.211.158MB
ERROR file not found: /tmp/192.168.219.168.log
ERROR auth failure for user 192.168.141.220
ERROR connection timeout 503
DEBUG cache hit for key=192.168.57.185
FATAL segfault at address 0x192.168.229.48
INFO processed 192.168.229.48 items
ERROR file not found: /tmp/192.168.189.144.log
WARN retry attempt 192.168.9.50 for 45832
ERROR connection timeout 503
WARN retry attempt 192.168.178.6 for 26785
ERROR auth failure for user 192.168.142.104
FATAL segfault at address 0x192.168.39.155
FATAL kernel panic
ERROR connection timeout 503
FATAL kernel panic
WARN retry attempt 192.168.142.104 for 7916
INFO user 192.168.229.48 logged in
FATAL unrecoverable disk error
DEBUG variable x=192.168.141.220
INFO user 192.168.193.243 logged in
WARN retry attempt 192.168.9.50 for 86802
DEBUG cache hit for key=192.168.9.50
ERROR auth failure for user 192.168.219.168
DEBUG variable x=192.168.36.209
ERROR file not found: /tmp/192.168.189.144.log
WARN retry attempt 192.168.60.30 for 71953
FATAL unrecoverable disk error
DEBUG entering function foo
INFO request from 192.168.142.104
ERROR auth failure for user 192.168.121.141
WARN memory threshold reached: 192.168.197.186MB
WARN slow query: 192.168.189.144ms
INFO processed 192.168.215.207 items
FATAL kernel panic
DEBUG heap size: 192.168.60.30
WARN retry attempt 192.168.215.207 for 66338
INFO connection established
INFO connection established
FATAL unrecoverable disk error
ERROR connection timeout 503
ERROR null pointer in module 192.168.36.209
DEBUG entering function foo
FATAL unrecoverable disk error
FATAL segfault at address 0x192.168.211.158
DEBUG variable x=192.168.60.30
FATAL segfault at address 0x192.168.141.220
ERROR auth failure for user 192.168.215.207
WARN memory threshold reached: 192.168.178.6MB
FATAL out of memory
ERROR auth failure for user 192.168.60.30
INFO processed 192.168.229.48 items
DEBUG variable x=192.168.229.48
ERROR null pointer in module 192.168.193.243
DEBUG cache hit for key=192.168.39.155
ERROR file not found: /tmp/192.168.219.168.log
INFO processed 192.168.39.155 items
INFO connection established
ERROR file not found: /tmp/192.168.82.31.log
INFO request from 192.168.9.50
WARN disk usage 192.168.178.215%
INFO processed 192.168.92.139 items
INFO user 192.168.219.168 logged in
WARN disk usage 192.168.219.168%
INFO processed 192.168.189.144 items
FATAL kernel panic
WARN disk usage 192.168.229.48%
INFO request from 192.168.39.155
DEBUG heap size: 192.168.215.207
ERROR connection timeout 503
FATAL kernel panic
INFO request from 192.168.189.144
ERROR auth failure for user 192.168.215.207
DEBUG entering function foo
ERROR file not found: /tmp/192.168.82.31.log
WARN disk usage 192.168.178.215%
DEBUG cache hit for key=192.168.9.50
INFO user 192.168.57.185 logged in
WARN disk usage 192.168.36.209%
INFO connection established
ERROR auth failure for user 192.168.215.207
WARN disk usage 192.168.197.186%
DEBUG variable x=192.168.36.209
WARN memory threshold reached: 192.168.60.30MB
INFO request from 192.168.39.155
WARN disk usage 192.168.193.243%
DEBUG cache hit for key=192.168.39.155
ERROR file not found: /tmp/192.168.215.207.log
ERROR auth failure for user 192.168.211.158
DEBUG variable x=192.168.219.168
FATAL kernel panic
DEBUG cache hit for key=192.168.178.6
ERROR file not found: /tmp/192.168.121.141.log
ERROR file not found: /tmp/192.168.215.207.log
FATAL segfault at address 0x192.168.121.141
ERROR connection timeout 503
INFO request from 192.168.142.104
WARN retry attempt 192.168.39.155 for 91101
WARN slow query: 192.168.121.141ms
ERROR null pointer in module 192.168.82.31
INFO processed 192.168.189.144 items
FATAL out of memory
DEBUG entering function foo
DEBUG variable x=192.168.141.220
DEBUG entering function foo
WARN disk usage 192.168.82.31%
FATAL kernel panic
DEBUG variable x=192.168.121.141
INFO processed 192.168.229.48 items
DEBUG cache hit for key=192.168.121.141
DEBUG variable x=192.168.229.48
WARN disk usage 192.168.121.141%
WARN slow query: 192.168.39.155ms
INFO processed 192.168.82.31 items
FATAL segfault at address 0x192.168.178.6
INFO connection established
DEBUG variable x=192.168.60.30
WARN slow query: 192.168.219.168ms
FATAL kernel panic
INFO request from 192.168.57.185
FATAL kernel panic
DEBUG heap size: 192.168.57.185
ERROR null pointer in module 192.168.178.6
FATAL out of memory
INFO connection established
DEBUG entering function foo
WARN memory threshold reached: 192.168.197.186MB
INFO connection established
INFO request from 192.168.229.48
INFO processed 192.168.57.185 items
FATAL kernel panic
ERROR null pointer in module 192.168.229.48
FATAL out of memory
DEBUG entering function foo
ERROR connection timeout 503
DEBUG entering function foo
ERROR null pointer in module 192.168.107.168
DEBUG cache hit for key=192.168.107.168
DEBUG heap size: 192.168.178.6
DEBUG entering function foo
INFO request from 192.168.229.48
DEBUG cache hit for key=192.168.197.186
INFO request from 192.168.197.186
INFO request from 192.168.92.139
DEBUG variable x=192.168.57.185
WARN retry attempt 192.168.178.215 for 31211
ERROR auth failure for user 192.168.36.209
INFO user 192.168.229.48 logged in
FATAL kernel panic
WARN memory threshold reached: 192.168.9.50MB
DEBUG entering function foo
ERROR null pointer in module 192.168.57.185
INFO user 192.168.9.50 logged in
WARN memory threshold reached: 192.168.178.215MB
FATAL out of memory
INFO user 192.168.107.168 logged in
DEBUG cache hit for key=192.168.211.158
ERROR file not found: /tmp/192.168.229.48.log
DEBUG entering function foo
FATAL kernel panic
INFO user 192.168.193.243 logged in
WARN disk usage 192.168.141.220%
INFO user 192.168.219.168 logged in
DEBUG variable x=192.168.9.50
WARN disk usage 192.168.141.220%
WARN retry attempt 192.168.107.168 for 53122
FATAL kernel panic
FATAL out of memory
DEBUG variable x=192.168.121.141
DEBUG cache hit for key=192.168.178.215
ERROR auth failure for user 192.168.92.139
ERROR auth failure for user 192.168.219.168
ERROR connection timeout 503
DEBUG entering function foo
INFO user 192.168.193.243 logged in
ERROR connection timeout 503
WARN retry attempt 192.168.178.6 for 34975
FATAL segfault at address 0x192.168.229.48
INFO user 192.168.82.31 logged in
DEBUG cache hit for key=192.168.178.6
ERROR null pointer in module 192.168.219.168
WARN retry attempt 192.168.189.144 for 44027
FATAL out of memory
DEBUG cache hit for key=192.168.82.31
FATAL segfault at address 0x192.168.57.185
ERROR auth failure for user 192.168.189.144
WARN disk usage 192.168.92.139%
FATAL kernel panic
FATAL out of memory
DEBUG variable x=192.168.197.186
DEBUG variable x=192.168.178.6
WARN slow query: 192.168.39.155ms
FATAL out of memory
ERROR auth failure for user 192.168.107.168
INFO request from 192.168.141.220
DEBUG entering function foo
WARN disk usage 192.168.107.168%
FATAL out of memory
DEBUG entering function foo
INFO request from 192.168.36.209
INFO connection established
FATAL out of memory
FATAL out of memory
WARN retry attempt 192.168.9.50 for 18229
INFO user 192.168.189.144 logged in
FATAL unrecoverable disk error
INFO request from 192.168.36.209
DEBUG variable x=192.168.107.168
WARN memory threshold reached: 192.168.197.186MB
ERROR null pointer in module 192.168.178.215
WARN slow query: 192.168.189.144ms
ERROR connection timeout 503
INFO user 192.168.121.141 logged in
DEBUG variable x=192.168.229.48
INFO user 192.168.36.209 logged in
WARN disk usage 192.168.229.48%
INFO connection established
INFO user 192.168.193.243 logged in
DEBUG entering function foo
INFO processed 192.168.9.50 items
FATAL unrecoverable disk error
DEBUG heap size: 192.168.178.6
WARN memory threshold reached: 192.168.193.243MB
FATAL segfault at address 0x192.168.57.185
INFO user 192.168.39.155 logged in
WARN retry attempt 192.168.215.207 for 2076
FATAL out of memory
WARN slow query: 192.168.193.243ms
ERROR file not found: /tmp/192.168.60.30.log
FATAL out of memory
ERROR auth failure for user 192.168.92.139
DEBUG cache hit for key=192.168.215.207
WARN retry attempt 192.168.189.144 for 22364
FATAL segfault at address 0x192.168.60.30
FATAL out of memory
WARN retry attempt 192.168.197.186 for 39545
ERROR auth failure for user 192.168.36.209
INFO processed 192.168.197.186 items
FATAL unrecoverable disk error
INFO connection established
DEBUG entering function foo
WARN memory threshold reached: 192.168.142.104MB
FATAL unrecoverable disk error
DEBUG cache hit for key=192.168.60.30
ERROR file not found: /tmp/192.168.215.207.log
WARN slow query: 192.168.178.215ms
WARN retry attempt 192.168.189.144 for 50
INFO request from 192.168.39.155
INFO processed 192.168.107.168 items
WARN slow query: 192.168.229.48ms
FATAL segfault at address 0x192.168.92.139
FATAL segfault at address 0x192.168.9.50
ERROR null pointer in module 192.168.9.50
ERROR auth failure for user 192.168.229.48
WARN retry attempt 192.168.219.168 for 70230
FATAL segfault at address 0x192.168.197.186
FATAL kernel panic
DEBUG entering function foo
DEBUG entering function foo
WARN memory threshold reached: 192.168.178.215MB
ERROR auth failure for user 192.168.229.48
INFO user 192.168.142.104 logged in
ERROR file not found: /tmp/192.168.211.158.log
WARN disk usage 192.168.60.30%
WARN retry attempt 192.168.57.185 for 60432
ERROR file not found: /tmp/192.168.193.243.log
FATAL unrecoverable disk error
INFO processed 192.168.193.243 items
DEBUG cache hit for key=192.168.197.186
INFO request from 192.168.141.220
ERROR auth failure for user 192.168.57.185
FATAL out of memory
INFO connection established
WARN memory threshold reached: 192.168.121.141MB
DEBUG variable x=192.168.82.31
FATAL out of memory
WARN disk usage 192.168.211.158%
WARN memory threshold reached: 192.168.36.209MB
ERROR connection timeout 503
WARN disk usage 192.168.178.6%
INFO connection established
FATAL unrecoverable disk error
FATAL segfault at address 0x192.168.193.243
INFO request from 192.168.39.155
WARN slow query: 192.168.211.158ms
FATAL out of memory
WARN disk usage 192.168.189.144%
INFO processed 192.168.57.185 items
INFO connection established
ERROR null pointer in module 192.168.141.220
WARN slow query: 192.168.211.158ms
INFO request from 192.168.57.185
FATAL kernel panic
WARN disk usage 192.168.178.6%
INFO processed 192.168.121.141 items
DEBUG entering function foo
FATAL segfault at address 0x192.168.193.243
FATAL out of memory
ERROR auth failure for user 192.168.219.168
FATAL segfault at address 0x192.168.211.158
INFO processed 192.168.57.185 items
WARN slow query: 192.168.82.31ms
FATAL segfault at address 0x192.168.57.185
DEBUG variable x=192.168.92.139
DEBUG variable x=192.168.219.168
FATAL segfault at address 0x192.168.178.215
DEBUG cache hit for key=192.168.197.186
DEBUG heap size: 192.168.121.141
DEBUG variable x=192.168.82.31
DEBUG heap size: 192.168.215.207
INFO processed 192.168.92.139 items
INFO request from 192.168.197.186
DEBUG cache hit for key=192.168.219.168
WARN retry attempt 192.168.215.207 for 72329
FATAL out of memory
DEBUG entering function foo
INFO request from 192.168.142.104
ERROR null pointer in module 192.168.229.48
INFO processed 192.168.92.139 items
DEBUG cache hit for key=192.168.197.186
FATAL out of memory
WARN retry attempt 192.168.142.104 for 94973
FATAL out of memory
ERROR connection timeout 503
WARN slow query: 192.168.92.139ms
ERROR null pointer in module 192.168.39.155
DEBUG entering function foo
INFO request from 192.168.178.6
DEBUG heap size: 192.168.178.215
WARN retry attempt 192.168.219.168 for 19953
WARN retry attempt 192.168.229.48 for 6348
INFO user 192.168.107.168 logged in
DEBUG entering function foo
ERROR file not found: /tmp/192.168.229.48.log
INFO processed 192.168.107.168 items
WARN disk usage 192.168.60.30%
FATAL unrecoverable disk error
INFO processed 192.168.197.186 items
ERROR connection timeout 503
WARN disk usage 192.168.211.158%
DEBUG heap size: 192.168.189.144
INFO request from 192.168.189.144
WARN disk usage 192.168.178.6%
INFO request from 192.168.92.139
ERROR null pointer in module 192.168.178.6
INFO connection established
FATAL out of memory
FATAL out of memory
ERROR file not found: /tmp/192.168.189.144.log
INFO connection established
DEBUG entering function foo
ERROR auth failure for user 192.168.197.186
FATAL unrecoverable disk error
ERROR null pointer in module 192.168.57.185
FATAL unrecoverable disk error
WARN slow query: 192.168.219.168ms
ERROR null pointer in module 192.168.215.207
INFO request from 192.168.229.48
WARN memory threshold reached: 192.168.215.207MB
DEBUG entering function foo
FATAL segfault at address 0x192.168.211.158
DEBUG cache hit for key=192.168.9.50
ERROR null pointer in module 192.168.60.30
FATAL out of memory
FATAL unrecoverable disk error
DEBUG variable x=192.168.219.168
WARN retry attempt 192.168.60.30 for 62143
FATAL kernel panic
FATAL kernel panic
INFO connection established
ERROR null pointer in module 192.168.229.48
FATAL out of memory
INFO processed 192.168.193.243 items
INFO user 192.168.141.220 logged in
DEBUG variable x=192.168.141.220
FATAL unrecoverable disk error
DEBUG entering function foo
WARN disk usage 192.168.193.243%
DEBUG heap size: 192.168.39.155
WARN retry attempt 192.168.178.215 for 71019
FATAL unrecoverable disk error
DEBUG entering function foo
INFO request from 192.168.57.185
DEBUG variable x=192.168.141.220
INFO connection established
INFO processed 192.168.57.185 items
ERROR file not found: /tmp/192.168.178.215.log
INFO processed 192.168.197.186 items
ERROR null pointer in module 192.168.57.185
WARN memory threshold reached: 192.168.60.30MB
DEBUG variable x=192.168.141.220
FATAL out of memory
DEBUG cache hit for key=192.168.197.186
INFO processed 192.168.82.31 items
INFO connection established
INFO user 192.168.107.168 logged in
DEBUG entering function foo
DEBUG entering function foo
INFO user 192.168.92.139 logged in
ERROR connection timeout 503
ERROR null pointer in module 192.168.219.168
WARN slow query: 192.168.197.186ms
INFO request from 192.168.193.243
INFO user 192.168.9.50 logged in
FATAL unrecoverable disk error
INFO processed 192.168.189.144 items
ERROR null pointer in module 192.168.57.185
ERROR auth failure for user 192.168.121.141
DEBUG variable x=192.168.178.215
FATAL segfault at address 0x192.168.197.186
WARN memory threshold reached: 192.168.107.168MB
FATAL out of memory
FATAL kernel panic
INFO user 192.168.229.48 logged in
INFO processed 192.168.141.220 items
INFO connection established
INFO connection established
FATAL kernel panic
FATAL out of memory
DEBUG variable x=192.168.215.207
WARN retry attempt 192.168.193.243 for 74641
WARN retry attempt 192.168.178.215 for 82791
DEBUG entering function foo
DEBUG cache hit for key=192.168.178.215
DEBUG variable x=192.168.193.243
ERROR connection timeout 503
FATAL unrecoverable disk error
WARN retry attempt 192.168.57.185 for 87000
ERROR null pointer in module 192.168.36.209
ERROR auth failure for user 192.168.189.144
INFO connection established
WARN retry attempt 192.168.82.31 for 57586
DEBUG cache hit for key=192.168.193.243
INFO processed 192.168.9.50 items
INFO processed 192.168.36.209 items
ERROR auth failure for user 192.168.189.144
FATAL kernel panic
WARN retry attempt 192.168.107.168 for 59357
WARN disk usage 192.168.142.104%
WARN memory threshold reached: 192.168.9.50MB
DEBUG variable x=192.168.178.215
FATAL segfault at address 0x192.168.107.168
ERROR file not found: /tmp/192.168.197.186.log
WARN disk usage 192.168.142.104%
FATAL kernel panic
DEBUG entering function foo
FATAL segfault at address 0x192.168.193.243
INFO connection established
INFO request from 192.168.211.158
DEBUG entering function foo
WARN disk usage 192.168.211.158%
WARN slow query: 192.168.142.104ms
DEBUG heap size: 192.168.9.50
ERROR connection timeout 503
DEBUG variable x=192.168.189.144
FATAL unrecoverable disk error
WARN slow query: 192.168.36.209ms
WARN memory threshold reached: 192.168.229.48MB
WARN memory threshold reached: 192.168.121.141MB
WARN disk usage 192.168.193.243%
INFO connection established
FATAL out of memory
INFO user 192.168.197.186 logged in
FATAL segfault at address 0x192.168.92.139
DEBUG cache hit for key=192.168.193.243
FATAL unrecoverable disk error
DEBUG cache hit for key=192.168.215.207
INFO processed 192.168.57.185 items
DEBUG variable x=192.168.92.139
DEBUG variable x=192.168.178.6
DEBUG variable x=192.168.211.158
DEBUG cache hit for key=192.168.189.144
WARN memory threshold reached: 192.168.142.104MB
WARN disk usage 192.168.121.141%
INFO request from 192.168.189.144
FATAL unrecoverable disk error
ERROR connection timeout 503
DEBUG heap size: 192.168.60.30
INFO processed 192.168.92.139 items
WARN retry attempt 192.168.189.144 for 11824
ERROR file not found: /tmp/192.168.189.144.log
INFO processed 192.168.189.144 items
DEBUG entering function foo
ERROR file not found: /tmp/192.168.92.139.log
FATAL out of memory
INFO connection established
DEBUG heap size: 192.168.92.139
ERROR file not found: /tmp/192.168.178.6.log
DEBUG entering function foo
WARN memory threshold reached: 192.168.219.168MB
ERROR auth failure for user 192.168.60.30
ERROR file not found: /tmp/192.168.193.243.log
WARN disk usage 192.168.178.215%
ERROR file not found: /tmp/192.168.219.168.log
WARN disk usage 192.168.92.139%
DEBUG variable x=192.168.57.185
WARN slow query: 192.168.189.144ms
DEBUG cache hit for key=192.168.211.158
DEBUG entering function foo
FATAL kernel panic
INFO connection established
ERROR file not found: /tmp/192.168.211.158.log
INFO processed 192.168.9.50 items
WARN slow query: 192.168.193.243ms
ERROR auth failure for user 192.168.39.155
DEBUG variable x=192.168.36.209
FATAL out of memory
WARN slow query: 192.168.60.30ms
INFO user 192.168.82.31 logged in
WARN memory threshold reached: 192.168.193.243MB
FATAL out of memory
DEBUG entering function foo
DEBUG variable x=192.168.39.155
ERROR auth failure for user 192.168.211.158
ERROR auth failure for user 192.168.121.141
FATAL unrecoverable disk error
INFO request from 192.168.193.243
WARN disk usage 192.168.193.243%
WARN memory threshold reached: 192.168.92.139MB
WARN memory threshold reached: 192.168.57.185MB
INFO request from 192.168.107.168
INFO processed 192.168.141.220 items
INFO request from 192.168.211.158
INFO user 192.168.57.185 logged in
FATAL segfault at address 0x192.168.215.207
INFO user 192.168.60.30 logged in
ERROR null pointer in module 192.168.36.209
FATAL segfault at address 0x192.168.193.243
INFO processed 192.168.197.186 items
WARN memory threshold reached: 192.168.142.104MB
INFO connection established
INFO connection established
WARN retry attempt 192.168.189.144 for 9718
FATAL out of memory
WARN disk usage 192.168.189.144%
FATAL segfault at address 0x192.168.60.30
FATAL kernel panic
ERROR connection timeout 503
INFO processed 192.168.142.104 items
DEBUG cache hit for key=192.168.60.30
DEBUG entering function foo
INFO processed 192.168.82.31 items
ERROR connection timeout 503
INFO request from 192.168.229.48
WARN disk usage 192.168.121.141%
ERROR file not found: /tmp/192.168.215.207.log
ERROR file not found: /tmp/192.168.219.168.log
FATAL segfault at address 0x192.168.142.104
INFO connection established
FATAL kernel panic
DEBUG entering function foo
FATAL unrecoverable disk error
ERROR auth failure for user 192.168.121.141
FATAL unrecoverable disk error
ERROR connection timeout 503
ERROR file not found: /tmp/192.168.189.144.log
INFO user 192.168.197.186 logged in
ERROR file not found: /tmp/192.168.92.139.log
FATAL out of memory
INFO connection established
INFO connection established
DEBUG heap size: 192.168.36.209
WARN retry attempt 192.168.189.144 for 35923
INFO request from 192.168.229.48
INFO processed 192.168.229.48 items
FATAL kernel panic
WARN slow query: 192.168.92.139ms
DEBUG entering function foo
INFO user 192.168.178.215 logged in
ERROR auth failure for user 192.168.219.168
ERROR connection timeout 503
ERROR null pointer in module 192.168.9.50
INFO request from 192.168.197.186
WARN slow query: 192.168.121.141ms
WARN disk usage 192.168.211.158%
FATAL out of memory
ERROR auth failure for user 192.168.229.48
FATAL unrecoverable disk error
DEBUG entering function foo
INFO processed 192.168.141.220 items
FATAL segfault at address 0x192.168.178.6
DEBUG entering function foo
WARN memory threshold reached: 192.168.197.186MB
ERROR auth failure for user 192.168.211.158
FATAL kernel panic
FATAL kernel panic
FATAL out of memory
FATAL out of memory
FATAL kernel panic
ERROR null pointer in module 192.168.178.215
INFO processed 192.168.178.6 items
INFO request from 192.168.39.155
ERROR auth failure for user 192.168.219.168
FATAL segfault at address 0x192.168.82.31
WARN retry attempt 192.168.57.185 for 99931
WARN disk usage 192.168.57.185%
DEBUG cache hit for key=192.168.197.186
ERROR null pointer in module 192.168.178.6
ERROR auth failure for user 192.168.9.50
FATAL out of memory
WARN slow query: 192.168.82.31ms
WARN retry attempt 192.168.178.215 for 12289
INFO processed 192.168.197.186 items
FATAL unrecoverable disk error
WARN retry attempt 192.168.189.144 for 16092
INFO connection established
WARN disk usage 192.168.189.144%
FATAL unrecoverable disk error
INFO user 192.168.57.185 logged in
INFO connection established
FATAL unrecoverable disk error
WARN disk usage 192.168.219.168%
INFO user 192.168.57.185 logged in
FATAL kernel panic
WARN memory threshold reached: 192.168.141.220MB
FATAL segfault at address 0x192.168.215.207
INFO processed 192.168.107.168 items
FATAL out of memory
WARN slow query: 192.168.178.215ms
WARN disk usage 192.168.219.168%
ERROR file not found: /tmp/192.168.107.168.log
INFO connection established
INFO request from 192.168.60.30
ERROR auth failure for user 192.168.215.207
ERROR file not found: /tmp/192.168.9.50.log
INFO processed 192.168.219.168 items
WARN slow query: 192.168.60.30ms
DEBUG variable x=192.168.107.168
FATAL segfault at address 0x192.168.142.104
INFO request from 192.168.57.185
FATAL segfault at address 0x192.168.141.220
ERROR file not found: /tmp/192.168.107.168.log
WARN memory threshold reached: 192.168.178.6MB
INFO user 192.168.36.209 logged in
INFO request from 192.168.82.31
DEBUG cache hit for key=192.168.57.185
DEBUG cache hit for key=192.168.82.31
DEBUG cache hit for key=192.168.57.185
FATAL segfault at address 0x192.168.197.186
INFO connection established
ERROR connection timeout 503
ERROR file not found: /tmp/192.168.39.155.log
ERROR file not found: /tmp/192.168.92.139.log
ERROR null pointer in module 192.168.219.168
WARN memory threshold reached: 192.168.92.139MB
ERROR connection timeout 503
INFO processed 192.168.39.155 items
DEBUG variable x=192.168.178.215
ERROR null pointer in module 192.168.92.139
INFO processed 192.168.193.243 items
ERROR auth failure for user 192.168.189.144
WARN disk usage 192.168.229.48%
WARN retry attempt 192.168.121.141 for 11807
WARN memory threshold reached: 192.168.39.155MB
FATAL unrecoverable disk error
FATAL unrecoverable disk error
WARN retry attempt 192.168.178.215 for 78680
ERROR file not found: /tmp/192.168.142.104.log
FATAL unrecoverable disk error
WARN slow query: 192.168.107.168ms
INFO connection established
WARN slow query: 192.168.92.139ms
FATAL unrecoverable disk error
ERROR null pointer in module 192.168.107.168
INFO processed 192.168.60.30 items
FATAL segfault at address 0x192.168.215.207
INFO user 192.168.60.30 logged in
WARN slow query: 192.168.215.207ms
DEBUG entering function foo
INFO connection established
DEBUG entering function foo
DEBUG cache hit for key=192.168.219.168
ERROR auth failure for user 192.168.142.104
FATAL kernel panic
ERROR file not found: /tmp/192.168.36.209.log
DEBUG cache hit for key=192.168.107.168
INFO connection established
INFO processed 192.168.142.104 items
INFO processed 192.168.142.104 items
ERROR file not found: /tmp/192.168.193.243.log
WARN slow query: 192.168.57.185ms
DEBUG heap size: 192.168.9.50
INFO connection established
DEBUG entering function foo
DEBUG variable x=192.168.215.207
INFO request from 192.168.107.168
ERROR auth failure for user 192.168.39.155
ERROR null pointer in module 192.168.229.48
FATAL out of memory
ERROR file not found: /tmp/192.168.141.220.log
ERROR null pointer in module 192.168.229.48
INFO user 192.168.92.139 logged in
INFO request from 192.168.189.144
WARN retry attempt 192.168.219.168 for 48384
DEBUG variable x=192.168.215.207
WARN slow query: 192.168.229.48ms
FATAL unrecoverable disk error
DEBUG heap size: 192.168.60.30
WARN memory threshold reached: 192.168.141.220MB
WARN memory threshold reached: 192.168.189.144MB
FATAL unrecoverable disk error
INFO user 192.168.197.186 logged in
ERROR auth failure for user 192.168.211.158
ERROR null pointer in module 192.168.229.48
INFO request from 192.168.211.158
DEBUG variable x=192.168.57.185
ERROR null pointer in module 192.168.178.215
WARN memory threshold reached: 192.168.82.31MB
FATAL kernel panic
INFO user 192.168.178.6 logged in
WARN disk usage 192.168.211.158%
INFO connection established
WARN disk usage 192.168.9.50%
WARN disk usage 192.168.82.31%
WARN retry attempt 192.168.219.168 for 49253
ERROR null pointer in module 192.168.211.158
WARN retry attempt 192.168.178.215 for 94199
DEBUG entering function foo
FATAL segfault at address 0x192.168.211.158
WARN retry attempt 192.168.197.186 for 37454
ERROR null pointer in module 192.168.92.139
INFO processed 192.168.197.186 items
DEBUG entering function foo
FATAL kernel panic
ERROR auth failure for user 192.168.219.168
FATAL unrecoverable disk error
WARN retry attempt 192.168.197.186 for 85796
WARN slow query: 192.168.60.30ms
INFO request from 192.168.178.215
INFO request from 192.168.178.215
INFO request from 192.168.142.104
ERROR auth failure for user 192.168.229.48
DEBUG entering function foo
INFO connection established
INFO processed 192.168.60.30 items
DEBUG variable x=192.168.193.243
WARN slow query: 192.168.9.50ms
WARN disk usage 192.168.189.144%
ERROR file not found: /tmp/192.168.60.30.log
INFO processed 192.168.121.141 items
INFO user 192.168.121.141 logged in
INFO user 192.168.107.168 logged in
WARN disk usage 192.168.107.168%
FATAL out of memory
INFO processed 192.168.92.139 items
DEBUG entering function foo
WARN memory threshold reached: 192.168.178.6MB
ERROR auth failure for user 192.168.92.139
FATAL out of memory
WARN memory threshold reached: 192.168.211.158MB
ERROR auth failure for user 192.168.193.243
ERROR null pointer in module 192.168.9.50
FATAL kernel panic
INFO processed 192.168.178.6 items
DEBUG cache hit for key=192.168.229.48
WARN retry attempt 192.168.211.158 for 84093
DEBUG heap size: 192.168.178.215
ERROR auth failure for user 192.168.39.155
WARN memory threshold reached: 192.168.193.243MB
DEBUG heap size: 192.168.189.144
FATAL segfault at address 0x192.168.141.220
DEBUG entering function foo
DEBUG variable x=192.168.219.168
ERROR connection timeout 503
DEBUG variable x=192.168.211.158
INFO connection established
DEBUG cache hit for key=192.168.60.30
ERROR file not found: /tmp/192.168.92.139.log
FATAL out of memory
WARN retry attempt 192.168.82.31 for 98240
WARN memory threshold reached: 192.168.39.155MB
DEBUG cache hit for key=192.168.57.185
DEBUG cache hit for key=192.168.229.48
DEBUG variable x=192.168.189.144
FATAL out of memory
DEBUG entering function foo
WARN disk usage 192.168.60.30%
ERROR auth failure for user 192.168.189.144
FATAL unrecoverable disk error
INFO user 192.168.9.50 logged in
ERROR auth failure for user 192.168.197.186
DEBUG cache hit for key=192.168.60.30
WARN retry attempt 192.168.121.141 for 59062
DEBUG entering function foo
ERROR auth failure for user 192.168.211.158
INFO processed 192.168.219.168 items
WARN memory threshold reached: 192.168.219.168MB
DEBUG variable x=192.168.36.209
INFO request from 192.168.92.139
DEBUG entering function foo
DEBUG cache hit for key=192.168.193.243
FATAL segfault at address 0x192.168.141.220
FATAL unrecoverable disk error
ERROR file not found: /tmp/192.168.189.144.log
ERROR file not found: /tmp/192.168.121.141.log
DEBUG entering function foo
INFO connection established
INFO processed 192.168.178.215 items
INFO user 192.168.121.141 logged in
DEBUG entering function foo
FATAL kernel panic
ERROR file not found: /tmp/192.168.189.144.log
ERROR connection timeout 503
DEBUG cache hit for key=192.168.39.155
ERROR null pointer in module 192.168.9.50
DEBUG heap size: 192.168.142.104
FATAL kernel panic
ERROR connection timeout 503
FATAL kernel panic
INFO connection established
ERROR auth failure for user 192.168.211.158
ERROR file not found: /tmp/192.168.57.185.log
ERROR null pointer in module 192.168.92.139
DEBUG entering function foo
DEBUG variable x=192.168.39.155
WARN disk usage 192.168.178.6%
DEBUG entering function foo
ERROR file not found: /tmp/192.168.107.168.log
FATAL segfault at address 0x192.168.178.6
ERROR auth failure for user 192.168.211.158
DEBUG entering function foo
DEBUG cache hit for key=192.168.82.31
FATAL out of memory
FATAL kernel panic
FATAL segfault at address 0x192.168.193.243
INFO connection established
DEBUG variable x=192.168.178.215
WARN slow query: 192.168.92.139ms
WARN memory threshold reached: 192.168.57.185MB
INFO connection established
DEBUG heap size: 192.168.197.186
DEBUG entering function foo
ERROR connection timeout 503
INFO request from 192.168.142.104
DEBUG cache hit for key=192.168.211.158
WARN slow query: 192.168.57.185ms
INFO request from 192.168.229.48
WARN memory threshold reached: 192.168.36.209MB
ERROR null pointer in module 192.168.189.144
ERROR null pointer in module 192.168.57.185
FATAL segfault at address 0x192.168.197.186
INFO processed 192.168.215.207 items
INFO connection established
FATAL segfault at address 0x192.168.215.207
DEBUG entering function foo
DEBUG cache hit for key=192.168.82.31
WARN disk usage 192.168.9.50%
FATAL kernel panic
INFO request from 192.168.229.48
FATAL kernel panic
ERROR auth failure for user 192.168.219.168
FATAL segfault at address 0x192.168.141.220
FATAL unrecoverable disk error
ERROR file not found: /tmp/192.168.107.168.log
INFO request from 192.168.211.158
ERROR auth failure for user 192.168.189.144
DEBUG heap size: 192.168.60.30
FATAL out of memory
ERROR null pointer in module 192.168.219.168
DEBUG cache hit for key=192.168.39.155
DEBUG entering function foo
DEBUG heap size: 192.168.82.31
DEBUG cache hit for key=192.168.121.141
INFO user 192.168.141.220 logged in
ERROR auth failure for user 192.168.219.168
FATAL out of memory
INFO user 192.168.211.158 logged in
INFO request from 192.168.211.158
DEBUG entering function foo
INFO connection established
ERROR connection timeout 503
DEBUG heap size: 192.168.219.168
FATAL segfault at address 0x192.168.197.186
FATAL unrecoverable disk error
FATAL out of memory
WARN disk usage 192.168.60.30%
FATAL kernel panic
ERROR connection timeout 503
DEBUG variable x=192.168.142.104
ERROR auth failure for user 192.168.121.141
WARN memory threshold reached: 192.168.211.158MB
FATAL segfault at address 0x192.168.193.243
FATAL kernel panic
WARN retry attempt 192.168.107.168 for 11194
FATAL kernel panic
ERROR auth failure for user 192.168.193.243
DEBUG variable x=192.168.82.31
FATAL kernel panic
ERROR file not found: /tmp/192.168.142.104.log
DEBUG heap size: 192.168.57.185
DEBUG entering function foo
ERROR null pointer in module 192.168.211.158
WARN slow query: 192.168.197.186ms
INFO processed 192.168.9.50 items
WARN retry attempt 192.168.229.48 for 19605
WARN slow query: 192.168.121.141ms
ERROR file not found: /tmp/192.168.36.209.log
FATAL out of memory
INFO processed 192.168.39.155 items
FATAL kernel panic
ERROR connection timeout 503
INFO user 192.168.178.215 logged in
FATAL segfault at address 0x192.168.92.139
INFO connection established
INFO user 192.168.60.30 logged in
INFO user 192.168.215.207 logged in
DEBUG variable x=192.168.178.215
FATAL kernel panic
WARN disk usage 192.168.92.139%
DEBUG heap size: 192.168.189.144
ERROR file not found: /tmp/192.168.57.185.log
FATAL segfault at address 0x192.168.36.209
DEBUG variable x=192.168.142.104
ERROR connection timeout 503
WARN slow query: 192.168.82.31ms
WARN memory threshold reached: 192.168.39.155MB
ERROR file not found: /tmp/192.168.193.243.log
WARN retry attempt 192.168.229.48 for 96198
WARN disk usage 192.168.82.31%
DEBUG variable x=192.168.178.6
FATAL kernel panic
DEBUG variable x=192.168.141.220
WARN retry attempt 192.168.141.220 for 52055
ERROR connection timeout 503
DEBUG cache hit for key=192.168.215.207
ERROR null pointer in module 192.168.197.186
WARN disk usage 192.168.9.50%
ERROR auth failure for user 192.168.9.50
FATAL segfault at address 0x192.168.211.158
FATAL out of memory
FATAL unrecoverable disk error
DEBUG cache hit for key=192.168.219.168
FATAL unrecoverable disk error
DEBUG cache hit for key=192.168.193.243
WARN retry attempt 192.168.36.209 for 19906
FATAL out of memory
DEBUG variable x=192.168.178.6
FATAL out of memory
FATAL out of memory
INFO request from 192.168.189.144
ERROR auth failure for user 192.168.36.209
FATAL out of memory
INFO request from 192.168.229.48
DEBUG entering function foo
FATAL kernel panic
INFO processed 192.168.142.104 items
INFO connection established
WARN disk usage 192.168.121.141%
WARN memory threshold reached: 192.168.57.185MB
INFO processed 192.168.178.215 items
WARN disk usage 192.168.215.207%
INFO request from 192.168.197.186
FATAL segfault at address 0x192.168.142.104
DEBUG cache hit for key=192.168.189.144
ERROR connection timeout 503
DEBUG heap size: 192.168.82.31
INFO request from 192.168.229.48
ERROR file not found: /tmp/192.168.107.168.log
WARN memory threshold reached: 192.168.141.220MB
ERROR connection timeout 503
INFO processed 192.168.36.209 items
FATAL kernel panic
FATAL kernel panic
FATAL out of memory
WARN slow query: 192.168.36.209ms
ERROR auth failure for user 192.168.178.215
ERROR null pointer in module 192.168.215.207
INFO connection established
ERROR connection timeout 503
FATAL segfault at address 0x192.168.189.144
ERROR file not found: /tmp/192.168.215.207.log
WARN memory threshold reached: 192.168.141.220MB
INFO connection established
INFO request from 192.168.36.209
DEBUG entering function foo
ERROR file not found: /tmp/192.168.121.141.log
INFO user 192.168.92.139 logged in
FATAL out of memory
ERROR file not found: /tmp/192.168.193.243.log
DEBUG cache hit for key=192.168.141.220
FATAL kernel panic
ERROR file not found: /tmp/192.168.121.141.log
WARN retry attempt 192.168.92.139 for 42097
WARN memory threshold reached: 192.168.36.209MB
ERROR auth failure for user 192.168.107.168
ERROR null pointer in module 192.168.36.209
ERROR connection timeout 503
ERROR file not found: /tmp/192.168.107.168.log
WARN disk usage 192.168.193.243%
ERROR connection timeout 503
WARN slow query: 192.168.92.139ms
FATAL segfault at address 0x192.168.197.186
DEBUG heap size: 192.168.178.215
ERROR connection timeout 503
FATAL unrecoverable disk error
INFO user 192.168.36.209 logged in
INFO connection established
WARN retry attempt 192.168.121.141 for 27267
FATAL kernel panic
ERROR null pointer in module 192.168.178.215
ERROR auth failure for user 192.168.142.104
WARN retry attempt 192.168.57.185 for 441
DEBUG variable x=192.168.57.185
INFO connection established
ERROR file not found: /tmp/192.168.39.155.log
DEBUG heap size: 192.168.211.158
INFO processed 192.168.211.158 items
FATAL segfault at address 0x192.168.211.158
DEBUG entering function foo
DEBUG cache hit for key=192.168.39.155
FATAL unrecoverable disk error
INFO connection established
INFO request from 192.168.121.141
ERROR auth failure for user 192.168.178.6
INFO user 192.168.92.139 logged in
WARN disk usage 192.168.39.155%
DEBUG heap size: 192.168.197.186
ERROR file not found: /tmp/192.168.197.186.log
DEBUG heap size: 192.168.193.243
ERROR null pointer in module 192.168.178.6
ERROR connection timeout 503
DEBUG variable x=192.168.142.104
FATAL kernel panic
FATAL out of memory
ERROR file not found: /tmp/192.168.39.155.log
WARN disk usage 192.168.193.243%
WARN disk usage 192.168.60.30%
ERROR connection timeout 503
WARN memory threshold reached: 192.168.189.144MB
ERROR connection timeout 503
WARN slow query: 192.168.211.158ms
WARN slow query: 192.168.36.209ms
WARN memory threshold reached: 192.168.189.144MB
WARN memory threshold reached: 192.168.229.48MB
FATAL segfault at address 0x192.168.189.144
INFO connection established
ERROR auth failure for user 192.168.197.186
DEBUG entering function foo
ERROR file not found: /tmp/192.168.178.215.log
WARN memory threshold reached: 192.168.178.215MB
FATAL out of memory
ERROR connection timeout 503
ERROR file not found: /tmp/192.168.219.168.log
FATAL out of memory
INFO processed 192.168.189.144 items
FATAL unrecoverable disk error
INFO processed 192.168.57.185 items
FATAL out of memory
DEBUG heap size: 192.168.142.104
ERROR connection timeout 503
ERROR null pointer in module 192.168.60.30
ERROR connection timeout 503
DEBUG variable x=192.168.219.168
ERROR null pointer in module 192.168.215.207
DEBUG variable x=192.168.142.104
DEBUG entering function foo
FATAL segfault at address 0x192.168.197.186
ERROR auth failure for user 192.168.229.48
FATAL out of memory
FATAL kernel panic
WARN memory threshold reached: 192.168.219.168MB
DEBUG cache hit for key=192.168.142.104
DEBUG heap size: 192.168.178.215
INFO connection established
FATAL segfault at address 0x192.168.57.185
FATAL kernel panic
WARN memory threshold reached: 192.168.197.186MB
WARN memory threshold reached: 192.168.178.215MB
DEBUG heap size: 192.168.60.30
DEBUG cache hit for key=192.168.92.139
FATAL unrecoverable disk error
ERROR connection timeout 503
ERROR connection timeout 503
INFO connection established
FATAL unrecoverable disk error
DEBUG entering function foo
INFO processed 192.168.142.104 items
WARN retry attempt 192.168.36.209 for 2096
WARN slow query: 192.168.219.168ms
ERROR auth failure for user 192.168.178.215
ERROR file not found: /tmp/192.168.121.141.log
ERROR null pointer in module 192.168.141.220
FATAL segfault at address 0x192.168.9.50
ERROR null pointer in module 192.168.82.31
DEBUG cache hit for key=192.168.92.139
INFO user 192.168.9.50 logged in
INFO connection established
WARN memory threshold reached: 192.168.57.185MB
DEBUG entering function foo
INFO processed 192.168.178.215 items
WARN slow query: 192.168.215.207ms
DEBUG entering function foo
DEBUG variable x=192.168.57.185
INFO processed 192.168.57.185 items
INFO processed 192.168.36.209 items
FATAL unrecoverable disk error
ERROR connection timeout 503
FATAL kernel panic
INFO processed 192.168.39.155 items
INFO processed 192.168.141.220 items
FATAL unrecoverable disk error
ERROR file not found: /tmp/192.168.107.168.log
FATAL kernel panic
WARN retry attempt 192.168.39.155 for 13430
WARN slow query: 192.168.141.220ms
WARN memory threshold reached: 192.168.107.168MB
ERROR file not found: /tmp/192.168.39.155.log
FATAL out of memory
DEBUG heap size: 192.168.92.139
ERROR auth failure for user 192.168.142.104
INFO connection established
FATAL out of memory
ERROR file not found: /tmp/192.168.121.141.log
ERROR file not found: /tmp/192.168.211.158.log
FATAL out of memory
DEBUG variable x=192.168.178.215
DEBUG entering function foo
ERROR null pointer in module 192.168.9.50
INFO processed 192.168.193.243 items
WARN memory threshold reached: 192.168.9.50MB
DEBUG entering function foo
INFO user 192.168.9.50 logged in
WARN memory threshold reached: 192.168.36.209MB
WARN disk usage 192.168.142.104%
FATAL kernel panic
INFO processed 192.168.193.243 items
INFO request from 192.168.229.48
DEBUG variable x=192.168.189.144
ERROR connection timeout 503
ERROR null pointer in module 192.168.142.104
INFO connection established
ERROR null pointer in module 192.168.178.6
INFO processed 192.168.107.168 items
FATAL kernel panic
ERROR null pointer in module 192.168.36.209
ERROR connection timeout 503
INFO processed 192.168.178.215 items
INFO request from 192.168.219.168
INFO processed 192.168.189.144 items
WARN disk usage 192.168.189.144%
FATAL out of memory
INFO request from 192.168.39.155
ERROR connection timeout 503
ERROR connection timeout 503
ERROR connection timeout 503
WARN memory threshold reached: 192.168.215.207MB
INFO user 192.168.178.6 logged in
DEBUG entering function foo
ERROR connection timeout 503
ERROR null pointer in module 192.168.141.220
ERROR file not found: /tmp/192.168.193.243.log
WARN memory threshold reached: 192.168.197.186MB
WARN disk usage 192.168.193.243%
ERROR file not found: /tmp/192.168.141.220.log
FATAL unrecoverable disk error
ERROR file not found: /tmp/192.168.211.158.log
INFO user 192.168.92.139 logged in
DEBUG entering function foo
WARN memory threshold reached: 192.168.57.185MB
INFO connection established
INFO request from 192.168.92.139
FATAL kernel panic
FATAL kernel panic
ERROR auth failure for user 192.168.141.220
FATAL segfault at address 0x192.168.60.30
DEBUG cache hit for key=192.168.215.207
WARN disk usage 192.168.142.104%
FATAL unrecoverable disk error
WARN slow query: 192.168.60.30ms
FATAL out of memory
WARN memory threshold reached: 192.168.60.30MB
DEBUG heap size: 192.168.36.209
DEBUG variable x=192.168.36.209
ERROR auth failure for user 192.168.229.48
DEBUG entering function foo
INFO processed 192.168.60.30 items
FATAL kernel panic
INFO request from 192.168.39.155
FATAL segfault at address 0x192.168.36.209
FATAL out of memory
FATAL segfault at address 0x192.168.197.186
FATAL segfault at address 0x192.168.189.144
WARN disk usage 192.168.141.220%
ERROR auth failure for user 192.168.92.139
WARN retry attempt 192.168.107.168 for 87255
ERROR connection timeout 503
ERROR auth failure for user 192.168.219.168
FATAL kernel panic
DEBUG heap size: 192.168.197.186
ERROR file not found: /tmp/192.168.92.139.log
WARN slow query: 192.168.215.207ms
WARN slow query: 192.168.193.243ms
WARN memory threshold reached: 192.168.215.207MB
DEBUG variable x=192.168.178.215
WARN retry attempt 192.168.60.30 for 84485
DEBUG entering function foo
WARN slow query: 192.168.121.141ms
DEBUG heap size: 192.168.9.50
INFO processed 192.168.36.209 items
INFO user 192.168.121.141 logged in
INFO user 192.168.9.50 logged in
INFO connection established
ERROR connection timeout 503
WARN retry attempt 192.168.193.243 for 25381
FATAL out of memory
WARN disk usage 192.168.193.243%
ERROR null pointer in module 192.168.142.104
ERROR auth failure for user 192.168.215.207
FATAL kernel panic
INFO connection established
WARN disk usage 192.168.82.31%
WARN memory threshold reached: 192.168.9.50MB
WARN memory threshold reached: 192.168.9.50MB
INFO processed 192.168.178.6 items
WARN retry attempt 192.168.178.215 for 56085
WARN slow query: 192.168.141.220ms
FATAL segfault at address 0x192.168.121.141
ERROR auth failure for user 192.168.39.155
WARN slow query: 192.168.39.155ms
DEBUG cache hit for key=192.168.9.50
INFO connection established
WARN disk usage 192.168.82.31%
DEBUG entering function foo
WARN slow query: 192.168.193.243ms
INFO processed 192.168.39.155 items
INFO request from 192.168.211.158
WARN retry attempt 192.168.107.168 for 7430
WARN slow query: 192.168.142.104ms
FATAL unrecoverable disk error
FATAL kernel panic
INFO connection established
DEBUG variable x=192.168.57.185
WARN slow query: 192.168.178.215ms
FATAL unrecoverable disk error
INFO request from 192.168.39.155
ERROR auth failure for user 192.168.219.168
FATAL segfault at address 0x192.168.193.243
INFO request from 192.168.60.30
INFO processed 192.168.39.155 items
DEBUG entering function foo
WARN disk usage 192.168.82.31%
WARN disk usage 192.168.142.104%
ERROR auth failure for user 192.168.121.141
FATAL unrecoverable disk error
INFO connection established
WARN slow query: 192.168.142.104ms
INFO user 192.168.178.6 logged in
FATAL out of memory
ERROR file not found: /tmp/192.168.57.185.log
FATAL out of memory
ERROR null pointer in module 192.168.215.207
ERROR auth failure for user 192.168.189.144
INFO request from 192.168.121.141
DEBUG cache hit for key=192.168.57.185
ERROR null pointer in module 192.168.197.186
ERROR connection timeout 503
FATAL out of memory
WARN disk usage 192.168.39.155%
WARN slow query: 192.168.215.207ms
DEBUG heap size: 192.168.197.186
FATAL unrecoverable disk error
ERROR auth failure for user 192.168.60.30
FATAL unrecoverable disk error
WARN slow query: 192.168.219.168ms
FATAL segfault at address 0x192.168.82.31
FATAL out of memory
WARN retry attempt 192.168.9.50 for 47547
ERROR file not found: /tmp/192.168.178.6.log
FATAL out of memory
ERROR file not found: /tmp/192.168.57.185.log
INFO user 192.168.229.48 logged in
ERROR null pointer in module 192.168.219.168
WARN retry attempt 192.168.197.186 for 98769
WARN slow query: 192.168.9.50ms
INFO processed 192.168.197.186 items
WARN memory threshold reached: 192.168.189.144MB
FATAL out of memory
WARN memory threshold reached: 192.168.92.139MB
ERROR connection timeout 503
FATAL segfault at address 0x192.168.197.186
WARN slow query: 192.168.189.144ms
INFO processed 192.168.141.220 items
ERROR auth failure for user 192.168.82.31
WARN slow query: 192.168.60.30ms
DEBUG entering function foo
DEBUG heap size: 192.168.229.48
ERROR null pointer in module 192.168.60.30
DEBUG heap size: 192.168.92.139
FATAL kernel panic
WARN disk usage 192.168.229.48%
DEBUG entering function foo
INFO connection established
ERROR connection timeout 503
WARN memory threshold reached: 192.168.215.207MB
ERROR auth failure for user 192.168.189.144
DEBUG cache hit for key=192.168.107.168
INFO connection established
WARN retry attempt 192.168.92.139 for 57118
INFO user 192.168.142.104 logged in
INFO request from 192.168.39.155
WARN disk usage 192.168.121.141%
ERROR file not found: /tmp/192.168.215.207.log
WARN slow query: 192.168.142.104ms
FATAL out of memory
FATAL kernel panic
ERROR auth failure for user 192.168.141.220
INFO user 192.168.39.155 logged in
ERROR connection timeout 503
WARN disk usage 192.168.82.31%
FATAL segfault at address 0x192.168.82.31
INFO request from 192.168.57.185
FATAL unrecoverable disk error
DEBUG heap size: 192.168.197.186
ERROR connection timeout 503
ERROR null pointer in module 192.168.229.48
ERROR auth failure for user 192.168.229.48
WARN slow query: 192.168.57.185ms
DEBUG cache hit for key=192.168.219.168
WARN disk usage 192.168.219.168%
ERROR null pointer in module 192.168.178.6
INFO connection established
ERROR auth failure for user 192.168.219.168
WARN disk usage 192.168.219.168%
INFO user 192.168.9.50 logged in
WARN disk usage 192.168.92.139%
WARN retry attempt 192.168.142.104 for 48808
DEBUG heap size: 192.168.39.155
INFO request from 192.168.178.215
INFO connection established
WARN retry attempt 192.168.229.48 for 97156
FATAL kernel panic
FATAL unrecoverable disk error
FATAL unrecoverable disk error
WARN retry attempt 192.168.39.155 for 43333
ERROR connection timeout 503
FATAL unrecoverable disk error
FATAL out of memory
ERROR connection timeout 503
INFO request from 192.168.178.6
FATAL unrecoverable disk error
ERROR connection timeout 503
FATAL out of memory
WARN retry attempt 192.168.92.139 for 30119
INFO user 192.168.219.168 logged in
FATAL unrecoverable disk error
FATAL segfault at address 0x192.168.82.31
DEBUG entering function foo
ERROR file not found: /tmp/192.168.219.168.log
FATAL unrecoverable disk error
ERROR auth failure for user 192.168.197.186
WARN memory threshold reached: 192.168.219.168MB
DEBUG variable x=192.168.121.141
INFO processed 192.168.189.144 items
DEBUG variable x=192.168.141.220
WARN slow query: 192.168.229.48ms
ERROR null pointer in module 192.168.39.155
WARN retry attempt 192.168.82.31 for 14626
INFO processed 192.168.142.104 items
ERROR auth failure for user 192.168.215.207
INFO connection established
ERROR null pointer in module 192.168.229.48
ERROR auth failure for user 192.168.107.168
FATAL unrecoverable disk error
ERROR auth failure for user 192.168.219.168
WARN memory threshold reached: 192.168.92.139MB
WARN memory threshold reached: 192.168.197.186MB
ERROR auth failure for user 192.168.197.186
DEBUG cache hit for key=192.168.92.139
ERROR auth failure for user 192.168.193.243
INFO user 192.168.215.207 logged in
INFO connection established
INFO request from 192.168.215.207
INFO user 192.168.219.168 logged in
WARN disk usage 192.168.60.30%
ERROR file not found: /tmp/192.168.219.168.log
INFO user 192.168.121.141 logged in
DEBUG entering function foo
INFO connection established
INFO user 192.168.142.104 logged in
ERROR file not found: /tmp/192.168.211.158.log
WARN slow query: 192.168.219.168ms
ERROR auth failure for user 192.168.215.207
ERROR auth failure for user 192.168.142.104
ERROR connection timeout 503
INFO processed 192.168.92.139 items
INFO processed 192.168.211.158 items
FATAL out of memory
INFO processed 192.168.36.209 items
WARN slow query: 192.168.39.155ms
ERROR file not found: /tmp/192.168.141.220.log
INFO processed 192.168.141.220 items
WARN memory threshold reached: 192.168.178.6MB
DEBUG heap size: 192.168.9.50
FATAL out of memory
INFO processed 192.168.107.168 items
WARN memory threshold reached: 192.168.178.215MB
DEBUG heap size: 192.168.60.30
DEBUG cache hit for key=192.168.39.155
INFO request from 192.168.189.144
ERROR auth failure for user 192.168.219.168
DEBUG heap size: 192.168.107.168
FATAL out of memory
DEBUG entering function foo
ERROR connection timeout 503
INFO request from 192.168.39.155
WARN disk usage 192.168.142.104%
DEBUG cache hit for key=192.168.107.168
FATAL segfault at address 0x192.168.92.139
ERROR file not found: /tmp/192.168.215.207.log
ERROR connection timeout 503
FATAL kernel panic
DEBUG entering function foo
INFO connection established
INFO connection established
ERROR auth failure for user 192.168.229.48
INFO processed 192.168.178.215 items
INFO request from 192.168.211.158
WARN memory threshold reached: 192.168.121.141MB
WARN disk usage 192.168.36.209%
ERROR file not found: /tmp/192.168.215.207.log
INFO request from 192.168.219.168
WARN memory threshold reached: 192.168.92.139MB
ERROR connection timeout 503
WARN slow query: 192.168.189.144ms
DEBUG cache hit for key=192.168.211.158
ERROR connection timeout 503
INFO user 192.168.197.186 logged in
DEBUG variable x=192.168.60.30
WARN memory threshold reached: 192.168.197.186MB
ERROR null pointer in module 192.168.193.243
WARN slow query: 192.168.82.31ms
WARN disk usage 192.168.211.158%
WARN memory threshold reached: 192.168.189.144MB
ERROR file not found: /tmp/192.168.219.168.log
DEBUG variable x=192.168.229.48
WARN retry attempt 192.168.36.209 for 27543
DEBUG variable x=192.168.121.141
ERROR null pointer in module 192.168.141.220
ERROR connection timeout 503
WARN slow query: 192.168.189.144ms
DEBUG variable x=192.168.39.155
WARN slow query: 192.168.82.31ms
ERROR file not found: /tmp/192.168.39.155.log
ERROR connection timeout 503
DEBUG cache hit for key=192.168.219.168
FATAL out of memory
DEBUG heap size: 192.168.211.158
FATAL out of memory
DEBUG heap size: 192.168.141.220
DEBUG heap size: 192.168.193.243
WARN retry attempt 192.168.229.48 for 68215
INFO processed 192.168.36.209 items
WARN slow query: 192.168.9.50ms
INFO request from 192.168.142.104
INFO connection established
INFO request from 192.168.36.209
ERROR null pointer in module 192.168.121.141
WARN disk usage 192.168.189.144%
INFO request from 192.168.219.168
FATAL out of memory
WARN retry attempt 192.168.36.209 for 41539
INFO request from 192.168.82.31
DEBUG cache hit for key=192.168.215.207
DEBUG cache hit for key=192.168.107.168
DEBUG heap size: 192.168.141.220
FATAL kernel panic
WARN retry attempt 192.168.82.31 for 97398
WARN retry attempt 192.168.36.209 for 48689
FATAL out of memory
WARN disk usage 192.168.178.6%
FATAL kernel panic
WARN memory threshold reached: 192.168.107.168MB
WARN disk usage 192.168.141.220%
FATAL segfault at address 0x192.168.193.243
DEBUG entering function foo
FATAL unrecoverable disk error
ERROR file not found: /tmp/192.168.219.168.log
INFO user 192.168.229.48 logged in
WARN memory threshold reached: 192.168.178.6MB
ERROR connection timeout 503
WARN disk usage 192.168.197.186%
DEBUG entering function foo
DEBUG entering function foo
DEBUG variable x=192.168.60.30
ERROR file not found: /tmp/192.168.92.139.log
INFO request from 192.168.219.168
WARN retry attempt 192.168.107.168 for 15261
DEBUG cache hit for key=192.168.57.185
FATAL out of memory
WARN memory threshold reached: 192.168.57.185MB
DEBUG variable x=192.168.178.6
WARN memory threshold reached: 192.168.193.243MB
FATAL unrecoverable disk error
INFO user 192.168.39.155 logged in
INFO processed 192.168.197.186 items
FATAL unrecoverable disk error
ERROR null pointer in module 192.168.142.104
ERROR auth failure for user 192.168.197.186
DEBUG entering function foo
WARN memory threshold reached: 192.168.36.209MB
DEBUG variable x=192.168.219.168
INFO connection established
FATAL out of memory
FATAL segfault at address 0x192.168.211.158
FATAL segfault at address 0x192.168.178.6
ERROR connection timeout 503
ERROR auth failure for user 192.168.215.207
INFO user 192.168.229.48 logged in
DEBUG variable x=192.168.60.30
FATAL segfault at address 0x192.168.193.243
INFO user 192.168.197.186 logged in
INFO user 192.168.107.168 logged in
ERROR null pointer in module 192.168.9.50
WARN disk usage 192.168.121.141%
DEBUG cache hit for key=192.168.107.168
ERROR connection timeout 503
DEBUG cache hit for key=192.168.121.141
WARN slow query: 192.168.178.6ms
DEBUG heap size: 192.168.189.144
WARN memory threshold reached: 192.168.107.168MB
ERROR null pointer in module 192.168.9.50
ERROR null pointer in module 192.168.57.185
INFO connection established
INFO request from 192.168.189.144
INFO processed 192.168.60.30 items
INFO processed 192.168.197.186 items
INFO processed 192.168.189.144 items
DEBUG variable x=192.168.57.185
WARN disk usage 192.168.60.30%
FATAL out of memory
FATAL kernel panic
ERROR connection timeout 503
DEBUG variable x=192.168.189.144
INFO connection established
DEBUG cache hit for key=192.168.121.141
DEBUG entering function foo
FATAL unrecoverable disk error
DEBUG cache hit for key=192.168.219.168
INFO request from 192.168.9.50
WARN memory threshold reached: 192.168.121.141MB
WARN retry attempt 192.168.215.207 for 24394
DEBUG entering function foo
FATAL segfault at address 0x192.168.178.215
WARN disk usage 192.168.57.185%
ERROR file not found: /tmp/192.168.178.215.log
INFO processed 192.168.60.30 items
INFO processed 192.168.229.48 items
INFO processed 192.168.142.104 items
INFO processed 192.168.141.220 items
DEBUG entering function foo
DEBUG cache hit for key=192.168.121.141
FATAL unrecoverable disk error
INFO request from 192.168.57.185
ERROR connection timeout 503
FATAL kernel panic
DEBUG entering function foo
DEBUG variable x=192.168.107.168
DEBUG cache hit for key=192.168.189.144
DEBUG cache hit for key=192.168.57.185
INFO request from 192.168.193.243
ERROR null pointer in module 192.168.121.141
INFO connection established
WARN memory threshold reached: 192.168.141.220MB
DEBUG cache hit for key=192.168.229.48
FATAL out of memory
ERROR file not found: /tmp/192.168.57.185.log
INFO user 192.168.178.215 logged in
DEBUG entering function foo
WARN memory threshold reached: 192.168.57.185MB
INFO processed 192.168.178.215 items
DEBUG cache hit for key=192.168.141.220
ERROR file not found: /tmp/192.168.215.207.log
ERROR file not found: /tmp/192.168.92.139.log
WARN retry attempt 192.168.39.155 for 35042
ERROR auth failure for user 192.168.193.243
FATAL kernel panic
DEBUG variable x=192.168.178.215
FATAL kernel panic
INFO request from 192.168.57.185
ERROR auth failure for user 192.168.60.30
DEBUG variable x=192.168.229.48
FATAL out of memory
ERROR null pointer in module 192.168.229.48
DEBUG heap size: 192.168.57.185
INFO connection established
DEBUG entering function foo
FATAL out of memory
FATAL out of memory
INFO processed 192.168.211.158 items
FATAL segfault at address 0x192.168.39.155
INFO connection established
INFO connection established
INFO processed 192.168.193.243 items
ERROR auth failure for user 192.168.229.48
INFO connection established
WARN memory threshold reached: 192.168.141.220MB
ERROR null pointer in module 192.168.211.158
WARN memory threshold reached: 192.168.107.168MB
ERROR null pointer in module 192.168.60.30
DEBUG cache hit for key=192.168.107.168
WARN disk usage 192.168.36.209%
DEBUG heap size: 192.168.142.104
WARN slow query: 192.168.215.207ms
WARN disk usage 192.168.92.139%
DEBUG heap size: 192.168.36.209
DEBUG heap size: 192.168.107.168
ERROR null pointer in module 192.168.215.207
ERROR auth failure for user 192.168.193.243
WARN disk usage 192.168.215.207%
INFO connection established
FATAL unrecoverable disk error
INFO connection established
ERROR file not found: /tmp/192.168.141.220.log
ERROR connection timeout 503
WARN slow query: 192.168.142.104ms
WARN memory threshold reached: 192.168.197.186MB
FATAL unrecoverable disk error
WARN retry attempt 192.168.107.168 for 79595
WARN slow query: 192.168.178.215ms
FATAL segfault at address 0x192.168.142.104
INFO connection established
DEBUG entering function foo
WARN retry attempt 192.168.36.209 for 70153
INFO connection established
WARN slow query: 192.168.9.50ms
FATAL unrecoverable disk error
FATAL unrecoverable disk error
INFO user 192.168.189.144 logged in
DEBUG heap size: 192.168.193.243
WARN disk usage 192.168.142.104%
DEBUG variable x=192.168.121.141
FATAL unrecoverable disk error
INFO request from 192.168.211.158
WARN disk usage 192.168.39.155%
FATAL out of memory
DEBUG entering function foo
WARN memory threshold reached: 192.168.121.141MB
DEBUG cache hit for key=192.168.178.215
ERROR null pointer in module 192.168.107.168
DEBUG entering function foo
WARN retry attempt 192.168.82.31 for 33021
DEBUG variable x=192.168.57.185
ERROR connection timeout 503
INFO processed 192.168.9.50 items
FATAL kernel panic
WARN disk usage 192.168.178.6%
WARN retry attempt 192.168.219.168 for 86727
DEBUG cache hit for key=192.168.121.141
DEBUG entering function foo
DEBUG variable x=192.168.211.158
FATAL unrecoverable disk error
WARN slow query: 192.168.9.50ms
DEBUG variable x=192.168.215.207
ERROR connection timeout 503
DEBUG heap size: 192.168.141.220
DEBUG entering function foo
INFO user 192.168.197.186 logged in
DEBUG cache hit for key=192.168.215.207
INFO request from 192.168.142.104
WARN disk usage 192.168.178.6%
DEBUG variable x=192.168.197.186
FATAL unrecoverable disk error
DEBUG variable x=192.168.82.31
INFO connection established
FATAL unrecoverable disk error
WARN memory threshold reached: 192.168.107.168MB
DEBUG variable x=192.168.229.48
FATAL out of memory
WARN memory threshold reached: 192.168.178.215MB
FATAL out of memory
WARN disk usage 192.168.229.48%
INFO request from 192.168.60.30
INFO request from 192.168.9.50
INFO processed 192.168.193.243 items
INFO user 192.168.82.31 logged in
INFO request from 192.168.219.168
FATAL segfault at address 0x192.168.193.243
INFO user 192.168.121.141 logged in
FATAL out of memory
WARN slow query: 192.168.82.31ms
FATAL segfault at address 0x192.168.141.220
DEBUG heap size: 192.168.36.209
ERROR auth failure for user 192.168.229.48
FATAL out of memory
WARN memory threshold reached: 192.168.121.141MB
DEBUG entering function foo
WARN retry attempt 192.168.178.6 for 93227
FATAL kernel panic
DEBUG cache hit for key=192.168.215.207
DEBUG cache hit for key=192.168.141.220
DEBUG variable x=192.168.141.220
ERROR null pointer in module 192.168.82.31
FATAL segfault at address 0x192.168.178.215
WARN disk usage 192.168.211.158%
WARN slow query: 192.168.178.6ms
ERROR auth failure for user 192.168.229.48
INFO connection established
FATAL kernel panic
INFO connection established
INFO user 192.168.121.141 logged in
DEBUG heap size: 192.168.215.207
FATAL kernel panic
WARN disk usage 192.168.107.168%
FATAL kernel panic
ERROR auth failure for user 192.168.141.220
DEBUG cache hit for key=192.168.197.186
INFO processed 192.168.82.31 items
INFO request from 192.168.215.207
ERROR null pointer in module 192.168.57.185
ERROR connection timeout 503
WARN memory threshold reached: 192.168.142.104MB
ERROR connection timeout 503
WARN memory threshold reached: 192.168.189.144MB
ERROR file not found: /tmp/192.168.197.186.log
INFO user 192.168.178.215 logged in
FATAL kernel panic
FATAL kernel panic
WARN disk usage 192.168.121.141%
WARN disk usage 192.168.36.209%
DEBUG variable x=192.168.197.186
WARN retry attempt 192.168.189.144 for 55362
DEBUG cache hit for key=192.168.178.215
DEBUG variable x=192.168.142.104
FATAL out of memory
DEBUG entering function foo
DEBUG variable x=192.168.229.48
FATAL unrecoverable disk error
ERROR auth failure for user 192.168.92.139
DEBUG variable x=192.168.39.155
WARN memory threshold reached: 192.168.215.207MB
ERROR auth failure for user 192.168.215.207
ERROR null pointer in module 192.168.142.104
INFO connection established
FATAL segfault at address 0x192.168.229.48
WARN disk usage 192.168.211.158%
INFO processed 192.168.142.104 items
ERROR null pointer in module 192.168.39.155
WARN memory threshold reached: 192.168.36.209MB
FATAL unrecoverable disk error
ERROR connection timeout 503
FATAL unrecoverable disk error
FATAL out of memory
FATAL unrecoverable disk error
FATAL unrecoverable disk error
FATAL segfault at address 0x192.168.178.6
DEBUG cache hit for key=192.168.36.209
WARN memory threshold reached: 192.168.60.30MB
ERROR file not found: /tmp/192.168.219.168.log
WARN memory threshold reached: 192.168.60.30MB
ERROR null pointer in module 192.168.107.168
FATAL segfault at address 0x192.168.142.104
DEBUG variable x=192.168.36.209
FATAL unrecoverable disk error
INFO user 192.168.92.139 logged in
WARN retry attempt 192.168.142.104 for 80171
INFO user 192.168.197.186 logged in
FATAL kernel panic
INFO processed 192.168.92.139 items
INFO processed 192.168.189.144 items
ERROR null pointer in module 192.168.142.104
DEBUG variable x=192.168.141.220
WARN retry attempt 192.168.121.141 for 61684
ERROR file not found: /tmp/192.168.107.168.log
WARN slow query: 192.168.141.220ms
FATAL segfault at address 0x192.168.189.144
FATAL kernel panic
WARN memory threshold reached: 192.168.121.141MB
FATAL unrecoverable disk error
INFO processed 192.168.141.220 items
FATAL out of memory
INFO request from 192.168.121.141
FATAL out of memory
WARN memory threshold reached: 192.168.197.186MB
INFO processed 192.168.193.243 items
INFO connection established
WARN disk usage 192.168.9.50%
INFO connection established
ERROR connection timeout 503
ERROR auth failure for user 192.168.178.6
WARN slow query: 192.168.39.155ms
FATAL kernel panic
FATAL segfault at address 0x192.168.178.6
DEBUG cache hit for key=192.168.82.31
DEBUG heap size: 192.168.92.139
FATAL out of memory
FATAL out of memory
FATAL kernel panic
ERROR auth failure for user 192.168.121.141
DEBUG cache hit for key=192.168.142.104
INFO request from 192.168.197.186
DEBUG entering function foo
FATAL unrecoverable disk error
WARN slow query: 192.168.197.186ms
ERROR null pointer in module 192.168.82.31
WARN retry attempt 192.168.193.243 for 71447
FATAL segfault at address 0x192.168.107.168
WARN disk usage 192.168.60.30%
INFO processed 192.168.142.104 items
ERROR auth failure for user 192.168.219.168
INFO request from 192.168.107.168
DEBUG cache hit for key=192.168.189.144
INFO user 192.168.36.209 logged in
FATAL kernel panic
DEBUG variable x=192.168.229.48
INFO processed 192.168.211.158 items
FATAL unrecoverable disk error
FATAL unrecoverable disk error
FATAL kernel panic
DEBUG variable x=192.168.215.207
DEBUG cache hit for key=192.168.178.215
INFO request from 192.168.9.50
INFO connection established
WARN slow query: 192.168.82.31ms
FATAL unrecoverable disk error
DEBUG cache hit for key=192.168.36.209
WARN retry attempt 192.168.39.155 for 74633
WARN memory threshold reached: 192.168.219.168MB
FATAL kernel panic
FATAL out of memory
FATAL segfault at address 0x192.168.189.144
ERROR file not found: /tmp/192.168.229.48.log
ERROR connection timeout 503
ERROR connection timeout 503
WARN slow query: 192.168.193.243ms
DEBUG entering function foo
FATAL kernel panic
INFO processed 192.168.142.104 items
WARN retry attempt 192.168.189.144 for 66183
FATAL kernel panic
ERROR connection timeout 503
ERROR auth failure for user 192.168.215.207
INFO user 192.168.36.209 logged in
ERROR null pointer in module 192.168.189.144
FATAL kernel panic
WARN slow query: 192.168.178.215ms
FATAL out of memory
WARN memory threshold reached: 192.168.36.209MB
FATAL out of memory
FATAL segfault at address 0x192.168.60.30
ERROR auth failure for user 192.168.92.139
INFO request from 192.168.197.186
DEBUG variable x=192.168.36.209
WARN disk usage 192.168.39.155%
FATAL segfault at address 0x192.168.92.139
WARN memory threshold reached: 192.168.142.104MB
WARN slow query: 192.168.60.30ms
FATAL unrecoverable disk error
DEBUG cache hit for key=192.168.189.144
INFO processed 192.168.178.6 items
INFO processed 192.168.193.243 items
WARN retry attempt 192.168.178.215 for 12041
DEBUG cache hit for key=192.168.57.185
INFO user 192.168.178.215 logged in
ERROR null pointer in module 192.168.197.186
DEBUG heap size: 192.168.121.141
DEBUG cache hit for key=192.168.82.31
INFO user 192.168.215.207 logged in
INFO processed 192.168.9.50 items
WARN retry attempt 192.168.9.50 for 77986
WARN disk usage 192.168.197.186%
WARN memory threshold reached: 192.168.178.6MB
WARN memory threshold reached: 192.168.60.30MB
INFO request from 192.168.219.168
DEBUG cache hit for key=192.168.82.31
DEBUG variable x=192.168.142.104
INFO processed 192.168.215.207 items
WARN retry attempt 192.168.178.6 for 80888
INFO processed 192.168.178.215 items
WARN memory threshold reached: 192.168.229.48MB
ERROR connection timeout 503
WARN disk usage 192.168.107.168%
DEBUG variable x=192.168.178.215
INFO user 192.168.60.30 logged in
WARN slow query: 192.168.107.168ms
FATAL unrecoverable disk error
ERROR file not found: /tmp/192.168.82.31.log
INFO request from 192.168.60.30
INFO request from 192.168.229.48
WARN disk usage 192.168.36.209%
FATAL kernel panic
WARN slow query: 192.168.107.168ms
FATAL out of memory
WARN slow query: 192.168.60.30ms
INFO request from 192.168.60.30
ERROR file not found: /tmp/192.168.215.207.log
INFO user 192.168.107.168 logged in
DEBUG variable x=192.168.193.243
WARN retry attempt 192.168.82.31 for 15961
INFO request from 192.168.178.6
ERROR auth failure for user 192.168.82.31
INFO user 192.168.82.31 logged in
WARN disk usage 192.168.57.185%
ERROR auth failure for user 192.168.82.31
FATAL kernel panic
ERROR connection timeout 503
DEBUG cache hit for key=192.168.219.168
INFO connection established
ERROR file not found: /tmp/192.168.36.209.log
WARN slow query: 192.168.211.158ms
WARN memory threshold reached: 192.168.189.144MB
INFO processed 192.168.229.48 items
DEBUG heap size: 192.168.92.139
ERROR null pointer in module 192.168.141.220
DEBUG cache hit for key=192.168.92.139
DEBUG heap size: 192.168.142.104
INFO user 192.168.197.186 logged in
WARN retry attempt 192.168.178.6 for 76635
FATAL segfault at address 0x192.168.36.209
DEBUG cache hit for key=192.168.178.6
INFO request from 192.168.178.6
FATAL segfault at address 0x192.168.121.141
FATAL unrecoverable disk error
WARN retry attempt 192.168.107.168 for 93413
WARN disk usage 192.168.211.158%
INFO request from 192.168.141.220
FATAL out of memory
WARN disk usage 192.168.39.155%
DEBUG variable x=192.168.215.207
ERROR connection timeout 503
DEBUG entering function foo
FATAL out of memory
FATAL unrecoverable disk error
INFO connection established
ERROR connection timeout 503
FATAL segfault at address 0x192.168.9.50
DEBUG entering function foo
INFO connection established
DEBUG cache hit for key=192.168.107.168
FATAL kernel panic
INFO request from 192.168.142.104
INFO user 192.168.9.50 logged in
ERROR null pointer in module 192.168.215.207
DEBUG cache hit for key=192.168.39.155
ERROR null pointer in module 192.168.142.104
WARN disk usage 192.168.215.207%
WARN retry attempt 192.168.193.243 for 19439
INFO connection established
WARN disk usage 192.168.178.215%
FATAL kernel panic
FATAL unrecoverable disk error
ERROR auth failure for user 192.168.57.185
WARN retry attempt 192.168.9.50 for 58762
FATAL unrecoverable disk error
INFO connection established
ERROR null pointer in module 192.168.189.144
DEBUG heap size: 192.168.229.48
FATAL kernel panic
WARN disk usage 192.168.211.158%
INFO connection established
ERROR auth failure for user 192.168.82.31
ERROR null pointer in module 192.168.39.155
FATAL kernel panic
INFO user 192.168.60.30 logged in
FATAL segfault at address 0x192.168.178.215
WARN disk usage 192.168.178.6%
WARN disk usage 192.168.9.50%
ERROR connection timeout 503
INFO user 192.168.211.158 logged in
INFO request from 192.168.178.215
ERROR connection timeout 503
WARN disk usage 192.168.60.30%
WARN slow query: 192.168.36.209ms
DEBUG entering function foo
INFO processed 192.168.60.30 items
INFO connection established
ERROR null pointer in module 192.168.92.139
ERROR auth failure for user 192.168.178.215
FATAL segfault at address 0x192.168.215.207
DEBUG heap size: 192.168.197.186
INFO request from 192.168.141.220
WARN memory threshold reached: 192.168.82.31MB
WARN disk usage 192.168.107.168%
ERROR connection timeout 503
FATAL kernel panic
INFO request from 192.168.211.158
DEBUG cache hit for key=192.168.9.50
DEBUG heap size: 192.168.215.207
INFO user 192.168.178.6 logged in
WARN disk usage 192.168.211.158%
WARN retry attempt 192.168.211.158 for 22218
INFO processed 192.168.121.141 items
ERROR auth failure for user 192.168.229.48
INFO request from 192.168.9.50
INFO connection established
WARN retry attempt 192.168.36.209 for 40050
DEBUG entering function foo
DEBUG heap size: 192.168.193.243
WARN slow query: 192.168.9.50ms
ERROR null pointer in module 192.168.121.141
DEBUG entering function foo
ERROR null pointer in module 192.168.229.48
FATAL unrecoverable disk error
DEBUG cache hit for key=192.168.60.30
ERROR null pointer in module 192.168.211.158
ERROR auth failure for user 192.168.229.48
FATAL unrecoverable disk error
INFO user 192.168.178.6 logged in
DEBUG variable x=192.168.60.30
ERROR file not found: /tmp/192.168.215.207.log
INFO user 192.168.107.168 logged in
INFO connection established
FATAL unrecoverable disk error
DEBUG cache hit for key=192.168.229.48
FATAL unrecoverable disk error
ERROR null pointer in module 192.168.193.243
DEBUG entering function foo
FATAL kernel panic
INFO connection established
ERROR connection timeout 503
WARN slow query: 192.168.141.220ms
INFO connection established
ERROR connection timeout 503
DEBUG variable x=192.168.178.6
ERROR file not found: /tmp/192.168.197.186.log
FATAL unrecoverable disk error
DEBUG heap size: 192.168.211.158
DEBUG cache hit for key=192.168.141.220
FATAL kernel panic
WARN memory threshold reached: 192.168.189.144MB
INFO user 192.168.219.168 logged in
FATAL kernel panic
FATAL kernel panic
WARN memory threshold reached: 192.168.92.139MB
WARN disk usage 192.168.189.144%
WARN slow query: 192.168.82.31ms
WARN retry attempt 192.168.193.243 for 6480
ERROR null pointer in module 192.168.219.168
WARN retry attempt 192.168.215.207 for 46306
DEBUG cache hit for key=192.168.107.168
WARN disk usage 192.168.121.141%
INFO connection established
ERROR connection timeout 503
FATAL segfault at address 0x192.168.142.104
FATAL out of memory
ERROR connection timeout 503
INFO user 192.168.57.185 logged in
WARN retry attempt 192.168.57.185 for 4861
FATAL unrecoverable disk error
DEBUG cache hit for key=192.168.82.31
FATAL unrecoverable disk error
FATAL unrecoverable disk error
ERROR connection timeout 503
INFO processed 192.168.141.220 items
ERROR connection timeout 503
DEBUG heap size: 192.168.189.144
INFO request from 192.168.229.48
INFO request from 192.168.178.6
ERROR auth failure for user 192.168.219.168
FATAL kernel panic
ERROR auth failure for user 192.168.121.141
DEBUG variable x=192.168.121.141
WARN memory threshold reached: 192.168.121.141MB
ERROR null pointer in module 192.168.197.186
FATAL unrecoverable disk error
WARN memory threshold reached: 192.168.178.215MB
FATAL segfault at address 0x192.168.39.155
FATAL out of memory
FATAL unrecoverable disk error
FATAL unrecoverable disk error
INFO user 192.168.215.207 logged in
ERROR connection timeout 503
DEBUG cache hit for key=192.168.178.6
INFO request from 192.168.178.6
DEBUG cache hit for key=192.168.178.6
FATAL unrecoverable disk error
FATAL out of memory
INFO connection established
WARN memory threshold reached: 192.168.178.6MB
DEBUG entering function foo
ERROR connection timeout 503
DEBUG heap size: 192.168.107.168
FATAL segfault at address 0x192.168.197.186
WARN disk usage 192.168.107.168%
FATAL segfault at address 0x192.168.197.186
WARN slow query: 192.168.36.209ms
INFO processed 192.168.82.31 items
FATAL segfault at address 0x192.168.215.207
ERROR connection timeout 503
DEBUG heap size: 192.168.60.30
DEBUG heap size: 192.168.82.31
FATAL segfault at address 0x192.168.60.30
INFO processed 192.168.60.30 items
ERROR auth failure for user 192.168.219.168
INFO processed 192.168.121.141 items
FATAL kernel panic
FATAL segfault at address 0x192.168.82.31
INFO processed 192.168.178.215 items
FATAL out of memory
INFO request from 192.168.57.185
ERROR null pointer in module 192.168.178.215
ERROR null pointer in module 192.168.229.48
WARN slow query: 192.168.57.185ms
DEBUG cache hit for key=192.168.9.50
WARN slow query: 192.168.197.186ms
INFO user 192.168.219.168 logged in
DEBUG variable x=192.168.219.168
INFO processed 192.168.197.186 items
INFO user 192.168.60.30 logged in
ERROR connection timeout 503
DEBUG entering function foo
DEBUG variable x=192.168.141.220
INFO user 192.168.178.6 logged in
WARN slow query: 192.168.178.215ms
INFO request from 192.168.141.220
DEBUG heap size: 192.168.9.50
ERROR auth failure for user 192.168.36.209
INFO user 192.168.211.158 logged in
FATAL unrecoverable disk error
INFO user 192.168.82.31 logged in
DEBUG heap size: 192.168.36.209
DEBUG entering function foo
WARN disk usage 192.168.142.104%
FATAL kernel panic
FATAL segfault at address 0x192.168.107.168
DEBUG variable x=192.168.229.48
ERROR null pointer in module 192.168.211.158
DEBUG heap size: 192.168.121.141
FATAL unrecoverable disk error
ERROR file not found: /tmp/192.168.211.158.log
FATAL out of memory
FATAL out of memory
WARN disk usage 192.168.193.243%
ERROR auth failure for user 192.168.60.30
ERROR null pointer in module 192.168.215.207
DEBUG entering function foo
DEBUG entering function foo
FATAL unrecoverable disk error
ERROR auth failure for user 192.168.142.104
INFO request from 192.168.92.139
DEBUG variable x=192.168.211.158
INFO connection established
DEBUG entering function foo
FATAL segfault at address 0x192.168.178.6
INFO processed 192.168.141.220 items
WARN retry attempt 192.168.36.209 for 85341
WARN disk usage 192.168.92.139%
FATAL out of memory
FATAL segfault at address 0x192.168.219.168
DEBUG heap size: 192.168.60.30
FATAL kernel panic
DEBUG entering function foo
ERROR file not found: /tmp/192.168.9.50.log
DEBUG entering function foo
ERROR connection timeout 503
WARN disk usage 192.168.82.31%
DEBUG heap size: 192.168.121.141
ERROR connection timeout 503
INFO connection established
FATAL out of memory
INFO connection established
DEBUG heap size: 192.168.142.104
INFO request from 192.168.189.144
FATAL unrecoverable disk error
DEBUG variable x=192.168.193.243
ERROR null pointer in module 192.168.9.50
INFO request from 192.168.178.6
INFO user 192.168.219.168 logged in
FATAL kernel panic
INFO processed 192.168.229.48 items
INFO request from 192.168.178.6
WARN memory threshold reached: 192.168.215.207MB
FATAL unrecoverable disk error
INFO connection established
INFO user 192.168.219.168 logged in
FATAL kernel panic
INFO processed 192.168.178.215 items
FATAL kernel panic
ERROR connection timeout 503
DEBUG variable x=192.168.178.6
DEBUG cache hit for key=192.168.189.144
DEBUG entering function foo
INFO user 192.168.121.141 logged in
ERROR file not found: /tmp/192.168.60.30.log
FATAL kernel panic
FATAL unrecoverable disk error
FATAL out of memory
WARN memory threshold reached: 192.168.193.243MB
INFO processed 192.168.60.30 items
ERROR auth failure for user 192.168.211.158
DEBUG variable x=192.168.178.6
DEBUG variable x=192.168.178.215
ERROR auth failure for user 192.168.193.243
FATAL segfault at address 0x192.168.229.48
ERROR connection timeout 503
ERROR null pointer in module 192.168.193.243
WARN slow query: 192.168.219.168ms
ERROR null pointer in module 192.168.197.186
DEBUG cache hit for key=192.168.82.31
WARN slow query: 192.168.197.186ms
WARN disk usage 192.168.60.30%
INFO processed 192.168.142.104 items
ERROR file not found: /tmp/192.168.178.6.log
DEBUG variable x=192.168.60.30
WARN retry attempt 192.168.215.207 for 16560
INFO user 192.168.121.141 logged in
INFO user 192.168.36.209 logged in
DEBUG entering function foo
DEBUG cache hit for key=192.168.9.50
ERROR connection timeout 503
DEBUG variable x=192.168.215.207
DEBUG cache hit for key=192.168.178.215
FATAL segfault at address 0x192.168.141.220
DEBUG heap size: 192.168.142.104
ERROR file not found: /tmp/192.168.82.31.log
WARN slow query: 192.168.219.168ms
ERROR file not found: /tmp/192.168.107.168.log
WARN disk usage 192.168.197.186%
INFO processed 192.168.211.158 items
DEBUG cache hit for key=192.168.211.158
DEBUG heap size: 192.168.57.185
FATAL segfault at address 0x192.168.36.209
WARN disk usage 192.168.142.104%
WARN retry attempt 192.168.39.155 for 23672
DEBUG variable x=192.168.107.168
INFO connection established
WARN memory threshold reached: 192.168.211.158MB
WARN memory threshold reached: 192.168.57.185MB
ERROR file not found: /tmp/192.168.197.186.log
WARN disk usage 192.168.189.144%
DEBUG heap size: 192.168.92.139
FATAL kernel panic
DEBUG entering function foo
ERROR auth failure for user 192.168.82.31
ERROR null pointer in module 192.168.141.220
FATAL out of memory
ERROR auth failure for user 192.168.189.144
DEBUG entering function foo
WARN disk usage 192.168.215.207%
FATAL kernel panic
WARN memory threshold reached: 192.168.178.215MB
WARN retry attempt 192.168.39.155 for 26634
INFO connection established
ERROR auth failure for user 192.168.229.48
FATAL segfault at address 0x192.168.92.139
FATAL segfault at address 0x192.168.36.209
DEBUG entering function foo
ERROR null pointer in module 192.168.193.243
INFO request from 192.168.189.144
INFO user 192.168.92.139 logged in
INFO user 192.168.178.215 logged in
WARN memory threshold reached: 192.168.60.30MB
INFO user 192.168.9.50 logged in
DEBUG variable x=192.168.121.141
INFO request from 192.168.189.144
FATAL kernel panic
ERROR auth failure for user 192.168.229.48
ERROR file not found: /tmp/192.168.92.139.log
INFO request from 192.168.92.139
FATAL unrecoverable disk error
FATAL kernel panic
ERROR auth failure for user 192.168.178.215
WARN slow query: 192.168.219.168ms
DEBUG entering function foo
ERROR auth failure for user 192.168.211.158
FATAL kernel panic
ERROR file not found: /tmp/192.168.197.186.log
INFO processed 192.168.92.139 items
ERROR auth failure for user 192.168.193.243
FATAL unrecoverable disk error
INFO user 192.168.211.158 logged in
FATAL kernel panic
ERROR auth failure for user 192.168.215.207
FATAL segfault at address 0x192.168.178.6
WARN retry attempt 192.168.9.50 for 89120
ERROR connection timeout 503
WARN slow query: 192.168.197.186ms
ERROR file not found: /tmp/192.168.60.30.log
ERROR null pointer in module 192.168.92.139
DEBUG variable x=192.168.229.48
DEBUG entering function foo
FATAL out of memory
FATAL segfault at address 0x192.168.39.155
INFO connection established
WARN retry attempt 192.168.57.185 for 35176
INFO processed 192.168.60.30 items
ERROR null pointer in module 192.168.219.168
DEBUG heap size: 192.168.178.6
INFO connection established
ERROR file not found: /tmp/192.168.178.6.log
FATAL unrecoverable disk error
DEBUG variable x=192.168.211.158
WARN retry attempt 192.168.121.141 for 87711
FATAL segfault at address 0x192.168.178.6
FATAL kernel panic
FATAL segfault at address 0x192.168.142.104
FATAL segfault at address 0x192.168.142.104
WARN retry attempt 192.168.229.48 for 67456
FATAL segfault at address 0x192.168.178.6
FATAL segfault at address 0x192.168.193.243
ERROR null pointer in module 192.168.215.207
FATAL out of memory
FATAL unrecoverable disk error
ERROR null pointer in module 192.168.178.215
FATAL out of memory
ERROR null pointer in module 192.168.211.158
INFO processed 192.168.57.185 items
WARN slow query: 192.168.189.144ms
WARN disk usage 192.168.92.139%
DEBUG variable x=192.168.141.220
DEBUG variable x=192.168.121.141
WARN disk usage 192.168.178.215%
DEBUG entering function foo
INFO user 192.168.215.207 logged in
INFO request from 192.168.57.185
ERROR connection timeout 503
ERROR connection timeout 503
WARN retry attempt 192.168.121.141 for 92106
WARN memory threshold reached: 192.168.39.155MB
INFO processed 192.168.141.220 items
FATAL unrecoverable disk error
INFO processed 192.168.178.215 items
WARN retry attempt 192.168.36.209 for 29176
DEBUG cache hit for key=192.168.82.31
DEBUG variable x=192.168.197.186
FATAL kernel panic
ERROR file not found: /tmp/192.168.107.168.log
ERROR file not found: /tmp/192.168.57.185.log
FATAL out of memory
DEBUG heap size: 192.168.60.30
WARN disk usage 192.168.9.50%
ERROR connection timeout 503
INFO request from 192.168.107.168
DEBUG entering function foo
DEBUG cache hit for key=192.168.142.104
INFO connection established
FATAL unrecoverable disk error
INFO connection established
FATAL kernel panic
INFO request from 192.168.141.220
DEBUG entering function foo
DEBUG cache hit for key=192.168.142.104
WARN disk usage 192.168.189.144%
WARN slow query: 192.168.193.243ms
FATAL segfault at address 0x192.168.39.155
FATAL out of memory
DEBUG cache hit for key=192.168.82.31
INFO user 192.168.60.30 logged in
DEBUG heap size: 192.168.121.141
DEBUG heap size: 192.168.197.186
DEBUG heap size: 192.168.197.186
WARN disk usage 192.168.178.6%
ERROR auth failure for user 192.168.141.220
DEBUG entering function foo
ERROR file not found: /tmp/192.168.215.207.log
DEBUG heap size: 192.168.142.104
ERROR null pointer in module 192.168.142.104
DEBUG heap size: 192.168.211.158
ERROR null pointer in module 192.168.141.220
FATAL kernel panic
INFO connection established
FATAL out of memory
INFO user 192.168.92.139 logged in
DEBUG cache hit for key=192.168.107.168
WARN memory threshold reached: 192.168.142.104MB
WARN memory threshold reached: 192.168.82.31MB
DEBUG variable x=192.168.9.50
DEBUG variable x=192.168.9.50
DEBUG heap size: 192.168.60.30
FATAL out of memory
ERROR null pointer in module 192.168.211.158
DEBUG cache hit for key=192.168.92.139
WARN memory threshold reached: 192.168.229.48MB
DEBUG entering function foo
DEBUG entering function foo
DEBUG entering function foo
WARN retry attempt 192.168.39.155 for 65212
INFO user 192.168.9.50 logged in
FATAL unrecoverable disk error
WARN retry attempt 192.168.107.168 for 75989
ERROR null pointer in module 192.168.121.141
INFO user 192.168.107.168 logged in
DEBUG heap size: 192.168.36.209
FATAL segfault at address 0x192.168.82.31
ERROR null pointer in module 192.168.82.31
ERROR null pointer in module 192.168.215.207
FATAL unrecoverable disk error
DEBUG entering function foo
FATAL unrecoverable disk error
DEBUG entering function foo
DEBUG heap size: 192.168.215.207
ERROR connection timeout 503
DEBUG variable x=192.168.229.48
FATAL unrecoverable disk error
WARN memory threshold reached: 192.168.121.141MB
DEBUG heap size: 192.168.9.50
INFO user 192.168.92.139 logged in
ERROR auth failure for user 192.168.36.209
WARN disk usage 192.168.193.243%
INFO request from 192.168.57.185
INFO processed 192.168.36.209 items
WARN memory threshold reached: 192.168.178.6MB
ERROR connection timeout 503
WARN slow query: 192.168.36.209ms
FATAL out of memory
DEBUG heap size: 192.168.197.186
ERROR file not found: /tmp/192.168.178.215.log
WARN memory threshold reached: 192.168.141.220MB
FATAL out of memory
INFO request from 192.168.60.30
FATAL kernel panic
FATAL kernel panic
DEBUG cache hit for key=192.168.197.186
FATAL unrecoverable disk error
WARN memory threshold reached: 192.168.215.207MB
ERROR null pointer in module 192.168.57.185
INFO processed 192.168.82.31 items
ERROR connection timeout 503
INFO user 192.168.121.141 logged in
ERROR connection timeout 503
WARN retry attempt 192.168.36.209 for 67923
FATAL unrecoverable disk error
ERROR auth failure for user 192.168.121.141
FATAL kernel panic
ERROR null pointer in module 192.168.229.48
FATAL unrecoverable disk error
WARN retry attempt 192.168.57.185 for 48451
DEBUG heap size: 192.168.215.207
ERROR file not found: /tmp/192.168.178.6.log
FATAL out of memory
WARN disk usage 192.168.193.243%
WARN memory threshold reached: 192.168.142.104MB
WARN retry attempt 192.168.121.141 for 23656
INFO request from 192.168.9.50
WARN memory threshold reached: 192.168.142.104MB
DEBUG variable x=192.168.178.6
WARN slow query: 192.168.141.220ms
ERROR null pointer in module 192.168.121.141
DEBUG heap size: 192.168.121.141
WARN slow query: 192.168.178.215ms
FATAL segfault at address 0x192.168.215.207
DEBUG entering function foo
ERROR null pointer in module 192.168.82.31
FATAL segfault at address 0x192.168.178.6
FATAL out of memory
WARN slow query: 192.168.9.50ms
DEBUG heap size: 192.168.211.158
WARN retry attempt 192.168.189.144 for 80041
FATAL out of memory
FATAL unrecoverable disk error
WARN disk usage 192.168.9.50%
FATAL segfault at address 0x192.168.197.186
FATAL kernel panic
DEBUG heap size: 192.168.107.168
DEBUG heap size: 192.168.92.139
ERROR auth failure for user 192.168.60.30
FATAL unrecoverable disk error
FATAL unrecoverable disk error
INFO request from 192.168.211.158
DEBUG cache hit for key=192.168.215.207
DEBUG entering function foo
INFO processed 192.168.189.144 items
WARN retry attempt 192.168.142.104 for 15105
INFO user 192.168.82.31 logged in
INFO user 192.168.142.104 logged in
DEBUG entering function foo
FATAL unrecoverable disk error
DEBUG entering function foo
DEBUG heap size: 192.168.92.139
DEBUG variable x=192.168.178.6
WARN retry attempt 192.168.229.48 for 49784
INFO user 192.168.57.185 logged in
DEBUG entering function foo
WARN retry attempt 192.168.57.185 for 8804
DEBUG entering function foo
INFO connection established
WARN disk usage 192.168.82.31%
INFO processed 192.168.215.207 items
DEBUG heap size: 192.168.178.6
WARN disk usage 192.168.142.104%
FATAL unrecoverable disk error
DEBUG entering function foo
INFO user 192.168.9.50 logged in
ERROR auth failure for user 192.168.178.6
DEBUG variable x=192.168.141.220
WARN slow query: 192.168.141.220ms
FATAL segfault at address 0x192.168.36.209
INFO user 192.168.178.215 logged in
INFO connection established
INFO processed 192.168.197.186 items
DEBUG heap size: 192.168.9.50
FATAL segfault at address 0x192.168.107.168
DEBUG heap size: 192.168.39.155
WARN retry attempt 192.168.193.243 for 99242
DEBUG variable x=192.168.197.186
DEBUG cache hit for key=192.168.229.48
INFO processed 192.168.107.168 items
INFO request from 192.168.229.48
DEBUG cache hit for key=192.168.178.6
FATAL unrecoverable disk error
FATAL kernel panic
INFO request from 192.168.82.31
FATAL segfault at address 0x192.168.60.30
WARN disk usage 192.168.211.158%
FATAL unrecoverable disk error
ERROR connection timeout 503
FATAL segfault at address 0x192.168.219.168
DEBUG heap size: 192.168.92.139
DEBUG heap size: 192.168.193.243
DEBUG cache hit for key=192.168.9.50
WARN retry attempt 192.168.82.31 for 18744
DEBUG cache hit for key=192.168.193.243
DEBUG cache hit for key=192.168.215.207
FATAL unrecoverable disk error
DEBUG cache hit for key=192.168.215.207
FATAL segfault at address 0x192.168.60.30
INFO processed 192.168.197.186 items
DEBUG entering function foo
INFO processed 192.168.229.48 items
INFO connection established
DEBUG entering function foo
DEBUG cache hit for key=192.168.189.144
DEBUG entering function foo
ERROR file not found: /tmp/192.168.178.6.log
INFO request from 192.168.178.6
FATAL unrecoverable disk error
WARN slow query: 192.168.178.6ms
WARN disk usage 192.168.189.144%
ERROR null pointer in module 192.168.121.141
ERROR null pointer in module 192.168.92.139
DEBUG heap size: 192.168.178.6
ERROR file not found: /tmp/192.168.39.155.log
WARN slow query: 192.168.142.104ms
INFO connection established
DEBUG cache hit for key=192.168.60.30
ERROR connection timeout 503
DEBUG cache hit for key=192.168.57.185
WARN retry attempt 192.168.121.141 for 22508
DEBUG entering function foo
INFO connection established
FATAL out of memory
DEBUG heap size: 192.168.107.168
DEBUG variable x=192.168.39.155
INFO processed 192.168.178.215 items
FATAL out of memory
ERROR connection timeout 503
DEBUG heap size: 192.168.189.144
DEBUG cache hit for key=192.168.211.158
ERROR connection timeout 503
INFO connection established
ERROR null pointer in module 192.168.39.155
INFO connection established
FATAL out of memory
FATAL out of memory
DEBUG variable x=192.168.9.50
DEBUG variable x=192.168.57.185
DEBUG heap size: 192.168.178.215
INFO user 192.168.82.31 logged in
ERROR null pointer in module 192.168.92.139
DEBUG entering function foo
INFO request from 192.168.193.243
ERROR connection timeout 503
FATAL unrecoverable disk error
DEBUG cache hit for key=192.168.82.31
DEBUG entering function foo
WARN retry attempt 192.168.178.6 for 30072
ERROR null pointer in module 192.168.219.168
WARN disk usage 192.168.219.168%
FATAL kernel panic
DEBUG variable x=192.168.121.141
ERROR null pointer in module 192.168.9.50
WARN slow query: 192.168.178.6ms
FATAL out of memory
INFO connection established
FATAL segfault at address 0x192.168.211.158
WARN retry attempt 192.168.219.168 for 52795
WARN slow query: 192.168.141.220ms
ERROR file not found: /tmp/192.168.189.144.log
WARN slow query: 192.168.60.30ms
ERROR auth failure for user 192.168.215.207
FATAL segfault at address 0x192.168.39.155
INFO request from 192.168.193.243
DEBUG heap size: 192.168.57.185
INFO user 192.168.82.31 logged in
DEBUG entering function foo
ERROR null pointer in module 192.168.219.168
DEBUG variable x=192.168.60.30
DEBUG entering function foo
INFO user 192.168.92.139 logged in
WARN slow query: 192.168.36.209ms
WARN memory threshold reached: 192.168.189.144MB
INFO request from 192.168.9.50
WARN disk usage 192.168.219.168%
FATAL kernel panic
INFO connection established
INFO connection established
INFO processed 192.168.219.168 items
FATAL kernel panic
INFO user 192.168.9.50 logged in
ERROR connection timeout 503
FATAL segfault at address 0x192.168.92.139
ERROR auth failure for user 192.168.189.144
ERROR connection timeout 503
DEBUG entering function foo
ERROR null pointer in module 192.168.36.209
ERROR null pointer in module 192.168.178.6
INFO connection established
ERROR auth failure for user 192.168.82.31
DEBUG entering function foo
WARN slow query: 192.168.219.168ms
FATAL kernel panic
INFO user 192.168.197.186 logged in
FATAL out of memory
FATAL kernel panic
DEBUG heap size: 192.168.219.168
DEBUG entering function foo
INFO connection established
ERROR file not found: /tmp/192.168.107.168.log
WARN memory threshold reached: 192.168.9.50MB
FATAL kernel panic
INFO processed 192.168.211.158 items
ERROR file not found: /tmp/192.168.193.243.log
DEBUG variable x=192.168.193.243
ERROR null pointer in module 192.168.229.48
WARN memory threshold reached: 192.168.57.185MB
ERROR connection timeout 503
FATAL out of memory
ERROR file not found: /tmp/192.168.219.168.log
FATAL kernel panic
WARN slow query: 192.168.107.168ms
ERROR connection timeout 503
ERROR auth failure for user 192.168.189.144
FATAL out of memory
WARN slow query: 192.168.92.139ms
INFO connection established
WARN retry attempt 192.168.9.50 for 16138
INFO user 192.168.36.209 logged in
INFO request from 192.168.107.168
DEBUG cache hit for key=192.168.229.48
ERROR auth failure for user 192.168.219.168
INFO user 192.168.9.50 logged in
ERROR auth failure for user 192.168.197.186
FATAL unrecoverable disk error
FATAL segfault at address 0x192.168.193.243
DEBUG cache hit for key=192.168.60.30
WARN slow query: 192.168.189.144ms
INFO request from 192.168.178.215
ERROR null pointer in module 192.168.92.139
ERROR file not found: /tmp/192.168.178.6.log
FATAL out of memory
ERROR null pointer in module 192.168.211.158
ERROR file not found: /tmp/192.168.60.30.log
WARN memory threshold reached: 192.168.229.48MB
FATAL unrecoverable disk error
WARN slow query: 192.168.107.168ms
INFO connection established
DEBUG variable x=192.168.142.104
INFO connection established
ERROR auth failure for user 192.168.121.141
DEBUG cache hit for key=192.168.197.186
WARN memory threshold reached: 192.168.193.243MB
WARN slow query: 192.168.121.141ms
INFO user 192.168.57.185 logged in
ERROR connection timeout 503
INFO connection established
FATAL segfault at address 0x192.168.36.209
FATAL out of memory
ERROR null pointer in module 192.168.178.6
ERROR connection timeout 503
FATAL out of memory
INFO processed 192.168.92.139 items
FATAL unrecoverable disk error
WARN retry attempt 192.168.189.144 for 3596
DEBUG variable x=192.168.142.104
WARN memory threshold reached: 192.168.57.185MB
DEBUG entering function foo
ERROR null pointer in module 192.168.60.30
DEBUG variable x=192.168.211.158
FATAL out of memory
FATAL segfault at address 0x192.168.57.185
ERROR null pointer in module 192.168.178.6
FATAL unrecoverable disk error
INFO processed 192.168.107.168 items
DEBUG entering function foo
DEBUG cache hit for key=192.168.219.168
FATAL out of memory
FATAL unrecoverable disk error
WARN retry attempt 192.168.178.6 for 48025
ERROR auth failure for user 192.168.141.220
WARN slow query: 192.168.229.48ms
INFO connection established
WARN retry attempt 192.168.141.220 for 90212
ERROR null pointer in module 192.168.141.220
ERROR auth failure for user 192.168.229.48
DEBUG heap size: 192.168.197.186
FATAL unrecoverable disk error
ERROR file not found: /tmp/192.168.92.139.log
INFO request from 192.168.215.207
WARN retry attempt 192.168.9.50 for 38051
ERROR connection timeout 503
DEBUG cache hit for key=192.168.36.209
INFO user 192.168.141.220 logged in
ERROR connection timeout 503
DEBUG entering function foo
FATAL segfault at address 0x192.168.219.168
ERROR null pointer in module 192.168.60.30
INFO processed 192.168.60.30 items
FATAL segfault at address 0x192.168.193.243
ERROR file not found: /tmp/192.168.141.220.log
WARN slow query: 192.168.107.168ms
FATAL unrecoverable disk error
INFO user 192.168.92.139 logged in
INFO request from 192.168.215.207
DEBUG entering function foo
DEBUG entering function foo
DEBUG heap size: 192.168.60.30
FATAL segfault at address 0x192.168.60.30
FATAL kernel panic
WARN memory threshold reached: 192.168.178.215MB
FATAL out of memory
FATAL out of memory
DEBUG variable x=192.168.193.243
DEBUG variable x=192.168.142.104
DEBUG variable x=192.168.211.158
DEBUG variable x=192.168.215.207
FATAL kernel panic
DEBUG cache hit for key=192.168.178.6
FATAL out of memory
DEBUG cache hit for key=192.168.178.215
WARN retry attempt 192.168.57.185 for 31804
WARN retry attempt 192.168.39.155 for 25210
DEBUG entering function foo
DEBUG cache hit for key=192.168.229.48
INFO user 192.168.189.144 logged in
WARN disk usage 192.168.92.139%
DEBUG variable x=192.168.36.209
ERROR file not found: /tmp/192.168.39.155.log
INFO request from 192.168.193.243
INFO request from 192.168.121.141
WARN slow query: 192.168.178.215ms
ERROR null pointer in module 192.168.178.215
WARN retry attempt 192.168.60.30 for 61879
DEBUG heap size: 192.168.142.104
DEBUG variable x=192.168.193.243
ERROR null pointer in module 192.168.60.30
FATAL out of memory
WARN disk usage 192.168.92.139%
ERROR connection timeout 503
DEBUG heap size: 192.168.211.158
DEBUG heap size: 192.168.219.168
INFO processed 192.168.178.6 items
DEBUG cache hit for key=192.168.142.104
INFO user 192.168.178.6 logged in
ERROR file not found: /tmp/192.168.57.185.log
INFO request from 192.168.189.144
FATAL kernel panic
FATAL segfault at address 0x192.168.211.158
FATAL unrecoverable disk error
INFO processed 192.168.92.139 items
INFO processed 192.168.121.141 items
INFO connection established
INFO request from 192.168.121.141
DEBUG variable x=192.168.36.209
WARN retry attempt 192.168.107.168 for 65661
DEBUG heap size: 192.168.219.168
FATAL segfault at address 0x192.168.178.6
DEBUG entering function foo
ERROR file not found: /tmp/192.168.36.209.log
WARN memory threshold reached: 192.168.141.220MB
INFO request from 192.168.189.144
WARN retry attempt 192.168.211.158 for 65289
ERROR file not found: /tmp/192.168.141.220.log
ERROR null pointer in module 192.168.193.243
DEBUG cache hit for key=192.168.178.6
INFO request from 192.168.189.144
INFO request from 192.168.60.30
ERROR auth failure for user 192.168.82.31
FATAL out of memory
ERROR auth failure for user 192.168.82.31
WARN disk usage 192.168.39.155%
INFO request from 192.168.178.6
FATAL unrecoverable disk error
INFO request from 192.168.39.155
INFO processed 192.168.57.185 items
ERROR null pointer in module 192.168.219.168
INFO request from 192.168.60.30
WARN disk usage 192.168.211.158%
FATAL kernel panic
DEBUG heap size: 192.168.36.209
DEBUG heap size: 192.168.57.185
INFO request from 192.168.211.158
WARN slow query: 192.168.39.155ms
FATAL kernel panic
DEBUG variable x=192.168.215.207
FATAL segfault at address 0x192.168.178.6
DEBUG entering function foo
INFO connection established
FATAL segfault at address 0x192.168.197.186
INFO processed 192.168.9.50 items
DEBUG variable x=192.168.121.141
DEBUG heap size: 192.168.121.141
ERROR connection timeout 503
INFO request from 192.168.229.48
WARN retry attempt 192.168.92.139 for 23771
WARN disk usage 192.168.178.215%
DEBUG variable x=192.168.215.207
INFO processed 192.168.219.168 items
FATAL segfault at address 0x192.168.178.6
INFO request from 192.168.9.50
DEBUG cache hit for key=192.168.141.220
DEBUG entering function foo
WARN retry attempt 192.168.57.185 for 33672
INFO request from 192.168.229.48
DEBUG cache hit for key=192.168.229.48
FATAL segfault at address 0x192.168.121.141
WARN retry attempt 192.168.189.144 for 99034
FATAL out of memory
FATAL kernel panic
INFO request from 192.168.197.186
INFO connection established
FATAL kernel panic
DEBUG entering function foo
ERROR auth failure for user 192.168.197.186
ERROR connection timeout 503
FATAL out of memory
DEBUG cache hit for key=192.168.211.158
INFO connection established
WARN retry attempt 192.168.60.30 for 39451
INFO processed 192.168.107.168 items
DEBUG entering function foo
WARN retry attempt 192.168.82.31 for 58571
FATAL out of memory
ERROR null pointer in module 192.168.9.50
INFO request from 192.168.39.155
WARN disk usage 192.168.193.243%
FATAL unrecoverable disk error
DEBUG cache hit for key=192.168.178.215
ERROR auth failure for user 192.168.211.158
DEBUG heap size: 192.168.121.141
DEBUG heap size: 192.168.92.139
DEBUG cache hit for key=192.168.219.168
DEBUG heap size: 192.168.229.48
DEBUG cache hit for key=192.168.215.207
DEBUG entering function foo
INFO connection established
WARN retry attempt 192.168.197.186 for 81843
ERROR null pointer in module 192.168.215.207
INFO request from 192.168.121.141
INFO user 192.168.141.220 logged in
WARN memory threshold reached: 192.168.197.186MB
INFO request from 192.168.197.186
WARN disk usage 192.168.197.186%
INFO processed 192.168.193.243 items
DEBUG heap size: 192.168.197.186
DEBUG heap size: 192.168.197.186
DEBUG cache hit for key=192.168.178.6
ERROR auth failure for user 192.168.178.6
FATAL segfault at address 0x192.168.229.48
DEBUG variable x=192.168.36.209
WARN retry attempt 192.168.82.31 for 12790
FATAL segfault at address 0x192.168.9.50
ERROR file not found: /tmp/192.168.178.215.log
WARN slow query: 192.168.215.207ms
DEBUG heap size: 192.168.142.104
WARN retry attempt 192.168.178.6 for 51240
ERROR null pointer in module 192.168.219.168
INFO connection established
INFO processed 192.168.211.158 items
FATAL out of memory
ERROR null pointer in module 192.168.142.104
INFO request from 192.168.39.155
INFO processed 192.168.9.50 items
ERROR file not found: /tmp/192.168.92.139.log
FATAL unrecoverable disk error
FATAL kernel panic
DEBUG variable x=192.168.39.155
DEBUG heap size: 192.168.107.168
ERROR null pointer in module 192.168.211.158
DEBUG variable x=192.168.107.168
FATAL segfault at address 0x192.168.36.209
FATAL unrecoverable disk error
WARN disk usage 192.168.39.155%
DEBUG variable x=192.168.82.31
FATAL unrecoverable disk error
WARN memory threshold reached: 192.168.141.220MB
FATAL kernel panic
INFO user 192.168.219.168 logged in
WARN retry attempt 192.168.92.139 for 68820
INFO request from 192.168.215.207
WARN memory threshold reached: 192.168.178.215MB
ERROR file not found: /tmp/192.168.121.141.log
DEBUG entering function foo
ERROR null pointer in module 192.168.189.144
INFO connection established
FATAL out of memory
ERROR null pointer in module 192.168.215.207
DEBUG cache hit for key=192.168.9.50
DEBUG heap size: 192.168.39.155
DEBUG entering function foo
FATAL kernel panic
INFO user 192.168.197.186 logged in
DEBUG variable x=192.168.189.144
FATAL unrecoverable disk error
FATAL segfault at address 0x192.168.197.186
WARN memory threshold reached: 192.168.36.209MB
INFO user 192.168.9.50 logged in
ERROR file not found: /tmp/192.168.211.158.log
WARN retry attempt 192.168.36.209 for 13412
DEBUG variable x=192.168.193.243
WARN memory threshold reached: 192.168.219.168MB
DEBUG cache hit for key=192.168.193.243
ERROR null pointer in module 192.168.193.243
ERROR connection timeout 503
WARN retry attempt 192.168.229.48 for 61220
DEBUG variable x=192.168.193.243
DEBUG entering function foo
WARN retry attempt 192.168.178.6 for 24379
ERROR null pointer in module 192.168.219.168
ERROR auth failure for user 192.168.211.158
ERROR auth failure for user 192.168.9.50
FATAL kernel panic
FATAL unrecoverable disk error
WARN retry attempt 192.168.193.243 for 86409
ERROR auth failure for user 192.168.142.104
WARN memory threshold reached: 192.168.60.30MB
WARN retry attempt 192.168.178.6 for 22961
WARN disk usage 192.168.141.220%
DEBUG variable x=192.168.219.168
WARN retry attempt 192.168.60.30 for 2534
DEBUG heap size: 192.168.219.168
FATAL kernel panic
ERROR connection timeout 503
ERROR file not found: /tmp/192.168.178.6.log
DEBUG variable x=192.168.178.215
FATAL segfault at address 0x192.168.60.30
WARN disk usage 192.168.60.30%
DEBUG entering function foo
INFO connection established
DEBUG cache hit for key=192.168.178.6
FATAL out of memory
WARN disk usage 192.168.141.220%
WARN slow query: 192.168.197.186ms
FATAL unrecoverable disk error
FATAL kernel panic
WARN retry attempt 192.168.36.209 for 64234
FATAL segfault at address 0x192.168.193.243
DEBUG entering function foo
INFO connection established
WARN memory threshold reached: 192.168.189.144MB
WARN disk usage 192.168.60.30%
ERROR auth failure for user 192.168.92.139
FATAL out of memory
FATAL unrecoverable disk error
WARN slow query: 192.168.121.141ms
ERROR null pointer in module 192.168.92.139
ERROR null pointer in module 192.168.215.207
WARN retry attempt 192.168.9.50 for 28282
WARN disk usage 192.168.39.155%
WARN disk usage 192.168.107.168%
WARN slow query: 192.168.178.215ms
FATAL out of memory
ERROR null pointer in module 192.168.60.30
WARN memory threshold reached: 192.168.193.243MB
FATAL out of memory
FATAL kernel panic
ERROR auth failure for user 192.168.141.220
FATAL segfault at address 0x192.168.57.185
ERROR null pointer in module 192.168.193.243
INFO processed 192.168.82.31 items
ERROR file not found: /tmp/192.168.178.6.log
FATAL kernel panic
FATAL unrecoverable disk error
WARN memory threshold reached: 192.168.82.31MB
DEBUG entering function foo
DEBUG variable x=192.168.193.243
WARN slow query: 192.168.36.209ms
INFO processed 192.168.197.186 items
ERROR file not found: /tmp/192.168.36.209.log
INFO connection established
INFO request from 192.168.142.104
INFO user 192.168.229.48 logged in
FATAL unrecoverable disk error
INFO connection established
ERROR auth failure for user 192.168.57.185
ERROR auth failure for user 192.168.82.31
DEBUG cache hit for key=192.168.60.30
INFO connection established
ERROR auth failure for user 192.168.121.141
INFO connection established
FATAL segfault at address 0x192.168.211.158
FATAL kernel panic
INFO request from 192.168.60.30
DEBUG cache hit for key=192.168.189.144
ERROR auth failure for user 192.168.39.155
DEBUG cache hit for key=192.168.229.48
INFO connection established
WARN retry attempt 192.168.57.185 for 37262
INFO connection established
DEBUG heap size: 192.168.9.50
DEBUG cache hit for key=192.168.215.207
ERROR auth failure for user 192.168.57.185
FATAL kernel panic
ERROR file not found: /tmp/192.168.178.215.log
INFO processed 192.168.82.31 items
DEBUG entering function foo
FATAL out of memory
DEBUG entering function foo
WARN retry attempt 192.168.219.168 for 69960
DEBUG entering function foo
INFO user 192.168.178.215 logged in
INFO user 192.168.197.186 logged in
FATAL unrecoverable disk error
ERROR connection timeout 503
ERROR connection timeout 503
WARN slow query: 192.168.189.144ms
INFO request from 192.168.215.207
DEBUG cache hit for key=192.168.107.168
DEBUG cache hit for key=192.168.107.168
FATAL segfault at address 0x192.168.36.209
WARN retry attempt 192.168.142.104 for 24139
INFO processed 192.168.9.50 items
ERROR null pointer in module 192.168.9.50
FATAL segfault at address 0x192.168.92.139
FATAL segfault at address 0x192.168.193.243
INFO processed 192.168.215.207 items
ERROR connection timeout 503
INFO request from 192.168.121.141
WARN retry attempt 192.168.215.207 for 10664
DEBUG heap size: 192.168.121.141
FATAL unrecoverable disk error
DEBUG entering function foo
WARN memory threshold reached: 192.168.189.144MB
DEBUG heap size: 192.168.9.50
FATAL out of memory
FATAL segfault at address 0x192.168.141.220
INFO processed 192.168.219.168 items
ERROR null pointer in module 192.168.82.31
WARN memory threshold reached: 192.168.189.144MB
DEBUG entering function foo
FATAL unrecoverable disk error
DEBUG entering function foo
INFO user 192.168.229.48 logged in
FATAL out of memory
INFO user 192.168.211.158 logged in
WARN retry attempt 192.168.211.158 for 59980
INFO request from 192.168.189.144
WARN slow query: 192.168.121.141ms
ERROR file not found: /tmp/192.168.36.209.log
ERROR null pointer in module 192.168.197.186
ERROR connection timeout 503
FATAL kernel panic
DEBUG entering function foo
FATAL out of memory
FATAL kernel panic
DEBUG variable x=192.168.178.6
FATAL segfault at address 0x192.168.229.48
ERROR file not found: /tmp/192.168.219.168.log
FATAL segfault at address 0x192.168.82.31
WARN memory threshold reached: 192.168.121.141MB
DEBUG entering function foo
DEBUG variable x=192.168.39.155
WARN slow query: 192.168.57.185ms
ERROR auth failure for user 192.168.178.6
DEBUG entering function foo
ERROR file not found: /tmp/192.168.211.158.log
INFO request from 192.168.57.185
DEBUG entering function foo
WARN memory threshold reached: 192.168.141.220MB
FATAL unrecoverable disk error
INFO connection established
INFO request from 192.168.92.139
FATAL out of memory
WARN disk usage 192.168.141.220%
DEBUG heap size: 192.168.39.155
DEBUG entering function foo
INFO processed 192.168.178.215 items
ERROR connection timeout 503
DEBUG entering function foo
DEBUG variable x=192.168.211.158
ERROR null pointer in module 192.168.211.158
INFO processed 192.168.219.168 items
DEBUG heap size: 192.168.197.186
ERROR connection timeout 503
INFO connection established
DEBUG cache hit for key=192.168.219.168
DEBUG variable x=192.168.141.220
ERROR null pointer in module 192.168.141.220
DEBUG heap size: 192.168.215.207
ERROR file not found: /tmp/192.168.197.186.log
ERROR auth failure for user 192.168.215.207
DEBUG entering function foo
DEBUG heap size: 192.168.60.30
DEBUG cache hit for key=192.168.92.139
FATAL kernel panic
ERROR auth failure for user 192.168.219.168
DEBUG entering function foo
WARN memory threshold reached: 192.168.229.48MB
WARN retry attempt 192.168.189.144 for 90694
DEBUG entering function foo
DEBUG entering function foo
FATAL kernel panic
WARN memory threshold reached: 192.168.229.48MB
WARN slow query: 192.168.60.30ms
DEBUG cache hit for key=192.168.215.207
FATAL out of memory
FATAL kernel panic
ERROR null pointer in module 192.168.178.6
INFO connection established
WARN retry attempt 192.168.178.6 for 64350
ERROR auth failure for user 192.168.229.48
FATAL out of memory
INFO request from 192.168.142.104
FATAL unrecoverable disk error
INFO processed 192.168.60.30 items
INFO request from 192.168.211.158
INFO processed 192.168.189.144 items
ERROR auth failure for user 192.168.193.243
DEBUG cache hit for key=192.168.92.139
ERROR connection timeout 503
INFO user 192.168.9.50 logged in
WARN disk usage 192.168.92.139%
WARN memory threshold reached: 192.168.142.104MB
ERROR connection timeout 503
ERROR file not found: /tmp/192.168.229.48.log
WARN disk usage 192.168.193.243%
DEBUG heap size: 192.168.219.168
WARN slow query: 192.168.193.243ms
WARN disk usage 192.168.121.141%
ERROR file not found: /tmp/192.168.142.104.log
DEBUG entering function foo
WARN slow query: 192.168.211.158ms
INFO user 192.168.82.31 logged in
ERROR file not found: /tmp/192.168.229.48.log
WARN slow query: 192.168.215.207ms
DEBUG variable x=192.168.189.144
FATAL unrecoverable disk error
FATAL out of memory
FATAL kernel panic
WARN retry attempt 192.168.60.30 for 15968
ERROR file not found: /tmp/192.168.219.168.log
DEBUG variable x=192.168.229.48
ERROR auth failure for user 192.168.121.141
ERROR auth failure for user 192.168.60.30
FATAL unrecoverable disk error
ERROR file not found: /tmp/192.168.178.6.log
INFO connection established
WARN memory threshold reached: 192.168.39.155MB
DEBUG cache hit for key=192.168.142.104
FATAL kernel panic
WARN memory threshold reached: 192.168.82.31MB
WARN memory threshold reached: 192.168.121.141MB
WARN retry attempt 192.168.197.186 for 85201
ERROR connection timeout 503
ERROR auth failure for user 192.168.121.141
DEBUG heap size: 192.168.60.30
FATAL segfault at address 0x192.168.9.50
DEBUG cache hit for key=192.168.178.215
INFO processed 192.168.142.104 items
FATAL out of memory
ERROR null pointer in module 192.168.36.209
WARN memory threshold reached: 192.168.193.243MB
WARN memory threshold reached: 192.168.39.155MB
WARN disk usage 192.168.219.168%
DEBUG heap size: 192.168.92.139
WARN memory threshold reached: 192.168.82.31MB
FATAL unrecoverable disk error
WARN retry attempt 192.168.107.168 for 44712
WARN disk usage 192.168.229.48%
DEBUG entering function foo
ERROR null pointer in module 192.168.178.6
DEBUG variable x=192.168.60.30
INFO processed 192.168.229.48 items
DEBUG heap size: 192.168.57.185
WARN slow query: 192.168.189.144ms
FATAL kernel panic
WARN memory threshold reached: 192.168.107.168MB
INFO user 192.168.82.31 logged in
FATAL segfault at address 0x192.168.178.6
ERROR connection timeout 503
DEBUG variable x=192.168.121.141
INFO request from 192.168.178.6
INFO user 192.168.60.30 logged in
FATAL unrecoverable disk error
ERROR null pointer in module 192.168.178.6
ERROR null pointer in module 192.168.36.209
INFO connection established
DEBUG cache hit for key=192.168.107.168
FATAL unrecoverable disk error
ERROR file not found: /tmp/192.168.39.155.log
ERROR file not found: /tmp/192.168.9.50.log
DEBUG entering function foo
ERROR null pointer in module 192.168.178.6
WARN retry attempt 192.168.60.30 for 16151
ERROR file not found: /tmp/192.168.142.104.log
FATAL unrecoverable disk error
DEBUG variable x=192.168.36.209
INFO processed 192.168.107.168 items
DEBUG entering function foo
FATAL out of memory
WARN slow query: 192.168.142.104ms
INFO user 192.168.211.158 logged in
WARN retry attempt 192.168.211.158 for 40539
INFO connection established
FATAL segfault at address 0x192.168.9.50
DEBUG variable x=192.168.215.207
WARN disk usage 192.168.92.139%
FATAL kernel panic
DEBUG entering function foo
INFO processed 192.168.178.215 items
WARN memory threshold reached: 192.168.39.155MB
ERROR connection timeout 503
INFO connection established
DEBUG cache hit for key=192.168.193.243
ERROR connection timeout 503
FATAL unrecoverable disk error
ERROR auth failure for user 192.168.219.168
FATAL out of memory
DEBUG heap size: 192.168.197.186
WARN memory threshold reached: 192.168.193.243MB
WARN retry attempt 192.168.178.215 for 31943
ERROR auth failure for user 192.168.189.144
INFO user 192.168.178.6 logged in
DEBUG variable x=192.168.36.209
INFO user 192.168.107.168 logged in
FATAL kernel panic
WARN disk usage 192.168.229.48%
FATAL kernel panic
ERROR null pointer in module 192.168.197.186
WARN disk usage 192.168.82.31%
FATAL kernel panic
FATAL out of memory
FATAL unrecoverable disk error
INFO request from 192.168.178.6
DEBUG entering function foo
FATAL kernel panic
INFO request from 192.168.36.209
FATAL out of memory
FATAL segfault at address 0x192.168.211.158
INFO user 192.168.57.185 logged in
DEBUG heap size: 192.168.229.48
FATAL segfault at address 0x192.168.219.168
DEBUG heap size: 192.168.178.215
DEBUG heap size: 192.168.229.48
WARN memory threshold reached: 192.168.215.207MB
FATAL unrecoverable disk error
ERROR connection timeout 503
INFO user 192.168.219.168 logged in
FATAL out of memory
DEBUG entering function foo
INFO user 192.168.219.168 logged in
FATAL unrecoverable disk error
ERROR null pointer in module 192.168.197.186
DEBUG heap size: 192.168.9.50
INFO request from 192.168.60.30
FATAL segfault at address 0x192.168.197.186
ERROR null pointer in module 192.168.92.139
FATAL out of memory
FATAL segfault at address 0x192.168.193.243
WARN retry attempt 192.168.178.6 for 63994
WARN memory threshold reached: 192.168.82.31MB
ERROR connection timeout 503
DEBUG heap size: 192.168.229.48
DEBUG heap size: 192.168.57.185
DEBUG heap size: 192.168.57.185
FATAL unrecoverable disk error
DEBUG cache hit for key=192.168.178.6
FATAL kernel panic
ERROR auth failure for user 192.168.57.185
ERROR auth failure for user 192.168.9.50
DEBUG cache hit for key=192.168.211.158
DEBUG cache hit for key=192.168.193.243
INFO processed 192.168.219.168 items
ERROR connection timeout 503
FATAL out of memory
ERROR auth failure for user 192.168.36.209
WARN retry attempt 192.168.197.186 for 85552
INFO processed 192.168.219.168 items
DEBUG cache hit for key=192.168.142.104
INFO request from 192.168.211.158
ERROR file not found: /tmp/192.168.142.104.log
ERROR null pointer in module 192.168.57.185
ERROR connection timeout 503
DEBUG entering function foo
ERROR file not found: /tmp/192.168.92.139.log
ERROR auth failure for user 192.168.178.215
ERROR null pointer in module 192.168.229.48
DEBUG cache hit for key=192.168.142.104
DEBUG heap size: 192.168.141.220
INFO request from 192.168.142.104
WARN retry attempt 192.168.197.186 for 91920
WARN memory threshold reached: 192.168.9.50MB
INFO request from 192.168.60.30
DEBUG entering function foo
DEBUG cache hit for key=192.168.142.104
WARN disk usage 192.168.211.158%
WARN retry attempt 192.168.36.209 for 57381
DEBUG heap size: 192.168.178.6
WARN slow query: 192.168.189.144ms
ERROR file not found: /tmp/192.168.197.186.log
ERROR connection timeout 503
WARN memory threshold reached: 192.168.211.158MB
WARN retry attempt 192.168.142.104 for 7896
FATAL segfault at address 0x192.168.229.48
DEBUG entering function foo
DEBUG variable x=192.168.92.139
ERROR file not found: /tmp/192.168.57.185.log
DEBUG variable x=192.168.57.185
WARN disk usage 192.168.107.168%
ERROR auth failure for user 192.168.121.141
FATAL kernel panic
ERROR file not found: /tmp/192.168.141.220.log
INFO connection established
FATAL out of memory
WARN memory threshold reached: 192.168.142.104MB
INFO connection established
WARN slow query: 192.168.193.243ms
INFO connection established
DEBUG cache hit for key=192.168.9.50
WARN slow query: 192.168.142.104ms
ERROR null pointer in module 192.168.57.185
DEBUG heap size: 192.168.92.139
DEBUG cache hit for key=192.168.219.168
INFO connection established
DEBUG heap size: 192.168.178.6
FATAL unrecoverable disk error
FATAL kernel panic
WARN disk usage 192.168.197.186%
FATAL segfault at address 0x192.168.39.155
WARN retry attempt 192.168.219.168 for 13263
WARN memory threshold reached: 192.168.107.168MB
INFO connection established
WARN disk usage 192.168.211.158%
INFO request from 192.168.57.185
ERROR auth failure for user 192.168.215.207
DEBUG variable x=192.168.121.141
INFO user 192.168.215.207 logged in
ERROR connection timeout 503
FATAL out of memory
DEBUG heap size: 192.168.229.48
INFO processed 192.168.39.155 items
FATAL segfault at address 0x192.168.36.209
ERROR file not found: /tmp/192.168.178.6.log
FATAL unrecoverable disk error
ERROR auth failure for user 192.168.39.155
DEBUG variable x=192.168.178.215
WARN disk usage 192.168.197.186%
INFO processed 192.168.219.168 items
ERROR null pointer in module 192.168.107.168
DEBUG heap size: 192.168.9.50
DEBUG variable x=192.168.57.185
INFO user 192.168.189.144 logged in
DEBUG cache hit for key=192.168.178.6
ERROR connection timeout 503
WARN slow query: 192.168.121.141ms
INFO request from 192.168.121.141
ERROR connection timeout 503
FATAL unrecoverable disk error
ERROR file not found: /tmp/192.168.219.168.log
ERROR auth failure for user 192.168.57.185
ERROR auth failure for user 192.168.178.215
FATAL out of memory
DEBUG variable x=192.168.215.207
INFO user 192.168.211.158 logged in
ERROR null pointer in module 192.168.82.31
FATAL segfault at address 0x192.168.219.168
FATAL segfault at address 0x192.168.215.207
DEBUG cache hit for key=192.168.189.144
INFO processed 192.168.178.215 items
FATAL segfault at address 0x192.168.92.139
FATAL segfault at address 0x192.168.60.30
ERROR auth failure for user 192.168.60.30
DEBUG variable x=192.168.107.168
INFO processed 192.168.57.185 items
FATAL out of memory
ERROR file not found: /tmp/192.168.211.158.log
FATAL out of memory
FATAL out of memory
WARN disk usage 192.168.215.207%
DEBUG entering function foo
DEBUG entering function foo
ERROR null pointer in module 192.168.219.168
WARN memory threshold reached: 192.168.141.220MB
ERROR connection timeout 503
DEBUG variable x=192.168.39.155
WARN memory threshold reached: 192.168.142.104MB
FATAL out of memory
INFO user 192.168.219.168 logged in
FATAL out of memory
DEBUG variable x=192.168.57.185
ERROR file not found: /tmp/192.168.121.141.log
FATAL out of memory
INFO processed 192.168.39.155 items
DEBUG variable x=192.168.178.6
INFO request from 192.168.219.168
WARN memory threshold reached: 192.168.197.186MB
FATAL unrecoverable disk error
FATAL out of memory
FATAL segfault at address 0x192.168.219.168
FATAL unrecoverable disk error
FATAL segfault at address 0x192.168.193.243
INFO processed 192.168.197.186 items
INFO processed 192.168.215.207 items
INFO processed 192.168.215.207 items
WARN slow query: 192.168.9.50ms
ERROR null pointer in module 192.168.39.155
DEBUG variable x=192.168.142.104
DEBUG heap size: 192.168.82.31
INFO request from 192.168.39.155
INFO request from 192.168.60.30
FATAL kernel panic
WARN retry attempt 192.168.60.30 for 60275
WARN disk usage 192.168.193.243%
ERROR auth failure for user 192.168.57.185
INFO connection established
FATAL out of memory
INFO user 192.168.121.141 logged in
DEBUG variable x=192.168.141.220
FATAL kernel panic
WARN disk usage 192.168.82.31%
FATAL unrecoverable disk error
INFO request from 192.168.9.50
WARN slow query: 192.168.9.50ms
DEBUG cache hit for key=192.168.9.50
DEBUG cache hit for key=192.168.82.31
WARN disk usage 192.168.39.155%
INFO processed 192.168.215.207 items
FATAL unrecoverable disk error
WARN disk usage 192.168.141.220%
WARN memory threshold reached: 192.168.92.139MB
DEBUG variable x=192.168.36.209
FATAL unrecoverable disk error
DEBUG heap size: 192.168.178.6
FATAL out of memory
ERROR file not found: /tmp/192.168.82.31.log
FATAL segfault at address 0x192.168.211.158
FATAL kernel panic
WARN memory threshold reached: 192.168.189.144MB
DEBUG variable x=192.168.141.220
WARN slow query: 192.168.219.168ms
FATAL unrecoverable disk error
WARN slow query: 192.168.211.158ms
FATAL out of memory
FATAL segfault at address 0x192.168.219.168
ERROR file not found: /tmp/192.168.142.104.log
ERROR connection timeout 503
WARN retry attempt 192.168.142.104 for 18476
FATAL segfault at address 0x192.168.178.6
DEBUG cache hit for key=192.168.193.243
DEBUG cache hit for key=192.168.215.207
INFO request from 192.168.121.141
ERROR file not found: /tmp/192.168.39.155.log
WARN disk usage 192.168.141.220%
INFO request from 192.168.197.186
DEBUG variable x=192.168.189.144
INFO connection established
ERROR connection timeout 503
ERROR connection timeout 503
WARN slow query: 192.168.189.144ms
FATAL kernel panic
WARN retry attempt 192.168.178.6 for 37420
DEBUG cache hit for key=192.168.178.6
ERROR null pointer in module 192.168.60.30
ERROR auth failure for user 192.168.92.139
ERROR auth failure for user 192.168.197.186
DEBUG heap size: 192.168.82.31
WARN slow query: 192.168.142.104ms
FATAL unrecoverable disk error
FATAL unrecoverable disk error
ERROR auth failure for user 192.168.60.30
FATAL unrecoverable disk error
DEBUG cache hit for key=192.168.193.243
WARN slow query: 192.168.39.155ms
FATAL out of memory
WARN memory threshold reached: 192.168.219.168MB
WARN memory threshold reached: 192.168.36.209MB
ERROR auth failure for user 192.168.39.155
FATAL unrecoverable disk error
DEBUG variable x=192.168.36.209
ERROR auth failure for user 192.168.229.48
DEBUG entering function foo
INFO request from 192.168.178.6
WARN memory threshold reached: 192.168.82.31MB
FATAL unrecoverable disk error
INFO connection established
DEBUG entering function foo
FATAL segfault at address 0x192.168.141.220
DEBUG heap size: 192.168.141.220
DEBUG entering function foo
DEBUG entering function foo
INFO request from 192.168.107.168
FATAL out of memory
ERROR null pointer in module 192.168.215.207
DEBUG cache hit for key=192.168.193.243
ERROR null pointer in module 192.168.36.209
FATAL kernel panic
INFO request from 192.168.92.139
ERROR auth failure for user 192.168.229.48
FATAL out of memory
ERROR auth failure for user 192.168.92.139
DEBUG variable x=192.168.36.209
FATAL unrecoverable disk error
FATAL unrecoverable disk error
WARN retry attempt 192.168.193.243 for 10486
WARN slow query: 192.168.215.207ms
DEBUG variable x=192.168.121.141
WARN slow query: 192.168.9.50ms
DEBUG heap size: 192.168.229.48
WARN slow query: 192.168.142.104ms
ERROR connection timeout 503
FATAL out of memory
DEBUG heap size: 192.168.82.31
DEBUG heap size: 192.168.107.168
INFO user 192.168.9.50 logged in
DEBUG cache hit for key=192.168.92.139
FATAL kernel panic
INFO request from 192.168.178.6
FATAL out of memory
DEBUG cache hit for key=192.168.219.168
DEBUG heap size: 192.168.142.104
WARN retry attempt 192.168.141.220 for 95112
INFO user 192.168.197.186 logged in
DEBUG cache hit for key=192.168.57.185
ERROR file not found: /tmp/192.168.107.168.log
FATAL unrecoverable disk error
INFO user 192.168.82.31 logged in
ERROR file not found: /tmp/192.168.229.48.log
INFO request from 192.168.39.155
WARN memory threshold reached: 192.168.92.139MB
FATAL segfault at address 0x192.168.121.141
ERROR file not found: /tmp/192.168.215.207.log
FATAL kernel panic
WARN slow query: 192.168.142.104ms
FATAL unrecoverable disk error
FATAL segfault at address 0x192.168.178.215
DEBUG cache hit for key=192.168.141.220
ERROR auth failure for user 192.168.36.209
FATAL segfault at address 0x192.168.36.209
FATAL unrecoverable disk error
FATAL out of memory
DEBUG cache hit for key=192.168.189.144
INFO request from 192.168.193.243
DEBUG heap size: 192.168.193.243
WARN disk usage 192.168.211.158%
WARN slow query: 192.168.189.144ms
WARN retry attempt 192.168.60.30 for 19844
INFO request from 192.168.193.243
WARN retry attempt 192.168.197.186 for 62733
ERROR auth failure for user 192.168.219.168
FATAL out of memory
WARN memory threshold reached: 192.168.36.209MB
DEBUG heap size: 192.168.60.30
INFO processed 192.168.197.186 items
INFO connection established
FATAL unrecoverable disk error
ERROR null pointer in module 192.168.57.185
DEBUG cache hit for key=192.168.92.139
ERROR auth failure for user 192.168.121.141
DEBUG variable x=192.168.141.220
WARN disk usage 192.168.121.141%
DEBUG variable x=192.168.219.168
INFO request from 192.168.82.31
INFO connection established
DEBUG cache hit for key=192.168.189.144
WARN retry attempt 192.168.211.158 for 21238
INFO user 192.168.121.141 logged in
FATAL kernel panic
WARN disk usage 192.168.9.50%
ERROR null pointer in module 192.168.39.155
INFO user 192.168.178.215 logged in
WARN retry attempt 192.168.60.30 for 80891
ERROR auth failure for user 192.168.215.207
WARN retry attempt 192.168.121.141 for 43635
INFO processed 192.168.121.141 items
DEBUG variable x=192.168.219.168
WARN slow query: 192.168.142.104ms
FATAL unrecoverable disk error
WARN disk usage 192.168.39.155%
WARN retry attempt 192.168.178.215 for 97774
DEBUG heap size: 192.168.189.144
DEBUG cache hit for key=192.168.60.30
WARN memory threshold reached: 192.168.107.168MB
DEBUG variable x=192.168.60.30
DEBUG variable x=192.168.36.209
WARN slow query: 192.168.211.158ms
WARN memory threshold reached: 192.168.141.220MB
DEBUG entering function foo
DEBUG heap size: 192.168.215.207
DEBUG heap size: 192.168.193.243
ERROR auth failure for user 192.168.189.144
ERROR file not found: /tmp/192.168.9.50.log
WARN memory threshold reached: 192.168.9.50MB
INFO request from 192.168.178.215
FATAL out of memory
INFO user 192.168.193.243 logged in
FATAL out of memory
ERROR file not found: /tmp/192.168.211.158.log
FATAL out of memory
ERROR connection timeout 503
FATAL out of memory
ERROR null pointer in module 192.168.82.31
WARN memory threshold reached: 192.168.211.158MB
WARN retry attempt 192.168.57.185 for 39192
INFO processed 192.168.57.185 items
ERROR auth failure for user 192.168.193.243
WARN memory threshold reached: 192.168.121.141MB
WARN disk usage 192.168.178.6%
FATAL segfault at address 0x192.168.178.6
ERROR auth failure for user 192.168.229.48
WARN slow query: 192.168.82.31ms
WARN retry attempt 192.168.57.185 for 26774
DEBUG variable x=192.168.197.186
FATAL out of memory
WARN disk usage 192.168.178.6%
INFO request from 192.168.229.48
DEBUG heap size: 192.168.229.48
ERROR file not found: /tmp/192.168.92.139.log
WARN disk usage 192.168.142.104%
FATAL segfault at address 0x192.168.215.207
WARN memory threshold reached: 192.168.189.144MB
WARN disk usage 192.168.82.31%
ERROR null pointer in module 192.168.211.158
DEBUG heap size: 192.168.215.207
WARN slow query: 192.168.121.141ms
DEBUG variable x=192.168.178.215
ERROR auth failure for user 192.168.178.215
DEBUG variable x=192.168.178.6
ERROR null pointer in module 192.168.178.6
FATAL segfault at address 0x192.168.229.48
WARN retry attempt 192.168.178.6 for 44465
ERROR auth failure for user 192.168.193.243
DEBUG variable x=192.168.57.185
INFO user 192.168.92.139 logged in
WARN memory threshold reached: 192.168.189.144MB
WARN slow query: 192.168.60.30ms
INFO connection established
FATAL segfault at address 0x192.168.215.207
ERROR null pointer in module 192.168.121.141
WARN slow query: 192.168.60.30ms
DEBUG cache hit for key=192.168.141.220
WARN slow query: 192.168.193.243ms
WARN slow query: 192.168.82.31ms
WARN retry attempt 192.168.193.243 for 23821
WARN slow query: 192.168.219.168ms
DEBUG heap size: 192.168.82.31
FATAL segfault at address 0x192.168.142.104
WARN disk usage 192.168.121.141%
WARN slow query: 192.168.219.168ms
DEBUG entering function foo
ERROR null pointer in module 192.168.215.207
FATAL out of memory
DEBUG variable x=192.168.121.141
ERROR auth failure for user 192.168.60.30
DEBUG heap size: 192.168.229.48
ERROR auth failure for user 192.168.197.186
ERROR file not found: /tmp/192.168.57.185.log
INFO request from 192.168.107.168
DEBUG cache hit for key=192.168.197.186
ERROR connection timeout 503
DEBUG variable x=192.168.178.6
INFO processed 192.168.219.168 items
INFO connection established
DEBUG variable x=192.168.57.185
ERROR file not found: /tmp/192.168.141.220.log
FATAL out of memory
FATAL unrecoverable disk error
WARN memory threshold reached: 192.168.60.30MB
FATAL segfault at address 0x192.168.60.30
DEBUG entering function foo
DEBUG entering function foo
WARN memory threshold reached: 192.168.82.31MB
ERROR connection timeout 503
WARN memory threshold reached: 192.168.219.168MB
WARN slow query: 192.168.215.207ms
ERROR auth failure for user 192.168.178.215
INFO user 192.168.82.31 logged in
DEBUG variable x=192.168.82.31
FATAL segfault at address 0x192.168.189.144
FATAL unrecoverable disk error
ERROR auth failure for user 192.168.39.155
INFO connection established
WARN slow query: 192.168.92.139ms
WARN memory threshold reached: 192.168.229.48MB
ERROR file not found: /tmp/192.168.178.215.log
INFO request from 192.168.92.139
WARN retry attempt 192.168.82.31 for 90392
DEBUG heap size: 192.168.215.207
DEBUG entering function foo
DEBUG entering function foo
DEBUG variable x=192.168.60.30
FATAL segfault at address 0x192.168.39.155
FATAL kernel panic
FATAL unrecoverable disk error
WARN disk usage 192.168.82.31%
FATAL segfault at address 0x192.168.193.243
DEBUG heap size: 192.168.121.141
INFO request from 192.168.178.215
FATAL out of memory
FATAL out of memory
FATAL kernel panic
INFO connection established
ERROR null pointer in module 192.168.39.155
FATAL out of memory
INFO user 192.168.36.209 logged in
DEBUG entering function foo
FATAL out of memory
FATAL kernel panic
INFO user 192.168.92.139 logged in
WARN retry attempt 192.168.36.209 for 22471
FATAL segfault at address 0x192.168.121.141
ERROR null pointer in module 192.168.107.168
DEBUG cache hit for key=192.168.57.185
ERROR connection timeout 503
INFO processed 192.168.193.243 items
FATAL segfault at address 0x192.168.39.155
INFO connection established
DEBUG heap size: 192.168.141.220
INFO user 192.168.60.30 logged in
DEBUG entering function foo
ERROR null pointer in module 192.168.141.220
FATAL out of memory
WARN retry attempt 192.168.141.220 for 95930
INFO connection established
WARN retry attempt 192.168.211.158 for 87219
INFO processed 192.168.107.168 items
FATAL out of memory
INFO connection established
ERROR auth failure for user 192.168.39.155
INFO request from 192.168.82.31
WARN disk usage 192.168.60.30%
WARN retry attempt 192.168.107.168 for 38876
INFO user 192.168.141.220 logged in
DEBUG heap size: 192.168.9.50
INFO request from 192.168.9.50
DEBUG heap size: 192.168.178.6
INFO connection established
INFO user 192.168.39.155 logged in
ERROR null pointer in module 192.168.229.48
WARN slow query: 192.168.107.168ms
WARN retry attempt 192.168.219.168 for 16177
WARN memory threshold reached: 192.168.57.185MB
FATAL kernel panic
WARN memory threshold reached: 192.168.229.48MB
WARN slow query: 192.168.215.207ms
DEBUG heap size: 192.168.82.31
FATAL kernel panic
ERROR null pointer in module 192.168.178.215
INFO request from 192.168.92.139
INFO connection established
FATAL out of memory
WARN retry attempt 192.168.211.158 for 70414
FATAL unrecoverable disk error
ERROR null pointer in module 192.168.229.48
DEBUG heap size: 192.168.197.186
FATAL kernel panic
INFO connection established
ERROR file not found: /tmp/192.168.142.104.log
DEBUG entering function foo
DEBUG entering function foo
INFO processed 192.168.193.243 items
DEBUG cache hit for key=192.168.193.243
ERROR connection timeout 503
INFO connection established
WARN slow query: 192.168.189.144ms
INFO processed 192.168.82.31 items
DEBUG entering function foo
FATAL unrecoverable disk error
INFO processed 192.168.36.209 items
FATAL unrecoverable disk error
FATAL out of memory
WARN slow query: 192.168.215.207ms
INFO user 192.168.36.209 logged in
ERROR auth failure for user 192.168.57.185
ERROR auth failure for user 192.168.178.215
WARN retry attempt 192.168.142.104 for 46188
INFO processed 192.168.60.30 items
ERROR connection timeout 503
WARN memory threshold reached: 192.168.57.185MB
DEBUG variable x=192.168.121.141
WARN slow query: 192.168.219.168ms
WARN memory threshold reached: 192.168.92.139MB
INFO request from 192.168.229.48
ERROR file not found: /tmp/192.168.229.48.log
DEBUG cache hit for key=192.168.141.220
WARN memory threshold reached: 192.168.189.144MB
ERROR file not found: /tmp/192.168.107.168.log
WARN retry attempt 192.168.57.185 for 98740
WARN disk usage 192.168.57.185%
WARN retry attempt 192.168.219.168 for 84672
INFO request from 192.168.92.139
FATAL kernel panic
WARN memory threshold reached: 192.168.141.220MB
FATAL segfault at address 0x192.168.178.215
FATAL unrecoverable disk error
ERROR connection timeout 503
FATAL out of memory
INFO connection established
FATAL segfault at address 0x192.168.229.48
INFO processed 192.168.178.215 items
INFO user 192.168.219.168 logged in
FATAL segfault at address 0x192.168.60.30
INFO processed 192.168.60.30 items
FATAL kernel panic
FATAL segfault at address 0x192.168.219.168
ERROR null pointer in module 192.168.9.50
INFO user 192.168.121.141 logged in
DEBUG heap size: 192.168.142.104
INFO processed 192.168.9.50 items
FATAL segfault at address 0x192.168.36.209
DEBUG heap size: 192.168.107.168
DEBUG variable x=192.168.178.215
DEBUG variable x=192.168.92.139
DEBUG cache hit for key=192.168.82.31
ERROR file not found: /tmp/192.168.39.155.log
WARN memory threshold reached: 192.168.142.104MB
INFO processed 192.168.9.50 items
INFO processed 192.168.189.144 items
DEBUG entering function foo
INFO user 192.168.107.168 logged in
ERROR connection timeout 503
DEBUG cache hit for key=192.168.107.168
INFO connection established
DEBUG heap size: 192.168.60.30
ERROR connection timeout 503
FATAL kernel panic
FATAL unrecoverable disk error
WARN disk usage 192.168.57.185%
DEBUG variable x=192.168.219.168
ERROR auth failure for user 192.168.141.220
WARN memory threshold reached: 192.168.142.104MB
ERROR null pointer in module 192.168.57.185
FATAL kernel panic
ERROR auth failure for user 192.168.9.50
ERROR file not found: /tmp/192.168.142.104.log
ERROR file not found: /tmp/192.168.215.207.log
ERROR connection timeout 503
ERROR null pointer in module 192.168.197.186
DEBUG entering function foo
ERROR connection timeout 503
DEBUG cache hit for key=192.168.178.215
ERROR file not found: /tmp/192.168.9.50.log
INFO user 192.168.189.144 logged in
FATAL unrecoverable disk error
WARN retry attempt 192.168.189.144 for 74743
WARN disk usage 192.168.57.185%
INFO connection established
ERROR auth failure for user 192.168.189.144
FATAL out of memory
ERROR null pointer in module 192.168.229.48
ERROR auth failure for user 192.168.92.139
DEBUG variable x=192.168.60.30
INFO processed 192.168.229.48 items
DEBUG variable x=192.168.229.48
WARN retry attempt 192.168.215.207 for 45719
ERROR auth failure for user 192.168.193.243
WARN slow query: 192.168.215.207ms
INFO connection established
FATAL out of memory
INFO user 192.168.142.104 logged in
INFO request from 192.168.229.48
FATAL out of memory
FATAL kernel panic
WARN retry attempt 192.168.9.50 for 64318
ERROR null pointer in module 192.168.189.144
WARN slow query: 192.168.215.207ms
FATAL out of memory
ERROR auth failure for user 192.168.39.155
ERROR connection timeout 503
ERROR connection timeout 503
FATAL kernel panic
INFO connection established
DEBUG entering function foo
INFO processed 192.168.178.215 items
INFO request from 192.168.121.141
FATAL unrecoverable disk error
WARN memory threshold reached: 192.168.121.141MB
WARN retry attempt 192.168.121.141 for 6602
INFO request from 192.168.39.155
INFO connection established
INFO processed 192.168.142.104 items
FATAL kernel panic
FATAL segfault at address 0x192.168.178.6
ERROR null pointer in module 192.168.219.168
FATAL segfault at address 0x192.168.82.31
FATAL out of memory
WARN retry attempt 192.168.57.185 for 2535
DEBUG heap size: 192.168.82.31
ERROR auth failure for user 192.168.189.144
ERROR auth failure for user 192.168.60.30
DEBUG heap size: 192.168.141.220
INFO user 192.168.36.209 logged in
DEBUG variable x=192.168.197.186
INFO connection established
WARN slow query: 192.168.60.30ms
ERROR connection timeout 503
WARN retry attempt 192.168.9.50 for 30650
DEBUG entering function foo
DEBUG heap size: 192.168.178.6
FATAL unrecoverable disk error
ERROR auth failure for user 192.168.178.215
DEBUG cache hit for key=192.168.57.185
DEBUG cache hit for key=192.168.60.30
WARN retry attempt 192.168.193.243 for 36361
FATAL segfault at address 0x192.168.197.186
ERROR auth failure for user 192.168.142.104
FATAL segfault at address 0x192.168.229.48
WARN retry attempt 192.168.121.141 for 5004
INFO request from 192.168.57.185
ERROR file not found: /tmp/192.168.211.158.log
FATAL unrecoverable disk error
INFO connection established
ERROR file not found: /tmp/192.168.82.31.log
FATAL segfault at address 0x192.168.197.186
INFO connection established
WARN memory threshold reached: 192.168.9.50MB
INFO processed 192.168.107.168 items
FATAL unrecoverable disk error
WARN slow query: 192.168.60.30ms
ERROR auth failure for user 192.168.215.207
ERROR null pointer in module 192.168.107.168
DEBUG cache hit for key=192.168.229.48
WARN memory threshold reached: 192.168.229.48MB
ERROR connection timeout 503
INFO connection established
WARN slow query: 192.168.178.6ms
FATAL kernel panic
ERROR connection timeout 503
FATAL out of memory
FATAL unrecoverable disk error
WARN disk usage 192.168.178.6%
INFO processed 192.168.178.6 items
INFO request from 192.168.193.243
FATAL out of memory
ERROR connection timeout 503
FATAL out of memory
ERROR null pointer in module 192.168.39.155
WARN memory threshold reached: 192.168.229.48MB
DEBUG cache hit for key=192.168.193.243
WARN disk usage 192.168.178.215%
INFO request from 192.168.36.209
ERROR connection timeout 503
WARN slow query: 192.168.121.141ms
DEBUG entering function foo
INFO user 192.168.229.48 logged in
DEBUG cache hit for key=192.168.60.30
WARN memory threshold reached: 192.168.39.155MB
WARN disk usage 192.168.9.50%
WARN slow query: 192.168.57.185ms
FATAL unrecoverable disk error
FATAL out of memory
WARN disk usage 192.168.92.139%
INFO user 192.168.189.144 logged in
WARN memory threshold reached: 192.168.82.31MB
ERROR auth failure for user 192.168.9.50
FATAL out of memory
FATAL out of memory
ERROR null pointer in module 192.168.39.155
DEBUG cache hit for key=192.168.107.168
INFO connection established
ERROR null pointer in module 192.168.82.31
FATAL kernel panic
WARN disk usage 192.168.82.31%
INFO user 192.168.215.207 logged in
DEBUG variable x=192.168.36.209
INFO user 192.168.39.155 logged in
ERROR file not found: /tmp/192.168.82.31.log
ERROR null pointer in module 192.168.229.48
FATAL segfault at address 0x192.168.178.215
INFO connection established
DEBUG heap size: 192.168.39.155
FATAL kernel panic
INFO connection established
INFO request from 192.168.197.186
WARN slow query: 192.168.92.139ms
WARN memory threshold reached: 192.168.178.6MB
ERROR connection timeout 503
WARN disk usage 192.168.193.243%
FATAL unrecoverable disk error
INFO request from 192.168.178.6
DEBUG variable x=192.168.178.6
INFO connection established
ERROR connection timeout 503
ERROR auth failure for user 192.168.121.141
WARN retry attempt 192.168.107.168 for 80872
FATAL kernel panic
DEBUG entering function foo
ERROR connection timeout 503
DEBUG heap size: 192.168.82.31
WARN memory threshold reached: 192.168.141.220MB
FATAL unrecoverable disk error
INFO processed 192.168.211.158 items
ERROR auth failure for user 192.168.193.243
DEBUG cache hit for key=192.168.57.185
ERROR null pointer in module 192.168.178.6
INFO processed 192.168.121.141 items
WARN slow query: 192.168.142.104ms
FATAL segfault at address 0x192.168.57.185
WARN disk usage 192.168.82.31%
WARN slow query: 192.168.178.6ms
INFO request from 192.168.193.243
FATAL unrecoverable disk error
DEBUG cache hit for key=192.168.141.220
WARN disk usage 192.168.141.220%
DEBUG variable x=192.168.197.186
WARN slow query: 192.168.197.186ms
ERROR auth failure for user 192.168.82.31
WARN disk usage 192.168.178.6%
WARN disk usage 192.168.82.31%
DEBUG entering function foo
DEBUG entering function foo
DEBUG entering function foo
FATAL out of memory
FATAL kernel panic
FATAL unrecoverable disk error
FATAL out of memory
FATAL kernel panic
WARN slow query: 192.168.197.186ms
FATAL out of memory
INFO request from 192.168.197.186
FATAL unrecoverable disk error
ERROR null pointer in module 192.168.193.243
INFO processed 192.168.141.220 items
ERROR connection timeout 503
WARN retry attempt 192.168.36.209 for 28255
ERROR connection timeout 503
WARN slow query: 192.168.193.243ms
DEBUG cache hit for key=192.168.60.30
INFO request from 192.168.193.243
DEBUG heap size: 192.168.219.168
ERROR null pointer in module 192.168.197.186
DEBUG variable x=192.168.178.6
DEBUG entering function foo
ERROR file not found: /tmp/192.168.219.168.log
FATAL out of memory
ERROR file not found: /tmp/192.168.197.186.log
FATAL out of memory
FATAL kernel panic
INFO connection established
ERROR null pointer in module 192.168.107.168
WARN retry attempt 192.168.189.144 for 81329
WARN slow query: 192.168.107.168ms
DEBUG variable x=192.168.197.186
FATAL kernel panic
DEBUG entering function foo
DEBUG variable x=192.168.219.168
FATAL unrecoverable disk error
FATAL out of memory
DEBUG cache hit for key=192.168.189.144
INFO request from 192.168.121.141
DEBUG variable x=192.168.9.50
INFO connection established
ERROR file not found: /tmp/192.168.219.168.log
WARN disk usage 192.168.178.215%
FATAL segfault at address 0x192.168.92.139
ERROR connection timeout 503
INFO processed 192.168.9.50 items
ERROR file not found: /tmp/192.168.60.30.log
INFO processed 192.168.107.168 items
WARN disk usage 192.168.215.207%
FATAL out of memory
DEBUG entering function foo
FATAL out of memory
WARN retry attempt 192.168.9.50 for 74850
WARN slow query: 192.168.82.31ms
WARN disk usage 192.168.121.141%
INFO connection established
INFO request from 192.168.39.155
WARN slow query: 192.168.121.141ms
DEBUG variable x=192.168.57.185
ERROR file not found: /tmp/192.168.142.104.log
ERROR auth failure for user 192.168.82.31
ERROR connection timeout 503
WARN memory threshold reached: 192.168.82.31MB
DEBUG cache hit for key=192.168.82.31
DEBUG variable x=192.168.60.30
INFO request from 192.168.92.139
INFO request from 192.168.142.104
FATAL segfault at address 0x192.168.219.168
DEBUG variable x=192.168.141.220
FATAL unrecoverable disk error
ERROR connection timeout 503
DEBUG heap size: 192.168.215.207
WARN slow query: 192.168.197.186ms
FATAL segfault at address 0x192.168.82.31
FATAL segfault at address 0x192.168.215.207
ERROR auth failure for user 192.168.36.209
INFO request from 192.168.219.168
WARN slow query: 192.168.82.31ms
ERROR null pointer in module 192.168.189.144
ERROR file not found: /tmp/192.168.92.139.log
DEBUG variable x=192.168.36.209
FATAL unrecoverable disk error
WARN disk usage 192.168.189.144%
DEBUG heap size: 192.168.219.168
DEBUG cache hit for key=192.168.142.104
DEBUG entering function foo
INFO connection established
INFO processed 192.168.57.185 items
ERROR connection timeout 503
WARN memory threshold reached: 192.168.193.243MB
INFO request from 192.168.193.243
DEBUG entering function foo
ERROR null pointer in module 192.168.178.215
FATAL kernel panic
INFO connection established
INFO connection established
FATAL segfault at address 0x192.168.121.141
FATAL kernel panic
WARN slow query: 192.168.219.168ms
FATAL segfault at address 0x192.168.92.139
FATAL unrecoverable disk error
ERROR auth failure for user 192.168.211.158
WARN retry attempt 192.168.142.104 for 53131
DEBUG cache hit for key=192.168.178.215
ERROR auth failure for user 192.168.197.186
DEBUG cache hit for key=192.168.9.50
FATAL segfault at address 0x192.168.142.104
INFO request from 192.168.107.168
DEBUG cache hit for key=192.168.197.186
INFO connection established
INFO request from 192.168.197.186
ERROR auth failure for user 192.168.178.215
WARN slow query: 192.168.178.215ms
INFO request from 192.168.57.185
INFO user 192.168.219.168 logged in
INFO processed 192.168.92.139 items
DEBUG heap size: 192.168.219.168
FATAL segfault at address 0x192.168.178.215
INFO request from 192.168.189.144
INFO user 192.168.107.168 logged in
FATAL segfault at address 0x192.168.229.48
DEBUG cache hit for key=192.168.60.30
DEBUG variable x=192.168.39.155
ERROR auth failure for user 192.168.121.141
DEBUG heap size: 192.168.211.158
DEBUG entering function foo
ERROR null pointer in module 192.168.92.139
INFO request from 192.168.189.144
DEBUG variable x=192.168.9.50
ERROR connection timeout 503
FATAL segfault at address 0x192.168.211.158
FATAL unrecoverable disk error
WARN memory threshold reached: 192.168.215.207MB
FATAL unrecoverable disk error
WARN slow query: 192.168.193.243ms
INFO processed 192.168.211.158 items
ERROR connection timeout 503
WARN retry attempt 192.168.107.168 for 70943
INFO request from 192.168.142.104
INFO user 192.168.229.48 logged in
DEBUG cache hit for key=192.168.178.6
FATAL kernel panic
WARN slow query: 192.168.197.186ms
FATAL out of memory
DEBUG cache hit for key=192.168.92.139
DEBUG entering function foo
ERROR file not found: /tmp/192.168.215.207.log
WARN retry attempt 192.168.215.207 for 61866
ERROR auth failure for user 192.168.189.144
DEBUG cache hit for key=192.168.178.215
WARN memory threshold reached: 192.168.36.209MB
WARN slow query: 192.168.57.185ms
WARN disk usage 192.168.178.215%
ERROR file not found: /tmp/192.168.60.30.log
WARN slow query: 192.168.82.31ms
DEBUG entering function foo
INFO processed 192.168.39.155 items
ERROR connection timeout 503
FATAL segfault at address 0x192.168.39.155
DEBUG cache hit for key=192.168.189.144
DEBUG variable x=192.168.36.209
WARN disk usage 192.168.92.139%
INFO processed 192.168.39.155 items
INFO processed 192.168.82.31 items
WARN disk usage 192.168.92.139%
FATAL out of memory
INFO user 192.168.60.30 logged in
ERROR null pointer in module 192.168.178.215
WARN disk usage 192.168.215.207%
WARN retry attempt 192.168.36.209 for 46810
DEBUG variable x=192.168.142.104
ERROR auth failure for user 192.168.178.215
DEBUG entering function foo
ERROR file not found: /tmp/192.168.60.30.log
WARN slow query: 192.168.92.139ms
FATAL out of memory
DEBUG entering function foo
ERROR auth failure for user 192.168.141.220
INFO user 192.168.211.158 logged in
INFO processed 192.168.178.215 items
DEBUG entering function foo
WARN disk usage 192.168.178.215%
WARN memory threshold reached: 192.168.229.48MB
DEBUG heap size: 192.168.193.243
WARN memory threshold reached: 192.168.82.31MB
INFO user 192.168.178.215 logged in
INFO connection established
WARN slow query: 192.168.39.155ms
ERROR file not found: /tmp/192.168.142.104.log
WARN memory threshold reached: 192.168.39.155MB
ERROR connection timeout 503
DEBUG cache hit for key=192.168.178.215
INFO processed 192.168.211.158 items
FATAL kernel panic
WARN disk usage 192.168.215.207%
ERROR null pointer in module 192.168.92.139
ERROR auth failure for user 192.168.193.243
INFO request from 192.168.178.215
WARN retry attempt 192.168.215.207 for 84016
ERROR auth failure for user 192.168.211.158
FATAL kernel panic
WARN disk usage 192.168.219.168%
FATAL segfault at address 0x192.168.39.155
INFO connection established
DEBUG entering function foo
FATAL out of memory
ERROR auth failure for user 192.168.211.158
WARN slow query: 192.168.215.207ms
ERROR file not found: /tmp/192.168.121.141.log
DEBUG variable x=192.168.189.144
WARN memory threshold reached: 192.168.189.144MB
INFO request from 192.168.229.48
ERROR connection timeout 503
DEBUG heap size: 192.168.229.48
WARN retry attempt 192.168.211.158 for 19536
ERROR file not found: /tmp/192.168.215.207.log
FATAL kernel panic
FATAL segfault at address 0x192.168.219.168
ERROR connection timeout 503
WARN disk usage 192.168.57.185%
ERROR null pointer in module 192.168.142.104
INFO request from 192.168.193.243
INFO processed 192.168.178.6 items
INFO connection established
WARN disk usage 192.168.60.30%
DEBUG entering function foo
INFO processed 192.168.9.50 items
DEBUG heap size: 192.168.142.104
WARN retry attempt 192.168.82.31 for 28716
INFO user 192.168.141.220 logged in
DEBUG heap size: 192.168.121.141
INFO user 192.168.215.207 logged in
WARN memory threshold reached: 192.168.211.158MB
WARN disk usage 192.168.211.158%
ERROR file not found: /tmp/192.168.178.6.log
DEBUG variable x=192.168.9.50
DEBUG entering function foo
ERROR file not found: /tmp/192.168.211.158.log
WARN retry attempt 192.168.178.6 for 71300
DEBUG heap size: 192.168.121.141
ERROR auth failure for user 192.168.36.209
WARN memory threshold reached: 192.168.141.220MB
DEBUG cache hit for key=192.168.229.48
DEBUG cache hit for key=192.168.60.30
ERROR connection timeout 503
FATAL out of memory
INFO request from 192.168.39.155
WARN disk usage 192.168.60.30%
WARN slow query: 192.168.193.243ms
ERROR auth failure for user 192.168.219.168
WARN slow query: 192.168.57.185ms
WARN memory threshold reached: 192.168.178.215MB
FATAL unrecoverable disk error
FATAL unrecoverable disk error
ERROR connection timeout 503
WARN slow query: 192.168.36.209ms
ERROR file not found: /tmp/192.168.82.31.log
INFO user 192.168.178.215 logged in
INFO connection established
DEBUG cache hit for key=192.168.178.215
FATAL segfault at address 0x192.168.178.215
INFO processed 192.168.92.139 items
WARN disk usage 192.168.178.215%
ERROR connection timeout 503
ERROR auth failure for user 192.168.142.104
INFO processed 192.168.189.144 items
DEBUG heap size: 192.168.82.31
DEBUG cache hit for key=192.168.229.48
WARN disk usage 192.168.219.168%
DEBUG variable x=192.168.178.215
DEBUG entering function foo
INFO user 192.168.60.30 logged in
INFO user 192.168.229.48 logged in
WARN slow query: 192.168.211.158ms
ERROR auth failure for user 192.168.121.141
DEBUG heap size: 192.168.178.215
FATAL out of memory
INFO user 192.168.92.139 logged in
ERROR auth failure for user 192.168.193.243
DEBUG entering function foo
WARN retry attempt 192.168.193.243 for 67710
DEBUG cache hit for key=192.168.39.155
DEBUG heap size: 192.168.178.6
DEBUG cache hit for key=192.168.197.186
DEBUG variable x=192.168.215.207
FATAL unrecoverable disk error
WARN retry attempt 192.168.219.168 for 64197
ERROR file not found: /tmp/192.168.9.50.log
WARN memory threshold reached: 192.168.60.30MB
WARN disk usage 192.168.82.31%
FATAL unrecoverable disk error
DEBUG heap size: 192.168.107.168
ERROR null pointer in module 192.168.57.185
WARN retry attempt 192.168.82.31 for 42912
FATAL unrecoverable disk error
WARN disk usage 192.168.92.139%
FATAL unrecoverable disk error
DEBUG variable x=192.168.121.141
ERROR file not found: /tmp/192.168.36.209.log
WARN retry attempt 192.168.189.144 for 93156
ERROR connection timeout 503
FATAL unrecoverable disk error
DEBUG heap size: 192.168.229.48
DEBUG entering function foo
INFO connection established
INFO user 192.168.142.104 logged in
WARN memory threshold reached: 192.168.211.158MB
INFO user 192.168.215.207 logged in
WARN disk usage 192.168.57.185%
FATAL segfault at address 0x192.168.211.158
WARN slow query: 192.168.57.185ms
INFO request from 192.168.9.50
DEBUG variable x=192.168.197.186
DEBUG heap size: 192.168.211.158
FATAL segfault at address 0x192.168.107.168
FATAL segfault at address 0x192.168.178.6
DEBUG entering function foo
ERROR file not found: /tmp/192.168.189.144.log
DEBUG heap size: 192.168.142.104
WARN retry attempt 192.168.178.215 for 947
INFO request from 192.168.142.104
WARN memory threshold reached: 192.168.197.186MB
DEBUG entering function foo
WARN slow query: 192.168.178.215ms
WARN retry attempt 192.168.219.168 for 88475
ERROR null pointer in module 192.168.211.158
FATAL out of memory
FATAL out of memory
WARN slow query: 192.168.178.215ms
FATAL unrecoverable disk error
INFO user 192.168.197.186 logged in
WARN memory threshold reached: 192.168.189.144MB
FATAL kernel panic
FATAL kernel panic
FATAL out of memory
DEBUG heap size: 192.168.39.155
INFO connection established
INFO processed 192.168.219.168 items
FATAL kernel panic
WARN memory threshold reached: 192.168.57.185MB
WARN disk usage 192.168.229.48%
FATAL segfault at address 0x192.168.197.186
ERROR file not found: /tmp/192.168.9.50.log
WARN disk usage 192.168.57.185%
WARN memory threshold reached: 192.168.178.215MB
FATAL kernel panic
FATAL out of memory
ERROR connection timeout 503
ERROR auth failure for user 192.168.178.215
WARN memory threshold reached: 192.168.82.31MB
FATAL out of memory
FATAL out of memory
FATAL kernel panic
DEBUG heap size: 192.168.57.185
FATAL unrecoverable disk error
FATAL unrecoverable disk error
WARN slow query: 192.168.39.155ms
ERROR file not found: /tmp/192.168.229.48.log
WARN retry attempt 192.168.178.215 for 74366
DEBUG heap size: 192.168.121.141
WARN retry attempt 192.168.215.207 for 23112
ERROR auth failure for user 192.168.189.144
DEBUG variable x=192.168.189.144
WARN slow query: 192.168.60.30ms
FATAL unrecoverable disk error
WARN disk usage 192.168.189.144%
DEBUG variable x=192.168.142.104
WARN disk usage 192.168.219.168%
ERROR auth failure for user 192.168.107.168
ERROR file not found: /tmp/192.168.193.243.log
ERROR file not found: /tmp/192.168.142.104.log
INFO user 192.168.178.6 logged in
ERROR file not found: /tmp/192.168.178.215.log
FATAL kernel panic
FATAL segfault at address 0x192.168.178.215
FATAL out of memory
DEBUG variable x=192.168.229.48
DEBUG entering function foo
INFO processed 192.168.39.155 items
INFO processed 192.168.107.168 items
INFO connection established
DEBUG cache hit for key=192.168.60.30
INFO connection established
FATAL segfault at address 0x192.168.92.139
ERROR null pointer in module 192.168.197.186
INFO processed 192.168.142.104 items
INFO processed 192.168.60.30 items
INFO user 192.168.60.30 logged in
FATAL unrecoverable disk error
ERROR null pointer in module 192.168.57.185
ERROR auth failure for user 192.168.193.243
ERROR null pointer in module 192.168.141.220
DEBUG heap size: 192.168.178.215
ERROR auth failure for user 192.168.193.243
DEBUG variable x=192.168.57.185
INFO user 192.168.60.30 logged in
FATAL out of memory
ERROR file not found: /tmp/192.168.189.144.log
INFO request from 192.168.107.168
INFO connection established
WARN disk usage 192.168.121.141%
FATAL segfault at address 0x192.168.193.243
FATAL segfault at address 0x192.168.57.185
INFO connection established
INFO user 192.168.229.48 logged in
ERROR file not found: /tmp/192.168.121.141.log
DEBUG cache hit for key=192.168.60.30
DEBUG heap size: 192.168.141.220
ERROR file not found: /tmp/192.168.189.144.log
INFO connection established
DEBUG variable x=192.168.92.139
DEBUG heap size: 192.168.39.155
FATAL kernel panic
ERROR auth failure for user 192.168.229.48
FATAL out of memory
DEBUG variable x=192.168.121.141
FATAL segfault at address 0x192.168.178.215
ERROR null pointer in module 192.168.82.31
FATAL kernel panic
WARN memory threshold reached: 192.168.121.141MB
FATAL out of memory
FATAL unrecoverable disk error
DEBUG variable x=192.168.229.48
FATAL out of memory
INFO user 192.168.178.215 logged in
DEBUG variable x=192.168.189.144
DEBUG variable x=192.168.229.48
ERROR null pointer in module 192.168.92.139
INFO user 192.168.107.168 logged in
ERROR connection timeout 503
FATAL unrecoverable disk error
INFO processed 192.168.189.144 items
DEBUG entering function foo
WARN retry attempt 192.168.215.207 for 10213
INFO user 192.168.107.168 logged in
ERROR auth failure for user 192.168.193.243
FATAL unrecoverable disk error
DEBUG variable x=192.168.92.139
ERROR connection timeout 503
DEBUG heap size: 192.168.36.209
INFO processed 192.168.39.155 items
ERROR connection timeout 503
ERROR connection timeout 503
ERROR file not found: /tmp/192.168.39.155.log
INFO user 192.168.92.139 logged in
FATAL segfault at address 0x192.168.142.104
ERROR auth failure for user 192.168.92.139
DEBUG variable x=192.168.215.207
ERROR auth failure for user 192.168.197.186
FATAL kernel panic
WARN slow query: 192.168.92.139ms
ERROR connection timeout 503
WARN disk usage 192.168.142.104%
INFO processed 192.168.229.48 items
FATAL unrecoverable disk error
INFO user 192.168.92.139 logged in
WARN disk usage 192.168.229.48%
WARN slow query: 192.168.9.50ms
FATAL kernel panic
WARN retry attempt 192.168.141.220 for 64440
DEBUG entering function foo
WARN memory threshold reached: 192.168.178.215MB
ERROR auth failure for user 192.168.9.50
DEBUG variable x=192.168.60.30
FATAL out of memory
ERROR file not found: /tmp/192.168.121.141.log
ERROR null pointer in module 192.168.193.243
ERROR file not found: /tmp/192.168.178.6.log
DEBUG heap size: 192.168.107.168
INFO connection established
DEBUG entering function foo
FATAL out of memory
INFO request from 192.168.57.185
WARN memory threshold reached: 192.168.141.220MB
FATAL out of memory
WARN disk usage 192.168.121.141%
WARN retry attempt 192.168.142.104 for 15847
INFO user 192.168.178.215 logged in
FATAL kernel panic
ERROR file not found: /tmp/192.168.57.185.log
ERROR null pointer in module 192.168.36.209
ERROR connection timeout 503
INFO processed 192.168.141.220 items
ERROR null pointer in module 192.168.229.48
WARN retry attempt 192.168.141.220 for 58736
FATAL out of memory
DEBUG variable x=192.168.193.243
INFO connection established
WARN memory threshold reached: 192.168.121.141MB
FATAL kernel panic
DEBUG entering function foo
WARN slow query: 192.168.107.168ms
DEBUG entering function foo
ERROR null pointer in module 192.168.92.139
FATAL out of memory
WARN disk usage 192.168.141.220%
ERROR null pointer in module 192.168.9.50
FATAL out of memory
INFO user 192.168.211.158 logged in
WARN disk usage 192.168.193.243%
ERROR auth failure for user 192.168.60.30
INFO user 192.168.57.185 logged in
FATAL unrecoverable disk error
DEBUG variable x=192.168.193.243
ERROR null pointer in module 192.168.211.158
INFO request from 192.168.142.104
WARN retry attempt 192.168.142.104 for 33131
ERROR connection timeout 503
ERROR file not found: /tmp/192.168.141.220.log
ERROR file not found: /tmp/192.168.141.220.log
DEBUG cache hit for key=192.168.92.139
FATAL out of memory
ERROR file not found: /tmp/192.168.211.158.log
WARN disk usage 192.168.57.185%
FATAL out of memory
ERROR connection timeout 503
ERROR file not found: /tmp/192.168.178.6.log
ERROR connection timeout 503
DEBUG heap size: 192.168.39.155
ERROR connection timeout 503
DEBUG heap size: 192.168.92.139
DEBUG entering function foo
INFO processed 192.168.211.158 items
FATAL kernel panic
INFO request from 192.168.178.215
WARN memory threshold reached: 192.168.189.144MB
INFO request from 192.168.57.185
INFO user 192.168.107.168 logged in
INFO request from 192.168.211.158
DEBUG entering function foo
DEBUG cache hit for key=192.168.141.220
FATAL out of memory
ERROR connection timeout 503
WARN retry attempt 192.168.39.155 for 53922
WARN memory threshold reached: 192.168.193.243MB
WARN retry attempt 192.168.178.215 for 56817
INFO processed 192.168.57.185 items
INFO connection established
INFO processed 192.168.178.6 items
ERROR file not found: /tmp/192.168.57.185.log
INFO user 192.168.193.243 logged in
INFO connection established
DEBUG heap size: 192.168.219.168
ERROR file not found: /tmp/192.168.36.209.log
INFO connection established
WARN memory threshold reached: 192.168.60.30MB
ERROR connection timeout 503
INFO connection established
DEBUG heap size: 192.168.215.207
FATAL kernel panic
FATAL out of memory
INFO connection established
FATAL out of memory
FATAL unrecoverable disk error
ERROR file not found: /tmp/192.168.193.243.log
INFO user 192.168.193.243 logged in
ERROR auth failure for user 192.168.141.220
FATAL unrecoverable disk error
WARN disk usage 192.168.36.209%
DEBUG heap size: 192.168.82.31
INFO processed 192.168.189.144 items
DEBUG cache hit for key=192.168.36.209
WARN retry attempt 192.168.57.185 for 49281
DEBUG cache hit for key=192.168.189.144
WARN retry attempt 192.168.193.243 for 92042
DEBUG cache hit for key=192.168.36.209
WARN disk usage 192.168.178.6%
WARN disk usage 192.168.229.48%
FATAL unrecoverable disk error
DEBUG heap size: 192.168.189.144
ERROR null pointer in module 192.168.219.168
INFO request from 192.168.219.168
INFO user 192.168.107.168 logged in
FATAL out of memory
FATAL segfault at address 0x192.168.211.158
WARN memory threshold reached: 192.168.107.168MB
DEBUG cache hit for key=192.168.9.50
ERROR file not found: /tmp/192.168.36.209.log
DEBUG cache hit for key=192.168.121.141
ERROR file not found: /tmp/192.168.189.144.log
INFO user 192.168.193.243 logged in
DEBUG variable x=192.168.39.155
DEBUG heap size: 192.168.189.144
WARN memory threshold reached: 192.168.60.30MB
FATAL out of memory
DEBUG variable x=192.168.215.207
WARN slow query: 192.168.36.209ms
FATAL out of memory
WARN retry attempt 192.168.189.144 for 68868
ERROR connection timeout 503
FATAL out of memory
INFO processed 192.168.211.158 items
FATAL out of memory
ERROR null pointer in module 192.168.189.144
WARN slow query: 192.168.189.144ms
DEBUG heap size: 192.168.197.186
ERROR file not found: /tmp/192.168.229.48.log
ERROR connection timeout 503
ERROR connection timeout 503
FATAL kernel panic
ERROR connection timeout 503
FATAL out of memory
ERROR file not found: /tmp/192.168.57.185.log
DEBUG heap size: 192.168.121.141
FATAL out of memory
ERROR auth failure for user 192.168.141.220
ERROR connection timeout 503
WARN disk usage 192.168.36.209%
ERROR connection timeout 503
INFO request from 192.168.39.155
ERROR null pointer in module 192.168.57.185
INFO request from 192.168.39.155
ERROR null pointer in module 192.168.142.104
INFO request from 192.168.215.207
INFO connection established
ERROR connection timeout 503
WARN retry attempt 192.168.92.139 for 94626
DEBUG cache hit for key=192.168.178.6
INFO processed 192.168.142.104 items
DEBUG cache hit for key=192.168.57.185
INFO connection established
FATAL out of memory
DEBUG cache hit for key=192.168.197.186
FATAL out of memory
WARN retry attempt 192.168.189.144 for 33331
DEBUG heap size: 192.168.197.186
INFO processed 192.168.229.48 items
WARN slow query: 192.168.211.158ms
INFO request from 192.168.39.155
DEBUG cache hit for key=192.168.92.139
DEBUG variable x=192.168.178.215
DEBUG variable x=192.168.193.243
ERROR null pointer in module 192.168.107.168
FATAL out of memory
FATAL out of memory
DEBUG variable x=192.168.92.139
INFO user 192.168.141.220 logged in
ERROR file not found: /tmp/192.168.92.139.log
FATAL out of memory
DEBUG entering function foo
DEBUG cache hit for key=192.168.57.185
ERROR null pointer in module 192.168.36.209
ERROR auth failure for user 192.168.189.144
WARN slow query: 192.168.219.168ms
FATAL segfault at address 0x192.168.39.155
FATAL out of memory
INFO request from 192.168.36.209
FATAL unrecoverable disk error
ERROR file not found: /tmp/192.168.57.185.log
FATAL out of memory
ERROR auth failure for user 192.168.229.48
INFO user 192.168.9.50 logged in
WARN memory threshold reached: 192.168.197.186MB
FATAL kernel panic
ERROR auth failure for user 192.168.121.141
DEBUG variable x=192.168.189.144
FATAL unrecoverable disk error
DEBUG entering function foo
FATAL segfault at address 0x192.168.60.30
INFO request from 192.168.142.104
ERROR connection timeout 503
FATAL kernel panic
ERROR auth failure for user 192.168.57.185
DEBUG variable x=192.168.178.215
FATAL kernel panic
WARN disk usage 192.168.215.207%
WARN slow query: 192.168.9.50ms
INFO connection established
ERROR connection timeout 503
DEBUG entering function foo
DEBUG cache hit for key=192.168.60.30
FATAL segfault at address 0x192.168.92.139
INFO processed 192.168.9.50 items
ERROR null pointer in module 192.168.121.141
DEBUG heap size: 192.168.189.144
INFO connection established
DEBUG heap size: 192.168.178.215
ERROR auth failure for user 192.168.82.31
FATAL out of memory
ERROR null pointer in module 192.168.219.168
DEBUG variable x=192.168.9.50
ERROR auth failure for user 192.168.219.168
ERROR file not found: /tmp/192.168.57.185.log
FATAL unrecoverable disk error
INFO connection established
WARN retry attempt 192.168.229.48 for 22375
FATAL kernel panic
FATAL segfault at address 0x192.168.82.31
WARN slow query: 192.168.229.48ms
INFO user 192.168.178.215 logged in
DEBUG heap size: 192.168.215.207
ERROR connection timeout 503
FATAL kernel panic
WARN memory threshold reached: 192.168.92.139MB
WARN retry attempt 192.168.229.48 for 35571
ERROR auth failure for user 192.168.82.31
FATAL out of memory
INFO processed 192.168.82.31 items
FATAL kernel panic
ERROR file not found: /tmp/192.168.211.158.log
INFO user 192.168.9.50 logged in
FATAL kernel panic
INFO request from 192.168.215.207
ERROR auth failure for user 192.168.193.243
DEBUG variable x=192.168.39.155
INFO request from 192.168.178.215
WARN retry attempt 192.168.197.186 for 4014
ERROR file not found: /tmp/192.168.142.104.log
WARN slow query: 192.168.141.220ms
WARN slow query: 192.168.92.139ms
ERROR file not found: /tmp/192.168.36.209.log
WARN retry attempt 192.168.60.30 for 63572
INFO processed 192.168.36.209 items
WARN retry attempt 192.168.178.215 for 68319
WARN memory threshold reached: 192.168.39.155MB
FATAL out of memory
INFO user 192.168.36.209 logged in
ERROR null pointer in module 192.168.121.141
WARN memory threshold reached: 192.168.9.50MB
DEBUG heap size: 192.168.219.168
WARN disk usage 192.168.92.139%
ERROR null pointer in module 192.168.178.215
ERROR null pointer in module 192.168.107.168
FATAL unrecoverable disk error
FATAL segfault at address 0x192.168.36.209
DEBUG variable x=192.168.197.186
WARN slow query: 192.168.178.6ms
FATAL kernel panic
INFO connection established
DEBUG entering function foo
FATAL out of memory
INFO user 192.168.193.243 logged in
ERROR auth failure for user 192.168.229.48
INFO user 192.168.107.168 logged in
INFO user 192.168.189.144 logged in
INFO connection established
INFO request from 192.168.197.186
FATAL out of memory
DEBUG heap size: 192.168.36.209
WARN memory threshold reached: 192.168.92.139MB
FATAL segfault at address 0x192.168.211.158
ERROR file not found: /tmp/192.168.107.168.log
DEBUG entering function foo
FATAL segfault at address 0x192.168.142.104
DEBUG heap size: 192.168.57.185
ERROR auth failure for user 192.168.142.104
INFO connection established
WARN memory threshold reached: 192.168.82.31MB
FATAL out of memory
ERROR file not found: /tmp/192.168.107.168.log
ERROR connection timeout 503
WARN retry attempt 192.168.82.31 for 35076
FATAL unrecoverable disk error
DEBUG variable x=192.168.193.243
INFO processed 192.168.211.158 items
FATAL out of memory
FATAL segfault at address 0x192.168.60.30
FATAL kernel panic
WARN slow query: 192.168.60.30ms
ERROR connection timeout 503
FATAL segfault at address 0x192.168.9.50
ERROR file not found: /tmp/192.168.193.243.log
INFO request from 192.168.9.50
INFO request from 192.168.189.144
ERROR auth failure for user 192.168.178.215
ERROR file not found: /tmp/192.168.9.50.log
DEBUG variable x=192.168.57.185
DEBUG cache hit for key=192.168.92.139
WARN slow query: 192.168.142.104ms
DEBUG variable x=192.168.121.141
WARN memory threshold reached: 192.168.141.220MB
DEBUG cache hit for key=192.168.197.186
INFO processed 192.168.57.185 items
FATAL segfault at address 0x192.168.219.168
WARN memory threshold reached: 192.168.36.209MB
WARN slow query: 192.168.82.31ms
INFO user 192.168.189.144 logged in
FATAL segfault at address 0x192.168.36.209
DEBUG entering function foo
WARN memory threshold reached: 192.168.82.31MB
FATAL unrecoverable disk error
INFO processed 192.168.215.207 items
DEBUG heap size: 192.168.82.31
FATAL unrecoverable disk error
FATAL kernel panic
INFO user 192.168.219.168 logged in
DEBUG heap size: 192.168.142.104
DEBUG cache hit for key=192.168.193.243
FATAL segfault at address 0x192.168.189.144
FATAL unrecoverable disk error
WARN retry attempt 192.168.36.209 for 44450
INFO request from 192.168.141.220
DEBUG cache hit for key=192.168.178.6
FATAL kernel panic
DEBUG variable x=192.168.82.31
WARN disk usage 192.168.107.168%
WARN retry attempt 192.168.57.185 for 30409
WARN disk usage 192.168.82.31%
WARN memory threshold reached: 192.168.211.158MB
DEBUG cache hit for key=192.168.229.48
INFO user 192.168.36.209 logged in
INFO request from 192.168.57.185
DEBUG entering function foo
DEBUG cache hit for key=192.168.107.168
INFO request from 192.168.215.207
ERROR connection timeout 503
ERROR null pointer in module 192.168.9.50
WARN disk usage 192.168.36.209%
ERROR auth failure for user 192.168.189.144
WARN disk usage 192.168.197.186%
WARN memory threshold reached: 192.168.229.48MB
FATAL segfault at address 0x192.168.57.185
INFO connection established
DEBUG heap size: 192.168.193.243
ERROR connection timeout 503
INFO request from 192.168.178.215
INFO user 192.168.82.31 logged in
WARN slow query: 192.168.39.155ms
DEBUG cache hit for key=192.168.82.31
INFO request from 192.168.141.220
DEBUG entering function foo
INFO request from 192.168.82.31
INFO connection established
DEBUG entering function foo
DEBUG entering function foo
INFO connection established
DEBUG entering function foo
FATAL out of memory
DEBUG heap size: 192.168.57.185
DEBUG cache hit for key=192.168.197.186
ERROR null pointer in module 192.168.60.30
ERROR null pointer in module 192.168.142.104
INFO user 192.168.82.31 logged in
INFO user 192.168.215.207 logged in
INFO request from 192.168.141.220
ERROR null pointer in module 192.168.219.168
FATAL kernel panic
WARN retry attempt 192.168.229.48 for 92210
FATAL segfault at address 0x192.168.82.31
ERROR auth failure for user 192.168.178.6
DEBUG variable x=192.168.189.144
ERROR file not found: /tmp/192.168.178.215.log
INFO request from 192.168.121.141
INFO connection established
INFO request from 192.168.178.6
INFO connection established
ERROR null pointer in module 192.168.142.104
INFO user 192.168.9.50 logged in
ERROR file not found: /tmp/192.168.82.31.log
FATAL kernel panic
FATAL out of memory
INFO request from 192.168.92.139
FATAL out of memory
DEBUG heap size: 192.168.178.215
INFO user 192.168.60.30 logged in
DEBUG variable x=192.168.178.215
DEBUG heap size: 192.168.142.104
INFO user 192.168.39.155 logged in
ERROR auth failure for user 192.168.92.139
WARN retry attempt 192.168.82.31 for 61235
INFO user 192.168.189.144 logged in
FATAL out of memory
ERROR auth failure for user 192.168.193.243
DEBUG heap size: 192.168.193.243
INFO processed 192.168.57.185 items
DEBUG variable x=192.168.121.141
INFO processed 192.168.215.207 items
ERROR file not found: /tmp/192.168.219.168.log
FATAL kernel panic
DEBUG heap size: 192.168.107.168
FATAL out of memory
WARN slow query: 192.168.107.168ms
WARN memory threshold reached: 192.168.39.155MB
ERROR null pointer in module 192.168.57.185
FATAL out of memory
DEBUG heap size: 192.168.178.6
INFO request from 192.168.39.155
WARN disk usage 192.168.197.186%
WARN memory threshold reached: 192.168.107.168MB
FATAL kernel panic
INFO user 192.168.82.31 logged in
INFO processed 192.168.141.220 items
ERROR null pointer in module 192.168.36.209
FATAL kernel panic
FATAL segfault at address 0x192.168.197.186
DEBUG entering function foo
WARN memory threshold reached: 192.168.197.186MB
FATAL kernel panic
ERROR connection timeout 503
ERROR null pointer in module 192.168.142.104
DEBUG entering function foo
ERROR null pointer in module 192.168.142.104
WARN disk usage 192.168.189.144%
FATAL kernel panic
DEBUG variable x=192.168.107.168
WARN slow query: 192.168.178.6ms
DEBUG variable x=192.168.9.50
DEBUG entering function foo
ERROR file not found: /tmp/192.168.193.243.log
WARN slow query: 192.168.92.139ms
FATAL kernel panic
ERROR null pointer in module 192.168.141.220
WARN memory threshold reached: 192.168.193.243MB
ERROR null pointer in module 192.168.178.6
FATAL out of memory
FATAL out of memory
WARN slow query: 192.168.82.31ms
ERROR null pointer in module 192.168.141.220
INFO connection established
ERROR auth failure for user 192.168.60.30
WARN retry attempt 192.168.107.168 for 30486
INFO connection established
ERROR auth failure for user 192.168.141.220
FATAL unrecoverable disk error
FATAL unrecoverable disk error
WARN slow query: 192.168.141.220ms
INFO processed 192.168.215.207 items
WARN retry attempt 192.168.107.168 for 73815
WARN slow query: 192.168.9.50ms
ERROR auth failure for user 192.168.57.185
WARN memory threshold reached: 192.168.219.168MB
DEBUG variable x=192.168.9.50
ERROR file not found: /tmp/192.168.141.220.log
INFO connection established
WARN memory threshold reached: 192.168.141.220MB
INFO processed 192.168.60.30 items
ERROR null pointer in module 192.168.178.6
ERROR null pointer in module 192.168.9.50
ERROR file not found: /tmp/192.168.82.31.log
WARN disk usage 192.168.229.48%
WARN disk usage 192.168.193.243%
ERROR auth failure for user 192.168.141.220
DEBUG cache hit for key=192.168.107.168
INFO user 192.168.60.30 logged in
INFO connection established
ERROR connection timeout 503
ERROR auth failure for user 192.168.178.215
DEBUG heap size: 192.168.229.48
INFO processed 192.168.197.186 items
ERROR file not found: /tmp/192.168.36.209.log
ERROR file not found: /tmp/192.168.219.168.log
ERROR auth failure for user 192.168.142.104
DEBUG cache hit for key=192.168.141.220
WARN memory threshold reached: 192.168.178.215MB
WARN disk usage 192.168.82.31%
FATAL unrecoverable disk error
ERROR file not found: /tmp/192.168.189.144.log
INFO user 192.168.142.104 logged in
WARN memory threshold reached: 192.168.193.243MB
FATAL out of memory
WARN retry attempt 192.168.92.139 for 60501
DEBUG entering function foo
WARN slow query: 192.168.92.139ms
INFO request from 192.168.215.207
ERROR null pointer in module 192.168.57.185
WARN disk usage 192.168.197.186%
INFO user 192.168.121.141 logged in
ERROR null pointer in module 192.168.193.243
ERROR auth failure for user 192.168.57.185
INFO processed 192.168.215.207 items
DEBUG heap size: 192.168.178.215
DEBUG variable x=192.168.215.207
INFO connection established
ERROR connection timeout 503
WARN memory threshold reached: 192.168.178.6MB
DEBUG variable x=192.168.82.31
FATAL segfault at address 0x192.168.178.215
DEBUG variable x=192.168.178.215
WARN slow query: 192.168.107.168ms
WARN disk usage 192.168.215.207%
ERROR connection timeout 503
ERROR file not found: /tmp/192.168.178.6.log
FATAL unrecoverable disk error
WARN memory threshold reached: 192.168.178.215MB
INFO user 192.168.229.48 logged in
DEBUG entering function foo
DEBUG entering function foo
FATAL out of memory
INFO request from 192.168.219.168
WARN memory threshold reached: 192.168.82.31MB
DEBUG cache hit for key=192.168.9.50
WARN disk usage 192.168.197.186%
ERROR file not found: /tmp/192.168.193.243.log
FATAL out of memory
ERROR auth failure for user 192.168.121.141
DEBUG heap size: 192.168.142.104
DEBUG cache hit for key=192.168.178.6
INFO processed 192.168.142.104 items
INFO request from 192.168.141.220
DEBUG cache hit for key=192.168.178.215
ERROR null pointer in module 192.168.178.215
WARN retry attempt 192.168.60.30 for 48538
ERROR null pointer in module 192.168.92.139
WARN disk usage 192.168.57.185%
INFO user 192.168.219.168 logged in
ERROR auth failure for user 192.168.141.220
WARN memory threshold reached: 192.168.121.141MB
INFO request from 192.168.82.31
INFO processed 192.168.229.48 items
DEBUG entering function foo
WARN slow query: 192.168.39.155ms
DEBUG heap size: 192.168.107.168
FATAL out of memory
WARN memory threshold reached: 192.168.107.168MB
INFO user 192.168.189.144 logged in
DEBUG cache hit for key=192.168.36.209
DEBUG variable x=192.168.60.30
ERROR connection timeout 503
INFO user 192.168.39.155 logged in
FATAL out of memory
DEBUG cache hit for key=192.168.142.104
FATAL unrecoverable disk error
INFO processed 192.168.178.215 items
WARN retry attempt 192.168.36.209 for 63131
INFO user 192.168.142.104 logged in
ERROR null pointer in module 192.168.193.243
INFO request from 192.168.178.6
INFO processed 192.168.36.209 items
ERROR null pointer in module 192.168.229.48
DEBUG heap size: 192.168.229.48
WARN disk usage 192.168.92.139%
WARN slow query: 192.168.229.48ms
ERROR null pointer in module 192.168.121.141
WARN disk usage 192.168.193.243%
WARN disk usage 192.168.82.31%
ERROR null pointer in module 192.168.189.144
INFO connection established
WARN memory threshold reached: 192.168.193.243MB
INFO request from 192.168.219.168
DEBUG cache hit for key=192.168.57.185
WARN slow query: 192.168.229.48ms
ERROR auth failure for user 192.168.189.144
WARN disk usage 192.168.215.207%
WARN retry attempt 192.168.215.207 for 63912
DEBUG entering function foo
DEBUG heap size: 192.168.193.243
INFO request from 192.168.141.220
DEBUG cache hit for key=192.168.121.141
DEBUG entering function foo
INFO user 192.168.107.168 logged in
FATAL out of memory
WARN memory threshold reached: 192.168.219.168MB
FATAL out of memory
ERROR connection timeout 503
WARN memory threshold reached: 192.168.36.209MB
DEBUG entering function foo
WARN memory threshold reached: 192.168.92.139MB
WARN disk usage 192.168.82.31%
WARN memory threshold reached: 192.168.107.168MB
ERROR null pointer in module 192.168.211.158
WARN slow query: 192.168.9.50ms
FATAL unrecoverable disk error
INFO processed 192.168.197.186 items
FATAL unrecoverable disk error
FATAL segfault at address 0x192.168.211.158
FATAL out of memory
FATAL out of memory
INFO processed 192.168.178.6 items
FATAL segfault at address 0x192.168.57.185
FATAL unrecoverable disk error
WARN slow query: 192.168.193.243ms
WARN disk usage 192.168.178.215%
DEBUG cache hit for key=192.168.60.30
INFO processed 192.168.9.50 items
ERROR connection timeout 503
ERROR connection timeout 503
DEBUG entering function foo
WARN retry attempt 192.168.197.186 for 54335
INFO user 192.168.211.158 logged in
INFO connection established
ERROR connection timeout 503
WARN memory threshold reached: 192.168.9.50MB
INFO connection established
DEBUG entering function foo
FATAL out of memory
WARN disk usage 192.168.178.215%
ERROR file not found: /tmp/192.168.193.243.log
DEBUG cache hit for key=192.168.211.158
DEBUG heap size: 192.168.178.215
WARN disk usage 192.168.39.155%
ERROR auth failure for user 192.168.36.209
ERROR connection timeout 503
WARN retry attempt 192.168.142.104 for 86223
INFO processed 192.168.107.168 items
INFO processed 192.168.219.168 items
FATAL unrecoverable disk error
INFO connection established
WARN slow query: 192.168.60.30ms
DEBUG variable x=192.168.229.48
WARN retry attempt 192.168.229.48 for 51789
ERROR connection timeout 503
WARN memory threshold reached: 192.168.211.158MB
FATAL kernel panic
DEBUG variable x=192.168.92.139
WARN retry attempt 192.168.39.155 for 22388
ERROR null pointer in module 192.168.9.50
INFO processed 192.168.178.6 items
WARN retry attempt 192.168.39.155 for 63024
FATAL segfault at address 0x192.168.178.6
ERROR connection timeout 503
WARN memory threshold reached: 192.168.197.186MB
INFO user 192.168.178.6 logged in
DEBUG variable x=192.168.211.158
FATAL kernel panic
ERROR file not found: /tmp/192.168.229.48.log
ERROR connection timeout 503
ERROR null pointer in module 192.168.9.50
WARN slow query: 192.168.9.50ms
DEBUG entering function foo
INFO user 192.168.197.186 logged in
INFO request from 192.168.178.215
DEBUG entering function foo
ERROR auth failure for user 192.168.215.207
ERROR connection timeout 503
WARN retry attempt 192.168.57.185 for 98551
DEBUG variable x=192.168.189.144
WARN disk usage 192.168.142.104%
DEBUG variable x=192.168.215.207
WARN memory threshold reached: 192.168.9.50MB
FATAL kernel panic
WARN memory threshold reached: 192.168.92.139MB
FATAL out of memory
FATAL unrecoverable disk error
ERROR file not found: /tmp/192.168.197.186.log
DEBUG variable x=192.168.178.215
ERROR auth failure for user 192.168.36.209
DEBUG cache hit for key=192.168.211.158
WARN retry attempt 192.168.39.155 for 48338
WARN disk usage 192.168.215.207%
FATAL kernel panic
WARN slow query: 192.168.178.215ms
ERROR auth failure for user 192.168.82.31
DEBUG entering function foo
ERROR connection timeout 503
DEBUG variable x=192.168.121.141
FATAL out of memory
DEBUG cache hit for key=192.168.193.243
WARN slow query: 192.168.142.104ms
DEBUG variable x=192.168.60.30
INFO request from 192.168.57.185
ERROR file not found: /tmp/192.168.9.50.log
DEBUG heap size: 192.168.197.186
INFO connection established
ERROR file not found: /tmp/192.168.36.209.log
INFO processed 192.168.178.215 items
ERROR connection timeout 503
FATAL segfault at address 0x192.168.197.186
FATAL out of memory
DEBUG variable x=192.168.121.141
FATAL unrecoverable disk error
FATAL segfault at address 0x192.168.92.139
FATAL segfault at address 0x192.168.121.141
DEBUG cache hit for key=192.168.178.6
ERROR auth failure for user 192.168.92.139
FATAL out of memory
ERROR auth failure for user 192.168.9.50
DEBUG cache hit for key=192.168.121.141
INFO user 192.168.197.186 logged in
ERROR file not found: /tmp/192.168.141.220.log
FATAL segfault at address 0x192.168.36.209
FATAL out of memory
WARN retry attempt 192.168.178.215 for 28135
DEBUG variable x=192.168.211.158
INFO user 192.168.9.50 logged in
FATAL kernel panic
DEBUG heap size: 192.168.193.243
DEBUG cache hit for key=192.168.142.104
DEBUG heap size: 192.168.36.209
INFO request from 192.168.9.50
ERROR file not found: /tmp/192.168.178.6.log
ERROR null pointer in module 192.168.9.50
ERROR connection timeout 503
DEBUG entering function foo
FATAL kernel panic
FATAL unrecoverable disk error
WARN memory threshold reached: 192.168.211.158MB
INFO user 192.168.9.50 logged in
DEBUG variable x=192.168.39.155
ERROR auth failure for user 192.168.178.215
DEBUG cache hit for key=192.168.219.168
ERROR file not found: /tmp/192.168.178.215.log
INFO request from 192.168.178.6
FATAL kernel panic
FATAL out of memory
FATAL kernel panic
DEBUG variable x=192.168.9.50
INFO connection established
WARN disk usage 192.168.141.220%
ERROR file not found: /tmp/192.168.229.48.log
INFO user 192.168.189.144 logged in
DEBUG variable x=192.168.107.168
DEBUG entering function foo
INFO request from 192.168.219.168
FATAL out of memory
DEBUG heap size: 192.168.121.141
INFO processed 192.168.107.168 items
ERROR auth failure for user 192.168.142.104
ERROR connection timeout 503
DEBUG variable x=192.168.178.6
DEBUG heap size: 192.168.219.168
INFO user 192.168.57.185 logged in
WARN slow query: 192.168.142.104ms
FATAL out of memory
ERROR connection timeout 503
INFO user 192.168.82.31 logged in
DEBUG heap size: 192.168.121.141
INFO connection established
DEBUG cache hit for key=192.168.60.30
INFO connection established
ERROR auth failure for user 192.168.141.220
ERROR auth failure for user 192.168.197.186
FATAL kernel panic
FATAL out of memory
ERROR file not found: /tmp/192.168.39.155.log
WARN memory threshold reached: 192.168.215.207MB
FATAL unrecoverable disk error
DEBUG entering function foo
INFO user 192.168.92.139 logged in
INFO connection established
FATAL segfault at address 0x192.168.39.155
FATAL out of memory
ERROR connection timeout 503
WARN slow query: 192.168.121.141ms
FATAL segfault at address 0x192.168.189.144
INFO user 192.168.36.209 logged in
INFO user 192.168.142.104 logged in
FATAL unrecoverable disk error
DEBUG cache hit for key=192.168.229.48
FATAL kernel panic
WARN retry attempt 192.168.36.209 for 55735
DEBUG cache hit for key=192.168.39.155
ERROR auth failure for user 192.168.36.209
FATAL kernel panic
WARN disk usage 192.168.9.50%
DEBUG cache hit for key=192.168.215.207
FATAL kernel panic
DEBUG variable x=192.168.9.50
INFO request from 192.168.215.207
DEBUG cache hit for key=192.168.178.6
ERROR file not found: /tmp/192.168.39.155.log
FATAL segfault at address 0x192.168.39.155
WARN retry attempt 192.168.60.30 for 40003
DEBUG variable x=192.168.60.30
ERROR connection timeout 503
DEBUG entering function foo
DEBUG heap size: 192.168.9.50
WARN retry attempt 192.168.178.6 for 59956
FATAL kernel panic
WARN disk usage 192.168.197.186%
WARN retry attempt 192.168.92.139 for 74393
INFO request from 192.168.39.155
INFO processed 192.168.178.6 items
WARN memory threshold reached: 192.168.60.30MB
DEBUG cache hit for key=192.168.193.243
DEBUG cache hit for key=192.168.9.50
ERROR file not found: /tmp/192.168.193.243.log
FATAL segfault at address 0x192.168.141.220
INFO processed 192.168.211.158 items
WARN disk usage 192.168.211.158%
FATAL segfault at address 0x192.168.82.31
FATAL unrecoverable disk error
INFO processed 192.168.215.207 items
DEBUG variable x=192.168.121.141
FATAL kernel panic
WARN memory threshold reached: 192.168.60.30MB
INFO request from 192.168.141.220
INFO user 192.168.219.168 logged in
DEBUG cache hit for key=192.168.39.155
FATAL unrecoverable disk error
INFO request from 192.168.36.209
ERROR connection timeout 503
WARN slow query: 192.168.215.207ms
DEBUG variable x=192.168.219.168
WARN disk usage 192.168.193.243%
WARN retry attempt 192.168.57.185 for 1475
ERROR file not found: /tmp/192.168.178.215.log
WARN retry attempt 192.168.107.168 for 63391
FATAL kernel panic
DEBUG entering function foo
WARN retry attempt 192.168.189.144 for 84994
FATAL unrecoverable disk error
WARN disk usage 192.168.39.155%
FATAL unrecoverable disk error
DEBUG heap size: 192.168.107.168
ERROR connection timeout 503
ERROR auth failure for user 192.168.197.186
INFO processed 192.168.189.144 items
DEBUG cache hit for key=192.168.142.104
INFO request from 192.168.121.141
FATAL unrecoverable disk error
DEBUG heap size: 192.168.215.207
ERROR auth failure for user 192.168.92.139
FATAL unrecoverable disk error
WARN disk usage 192.168.141.220%
DEBUG cache hit for key=192.168.121.141
INFO connection established
ERROR null pointer in module 192.168.141.220
INFO request from 192.168.39.155
WARN retry attempt 192.168.215.207 for 15018
INFO connection established
FATAL segfault at address 0x192.168.60.30
DEBUG heap size: 192.168.229.48
FATAL kernel panic
INFO connection established
FATAL out of memory
INFO request from 192.168.178.215
DEBUG entering function foo
INFO user 192.168.57.185 logged in
WARN disk usage 192.168.189.144%
ERROR file not found: /tmp/192.168.215.207.log
DEBUG entering function foo
DEBUG entering function foo
DEBUG heap size: 192.168.39.155
WARN memory threshold reached: 192.168.107.168MB
FATAL kernel panic
INFO user 192.168.215.207 logged in
WARN retry attempt 192.168.36.209 for 72660
WARN memory threshold reached: 192.168.193.243MB
INFO connection established
WARN memory threshold reached: 192.168.197.186MB
FATAL segfault at address 0x192.168.141.220
WARN disk usage 192.168.141.220%
DEBUG variable x=192.168.178.6
ERROR connection timeout 503
WARN memory threshold reached: 192.168.215.207MB
INFO processed 192.168.193.243 items
ERROR file not found: /tmp/192.168.219.168.log
FATAL out of memory
ERROR connection timeout 503
FATAL kernel panic
DEBUG variable x=192.168.107.168
INFO processed 192.168.121.141 items
INFO connection established
FATAL unrecoverable disk error
INFO request from 192.168.219.168
INFO request from 192.168.211.158
DEBUG variable x=192.168.107.168
INFO request from 192.168.189.144
INFO user 192.168.211.158 logged in
DEBUG cache hit for key=192.168.197.186
DEBUG cache hit for key=192.168.229.48
INFO request from 192.168.39.155
DEBUG heap size: 192.168.107.168
ERROR null pointer in module 192.168.82.31
FATAL kernel panic
DEBUG cache hit for key=192.168.57.185
INFO connection established
ERROR auth failure for user 192.168.189.144
FATAL kernel panic
INFO processed 192.168.9.50 items
DEBUG variable x=192.168.57.185
ERROR auth failure for user 192.168.197.186
ERROR connection timeout 503
FATAL out of memory
ERROR null pointer in module 192.168.142.104
INFO request from 192.168.39.155
DEBUG entering function foo
DEBUG heap size: 192.168.219.168
DEBUG heap size: 192.168.9.50
ERROR file not found: /tmp/192.168.39.155.log
WARN slow query: 192.168.189.144ms
FATAL unrecoverable disk error
FATAL segfault at address 0x192.168.215.207
INFO connection established
INFO request from 192.168.189.144
FATAL unrecoverable disk error
WARN slow query: 192.168.82.31ms
INFO processed 192.168.9.50 items
ERROR auth failure for user 192.168.57.185
ERROR null pointer in module 192.168.57.185
WARN disk usage 192.168.36.209%
INFO user 192.168.39.155 logged in
FATAL unrecoverable disk error
INFO processed 192.168.57.185 items
ERROR file not found: /tmp/192.168.92.139.log
ERROR null pointer in module 192.168.193.243
INFO user 192.168.82.31 logged in
INFO request from 192.168.178.215
INFO connection established
ERROR file not found: /tmp/192.168.189.144.log
INFO processed 192.168.107.168 items
WARN retry attempt 192.168.36.209 for 55141
ERROR connection timeout 503
DEBUG cache hit for key=192.168.142.104
INFO request from 192.168.9.50
ERROR connection timeout 503
WARN slow query: 192.168.9.50ms
DEBUG heap size: 192.168.178.215
INFO request from 192.168.57.185
WARN disk usage 192.168.107.168%
ERROR connection timeout 503
DEBUG variable x=192.168.229.48
INFO user 192.168.141.220 logged in
WARN slow query: 192.168.141.220ms
DEBUG variable x=192.168.82.31
DEBUG variable x=192.168.107.168
DEBUG heap size: 192.168.82.31
WARN retry attempt 192.168.178.6 for 43118
ERROR connection timeout 503
INFO user 192.168.121.141 logged in
WARN disk usage 192.168.107.168%
FATAL out of memory
WARN slow query: 192.168.57.185ms
WARN memory threshold reached: 192.168.197.186MB
FATAL kernel panic
FATAL segfault at address 0x192.168.178.6
WARN memory threshold reached: 192.168.9.50MB
INFO request from 192.168.107.168
INFO connection established
ERROR null pointer in module 192.168.142.104
INFO processed 192.168.178.215 items
INFO processed 192.168.193.243 items
INFO processed 192.168.121.141 items
WARN memory threshold reached: 192.168.92.139MB
WARN memory threshold reached: 192.168.229.48MB
WARN disk usage 192.168.178.215%
DEBUG heap size: 192.168.107.168
FATAL kernel panic
FATAL kernel panic
DEBUG entering function foo
FATAL segfault at address 0x192.168.107.168
DEBUG heap size: 192.168.178.6
FATAL out of memory
DEBUG heap size: 192.168.92.139
FATAL out of memory
INFO processed 192.168.189.144 items
WARN disk usage 192.168.219.168%
DEBUG heap size: 192.168.107.168
WARN disk usage 192.168.39.155%
FATAL unrecoverable disk error
ERROR null pointer in module 192.168.92.139
INFO connection established
FATAL segfault at address 0x192.168.9.50
INFO request from 192.168.142.104
FATAL kernel panic
FATAL kernel panic
DEBUG entering function foo
DEBUG entering function foo
INFO request from 192.168.211.158
ERROR file not found: /tmp/192.168.142.104.log
DEBUG variable x=192.168.107.168
ERROR connection timeout 503
INFO request from 192.168.178.215
INFO request from 192.168.39.155
ERROR null pointer in module 192.168.82.31
WARN disk usage 192.168.107.168%
WARN memory threshold reached: 192.168.178.6MB
INFO request from 192.168.9.50
WARN slow query: 192.168.229.48ms
ERROR file not found: /tmp/192.168.229.48.log
ERROR file not found: /tmp/192.168.229.48.log
FATAL kernel panic
WARN retry attempt 192.168.121.141 for 63981
ERROR connection timeout 503
DEBUG entering function foo
INFO connection established
INFO request from 192.168.36.209
DEBUG variable x=192.168.142.104
INFO connection established
FATAL out of memory
INFO request from 192.168.219.168
WARN slow query: 192.168.57.185ms
DEBUG entering function foo
FATAL unrecoverable disk error
INFO request from 192.168.189.144
DEBUG heap size: 192.168.121.141
ERROR auth failure for user 192.168.211.158
INFO connection established
FATAL unrecoverable disk error
ERROR auth failure for user 192.168.189.144
DEBUG cache hit for key=192.168.178.6
ERROR auth failure for user 192.168.178.215
INFO user 192.168.36.209 logged in
DEBUG heap size: 192.168.219.168
INFO user 192.168.215.207 logged in
ERROR connection timeout 503
INFO processed 192.168.229.48 items
INFO request from 192.168.197.186
WARN retry attempt 192.168.178.6 for 31961
FATAL kernel panic
ERROR file not found: /tmp/192.168.178.215.log
FATAL unrecoverable disk error
DEBUG variable x=192.168.36.209
WARN memory threshold reached: 192.168.121.141MB
FATAL unrecoverable disk error
FATAL out of memory
FATAL out of memory
WARN retry attempt 192.168.178.215 for 47742
ERROR file not found: /tmp/192.168.178.215.log
WARN disk usage 192.168.121.141%
ERROR auth failure for user 192.168.36.209
FATAL unrecoverable disk error
DEBUG variable x=192.168.9.50
ERROR file not found: /tmp/192.168.82.31.log
WARN disk usage 192.168.215.207%
FATAL kernel panic
INFO user 192.168.189.144 logged in
DEBUG variable x=192.168.197.186
ERROR auth failure for user 192.168.197.186
WARN retry attempt 192.168.107.168 for 67409
WARN retry attempt 192.168.193.243 for 20135
INFO user 192.168.60.30 logged in
WARN memory threshold reached: 192.168.121.141MB
INFO user 192.168.36.209 logged in
INFO processed 192.168.60.30 items
WARN disk usage 192.168.107.168%
DEBUG cache hit for key=192.168.82.31
DEBUG variable x=192.168.211.158
DEBUG variable x=192.168.211.158
FATAL kernel panic
DEBUG entering function foo
DEBUG cache hit for key=192.168.215.207
DEBUG heap size: 192.168.121.141
WARN retry attempt 192.168.229.48 for 545
ERROR connection timeout 503
ERROR connection timeout 503
FATAL unrecoverable disk error
INFO processed 192.168.178.6 items
WARN disk usage 192.168.121.141%
INFO user 192.168.215.207 logged in
DEBUG cache hit for key=192.168.142.104
INFO request from 192.168.189.144
DEBUG heap size: 192.168.211.158
INFO request from 192.168.9.50
INFO request from 192.168.121.141
WARN disk usage 192.168.82.31%
FATAL out of memory
FATAL kernel panic
WARN retry attempt 192.168.82.31 for 92398
ERROR auth failure for user 192.168.121.141
DEBUG heap size: 192.168.229.48
ERROR connection timeout 503
DEBUG variable x=192.168.178.215
INFO processed 192.168.141.220 items
WARN memory threshold reached: 192.168.178.215MB
FATAL kernel panic
WARN retry attempt 192.168.57.185 for 2602
ERROR connection timeout 503
WARN retry attempt 192.168.82.31 for 75190
INFO connection established
ERROR connection timeout 503
INFO processed 192.168.211.158 items
DEBUG entering function foo
DEBUG cache hit for key=192.168.82.31
WARN disk usage 192.168.60.30%
FATAL unrecoverable disk error
ERROR file not found: /tmp/192.168.211.158.log
FATAL kernel panic
WARN retry attempt 192.168.60.30 for 82641
INFO connection established
INFO processed 192.168.92.139 items
FATAL kernel panic
DEBUG cache hit for key=192.168.197.186
FATAL out of memory
WARN memory threshold reached: 192.168.178.215MB
INFO user 192.168.57.185 logged in
DEBUG cache hit for key=192.168.189.144
DEBUG heap size: 192.168.178.6
ERROR file not found: /tmp/192.168.197.186.log
ERROR null pointer in module 192.168.178.6
DEBUG entering function foo
FATAL unrecoverable disk error
FATAL segfault at address 0x192.168.193.243
FATAL unrecoverable disk error
WARN slow query: 192.168.141.220ms
INFO request from 192.168.60.30
WARN disk usage 192.168.178.215%
FATAL kernel panic
ERROR file not found: /tmp/192.168.121.141.log
ERROR null pointer in module 192.168.197.186
INFO request from 192.168.107.168
DEBUG entering function foo
WARN retry attempt 192.168.215.207 for 63792
FATAL out of memory
ERROR file not found: /tmp/192.168.219.168.log
FATAL unrecoverable disk error
DEBUG heap size: 192.168.107.168
DEBUG heap size: 192.168.193.243
INFO processed 192.168.82.31 items
WARN disk usage 192.168.215.207%
ERROR null pointer in module 192.168.82.31
DEBUG cache hit for key=192.168.39.155
FATAL unrecoverable disk error
WARN retry attempt 192.168.57.185 for 39974
ERROR file not found: /tmp/192.168.211.158.log
DEBUG variable x=192.168.92.139
WARN disk usage 192.168.39.155%
FATAL kernel panic
INFO processed 192.168.39.155 items
INFO user 192.168.215.207 logged in
INFO user 192.168.57.185 logged in
INFO processed 192.168.189.144 items
ERROR null pointer in module 192.168.107.168
DEBUG variable x=192.168.57.185
DEBUG variable x=192.168.193.243
INFO request from 192.168.36.209
ERROR auth failure for user 192.168.229.48
WARN disk usage 192.168.178.215%
INFO connection established
ERROR null pointer in module 192.168.178.215
FATAL kernel panic
DEBUG variable x=192.168.60.30
FATAL kernel panic
DEBUG heap size: 192.168.121.141
INFO connection established
FATAL segfault at address 0x192.168.197.186
DEBUG heap size: 192.168.229.48
FATAL segfault at address 0x192.168.82.31
INFO user 192.168.57.185 logged in
WARN memory threshold reached: 192.168.219.168MB
WARN retry attempt 192.168.178.6 for 14017
ERROR auth failure for user 192.168.82.31
WARN disk usage 192.168.219.168%
ERROR null pointer in module 192.168.193.243
DEBUG variable x=192.168.121.141
DEBUG heap size: 192.168.142.104
FATAL kernel panic
FATAL out of memory
WARN retry attempt 192.168.229.48 for 54828
DEBUG heap size: 192.168.92.139
WARN disk usage 192.168.121.141%
FATAL segfault at address 0x192.168.229.48
WARN slow query: 192.168.60.30ms
ERROR auth failure for user 192.168.189.144
INFO connection established
ERROR auth failure for user 192.168.121.141
INFO request from 192.168.60.30
INFO request from 192.168.211.158
WARN disk usage 192.168.178.215%
INFO processed 192.168.141.220 items
ERROR file not found: /tmp/192.168.39.155.log
WARN slow query: 192.168.178.215ms
ERROR null pointer in module 192.168.229.48
FATAL segfault at address 0x192.168.141.220
INFO processed 192.168.229.48 items
WARN memory threshold reached: 192.168.92.139MB
ERROR null pointer in module 192.168.215.207
ERROR auth failure for user 192.168.193.243
WARN memory threshold reached: 192.168.57.185MB
WARN slow query: 192.168.178.6ms
DEBUG heap size: 192.168.92.139
ERROR auth failure for user 192.168.92.139
DEBUG heap size: 192.168.189.144
ERROR auth failure for user 192.168.60.30
INFO request from 192.168.57.185
ERROR connection timeout 503
ERROR auth failure for user 192.168.197.186
DEBUG entering function foo
WARN disk usage 192.168.141.220%
ERROR file not found: /tmp/192.168.142.104.log
WARN retry attempt 192.168.178.6 for 98561
INFO user 192.168.178.215 logged in
ERROR auth failure for user 192.168.189.144
ERROR connection timeout 503
INFO connection established
DEBUG entering function foo
DEBUG cache hit for key=192.168.215.207
ERROR connection timeout 503
WARN memory threshold reached: 192.168.229.48MB
WARN retry attempt 192.168.219.168 for 97609
ERROR connection timeout 503
FATAL segfault at address 0x192.168.189.144
ERROR file not found: /tmp/192.168.141.220.log
INFO connection established
FATAL kernel panic
FATAL segfault at address 0x192.168.82.31
INFO connection established
WARN retry attempt 192.168.219.168 for 21314
FATAL kernel panic
DEBUG cache hit for key=192.168.197.186
DEBUG cache hit for key=192.168.193.243
FATAL unrecoverable disk error
DEBUG heap size: 192.168.39.155
FATAL segfault at address 0x192.168.211.158
ERROR null pointer in module 192.168.193.243
INFO connection established
WARN disk usage 192.168.141.220%
DEBUG entering function foo
INFO processed 192.168.60.30 items
INFO connection established
FATAL segfault at address 0x192.168.215.207
ERROR auth failure for user 192.168.141.220
FATAL kernel panic
ERROR connection timeout 503
FATAL unrecoverable disk error
ERROR auth failure for user 192.168.141.220
ERROR connection timeout 503
ERROR file not found: /tmp/192.168.211.158.log
WARN retry attempt 192.168.178.215 for 47516
ERROR connection timeout 503
INFO request from 192.168.9.50
WARN memory threshold reached: 192.168.229.48MB
ERROR connection timeout 503
WARN memory threshold reached: 192.168.57.185MB
ERROR null pointer in module 192.168.57.185
WARN slow query: 192.168.82.31ms
WARN slow query: 192.168.215.207ms
FATAL out of memory
DEBUG cache hit for key=192.168.39.155
FATAL unrecoverable disk error
ERROR connection timeout 503
DEBUG heap size: 192.168.107.168
WARN retry attempt 192.168.178.6 for 24459
WARN memory threshold reached: 192.168.211.158MB
DEBUG cache hit for key=192.168.82.31
WARN memory threshold reached: 192.168.92.139MB
DEBUG cache hit for key=192.168.211.158
ERROR file not found: /tmp/192.168.189.144.log
ERROR auth failure for user 192.168.219.168
DEBUG entering function foo
ERROR auth failure for user 192.168.60.30
WARN memory threshold reached: 192.168.107.168MB
FATAL kernel panic
FATAL unrecoverable disk error
INFO request from 192.168.178.6
INFO connection established
FATAL segfault at address 0x192.168.197.186
WARN slow query: 192.168.60.30ms
DEBUG cache hit for key=192.168.92.139
ERROR file not found: /tmp/192.168.189.144.log
ERROR file not found: /tmp/192.168.219.168.log
ERROR null pointer in module 192.168.57.185
WARN disk usage 192.168.211.158%
ERROR null pointer in module 192.168.92.139
INFO request from 192.168.36.209
ERROR file not found: /tmp/192.168.36.209.log
ERROR file not found: /tmp/192.168.57.185.log
INFO request from 192.168.39.155
INFO connection established
INFO connection established
ERROR file not found: /tmp/192.168.107.168.log
ERROR auth failure for user 192.168.92.139
DEBUG variable x=192.168.121.141
DEBUG cache hit for key=192.168.36.209
INFO request from 192.168.141.220
DEBUG heap size: 192.168.121.141
FATAL segfault at address 0x192.168.92.139
FATAL unrecoverable disk error
DEBUG entering function foo
FATAL kernel panic
WARN disk usage 192.168.142.104%
FATAL segfault at address 0x192.168.219.168
ERROR null pointer in module 192.168.197.186
WARN retry attempt 192.168.82.31 for 4926
FATAL kernel panic
INFO connection established
FATAL out of memory
ERROR file not found: /tmp/192.168.82.31.log
INFO processed 192.168.229.48 items
FATAL unrecoverable disk error
DEBUG cache hit for key=192.168.211.158
WARN memory threshold reached: 192.168.60.30MB
FATAL segfault at address 0x192.168.60.30
ERROR file not found: /tmp/192.168.39.155.log
WARN memory threshold reached: 192.168.121.141MB
INFO processed 192.168.36.209 items
FATAL out of memory
INFO processed 192.168.178.215 items
FATAL kernel panic
WARN disk usage 192.168.211.158%
FATAL out of memory
ERROR null pointer in module 192.168.36.209
DEBUG cache hit for key=192.168.229.48
FATAL segfault at address 0x192.168.215.207
FATAL segfault at address 0x192.168.229.48
INFO processed 192.168.178.6 items
FATAL out of memory
FATAL unrecoverable disk error
FATAL segfault at address 0x192.168.178.215
DEBUG cache hit for key=192.168.142.104
INFO user 192.168.107.168 logged in
ERROR file not found: /tmp/192.168.197.186.log
FATAL kernel panic
INFO request from 192.168.215.207
DEBUG variable x=192.168.178.215
DEBUG heap size: 192.168.121.141
INFO processed 192.168.219.168 items
FATAL kernel panic
DEBUG variable x=192.168.219.168
FATAL segfault at address 0x192.168.36.209
WARN retry attempt 192.168.178.215 for 16416
INFO user 192.168.107.168 logged in
FATAL kernel panic
WARN memory threshold reached: 192.168.92.139MB
INFO connection established
DEBUG entering function foo
WARN memory threshold reached: 192.168.193.243MB
WARN slow query: 192.168.211.158ms
FATAL unrecoverable disk error
INFO request from 192.168.229.48
INFO request from 192.168.141.220
ERROR file not found: /tmp/192.168.178.6.log
WARN slow query: 192.168.193.243ms
FATAL unrecoverable disk error
INFO request from 192.168.107.168
INFO user 192.168.178.215 logged in
FATAL out of memory
ERROR connection timeout 503
FATAL segfault at address 0x192.168.197.186
WARN disk usage 192.168.92.139%
INFO processed 192.168.57.185 items
DEBUG cache hit for key=192.168.107.168
ERROR auth failure for user 192.168.193.243
ERROR auth failure for user 192.168.189.144
INFO processed 192.168.178.6 items
ERROR connection timeout 503
DEBUG cache hit for key=192.168.141.220
ERROR auth failure for user 192.168.36.209
DEBUG heap size: 192.168.193.243
DEBUG heap size: 192.168.229.48
FATAL kernel panic
INFO connection established
FATAL out of memory
ERROR file not found: /tmp/192.168.229.48.log
FATAL out of memory
FATAL kernel panic
FATAL unrecoverable disk error
INFO user 192.168.219.168 logged in
WARN memory threshold reached: 192.168.142.104MB
FATAL kernel panic
WARN slow query: 192.168.57.185ms
WARN disk usage 192.168.219.168%
ERROR connection timeout 503
ERROR file not found: /tmp/192.168.36.209.log
FATAL segfault at address 0x192.168.82.31
FATAL segfault at address 0x192.168.60.30
DEBUG cache hit for key=192.168.219.168
DEBUG cache hit for key=192.168.189.144
DEBUG heap size: 192.168.197.186
FATAL kernel panic
DEBUG variable x=192.168.121.141
WARN disk usage 192.168.193.243%
INFO user 192.168.82.31 logged in
FATAL out of memory
FATAL unrecoverable disk error
ERROR null pointer in module 192.168.9.50
FATAL unrecoverable disk error
WARN disk usage 192.168.219.168%
DEBUG heap size: 192.168.197.186
INFO connection established
FATAL unrecoverable disk error
ERROR null pointer in module 192.168.197.186
FATAL kernel panic
DEBUG entering function foo
ERROR auth failure for user 192.168.215.207
DEBUG cache hit for key=192.168.36.209
ERROR auth failure for user 192.168.142.104
INFO processed 192.168.178.6 items
ERROR auth failure for user 192.168.178.215
FATAL segfault at address 0x192.168.60.30
ERROR connection timeout 503
INFO processed 192.168.9.50 items
FATAL segfault at address 0x192.168.215.207
INFO processed 192.168.219.168 items
INFO connection established
DEBUG variable x=192.168.197.186
FATAL kernel panic
FATAL out of memory
WARN disk usage 192.168.36.209%
WARN memory threshold reached: 192.168.107.168MB
DEBUG entering function foo
WARN memory threshold reached: 192.168.36.209MB
DEBUG variable x=192.168.229.48
WARN retry attempt 192.168.57.185 for 67609
INFO processed 192.168.39.155 items
FATAL out of memory
FATAL kernel panic
INFO request from 192.168.36.209
INFO user 192.168.211.158 logged in
DEBUG heap size: 192.168.178.6
DEBUG variable x=192.168.92.139
ERROR auth failure for user 192.168.107.168
ERROR auth failure for user 192.168.107.168
ERROR auth failure for user 192.168.219.168
ERROR auth failure for user 192.168.36.209
WARN disk usage 192.168.189.144%
INFO connection established
ERROR auth failure for user 192.168.36.209
FATAL out of memory
FATAL kernel panic
ERROR auth failure for user 192.168.178.215
INFO connection established
FATAL out of memory
DEBUG cache hit for key=192.168.229.48
FATAL out of memory
ERROR connection timeout 503
ERROR connection timeout 503
INFO user 192.168.57.185 logged in
WARN slow query: 192.168.215.207ms
DEBUG heap size: 192.168.229.48
DEBUG variable x=192.168.189.144
INFO user 192.168.142.104 logged in
INFO connection established
WARN slow query: 192.168.178.215ms
ERROR null pointer in module 192.168.197.186
WARN disk usage 192.168.211.158%
FATAL out of memory
WARN disk usage 192.168.107.168%
WARN slow query: 192.168.121.141ms
INFO connection established
WARN slow query: 192.168.9.50ms
FATAL segfault at address 0x192.168.178.6
DEBUG heap size: 192.168.92.139
ERROR connection timeout 503
FATAL kernel panic
INFO user 192.168.121.141 logged in
FATAL segfault at address 0x192.168.142.104
INFO request from 192.168.36.209
WARN memory threshold reached: 192.168.215.207MB
ERROR auth failure for user 192.168.178.6
FATAL out of memory
FATAL segfault at address 0x192.168.211.158
WARN retry attempt 192.168.193.243 for 33590
ERROR null pointer in module 192.168.60.30
DEBUG cache hit for key=192.168.39.155
FATAL out of memory
FATAL kernel panic
FATAL kernel panic
INFO request from 192.168.9.50
DEBUG heap size: 192.168.193.243
DEBUG cache hit for key=192.168.219.168
INFO processed 192.168.57.185 items
FATAL kernel panic
WARN retry attempt 192.168.82.31 for 54804
INFO processed 192.168.92.139 items
DEBUG heap size: 192.168.211.158
ERROR auth failure for user 192.168.142.104
DEBUG entering function foo
FATAL unrecoverable disk error
DEBUG variable x=192.168.215.207
DEBUG entering function foo
DEBUG cache hit for key=192.168.9.50
DEBUG variable x=192.168.92.139
WARN retry attempt 192.168.142.104 for 26031
DEBUG heap size: 192.168.215.207
FATAL out of memory
WARN retry attempt 192.168.57.185 for 20598
WARN disk usage 192.168.178.6%
ERROR connection timeout 503
FATAL segfault at address 0x192.168.60.30
ERROR auth failure for user 192.168.189.144
INFO request from 192.168.142.104
WARN memory threshold reached: 192.168.197.186MB
DEBUG heap size: 192.168.142.104
INFO user 192.168.215.207 logged in
FATAL segfault at address 0x192.168.57.185
ERROR null pointer in module 192.168.142.104
INFO processed 192.168.178.215 items
ERROR connection timeout 503
ERROR null pointer in module 192.168.142.104
DEBUG heap size: 192.168.107.168
ERROR auth failure for user 192.168.121.141
FATAL kernel panic
INFO user 192.168.107.168 logged in
ERROR connection timeout 503
FATAL unrecoverable disk error
INFO connection established
FATAL unrecoverable disk error
DEBUG heap size: 192.168.107.168
INFO connection established
INFO user 192.168.107.168 logged in
WARN slow query: 192.168.39.155ms
FATAL unrecoverable disk error
FATAL segfault at address 0x192.168.60.30
WARN memory threshold reached: 192.168.193.243MB
WARN slow query: 192.168.141.220ms
DEBUG entering function foo
FATAL unrecoverable disk error
DEBUG heap size: 192.168.215.207
ERROR file not found: /tmp/192.168.141.220.log
ERROR connection timeout 503
INFO connection established
WARN disk usage 192.168.193.243%
WARN memory threshold reached: 192.168.229.48MB
INFO request from 192.168.57.185
DEBUG entering function foo
DEBUG cache hit for key=192.168.197.186
WARN retry attempt 192.168.9.50 for 51813
INFO processed 192.168.57.185 items
DEBUG cache hit for key=192.168.107.168
INFO connection established
WARN memory threshold reached: 192.168.178.6MB
WARN retry attempt 192.168.211.158 for 96102
INFO request from 192.168.178.6
WARN retry attempt 192.168.189.144 for 9211
WARN disk usage 192.168.107.168%
ERROR connection timeout 503
DEBUG entering function foo
FATAL kernel panic
WARN retry attempt 192.168.9.50 for 3855
ERROR connection timeout 503
FATAL unrecoverable disk error
WARN disk usage 192.168.229.48%
FATAL kernel panic
DEBUG heap size: 192.168.141.220
INFO processed 192.168.142.104 items
FATAL out of memory
WARN memory threshold reached: 192.168.60.30MB
WARN memory threshold reached: 192.168.92.139MB
DEBUG variable x=192.168.219.168
DEBUG cache hit for key=192.168.193.243
ERROR auth failure for user 192.168.36.209
WARN disk usage 192.168.39.155%
WARN disk usage 192.168.141.220%
WARN memory threshold reached: 192.168.36.209MB
ERROR file not found: /tmp/192.168.142.104.log
INFO processed 192.168.197.186 items
FATAL segfault at address 0x192.168.178.215
INFO connection established
INFO processed 192.168.36.209 items
INFO processed 192.168.39.155 items
ERROR file not found: /tmp/192.168.193.243.log
FATAL out of memory
ERROR null pointer in module 192.168.219.168
FATAL kernel panic
INFO processed 192.168.193.243 items
WARN retry attempt 192.168.215.207 for 37611
FATAL segfault at address 0x192.168.193.243
FATAL kernel panic
INFO processed 192.168.219.168 items
INFO user 192.168.142.104 logged in
FATAL out of memory
WARN retry attempt 192.168.36.209 for 62063
FATAL segfault at address 0x192.168.211.158
INFO request from 192.168.215.207
ERROR auth failure for user 192.168.39.155
ERROR file not found: /tmp/192.168.60.30.log
INFO processed 192.168.39.155 items
INFO request from 192.168.36.209
FATAL unrecoverable disk error
ERROR file not found: /tmp/192.168.121.141.log
INFO connection established
WARN disk usage 192.168.142.104%
WARN memory threshold reached: 192.168.121.141MB
WARN slow query: 192.168.189.144ms
WARN disk usage 192.168.193.243%
DEBUG variable x=192.168.193.243
DEBUG variable x=192.168.82.31
FATAL kernel panic
FATAL segfault at address 0x192.168.193.243
FATAL kernel panic
INFO connection established
FATAL unrecoverable disk error
FATAL unrecoverable disk error
DEBUG variable x=192.168.197.186
FATAL out of memory
WARN retry attempt 192.168.36.209 for 83162
ERROR auth failure for user 192.168.215.207
INFO connection established
ERROR auth failure for user 192.168.193.243
DEBUG heap size: 192.168.189.144
DEBUG variable x=192.168.36.209
ERROR connection timeout 503
FATAL kernel panic
DEBUG entering function foo
INFO connection established
INFO processed 192.168.121.141 items
WARN retry attempt 192.168.36.209 for 47400
FATAL segfault at address 0x192.168.121.141
DEBUG heap size: 192.168.142.104
FATAL out of memory
DEBUG entering function foo
ERROR connection timeout 503
WARN slow query: 192.168.178.6ms
INFO connection established
DEBUG heap size: 192.168.36.209
DEBUG entering function foo
WARN retry attempt 192.168.121.141 for 35421
FATAL kernel panic
INFO processed 192.168.211.158 items
WARN retry attempt 192.168.211.158 for 45709
WARN disk usage 192.168.197.186%
DEBUG heap size: 192.168.141.220
ERROR null pointer in module 192.168.57.185
FATAL kernel panic
WARN disk usage 192.168.142.104%
FATAL kernel panic
DEBUG entering function foo
FATAL unrecoverable disk error
FATAL segfault at address 0x192.168.92.139
WARN memory threshold reached: 192.168.178.215MB
ERROR file not found: /tmp/192.168.9.50.log
DEBUG heap size: 192.168.39.155
DEBUG entering function foo
ERROR null pointer in module 192.168.142.104
INFO user 192.168.197.186 logged in
ERROR connection timeout 503
INFO user 192.168.36.209 logged in
DEBUG cache hit for key=192.168.197.186
INFO request from 192.168.9.50
DEBUG entering function foo
ERROR null pointer in module 192.168.141.220
WARN disk usage 192.168.57.185%
INFO processed 192.168.9.50 items
ERROR file not found: /tmp/192.168.57.185.log
DEBUG variable x=192.168.193.243
DEBUG variable x=192.168.82.31
ERROR null pointer in module 192.168.82.31
DEBUG entering function foo
WARN retry attempt 192.168.39.155 for 67455
FATAL segfault at address 0x192.168.142.104
INFO processed 192.168.215.207 items
FATAL kernel panic
WARN slow query: 192.168.107.168ms
ERROR null pointer in module 192.168.92.139
FATAL unrecoverable disk error
DEBUG cache hit for key=192.168.178.6
ERROR file not found: /tmp/192.168.211.158.log
DEBUG entering function foo
DEBUG variable x=192.168.211.158
INFO request from 192.168.211.158
FATAL out of memory
FATAL segfault at address 0x192.168.219.168
ERROR null pointer in module 192.168.121.141
ERROR auth failure for user 192.168.107.168
DEBUG heap size: 192.168.219.168
ERROR file not found: /tmp/192.168.36.209.log
DEBUG variable x=192.168.121.141
INFO request from 192.168.178.215
DEBUG entering function foo
WARN retry attempt 192.168.189.144 for 15733
ERROR auth failure for user 192.168.107.168
FATAL segfault at address 0x192.168.193.243
DEBUG cache hit for key=192.168.193.243
ERROR file not found: /tmp/192.168.142.104.log
WARN retry attempt 192.168.215.207 for 87118
FATAL segfault at address 0x192.168.39.155
WARN disk usage 192.168.219.168%
INFO connection established
FATAL kernel panic
WARN retry attempt 192.168.197.186 for 66459
FATAL unrecoverable disk error
DEBUG heap size: 192.168.193.243
ERROR connection timeout 503
WARN memory threshold reached: 192.168.215.207MB
WARN disk usage 192.168.189.144%
DEBUG entering function foo
DEBUG cache hit for key=192.168.36.209
ERROR connection timeout 503
INFO processed 192.168.39.155 items
FATAL kernel panic
INFO user 192.168.141.220 logged in
WARN memory threshold reached: 192.168.229.48MB
FATAL unrecoverable disk error
FATAL out of memory
FATAL kernel panic
FATAL unrecoverable disk error
WARN memory threshold reached: 192.168.92.139MB
INFO connection established
FATAL kernel panic
FATAL out of memory
DEBUG heap size: 192.168.107.168
WARN retry attempt 192.168.197.186 for 23168
DEBUG cache hit for key=192.168.141.220
WARN retry attempt 192.168.178.215 for 69404
FATAL out of memory
WARN retry attempt 192.168.107.168 for 56616
ERROR file not found: /tmp/192.168.189.144.log
WARN slow query: 192.168.60.30ms
ERROR null pointer in module 192.168.107.168
INFO user 192.168.60.30 logged in
FATAL unrecoverable disk error
INFO connection established
FATAL segfault at address 0x192.168.193.243
WARN disk usage 192.168.121.141%
DEBUG variable x=192.168.142.104
FATAL kernel panic
INFO processed 192.168.142.104 items
INFO user 192.168.215.207 logged in
ERROR file not found: /tmp/192.168.197.186.log
ERROR auth failure for user 192.168.193.243
INFO user 192.168.36.209 logged in
DEBUG entering function foo
INFO request from 192.168.178.6
DEBUG cache hit for key=192.168.178.215
WARN memory threshold reached: 192.168.107.168MB
ERROR null pointer in module 192.168.57.185
DEBUG entering function foo
INFO processed 192.168.60.30 items
ERROR null pointer in module 192.168.229.48
ERROR auth failure for user 192.168.193.243
FATAL unrecoverable disk error
WARN disk usage 192.168.36.209%
WARN memory threshold reached: 192.168.219.168MB
INFO request from 192.168.142.104
WARN slow query: 192.168.60.30ms
INFO request from 192.168.36.209
ERROR connection timeout 503
FATAL kernel panic
ERROR null pointer in module 192.168.189.144
ERROR connection timeout 503
WARN retry attempt 192.168.121.141 for 20701
ERROR null pointer in module 192.168.178.215
DEBUG variable x=192.168.141.220
INFO processed 192.168.82.31 items
INFO user 192.168.197.186 logged in
FATAL kernel panic
ERROR connection timeout 503
DEBUG cache hit for key=192.168.229.48
WARN memory threshold reached: 192.168.211.158MB
FATAL out of memory
INFO processed 192.168.92.139 items
INFO request from 192.168.211.158
ERROR null pointer in module 192.168.229.48
WARN retry attempt 192.168.229.48 for 6839
ERROR connection timeout 503
WARN slow query: 192.168.178.215ms
WARN memory threshold reached: 192.168.229.48MB
FATAL segfault at address 0x192.168.215.207
ERROR connection timeout 503
WARN disk usage 192.168.189.144%
DEBUG entering function foo
FATAL unrecoverable disk error
DEBUG variable x=192.168.9.50
WARN slow query: 192.168.82.31ms
INFO user 192.168.141.220 logged in
WARN memory threshold reached: 192.168.107.168MB
FATAL out of memory
WARN disk usage 192.168.229.48%
DEBUG heap size: 192.168.141.220
INFO connection established
ERROR connection timeout 503
ERROR connection timeout 503
FATAL kernel panic
WARN disk usage 192.168.36.209%
WARN retry attempt 192.168.189.144 for 85778
DEBUG cache hit for key=192.168.141.220
ERROR connection timeout 503
INFO request from 192.168.107.168
WARN slow query: 192.168.60.30ms
ERROR auth failure for user 192.168.219.168
ERROR connection timeout 503
DEBUG entering function foo
FATAL unrecoverable disk error
INFO user 192.168.60.30 logged in
ERROR connection timeout 503
DEBUG entering function foo
ERROR null pointer in module 192.168.60.30
DEBUG entering function foo
ERROR file not found: /tmp/192.168.211.158.log
WARN memory threshold reached: 192.168.141.220MB
DEBUG variable x=192.168.82.31
ERROR file not found: /tmp/192.168.189.144.log
FATAL kernel panic
FATAL segfault at address 0x192.168.82.31
WARN memory threshold reached: 192.168.197.186MB
FATAL segfault at address 0x192.168.121.141
INFO user 192.168.82.31 logged in
DEBUG heap size: 192.168.197.186
DEBUG entering function foo
WARN disk usage 192.168.82.31%
INFO connection established
INFO user 192.168.189.144 logged in
FATAL kernel panic
WARN memory threshold reached: 192.168.121.141MB
INFO user 192.168.82.31 logged in
INFO connection established
WARN memory threshold reached: 192.168.219.168MB
WARN retry attempt 192.168.57.185 for 36176
INFO connection established
DEBUG entering function foo
INFO connection established
WARN memory threshold reached: 192.168.193.243MB
WARN disk usage 192.168.178.6%
WARN slow query: 192.168.178.215ms
ERROR connection timeout 503
FATAL segfault at address 0x192.168.178.215
WARN slow query: 192.168.189.144ms
ERROR file not found: /tmp/192.168.219.168.log
ERROR connection timeout 503
ERROR auth failure for user 192.168.60.30
DEBUG heap size: 192.168.215.207
INFO connection established
FATAL segfault at address 0x192.168.121.141
INFO request from 192.168.142.104
ERROR null pointer in module 192.168.107.168
DEBUG entering function foo
WARN disk usage 192.168.178.6%
FATAL unrecoverable disk error
WARN memory threshold reached: 192.168.39.155MB
FATAL kernel panic
ERROR auth failure for user 192.168.178.215
INFO connection established
DEBUG variable x=192.168.142.104
FATAL kernel panic
DEBUG variable x=192.168.197.186
WARN disk usage 192.168.36.209%
FATAL out of memory
DEBUG variable x=192.168.92.139
WARN slow query: 192.168.178.6ms
WARN slow query: 192.168.215.207ms
ERROR connection timeout 503
DEBUG entering function foo
FATAL segfault at address 0x192.168.211.158
INFO processed 192.168.197.186 items
DEBUG variable x=192.168.57.185
INFO request from 192.168.121.141
WARN memory threshold reached: 192.168.215.207MB
WARN retry attempt 192.168.211.158 for 72842
ERROR connection timeout 503
FATAL segfault at address 0x192.168.178.6
ERROR file not found: /tmp/192.168.211.158.log
INFO processed 192.168.36.209 items
DEBUG cache hit for key=192.168.197.186
FATAL unrecoverable disk error
INFO connection established
FATAL out of memory
INFO processed 192.168.197.186 items
WARN disk usage 192.168.197.186%
INFO user 192.168.178.6 logged in
WARN memory threshold reached: 192.168.229.48MB
WARN slow query: 192.168.141.220ms
WARN slow query: 192.168.36.209ms
FATAL segfault at address 0x192.168.36.209
FATAL out of memory
INFO request from 192.168.9.50
WARN disk usage 192.168.60.30%
WARN slow query: 192.168.211.158ms
DEBUG variable x=192.168.197.186
FATAL segfault at address 0x192.168.141.220
INFO connection established
DEBUG heap size: 192.168.197.186
FATAL out of memory
ERROR file not found: /tmp/192.168.193.243.log
INFO request from 192.168.92.139
INFO connection established
WARN disk usage 192.168.219.168%
INFO request from 192.168.142.104
INFO request from 192.168.82.31
INFO processed 192.168.57.185 items
WARN retry attempt 192.168.142.104 for 49292
FATAL kernel panic
INFO user 192.168.215.207 logged in
WARN memory threshold reached: 192.168.60.30MB
WARN disk usage 192.168.57.185%
DEBUG heap size: 192.168.92.139
FATAL out of memory
DEBUG heap size: 192.168.121.141
INFO user 192.168.9.50 logged in
WARN memory threshold reached: 192.168.219.168MB
ERROR auth failure for user 192.168.215.207
INFO processed 192.168.215.207 items
DEBUG heap size: 192.168.219.168
INFO request from 192.168.215.207
DEBUG cache hit for key=192.168.142.104
FATAL kernel panic
WARN memory threshold reached: 192.168.142.104MB
ERROR connection timeout 503
FATAL out of memory
ERROR auth failure for user 192.168.211.158
DEBUG entering function foo
ERROR auth failure for user 192.168.189.144
FATAL out of memory
WARN slow query: 192.168.39.155ms
DEBUG heap size: 192.168.141.220
INFO connection established
FATAL out of memory
WARN memory threshold reached: 192.168.229.48MB
DEBUG cache hit for key=192.168.142.104
DEBUG variable x=192.168.178.6
INFO processed 192.168.60.30 items
INFO processed 192.168.141.220 items
ERROR file not found: /tmp/192.168.9.50.log
INFO connection established
WARN retry attempt 192.168.215.207 for 1442
DEBUG cache hit for key=192.168.197.186
FATAL segfault at address 0x192.168.197.186
INFO request from 192.168.36.209
WARN retry attempt 192.168.229.48 for 73948
INFO processed 192.168.178.6 items
FATAL out of memory
WARN retry attempt 192.168.178.6 for 83718
INFO processed 192.168.189.144 items
FATAL out of memory
INFO user 192.168.211.158 logged in
WARN slow query: 192.168.142.104ms
WARN memory threshold reached: 192.168.219.168MB
FATAL kernel panic
INFO user 192.168.60.30 logged in
FATAL kernel panic
FATAL kernel panic
INFO connection established
WARN memory threshold reached: 192.168.142.104MB
FATAL kernel panic
DEBUG entering function foo
FATAL kernel panic
FATAL out of memory
FATAL kernel panic
FATAL out of memory
ERROR file not found: /tmp/192.168.107.168.log
DEBUG cache hit for key=192.168.219.168
DEBUG cache hit for key=192.168.36.209
WARN retry attempt 192.168.219.168 for 44368
WARN retry attempt 192.168.229.48 for 94593
ERROR file not found: /tmp/192.168.9.50.log
WARN disk usage 192.168.107.168%
INFO user 192.168.189.144 logged in
INFO processed 192.168.39.155 items
DEBUG entering function foo
DEBUG cache hit for key=192.168.9.50
INFO user 192.168.107.168 logged in
WARN disk usage 192.168.107.168%
DEBUG cache hit for key=192.168.39.155
WARN slow query: 192.168.219.168ms
INFO connection established
FATAL segfault at address 0x192.168.141.220
WARN slow query: 192.168.60.30ms
FATAL unrecoverable disk error
FATAL segfault at address 0x192.168.57.185
WARN slow query: 192.168.107.168ms
ERROR file not found: /tmp/192.168.92.139.log
ERROR auth failure for user 192.168.142.104
INFO request from 192.168.215.207
DEBUG entering function foo
INFO user 192.168.189.144 logged in
DEBUG variable x=192.168.197.186
FATAL kernel panic
DEBUG entering function foo
FATAL kernel panic
WARN retry attempt 192.168.178.215 for 71659
WARN memory threshold reached: 192.168.107.168MB
ERROR file not found: /tmp/192.168.60.30.log
INFO request from 192.168.60.30
FATAL unrecoverable disk error
WARN disk usage 192.168.39.155%
ERROR auth failure for user 192.168.229.48
WARN slow query: 192.168.197.186ms
INFO processed 192.168.121.141 items
WARN disk usage 192.168.178.215%
INFO user 192.168.189.144 logged in
WARN memory threshold reached: 192.168.92.139MB
FATAL kernel panic
WARN slow query: 192.168.215.207ms
FATAL out of memory
DEBUG heap size: 192.168.215.207
ERROR auth failure for user 192.168.9.50
FATAL kernel panic
ERROR file not found: /tmp/192.168.189.144.log
ERROR connection timeout 503
FATAL kernel panic
FATAL unrecoverable disk error
WARN slow query: 192.168.229.48ms
INFO request from 192.168.107.168
FATAL out of memory
FATAL unrecoverable disk error
FATAL kernel panic
ERROR null pointer in module 192.168.36.209
WARN slow query: 192.168.142.104ms
DEBUG heap size: 192.168.60.30
WARN disk usage 192.168.141.220%
DEBUG variable x=192.168.142.104
INFO processed 192.168.39.155 items
INFO processed 192.168.92.139 items
DEBUG entering function foo
ERROR file not found: /tmp/192.168.219.168.log
INFO processed 192.168.121.141 items
WARN disk usage 192.168.142.104%
FATAL segfault at address 0x192.168.39.155
WARN memory threshold reached: 192.168.189.144MB
DEBUG heap size: 192.168.211.158
DEBUG heap size: 192.168.142.104
DEBUG cache hit for key=192.168.197.186
DEBUG heap size: 192.168.121.141
WARN memory threshold reached: 192.168.197.186MB
ERROR file not found: /tmp/192.168.36.209.log
FATAL kernel panic
DEBUG variable x=192.168.193.243
INFO connection established
ERROR auth failure for user 192.168.121.141
ERROR file not found: /tmp/192.168.178.6.log
ERROR file not found: /tmp/192.168.189.144.log
INFO connection established
DEBUG heap size: 192.168.57.185
ERROR null pointer in module 192.168.9.50
WARN slow query: 192.168.219.168ms
DEBUG variable x=192.168.60.30
INFO request from 192.168.219.168
DEBUG entering function foo
FATAL segfault at address 0x192.168.107.168
INFO request from 192.168.82.31
DEBUG entering function foo
INFO request from 192.168.92.139
WARN memory threshold reached: 192.168.178.215MB
WARN slow query: 192.168.9.50ms
DEBUG variable x=192.168.178.215
INFO user 192.168.107.168 logged in
ERROR file not found: /tmp/192.168.60.30.log
WARN retry attempt 192.168.211.158 for 41745
DEBUG heap size: 192.168.211.158
DEBUG variable x=192.168.92.139
WARN slow query: 192.168.121.141ms
INFO connection established
ERROR connection timeout 503
FATAL out of memory
WARN slow query: 192.168.215.207ms
WARN disk usage 192.168.121.141%
WARN disk usage 192.168.178.215%
INFO processed 192.168.60.30 items
ERROR file not found: /tmp/192.168.193.243.log
FATAL kernel panic
ERROR null pointer in module 192.168.82.31
DEBUG entering function foo
FATAL out of memory
FATAL out of memory
INFO processed 192.168.178.215 items
INFO connection established
FATAL kernel panic
ERROR null pointer in module 192.168.60.30
FATAL segfault at address 0x192.168.178.215
WARN slow query: 192.168.82.31ms
FATAL unrecoverable disk error
DEBUG heap size: 192.168.178.215
ERROR file not found: /tmp/192.168.211.158.log
FATAL segfault at address 0x192.168.215.207
INFO request from 192.168.60.30
WARN retry attempt 192.168.193.243 for 37710
ERROR connection timeout 503
DEBUG cache hit for key=192.168.60.30
WARN disk usage 192.168.197.186%
INFO request from 192.168.107.168
DEBUG heap size: 192.168.36.209
FATAL segfault at address 0x192.168.82.31
FATAL segfault at address 0x192.168.178.215
DEBUG variable x=192.168.141.220
INFO processed 192.168.107.168 items
INFO connection established
DEBUG cache hit for key=192.168.107.168
INFO connection established
WARN retry attempt 192.168.60.30 for 30534
WARN slow query: 192.168.141.220ms
FATAL kernel panic
INFO request from 192.168.211.158
DEBUG heap size: 192.168.141.220
INFO request from 192.168.107.168
ERROR auth failure for user 192.168.57.185
INFO processed 192.168.121.141 items
DEBUG heap size: 192.168.193.243
ERROR auth failure for user 192.168.229.48
DEBUG heap size: 192.168.215.207
ERROR file not found: /tmp/192.168.9.50.log
ERROR file not found: /tmp/192.168.197.186.log
WARN slow query: 192.168.36.209ms
ERROR connection timeout 503
FATAL unrecoverable disk error
INFO connection established
FATAL kernel panic
DEBUG cache hit for key=192.168.9.50
FATAL unrecoverable disk error
DEBUG cache hit for key=192.168.141.220
WARN disk usage 192.168.39.155%
WARN memory threshold reached: 192.168.39.155MB
ERROR file not found: /tmp/192.168.141.220.log
ERROR auth failure for user 192.168.211.158
DEBUG variable x=192.168.178.6
FATAL out of memory
ERROR file not found: /tmp/192.168.107.168.log
DEBUG entering function foo
WARN retry attempt 192.168.39.155 for 43618
INFO user 192.168.141.220 logged in
INFO user 192.168.189.144 logged in
ERROR connection timeout 503
DEBUG cache hit for key=192.168.189.144
WARN memory threshold reached: 192.168.219.168MB
DEBUG entering function foo
FATAL kernel panic
FATAL kernel panic
ERROR connection timeout 503
INFO connection established
WARN slow query: 192.168.229.48ms
WARN disk usage 192.168.193.243%
WARN slow query: 192.168.229.48ms
INFO user 192.168.36.209 logged in
INFO request from 192.168.211.158
ERROR null pointer in module 192.168.36.209
ERROR connection timeout 503
DEBUG cache hit for key=192.168.178.215
DEBUG entering function foo
DEBUG variable x=192.168.229.48
DEBUG cache hit for key=192.168.60.30
FATAL unrecoverable disk error
INFO user 192.168.197.186 logged in
INFO connection established
WARN memory threshold reached: 192.168.107.168MB
FATAL kernel panic
ERROR null pointer in module 192.168.57.185
INFO connection established
INFO processed 192.168.142.104 items
ERROR connection timeout 503
ERROR auth failure for user 192.168.219.168
INFO connection established
WARN retry attempt 192.168.82.31 for 79351
ERROR null pointer in module 192.168.60.30
FATAL out of memory
INFO user 192.168.178.215 logged in
INFO request from 192.168.193.243
WARN retry attempt 192.168.9.50 for 61571
DEBUG variable x=192.168.219.168
ERROR auth failure for user 192.168.121.141
ERROR auth failure for user 192.168.229.48
DEBUG variable x=192.168.121.141
DEBUG cache hit for key=192.168.189.144
FATAL kernel panic
WARN memory threshold reached: 192.168.215.207MB
DEBUG entering function foo
DEBUG variable x=192.168.215.207
INFO request from 192.168.219.168
ERROR connection timeout 503
INFO request from 192.168.92.139
WARN retry attempt 192.168.193.243 for 52960
INFO processed 192.168.82.31 items
WARN disk usage 192.168.9.50%
INFO connection established
WARN slow query: 192.168.189.144ms
WARN memory threshold reached: 192.168.57.185MB
ERROR file not found: /tmp/192.168.141.220.log
WARN memory threshold reached: 192.168.121.141MB
FATAL kernel panic
INFO connection established
FATAL unrecoverable disk error
INFO request from 192.168.141.220
INFO request from 192.168.57.185
FATAL kernel panic
FATAL kernel panic
ERROR connection timeout 503
DEBUG variable x=192.168.9.50
INFO processed 192.168.197.186 items
DEBUG cache hit for key=192.168.189.144
INFO processed 192.168.92.139 items
DEBUG heap size: 192.168.9.50
INFO user 192.168.92.139 logged in
ERROR null pointer in module 192.168.57.185
ERROR null pointer in module 192.168.36.209
WARN memory threshold reached: 192.168.39.155MB
INFO request from 192.168.215.207
DEBUG entering function foo
DEBUG heap size: 192.168.193.243
FATAL segfault at address 0x192.168.57.185
ERROR file not found: /tmp/192.168.141.220.log
FATAL out of memory
WARN memory threshold reached: 192.168.229.48MB
WARN slow query: 192.168.189.144ms
WARN memory threshold reached: 192.168.121.141MB
ERROR null pointer in module 192.168.178.6
WARN slow query: 192.168.82.31ms
FATAL kernel panic
WARN slow query: 192.168.60.30ms
WARN slow query: 192.168.178.6ms
ERROR null pointer in module 192.168.193.243
ERROR file not found: /tmp/192.168.92.139.log
WARN retry attempt 192.168.178.6 for 85260
WARN disk usage 192.168.193.243%
INFO request from 192.168.178.215
DEBUG cache hit for key=192.168.178.6
WARN slow query: 192.168.178.6ms
DEBUG variable x=192.168.211.158
WARN memory threshold reached: 192.168.107.168MB
ERROR auth failure for user 192.168.142.104
INFO processed 192.168.39.155 items
ERROR connection timeout 503
ERROR null pointer in module 192.168.36.209
FATAL kernel panic
ERROR auth failure for user 192.168.193.243
DEBUG cache hit for key=192.168.92.139
DEBUG entering function foo
INFO processed 192.168.57.185 items
INFO user 192.168.82.31 logged in
ERROR auth failure for user 192.168.60.30
ERROR null pointer in module 192.168.121.141
WARN disk usage 192.168.229.48%
WARN slow query: 192.168.142.104ms
FATAL out of memory
INFO request from 192.168.36.209
WARN disk usage 192.168.211.158%
ERROR null pointer in module 192.168.142.104
INFO processed 192.168.57.185 items
WARN memory threshold reached: 192.168.178.6MB
FATAL segfault at address 0x192.168.60.30
WARN disk usage 192.168.36.209%
FATAL kernel panic
INFO user 192.168.189.144 logged in
INFO user 192.168.229.48 logged in
FATAL unrecoverable disk error
INFO request from 192.168.219.168
ERROR connection timeout 503
ERROR auth failure for user 192.168.82.31
ERROR connection timeout 503
DEBUG cache hit for key=192.168.189.144
ERROR null pointer in module 192.168.9.50
FATAL kernel panic
ERROR auth failure for user 192.168.141.220
DEBUG variable x=192.168.229.48
FATAL out of memory
DEBUG heap size: 192.168.178.215
FATAL out of memory
ERROR auth failure for user 192.168.219.168
ERROR auth failure for user 192.168.141.220
FATAL kernel panic
DEBUG cache hit for key=192.168.219.168
INFO request from 192.168.141.220
FATAL unrecoverable disk error
WARN disk usage 192.168.178.6%
WARN memory threshold reached: 192.168.82.31MB
DEBUG entering function foo
INFO connection established
INFO connection established
ERROR auth failure for user 192.168.57.185
ERROR connection timeout 503
INFO connection established
DEBUG variable x=192.168.121.141
FATAL unrecoverable disk error
DEBUG entering function foo
WARN retry attempt 192.168.215.207 for 24228
WARN retry attempt 192.168.215.207 for 886
WARN slow query: 192.168.178.6ms
FATAL out of memory
WARN disk usage 192.168.229.48%
DEBUG cache hit for key=192.168.178.6
FATAL unrecoverable disk error
ERROR file not found: /tmp/192.168.36.209.log
DEBUG entering function foo
WARN slow query: 192.168.60.30ms
INFO user 192.168.92.139 logged in
ERROR connection timeout 503
DEBUG heap size: 192.168.141.220
FATAL segfault at address 0x192.168.211.158
FATAL unrecoverable disk error
INFO processed 192.168.219.168 items
ERROR file not found: /tmp/192.168.39.155.log
ERROR connection timeout 503
WARN disk usage 192.168.193.243%
DEBUG cache hit for key=192.168.141.220
WARN disk usage 192.168.107.168%
INFO processed 192.168.215.207 items
ERROR file not found: /tmp/192.168.36.209.log
WARN memory threshold reached: 192.168.36.209MB
FATAL out of memory
DEBUG heap size: 192.168.82.31
FATAL out of memory
WARN memory threshold reached: 192.168.9.50MB
ERROR auth failure for user 192.168.193.243
DEBUG variable x=192.168.9.50
ERROR connection timeout 503
FATAL kernel panic
ERROR auth failure for user 192.168.193.243
WARN retry attempt 192.168.219.168 for 82094
ERROR auth failure for user 192.168.141.220
FATAL out of memory
FATAL kernel panic
INFO request from 192.168.141.220
FATAL out of memory
ERROR connection timeout 503
INFO processed 192.168.107.168 items
DEBUG heap size: 192.168.57.185
FATAL out of memory
ERROR auth failure for user 192.168.36.209
DEBUG variable x=192.168.193.243
FATAL out of memory
FATAL unrecoverable disk error
ERROR null pointer in module 192.168.57.185
FATAL unrecoverable disk error
ERROR connection timeout 503
ERROR null pointer in module 192.168.141.220
WARN disk usage 192.168.107.168%
DEBUG heap size: 192.168.121.141
FATAL segfault at address 0x192.168.141.220
INFO processed 192.168.193.243 items
INFO user 192.168.142.104 logged in
FATAL unrecoverable disk error
INFO connection established
WARN slow query: 192.168.121.141ms
FATAL out of memory
WARN retry attempt 192.168.193.243 for 21489
ERROR connection timeout 503
DEBUG heap size: 192.168.189.144
ERROR auth failure for user 192.168.36.209
INFO connection established
ERROR connection timeout 503
INFO connection established
FATAL kernel panic
DEBUG heap size: 192.168.229.48
DEBUG variable x=192.168.219.168
ERROR connection timeout 503
WARN disk usage 192.168.142.104%
INFO request from 192.168.39.155
FATAL kernel panic
DEBUG variable x=192.168.92.139
FATAL out of memory
INFO user 192.168.107.168 logged in
INFO connection established
DEBUG variable x=192.168.193.243
DEBUG variable x=192.168.57.185
INFO user 192.168.39.155 logged in
WARN retry attempt 192.168.92.139 for 7967
FATAL segfault at address 0x192.168.211.158
INFO user 192.168.189.144 logged in
DEBUG heap size: 192.168.82.31
DEBUG entering function foo
INFO user 192.168.189.144 logged in
ERROR connection timeout 503
WARN disk usage 192.168.107.168%
DEBUG entering function foo
FATAL kernel panic
WARN memory threshold reached: 192.168.39.155MB
WARN memory threshold reached: 192.168.197.186MB
WARN retry attempt 192.168.211.158 for 44650
DEBUG heap size: 192.168.60.30
DEBUG heap size: 192.168.178.215
ERROR auth failure for user 192.168.215.207
FATAL out of memory
FATAL unrecoverable disk error
FATAL unrecoverable disk error
ERROR auth failure for user 192.168.121.141
FATAL out of memory
FATAL segfault at address 0x192.168.178.215
DEBUG cache hit for key=192.168.189.144
DEBUG entering function foo
WARN slow query: 192.168.121.141ms
INFO processed 192.168.197.186 items
WARN disk usage 192.168.197.186%
DEBUG entering function foo
FATAL unrecoverable disk error
FATAL out of memory
WARN slow query: 192.168.107.168ms
WARN memory threshold reached: 192.168.189.144MB
INFO processed 192.168.178.6 items
INFO processed 192.168.57.185 items
ERROR null pointer in module 192.168.57.185
WARN slow query: 192.168.189.144ms
WARN disk usage 192.168.121.141%
INFO connection established
INFO request from 192.168.215.207
DEBUG heap size: 192.168.197.186
ERROR null pointer in module 192.168.92.139
INFO connection established
WARN disk usage 192.168.60.30%
WARN slow query: 192.168.189.144ms
FATAL kernel panic
DEBUG cache hit for key=192.168.142.104
WARN disk usage 192.168.219.168%
ERROR null pointer in module 192.168.189.144
WARN memory threshold reached: 192.168.142.104MB
DEBUG variable x=192.168.60.30
INFO processed 192.168.36.209 items
ERROR auth failure for user 192.168.57.185
INFO request from 192.168.193.243
DEBUG entering function foo
WARN retry attempt 192.168.193.243 for 20947
FATAL unrecoverable disk error
WARN disk usage 192.168.92.139%
ERROR auth failure for user 192.168.193.243
ERROR file not found: /tmp/192.168.82.31.log
WARN slow query: 192.168.215.207ms
INFO processed 192.168.215.207 items
INFO connection established
FATAL segfault at address 0x192.168.60.30
FATAL segfault at address 0x192.168.197.186
DEBUG entering function foo
WARN disk usage 192.168.178.6%
INFO processed 192.168.193.243 items
FATAL kernel panic
DEBUG entering function foo
WARN disk usage 192.168.229.48%
WARN slow query: 192.168.193.243ms
WARN memory threshold reached: 192.168.82.31MB
ERROR connection timeout 503
DEBUG entering function foo
DEBUG cache hit for key=192.168.39.155
ERROR auth failure for user 192.168.215.207
INFO user 192.168.57.185 logged in
WARN retry attempt 192.168.39.155 for 72497
INFO connection established
WARN retry attempt 192.168.142.104 for 38197
INFO processed 192.168.211.158 items
ERROR null pointer in module 192.168.229.48
ERROR null pointer in module 192.168.189.144
FATAL unrecoverable disk error
ERROR connection timeout 503
WARN disk usage 192.168.60.30%
INFO connection established
INFO processed 192.168.9.50 items
WARN slow query: 192.168.57.185ms
FATAL segfault at address 0x192.168.193.243
ERROR auth failure for user 192.168.178.215
FATAL kernel panic
FATAL out of memory
DEBUG variable x=192.168.9.50
WARN retry attempt 192.168.193.243 for 49995
WARN retry attempt 192.168.60.30 for 90326
INFO request from 192.168.9.50
INFO request from 192.168.60.30
FATAL unrecoverable disk error
INFO processed 192.168.193.243 items
FATAL unrecoverable disk error
ERROR auth failure for user 192.168.121.141
INFO processed 192.168.178.215 items
INFO processed 192.168.189.144 items
DEBUG entering function foo
WARN retry attempt 192.168.107.168 for 29685
ERROR connection timeout 503
INFO connection established
WARN disk usage 192.168.57.185%
FATAL kernel panic
ERROR null pointer in module 192.168.142.104
FATAL kernel panic
ERROR file not found: /tmp/192.168.197.186.log
ERROR null pointer in module 192.168.189.144
DEBUG entering function foo
FATAL unrecoverable disk error
FATAL segfault at address 0x192.168.141.220
INFO connection established
INFO connection established
ERROR file not found: /tmp/192.168.60.30.log
FATAL unrecoverable disk error
FATAL out of memory
WARN retry attempt 192.168.142.104 for 65956
WARN disk usage 192.168.82.31%
ERROR connection timeout 503
INFO user 192.168.60.30 logged in
INFO user 192.168.92.139 logged in
ERROR connection timeout 503
FATAL kernel panic
DEBUG heap size: 192.168.82.31
WARN memory threshold reached: 192.168.82.31MB
WARN disk usage 192.168.107.168%
WARN slow query: 192.168.107.168ms
DEBUG entering function foo
INFO connection established
DEBUG variable x=192.168.82.31
ERROR auth failure for user 192.168.142.104
FATAL out of memory
WARN slow query: 192.168.215.207ms
FATAL unrecoverable disk error
INFO connection established
FATAL segfault at address 0x192.168.121.141
DEBUG cache hit for key=192.168.39.155
ERROR file not found: /tmp/192.168.39.155.log
FATAL kernel panic
ERROR null pointer in module 192.168.178.6
INFO request from 192.168.211.158
INFO user 192.168.36.209 logged in
FATAL unrecoverable disk error
DEBUG entering function foo
ERROR null pointer in module 192.168.229.48
INFO connection established
INFO user 192.168.9.50 logged in
ERROR connection timeout 503
ERROR file not found: /tmp/192.168.178.6.log
ERROR auth failure for user 192.168.60.30
DEBUG heap size: 192.168.229.48
ERROR auth failure for user 192.168.107.168
FATAL kernel panic
FATAL unrecoverable disk error
ERROR file not found: /tmp/192.168.178.215.log
DEBUG variable x=192.168.57.185
WARN retry attempt 192.168.36.209 for 33963
DEBUG heap size: 192.168.193.243
INFO connection established
ERROR null pointer in module 192.168.36.209
FATAL out of memory
DEBUG heap size: 192.168.141.220
INFO processed 192.168.142.104 items
FATAL unrecoverable disk error
FATAL unrecoverable disk error
INFO processed 192.168.193.243 items
INFO user 192.168.229.48 logged in
INFO processed 192.168.229.48 items
DEBUG variable x=192.168.39.155
WARN slow query: 192.168.178.215ms
DEBUG variable x=192.168.36.209
FATAL segfault at address 0x192.168.92.139
WARN memory threshold reached: 192.168.178.215MB
ERROR connection timeout 503
INFO user 192.168.178.215 logged in
FATAL unrecoverable disk error
INFO connection established
DEBUG variable x=192.168.229.48
INFO connection established
INFO connection established
DEBUG variable x=192.168.82.31
ERROR auth failure for user 192.168.60.30
DEBUG heap size: 192.168.60.30
DEBUG cache hit for key=192.168.36.209
FATAL segfault at address 0x192.168.211.158
FATAL unrecoverable disk error
WARN memory threshold reached: 192.168.36.209MB
FATAL kernel panic
ERROR auth failure for user 192.168.9.50
INFO connection established
ERROR auth failure for user 192.168.9.50
INFO connection established
ERROR file not found: /tmp/192.168.219.168.log
FATAL segfault at address 0x192.168.178.6
INFO request from 192.168.107.168
ERROR connection timeout 503
ERROR auth failure for user 192.168.229.48
DEBUG variable x=192.168.107.168
FATAL kernel panic
FATAL segfault at address 0x192.168.121.141
INFO connection established
DEBUG variable x=192.168.229.48
INFO processed 192.168.57.185 items
WARN retry attempt 192.168.215.207 for 18340
WARN disk usage 192.168.92.139%
INFO user 192.168.197.186 logged in
DEBUG heap size: 192.168.82.31
FATAL unrecoverable disk error
WARN slow query: 192.168.219.168ms
INFO connection established
WARN disk usage 192.168.36.209%
INFO processed 192.168.197.186 items
INFO connection established
WARN disk usage 192.168.178.6%
FATAL out of memory
ERROR connection timeout 503
INFO processed 192.168.60.30 items
INFO user 192.168.219.168 logged in
DEBUG variable x=192.168.36.209
ERROR file not found: /tmp/192.168.229.48.log
FATAL out of memory
WARN retry attempt 192.168.219.168 for 19427
ERROR null pointer in module 192.168.178.6
DEBUG entering function foo
WARN memory threshold reached: 192.168.229.48MB
FATAL segfault at address 0x192.168.197.186
DEBUG cache hit for key=192.168.178.6
WARN memory threshold reached: 192.168.121.141MB
DEBUG entering function foo
FATAL out of memory
ERROR connection timeout 503
INFO connection established
WARN disk usage 192.168.39.155%
DEBUG variable x=192.168.178.215
DEBUG variable x=192.168.121.141
WARN memory threshold reached: 192.168.229.48MB
ERROR connection timeout 503
WARN memory threshold reached: 192.168.219.168MB
DEBUG heap size: 192.168.9.50
DEBUG cache hit for key=192.168.178.6
INFO processed 192.168.107.168 items
WARN disk usage 192.168.211.158%
DEBUG cache hit for key=192.168.189.144
FATAL kernel panic
WARN slow query: 192.168.219.168ms
WARN retry attempt 192.168.121.141 for 94872
ERROR null pointer in module 192.168.141.220
DEBUG cache hit for key=192.168.197.186
INFO request from 192.168.142.104
ERROR auth failure for user 192.168.178.215
INFO processed 192.168.82.31 items
WARN slow query: 192.168.9.50ms
FATAL out of memory
INFO request from 192.168.189.144
ERROR auth failure for user 192.168.178.215
WARN retry attempt 192.168.178.6 for 10690
FATAL segfault at address 0x192.168.229.48
WARN disk usage 192.168.39.155%
FATAL segfault at address 0x192.168.36.209
INFO connection established
WARN retry attempt 192.168.229.48 for 72204
ERROR null pointer in module 192.168.189.144
ERROR connection timeout 503
DEBUG cache hit for key=192.168.121.141
WARN disk usage 192.168.142.104%
INFO user 192.168.107.168 logged in
DEBUG heap size: 192.168.60.30
ERROR auth failure for user 192.168.178.6
INFO user 192.168.107.168 logged in
WARN memory threshold reached: 192.168.92.139MB
INFO request from 192.168.219.168
ERROR file not found: /tmp/192.168.60.30.log
DEBUG heap size: 192.168.141.220
INFO processed 192.168.57.185 items
WARN disk usage 192.168.60.30%
ERROR connection timeout 503
DEBUG cache hit for key=192.168.211.158
FATAL segfault at address 0x192.168.142.104
ERROR connection timeout 503
ERROR auth failure for user 192.168.36.209
ERROR auth failure for user 192.168.189.144
ERROR connection timeout 503
DEBUG variable x=192.168.92.139
DEBUG cache hit for key=192.168.92.139
INFO request from 192.168.60.30
DEBUG heap size: 192.168.36.209
FATAL segfault at address 0x192.168.229.48
INFO request from 192.168.178.6
ERROR auth failure for user 192.168.141.220
FATAL segfault at address 0x192.168.178.6
FATAL segfault at address 0x192.168.211.158
ERROR file not found: /tmp/192.168.142.104.log
FATAL kernel panic
INFO connection established
FATAL kernel panic
INFO request from 192.168.178.215
ERROR auth failure for user 192.168.211.158
DEBUG variable x=192.168.39.155
INFO request from 192.168.141.220
INFO connection established
FATAL out of memory
DEBUG heap size: 192.168.178.215
WARN retry attempt 192.168.197.186 for 75189
WARN slow query: 192.168.121.141ms
FATAL segfault at address 0x192.168.197.186
DEBUG variable x=192.168.229.48
FATAL kernel panic
WARN memory threshold reached: 192.168.229.48MB
FATAL unrecoverable disk error
INFO connection established
INFO user 192.168.178.6 logged in
ERROR null pointer in module 192.168.193.243
ERROR auth failure for user 192.168.141.220
DEBUG cache hit for key=192.168.39.155
INFO processed 192.168.36.209 items
ERROR auth failure for user 192.168.215.207
ERROR null pointer in module 192.168.229.48
ERROR connection timeout 503
INFO request from 192.168.57.185
DEBUG variable x=192.168.229.48
DEBUG cache hit for key=192.168.107.168
INFO user 192.168.82.31 logged in
INFO connection established
WARN memory threshold reached: 192.168.141.220MB
ERROR null pointer in module 192.168.229.48
FATAL segfault at address 0x192.168.215.207
DEBUG heap size: 192.168.39.155
ERROR null pointer in module 192.168.36.209
DEBUG variable x=192.168.211.158
WARN slow query: 192.168.36.209ms
WARN retry attempt 192.168.36.209 for 71168
WARN slow query: 192.168.57.185ms
WARN disk usage 192.168.121.141%
DEBUG entering function foo
INFO connection established
INFO connection established
WARN disk usage 192.168.57.185%
FATAL unrecoverable disk error
FATAL out of memory
FATAL segfault at address 0x192.168.82.31
INFO request from 192.168.197.186
DEBUG cache hit for key=192.168.215.207
INFO user 192.168.121.141 logged in
WARN slow query: 192.168.142.104ms
DEBUG entering function foo
DEBUG entering function foo
ERROR file not found: /tmp/192.168.142.104.log
WARN retry attempt 192.168.57.185 for 47763
ERROR connection timeout 503
DEBUG variable x=192.168.178.6
INFO request from 192.168.189.144
WARN slow query: 192.168.107.168ms
ERROR file not found: /tmp/192.168.39.155.log
DEBUG entering function foo
DEBUG cache hit for key=192.168.229.48
INFO connection established
WARN memory threshold reached: 192.168.107.168MB
INFO user 192.168.197.186 logged in
ERROR null pointer in module 192.168.229.48
ERROR auth failure for user 192.168.9.50
FATAL unrecoverable disk error
DEBUG cache hit for key=192.168.121.141
ERROR auth failure for user 192.168.211.158
DEBUG cache hit for key=192.168.9.50
WARN retry attempt 192.168.39.155 for 82615
WARN memory threshold reached: 192.168.39.155MB
DEBUG cache hit for key=192.168.215.207
FATAL out of memory
INFO request from 192.168.229.48
INFO user 192.168.92.139 logged in
ERROR file not found: /tmp/192.168.36.209.log
ERROR null pointer in module 192.168.9.50
DEBUG cache hit for key=192.168.189.144
INFO connection established
INFO user 192.168.82.31 logged in
DEBUG variable x=192.168.211.158
INFO request from 192.168.39.155
ERROR null pointer in module 192.168.211.158
DEBUG variable x=192.168.211.158
ERROR file not found: /tmp/192.168.197.186.log
FATAL kernel panic
FATAL kernel panic
WARN retry attempt 192.168.178.6 for 51619
FATAL out of memory
ERROR file not found: /tmp/192.168.178.215.log
ERROR null pointer in module 192.168.178.6
DEBUG cache hit for key=192.168.142.104
FATAL kernel panic
ERROR connection timeout 503
FATAL kernel panic
ERROR auth failure for user 192.168.57.185
WARN memory threshold reached: 192.168.219.168MB
INFO request from 192.168.121.141
DEBUG variable x=192.168.219.168
ERROR null pointer in module 192.168.189.144
DEBUG cache hit for key=192.168.189.144
ERROR file not found: /tmp/192.168.211.158.log
WARN memory threshold reached: 192.168.197.186MB
FATAL out of memory
INFO connection established
ERROR file not found: /tmp/192.168.9.50.log
DEBUG heap size: 192.168.36.209
INFO processed 192.168.178.6 items
WARN disk usage 192.168.178.6%
ERROR file not found: /tmp/192.168.60.30.log
INFO connection established
ERROR auth failure for user 192.168.178.215
FATAL unrecoverable disk error
FATAL segfault at address 0x192.168.193.243
DEBUG entering function foo
DEBUG cache hit for key=192.168.189.144
FATAL out of memory
ERROR connection timeout 503
WARN disk usage 192.168.121.141%
INFO connection established
FATAL segfault at address 0x192.168.121.141
ERROR file not found: /tmp/192.168.219.168.log
DEBUG cache hit for key=192.168.107.168
DEBUG variable x=192.168.215.207
INFO user 192.168.189.144 logged in
FATAL unrecoverable disk error
WARN disk usage 192.168.211.158%
WARN disk usage 192.168.211.158%
ERROR connection timeout 503
DEBUG variable x=192.168.193.243
FATAL segfault at address 0x192.168.229.48
WARN disk usage 192.168.36.209%
FATAL kernel panic
WARN retry attempt 192.168.142.104 for 20282
DEBUG entering function foo
ERROR auth failure for user 192.168.39.155
WARN disk usage 192.168.141.220%
DEBUG entering function foo
FATAL out of memory
DEBUG variable x=192.168.9.50
DEBUG entering function foo
DEBUG variable x=192.168.92.139
DEBUG entering function foo
ERROR file not found: /tmp/192.168.60.30.log
DEBUG heap size: 192.168.9.50
FATAL segfault at address 0x192.168.178.215
DEBUG heap size: 192.168.107.168
ERROR null pointer in module 192.168.219.168
ERROR file not found: /tmp/192.168.229.48.log
DEBUG entering function foo
INFO processed 192.168.57.185 items
ERROR file not found: /tmp/192.168.211.158.log
INFO request from 192.168.39.155
DEBUG cache hit for key=192.168.39.155
WARN disk usage 192.168.39.155%
ERROR auth failure for user 192.168.219.168
INFO user 192.168.197.186 logged in
ERROR connection timeout 503
DEBUG variable x=192.168.189.144
FATAL segfault at address 0x192.168.197.186
WARN slow query: 192.168.39.155ms
DEBUG cache hit for key=192.168.219.168
INFO request from 192.168.9.50
ERROR null pointer in module 192.168.57.185
ERROR connection timeout 503
FATAL kernel panic
INFO processed 192.168.197.186 items
ERROR file not found: /tmp/192.168.142.104.log
WARN slow query: 192.168.189.144ms
INFO request from 192.168.92.139
DEBUG cache hit for key=192.168.229.48
ERROR connection timeout 503
INFO processed 192.168.197.186 items
FATAL unrecoverable disk error
DEBUG variable x=192.168.142.104
DEBUG variable x=192.168.36.209
ERROR file not found: /tmp/192.168.141.220.log
ERROR auth failure for user 192.168.193.243
INFO request from 192.168.121.141
FATAL unrecoverable disk error
DEBUG heap size: 192.168.229.48
FATAL segfault at address 0x192.168.121.141
DEBUG cache hit for key=192.168.215.207
INFO request from 192.168.229.48
DEBUG cache hit for key=192.168.189.144
INFO request from 192.168.92.139
INFO processed 192.168.142.104 items
FATAL unrecoverable disk error
FATAL kernel panic
WARN slow query: 192.168.229.48ms
FATAL out of memory
WARN retry attempt 192.168.92.139 for 93412
INFO connection established
FATAL out of memory
INFO user 192.168.82.31 logged in
DEBUG heap size: 192.168.92.139
WARN slow query: 192.168.193.243ms
FATAL out of memory
DEBUG variable x=192.168.193.243
WARN retry attempt 192.168.9.50 for 99992
WARN slow query: 192.168.82.31ms
DEBUG entering function foo
WARN memory threshold reached: 192.168.219.168MB
INFO request from 192.168.189.144
FATAL segfault at address 0x192.168.197.186
INFO user 192.168.197.186 logged in
ERROR connection timeout 503
INFO connection established
ERROR null pointer in module 192.168.219.168
WARN memory threshold reached: 192.168.211.158MB
WARN slow query: 192.168.215.207ms
ERROR auth failure for user 192.168.141.220
DEBUG cache hit for key=192.168.141.220
WARN slow query: 192.168.189.144ms
DEBUG entering function foo
INFO connection established
ERROR auth failure for user 192.168.142.104
WARN memory threshold reached: 192.168.211.158MB
ERROR connection timeout 503
ERROR file not found: /tmp/192.168.215.207.log
DEBUG entering function foo
ERROR null pointer in module 192.168.178.215
INFO user 192.168.121.141 logged in
INFO request from 192.168.211.158
DEBUG variable x=192.168.82.31
DEBUG heap size: 192.168.57.185
INFO user 192.168.57.185 logged in
DEBUG heap size: 192.168.57.185
INFO request from 192.168.211.158
WARN disk usage 192.168.211.158%
ERROR file not found: /tmp/192.168.141.220.log
FATAL unrecoverable disk error
DEBUG variable x=192.168.189.144
INFO user 192.168.178.6 logged in
FATAL unrecoverable disk error
ERROR connection timeout 503
INFO user 192.168.60.30 logged in
FATAL unrecoverable disk error
ERROR file not found: /tmp/192.168.219.168.log
FATAL unrecoverable disk error
WARN retry attempt 192.168.107.168 for 92966
FATAL segfault at address 0x192.168.60.30
DEBUG heap size: 192.168.60.30
INFO request from 192.168.215.207
DEBUG entering function foo
DEBUG variable x=192.168.178.6
DEBUG entering function foo
ERROR null pointer in module 192.168.92.139
WARN memory threshold reached: 192.168.39.155MB
ERROR connection timeout 503
DEBUG heap size: 192.168.9.50
INFO request from 192.168.178.215
DEBUG entering function foo
WARN slow query: 192.168.57.185ms
DEBUG cache hit for key=192.168.215.207
DEBUG cache hit for key=192.168.215.207
WARN slow query: 192.168.229.48ms
WARN retry attempt 192.168.92.139 for 48507
DEBUG heap size: 192.168.107.168
FATAL kernel panic
WARN slow query: 192.168.107.168ms
WARN memory threshold reached: 192.168.219.168MB
ERROR auth failure for user 192.168.178.215
DEBUG variable x=192.168.107.168
DEBUG cache hit for key=192.168.197.186
WARN disk usage 192.168.39.155%
DEBUG heap size: 192.168.60.30
WARN disk usage 192.168.39.155%
INFO user 192.168.92.139 logged in
DEBUG variable x=192.168.121.141
WARN slow query: 192.168.178.6ms
WARN disk usage 192.168.178.215%
WARN retry attempt 192.168.141.220 for 125
WARN retry attempt 192.168.197.186 for 61043
WARN memory threshold reached: 192.168.197.186MB
INFO connection established
WARN retry attempt 192.168.36.209 for 5741
FATAL unrecoverable disk error
INFO connection established
INFO processed 192.168.82.31 items
INFO processed 192.168.141.220 items
INFO connection established
DEBUG cache hit for key=192.168.193.243
DEBUG entering function foo
WARN slow query: 192.168.141.220ms
ERROR null pointer in module 192.168.197.186
INFO processed 192.168.107.168 items
FATAL kernel panic
INFO request from 192.168.57.185
DEBUG heap size: 192.168.193.243
FATAL segfault at address 0x192.168.57.185
ERROR auth failure for user 192.168.57.185
INFO processed 192.168.57.185 items
DEBUG variable x=192.168.197.186
WARN memory threshold reached: 192.168.60.30MB
WARN retry attempt 192.168.193.243 for 94330
ERROR connection timeout 503
INFO connection established
INFO request from 192.168.107.168
INFO request from 192.168.9.50
DEBUG variable x=192.168.189.144
WARN slow query: 192.168.178.215ms
ERROR connection timeout 503
FATAL unrecoverable disk error
INFO user 192.168.178.215 logged in
DEBUG variable x=192.168.141.220
DEBUG variable x=192.168.92.139
WARN retry attempt 192.168.121.141 for 3212
FATAL out of memory
WARN memory threshold reached: 192.168.9.50MB
WARN disk usage 192.168.193.243%
WARN memory threshold reached: 192.168.215.207MB
WARN retry attempt 192.168.219.168 for 78982
FATAL out of memory
FATAL out of memory
INFO user 192.168.107.168 logged in
DEBUG entering function foo
INFO connection established
DEBUG cache hit for key=192.168.9.50
ERROR auth failure for user 192.168.229.48
ERROR file not found: /tmp/192.168.60.30.log
INFO connection established
FATAL out of memory
INFO connection established
DEBUG heap size: 192.168.36.209
WARN retry attempt 192.168.215.207 for 57037
ERROR auth failure for user 192.168.229.48
INFO processed 192.168.178.6 items
WARN disk usage 192.168.36.209%
WARN disk usage 192.168.189.144%
FATAL unrecoverable disk error
INFO request from 192.168.39.155
FATAL unrecoverable disk error
FATAL segfault at address 0x192.168.178.6
ERROR auth failure for user 192.168.82.31
FATAL kernel panic
INFO user 192.168.141.220 logged in
WARN retry attempt 192.168.36.209 for 97015
INFO user 192.168.178.6 logged in
FATAL segfault at address 0x192.168.189.144
ERROR auth failure for user 192.168.141.220
WARN disk usage 192.168.229.48%
WARN slow query: 192.168.57.185ms
WARN disk usage 192.168.211.158%
WARN memory threshold reached: 192.168.229.48MB
FATAL segfault at address 0x192.168.57.185
DEBUG cache hit for key=192.168.142.104
ERROR file not found: /tmp/192.168.141.220.log
FATAL segfault at address 0x192.168.142.104
ERROR auth failure for user 192.168.142.104
DEBUG variable x=192.168.92.139
DEBUG cache hit for key=192.168.92.139
FATAL out of memory
WARN memory threshold reached: 192.168.142.104MB
INFO request from 192.168.9.50
WARN slow query: 192.168.36.209ms
DEBUG entering function foo
INFO user 192.168.121.141 logged in
DEBUG entering function foo
ERROR auth failure for user 192.168.39.155
INFO processed 192.168.92.139 items
DEBUG variable x=192.168.142.104
DEBUG variable x=192.168.215.207
ERROR file not found: /tmp/192.168.82.31.log
ERROR connection timeout 503
FATAL kernel panic
INFO user 192.168.121.141 logged in
DEBUG entering function foo
DEBUG cache hit for key=192.168.107.168
FATAL kernel panic
ERROR connection timeout 503
DEBUG cache hit for key=192.168.178.6
ERROR auth failure for user 192.168.39.155
WARN slow query: 192.168.92.139ms
WARN disk usage 192.168.36.209%
ERROR file not found: /tmp/192.168.9.50.log
DEBUG cache hit for key=192.168.60.30
DEBUG cache hit for key=192.168.92.139
ERROR null pointer in module 192.168.60.30
WARN disk usage 192.168.229.48%
DEBUG heap size: 192.168.141.220
DEBUG variable x=192.168.121.141
WARN slow query: 192.168.141.220ms
DEBUG entering function foo
WARN slow query: 192.168.39.155ms
WARN retry attempt 192.168.178.215 for 16301
DEBUG heap size: 192.168.39.155
DEBUG cache hit for key=192.168.107.168
DEBUG heap size: 192.168.229.48
DEBUG cache hit for key=192.168.82.31
WARN retry attempt 192.168.82.31 for 74298
ERROR auth failure for user 192.168.229.48
INFO request from 192.168.219.168
FATAL segfault at address 0x192.168.219.168
INFO user 192.168.197.186 logged in
WARN retry attempt 192.168.57.185 for 43303
INFO processed 192.168.107.168 items
INFO request from 192.168.39.155
WARN slow query: 192.168.9.50ms
FATAL kernel panic
ERROR connection timeout 503
INFO connection established
WARN retry attempt 192.168.193.243 for 140
ERROR file not found: /tmp/192.168.60.30.log
INFO user 192.168.39.155 logged in
WARN memory threshold reached: 192.168.142.104MB
FATAL kernel panic
FATAL segfault at address 0x192.168.178.215
INFO connection established
FATAL kernel panic
WARN retry attempt 192.168.211.158 for 55348
DEBUG heap size: 192.168.141.220
INFO request from 192.168.92.139
ERROR connection timeout 503
WARN retry attempt 192.168.9.50 for 8226
FATAL segfault at address 0x192.168.92.139
ERROR file not found: /tmp/192.168.82.31.log
DEBUG variable x=192.168.142.104
FATAL out of memory
ERROR auth failure for user 192.168.57.185
DEBUG variable x=192.168.193.243
WARN slow query: 192.168.60.30ms
ERROR file not found: /tmp/192.168.92.139.log
DEBUG variable x=192.168.178.6
DEBUG cache hit for key=192.168.107.168
INFO connection established
WARN retry attempt 192.168.57.185 for 85310
DEBUG heap size: 192.168.36.209
FATAL segfault at address 0x192.168.107.168
FATAL out of memory
WARN disk usage 192.168.141.220%
DEBUG cache hit for key=192.168.229.48
WARN disk usage 192.168.9.50%
ERROR file not found: /tmp/192.168.9.50.log
ERROR connection timeout 503
FATAL out of memory
DEBUG variable x=192.168.92.139
ERROR auth failure for user 192.168.92.139
FATAL out of memory
DEBUG cache hit for key=192.168.60.30
WARN retry attempt 192.168.215.207 for 43074
DEBUG entering function foo
DEBUG cache hit for key=192.168.92.139
INFO processed 192.168.92.139 items
FATAL unrecoverable disk error
FATAL segfault at address 0x192.168.36.209
FATAL unrecoverable disk error
ERROR connection timeout 503
ERROR file not found: /tmp/192.168.57.185.log
DEBUG cache hit for key=192.168.92.139
ERROR connection timeout 503
WARN slow query: 192.168.60.30ms
FATAL kernel panic
WARN slow query: 192.168.178.6ms
ERROR null pointer in module 192.168.178.6
FATAL unrecoverable disk error
INFO connection established
ERROR connection timeout 503
ERROR auth failure for user 192.168.197.186
WARN retry attempt 192.168.178.6 for 88967
ERROR connection timeout 503
ERROR connection timeout 503
ERROR auth failure for user 192.168.189.144
DEBUG heap size: 192.168.36.209
WARN retry attempt 192.168.178.215 for 15036
WARN retry attempt 192.168.193.243 for 9333
FATAL out of memory
ERROR connection timeout 503
FATAL segfault at address 0x192.168.39.155
ERROR connection timeout 503
FATAL unrecoverable disk error
WARN disk usage 192.168.189.144%
INFO user 192.168.189.144 logged in
FATAL out of memory
INFO user 192.168.60.30 logged in
ERROR connection timeout 503
DEBUG cache hit for key=192.168.141.220
FATAL out of memory
INFO request from 192.168.57.185
WARN memory threshold reached: 192.168.36.209MB
WARN disk usage 192.168.229.48%
WARN slow query: 192.168.107.168ms
INFO user 192.168.178.215 logged in
DEBUG entering function foo
INFO connection established
FATAL out of memory
WARN slow query: 192.168.36.209ms
INFO user 192.168.82.31 logged in
DEBUG entering function foo
FATAL kernel panic
ERROR null pointer in module 192.168.141.220
WARN retry attempt 192.168.39.155 for 55864
ERROR auth failure for user 192.168.193.243
ERROR auth failure for user 192.168.121.141
DEBUG variable x=192.168.36.209
FATAL kernel panic
INFO connection established
FATAL kernel panic
FATAL segfault at address 0x192.168.60.30
ERROR file not found: /tmp/192.168.219.168.log
WARN retry attempt 192.168.211.158 for 35079
INFO processed 192.168.9.50 items
DEBUG heap size: 192.168.9.50
FATAL kernel panic
WARN slow query: 192.168.57.185ms
FATAL segfault at address 0x192.168.36.209
FATAL kernel panic
ERROR file not found: /tmp/192.168.121.141.log
WARN retry attempt 192.168.107.168 for 60291
FATAL unrecoverable disk error
FATAL out of memory
FATAL kernel panic
INFO connection established
FATAL segfault at address 0x192.168.9.50
WARN memory threshold reached: 192.168.193.243MB
FATAL kernel panic
FATAL out of memory
INFO processed 192.168.215.207 items
INFO processed 192.168.189.144 items
FATAL segfault at address 0x192.168.193.243
ERROR connection timeout 503
ERROR connection timeout 503
ERROR file not found: /tmp/192.168.60.30.log
ERROR file not found: /tmp/192.168.197.186.log
DEBUG heap size: 192.168.215.207
DEBUG heap size: 192.168.121.141
FATAL out of memory
INFO connection established
WARN retry attempt 192.168.178.215 for 26659
WARN memory threshold reached: 192.168.178.6MB
WARN slow query: 192.168.193.243ms
FATAL segfault at address 0x192.168.178.215
FATAL segfault at address 0x192.168.178.215
ERROR auth failure for user 192.168.197.186
DEBUG entering function foo
WARN slow query: 192.168.9.50ms
WARN slow query: 192.168.121.141ms
WARN disk usage 192.168.219.168%
ERROR null pointer in module 192.168.211.158
INFO user 192.168.193.243 logged in
FATAL kernel panic
FATAL unrecoverable disk error
ERROR null pointer in module 192.168.229.48
WARN disk usage 192.168.39.155%
INFO user 192.168.60.30 logged in
INFO request from 192.168.219.168
INFO processed 192.168.60.30 items
INFO processed 192.168.141.220 items
WARN memory threshold reached: 192.168.142.104MB
WARN retry attempt 192.168.229.48 for 56739
FATAL unrecoverable disk error
DEBUG heap size: 192.168.107.168
ERROR null pointer in module 192.168.141.220
ERROR connection timeout 503
ERROR auth failure for user 192.168.107.168
WARN slow query: 192.168.60.30ms
DEBUG entering function foo
FATAL segfault at address 0x192.168.36.209
WARN retry attempt 192.168.9.50 for 62783
DEBUG entering function foo
INFO request from 192.168.57.185
WARN retry attempt 192.168.189.144 for 26471
WARN memory threshold reached: 192.168.82.31MB
INFO request from 192.168.142.104
FATAL kernel panic
WARN memory threshold reached: 192.168.178.215MB
INFO connection established
WARN slow query: 192.168.189.144ms
WARN disk usage 192.168.82.31%
FATAL kernel panic
FATAL segfault at address 0x192.168.92.139
FATAL kernel panic
INFO processed 192.168.82.31 items
DEBUG entering function foo
WARN memory threshold reached: 192.168.82.31MB
ERROR auth failure for user 192.168.9.50
WARN disk usage 192.168.142.104%
INFO request from 192.168.82.31
FATAL unrecoverable disk error
FATAL kernel panic
DEBUG heap size: 192.168.219.168
FATAL segfault at address 0x192.168.39.155
ERROR auth failure for user 192.168.193.243
INFO processed 192.168.39.155 items
ERROR auth failure for user 192.168.121.141
ERROR file not found: /tmp/192.168.82.31.log
ERROR null pointer in module 192.168.9.50
FATAL kernel panic
DEBUG heap size: 192.168.107.168
INFO connection established
INFO request from 192.168.82.31
DEBUG entering function foo
INFO processed 192.168.36.209 items
FATAL out of memory
WARN memory threshold reached: 192.168.9.50MB
DEBUG entering function foo
FATAL out of memory
FATAL out of memory
FATAL kernel panic
DEBUG heap size: 192.168.178.215
INFO request from 192.168.121.141
FATAL out of memory
WARN disk usage 192.168.211.158%
ERROR auth failure for user 192.168.142.104
WARN retry attempt 192.168.219.168 for 2891
ERROR auth failure for user 192.168.121.141
FATAL unrecoverable disk error
INFO user 192.168.121.141 logged in
INFO processed 192.168.57.185 items
ERROR auth failure for user 192.168.92.139
DEBUG entering function foo
INFO request from 192.168.9.50
FATAL segfault at address 0x192.168.141.220
FATAL unrecoverable disk error
WARN disk usage 192.168.219.168%
INFO user 192.168.197.186 logged in
DEBUG entering function foo
WARN retry attempt 192.168.57.185 for 9568
ERROR null pointer in module 192.168.57.185
DEBUG heap size: 192.168.121.141
FATAL segfault at address 0x192.168.211.158
FATAL out of memory
FATAL kernel panic
DEBUG cache hit for key=192.168.141.220
WARN disk usage 192.168.211.158%
DEBUG entering function foo
WARN retry attempt 192.168.121.141 for 21566
INFO request from 192.168.9.50
ERROR auth failure for user 192.168.9.50
WARN memory threshold reached: 192.168.36.209MB
ERROR null pointer in module 192.168.215.207
INFO connection established
FATAL unrecoverable disk error
DEBUG variable x=192.168.9.50
FATAL segfault at address 0x192.168.39.155
FATAL unrecoverable disk error
WARN disk usage 192.168.141.220%
WARN retry attempt 192.168.197.186 for 61523
WARN disk usage 192.168.57.185%
DEBUG entering function foo
ERROR auth failure for user 192.168.142.104
WARN memory threshold reached: 192.168.219.168MB
ERROR auth failure for user 192.168.121.141
DEBUG entering function foo
DEBUG heap size: 192.168.9.50
ERROR file not found: /tmp/192.168.60.30.log
WARN retry attempt 192.168.178.6 for 27162
WARN memory threshold reached: 192.168.60.30MB
FATAL kernel panic
INFO user 192.168.178.6 logged in
FATAL segfault at address 0x192.168.39.155
ERROR auth failure for user 192.168.189.144
INFO user 192.168.178.215 logged in
ERROR null pointer in module 192.168.142.104
FATAL segfault at address 0x192.168.197.186
FATAL kernel panic
INFO processed 192.168.142.104 items
FATAL kernel panic
WARN memory threshold reached: 192.168.57.185MB
ERROR file not found: /tmp/192.168.215.207.log
DEBUG cache hit for key=192.168.121.141
FATAL kernel panic
WARN memory threshold reached: 192.168.121.141MB
DEBUG heap size: 192.168.142.104
INFO request from 192.168.36.209
DEBUG entering function foo
FATAL kernel panic
DEBUG heap size: 192.168.9.50
ERROR connection timeout 503
INFO user 192.168.39.155 logged in
FATAL unrecoverable disk error
DEBUG heap size: 192.168.219.168
DEBUG cache hit for key=192.168.141.220
DEBUG heap size: 192.168.36.209
WARN memory threshold reached: 192.168.57.185MB
INFO request from 192.168.215.207
ERROR null pointer in module 192.168.219.168
DEBUG entering function foo
INFO processed 192.168.178.6 items
WARN disk usage 192.168.60.30%
FATAL segfault at address 0x192.168.107.168
ERROR connection timeout 503
WARN retry attempt 192.168.229.48 for 91540
INFO request from 192.168.36.209
DEBUG cache hit for key=192.168.211.158
FATAL segfault at address 0x192.168.197.186
INFO connection established
DEBUG entering function foo
WARN memory threshold reached: 192.168.39.155MB
INFO connection established
INFO request from 192.168.211.158
ERROR file not found: /tmp/192.168.193.243.log
ERROR null pointer in module 192.168.178.215
WARN memory threshold reached: 192.168.39.155MB
DEBUG heap size: 192.168.9.50
DEBUG entering function foo
DEBUG entering function foo
DEBUG cache hit for key=192.168.211.158
INFO processed 192.168.57.185 items
FATAL kernel panic
WARN slow query: 192.168.57.185ms
FATAL kernel panic
DEBUG entering function foo
FATAL segfault at address 0x192.168.178.215
ERROR file not found: /tmp/192.168.215.207.log
DEBUG entering function foo
WARN memory threshold reached: 192.168.178.6MB
WARN disk usage 192.168.211.158%
INFO connection established
WARN memory threshold reached: 192.168.211.158MB
DEBUG entering function foo
ERROR auth failure for user 192.168.178.215
WARN disk usage 192.168.82.31%
FATAL kernel panic
WARN retry attempt 192.168.189.144 for 23601
DEBUG cache hit for key=192.168.178.6
DEBUG heap size: 192.168.92.139
WARN slow query: 192.168.229.48ms
WARN retry attempt 192.168.197.186 for 49789
DEBUG variable x=192.168.121.141
INFO connection established
FATAL segfault at address 0x192.168.60.30
DEBUG cache hit for key=192.168.57.185
ERROR null pointer in module 192.168.36.209
ERROR connection timeout 503
ERROR auth failure for user 192.168.178.215
INFO connection established
DEBUG heap size: 192.168.193.243
INFO user 192.168.121.141 logged in
WARN disk usage 192.168.107.168%
FATAL kernel panic
ERROR null pointer in module 192.168.178.6
DEBUG entering function foo
FATAL segfault at address 0x192.168.215.207
DEBUG heap size: 192.168.121.141
ERROR file not found: /tmp/192.168.189.144.log
WARN disk usage 192.168.92.139%
WARN disk usage 192.168.9.50%
DEBUG entering function foo
INFO request from 192.168.60.30
WARN memory threshold reached: 192.168.211.158MB
INFO request from 192.168.193.243
FATAL segfault at address 0x192.168.229.48
WARN memory threshold reached: 192.168.9.50MB
INFO processed 192.168.141.220 items
DEBUG variable x=192.168.60.30
ERROR file not found: /tmp/192.168.9.50.log
FATAL kernel panic
INFO processed 192.168.193.243 items
DEBUG cache hit for key=192.168.39.155
WARN disk usage 192.168.189.144%
ERROR auth failure for user 192.168.229.48
INFO request from 192.168.36.209
DEBUG variable x=192.168.92.139
DEBUG cache hit for key=192.168.36.209
DEBUG cache hit for key=192.168.36.209
FATAL segfault at address 0x192.168.107.168
WARN slow query: 192.168.197.186ms
INFO connection established
ERROR null pointer in module 192.168.121.141
ERROR connection timeout 503
FATAL segfault at address 0x192.168.211.158
WARN retry attempt 192.168.141.220 for 55311
DEBUG entering function foo
INFO connection established
FATAL kernel panic
ERROR file not found: /tmp/192.168.82.31.log
FATAL out of memory
ERROR connection timeout 503
FATAL out of memory
DEBUG entering function foo
DEBUG cache hit for key=192.168.141.220
FATAL kernel panic
WARN disk usage 192.168.219.168%
DEBUG variable x=192.168.107.168
DEBUG heap size: 192.168.189.144
DEBUG heap size: 192.168.107.168
FATAL segfault at address 0x192.168.60.30
DEBUG heap size: 192.168.39.155
WARN retry attempt 192.168.142.104 for 8413
FATAL unrecoverable disk error
ERROR null pointer in module 192.168.60.30
FATAL kernel panic
DEBUG variable x=192.168.189.144
FATAL segfault at address 0x192.168.211.158
WARN memory threshold reached: 192.168.92.139MB
INFO request from 192.168.107.168
WARN slow query: 192.168.82.31ms
FATAL kernel panic
DEBUG entering function foo
ERROR connection timeout 503
DEBUG cache hit for key=192.168.92.139
INFO user 192.168.178.215 logged in
INFO processed 192.168.193.243 items
FATAL kernel panic
INFO user 192.168.229.48 logged in
ERROR connection timeout 503
INFO user 192.168.82.31 logged in
ERROR null pointer in module 192.168.107.168
FATAL unrecoverable disk error
ERROR null pointer in module 192.168.39.155
INFO processed 192.168.121.141 items
ERROR connection timeout 503
FATAL unrecoverable disk error
FATAL kernel panic
INFO user 192.168.107.168 logged in
INFO connection established
DEBUG cache hit for key=192.168.36.209
DEBUG cache hit for key=192.168.82.31
FATAL segfault at address 0x192.168.107.168
FATAL out of memory
INFO request from 192.168.141.220
ERROR null pointer in module 192.168.229.48
WARN retry attempt 192.168.219.168 for 17311
WARN memory threshold reached: 192.168.219.168MB
FATAL unrecoverable disk error
INFO user 192.168.193.243 logged in
INFO connection established
INFO user 192.168.121.141 logged in
DEBUG entering function foo
WARN retry attempt 192.168.211.158 for 91222
ERROR connection timeout 503
FATAL kernel panic
WARN slow query: 192.168.9.50ms
INFO connection established
ERROR file not found: /tmp/192.168.219.168.log
FATAL out of memory
DEBUG entering function foo
WARN memory threshold reached: 192.168.211.158MB
FATAL unrecoverable disk error
ERROR connection timeout 503
FATAL unrecoverable disk error
FATAL out of memory
WARN slow query: 192.168.82.31ms
DEBUG variable x=192.168.92.139
FATAL kernel panic
WARN memory threshold reached: 192.168.193.243MB
INFO request from 192.168.9.50
INFO request from 192.168.219.168
WARN slow query: 192.168.215.207ms
DEBUG cache hit for key=192.168.141.220
INFO user 192.168.211.158 logged in
DEBUG cache hit for key=192.168.60.30
DEBUG entering function foo
WARN disk usage 192.168.211.158%
WARN disk usage 192.168.178.215%
WARN memory threshold reached: 192.168.178.215MB
ERROR auth failure for user 192.168.39.155
DEBUG variable x=192.168.107.168
INFO processed 192.168.57.185 items
ERROR file not found: /tmp/192.168.92.139.log
DEBUG entering function foo
FATAL unrecoverable disk error
DEBUG heap size: 192.168.178.6
INFO connection established
WARN disk usage 192.168.141.220%
FATAL out of memory
WARN retry attempt 192.168.142.104 for 40178
WARN memory threshold reached: 192.168.92.139MB
FATAL segfault at address 0x192.168.60.30
INFO user 192.168.60.30 logged in
DEBUG cache hit for key=192.168.121.141
FATAL unrecoverable disk error
FATAL kernel panic
DEBUG variable x=192.168.211.158
FATAL segfault at address 0x192.168.36.209
FATAL kernel panic
INFO processed 192.168.178.6 items
INFO processed 192.168.57.185 items
WARN disk usage 192.168.219.168%
ERROR file not found: /tmp/192.168.60.30.log
INFO user 192.168.229.48 logged in
WARN retry attempt 192.168.141.220 for 91761
ERROR file not found: /tmp/192.168.82.31.log
INFO user 192.168.82.31 logged in
ERROR file not found: /tmp/192.168.36.209.log
INFO connection established
ERROR file not found: /tmp/192.168.9.50.log
INFO processed 192.168.82.31 items
WARN retry attempt 192.168.9.50 for 72454
INFO processed 192.168.36.209 items
INFO user 192.168.193.243 logged in
ERROR connection timeout 503
WARN memory threshold reached: 192.168.178.215MB
ERROR auth failure for user 192.168.193.243
FATAL segfault at address 0x192.168.211.158
DEBUG variable x=192.168.193.243
INFO request from 192.168.178.6
INFO user 192.168.9.50 logged in
WARN disk usage 192.168.141.220%
INFO processed 192.168.92.139 items
WARN memory threshold reached: 192.168.178.6MB
FATAL unrecoverable disk error
INFO connection established
WARN retry attempt 192.168.178.6 for 94676
ERROR null pointer in module 192.168.36.209
DEBUG heap size: 192.168.178.215
INFO user 192.168.178.215 logged in
DEBUG cache hit for key=192.168.36.209
ERROR file not found: /tmp/192.168.57.185.log
DEBUG entering function foo
ERROR file not found: /tmp/192.168.39.155.log
INFO connection established
ERROR auth failure for user 192.168.36.209
INFO user 192.168.121.141 logged in
ERROR auth failure for user 192.168.121.141
WARN retry attempt 192.168.219.168 for 5358
WARN memory threshold reached: 192.168.121.141MB
WARN slow query: 192.168.142.104ms
DEBUG heap size: 192.168.141.220
INFO processed 192.168.141.220 items
FATAL unrecoverable disk error
ERROR auth failure for user 192.168.215.207
ERROR file not found: /tmp/192.168.193.243.log
DEBUG heap size: 192.168.9.50
WARN retry attempt 192.168.107.168 for 50691
ERROR file not found: /tmp/192.168.229.48.log
INFO request from 192.168.215.207
FATAL unrecoverable disk error
WARN retry attempt 192.168.141.220 for 93701
DEBUG entering function foo
FATAL kernel panic
WARN memory threshold reached: 192.168.215.207MB
ERROR file not found: /tmp/192.168.107.168.log
ERROR auth failure for user 192.168.178.6
INFO request from 192.168.215.207
ERROR auth failure for user 192.168.121.141
DEBUG heap size: 192.168.82.31
WARN disk usage 192.168.60.30%
INFO processed 192.168.193.243 items
INFO connection established
WARN memory threshold reached: 192.168.141.220MB
DEBUG cache hit for key=192.168.39.155
WARN disk usage 192.168.92.139%
DEBUG entering function foo
ERROR auth failure for user 192.168.57.185
ERROR auth failure for user 192.168.57.185
FATAL out of memory
DEBUG cache hit for key=192.168.178.215
WARN memory threshold reached: 192.168.60.30MB
DEBUG variable x=192.168.142.104
FATAL segfault at address 0x192.168.229.48
FATAL segfault at address 0x192.168.219.168
WARN disk usage 192.168.219.168%
WARN disk usage 192.168.211.158%
ERROR auth failure for user 192.168.92.139
FATAL kernel panic
WARN retry attempt 192.168.178.215 for 327
DEBUG variable x=192.168.197.186
ERROR auth failure for user 192.168.189.144
INFO request from 192.168.121.141
DEBUG entering function foo
ERROR connection timeout 503
INFO user 192.168.197.186 logged in
ERROR null pointer in module 192.168.60.30
FATAL segfault at address 0x192.168.82.31
DEBUG cache hit for key=192.168.36.209
DEBUG variable x=192.168.211.158
WARN slow query: 192.168.60.30ms
WARN slow query: 192.168.39.155ms
FATAL segfault at address 0x192.168.121.141
WARN disk usage 192.168.82.31%
ERROR null pointer in module 192.168.82.31
ERROR null pointer in module 192.168.121.141
DEBUG variable x=192.168.178.6
INFO user 192.168.107.168 logged in
INFO user 192.168.39.155 logged in
FATAL out of memory
WARN retry attempt 192.168.142.104 for 72362
INFO user 192.168.60.30 logged in
DEBUG variable x=192.168.141.220
WARN memory threshold reached: 192.168.193.243MB
FATAL unrecoverable disk error
FATAL unrecoverable disk error
WARN memory threshold reached: 192.168.229.48MB
ERROR file not found: /tmp/192.168.82.31.log
FATAL unrecoverable disk error
DEBUG entering function foo
INFO processed 192.168.197.186 items
ERROR auth failure for user 192.168.121.141
WARN slow query: 192.168.9.50ms
FATAL segfault at address 0x192.168.197.186
INFO processed 192.168.215.207 items
ERROR auth failure for user 192.168.197.186
INFO request from 192.168.189.144
DEBUG entering function foo
INFO request from 192.168.141.220
DEBUG cache hit for key=192.168.189.144
ERROR null pointer in module 192.168.229.48
DEBUG variable x=192.168.219.168
INFO connection established
ERROR file not found: /tmp/192.168.57.185.log
ERROR connection timeout 503
FATAL kernel panic
ERROR null pointer in module 192.168.215.207
DEBUG entering function foo
ERROR connection timeout 503
ERROR connection timeout 503
FATAL out of memory
INFO request from 192.168.197.186
FATAL kernel panic
FATAL unrecoverable disk error
DEBUG entering function foo
WARN retry attempt 192.168.141.220 for 95166
INFO processed 192.168.229.48 items
INFO processed 192.168.229.48 items
INFO connection established
ERROR file not found: /tmp/192.168.219.168.log
ERROR auth failure for user 192.168.57.185
DEBUG variable x=192.168.211.158
DEBUG variable x=192.168.92.139
ERROR null pointer in module 192.168.141.220
FATAL segfault at address 0x192.168.121.141
WARN slow query: 192.168.82.31ms
DEBUG entering function foo
WARN memory threshold reached: 192.168.121.141MB
DEBUG entering function foo
DEBUG variable x=192.168.211.158
INFO request from 192.168.178.215
DEBUG variable x=192.168.142.104
WARN retry attempt 192.168.36.209 for 25250
DEBUG heap size: 192.168.178.215
FATAL segfault at address 0x192.168.178.215
DEBUG entering function foo
ERROR file not found: /tmp/192.168.141.220.log
DEBUG heap size: 192.168.121.141
WARN retry attempt 192.168.9.50 for 21705
INFO connection established
ERROR null pointer in module 192.168.82.31
WARN slow query: 192.168.9.50ms
ERROR null pointer in module 192.168.215.207
INFO request from 192.168.219.168
ERROR file not found: /tmp/192.168.178.215.log
WARN slow query: 192.168.178.215ms
ERROR file not found: /tmp/192.168.142.104.log
FATAL segfault at address 0x192.168.82.31
FATAL segfault at address 0x192.168.215.207
ERROR file not found: /tmp/192.168.39.155.log
ERROR null pointer in module 192.168.9.50
DEBUG variable x=192.168.82.31
DEBUG entering function foo
ERROR auth failure for user 192.168.211.158
INFO request from 192.168.178.215
DEBUG heap size: 192.168.82.31
INFO user 192.168.141.220 logged in
ERROR connection timeout 503
ERROR file not found: /tmp/192.168.189.144.log
INFO connection established
WARN memory threshold reached: 192.168.193.243MB
DEBUG cache hit for key=192.168.219.168
FATAL kernel panic
WARN memory threshold reached: 192.168.9.50MB
WARN disk usage 192.168.39.155%
FATAL out of memory
ERROR null pointer in module 192.168.229.48
WARN disk usage 192.168.178.6%
INFO processed 192.168.189.144 items
DEBUG cache hit for key=192.168.178.215
INFO request from 192.168.82.31
ERROR auth failure for user 192.168.197.186
ERROR auth failure for user 192.168.178.215
INFO processed 192.168.142.104 items
ERROR null pointer in module 192.168.57.185
ERROR file not found: /tmp/192.168.178.6.log
DEBUG variable x=192.168.178.6
WARN retry attempt 192.168.197.186 for 60655
ERROR auth failure for user 192.168.142.104
FATAL unrecoverable disk error
FATAL unrecoverable disk error
ERROR connection timeout 503
ERROR null pointer in module 192.168.141.220
INFO connection established
DEBUG cache hit for key=192.168.178.6
INFO connection established
INFO connection established
DEBUG cache hit for key=192.168.142.104
ERROR file not found: /tmp/192.168.9.50.log
DEBUG variable x=192.168.107.168
FATAL unrecoverable disk error
DEBUG entering function foo
ERROR auth failure for user 192.168.142.104
FATAL out of memory
INFO request from 192.168.189.144
INFO connection established
WARN retry attempt 192.168.193.243 for 25268
FATAL out of memory
DEBUG entering function foo
ERROR file not found: /tmp/192.168.142.104.log
ERROR connection timeout 503
WARN disk usage 192.168.121.141%
WARN retry attempt 192.168.189.144 for 91152
INFO request from 192.168.9.50
DEBUG entering function foo
FATAL unrecoverable disk error
FATAL segfault at address 0x192.168.215.207
INFO request from 192.168.36.209
FATAL segfault at address 0x192.168.82.31
FATAL out of memory
INFO request from 192.168.57.185
FATAL unrecoverable disk error
WARN slow query: 192.168.92.139ms
FATAL segfault at address 0x192.168.197.186
ERROR connection timeout 503
ERROR file not found: /tmp/192.168.219.168.log
WARN memory threshold reached: 192.168.211.158MB
INFO processed 192.168.142.104 items
INFO connection established
INFO user 192.168.82.31 logged in
DEBUG cache hit for key=192.168.197.186
FATAL segfault at address 0x192.168.92.139
INFO request from 192.168.57.185
DEBUG heap size: 192.168.197.186
INFO user 192.168.219.168 logged in
ERROR auth failure for user 192.168.82.31
ERROR null pointer in module 192.168.142.104
FATAL segfault at address 0x192.168.9.50
DEBUG variable x=192.168.82.31
WARN disk usage 192.168.211.158%
ERROR auth failure for user 192.168.82.31
WARN slow query: 192.168.189.144ms
ERROR file not found: /tmp/192.168.39.155.log
WARN retry attempt 192.168.193.243 for 80440
DEBUG variable x=192.168.193.243
INFO processed 192.168.82.31 items
DEBUG variable x=192.168.82.31
INFO request from 192.168.57.185
FATAL kernel panic
FATAL segfault at address 0x192.168.189.144
WARN slow query: 192.168.82.31ms
INFO connection established
DEBUG entering function foo
FATAL segfault at address 0x192.168.36.209
DEBUG cache hit for key=192.168.229.48
DEBUG cache hit for key=192.168.9.50
FATAL out of memory
DEBUG variable x=192.168.193.243
FATAL unrecoverable disk error
DEBUG variable x=192.168.211.158
FATAL out of memory
WARN disk usage 192.168.141.220%
DEBUG heap size: 192.168.39.155
INFO processed 192.168.92.139 items
FATAL out of memory
WARN slow query: 192.168.142.104ms
FATAL out of memory
FATAL segfault at address 0x192.168.219.168
ERROR file not found: /tmp/192.168.142.104.log
WARN disk usage 192.168.121.141%
FATAL unrecoverable disk error
FATAL kernel panic
DEBUG cache hit for key=192.168.9.50
ERROR auth failure for user 192.168.107.168
DEBUG variable x=192.168.36.209
ERROR null pointer in module 192.168.219.168
INFO user 192.168.178.215 logged in
WARN slow query: 192.168.178.215ms
DEBUG heap size: 192.168.36.209
FATAL segfault at address 0x192.168.197.186
ERROR auth failure for user 192.168.9.50
WARN disk usage 192.168.39.155%
ERROR null pointer in module 192.168.39.155
DEBUG entering function foo
INFO connection established
DEBUG variable x=192.168.219.168
DEBUG entering function foo
ERROR file not found: /tmp/192.168.197.186.log
FATAL unrecoverable disk error
WARN retry attempt 192.168.193.243 for 15699
WARN slow query: 192.168.39.155ms
FATAL segfault at address 0x192.168.219.168
DEBUG cache hit for key=192.168.92.139
DEBUG variable x=192.168.39.155
DEBUG variable x=192.168.82.31
DEBUG entering function foo
DEBUG cache hit for key=192.168.82.31
ERROR file not found: /tmp/192.168.92.139.log
WARN memory threshold reached: 192.168.107.168MB
DEBUG variable x=192.168.9.50
WARN memory threshold reached: 192.168.141.220MB
DEBUG variable x=192.168.197.186
INFO user 192.168.107.168 logged in
WARN memory threshold reached: 192.168.141.220MB
ERROR connection timeout 503
WARN slow query: 192.168.178.215ms
ERROR file not found: /tmp/192.168.141.220.log
INFO user 192.168.121.141 logged in
FATAL segfault at address 0x192.168.107.168
DEBUG variable x=192.168.178.6
ERROR auth failure for user 192.168.178.6
DEBUG heap size: 192.168.107.168
FATAL kernel panic
ERROR null pointer in module 192.168.219.168
ERROR auth failure for user 192.168.121.141
WARN memory threshold reached: 192.168.178.215MB
ERROR file not found: /tmp/192.168.178.215.log
WARN disk usage 192.168.178.6%
FATAL segfault at address 0x192.168.178.215
DEBUG cache hit for key=192.168.219.168
FATAL unrecoverable disk error
INFO processed 192.168.107.168 items
WARN retry attempt 192.168.197.186 for 9035
ERROR connection timeout 503
DEBUG heap size: 192.168.229.48
DEBUG variable x=192.168.92.139
WARN retry attempt 192.168.141.220 for 76620
INFO connection established
FATAL unrecoverable disk error
INFO request from 192.168.178.215
INFO user 192.168.229.48 logged in
DEBUG variable x=192.168.60.30
WARN slow query: 192.168.189.144ms
FATAL segfault at address 0x192.168.211.158
FATAL out of memory
INFO connection established
WARN memory threshold reached: 192.168.215.207MB
ERROR connection timeout 503
INFO user 192.168.211.158 logged in
WARN slow query: 192.168.142.104ms
FATAL unrecoverable disk error
DEBUG entering function foo
INFO connection established
DEBUG entering function foo
INFO processed 192.168.107.168 items
ERROR file not found: /tmp/192.168.57.185.log
FATAL out of memory
INFO user 192.168.189.144 logged in
ERROR connection timeout 503
DEBUG cache hit for key=192.168.211.158
INFO connection established
DEBUG cache hit for key=192.168.229.48
DEBUG variable x=192.168.9.50
FATAL kernel panic
INFO request from 192.168.39.155
FATAL kernel panic
DEBUG cache hit for key=192.168.121.141
DEBUG cache hit for key=192.168.36.209
DEBUG cache hit for key=192.168.229.48
DEBUG entering function foo
ERROR file not found: /tmp/192.168.215.207.log
ERROR connection timeout 503
ERROR file not found: /tmp/192.168.9.50.log
DEBUG cache hit for key=192.168.141.220
FATAL kernel panic
DEBUG variable x=192.168.57.185
ERROR connection timeout 503
FATAL kernel panic
FATAL out of memory
INFO request from 192.168.39.155
WARN disk usage 192.168.189.144%
WARN memory threshold reached: 192.168.60.30MB
WARN retry attempt 192.168.193.243 for 66672
ERROR connection timeout 503
INFO processed 192.168.178.6 items
WARN memory threshold reached: 192.168.107.168MB
FATAL out of memory
INFO processed 192.168.215.207 items
FATAL unrecoverable disk error
INFO processed 192.168.219.168 items
DEBUG entering function foo
INFO request from 192.168.215.207
FATAL kernel panic
DEBUG variable x=192.168.215.207
ERROR auth failure for user 192.168.189.144
ERROR auth failure for user 192.168.9.50
DEBUG cache hit for key=192.168.107.168
WARN slow query: 192.168.82.31ms
INFO user 192.168.178.215 logged in
ERROR null pointer in module 192.168.193.243
FATAL segfault at address 0x192.168.57.185
WARN slow query: 192.168.36.209ms
ERROR auth failure for user 192.168.219.168
WARN memory threshold reached: 192.168.39.155MB
ERROR file not found: /tmp/192.168.219.168.log
INFO request from 192.168.178.215
DEBUG variable x=192.168.121.141
INFO processed 192.168.60.30 items
INFO connection established
DEBUG cache hit for key=192.168.39.155
ERROR auth failure for user 192.168.57.185
WARN slow query: 192.168.39.155ms
INFO processed 192.168.142.104 items
DEBUG entering function foo
INFO request from 192.168.197.186
FATAL unrecoverable disk error
WARN disk usage 192.168.142.104%
ERROR connection timeout 503
ERROR auth failure for user 192.168.211.158
ERROR connection timeout 503
INFO processed 192.168.60.30 items
FATAL unrecoverable disk error
ERROR auth failure for user 192.168.193.243
FATAL segfault at address 0x192.168.36.209
DEBUG entering function foo
FATAL segfault at address 0x192.168.9.50
INFO request from 192.168.121.141
INFO processed 192.168.211.158 items
FATAL segfault at address 0x192.168.178.215
FATAL kernel panic
INFO connection established
WARN slow query: 192.168.178.215ms
FATAL kernel panic
FATAL segfault at address 0x192.168.142.104
WARN retry attempt 192.168.178.215 for 69447
FATAL segfault at address 0x192.168.9.50
ERROR file not found: /tmp/192.168.193.243.log
INFO request from 192.168.121.141
FATAL unrecoverable disk error
ERROR auth failure for user 192.168.60.30
FATAL segfault at address 0x192.168.229.48
DEBUG heap size: 192.168.193.243
DEBUG heap size: 192.168.197.186
WARN memory threshold reached: 192.168.229.48MB
WARN slow query: 192.168.211.158ms
ERROR connection timeout 503
WARN memory threshold reached: 192.168.92.139MB
INFO connection established
DEBUG cache hit for key=192.168.189.144
FATAL segfault at address 0x192.168.57.185
WARN retry attempt 192.168.229.48 for 44901
WARN disk usage 192.168.141.220%
WARN memory threshold reached: 192.168.193.243MB
WARN retry attempt 192.168.219.168 for 43917
WARN memory threshold reached: 192.168.141.220MB
WARN memory threshold reached: 192.168.141.220MB
WARN retry attempt 192.168.82.31 for 28354
WARN disk usage 192.168.215.207%
INFO user 192.168.197.186 logged in
WARN retry attempt 192.168.189.144 for 70036
INFO processed 192.168.197.186 items
WARN disk usage 192.168.229.48%
INFO user 192.168.197.186 logged in
DEBUG entering function foo
ERROR null pointer in module 192.168.178.215
WARN slow query: 192.168.92.139ms
FATAL out of memory
FATAL unrecoverable disk error
INFO processed 192.168.197.186 items
WARN disk usage 192.168.60.30%
DEBUG heap size: 192.168.211.158
INFO processed 192.168.211.158 items
DEBUG variable x=192.168.121.141
FATAL kernel panic
INFO connection established
WARN memory threshold reached: 192.168.178.6MB
WARN slow query: 192.168.193.243ms
WARN disk usage 192.168.82.31%
FATAL out of memory
FATAL kernel panic
FATAL out of memory
INFO processed 192.168.193.243 items
ERROR file not found: /tmp/192.168.211.158.log
INFO processed 192.168.57.185 items
WARN memory threshold reached: 192.168.142.104MB
DEBUG heap size: 192.168.197.186
FATAL unrecoverable disk error
ERROR file not found: /tmp/192.168.229.48.log
WARN disk usage 192.168.178.215%
ERROR file not found: /tmp/192.168.178.6.log
DEBUG variable x=192.168.178.215
DEBUG variable x=192.168.178.6
WARN disk usage 192.168.193.243%
DEBUG heap size: 192.168.36.209
FATAL out of memory
FATAL out of memory
FATAL unrecoverable disk error
ERROR file not found: /tmp/192.168.197.186.log
INFO processed 192.168.141.220 items
INFO processed 192.168.193.243 items
ERROR auth failure for user 192.168.36.209
FATAL unrecoverable disk error
DEBUG variable x=192.168.82.31
ERROR null pointer in module 192.168.57.185
FATAL segfault at address 0x192.168.219.168
ERROR file not found: /tmp/192.168.9.50.log
ERROR null pointer in module 192.168.9.50
DEBUG entering function foo
WARN slow query: 192.168.57.185ms
DEBUG variable x=192.168.92.139
DEBUG cache hit for key=192.168.142.104
INFO processed 192.168.211.158 items
DEBUG variable x=192.168.121.141
INFO user 192.168.211.158 logged in
FATAL out of memory
INFO connection established
INFO processed 192.168.141.220 items
ERROR connection timeout 503
WARN disk usage 192.168.211.158%
ERROR connection timeout 503
FATAL kernel panic
DEBUG cache hit for key=192.168.60.30
INFO user 192.168.229.48 logged in
INFO connection established
WARN disk usage 192.168.178.6%
WARN disk usage 192.168.215.207%
ERROR file not found: /tmp/192.168.197.186.log
FATAL segfault at address 0x192.168.197.186
FATAL segfault at address 0x192.168.57.185
INFO user 192.168.193.243 logged in
FATAL segfault at address 0x192.168.60.30
DEBUG cache hit for key=192.168.178.6
INFO request from 192.168.82.31
ERROR null pointer in module 192.168.178.215
WARN slow query: 192.168.189.144ms
DEBUG entering function foo
INFO request from 192.168.215.207
DEBUG variable x=192.168.36.209
FATAL out of memory
FATAL out of memory
ERROR auth failure for user 192.168.39.155
WARN slow query: 192.168.211.158ms
WARN slow query: 192.168.57.185ms
ERROR file not found: /tmp/192.168.197.186.log
FATAL out of memory
ERROR null pointer in module 192.168.82.31
FATAL kernel panic
INFO processed 192.168.189.144 items
DEBUG entering function foo
ERROR null pointer in module 192.168.215.207
ERROR null pointer in module 192.168.193.243
WARN slow query: 192.168.141.220ms
FATAL kernel panic
DEBUG entering function foo
FATAL out of memory
ERROR connection timeout 503
DEBUG entering function foo
INFO connection established
FATAL kernel panic
FATAL kernel panic
WARN retry attempt 192.168.82.31 for 98303
DEBUG entering function foo
INFO connection established
WARN slow query: 192.168.141.220ms
WARN slow query: 192.168.36.209ms
DEBUG cache hit for key=192.168.60.30
ERROR auth failure for user 192.168.141.220
WARN disk usage 192.168.219.168%
WARN slow query: 192.168.219.168ms
ERROR connection timeout 503
DEBUG variable x=192.168.142.104
ERROR null pointer in module 192.168.57.185
INFO processed 192.168.193.243 items
INFO user 192.168.189.144 logged in
ERROR connection timeout 503
ERROR connection timeout 503
INFO user 192.168.121.141 logged in
DEBUG entering function foo
ERROR connection timeout 503
INFO processed 192.168.215.207 items
DEBUG variable x=192.168.219.168
WARN disk usage 192.168.197.186%
INFO connection established
ERROR auth failure for user 192.168.189.144
DEBUG variable x=192.168.211.158
ERROR file not found: /tmp/192.168.141.220.log
WARN retry attempt 192.168.229.48 for 42723
FATAL segfault at address 0x192.168.193.243
ERROR auth failure for user 192.168.193.243
FATAL segfault at address 0x192.168.57.185
ERROR file not found: /tmp/192.168.82.31.log
INFO processed 192.168.193.243 items
INFO user 192.168.82.31 logged in
ERROR connection timeout 503
ERROR null pointer in module 192.168.229.48
WARN disk usage 192.168.107.168%
FATAL unrecoverable disk error
DEBUG entering function foo
DEBUG cache hit for key=192.168.82.31
INFO processed 192.168.121.141 items
INFO user 192.168.178.215 logged in
DEBUG cache hit for key=192.168.193.243
ERROR auth failure for user 192.168.211.158
WARN memory threshold reached: 192.168.142.104MB
FATAL out of memory
ERROR null pointer in module 192.168.141.220
WARN retry attempt 192.168.36.209 for 33085
DEBUG cache hit for key=192.168.178.215
ERROR file not found: /tmp/192.168.39.155.log
WARN memory threshold reached: 192.168.215.207MB
WARN slow query: 192.168.36.209ms
INFO processed 192.168.193.243 items
DEBUG heap size: 192.168.92.139
DEBUG cache hit for key=192.168.107.168
DEBUG cache hit for key=192.168.57.185
FATAL kernel panic
WARN slow query: 192.168.121.141ms
DEBUG cache hit for key=192.168.121.141
DEBUG cache hit for key=192.168.9.50
DEBUG entering function foo
ERROR auth failure for user 192.168.178.215
DEBUG heap size: 192.168.229.48
INFO user 192.168.197.186 logged in
ERROR auth failure for user 192.168.197.186
ERROR null pointer in module 192.168.82.31
DEBUG heap size: 192.168.36.209
FATAL kernel panic
WARN memory threshold reached: 192.168.60.30MB
ERROR file not found: /tmp/192.168.215.207.log
DEBUG heap size: 192.168.92.139
DEBUG cache hit for key=192.168.219.168
ERROR auth failure for user 192.168.211.158
ERROR file not found: /tmp/192.168.189.144.log
DEBUG entering function foo
FATAL out of memory
WARN disk usage 192.168.36.209%
DEBUG heap size: 192.168.107.168
DEBUG heap size: 192.168.178.215
DEBUG cache hit for key=192.168.107.168
INFO processed 192.168.60.30 items
DEBUG entering function foo
DEBUG entering function foo
WARN slow query: 192.168.141.220ms
FATAL segfault at address 0x192.168.9.50
ERROR connection timeout 503
INFO user 192.168.178.215 logged in
DEBUG heap size: 192.168.141.220
DEBUG cache hit for key=192.168.121.141
DEBUG heap size: 192.168.219.168
FATAL kernel panic
DEBUG cache hit for key=192.168.39.155
WARN slow query: 192.168.57.185ms
INFO processed 192.168.39.155 items
ERROR auth failure for user 192.168.82.31
DEBUG entering function foo
INFO request from 192.168.92.139
INFO user 192.168.60.30 logged in
FATAL unrecoverable disk error
DEBUG cache hit for key=192.168.189.144
ERROR file not found: /tmp/192.168.211.158.log
DEBUG variable x=192.168.107.168
WARN slow query: 192.168.178.215ms
DEBUG cache hit for key=192.168.193.243
WARN disk usage 192.168.142.104%
ERROR connection timeout 503
FATAL out of memory
FATAL kernel panic
INFO user 192.168.142.104 logged in
DEBUG heap size: 192.168.229.48
WARN disk usage 192.168.9.50%
ERROR file not found: /tmp/192.168.189.144.log
DEBUG variable x=192.168.121.141
FATAL unrecoverable disk error
DEBUG heap size: 192.168.215.207
FATAL unrecoverable disk error
DEBUG entering function foo
INFO processed 192.168.189.144 items
WARN retry attempt 192.168.215.207 for 25665
FATAL out of memory
FATAL segfault at address 0x192.168.189.144
INFO processed 192.168.121.141 items
ERROR auth failure for user 192.168.142.104
WARN disk usage 192.168.9.50%
FATAL out of memory
ERROR auth failure for user 192.168.107.168
WARN memory threshold reached: 192.168.60.30MB
DEBUG variable x=192.168.189.144
FATAL segfault at address 0x192.168.92.139
INFO connection established
DEBUG cache hit for key=192.168.9.50
INFO request from 192.168.107.168
INFO connection established
INFO processed 192.168.57.185 items
WARN memory threshold reached: 192.168.121.141MB
INFO user 192.168.9.50 logged in
ERROR null pointer in module 192.168.189.144
WARN slow query: 192.168.121.141ms
WARN disk usage 192.168.107.168%
INFO user 192.168.219.168 logged in
FATAL out of memory
FATAL out of memory
ERROR auth failure for user 192.168.219.168
DEBUG entering function foo
FATAL unrecoverable disk error
ERROR null pointer in module 192.168.141.220
INFO connection established
FATAL unrecoverable disk error
WARN memory threshold reached: 192.168.178.6MB
FATAL out of memory
WARN retry attempt 192.168.178.6 for 88564
FATAL unrecoverable disk error
FATAL segfault at address 0x192.168.211.158
DEBUG cache hit for key=192.168.229.48
WARN retry attempt 192.168.60.30 for 13098
ERROR file not found: /tmp/192.168.107.168.log
INFO connection established
ERROR connection timeout 503
DEBUG cache hit for key=192.168.121.141
INFO request from 192.168.142.104
INFO user 192.168.141.220 logged in
INFO processed 192.168.82.31 items
DEBUG heap size: 192.168.107.168
ERROR null pointer in module 192.168.92.139
DEBUG cache hit for key=192.168.60.30
FATAL segfault at address 0x192.168.178.6
DEBUG variable x=192.168.178.215
INFO user 192.168.121.141 logged in
ERROR file not found: /tmp/192.168.178.215.log
INFO processed 192.168.9.50 items
ERROR null pointer in module 192.168.107.168
ERROR connection timeout 503
FATAL unrecoverable disk error
FATAL segfault at address 0x192.168.193.243
WARN disk usage 192.168.57.185%
WARN disk usage 192.168.215.207%
FATAL kernel panic
ERROR file not found: /tmp/192.168.9.50.log
ERROR null pointer in module 192.168.197.186
WARN retry attempt 192.168.92.139 for 2006
INFO request from 192.168.197.186
DEBUG heap size: 192.168.57.185
WARN slow query: 192.168.197.186ms
WARN memory threshold reached: 192.168.178.6MB
ERROR connection timeout 503
DEBUG heap size: 192.168.39.155
WARN memory threshold reached: 192.168.178.215MB
ERROR file not found: /tmp/192.168.60.30.log
WARN slow query: 192.168.211.158ms
DEBUG cache hit for key=192.168.121.141
ERROR connection timeout 503
FATAL out of memory
FATAL segfault at address 0x192.168.60.30
FATAL segfault at address 0x192.168.82.31
DEBUG heap size: 192.168.178.6
ERROR file not found: /tmp/192.168.57.185.log
DEBUG heap size: 192.168.60.30
ERROR file not found: /tmp/192.168.211.158.log
DEBUG cache hit for key=192.168.189.144
INFO user 192.168.178.215 logged in
ERROR connection timeout 503
FATAL out of memory
INFO user 192.168.60.30 logged in
INFO user 192.168.57.185 logged in
INFO connection established
DEBUG variable x=192.168.178.215
WARN memory threshold reached: 192.168.39.155MB
ERROR auth failure for user 192.168.36.209
WARN memory threshold reached: 192.168.193.243MB
FATAL unrecoverable disk error
DEBUG cache hit for key=192.168.219.168
FATAL kernel panic
FATAL out of memory
WARN retry attempt 192.168.57.185 for 69454
WARN memory threshold reached: 192.168.229.48MB
ERROR connection timeout 503
DEBUG variable x=192.168.142.104
ERROR null pointer in module 192.168.82.31
FATAL kernel panic
FATAL unrecoverable disk error
WARN retry attempt 192.168.178.6 for 67062
WARN disk usage 192.168.197.186%
WARN memory threshold reached: 192.168.178.215MB
ERROR file not found: /tmp/192.168.229.48.log
ERROR null pointer in module 192.168.121.141
ERROR connection timeout 503
DEBUG variable x=192.168.197.186
INFO connection established
WARN disk usage 192.168.82.31%
FATAL out of memory
ERROR auth failure for user 192.168.92.139
DEBUG variable x=192.168.107.168
INFO processed 192.168.92.139 items
ERROR auth failure for user 192.168.211.158
ERROR connection timeout 503
DEBUG cache hit for key=192.168.39.155
WARN slow query: 192.168.178.6ms
ERROR null pointer in module 192.168.82.31
FATAL segfault at address 0x192.168.9.50
ERROR auth failure for user 192.168.60.30
ERROR connection timeout 503
WARN memory threshold reached: 192.168.92.139MB
FATAL segfault at address 0x192.168.193.243
DEBUG cache hit for key=192.168.219.168
FATAL unrecoverable disk error
WARN memory threshold reached: 192.168.107.168MB
ERROR file not found: /tmp/192.168.219.168.log
DEBUG heap size: 192.168.215.207
INFO connection established
DEBUG heap size: 192.168.142.104
FATAL kernel panic
WARN slow query: 192.168.141.220ms
ERROR connection timeout 503
INFO processed 192.168.189.144 items
INFO user 192.168.219.168 logged in
DEBUG cache hit for key=192.168.82.31
FATAL out of memory
DEBUG variable x=192.168.9.50
FATAL out of memory
WARN memory threshold reached: 192.168.39.155MB
INFO request from 192.168.219.168
FATAL kernel panic
DEBUG heap size: 192.168.189.144
FATAL out of memory
INFO request from 192.168.36.209
DEBUG cache hit for key=192.168.178.215
WARN slow query: 192.168.142.104ms
ERROR auth failure for user 192.168.60.30
FATAL unrecoverable disk error
DEBUG cache hit for key=192.168.121.141
WARN disk usage 192.168.82.31%
DEBUG heap size: 192.168.193.243
ERROR connection timeout 503
ERROR connection timeout 503
INFO connection established
ERROR null pointer in module 192.168.92.139
WARN slow query: 192.168.107.168ms
WARN disk usage 192.168.92.139%
DEBUG variable x=192.168.121.141
INFO request from 192.168.82.31
ERROR auth failure for user 192.168.92.139
WARN slow query: 192.168.60.30ms
FATAL segfault at address 0x192.168.60.30
FATAL out of memory
WARN disk usage 192.168.82.31%
FATAL kernel panic
ERROR connection timeout 503
WARN memory threshold reached: 192.168.9.50MB
DEBUG cache hit for key=192.168.229.48
DEBUG variable x=192.168.142.104
FATAL unrecoverable disk error
FATAL unrecoverable disk error
FATAL kernel panic
FATAL kernel panic
INFO user 192.168.36.209 logged in
ERROR connection timeout 503
WARN memory threshold reached: 192.168.39.155MB
DEBUG cache hit for key=192.168.39.155
WARN retry attempt 192.168.36.209 for 69675
INFO processed 192.168.189.144 items
INFO request from 192.168.215.207
FATAL unrecoverable disk error
FATAL kernel panic
INFO user 192.168.211.158 logged in
DEBUG cache hit for key=192.168.57.185
WARN retry attempt 192.168.211.158 for 58038
DEBUG variable x=192.168.36.209
ERROR auth failure for user 192.168.229.48
INFO request from 192.168.121.141
ERROR null pointer in module 192.168.142.104
ERROR file not found: /tmp/192.168.178.215.log
ERROR auth failure for user 192.168.82.31
ERROR connection timeout 503
ERROR connection timeout 503
DEBUG cache hit for key=192.168.39.155
INFO user 192.168.229.48 logged in
WARN slow query: 192.168.107.168ms
FATAL kernel panic
WARN memory threshold reached: 192.168.57.185MB
FATAL unrecoverable disk error
FATAL unrecoverable disk error
FATAL kernel panic
INFO processed 192.168.9.50 items
ERROR auth failure for user 192.168.82.31
INFO user 192.168.36.209 logged in
DEBUG variable x=192.168.9.50
WARN retry attempt 192.168.178.6 for 74802
DEBUG cache hit for key=192.168.39.155
DEBUG variable x=192.168.107.168
ERROR auth failure for user 192.168.189.144
FATAL kernel panic
ERROR connection timeout 503
WARN retry attempt 192.168.9.50 for 6378
ERROR auth failure for user 192.168.92.139
WARN slow query: 192.168.211.158ms
WARN retry attempt 192.168.36.209 for 43284
ERROR auth failure for user 192.168.193.243
FATAL out of memory
FATAL segfault at address 0x192.168.197.186
FATAL out of memory
WARN slow query: 192.168.9.50ms
INFO user 192.168.57.185 logged in
FATAL kernel panic
FATAL kernel panic
WARN memory threshold reached: 192.168.92.139MB
WARN slow query: 192.168.193.243ms
INFO user 192.168.178.6 logged in
INFO connection established
WARN disk usage 192.168.39.155%
ERROR file not found: /tmp/192.168.178.6.log
DEBUG cache hit for key=192.168.36.209
ERROR auth failure for user 192.168.211.158
FATAL kernel panic
ERROR auth failure for user 192.168.57.185
FATAL out of memory
WARN memory threshold reached: 192.168.141.220MB
WARN disk usage 192.168.189.144%
WARN disk usage 192.168.9.50%
WARN disk usage 192.168.39.155%
WARN retry attempt 192.168.36.209 for 26550
WARN disk usage 192.168.219.168%
FATAL out of memory
DEBUG variable x=192.168.9.50
FATAL segfault at address 0x192.168.215.207
WARN slow query: 192.168.39.155ms
WARN slow query: 192.168.107.168ms
DEBUG variable x=192.168.229.48
ERROR file not found: /tmp/192.168.211.158.log
INFO user 192.168.215.207 logged in
DEBUG cache hit for key=192.168.60.30
DEBUG heap size: 192.168.215.207
INFO user 192.168.36.209 logged in
ERROR connection timeout 503
ERROR null pointer in module 192.168.229.48
FATAL kernel panic
WARN disk usage 192.168.193.243%
INFO processed 192.168.57.185 items
WARN memory threshold reached: 192.168.82.31MB
WARN memory threshold reached: 192.168.178.215MB
WARN memory threshold reached: 192.168.82.31MB
ERROR file not found: /tmp/192.168.215.207.log
FATAL out of memory
FATAL unrecoverable disk error
ERROR connection timeout 503
FATAL kernel panic
DEBUG cache hit for key=192.168.92.139
DEBUG entering function foo
INFO processed 192.168.60.30 items
ERROR auth failure for user 192.168.141.220
DEBUG heap size: 192.168.36.209
FATAL segfault at address 0x192.168.39.155
DEBUG entering function foo
INFO user 192.168.92.139 logged in
WARN retry attempt 192.168.197.186 for 85999
INFO connection established
DEBUG cache hit for key=192.168.219.168
FATAL segfault at address 0x192.168.189.144
INFO user 192.168.189.144 logged in
WARN retry attempt 192.168.193.243 for 91177
WARN disk usage 192.168.193.243%
FATAL out of memory
INFO user 192.168.211.158 logged in
FATAL out of memory
ERROR file not found: /tmp/192.168.141.220.log
WARN disk usage 192.168.121.141%
FATAL unrecoverable disk error
INFO connection established
INFO connection established
INFO connection established
WARN retry attempt 192.168.178.215 for 85993
DEBUG cache hit for key=192.168.107.168
INFO processed 192.168.60.30 items
WARN slow query: 192.168.178.215ms
WARN disk usage 192.168.92.139%
INFO request from 192.168.36.209
WARN disk usage 192.168.141.220%
DEBUG entering function foo
ERROR null pointer in module 192.168.211.158
DEBUG variable x=192.168.92.139
ERROR null pointer in module 192.168.215.207
DEBUG entering function foo
WARN memory threshold reached: 192.168.82.31MB
INFO request from 192.168.142.104
WARN disk usage 192.168.142.104%
INFO user 192.168.142.104 logged in
DEBUG variable x=192.168.92.139
INFO request from 192.168.121.141
INFO user 192.168.82.31 logged in
FATAL kernel panic
FATAL kernel panic
ERROR null pointer in module 192.168.219.168
FATAL unrecoverable disk error
FATAL unrecoverable disk error
INFO connection established
ERROR file not found: /tmp/192.168.82.31.log
ERROR auth failure for user 192.168.219.168
WARN retry attempt 192.168.9.50 for 10621
ERROR connection timeout 503
INFO request from 192.168.211.158
DEBUG heap size: 192.168.219.168
WARN slow query: 192.168.142.104ms
DEBUG heap size: 192.168.36.209
INFO request from 192.168.92.139
INFO request from 192.168.215.207
DEBUG cache hit for key=192.168.39.155
FATAL segfault at address 0x192.168.60.30
DEBUG heap size: 192.168.141.220
INFO user 192.168.219.168 logged in
ERROR file not found: /tmp/192.168.141.220.log
ERROR auth failure for user 192.168.211.158
INFO user 192.168.178.6 logged in
ERROR null pointer in module 192.168.57.185
ERROR file not found: /tmp/192.168.82.31.log
DEBUG variable x=192.168.107.168
DEBUG entering function foo
WARN memory threshold reached: 192.168.57.185MB
WARN disk usage 192.168.57.185%
INFO connection established
INFO processed 192.168.82.31 items
ERROR auth failure for user 192.168.178.215
INFO request from 192.168.107.168
DEBUG heap size: 192.168.178.215
ERROR auth failure for user 192.168.197.186
ERROR file not found: /tmp/192.168.9.50.log
DEBUG entering function foo
INFO request from 192.168.107.168
INFO request from 192.168.9.50
WARN disk usage 192.168.9.50%
ERROR file not found: /tmp/192.168.57.185.log
FATAL out of memory
INFO connection established
DEBUG entering function foo
INFO request from 192.168.141.220
WARN retry attempt 192.168.82.31 for 47620
FATAL kernel panic
ERROR connection timeout 503
ERROR connection timeout 503
INFO request from 192.168.178.6
ERROR auth failure for user 192.168.197.186
DEBUG entering function foo
ERROR null pointer in module 192.168.197.186
WARN slow query: 192.168.82.31ms
INFO user 192.168.193.243 logged in
INFO request from 192.168.189.144
WARN disk usage 192.168.215.207%
WARN retry attempt 192.168.211.158 for 61021
INFO processed 192.168.92.139 items
INFO user 192.168.107.168 logged in
ERROR connection timeout 503
WARN retry attempt 192.168.92.139 for 77052
INFO request from 192.168.107.168
WARN slow query: 192.168.142.104ms
INFO processed 192.168.219.168 items
ERROR auth failure for user 192.168.211.158
FATAL unrecoverable disk error
ERROR auth failure for user 192.168.121.141
WARN retry attempt 192.168.82.31 for 46809
WARN disk usage 192.168.82.31%
FATAL out of memory
WARN retry attempt 192.168.36.209 for 4499
ERROR connection timeout 503
FATAL kernel panic
WARN retry attempt 192.168.57.185 for 80418
WARN slow query: 192.168.141.220ms
FATAL kernel panic
ERROR connection timeout 503
INFO user 192.168.121.141 logged in
FATAL segfault at address 0x192.168.39.155
WARN memory threshold reached: 192.168.142.104MB
WARN slow query: 192.168.193.243ms
FATAL out of memory
WARN retry attempt 192.168.215.207 for 72696
WARN disk usage 192.168.193.243%
DEBUG variable x=192.168.121.141
INFO request from 192.168.92.139
FATAL out of memory
WARN disk usage 192.168.36.209%
FATAL segfault at address 0x192.168.219.168
INFO processed 192.168.82.31 items
WARN slow query: 192.168.219.168ms
DEBUG variable x=192.168.211.158
DEBUG entering function foo
FATAL kernel panic
INFO user 192.168.178.215 logged in
DEBUG cache hit for key=192.168.193.243
DEBUG entering function foo
DEBUG heap size: 192.168.92.139
WARN memory threshold reached: 192.168.215.207MB
FATAL unrecoverable disk error
FATAL unrecoverable disk error
INFO user 192.168.107.168 logged in
INFO request from 192.168.178.215
DEBUG cache hit for key=192.168.142.104
WARN retry attempt 192.168.36.209 for 29700
WARN memory threshold reached: 192.168.215.207MB
DEBUG variable x=192.168.92.139
WARN slow query: 192.168.178.215ms
FATAL unrecoverable disk error
FATAL unrecoverable disk error
FATAL unrecoverable disk error
DEBUG entering function foo
FATAL unrecoverable disk error
INFO processed 192.168.219.168 items
INFO connection established
ERROR connection timeout 503
ERROR file not found: /tmp/192.168.178.6.log
ERROR file not found: /tmp/192.168.141.220.log
FATAL kernel panic
WARN retry attempt 192.168.211.158 for 14459
WARN memory threshold reached: 192.168.193.243MB
FATAL kernel panic
INFO request from 192.168.178.215
ERROR null pointer in module 192.168.197.186
WARN slow query: 192.168.60.30ms
INFO request from 192.168.121.141
INFO connection established
FATAL segfault at address 0x192.168.193.243
DEBUG heap size: 192.168.142.104
FATAL out of memory
ERROR null pointer in module 192.168.178.6
DEBUG entering function foo
WARN slow query: 192.168.60.30ms
DEBUG heap size: 192.168.178.215
INFO user 192.168.82.31 logged in
WARN retry attempt 192.168.178.215 for 67023
INFO connection established
ERROR file not found: /tmp/192.168.39.155.log
INFO request from 192.168.189.144
ERROR null pointer in module 192.168.142.104
WARN slow query: 192.168.121.141ms
INFO user 192.168.189.144 logged in
FATAL kernel panic
FATAL kernel panic
DEBUG cache hit for key=192.168.189.144
FATAL out of memory
ERROR null pointer in module 192.168.60.30
WARN disk usage 192.168.9.50%
FATAL unrecoverable disk error
FATAL segfault at address 0x192.168.178.215
INFO connection established
FATAL out of memory
WARN retry attempt 192.168.9.50 for 89830
INFO connection established
FATAL kernel panic
INFO processed 192.168.142.104 items
ERROR file not found: /tmp/192.168.215.207.log
ERROR auth failure for user 192.168.211.158
DEBUG entering function foo
DEBUG variable x=192.168.92.139
INFO connection established
ERROR connection timeout 503
WARN disk usage 192.168.178.6%
WARN slow query: 192.168.211.158ms
ERROR auth failure for user 192.168.39.155
FATAL out of memory
ERROR connection timeout 503
DEBUG variable x=192.168.178.215
FATAL segfault at address 0x192.168.189.144
FATAL unrecoverable disk error
FATAL kernel panic
WARN retry attempt 192.168.189.144 for 66114
ERROR auth failure for user 192.168.219.168
INFO request from 192.168.193.243
ERROR connection timeout 503
FATAL unrecoverable disk error
WARN disk usage 192.168.121.141%
WARN slow query: 192.168.197.186ms
INFO user 192.168.92.139 logged in
ERROR connection timeout 503
FATAL kernel panic
INFO user 192.168.142.104 logged in
WARN slow query: 192.168.215.207ms
ERROR file not found: /tmp/192.168.107.168.log
WARN memory threshold reached: 192.168.107.168MB
FATAL segfault at address 0x192.168.189.144
WARN retry attempt 192.168.57.185 for 81707
DEBUG cache hit for key=192.168.57.185
ERROR connection timeout 503
DEBUG heap size: 192.168.178.6
DEBUG cache hit for key=192.168.92.139
DEBUG heap size: 192.168.82.31
FATAL unrecoverable disk error
FATAL kernel panic
FATAL out of memory
ERROR auth failure for user 192.168.36.209
INFO processed 192.168.60.30 items
INFO user 192.168.178.215 logged in
FATAL segfault at address 0x192.168.36.209
DEBUG heap size: 192.168.142.104
INFO connection established
DEBUG heap size: 192.168.60.30
WARN memory threshold reached: 192.168.193.243MB
INFO connection established
ERROR file not found: /tmp/192.168.142.104.log
INFO request from 192.168.92.139
WARN retry attempt 192.168.197.186 for 83705
DEBUG variable x=192.168.178.215
INFO user 192.168.39.155 logged in
WARN retry attempt 192.168.60.30 for 30531
WARN memory threshold reached: 192.168.215.207MB
DEBUG entering function foo
FATAL segfault at address 0x192.168.219.168
ERROR file not found: /tmp/192.168.219.168.log
ERROR file not found: /tmp/192.168.178.6.log
WARN memory threshold reached: 192.168.141.220MB
DEBUG heap size: 192.168.82.31
FATAL segfault at address 0x192.168.178.215
ERROR file not found: /tmp/192.168.219.168.log
DEBUG variable x=192.168.211.158
INFO connection established
FATAL out of memory
ERROR file not found: /tmp/192.168.60.30.log
ERROR connection timeout 503
ERROR connection timeout 503
WARN memory threshold reached: 192.168.57.185MB
FATAL segfault at address 0x192.168.82.31
ERROR connection timeout 503
ERROR file not found: /tmp/192.168.107.168.log
FATAL unrecoverable disk error
INFO connection established
INFO user 192.168.36.209 logged in
WARN retry attempt 192.168.121.141 for 28109
DEBUG heap size: 192.168.219.168
WARN memory threshold reached: 192.168.39.155MB
DEBUG entering function foo
WARN memory threshold reached: 192.168.57.185MB
DEBUG cache hit for key=192.168.229.48
ERROR file not found: /tmp/192.168.107.168.log
ERROR file not found: /tmp/192.168.178.215.log
FATAL unrecoverable disk error
WARN retry attempt 192.168.211.158 for 48747
WARN memory threshold reached: 192.168.57.185MB
FATAL unrecoverable disk error
FATAL segfault at address 0x192.168.215.207
DEBUG entering function foo
WARN retry attempt 192.168.211.158 for 77483
FATAL segfault at address 0x192.168.229.48
INFO user 192.168.178.6 logged in
INFO processed 192.168.215.207 items
ERROR auth failure for user 192.168.82.31
FATAL segfault at address 0x192.168.57.185
ERROR file not found: /tmp/192.168.60.30.log
WARN slow query: 192.168.211.158ms
WARN memory threshold reached: 192.168.219.168MB
INFO request from 192.168.9.50
DEBUG entering function foo
WARN slow query: 192.168.215.207ms
INFO processed 192.168.36.209 items
FATAL out of memory
FATAL segfault at address 0x192.168.178.6
WARN disk usage 192.168.141.220%
INFO connection established
INFO connection established
DEBUG heap size: 192.168.211.158
FATAL unrecoverable disk error
WARN slow query: 192.168.142.104ms
WARN retry attempt 192.168.215.207 for 51641
ERROR file not found: /tmp/192.168.178.6.log
ERROR connection timeout 503
WARN disk usage 192.168.229.48%
ERROR connection timeout 503
WARN slow query: 192.168.142.104ms
INFO processed 192.168.57.185 items
WARN retry attempt 192.168.82.31 for 31591
ERROR connection timeout 503
DEBUG cache hit for key=192.168.9.50
DEBUG variable x=192.168.57.185
FATAL out of memory
FATAL unrecoverable disk error
DEBUG cache hit for key=192.168.142.104
WARN retry attempt 192.168.178.6 for 97507
WARN disk usage 192.168.211.158%
DEBUG cache hit for key=192.168.178.215
DEBUG cache hit for key=192.168.82.31
INFO user 192.168.9.50 logged in
ERROR connection timeout 503
WARN slow query: 192.168.39.155ms
ERROR auth failure for user 192.168.193.243
DEBUG cache hit for key=192.168.121.141
DEBUG entering function foo
WARN disk usage 192.168.121.141%
INFO processed 192.168.193.243 items
DEBUG entering function foo
WARN memory threshold reached: 192.168.178.215MB
WARN disk usage 192.168.141.220%
WARN memory threshold reached: 192.168.197.186MB
WARN memory threshold reached: 192.168.229.48MB
FATAL segfault at address 0x192.168.57.185
INFO connection established
ERROR auth failure for user 192.168.121.141
DEBUG entering function foo
ERROR connection timeout 503
ERROR file not found: /tmp/192.168.92.139.log
ERROR file not found: /tmp/192.168.178.6.log
ERROR connection timeout 503
WARN slow query: 192.168.229.48ms
FATAL segfault at address 0x192.168.60.30
INFO request from 192.168.9.50
FATAL unrecoverable disk error
DEBUG entering function foo
INFO user 192.168.189.144 logged in
FATAL out of memory
DEBUG variable x=192.168.142.104
DEBUG entering function foo
WARN memory threshold reached: 192.168.189.144MB
ERROR file not found: /tmp/192.168.178.215.log
WARN memory threshold reached: 192.168.178.6MB
ERROR null pointer in module 192.168.178.215
ERROR auth failure for user 192.168.142.104
FATAL kernel panic
DEBUG heap size: 192.168.215.207
ERROR null pointer in module 192.168.39.155
ERROR null pointer in module 192.168.39.155
ERROR connection timeout 503
INFO request from 192.168.211.158
INFO connection established
ERROR connection timeout 503
INFO request from 192.168.82.31
DEBUG cache hit for key=192.168.92.139
ERROR file not found: /tmp/192.168.92.139.log
ERROR file not found: /tmp/192.168.57.185.log
DEBUG cache hit for key=192.168.211.158
WARN retry attempt 192.168.107.168 for 20563
DEBUG entering function foo
DEBUG heap size: 192.168.215.207
INFO request from 192.168.39.155
INFO processed 192.168.121.141 items
DEBUG entering function foo
DEBUG heap size: 192.168.39.155
INFO request from 192.168.178.215
WARN memory threshold reached: 192.168.142.104MB
WARN disk usage 192.168.57.185%
INFO connection established
WARN retry attempt 192.168.229.48 for 32876
WARN retry attempt 192.168.142.104 for 67082
DEBUG cache hit for key=192.168.92.139
DEBUG cache hit for key=192.168.57.185
FATAL out of memory
DEBUG heap size: 192.168.60.30
INFO request from 192.168.142.104
ERROR file not found: /tmp/192.168.60.30.log
DEBUG variable x=192.168.92.139
INFO request from 192.168.36.209
WARN memory threshold reached: 192.168.82.31MB
FATAL segfault at address 0x192.168.197.186
WARN slow query: 192.168.82.31ms
WARN memory threshold reached: 192.168.193.243MB
WARN disk usage 192.168.107.168%
INFO request from 192.168.141.220
INFO user 192.168.107.168 logged in
FATAL out of memory
ERROR file not found: /tmp/192.168.107.168.log
ERROR auth failure for user 192.168.39.155
DEBUG cache hit for key=192.168.9.50
INFO processed 192.168.215.207 items
WARN slow query: 192.168.9.50ms
ERROR auth failure for user 192.168.219.168
DEBUG entering function foo
FATAL kernel panic
ERROR null pointer in module 192.168.229.48
ERROR auth failure for user 192.168.178.215
ERROR file not found: /tmp/192.168.92.139.log
INFO request from 192.168.141.220
INFO user 192.168.193.243 logged in
INFO user 192.168.142.104 logged in
WARN slow query: 192.168.9.50ms
ERROR auth failure for user 192.168.189.144
DEBUG heap size: 192.168.9.50
FATAL unrecoverable disk error
ERROR null pointer in module 192.168.121.141
FATAL segfault at address 0x192.168.215.207
ERROR file not found: /tmp/192.168.219.168.log
ERROR file not found: /tmp/192.168.39.155.log
ERROR auth failure for user 192.168.178.215
INFO connection established
WARN disk usage 192.168.197.186%
FATAL segfault at address 0x192.168.211.158
FATAL segfault at address 0x192.168.92.139
INFO connection established
DEBUG variable x=192.168.178.215
INFO connection established
DEBUG heap size: 192.168.178.6
FATAL segfault at address 0x192.168.229.48
ERROR connection timeout 503
WARN slow query: 192.168.39.155ms
FATAL unrecoverable disk error
WARN disk usage 192.168.178.6%
DEBUG entering function foo
INFO request from 192.168.39.155
ERROR connection timeout 503
ERROR connection timeout 503
INFO user 192.168.57.185 logged in
DEBUG heap size: 192.168.193.243
WARN retry attempt 192.168.215.207 for 45280
ERROR connection timeout 503
INFO connection established
WARN memory threshold reached: 192.168.142.104MB
FATAL out of memory
DEBUG cache hit for key=192.168.189.144
WARN retry attempt 192.168.229.48 for 40288
WARN retry attempt 192.168.178.6 for 70661
DEBUG entering function foo
FATAL kernel panic
FATAL unrecoverable disk error
ERROR null pointer in module 192.168.215.207
DEBUG entering function foo
INFO connection established
FATAL out of memory
ERROR connection timeout 503
DEBUG heap size: 192.168.60.30
ERROR file not found: /tmp/192.168.193.243.log
FATAL kernel panic
INFO connection established
INFO processed 192.168.178.6 items
ERROR null pointer in module 192.168.229.48
DEBUG entering function foo
WARN memory threshold reached: 192.168.193.243MB
ERROR auth failure for user 192.168.92.139
DEBUG cache hit for key=192.168.141.220
ERROR file not found: /tmp/192.168.193.243.log
ERROR auth failure for user 192.168.215.207
WARN disk usage 192.168.142.104%
DEBUG entering function foo
WARN memory threshold reached: 192.168.39.155MB
ERROR file not found: /tmp/192.168.39.155.log
WARN retry attempt 192.168.141.220 for 6520
DEBUG entering function foo
FATAL kernel panic
INFO user 192.168.82.31 logged in
ERROR file not found: /tmp/192.168.178.215.log
DEBUG entering function foo
FATAL unrecoverable disk error
WARN slow query: 192.168.92.139ms
DEBUG cache hit for key=192.168.121.141
DEBUG heap size: 192.168.60.30
WARN memory threshold reached: 192.168.9.50MB
DEBUG cache hit for key=192.168.142.104
DEBUG entering function foo
WARN slow query: 192.168.92.139ms
INFO user 192.168.219.168 logged in
INFO user 192.168.9.50 logged in
INFO user 192.168.193.243 logged in
ERROR file not found: /tmp/192.168.92.139.log
ERROR null pointer in module 192.168.219.168
INFO processed 192.168.107.168 items
ERROR file not found: /tmp/192.168.193.243.log
FATAL segfault at address 0x192.168.9.50
ERROR auth failure for user 192.168.193.243
DEBUG heap size: 192.168.60.30
FATAL out of memory
ERROR null pointer in module 192.168.219.168
ERROR null pointer in module 192.168.178.215
ERROR auth failure for user 192.168.178.6
INFO processed 192.168.36.209 items
ERROR null pointer in module 192.168.178.6
FATAL segfault at address 0x192.168.197.186
INFO user 192.168.107.168 logged in
FATAL segfault at address 0x192.168.211.158
DEBUG cache hit for key=192.168.178.6
ERROR file not found: /tmp/192.168.142.104.log
ERROR auth failure for user 192.168.197.186
ERROR auth failure for user 192.168.60.30
INFO user 192.168.107.168 logged in
INFO user 192.168.215.207 logged in
ERROR connection timeout 503
WARN slow query: 192.168.178.6ms
INFO user 192.168.219.168 logged in
ERROR file not found: /tmp/192.168.229.48.log
DEBUG cache hit for key=192.168.9.50
WARN retry attempt 192.168.39.155 for 33466
INFO request from 192.168.39.155
WARN memory threshold reached: 192.168.121.141MB
FATAL kernel panic
INFO connection established
ERROR file not found: /tmp/192.168.178.215.log
FATAL out of memory
FATAL segfault at address 0x192.168.142.104
ERROR auth failure for user 192.168.197.186
INFO user 192.168.60.30 logged in
ERROR null pointer in module 192.168.57.185
WARN slow query: 192.168.36.209ms
FATAL out of memory
FATAL out of memory
WARN disk usage 192.168.9.50%
DEBUG entering function foo
DEBUG heap size: 192.168.82.31
INFO user 192.168.142.104 logged in
FATAL segfault at address 0x192.168.229.48
INFO user 192.168.211.158 logged in
DEBUG cache hit for key=192.168.215.207
WARN retry attempt 192.168.189.144 for 28863
WARN memory threshold reached: 192.168.57.185MB
INFO request from 192.168.57.185
WARN disk usage 192.168.178.6%
FATAL kernel panic
WARN disk usage 192.168.193.243%
WARN retry attempt 192.168.57.185 for 75925
WARN memory threshold reached: 192.168.193.243MB
DEBUG heap size: 192.168.193.243
INFO processed 192.168.141.220 items
ERROR file not found: /tmp/192.168.142.104.log
FATAL kernel panic
WARN disk usage 192.168.193.243%
DEBUG variable x=192.168.219.168
ERROR connection timeout 503
ERROR auth failure for user 192.168.215.207
INFO user 192.168.142.104 logged in
FATAL kernel panic
WARN retry attempt 192.168.60.30 for 5632
FATAL segfault at address 0x192.168.82.31
ERROR connection timeout 503
DEBUG heap size: 192.168.9.50
ERROR file not found: /tmp/192.168.57.185.log
INFO user 192.168.178.6 logged in
WARN disk usage 192.168.57.185%
FATAL unrecoverable disk error
FATAL unrecoverable disk error
ERROR auth failure for user 192.168.121.141
ERROR auth failure for user 192.168.178.6
INFO user 192.168.121.141 logged in
FATAL out of memory
WARN retry attempt 192.168.57.185 for 39702
INFO request from 192.168.92.139
DEBUG variable x=192.168.82.31
FATAL segfault at address 0x192.168.141.220
FATAL segfault at address 0x192.168.193.243
INFO connection established
WARN memory threshold reached: 192.168.141.220MB
FATAL unrecoverable disk error
FATAL unrecoverable disk error
INFO processed 192.168.189.144 items
ERROR connection timeout 503
ERROR connection timeout 503
DEBUG heap size: 192.168.60.30
DEBUG cache hit for key=192.168.178.215
WARN slow query: 192.168.39.155ms
ERROR null pointer in module 192.168.219.168
FATAL unrecoverable disk error
WARN disk usage 192.168.142.104%
DEBUG cache hit for key=192.168.36.209
WARN memory threshold reached: 192.168.92.139MB
DEBUG heap size: 192.168.189.144
ERROR connection timeout 503
FATAL segfault at address 0x192.168.107.168
ERROR auth failure for user 192.168.189.144
DEBUG cache hit for key=192.168.82.31
WARN slow query: 192.168.141.220ms
WARN disk usage 192.168.107.168%
FATAL segfault at address 0x192.168.39.155
FATAL out of memory
DEBUG cache hit for key=192.168.142.104
INFO user 192.168.36.209 logged in
INFO request from 192.168.219.168
FATAL out of memory
DEBUG entering function foo
WARN memory threshold reached: 192.168.39.155MB
DEBUG cache hit for key=192.168.36.209
ERROR null pointer in module 192.168.229.48
FATAL out of memory
INFO processed 192.168.178.6 items
DEBUG heap size: 192.168.39.155
INFO user 192.168.178.215 logged in
INFO user 192.168.107.168 logged in
ERROR null pointer in module 192.168.219.168
ERROR auth failure for user 192.168.82.31
INFO user 192.168.82.31 logged in
INFO connection established
WARN disk usage 192.168.189.144%
DEBUG cache hit for key=192.168.189.144
WARN memory threshold reached: 192.168.57.185MB
ERROR connection timeout 503
ERROR auth failure for user 192.168.36.209
FATAL out of memory
INFO request from 192.168.141.220
FATAL segfault at address 0x192.168.36.209
DEBUG variable x=192.168.193.243
FATAL out of memory
ERROR file not found: /tmp/192.168.39.155.log
ERROR auth failure for user 192.168.197.186
DEBUG entering function foo
DEBUG heap size: 192.168.197.186
FATAL unrecoverable disk error
DEBUG variable x=192.168.82.31
FATAL unrecoverable disk error
FATAL out of memory
INFO user 192.168.36.209 logged in
INFO connection established
FATAL unrecoverable disk error
ERROR null pointer in module 192.168.141.220
ERROR auth failure for user 192.168.141.220
ERROR null pointer in module 192.168.92.139
FATAL kernel panic
WARN retry attempt 192.168.178.6 for 70565
DEBUG heap size: 192.168.189.144
WARN disk usage 192.168.121.141%
ERROR auth failure for user 192.168.82.31
ERROR auth failure for user 192.168.219.168
FATAL kernel panic
ERROR null pointer in module 192.168.142.104
DEBUG cache hit for key=192.168.121.141
WARN memory threshold reached: 192.168.178.6MB
WARN memory threshold reached: 192.168.193.243MB
FATAL unrecoverable disk error
INFO user 192.168.178.215 logged in
DEBUG variable x=192.168.215.207
ERROR file not found: /tmp/192.168.142.104.log
FATAL unrecoverable disk error
WARN slow query: 192.168.36.209ms
INFO connection established
FATAL segfault at address 0x192.168.197.186
INFO connection established
WARN retry attempt 192.168.92.139 for 26932
INFO user 192.168.57.185 logged in
DEBUG variable x=192.168.142.104
DEBUG heap size: 192.168.60.30
FATAL out of memory
INFO request from 192.168.178.215
INFO processed 192.168.197.186 items
FATAL kernel panic
WARN disk usage 192.168.82.31%
WARN slow query: 192.168.107.168ms
FATAL out of memory
DEBUG variable x=192.168.82.31
ERROR null pointer in module 192.168.121.141
ERROR file not found: /tmp/192.168.229.48.log
WARN disk usage 192.168.219.168%
INFO user 192.168.142.104 logged in
WARN memory threshold reached: 192.168.189.144MB
DEBUG heap size: 192.168.36.209
ERROR auth failure for user 192.168.121.141
DEBUG cache hit for key=192.168.197.186
ERROR null pointer in module 192.168.60.30
WARN disk usage 192.168.211.158%
WARN disk usage 192.168.215.207%
DEBUG entering function foo
ERROR connection timeout 503
FATAL unrecoverable disk error
FATAL unrecoverable disk error
FATAL segfault at address 0x192.168.193.243
INFO request from 192.168.9.50
DEBUG cache hit for key=192.168.189.144
WARN disk usage 192.168.36.209%
WARN disk usage 192.168.142.104%
DEBUG cache hit for key=192.168.211.158
DEBUG entering function foo
WARN memory threshold reached: 192.168.36.209MB
DEBUG heap size: 192.168.82.31
ERROR connection timeout 503
INFO connection established
ERROR file not found: /tmp/192.168.178.215.log
DEBUG entering function foo
ERROR file not found: /tmp/192.168.211.158.log
INFO processed 192.168.211.158 items
DEBUG heap size: 192.168.60.30
WARN slow query: 192.168.82.31ms
ERROR file not found: /tmp/192.168.39.155.log
INFO request from 192.168.107.168
DEBUG entering function foo
INFO user 192.168.57.185 logged in
DEBUG variable x=192.168.107.168
FATAL kernel panic
INFO user 192.168.121.141 logged in
FATAL unrecoverable disk error
ERROR null pointer in module 192.168.141.220
WARN memory threshold reached: 192.168.211.158MB
INFO user 192.168.82.31 logged in
INFO user 192.168.193.243 logged in
FATAL out of memory
ERROR null pointer in module 192.168.39.155
FATAL segfault at address 0x192.168.92.139
FATAL kernel panic
INFO connection established
INFO user 192.168.142.104 logged in
ERROR file not found: /tmp/192.168.193.243.log
WARN retry attempt 192.168.211.158 for 82210
WARN disk usage 192.168.121.141%
WARN slow query: 192.168.178.215ms
ERROR auth failure for user 192.168.178.6
WARN slow query: 192.168.215.207ms
FATAL out of memory
FATAL unrecoverable disk error
ERROR null pointer in module 192.168.189.144
DEBUG variable x=192.168.178.215
ERROR connection timeout 503
DEBUG cache hit for key=192.168.82.31
WARN retry attempt 192.168.39.155 for 57393
WARN retry attempt 192.168.189.144 for 52274
FATAL unrecoverable disk error
ERROR auth failure for user 192.168.57.185
DEBUG heap size: 192.168.107.168
INFO request from 192.168.141.220
WARN retry attempt 192.168.107.168 for 9169
ERROR auth failure for user 192.168.36.209
DEBUG entering function foo
ERROR auth failure for user 192.168.211.158
DEBUG entering function foo
DEBUG entering function foo
ERROR file not found: /tmp/192.168.219.168.log
ERROR auth failure for user 192.168.219.168
DEBUG variable x=192.168.197.186
WARN memory threshold reached: 192.168.178.6MB
INFO request from 192.168.142.104
FATAL out of memory
WARN slow query: 192.168.121.141ms
INFO processed 192.168.36.209 items
INFO request from 192.168.189.144
FATAL segfault at address 0x192.168.141.220
FATAL segfault at address 0x192.168.121.141
DEBUG entering function foo
FATAL unrecoverable disk error
FATAL out of memory
INFO processed 192.168.39.155 items
ERROR null pointer in module 192.168.229.48
DEBUG variable x=192.168.211.158
DEBUG entering function foo
ERROR file not found: /tmp/192.168.9.50.log
FATAL kernel panic
WARN retry attempt 192.168.36.209 for 2
ERROR null pointer in module 192.168.178.215
FATAL kernel panic
DEBUG entering function foo
WARN memory threshold reached: 192.168.193.243MB
DEBUG variable x=192.168.178.215
FATAL out of memory
FATAL kernel panic
WARN memory threshold reached: 192.168.189.144MB
INFO request from 192.168.193.243
INFO connection established
WARN memory threshold reached: 192.168.60.30MB
ERROR auth failure for user 192.168.142.104
FATAL out of memory
DEBUG cache hit for key=192.168.60.30
WARN memory threshold reached: 192.168.142.104MB
WARN disk usage 192.168.82.31%
DEBUG cache hit for key=192.168.178.6
INFO request from 192.168.189.144
DEBUG cache hit for key=192.168.82.31
FATAL unrecoverable disk error
INFO processed 192.168.189.144 items
ERROR null pointer in module 192.168.36.209
ERROR connection timeout 503
DEBUG variable x=192.168.219.168
DEBUG variable x=192.168.39.155
WARN memory threshold reached: 192.168.39.155MB
FATAL unrecoverable disk error
FATAL out of memory
ERROR auth failure for user 192.168.178.6
ERROR connection timeout 503
DEBUG cache hit for key=192.168.39.155
FATAL unrecoverable disk error
FATAL unrecoverable disk error
DEBUG cache hit for key=192.168.193.243
ERROR auth failure for user 192.168.82.31
INFO request from 192.168.39.155
DEBUG variable x=192.168.57.185
DEBUG entering function foo
DEBUG entering function foo
ERROR file not found: /tmp/192.168.215.207.log
WARN memory threshold reached: 192.168.197.186MB
DEBUG variable x=192.168.215.207
FATAL out of memory
DEBUG variable x=192.168.178.6
WARN slow query: 192.168.229.48ms
INFO connection established
ERROR connection timeout 503
FATAL out of memory
FATAL unrecoverable disk error
ERROR auth failure for user 192.168.141.220
INFO request from 192.168.211.158
ERROR connection timeout 503
DEBUG cache hit for key=192.168.211.158
INFO request from 192.168.107.168
FATAL kernel panic
WARN slow query: 192.168.215.207ms
ERROR file not found: /tmp/192.168.193.243.log
ERROR file not found: /tmp/192.168.57.185.log
ERROR null pointer in module 192.168.107.168
FATAL out of memory
INFO request from 192.168.9.50
ERROR null pointer in module 192.168.107.168
WARN disk usage 192.168.178.215%
INFO processed 192.168.215.207 items
DEBUG heap size: 192.168.178.215
FATAL segfault at address 0x192.168.193.243
DEBUG cache hit for key=192.168.178.6
WARN disk usage 192.168.57.185%
FATAL kernel panic
INFO user 192.168.39.155 logged in
INFO connection established
DEBUG variable x=192.168.36.209
ERROR file not found: /tmp/192.168.142.104.log
FATAL out of memory
DEBUG variable x=192.168.193.243
INFO processed 192.168.36.209 items
INFO processed 192.168.142.104 items
WARN retry attempt 192.168.215.207 for 45258
FATAL kernel panic
INFO request from 192.168.229.48
FATAL kernel panic
WARN disk usage 192.168.141.220%
ERROR connection timeout 503
WARN retry attempt 192.168.193.243 for 68545
INFO request from 192.168.193.243
WARN disk usage 192.168.39.155%
FATAL segfault at address 0x192.168.189.144
FATAL kernel panic
DEBUG entering function foo
ERROR file not found: /tmp/192.168.189.144.log
DEBUG variable x=192.168.197.186
INFO processed 192.168.57.185 items
ERROR null pointer in module 192.168.219.168
WARN memory threshold reached: 192.168.189.144MB
WARN disk usage 192.168.141.220%
DEBUG cache hit for key=192.168.219.168
FATAL unrecoverable disk error
FATAL unrecoverable disk error
INFO connection established
WARN slow query: 192.168.82.31ms
WARN memory threshold reached: 192.168.219.168MB
FATAL unrecoverable disk error
ERROR connection timeout 503
WARN disk usage 192.168.36.209%
INFO user 192.168.57.185 logged in
INFO processed 192.168.189.144 items
ERROR file not found: /tmp/192.168.39.155.log
ERROR file not found: /tmp/192.168.211.158.log
WARN disk usage 192.168.9.50%
FATAL out of memory
DEBUG variable x=192.168.142.104
DEBUG heap size: 192.168.178.215
DEBUG variable x=192.168.9.50
WARN retry attempt 192.168.189.144 for 94288
DEBUG variable x=192.168.82.31
INFO processed 192.168.215.207 items
FATAL segfault at address 0x192.168.57.185
FATAL segfault at address 0x192.168.141.220
INFO request from 192.168.60.30
DEBUG cache hit for key=192.168.142.104
DEBUG variable x=192.168.60.30
INFO connection established
ERROR file not found: /tmp/192.168.57.185.log
WARN retry attempt 192.168.229.48 for 74523
WARN slow query: 192.168.229.48ms
INFO request from 192.168.9.50
DEBUG cache hit for key=192.168.121.141
INFO processed 192.168.219.168 items
ERROR connection timeout 503
WARN disk usage 192.168.219.168%
ERROR null pointer in module 192.168.36.209
INFO processed 192.168.141.220 items
FATAL kernel panic
FATAL segfault at address 0x192.168.39.155
WARN disk usage 192.168.197.186%
FATAL segfault at address 0x192.168.215.207
INFO connection established
FATAL out of memory
FATAL unrecoverable disk error
DEBUG heap size: 192.168.178.6
FATAL unrecoverable disk error
DEBUG heap size: 192.168.142.104
WARN retry attempt 192.168.121.141 for 42016
DEBUG variable x=192.168.82.31
WARN slow query: 192.168.142.104ms
DEBUG entering function foo
INFO connection established
WARN slow query: 192.168.9.50ms
WARN disk usage 192.168.219.168%
INFO user 192.168.142.104 logged in
WARN retry attempt 192.168.141.220 for 71629
WARN disk usage 192.168.92.139%
WARN retry attempt 192.168.107.168 for 75442
WARN disk usage 192.168.92.139%
WARN disk usage 192.168.82.31%
ERROR file not found: /tmp/192.168.82.31.log
FATAL segfault at address 0x192.168.57.185
ERROR connection timeout 503
DEBUG entering function foo
WARN retry attempt 192.168.82.31 for 80640
ERROR connection timeout 503
INFO connection established
DEBUG entering function foo
FATAL unrecoverable disk error
FATAL out of memory
FATAL unrecoverable disk error
FATAL kernel panic
INFO connection established
WARN memory threshold reached: 192.168.60.30MB
WARN memory threshold reached: 192.168.197.186MB
INFO connection established
DEBUG variable x=192.168.142.104
FATAL unrecoverable disk error
DEBUG variable x=192.168.60.30
WARN retry attempt 192.168.57.185 for 68948
ERROR file not found: /tmp/192.168.229.48.log
WARN memory threshold reached: 192.168.219.168MB
FATAL segfault at address 0x192.168.189.144
WARN slow query: 192.168.36.209ms
DEBUG variable x=192.168.82.31
WARN retry attempt 192.168.107.168 for 82772
WARN memory threshold reached: 192.168.197.186MB
ERROR auth failure for user 192.168.60.30
ERROR file not found: /tmp/192.168.178.215.log
FATAL segfault at address 0x192.168.107.168
INFO connection established
DEBUG cache hit for key=192.168.57.185
INFO user 192.168.92.139 logged in
FATAL kernel panic
WARN slow query: 192.168.57.185ms
WARN slow query: 192.168.142.104ms
WARN disk usage 192.168.219.168%
INFO connection established
ERROR null pointer in module 192.168.60.30
WARN retry attempt 192.168.82.31 for 72446
ERROR null pointer in module 192.168.219.168
WARN slow query: 192.168.178.215ms
DEBUG heap size: 192.168.92.139
INFO request from 192.168.219.168
DEBUG heap size: 192.168.121.141
WARN memory threshold reached: 192.168.178.6MB
INFO request from 192.168.189.144
ERROR auth failure for user 192.168.39.155
FATAL kernel panic
INFO user 192.168.141.220 logged in
FATAL kernel panic
INFO processed 192.168.36.209 items
WARN retry attempt 192.168.39.155 for 52683
INFO connection established
FATAL unrecoverable disk error
ERROR null pointer in module 192.168.178.215
INFO user 192.168.189.144 logged in
ERROR connection timeout 503
ERROR null pointer in module 192.168.189.144
DEBUG entering function foo
FATAL out of memory
INFO request from 192.168.142.104
WARN memory threshold reached: 192.168.197.186MB
DEBUG heap size: 192.168.178.215
ERROR file not found: /tmp/192.168.82.31.log
FATAL unrecoverable disk error
FATAL out of memory
ERROR connection timeout 503
DEBUG variable x=192.168.219.168
WARN memory threshold reached: 192.168.211.158MB
INFO request from 192.168.197.186
FATAL segfault at address 0x192.168.107.168
DEBUG heap size: 192.168.142.104
INFO user 192.168.229.48 logged in
ERROR connection timeout 503
INFO user 192.168.211.158 logged in
INFO user 192.168.219.168 logged in
FATAL segfault at address 0x192.168.107.168
INFO connection established
FATAL kernel panic
WARN memory threshold reached: 192.168.193.243MB
FATAL kernel panic
FATAL kernel panic
ERROR null pointer in module 192.168.189.144
FATAL kernel panic
ERROR auth failure for user 192.168.215.207
FATAL kernel panic
DEBUG entering function foo
FATAL unrecoverable disk error
INFO processed 192.168.193.243 items
FATAL out of memory
INFO request from 192.168.178.215
DEBUG heap size: 192.168.142.104
ERROR auth failure for user 192.168.189.144
WARN slow query: 192.168.82.31ms
WARN memory threshold reached: 192.168.215.207MB
FATAL kernel panic
FATAL unrecoverable disk error
WARN memory threshold reached: 192.168.141.220MB
DEBUG heap size: 192.168.215.207
DEBUG variable x=192.168.193.243
ERROR null pointer in module 192.168.39.155
INFO request from 192.168.215.207
DEBUG cache hit for key=192.168.178.6
FATAL segfault at address 0x192.168.141.220
INFO request from 192.168.121.141
FATAL unrecoverable disk error
FATAL kernel panic
DEBUG heap size: 192.168.121.141
ERROR file not found: /tmp/192.168.36.209.log
DEBUG entering function foo
FATAL out of memory
FATAL segfault at address 0x192.168.36.209
WARN disk usage 192.168.189.144%
DEBUG cache hit for key=192.168.9.50
FATAL kernel panic
ERROR null pointer in module 192.168.229.48
WARN memory threshold reached: 192.168.121.141MB
ERROR null pointer in module 192.168.219.168
WARN slow query: 192.168.92.139ms
INFO processed 192.168.141.220 items
WARN retry attempt 192.168.9.50 for 97062
DEBUG entering function foo
INFO user 192.168.82.31 logged in
DEBUG cache hit for key=192.168.121.141
DEBUG heap size: 192.168.229.48
FATAL kernel panic
FATAL unrecoverable disk error
INFO request from 192.168.141.220
INFO user 192.168.107.168 logged in
WARN retry attempt 192.168.215.207 for 72344
WARN disk usage 192.168.229.48%
INFO connection established
DEBUG cache hit for key=192.168.141.220
INFO processed 192.168.107.168 items
WARN disk usage 192.168.142.104%
WARN retry attempt 192.168.178.6 for 77538
DEBUG variable x=192.168.82.31
FATAL segfault at address 0x192.168.92.139
DEBUG entering function foo
WARN retry attempt 192.168.197.186 for 81813
ERROR auth failure for user 192.168.141.220
ERROR connection timeout 503
ERROR auth failure for user 192.168.193.243
WARN slow query: 192.168.215.207ms
ERROR connection timeout 503
ERROR file not found: /tmp/192.168.219.168.log
ERROR auth failure for user 192.168.142.104
INFO processed 192.168.107.168 items
FATAL unrecoverable disk error
ERROR auth failure for user 192.168.141.220
DEBUG entering function foo
FATAL unrecoverable disk error
FATAL kernel panic
FATAL segfault at address 0x192.168.82.31
WARN retry attempt 192.168.9.50 for 66639
ERROR auth failure for user 192.168.39.155
ERROR null pointer in module 192.168.193.243
INFO connection established
ERROR connection timeout 503
FATAL segfault at address 0x192.168.193.243
INFO request from 192.168.36.209
ERROR connection timeout 503
INFO connection established
INFO connection established
DEBUG entering function foo
ERROR null pointer in module 192.168.121.141
DEBUG variable x=192.168.107.168
WARN retry attempt 192.168.193.243 for 35241
FATAL segfault at address 0x192.168.219.168
DEBUG entering function foo
ERROR connection timeout 503
FATAL kernel panic
DEBUG variable x=192.168.36.209
ERROR connection timeout 503
WARN slow query: 192.168.178.6ms
INFO processed 192.168.229.48 items
INFO connection established
INFO request from 192.168.121.141
FATAL kernel panic
INFO connection established
DEBUG heap size: 192.168.193.243
DEBUG cache hit for key=192.168.189.144
ERROR null pointer in module 192.168.121.141
INFO request from 192.168.39.155
INFO connection established
INFO user 192.168.219.168 logged in
INFO connection established
INFO request from 192.168.193.243
WARN slow query: 192.168.178.215ms
DEBUG cache hit for key=192.168.197.186
FATAL out of memory
FATAL out of memory
WARN disk usage 192.168.229.48%
DEBUG entering function foo
ERROR auth failure for user 192.168.121.141
INFO user 192.168.121.141 logged in
INFO processed 192.168.60.30 items
INFO request from 192.168.60.30
DEBUG heap size: 192.168.92.139
DEBUG entering function foo
INFO connection established
WARN slow query: 192.168.193.243ms
FATAL segfault at address 0x192.168.39.155
ERROR file not found: /tmp/192.168.9.50.log
FATAL unrecoverable disk error
ERROR null pointer in module 192.168.82.31
DEBUG variable x=192.168.57.185
ERROR file not found: /tmp/192.168.107.168.log
INFO processed 192.168.211.158 items
ERROR connection timeout 503
INFO processed 192.168.121.141 items
INFO request from 192.168.193.243
FATAL unrecoverable disk error
ERROR file not found: /tmp/192.168.39.155.log
ERROR auth failure for user 192.168.178.6
WARN memory threshold reached: 192.168.193.243MB
FATAL segfault at address 0x192.168.178.6
DEBUG entering function foo
ERROR auth failure for user 192.168.107.168
INFO user 192.168.215.207 logged in
ERROR file not found: /tmp/192.168.178.6.log
DEBUG cache hit for key=192.168.107.168
INFO request from 192.168.178.6
DEBUG cache hit for key=192.168.197.186
WARN slow query: 192.168.178.215ms
FATAL kernel panic
FATAL out of memory
FATAL out of memory
FATAL unrecoverable disk error
ERROR auth failure for user 192.168.178.215
DEBUG cache hit for key=192.168.36.209
FATAL out of memory
DEBUG entering function foo
FATAL unrecoverable disk error
FATAL kernel panic
FATAL segfault at address 0x192.168.57.185
FATAL kernel panic
INFO user 192.168.215.207 logged in
INFO request from 192.168.189.144
INFO connection established
ERROR auth failure for user 192.168.60.30
ERROR connection timeout 503
ERROR auth failure for user 192.168.57.185
FATAL out of memory
FATAL unrecoverable disk error
INFO request from 192.168.92.139
ERROR auth failure for user 192.168.141.220
WARN retry attempt 192.168.36.209 for 53146
INFO connection established
WARN slow query: 192.168.9.50ms
WARN slow query: 192.168.82.31ms
FATAL unrecoverable disk error
ERROR connection timeout 503
WARN slow query: 192.168.197.186ms
INFO processed 192.168.193.243 items
ERROR null pointer in module 192.168.141.220
INFO user 192.168.141.220 logged in
INFO connection established
WARN disk usage 192.168.211.158%
WARN retry attempt 192.168.92.139 for 11302
INFO connection established
WARN memory threshold reached: 192.168.39.155MB
DEBUG entering function foo
FATAL unrecoverable disk error
DEBUG variable x=192.168.219.168
FATAL out of memory
WARN disk usage 192.168.215.207%
FATAL unrecoverable disk error
ERROR connection timeout 503
DEBUG heap size: 192.168.60.30
WARN slow query: 192.168.142.104ms
ERROR connection timeout 503
FATAL segfault at address 0x192.168.107.168
INFO request from 192.168.189.144
ERROR auth failure for user 192.168.121.141
ERROR auth failure for user 192.168.189.144
FATAL segfault at address 0x192.168.142.104
INFO user 192.168.193.243 logged in
INFO connection established
INFO user 192.168.189.144 logged in
DEBUG variable x=192.168.193.243
DEBUG heap size: 192.168.178.215
INFO connection established
DEBUG entering function foo
WARN retry attempt 192.168.178.6 for 14046
INFO user 192.168.211.158 logged in
DEBUG cache hit for key=192.168.82.31
DEBUG variable x=192.168.9.50
WARN retry attempt 192.168.189.144 for 22484
FATAL out of memory
FATAL segfault at address 0x192.168.178.6
INFO connection established
ERROR null pointer in module 192.168.39.155
WARN retry attempt 192.168.141.220 for 54524
DEBUG heap size: 192.168.9.50
ERROR null pointer in module 192.168.141.220
WARN disk usage 192.168.82.31%
WARN slow query: 192.168.142.104ms
FATAL segfault at address 0x192.168.9.50
INFO connection established
ERROR auth failure for user 192.168.178.215
INFO connection established
INFO processed 192.168.36.209 items
INFO request from 192.168.60.30
DEBUG variable x=192.168.9.50
ERROR file not found: /tmp/192.168.219.168.log
WARN retry attempt 192.168.215.207 for 23282
INFO processed 192.168.9.50 items
FATAL unrecoverable disk error
WARN slow query: 192.168.121.141ms
WARN retry attempt 192.168.229.48 for 95200
INFO processed 192.168.92.139 items
DEBUG cache hit for key=192.168.82.31
ERROR auth failure for user 192.168.60.30
ERROR null pointer in module 192.168.178.215
DEBUG cache hit for key=192.168.36.209
DEBUG entering function foo
ERROR auth failure for user 192.168.215.207
ERROR connection timeout 503
FATAL unrecoverable disk error
FATAL unrecoverable disk error
INFO user 192.168.107.168 logged in
INFO user 192.168.189.144 logged in
INFO processed 192.168.121.141 items
INFO user 192.168.189.144 logged in
DEBUG heap size: 192.168.82.31
DEBUG cache hit for key=192.168.39.155
FATAL segfault at address 0x192.168.178.6
ERROR file not found: /tmp/192.168.82.31.log
FATAL segfault at address 0x192.168.178.6
INFO connection established
FATAL kernel panic
WARN memory threshold reached: 192.168.121.141MB
ERROR null pointer in module 192.168.219.168
ERROR auth failure for user 192.168.36.209
ERROR file not found: /tmp/192.168.60.30.log
ERROR file not found: /tmp/192.168.215.207.log
INFO connection established
DEBUG heap size: 192.168.215.207
ERROR auth failure for user 192.168.141.220
ERROR file not found: /tmp/192.168.82.31.log
DEBUG heap size: 192.168.219.168
INFO user 192.168.92.139 logged in
WARN memory threshold reached: 192.168.189.144MB
FATAL unrecoverable disk error
DEBUG entering function foo
ERROR connection timeout 503
FATAL segfault at address 0x192.168.219.168
WARN disk usage 192.168.229.48%
INFO processed 192.168.229.48 items
ERROR connection timeout 503
INFO connection established
ERROR connection timeout 503
INFO user 192.168.211.158 logged in
INFO user 192.168.39.155 logged in
INFO request from 192.168.219.168
FATAL unrecoverable disk error
WARN memory threshold reached: 192.168.39.155MB
ERROR null pointer in module 192.168.141.220
FATAL kernel panic
FATAL kernel panic
WARN disk usage 192.168.36.209%
INFO user 192.168.219.168 logged in
ERROR auth failure for user 192.168.142.104
ERROR auth failure for user 192.168.121.141
DEBUG cache hit for key=192.168.142.104
FATAL unrecoverable disk error
WARN retry attempt 192.168.189.144 for 55787
DEBUG variable x=192.168.39.155
DEBUG entering function foo
ERROR file not found: /tmp/192.168.9.50.log
WARN slow query: 192.168.178.215ms
WARN retry attempt 192.168.178.6 for 57246
WARN memory threshold reached: 192.168.215.207MB
INFO processed 192.168.9.50 items
FATAL out of memory
INFO processed 192.168.82.31 items
ERROR auth failure for user 192.168.229.48
INFO connection established
DEBUG heap size: 192.168.197.186
DEBUG cache hit for key=192.168.82.31
WARN disk usage 192.168.141.220%
DEBUG cache hit for key=192.168.121.141
WARN slow query: 192.168.82.31ms
DEBUG entering function foo
FATAL segfault at address 0x192.168.219.168
ERROR connection timeout 503
WARN retry attempt 192.168.229.48 for 63341
FATAL segfault at address 0x192.168.141.220
WARN memory threshold reached: 192.168.141.220MB
FATAL out of memory
DEBUG entering function foo
FATAL out of memory
WARN memory threshold reached: 192.168.193.243MB
DEBUG heap size: 192.168.121.141
WARN slow query: 192.168.39.155ms
INFO user 192.168.9.50 logged in
WARN retry attempt 192.168.229.48 for 81861
FATAL unrecoverable disk error
FATAL segfault at address 0x192.168.219.168
WARN slow query: 192.168.92.139ms
WARN retry attempt 192.168.107.168 for 6992
FATAL segfault at address 0x192.168.142.104
INFO connection established
INFO processed 192.168.107.168 items
INFO connection established
WARN memory threshold reached: 192.168.9.50MB
FATAL unrecoverable disk error
INFO user 192.168.36.209 logged in
FATAL segfault at address 0x192.168.219.168
WARN slow query: 192.168.57.185ms
ERROR connection timeout 503
WARN memory threshold reached: 192.168.57.185MB
WARN slow query: 192.168.60.30ms
DEBUG variable x=192.168.82.31
DEBUG cache hit for key=192.168.9.50
FATAL segfault at address 0x192.168.197.186
INFO user 192.168.189.144 logged in
WARN retry attempt 192.168.219.168 for 27990
INFO processed 192.168.229.48 items
INFO processed 192.168.215.207 items
WARN slow query: 192.168.82.31ms
DEBUG cache hit for key=192.168.178.6
WARN slow query: 192.168.39.155ms
FATAL kernel panic
WARN memory threshold reached: 192.168.107.168MB
WARN disk usage 192.168.57.185%
WARN retry attempt 192.168.219.168 for 73016
DEBUG variable x=192.168.60.30
DEBUG heap size: 192.168.193.243
INFO processed 192.168.219.168 items
DEBUG heap size: 192.168.39.155
ERROR connection timeout 503
FATAL unrecoverable disk error
FATAL unrecoverable disk error
ERROR connection timeout 503
ERROR auth failure for user 192.168.193.243
DEBUG variable x=192.168.141.220
WARN retry attempt 192.168.215.207 for 19709
WARN memory threshold reached: 192.168.121.141MB
DEBUG variable x=192.168.82.31
DEBUG cache hit for key=192.168.141.220
DEBUG heap size: 192.168.215.207
WARN retry attempt 192.168.57.185 for 40984
DEBUG entering function foo
ERROR null pointer in module 192.168.121.141
ERROR auth failure for user 192.168.36.209
FATAL kernel panic
FATAL segfault at address 0x192.168.219.168
ERROR file not found: /tmp/192.168.9.50.log
ERROR auth failure for user 192.168.197.186
FATAL kernel panic
DEBUG entering function foo
WARN disk usage 192.168.141.220%
INFO user 192.168.9.50 logged in
DEBUG cache hit for key=192.168.36.209
FATAL out of memory
DEBUG cache hit for key=192.168.82.31
WARN retry attempt 192.168.39.155 for 62994
FATAL kernel panic
FATAL out of memory
DEBUG variable x=192.168.39.155
WARN retry attempt 192.168.121.141 for 2421
ERROR null pointer in module 192.168.219.168
ERROR connection timeout 503
DEBUG heap size: 192.168.229.48
ERROR auth failure for user 192.168.36.209
DEBUG entering function foo
INFO request from 192.168.60.30
DEBUG heap size: 192.168.107.168
ERROR connection timeout 503
WARN slow query: 192.168.60.30ms
FATAL segfault at address 0x192.168.142.104
WARN memory threshold reached: 192.168.219.168MB
FATAL segfault at address 0x192.168.219.168
DEBUG entering function foo
DEBUG cache hit for key=192.168.39.155
ERROR null pointer in module 192.168.215.207
ERROR auth failure for user 192.168.82.31
DEBUG heap size: 192.168.92.139
ERROR auth failure for user 192.168.219.168
ERROR auth failure for user 192.168.57.185
WARN memory threshold reached: 192.168.211.158MB
FATAL unrecoverable disk error
ERROR null pointer in module 192.168.211.158
DEBUG entering function foo
FATAL kernel panic
INFO processed 192.168.193.243 items
DEBUG cache hit for key=192.168.178.6
FATAL segfault at address 0x192.168.142.104
DEBUG heap size: 192.168.193.243
WARN disk usage 192.168.36.209%
ERROR file not found: /tmp/192.168.107.168.log
ERROR connection timeout 503
INFO user 192.168.219.168 logged in
ERROR auth failure for user 192.168.36.209
FATAL out of memory
INFO connection established
DEBUG entering function foo
WARN retry attempt 192.168.215.207 for 9993
WARN slow query: 192.168.189.144ms
INFO user 192.168.39.155 logged in
DEBUG heap size: 192.168.178.215
INFO user 192.168.219.168 logged in
WARN retry attempt 192.168.178.215 for 13059
INFO user 192.168.36.209 logged in
INFO request from 192.168.82.31
DEBUG heap size: 192.168.219.168
DEBUG variable x=192.168.142.104
ERROR file not found: /tmp/192.168.211.158.log
FATAL out of memory
WARN retry attempt 192.168.215.207 for 78179
INFO processed 192.168.193.243 items
WARN slow query: 192.168.178.215ms
WARN slow query: 192.168.142.104ms
WARN slow query: 192.168.197.186ms
INFO connection established
INFO connection established
INFO user 192.168.215.207 logged in
WARN slow query: 192.168.57.185ms
DEBUG entering function foo
FATAL kernel panic
FATAL segfault at address 0x192.168.60.30
WARN slow query: 192.168.229.48ms
DEBUG heap size: 192.168.36.209
WARN slow query: 192.168.229.48ms
DEBUG heap size: 192.168.57.185
ERROR connection timeout 503
ERROR connection timeout 503
WARN retry attempt 192.168.60.30 for 8050
WARN slow query: 192.168.229.48ms
ERROR connection timeout 503
WARN memory threshold reached: 192.168.197.186MB
DEBUG entering function foo
ERROR file not found: /tmp/192.168.36.209.log
WARN memory threshold reached: 192.168.57.185MB
WARN retry attempt 192.168.197.186 for 44974
ERROR auth failure for user 192.168.39.155
DEBUG entering function foo
FATAL kernel panic
DEBUG variable x=192.168.57.185
DEBUG heap size: 192.168.178.6
ERROR null pointer in module 192.168.57.185
WARN retry attempt 192.168.193.243 for 2047
WARN disk usage 192.168.189.144%
ERROR file not found: /tmp/192.168.178.6.log
FATAL kernel panic
WARN slow query: 192.168.215.207ms
WARN memory threshold reached: 192.168.229.48MB
WARN slow query: 192.168.82.31ms
DEBUG variable x=192.168.189.144
INFO request from 192.168.141.220
INFO processed 192.168.121.141 items
ERROR connection timeout 503
DEBUG variable x=192.168.178.6
WARN memory threshold reached: 192.168.189.144MB
DEBUG heap size: 192.168.121.141
ERROR null pointer in module 192.168.9.50
WARN retry attempt 192.168.107.168 for 78480
INFO processed 192.168.211.158 items
INFO request from 192.168.229.48
ERROR auth failure for user 192.168.219.168
WARN memory threshold reached: 192.168.121.141MB
INFO connection established
INFO user 192.168.189.144 logged in
WARN memory threshold reached: 192.168.9.50MB
INFO processed 192.168.219.168 items
WARN memory threshold reached: 192.168.60.30MB
INFO processed 192.168.36.209 items
INFO request from 192.168.229.48
ERROR null pointer in module 192.168.211.158
WARN slow query: 192.168.197.186ms
FATAL segfault at address 0x192.168.219.168
ERROR auth failure for user 192.168.107.168
WARN retry attempt 192.168.211.158 for 56385
DEBUG entering function foo
DEBUG cache hit for key=192.168.121.141
WARN retry attempt 192.168.219.168 for 20131
WARN slow query: 192.168.60.30ms
INFO processed 192.168.57.185 items
FATAL unrecoverable disk error
DEBUG cache hit for key=192.168.9.50
WARN disk usage 192.168.92.139%
FATAL segfault at address 0x192.168.82.31
DEBUG variable x=192.168.215.207
INFO request from 192.168.215.207
INFO request from 192.168.193.243
INFO user 192.168.82.31 logged in
INFO user 192.168.82.31 logged in
WARN memory threshold reached: 192.168.211.158MB
DEBUG variable x=192.168.121.141
WARN disk usage 192.168.141.220%
FATAL unrecoverable disk error
DEBUG variable x=192.168.57.185
ERROR null pointer in module 192.168.107.168
DEBUG heap size: 192.168.60.30
FATAL kernel panic
ERROR file not found: /tmp/192.168.215.207.log
DEBUG cache hit for key=192.168.193.243
ERROR connection timeout 503
FATAL kernel panic
WARN memory threshold reached: 192.168.60.30MB
WARN slow query: 192.168.60.30ms
DEBUG variable x=192.168.193.243
WARN memory threshold reached: 192.168.142.104MB
WARN disk usage 192.168.57.185%
WARN slow query: 192.168.215.207ms
WARN retry attempt 192.168.229.48 for 58217
WARN memory threshold reached: 192.168.219.168MB
ERROR auth failure for user 192.168.189.144
ERROR auth failure for user 192.168.178.215
DEBUG variable x=192.168.211.158
DEBUG variable x=192.168.121.141
FATAL kernel panic
WARN slow query: 192.168.141.220ms
ERROR auth failure for user 192.168.178.215
ERROR connection timeout 503
INFO connection established
FATAL unrecoverable disk error
WARN slow query: 192.168.215.207ms
FATAL unrecoverable disk error
FATAL segfault at address 0x192.168.189.144
WARN retry attempt 192.168.229.48 for 66045
DEBUG entering function foo
FATAL unrecoverable disk error
INFO request from 192.168.57.185
FATAL kernel panic
INFO connection established
INFO request from 192.168.229.48
FATAL unrecoverable disk error
FATAL out of memory
INFO user 192.168.36.209 logged in
FATAL unrecoverable disk error
WARN retry attempt 192.168.36.209 for 7388
INFO user 192.168.219.168 logged in
FATAL kernel panic
ERROR auth failure for user 192.168.229.48
INFO user 192.168.189.144 logged in
WARN memory threshold reached: 192.168.189.144MB
WARN slow query: 192.168.57.185ms
WARN retry attempt 192.168.107.168 for 62016
FATAL segfault at address 0x192.168.92.139
INFO processed 192.168.141.220 items
DEBUG entering function foo
DEBUG heap size: 192.168.60.30
DEBUG entering function foo
ERROR auth failure for user 192.168.219.168
FATAL kernel panic
WARN retry attempt 192.168.178.6 for 75417
FATAL segfault at address 0x192.168.211.158
INFO connection established
DEBUG variable x=192.168.36.209
FATAL unrecoverable disk error
DEBUG heap size: 192.168.211.158
WARN slow query: 192.168.141.220ms
WARN memory threshold reached: 192.168.215.207MB
ERROR null pointer in module 192.168.229.48
DEBUG variable x=192.168.141.220
WARN memory threshold reached: 192.168.39.155MB
FATAL kernel panic
INFO user 192.168.189.144 logged in
ERROR null pointer in module 192.168.36.209
INFO request from 192.168.92.139
ERROR connection timeout 503
INFO processed 192.168.121.141 items
WARN slow query: 192.168.92.139ms
WARN slow query: 192.168.92.139ms
ERROR file not found: /tmp/192.168.92.139.log
WARN slow query: 192.168.141.220ms
WARN disk usage 192.168.141.220%
ERROR auth failure for user 192.168.189.144
ERROR auth failure for user 192.168.219.168
FATAL out of memory
ERROR file not found: /tmp/192.168.229.48.log
INFO processed 192.168.197.186 items
ERROR file not found: /tmp/192.168.92.139.log
ERROR file not found: /tmp/192.168.178.6.log
INFO user 192.168.121.141 logged in
DEBUG heap size: 192.168.178.215
ERROR connection timeout 503
FATAL kernel panic
WARN slow query: 192.168.178.215ms
DEBUG cache hit for key=192.168.36.209
FATAL segfault at address 0x192.168.197.186
WARN disk usage 192.168.142.104%
ERROR connection timeout 503
ERROR connection timeout 503
FATAL unrecoverable disk error
DEBUG entering function foo
ERROR connection timeout 503
FATAL segfault at address 0x192.168.141.220
INFO connection established
INFO processed 192.168.121.141 items
WARN retry attempt 192.168.60.30 for 47869
FATAL out of memory
WARN memory threshold reached: 192.168.142.104MB
WARN memory threshold reached: 192.168.36.209MB
WARN retry attempt 192.168.82.31 for 24693
FATAL out of memory
DEBUG cache hit for key=192.168.211.158
INFO request from 192.168.189.144
DEBUG entering function foo
ERROR file not found: /tmp/192.168.215.207.log
ERROR connection timeout 503
DEBUG entering function foo
WARN disk usage 192.168.121.141%
INFO processed 192.168.178.6 items
ERROR connection timeout 503
FATAL segfault at address 0x192.168.229.48
WARN slow query: 192.168.57.185ms
DEBUG cache hit for key=192.168.142.104
FATAL segfault at address 0x192.168.92.139
WARN disk usage 192.168.142.104%
WARN memory threshold reached: 192.168.121.141MB
DEBUG variable x=192.168.178.6
DEBUG cache hit for key=192.168.142.104
INFO processed 192.168.121.141 items
WARN disk usage 192.168.142.104%
DEBUG variable x=192.168.36.209
INFO user 192.168.121.141 logged in
INFO processed 192.168.178.215 items
FATAL out of memory
FATAL unrecoverable disk error
ERROR file not found: /tmp/192.168.193.243.log
ERROR null pointer in module 192.168.142.104
INFO connection established
FATAL unrecoverable disk error
DEBUG entering function foo
FATAL segfault at address 0x192.168.219.168
INFO processed 192.168.178.215 items
ERROR null pointer in module 192.168.142.104
DEBUG cache hit for key=192.168.178.215
WARN retry attempt 192.168.219.168 for 29694
WARN retry attempt 192.168.211.158 for 32395
WARN disk usage 192.168.39.155%
ERROR auth failure for user 192.168.189.144
DEBUG entering function foo
DEBUG cache hit for key=192.168.82.31
INFO processed 192.168.219.168 items
WARN memory threshold reached: 192.168.82.31MB
DEBUG variable x=192.168.229.48
ERROR connection timeout 503
DEBUG heap size: 192.168.219.168
DEBUG cache hit for key=192.168.39.155
ERROR file not found: /tmp/192.168.57.185.log
WARN disk usage 192.168.189.144%
DEBUG entering function foo
INFO request from 192.168.121.141
FATAL out of memory
DEBUG heap size: 192.168.229.48
DEBUG heap size: 192.168.36.209
ERROR file not found: /tmp/192.168.219.168.log
INFO processed 192.168.219.168 items
DEBUG entering function foo
FATAL segfault at address 0x192.168.92.139
ERROR auth failure for user 192.168.57.185
DEBUG variable x=192.168.193.243
FATAL unrecoverable disk error
FATAL out of memory
WARN disk usage 192.168.60.30%
WARN slow query: 192.168.107.168ms
WARN slow query: 192.168.178.6ms
FATAL unrecoverable disk error
WARN disk usage 192.168.141.220%
DEBUG variable x=192.168.197.186
INFO connection established
DEBUG heap size: 192.168.215.207
WARN disk usage 192.168.142.104%
INFO request from 192.168.219.168
DEBUG heap size: 192.168.189.144
WARN slow query: 192.168.178.6ms
DEBUG cache hit for key=192.168.57.185
INFO request from 192.168.39.155
FATAL segfault at address 0x192.168.107.168
ERROR null pointer in module 192.168.36.209
ERROR null pointer in module 192.168.142.104
DEBUG entering function foo
WARN memory threshold reached: 192.168.219.168MB
ERROR file not found: /tmp/192.168.178.6.log
WARN slow query: 192.168.60.30ms
INFO processed 192.168.121.141 items
FATAL out of memory
FATAL segfault at address 0x192.168.121.141
FATAL kernel panic
DEBUG heap size: 192.168.107.168
INFO request from 192.168.60.30
DEBUG cache hit for key=192.168.142.104
FATAL out of memory
ERROR connection timeout 503
DEBUG variable x=192.168.60.30
FATAL segfault at address 0x192.168.107.168
INFO user 192.168.197.186 logged in
WARN slow query: 192.168.9.50ms
INFO request from 192.168.178.215
WARN memory threshold reached: 192.168.82.31MB
ERROR file not found: /tmp/192.168.178.6.log
INFO request from 192.168.193.243
ERROR connection timeout 503
ERROR null pointer in module 192.168.197.186
DEBUG cache hit for key=192.168.9.50
INFO connection established
FATAL kernel panic
FATAL unrecoverable disk error
WARN retry attempt 192.168.60.30 for 74440
FATAL kernel panic
DEBUG variable x=192.168.57.185
WARN disk usage 192.168.215.207%
WARN memory threshold reached: 192.168.193.243MB
WARN disk usage 192.168.107.168%
ERROR file not found: /tmp/192.168.215.207.log
ERROR null pointer in module 192.168.36.209
DEBUG heap size: 192.168.178.215
FATAL unrecoverable disk error
INFO user 192.168.57.185 logged in
ERROR file not found: /tmp/192.168.141.220.log
DEBUG entering function foo
ERROR connection timeout 503
INFO request from 192.168.107.168
FATAL out of memory
WARN slow query: 192.168.121.141ms
WARN memory threshold reached: 192.168.178.6MB
ERROR null pointer in module 192.168.141.220
WARN memory threshold reached: 192.168.197.186MB
WARN slow query: 192.168.57.185ms
ERROR file not found: /tmp/192.168.39.155.log
WARN memory threshold reached: 192.168.141.220MB
ERROR null pointer in module 192.168.178.215
ERROR file not found: /tmp/192.168.215.207.log
FATAL out of memory
INFO user 192.168.39.155 logged in
FATAL kernel panic
ERROR null pointer in module 192.168.193.243
INFO request from 192.168.178.6
INFO user 192.168.82.31 logged in
FATAL out of memory
WARN disk usage 192.168.92.139%
WARN slow query: 192.168.36.209ms
DEBUG cache hit for key=192.168.189.144
FATAL kernel panic
FATAL unrecoverable disk error
DEBUG cache hit for key=192.168.193.243
INFO processed 192.168.219.168 items
INFO processed 192.168.178.6 items
FATAL out of memory
DEBUG entering function foo
ERROR connection timeout 503
DEBUG entering function foo
ERROR null pointer in module 192.168.60.30
ERROR file not found: /tmp/192.168.189.144.log
DEBUG heap size: 192.168.60.30
DEBUG variable x=192.168.39.155
WARN disk usage 192.168.215.207%
ERROR file not found: /tmp/192.168.141.220.log
INFO processed 192.168.60.30 items
INFO processed 192.168.36.209 items
ERROR file not found: /tmp/192.168.219.168.log
INFO connection established
WARN memory threshold reached: 192.168.193.243MB
DEBUG variable x=192.168.197.186
WARN retry attempt 192.168.211.158 for 12726
WARN memory threshold reached: 192.168.189.144MB
ERROR null pointer in module 192.168.215.207
FATAL out of memory
DEBUG heap size: 192.168.57.185
INFO processed 192.168.197.186 items
ERROR connection timeout 503
INFO processed 192.168.142.104 items
INFO request from 192.168.178.215
ERROR file not found: /tmp/192.168.219.168.log
WARN retry attempt 192.168.197.186 for 48440
WARN slow query: 192.168.211.158ms
WARN slow query: 192.168.141.220ms
DEBUG entering function foo
WARN disk usage 192.168.219.168%
INFO connection established
DEBUG variable x=192.168.141.220
FATAL kernel panic
FATAL kernel panic
FATAL segfault at address 0x192.168.82.31
INFO request from 192.168.121.141
FATAL unrecoverable disk error
DEBUG heap size: 192.168.197.186
WARN retry attempt 192.168.193.243 for 59778
INFO user 192.168.82.31 logged in
WARN memory threshold reached: 192.168.121.141MB
ERROR auth failure for user 192.168.142.104
FATAL kernel panic
INFO user 192.168.92.139 logged in
FATAL out of memory
FATAL kernel panic
WARN retry attempt 192.168.36.209 for 70176
FATAL segfault at address 0x192.168.121.141
ERROR null pointer in module 192.168.60.30
ERROR null pointer in module 192.168.121.141
ERROR connection timeout 503
DEBUG entering function foo
INFO request from 192.168.36.209
DEBUG heap size: 192.168.189.144
FATAL unrecoverable disk error
INFO connection established
DEBUG variable x=192.168.107.168
INFO processed 192.168.189.144 items
INFO processed 192.168.92.139 items
INFO user 192.168.219.168 logged in
ERROR file not found: /tmp/192.168.60.30.log
FATAL out of memory
FATAL out of memory
WARN slow query: 192.168.211.158ms
WARN memory threshold reached: 192.168.107.168MB
FATAL segfault at address 0x192.168.107.168
FATAL kernel panic
DEBUG variable x=192.168.211.158
WARN memory threshold reached: 192.168.39.155MB
DEBUG variable x=192.168.141.220
INFO connection established
INFO connection established
DEBUG entering function foo
FATAL unrecoverable disk error
WARN disk usage 192.168.193.243%
FATAL kernel panic
FATAL out of memory
FATAL segfault at address 0x192.168.36.209
DEBUG heap size: 192.168.60.30
DEBUG cache hit for key=192.168.36.209
FATAL segfault at address 0x192.168.60.30
FATAL kernel panic
INFO user 192.168.141.220 logged in
INFO user 192.168.178.215 logged in
FATAL kernel panic
INFO user 192.168.57.185 logged in
WARN retry attempt 192.168.211.158 for 41523
DEBUG heap size: 192.168.39.155
INFO processed 192.168.211.158 items
WARN retry attempt 192.168.219.168 for 55016
INFO request from 192.168.229.48
DEBUG cache hit for key=192.168.82.31
INFO processed 192.168.219.168 items
FATAL segfault at address 0x192.168.107.168
ERROR file not found: /tmp/192.168.121.141.log
FATAL kernel panic
INFO processed 192.168.178.215 items
WARN slow query: 192.168.229.48ms
WARN slow query: 192.168.189.144ms
ERROR null pointer in module 192.168.189.144
INFO user 192.168.178.215 logged in
INFO processed 192.168.178.215 items
FATAL out of memory
DEBUG cache hit for key=192.168.197.186
WARN slow query: 192.168.9.50ms
WARN retry attempt 192.168.82.31 for 51723
FATAL unrecoverable disk error
DEBUG variable x=192.168.121.141
FATAL segfault at address 0x192.168.142.104
WARN retry attempt 192.168.121.141 for 11363
WARN retry attempt 192.168.39.155 for 58558
INFO connection established
DEBUG entering function foo
WARN memory threshold reached: 192.168.219.168MB
ERROR connection timeout 503
DEBUG entering function foo
FATAL unrecoverable disk error
DEBUG variable x=192.168.57.185
WARN retry attempt 192.168.142.104 for 38605
FATAL unrecoverable disk error
WARN memory threshold reached: 192.168.219.168MB
INFO user 192.168.107.168 logged in
WARN disk usage 192.168.215.207%
FATAL segfault at address 0x192.168.60.30
INFO processed 192.168.211.158 items
ERROR connection timeout 503
FATAL kernel panic
WARN disk usage 192.168.229.48%
INFO user 192.168.141.220 logged in
ERROR auth failure for user 192.168.219.168
WARN slow query: 192.168.229.48ms
ERROR null pointer in module 192.168.107.168
DEBUG entering function foo
DEBUG cache hit for key=192.168.121.141
ERROR file not found: /tmp/192.168.189.144.log
ERROR null pointer in module 192.168.178.6
DEBUG variable x=192.168.219.168
ERROR null pointer in module 192.168.142.104
DEBUG entering function foo
WARN retry attempt 192.168.229.48 for 91598
FATAL segfault at address 0x192.168.82.31
DEBUG variable x=192.168.197.186
INFO request from 192.168.36.209
INFO connection established
DEBUG cache hit for key=192.168.193.243
FATAL kernel panic
FATAL segfault at address 0x192.168.141.220
FATAL out of memory
DEBUG heap size: 192.168.197.186
ERROR file not found: /tmp/192.168.197.186.log
WARN memory threshold reached: 192.168.142.104MB
ERROR file not found: /tmp/192.168.39.155.log
INFO user 192.168.82.31 logged in
WARN retry attempt 192.168.39.155 for 72348
ERROR connection timeout 503
DEBUG entering function foo
INFO user 192.168.36.209 logged in
WARN disk usage 192.168.39.155%
WARN slow query: 192.168.211.158ms
WARN slow query: 192.168.211.158ms
FATAL segfault at address 0x192.168.141.220
WARN memory threshold reached: 192.168.189.144MB
FATAL segfault at address 0x192.168.107.168
WARN disk usage 192.168.107.168%
WARN slow query: 192.168.197.186ms
ERROR file not found: /tmp/192.168.219.168.log
ERROR connection timeout 503
DEBUG variable x=192.168.229.48
DEBUG entering function foo
INFO request from 192.168.92.139
FATAL out of memory
DEBUG entering function foo
FATAL out of memory
WARN disk usage 192.168.142.104%
DEBUG cache hit for key=192.168.219.168
WARN slow query: 192.168.215.207ms
INFO user 192.168.60.30 logged in
DEBUG variable x=192.168.121.141
DEBUG variable x=192.168.142.104
WARN retry attempt 192.168.219.168 for 39538
INFO processed 192.168.60.30 items
DEBUG cache hit for key=192.168.197.186
FATAL kernel panic
WARN slow query: 192.168.197.186ms
DEBUG cache hit for key=192.168.57.185
INFO connection established
INFO connection established
INFO request from 192.168.92.139
DEBUG entering function foo
WARN memory threshold reached: 192.168.121.141MB
FATAL out of memory
FATAL unrecoverable disk error
DEBUG heap size: 192.168.60.30
WARN memory threshold reached: 192.168.60.30MB
ERROR null pointer in module 192.168.57.185
INFO connection established
FATAL segfault at address 0x192.168.57.185
DEBUG variable x=192.168.189.144
ERROR file not found: /tmp/192.168.211.158.log
WARN slow query: 192.168.39.155ms
FATAL out of memory
ERROR auth failure for user 192.168.107.168
DEBUG variable x=192.168.142.104
DEBUG variable x=192.168.9.50
WARN slow query: 192.168.57.185ms
DEBUG cache hit for key=192.168.9.50
ERROR null pointer in module 192.168.229.48
ERROR auth failure for user 192.168.107.168
DEBUG entering function foo
FATAL kernel panic
DEBUG cache hit for key=192.168.178.215
DEBUG variable x=192.168.39.155
FATAL unrecoverable disk error
WARN retry attempt 192.168.107.168 for 86644
FATAL out of memory
ERROR connection timeout 503
INFO processed 192.168.211.158 items
DEBUG cache hit for key=192.168.39.155
DEBUG cache hit for key=192.168.39.155
ERROR connection timeout 503
INFO connection established
DEBUG cache hit for key=192.168.178.215
WARN slow query: 192.168.229.48ms
ERROR auth failure for user 192.168.57.185
ERROR auth failure for user 192.168.178.215
WARN retry attempt 192.168.178.6 for 66223
DEBUG entering function foo
INFO connection established
INFO connection established
ERROR auth failure for user 192.168.60.30
DEBUG entering function foo
ERROR connection timeout 503
ERROR connection timeout 503
ERROR null pointer in module 192.168.197.186
DEBUG heap size: 192.168.60.30
INFO request from 192.168.39.155
FATAL kernel panic
WARN memory threshold reached: 192.168.193.243MB
FATAL kernel panic
DEBUG cache hit for key=192.168.219.168
INFO processed 192.168.189.144 items
FATAL kernel panic
FATAL kernel panic
DEBUG cache hit for key=192.168.229.48
FATAL segfault at address 0x192.168.189.144
INFO connection established
DEBUG cache hit for key=192.168.39.155
WARN slow query: 192.168.193.243ms
WARN memory threshold reached: 192.168.178.215MB
DEBUG entering function foo
FATAL kernel panic
ERROR file not found: /tmp/192.168.211.158.log
FATAL segfault at address 0x192.168.193.243
WARN disk usage 192.168.229.48%
FATAL unrecoverable disk error
DEBUG variable x=192.168.211.158
INFO user 192.168.39.155 logged in
INFO user 192.168.60.30 logged in
WARN slow query: 192.168.57.185ms
ERROR auth failure for user 192.168.121.141
ERROR auth failure for user 192.168.39.155
INFO processed 192.168.57.185 items
ERROR connection timeout 503
ERROR auth failure for user 192.168.193.243
WARN retry attempt 192.168.9.50 for 47269
DEBUG cache hit for key=192.168.141.220
DEBUG heap size: 192.168.189.144
ERROR connection timeout 503
FATAL unrecoverable disk error
FATAL out of memory
DEBUG entering function foo
INFO request from 192.168.121.141
FATAL kernel panic
INFO user 192.168.36.209 logged in
FATAL segfault at address 0x192.168.189.144
FATAL unrecoverable disk error
ERROR file not found: /tmp/192.168.9.50.log
DEBUG variable x=192.168.197.186
ERROR auth failure for user 192.168.57.185
INFO user 192.168.178.215 logged in
WARN disk usage 192.168.141.220%
INFO connection established
WARN retry attempt 192.168.142.104 for 50876
INFO connection established
INFO connection established
DEBUG entering function foo
FATAL out of memory
INFO request from 192.168.121.141
WARN disk usage 192.168.82.31%
FATAL unrecoverable disk error
ERROR auth failure for user 192.168.189.144
ERROR connection timeout 503
DEBUG heap size: 192.168.215.207
INFO processed 192.168.193.243 items
DEBUG heap size: 192.168.141.220
INFO processed 192.168.92.139 items
INFO user 192.168.219.168 logged in
INFO request from 192.168.82.31
DEBUG heap size: 192.168.39.155
FATAL kernel panic
ERROR auth failure for user 192.168.57.185
WARN disk usage 192.168.178.215%
DEBUG entering function foo
INFO processed 192.168.215.207 items
FATAL segfault at address 0x192.168.219.168
FATAL out of memory
ERROR auth failure for user 192.168.193.243
DEBUG cache hit for key=192.168.193.243
FATAL segfault at address 0x192.168.60.30
FATAL segfault at address 0x192.168.92.139
FATAL kernel panic
DEBUG entering function foo
ERROR auth failure for user 192.168.60.30
DEBUG heap size: 192.168.82.31
FATAL kernel panic
INFO user 192.168.178.215 logged in
DEBUG cache hit for key=192.168.141.220
ERROR file not found: /tmp/192.168.197.186.log
ERROR file not found: /tmp/192.168.189.144.log
WARN memory threshold reached: 192.168.211.158MB
ERROR connection timeout 503
DEBUG variable x=192.168.141.220
ERROR auth failure for user 192.168.60.30
ERROR file not found: /tmp/192.168.36.209.log
FATAL segfault at address 0x192.168.92.139
WARN retry attempt 192.168.36.209 for 4051
INFO request from 192.168.141.220
DEBUG entering function foo
FATAL out of memory
DEBUG heap size: 192.168.9.50
DEBUG heap size: 192.168.57.185
WARN memory threshold reached: 192.168.211.158MB
ERROR connection timeout 503
FATAL unrecoverable disk error
WARN retry attempt 192.168.189.144 for 75950
INFO processed 192.168.60.30 items
DEBUG heap size: 192.168.9.50
WARN memory threshold reached: 192.168.92.139MB
ERROR auth failure for user 192.168.82.31
FATAL kernel panic
WARN retry attempt 192.168.39.155 for 46675
FATAL out of memory
DEBUG heap size: 192.168.121.141
INFO user 192.168.178.6 logged in
WARN memory threshold reached: 192.168.121.141MB
FATAL kernel panic
INFO request from 192.168.215.207
INFO user 192.168.211.158 logged in
ERROR null pointer in module 192.168.92.139
DEBUG variable x=192.168.142.104
FATAL kernel panic
ERROR connection timeout 503
WARN retry attempt 192.168.39.155 for 43175
INFO request from 192.168.141.220
ERROR file not found: /tmp/192.168.39.155.log
ERROR connection timeout 503
WARN disk usage 192.168.92.139%
WARN slow query: 192.168.178.215ms
DEBUG heap size: 192.168.219.168
DEBUG heap size: 192.168.39.155
WARN retry attempt 192.168.142.104 for 54790
INFO connection established
ERROR auth failure for user 192.168.178.215
DEBUG entering function foo
ERROR file not found: /tmp/192.168.57.185.log
INFO request from 192.168.189.144
INFO connection established
WARN retry attempt 192.168.39.155 for 89978
DEBUG cache hit for key=192.168.178.215
ERROR connection timeout 503
WARN retry attempt 192.168.57.185 for 32960
ERROR auth failure for user 192.168.189.144
DEBUG cache hit for key=192.168.60.30
DEBUG variable x=192.168.193.243
FATAL segfault at address 0x192.168.229.48
WARN slow query: 192.168.193.243ms
DEBUG heap size: 192.168.39.155
DEBUG variable x=192.168.178.215
WARN disk usage 192.168.215.207%
ERROR auth failure for user 192.168.178.215
DEBUG variable x=192.168.39.155
WARN memory threshold reached: 192.168.219.168MB
ERROR null pointer in module 192.168.60.30
WARN disk usage 192.168.142.104%
FATAL unrecoverable disk error
WARN slow query: 192.168.215.207ms
DEBUG entering function foo
ERROR connection timeout 503
FATAL out of memory
INFO processed 192.168.215.207 items
WARN memory threshold reached: 192.168.141.220MB
ERROR file not found: /tmp/192.168.219.168.log
ERROR file not found: /tmp/192.168.189.144.log
INFO connection established
WARN slow query: 192.168.141.220ms
WARN retry attempt 192.168.60.30 for 76821
DEBUG variable x=192.168.193.243
WARN disk usage 192.168.211.158%
DEBUG heap size: 192.168.36.209
ERROR connection timeout 503
ERROR auth failure for user 192.168.141.220
WARN disk usage 192.168.219.168%
ERROR null pointer in module 192.168.211.158
FATAL segfault at address 0x192.168.219.168
INFO user 192.168.197.186 logged in
WARN disk usage 192.168.107.168%
FATAL out of memory
ERROR file not found: /tmp/192.168.141.220.log
INFO connection established
FATAL kernel panic
INFO user 192.168.229.48 logged in
DEBUG entering function foo
ERROR null pointer in module 192.168.60.30
INFO user 192.168.121.141 logged in
WARN retry attempt 192.168.92.139 for 47121
DEBUG entering function foo
WARN slow query: 192.168.189.144ms
ERROR file not found: /tmp/192.168.189.144.log
DEBUG entering function foo
FATAL out of memory
DEBUG heap size: 192.168.178.6
ERROR connection timeout 503
DEBUG heap size: 192.168.189.144
FATAL segfault at address 0x192.168.211.158
INFO connection established
FATAL segfault at address 0x192.168.197.186
ERROR file not found: /tmp/192.168.9.50.log
INFO request from 192.168.121.141
WARN retry attempt 192.168.211.158 for 62783
ERROR auth failure for user 192.168.60.30
FATAL kernel panic
ERROR file not found: /tmp/192.168.193.243.log
DEBUG variable x=192.168.178.215
WARN retry attempt 192.168.92.139 for 66222
INFO request from 192.168.178.215
FATAL kernel panic
DEBUG variable x=192.168.9.50
INFO request from 192.168.142.104
FATAL segfault at address 0x192.168.219.168
DEBUG variable x=192.168.211.158
INFO user 192.168.107.168 logged in
FATAL unrecoverable disk error
INFO connection established
ERROR connection timeout 503
FATAL out of memory
ERROR connection timeout 503
INFO connection established
ERROR file not found: /tmp/192.168.9.50.log
INFO user 192.168.215.207 logged in
WARN memory threshold reached: 192.168.9.50MB
FATAL out of memory
INFO processed 192.168.141.220 items
INFO request from 192.168.142.104
ERROR null pointer in module 192.168.9.50
DEBUG cache hit for key=192.168.107.168
DEBUG heap size: 192.168.60.30
DEBUG cache hit for key=192.168.141.220
WARN memory threshold reached: 192.168.39.155MB
WARN slow query: 192.168.36.209ms
WARN retry attempt 192.168.60.30 for 61536
INFO request from 192.168.211.158
DEBUG heap size: 192.168.178.215
FATAL unrecoverable disk error
DEBUG variable x=192.168.219.168
WARN retry attempt 192.168.178.215 for 63794
FATAL kernel panic
FATAL kernel panic
ERROR auth failure for user 192.168.57.185
DEBUG variable x=192.168.189.144
ERROR connection timeout 503
INFO connection established
ERROR auth failure for user 192.168.211.158
FATAL out of memory
WARN retry attempt 192.168.9.50 for 66452
ERROR null pointer in module 192.168.141.220
DEBUG heap size: 192.168.92.139
DEBUG cache hit for key=192.168.107.168
WARN slow query: 192.168.141.220ms
ERROR connection timeout 503
INFO processed 192.168.39.155 items
WARN disk usage 192.168.107.168%
WARN memory threshold reached: 192.168.219.168MB
WARN retry attempt 192.168.107.168 for 19325
WARN retry attempt 192.168.178.215 for 77190
DEBUG cache hit for key=192.168.178.215
WARN memory threshold reached: 192.168.211.158MB
DEBUG entering function foo
ERROR auth failure for user 192.168.57.185
DEBUG cache hit for key=192.168.36.209
DEBUG entering function foo
ERROR auth failure for user 192.168.36.209
FATAL out of memory
FATAL kernel panic
INFO request from 192.168.193.243
FATAL unrecoverable disk error
WARN disk usage 192.168.178.215%
FATAL kernel panic
INFO connection established
WARN memory threshold reached: 192.168.107.168MB
FATAL kernel panic
FATAL kernel panic
ERROR auth failure for user 192.168.141.220
INFO request from 192.168.36.209
WARN retry attempt 192.168.57.185 for 80614
ERROR null pointer in module 192.168.60.30
WARN retry attempt 192.168.189.144 for 9145
DEBUG entering function foo
DEBUG variable x=192.168.193.243
DEBUG cache hit for key=192.168.219.168
WARN disk usage 192.168.60.30%
ERROR auth failure for user 192.168.229.48
INFO request from 192.168.178.6
ERROR connection timeout 503
INFO request from 192.168.39.155
WARN memory threshold reached: 192.168.107.168MB
WARN slow query: 192.168.121.141ms
WARN retry attempt 192.168.178.6 for 68144
ERROR connection timeout 503
FATAL kernel panic
ERROR file not found: /tmp/192.168.9.50.log
DEBUG entering function foo
WARN slow query: 192.168.142.104ms
INFO request from 192.168.57.185
DEBUG cache hit for key=192.168.229.48
FATAL unrecoverable disk error
WARN slow query: 192.168.189.144ms
FATAL unrecoverable disk error
DEBUG heap size: 192.168.141.220
ERROR null pointer in module 192.168.82.31
ERROR auth failure for user 192.168.211.158
DEBUG variable x=192.168.189.144
DEBUG entering function foo
FATAL unrecoverable disk error
DEBUG heap size: 192.168.215.207
INFO request from 192.168.142.104
INFO user 192.168.82.31 logged in
INFO processed 192.168.189.144 items
WARN disk usage 192.168.107.168%
INFO processed 192.168.193.243 items
ERROR auth failure for user 192.168.121.141
FATAL out of memory
WARN slow query: 192.168.178.6ms
INFO connection established
DEBUG heap size: 192.168.107.168
INFO processed 192.168.9.50 items
INFO request from 192.168.219.168
DEBUG cache hit for key=192.168.215.207
ERROR file not found: /tmp/192.168.142.104.log
INFO connection established
DEBUG entering function foo
WARN retry attempt 192.168.219.168 for 74195
DEBUG entering function foo
DEBUG variable x=192.168.107.168
DEBUG entering function foo
FATAL segfault at address 0x192.168.142.104
INFO request from 192.168.60.30
INFO user 192.168.142.104 logged in
FATAL out of memory
DEBUG variable x=192.168.229.48
DEBUG variable x=192.168.197.186
FATAL out of memory
FATAL segfault at address 0x192.168.57.185
ERROR auth failure for user 192.168.92.139
WARN memory threshold reached: 192.168.57.185MB
FATAL out of memory
DEBUG heap size: 192.168.82.31
FATAL unrecoverable disk error
DEBUG variable x=192.168.189.144
INFO connection established
WARN slow query: 192.168.121.141ms
DEBUG entering function foo
ERROR auth failure for user 192.168.92.139
FATAL kernel panic
INFO user 192.168.141.220 logged in
ERROR null pointer in module 192.168.215.207
DEBUG cache hit for key=192.168.193.243
FATAL unrecoverable disk error
WARN disk usage 192.168.197.186%
INFO request from 192.168.121.141
ERROR file not found: /tmp/192.168.197.186.log
WARN retry attempt 192.168.36.209 for 72019
WARN disk usage 192.168.141.220%
DEBUG entering function foo
INFO processed 192.168.107.168 items
DEBUG entering function foo
INFO processed 192.168.229.48 items
FATAL unrecoverable disk error
ERROR auth failure for user 192.168.215.207
DEBUG heap size: 192.168.82.31
WARN disk usage 192.168.215.207%
WARN retry attempt 192.168.39.155 for 74860
INFO request from 192.168.36.209
INFO request from 192.168.219.168
FATAL segfault at address 0x192.168.189.144
INFO request from 192.168.107.168
DEBUG heap size: 192.168.57.185
DEBUG cache hit for key=192.168.142.104
INFO user 192.168.189.144 logged in
INFO user 192.168.82.31 logged in
DEBUG variable x=192.168.57.185
DEBUG variable x=192.168.141.220
WARN retry attempt 192.168.39.155 for 999
INFO processed 192.168.211.158 items
ERROR auth failure for user 192.168.82.31
FATAL unrecoverable disk error
FATAL kernel panic
FATAL unrecoverable disk error
INFO user 192.168.92.139 logged in
FATAL out of memory
INFO connection established
INFO request from 192.168.189.144
DEBUG variable x=192.168.178.215
WARN disk usage 192.168.229.48%
DEBUG cache hit for key=192.168.9.50
WARN retry attempt 192.168.211.158 for 82801
DEBUG heap size: 192.168.219.168
ERROR auth failure for user 192.168.57.185
WARN memory threshold reached: 192.168.211.158MB
INFO request from 192.168.189.144
DEBUG heap size: 192.168.121.141
INFO user 192.168.82.31 logged in
DEBUG heap size: 192.168.82.31
INFO connection established
WARN disk usage 192.168.219.168%
ERROR auth failure for user 192.168.219.168
FATAL segfault at address 0x192.168.82.31
DEBUG entering function foo
DEBUG entering function foo
WARN memory threshold reached: 192.168.189.144MB
INFO request from 192.168.142.104
ERROR file not found: /tmp/192.168.121.141.log
DEBUG heap size: 192.168.36.209
DEBUG variable x=192.168.92.139
WARN retry attempt 192.168.121.141 for 18819
FATAL segfault at address 0x192.168.229.48
FATAL out of memory
WARN memory threshold reached: 192.168.57.185MB
FATAL kernel panic
WARN disk usage 192.168.107.168%
ERROR null pointer in module 192.168.189.144
DEBUG cache hit for key=192.168.215.207
WARN disk usage 192.168.229.48%
WARN disk usage 192.168.57.185%
ERROR file not found: /tmp/192.168.82.31.log
DEBUG variable x=192.168.189.144
ERROR file not found: /tmp/192.168.121.141.log
INFO request from 192.168.215.207
DEBUG variable x=192.168.57.185
WARN slow query: 192.168.219.168ms
INFO request from 192.168.92.139
FATAL kernel panic
FATAL segfault at address 0x192.168.39.155
WARN disk usage 192.168.39.155%
DEBUG entering function foo
FATAL out of memory
INFO connection established
INFO connection established
FATAL unrecoverable disk error
DEBUG variable x=192.168.189.144
WARN disk usage 192.168.107.168%
INFO user 192.168.107.168 logged in
INFO processed 192.168.121.141 items
WARN memory threshold reached: 192.168.141.220MB
WARN memory threshold reached: 192.168.141.220MB
DEBUG cache hit for key=192.168.9.50
INFO request from 192.168.107.168
INFO connection established
ERROR file not found: /tmp/192.168.219.168.log
WARN retry attempt 192.168.219.168 for 54794
WARN memory threshold reached: 192.168.178.215MB
FATAL unrecoverable disk error
FATAL segfault at address 0x192.168.193.243
INFO connection established
ERROR null pointer in module 192.168.189.144
INFO connection established
ERROR file not found: /tmp/192.168.60.30.log
FATAL unrecoverable disk error
FATAL kernel panic
FATAL segfault at address 0x192.168.215.207
ERROR file not found: /tmp/192.168.141.220.log
FATAL unrecoverable disk error
ERROR connection timeout 503
WARN slow query: 192.168.178.215ms
ERROR null pointer in module 192.168.178.6
DEBUG cache hit for key=192.168.60.30
ERROR connection timeout 503
INFO connection established
DEBUG variable x=192.168.107.168
ERROR file not found: /tmp/192.168.141.220.log
WARN disk usage 192.168.229.48%
DEBUG cache hit for key=192.168.107.168
WARN retry attempt 192.168.36.209 for 72477
FATAL unrecoverable disk error
WARN retry attempt 192.168.142.104 for 61254
FATAL segfault at address 0x192.168.211.158
INFO processed 192.168.60.30 items
DEBUG variable x=192.168.121.141
FATAL segfault at address 0x192.168.141.220
INFO connection established
WARN slow query: 192.168.178.215ms
DEBUG entering function foo
INFO connection established
ERROR auth failure for user 192.168.178.6
ERROR null pointer in module 192.168.92.139
INFO connection established
INFO connection established
WARN slow query: 192.168.215.207ms
ERROR file not found: /tmp/192.168.193.243.log
DEBUG entering function foo
ERROR auth failure for user 192.168.229.48
WARN memory threshold reached: 192.168.60.30MB
INFO processed 192.168.57.185 items
INFO user 192.168.215.207 logged in
INFO connection established
FATAL unrecoverable disk error
WARN retry attempt 192.168.219.168 for 60347
FATAL out of memory
WARN retry attempt 192.168.121.141 for 58582
DEBUG heap size: 192.168.178.215
DEBUG entering function foo
WARN disk usage 192.168.36.209%
INFO connection established
WARN retry attempt 192.168.9.50 for 31027
INFO connection established
INFO user 192.168.9.50 logged in
WARN memory threshold reached: 192.168.92.139MB
INFO connection established
ERROR auth failure for user 192.168.211.158
WARN slow query: 192.168.215.207ms
DEBUG cache hit for key=192.168.215.207
DEBUG heap size: 192.168.178.6
DEBUG heap size: 192.168.60.30
ERROR file not found: /tmp/192.168.142.104.log
ERROR file not found: /tmp/192.168.60.30.log
DEBUG variable x=192.168.211.158
ERROR file not found: /tmp/192.168.193.243.log
WARN slow query: 192.168.141.220ms
DEBUG heap size: 192.168.197.186
DEBUG entering function foo
DEBUG cache hit for key=192.168.193.243
ERROR connection timeout 503
FATAL out of memory
ERROR connection timeout 503
FATAL segfault at address 0x192.168.197.186
FATAL segfault at address 0x192.168.141.220
WARN disk usage 192.168.60.30%
INFO processed 192.168.92.139 items
INFO connection established
FATAL kernel panic
WARN retry attempt 192.168.92.139 for 5509
DEBUG heap size: 192.168.178.215
WARN retry attempt 192.168.178.6 for 17005
FATAL segfault at address 0x192.168.215.207
DEBUG heap size: 192.168.211.158
INFO user 192.168.60.30 logged in
FATAL out of memory
INFO request from 192.168.92.139
WARN retry attempt 192.168.9.50 for 21498
WARN retry attempt 192.168.39.155 for 3885
WARN memory threshold reached: 192.168.197.186MB
INFO user 192.168.189.144 logged in
ERROR connection timeout 503
WARN retry attempt 192.168.211.158 for 40891
ERROR file not found: /tmp/192.168.57.185.log
ERROR file not found: /tmp/192.168.107.168.log
FATAL segfault at address 0x192.168.57.185
WARN retry attempt 192.168.107.168 for 81574
INFO user 192.168.229.48 logged in
FATAL segfault at address 0x192.168.92.139
WARN memory threshold reached: 192.168.219.168MB
FATAL kernel panic
DEBUG heap size: 192.168.193.243
ERROR null pointer in module 192.168.189.144
DEBUG entering function foo
ERROR null pointer in module 192.168.121.141
FATAL kernel panic
WARN memory threshold reached: 192.168.82.31MB
ERROR null pointer in module 192.168.9.50
WARN disk usage 192.168.92.139%
WARN slow query: 192.168.178.215ms
DEBUG heap size: 192.168.141.220
DEBUG heap size: 192.168.36.209
WARN slow query: 192.168.215.207ms
FATAL segfault at address 0x192.168.142.104
FATAL segfault at address 0x192.168.107.168
FATAL out of memory
INFO user 192.168.193.243 logged in
ERROR file not found: /tmp/192.168.211.158.log
WARN disk usage 192.168.189.144%
FATAL unrecoverable disk error
WARN retry attempt 192.168.121.141 for 65617
DEBUG variable x=192.168.197.186
WARN retry attempt 192.168.142.104 for 56537
FATAL out of memory
FATAL kernel panic
ERROR connection timeout 503
DEBUG cache hit for key=192.168.36.209
FATAL unrecoverable disk error
DEBUG cache hit for key=192.168.193.243
WARN memory threshold reached: 192.168.39.155MB
WARN retry attempt 192.168.82.31 for 18054
ERROR auth failure for user 192.168.219.168
DEBUG heap size: 192.168.82.31
FATAL segfault at address 0x192.168.92.139
ERROR connection timeout 503
FATAL out of memory
FATAL out of memory
DEBUG cache hit for key=192.168.178.215
INFO request from 192.168.215.207
WARN slow query: 192.168.9.50ms
ERROR connection timeout 503
DEBUG cache hit for key=192.168.60.30
DEBUG entering function foo
WARN memory threshold reached: 192.168.193.243MB
WARN disk usage 192.168.60.30%
FATAL out of memory
WARN memory threshold reached: 192.168.178.6MB
DEBUG heap size: 192.168.107.168
ERROR null pointer in module 192.168.142.104
FATAL kernel panic
WARN retry attempt 192.168.178.215 for 5990
INFO request from 192.168.107.168
INFO user 192.168.229.48 logged in
INFO user 192.168.215.207 logged in
ERROR null pointer in module 192.168.178.6
WARN disk usage 192.168.219.168%
DEBUG entering function foo
ERROR connection timeout 503
WARN slow query: 192.168.57.185ms
WARN disk usage 192.168.211.158%
DEBUG cache hit for key=192.168.189.144
DEBUG heap size: 192.168.9.50
ERROR file not found: /tmp/192.168.178.215.log
FATAL segfault at address 0x192.168.219.168
DEBUG heap size: 192.168.82.31
WARN slow query: 192.168.39.155ms
FATAL unrecoverable disk error
INFO connection established
ERROR file not found: /tmp/192.168.215.207.log
INFO request from 192.168.229.48
ERROR connection timeout 503
WARN retry attempt 192.168.189.144 for 96327
INFO request from 192.168.219.168
DEBUG heap size: 192.168.215.207
FATAL unrecoverable disk error
FATAL out of memory
INFO user 192.168.215.207 logged in
INFO request from 192.168.189.144
WARN retry attempt 192.168.60.30 for 44290
DEBUG cache hit for key=192.168.36.209
ERROR connection timeout 503
DEBUG heap size: 192.168.36.209
WARN slow query: 192.168.178.215ms
INFO user 192.168.82.31 logged in
DEBUG variable x=192.168.211.158
FATAL out of memory
DEBUG cache hit for key=192.168.211.158
DEBUG cache hit for key=192.168.142.104
WARN slow query: 192.168.197.186ms
ERROR file not found: /tmp/192.168.60.30.log
DEBUG entering function foo
FATAL unrecoverable disk error
WARN retry attempt 192.168.197.186 for 85970
DEBUG entering function foo
ERROR connection timeout 503
ERROR file not found: /tmp/192.168.141.220.log
WARN slow query: 192.168.121.141ms
INFO processed 192.168.141.220 items
INFO connection established
ERROR connection timeout 503
ERROR connection timeout 503
FATAL out of memory
WARN retry attempt 192.168.82.31 for 53214
WARN disk usage 192.168.193.243%
WARN disk usage 192.168.107.168%
FATAL segfault at address 0x192.168.229.48
FATAL unrecoverable disk error
WARN slow query: 192.168.178.215ms
ERROR null pointer in module 192.168.82.31
DEBUG heap size: 192.168.215.207
FATAL out of memory
WARN memory threshold reached: 192.168.142.104MB
ERROR connection timeout 503
ERROR null pointer in module 192.168.9.50
ERROR null pointer in module 192.168.9.50
WARN slow query: 192.168.229.48ms
FATAL out of memory
WARN retry attempt 192.168.229.48 for 27401
ERROR file not found: /tmp/192.168.36.209.log
INFO connection established
WARN retry attempt 192.168.142.104 for 28805
DEBUG entering function foo
FATAL kernel panic
DEBUG cache hit for key=192.168.60.30
FATAL unrecoverable disk error
ERROR auth failure for user 192.168.211.158
INFO request from 192.168.189.144
WARN disk usage 192.168.92.139%
INFO processed 192.168.57.185 items
FATAL segfault at address 0x192.168.178.215
INFO connection established
ERROR connection timeout 503
WARN memory threshold reached: 192.168.82.31MB
INFO connection established
INFO processed 192.168.178.215 items
INFO user 192.168.36.209 logged in
INFO request from 192.168.141.220
DEBUG heap size: 192.168.9.50
FATAL segfault at address 0x192.168.107.168
ERROR null pointer in module 192.168.197.186
ERROR null pointer in module 192.168.39.155
ERROR file not found: /tmp/192.168.39.155.log
DEBUG heap size: 192.168.121.141
WARN slow query: 192.168.197.186ms
DEBUG cache hit for key=192.168.193.243
DEBUG heap size: 192.168.107.168
FATAL out of memory
ERROR auth failure for user 192.168.178.6
WARN slow query: 192.168.92.139ms
DEBUG cache hit for key=192.168.107.168
INFO connection established
ERROR null pointer in module 192.168.107.168
FATAL unrecoverable disk error
FATAL kernel panic
INFO user 192.168.57.185 logged in
WARN disk usage 192.168.229.48%
INFO connection established
INFO user 192.168.215.207 logged in
DEBUG heap size: 192.168.197.186
WARN disk usage 192.168.107.168%
FATAL unrecoverable disk error
DEBUG entering function foo
DEBUG variable x=192.168.9.50
WARN retry attempt 192.168.189.144 for 46232
INFO user 192.168.9.50 logged in
DEBUG heap size: 192.168.121.141
DEBUG cache hit for key=192.168.9.50
FATAL segfault at address 0x192.168.121.141
FATAL segfault at address 0x192.168.92.139
INFO user 192.168.36.209 logged in
DEBUG variable x=192.168.141.220
DEBUG entering function foo
FATAL segfault at address 0x192.168.9.50
WARN memory threshold reached: 192.168.178.6MB
WARN retry attempt 192.168.219.168 for 31500
INFO connection established
INFO request from 192.168.121.141
FATAL segfault at address 0x192.168.60.30
ERROR null pointer in module 192.168.121.141
INFO processed 192.168.215.207 items
WARN slow query: 192.168.189.144ms
DEBUG cache hit for key=192.168.178.6
DEBUG entering function foo
FATAL kernel panic
WARN slow query: 192.168.82.31ms
ERROR connection timeout 503
FATAL kernel panic
INFO user 192.168.60.30 logged in
INFO user 192.168.141.220 logged in
INFO user 192.168.189.144 logged in
WARN slow query: 192.168.60.30ms
ERROR auth failure for user 192.168.121.141
WARN memory threshold reached: 192.168.92.139MB
ERROR null pointer in module 192.168.197.186
DEBUG entering function foo
INFO connection established
INFO user 192.168.211.158 logged in
INFO processed 192.168.197.186 items
FATAL segfault at address 0x192.168.178.215
INFO request from 192.168.9.50
INFO request from 192.168.92.139
FATAL unrecoverable disk error
DEBUG cache hit for key=192.168.219.168
ERROR file not found: /tmp/192.168.107.168.log
DEBUG variable x=192.168.107.168
WARN memory threshold reached: 192.168.193.243MB
ERROR null pointer in module 192.168.39.155
ERROR connection timeout 503
ERROR null pointer in module 192.168.197.186
WARN retry attempt 192.168.178.6 for 42806
FATAL out of memory
DEBUG heap size: 192.168.39.155
FATAL out of memory
WARN memory threshold reached: 192.168.39.155MB
DEBUG cache hit for key=192.168.60.30
FATAL kernel panic
ERROR connection timeout 503
FATAL segfault at address 0x192.168.9.50
FATAL segfault at address 0x192.168.178.6
FATAL out of memory
ERROR connection timeout 503
FATAL out of memory
WARN retry attempt 192.168.121.141 for 14826
ERROR auth failure for user 192.168.39.155
INFO processed 192.168.211.158 items
ERROR connection timeout 503
DEBUG variable x=192.168.82.31
DEBUG variable x=192.168.36.209
ERROR file not found: /tmp/192.168.211.158.log
FATAL out of memory
FATAL unrecoverable disk error
INFO request from 192.168.178.6
DEBUG entering function foo
WARN disk usage 192.168.141.220%
INFO connection established
ERROR null pointer in module 192.168.60.30
DEBUG entering function foo
INFO request from 192.168.36.209
WARN retry attempt 192.168.57.185 for 19789
DEBUG heap size: 192.168.82.31
WARN retry attempt 192.168.193.243 for 21884
WARN slow query: 192.168.229.48ms
INFO processed 192.168.211.158 items
FATAL segfault at address 0x192.168.189.144
INFO request from 192.168.142.104
DEBUG variable x=192.168.121.141
FATAL kernel panic
WARN slow query: 192.168.92.139ms
WARN slow query: 192.168.178.6ms
INFO processed 192.168.189.144 items
ERROR auth failure for user 192.168.121.141
INFO connection established
INFO request from 192.168.82.31
DEBUG heap size: 192.168.197.186
DEBUG heap size: 192.168.215.207
WARN retry attempt 192.168.229.48 for 60551
WARN retry attempt 192.168.107.168 for 63155
WARN retry attempt 192.168.215.207 for 87323
FATAL unrecoverable disk error
FATAL segfault at address 0x192.168.141.220
DEBUG cache hit for key=192.168.9.50
FATAL segfault at address 0x192.168.107.168
WARN memory threshold reached: 192.168.39.155MB
DEBUG entering function foo
ERROR file not found: /tmp/192.168.92.139.log
FATAL segfault at address 0x192.168.60.30
ERROR null pointer in module 192.168.121.141
DEBUG variable x=192.168.189.144
DEBUG heap size: 192.168.189.144
FATAL unrecoverable disk error
FATAL unrecoverable disk error
ERROR file not found: /tmp/192.168.142.104.log
FATAL segfault at address 0x192.168.219.168
FATAL unrecoverable disk error
DEBUG entering function foo
FATAL unrecoverable disk error
ERROR file not found: /tmp/192.168.193.243.log
INFO processed 192.168.82.31 items
FATAL kernel panic
INFO user 192.168.36.209 logged in
INFO processed 192.168.229.48 items
FATAL out of memory
FATAL out of memory
FATAL kernel panic
FATAL unrecoverable disk error
WARN disk usage 192.168.57.185%
ERROR auth failure for user 192.168.215.207
INFO request from 192.168.36.209
DEBUG variable x=192.168.39.155
INFO processed 192.168.9.50 items
WARN slow query: 192.168.219.168ms
FATAL unrecoverable disk error
WARN memory threshold reached: 192.168.211.158MB
WARN retry attempt 192.168.229.48 for 59670
FATAL kernel panic
DEBUG heap size: 192.168.197.186
FATAL unrecoverable disk error
WARN retry attempt 192.168.92.139 for 95085
ERROR file not found: /tmp/192.168.60.30.log
FATAL unrecoverable disk error
WARN slow query: 192.168.121.141ms
FATAL unrecoverable disk error
WARN disk usage 192.168.215.207%
WARN memory threshold reached: 192.168.92.139MB
DEBUG entering function foo
ERROR auth failure for user 192.168.178.215
DEBUG heap size: 192.168.121.141
ERROR null pointer in module 192.168.57.185
DEBUG heap size: 192.168.178.215
FATAL kernel panic
WARN disk usage 192.168.92.139%
WARN retry attempt 192.168.219.168 for 73036
INFO connection established
ERROR file not found: /tmp/192.168.211.158.log
DEBUG variable x=192.168.92.139
INFO processed 192.168.107.168 items
FATAL kernel panic
ERROR file not found: /tmp/192.168.215.207.log
DEBUG variable x=192.168.142.104
FATAL unrecoverable disk error
ERROR auth failure for user 192.168.197.186
WARN retry attempt 192.168.121.141 for 98418
WARN memory threshold reached: 192.168.178.215MB
WARN retry attempt 192.168.36.209 for 19138
DEBUG heap size: 192.168.189.144
INFO user 192.168.92.139 logged in
ERROR null pointer in module 192.168.92.139
WARN retry attempt 192.168.141.220 for 59949
INFO processed 192.168.142.104 items
ERROR connection timeout 503
WARN memory threshold reached: 192.168.39.155MB
INFO user 192.168.219.168 logged in
INFO connection established
WARN disk usage 192.168.189.144%
WARN disk usage 192.168.178.6%
ERROR connection timeout 503
WARN disk usage 192.168.107.168%
INFO processed 192.168.189.144 items
FATAL out of memory
ERROR null pointer in module 192.168.229.48
INFO user 192.168.57.185 logged in
INFO connection established
ERROR connection timeout 503
WARN slow query: 192.168.60.30ms
DEBUG heap size: 192.168.211.158
DEBUG cache hit for key=192.168.142.104
WARN slow query: 192.168.39.155ms
ERROR file not found: /tmp/192.168.229.48.log
DEBUG entering function foo
FATAL unrecoverable disk error
FATAL unrecoverable disk error
ERROR null pointer in module 192.168.211.158
DEBUG cache hit for key=192.168.121.141
INFO processed 192.168.211.158 items
ERROR file not found: /tmp/192.168.215.207.log
ERROR auth failure for user 192.168.57.185
WARN memory threshold reached: 192.168.142.104MB
FATAL unrecoverable disk error
ERROR null pointer in module 192.168.39.155
INFO connection established
ERROR auth failure for user 192.168.229.48
INFO processed 192.168.107.168 items
FATAL kernel panic
FATAL kernel panic
INFO connection established
ERROR null pointer in module 192.168.189.144
WARN slow query: 192.168.142.104ms
FATAL unrecoverable disk error
DEBUG heap size: 192.168.189.144
FATAL segfault at address 0x192.168.36.209
DEBUG variable x=192.168.57.185
WARN disk usage 192.168.178.6%
INFO connection established
INFO user 192.168.141.220 logged in
WARN retry attempt 192.168.229.48 for 69053
FATAL out of memory
FATAL out of memory
INFO user 192.168.189.144 logged in
INFO request from 192.168.60.30
FATAL segfault at address 0x192.168.60.30
FATAL out of memory
WARN memory threshold reached: 192.168.82.31MB
FATAL segfault at address 0x192.168.178.215
ERROR connection timeout 503
FATAL out of memory
INFO connection established
DEBUG variable x=192.168.92.139
ERROR file not found: /tmp/192.168.215.207.log
WARN retry attempt 192.168.219.168 for 5679
INFO connection established
FATAL segfault at address 0x192.168.142.104
DEBUG entering function foo
INFO connection established
ERROR null pointer in module 192.168.107.168
ERROR file not found: /tmp/192.168.82.31.log
FATAL unrecoverable disk error
INFO processed 192.168.141.220 items
INFO user 192.168.189.144 logged in
INFO processed 192.168.57.185 items
DEBUG cache hit for key=192.168.141.220
ERROR file not found: /tmp/192.168.178.6.log
ERROR null pointer in module 192.168.211.158
WARN memory threshold reached: 192.168.178.215MB
FATAL kernel panic
FATAL unrecoverable disk error
INFO request from 192.168.36.209
DEBUG entering function foo
INFO request from 192.168.107.168
DEBUG heap size: 192.168.229.48
INFO user 192.168.229.48 logged in
DEBUG variable x=192.168.9.50
FATAL segfault at address 0x192.168.197.186
DEBUG variable x=192.168.82.31
INFO request from 192.168.60.30
ERROR auth failure for user 192.168.60.30
FATAL segfault at address 0x192.168.141.220
WARN retry attempt 192.168.121.141 for 10588
INFO user 192.168.219.168 logged in
FATAL out of memory
INFO user 192.168.229.48 logged in
ERROR auth failure for user 192.168.219.168
INFO processed 192.168.57.185 items
DEBUG entering function foo
INFO user 192.168.219.168 logged in
DEBUG cache hit for key=192.168.211.158
FATAL out of memory
DEBUG entering function foo
FATAL kernel panic
DEBUG variable x=192.168.9.50
ERROR file not found: /tmp/192.168.107.168.log
WARN memory threshold reached: 192.168.178.6MB
INFO connection established
FATAL out of memory
ERROR null pointer in module 192.168.92.139
FATAL out of memory
INFO processed 192.168.57.185 items
FATAL out of memory
ERROR file not found: /tmp/192.168.197.186.log
WARN memory threshold reached: 192.168.82.31MB
ERROR null pointer in module 192.168.141.220
DEBUG variable x=192.168.9.50
ERROR connection timeout 503
DEBUG variable x=192.168.82.31
DEBUG variable x=192.168.39.155
DEBUG variable x=192.168.142.104
WARN retry attempt 192.168.92.139 for 47587
DEBUG cache hit for key=192.168.82.31
ERROR connection timeout 503
DEBUG cache hit for key=192.168.215.207
DEBUG cache hit for key=192.168.121.141
DEBUG variable x=192.168.178.6
FATAL segfault at address 0x192.168.197.186
FATAL out of memory
FATAL out of memory
FATAL segfault at address 0x192.168.197.186
INFO processed 192.168.36.209 items
WARN disk usage 192.168.141.220%
FATAL kernel panic
ERROR connection timeout 503
FATAL out of memory
WARN slow query: 192.168.178.215ms
ERROR null pointer in module 192.168.39.155
WARN disk usage 192.168.178.215%
FATAL out of memory
ERROR auth failure for user 192.168.141.220
INFO processed 192.168.39.155 items
DEBUG cache hit for key=192.168.193.243
DEBUG entering function foo
ERROR null pointer in module 192.168.142.104
WARN retry attempt 192.168.39.155 for 62697
INFO processed 192.168.39.155 items
DEBUG heap size: 192.168.121.141
FATAL kernel panic
INFO request from 192.168.193.243
ERROR file not found: /tmp/192.168.57.185.log
FATAL kernel panic
WARN retry attempt 192.168.107.168 for 37891
WARN retry attempt 192.168.121.141 for 9420
ERROR connection timeout 503
DEBUG heap size: 192.168.178.215
DEBUG variable x=192.168.219.168
INFO processed 192.168.9.50 items
ERROR file not found: /tmp/192.168.39.155.log
FATAL segfault at address 0x192.168.39.155
FATAL unrecoverable disk error
WARN disk usage 192.168.9.50%
DEBUG heap size: 192.168.219.168
WARN memory threshold reached: 192.168.141.220MB
ERROR file not found: /tmp/192.168.215.207.log
ERROR connection timeout 503
ERROR auth failure for user 192.168.57.185
DEBUG entering function foo
DEBUG cache hit for key=192.168.142.104
WARN memory threshold reached: 192.168.141.220MB
FATAL kernel panic
ERROR null pointer in module 192.168.189.144
INFO request from 192.168.142.104
ERROR connection timeout 503
DEBUG variable x=192.168.60.30
WARN retry attempt 192.168.107.168 for 36751
FATAL out of memory
FATAL unrecoverable disk error
INFO user 192.168.57.185 logged in
FATAL unrecoverable disk error
DEBUG heap size: 192.168.82.31
DEBUG variable x=192.168.178.215
DEBUG heap size: 192.168.82.31
FATAL out of memory
INFO processed 192.168.57.185 items
ERROR auth failure for user 192.168.219.168
WARN retry attempt 192.168.193.243 for 72350
WARN disk usage 192.168.57.185%
ERROR connection timeout 503
WARN disk usage 192.168.178.6%
DEBUG variable x=192.168.107.168
INFO user 192.168.9.50 logged in
ERROR connection timeout 503
FATAL unrecoverable disk error
INFO user 192.168.36.209 logged in
INFO request from 192.168.178.215
WARN memory threshold reached: 192.168.215.207MB
FATAL segfault at address 0x192.168.142.104
DEBUG heap size: 192.168.57.185
FATAL unrecoverable disk error
ERROR auth failure for user 192.168.215.207
DEBUG heap size: 192.168.229.48
INFO processed 192.168.82.31 items
INFO user 192.168.193.243 logged in
DEBUG variable x=192.168.141.220
ERROR auth failure for user 192.168.229.48
INFO user 192.168.193.243 logged in
DEBUG entering function foo
WARN retry attempt 192.168.9.50 for 71902
INFO user 192.168.211.158 logged in
DEBUG variable x=192.168.60.30
FATAL out of memory
FATAL kernel panic
DEBUG heap size: 192.168.211.158
ERROR file not found: /tmp/192.168.219.168.log
FATAL segfault at address 0x192.168.57.185
INFO request from 192.168.193.243
WARN retry attempt 192.168.141.220 for 62353
INFO connection established
INFO processed 192.168.36.209 items
WARN slow query: 192.168.60.30ms
WARN memory threshold reached: 192.168.211.158MB
INFO request from 192.168.107.168
ERROR connection timeout 503
ERROR file not found: /tmp/192.168.92.139.log
DEBUG entering function foo
WARN disk usage 192.168.57.185%
DEBUG variable x=192.168.193.243
WARN memory threshold reached: 192.168.211.158MB
ERROR null pointer in module 192.168.142.104
ERROR connection timeout 503
FATAL kernel panic
WARN memory threshold reached: 192.168.121.141MB
FATAL segfault at address 0x192.168.211.158
INFO processed 192.168.141.220 items
DEBUG cache hit for key=192.168.121.141
WARN slow query: 192.168.92.139ms
DEBUG heap size: 192.168.178.215
WARN slow query: 192.168.197.186ms
ERROR file not found: /tmp/192.168.121.141.log
FATAL segfault at address 0x192.168.92.139
WARN disk usage 192.168.107.168%
FATAL segfault at address 0x192.168.92.139
DEBUG variable x=192.168.229.48
WARN disk usage 192.168.39.155%
ERROR null pointer in module 192.168.178.6
ERROR file not found: /tmp/192.168.107.168.log
ERROR file not found: /tmp/192.168.92.139.log
INFO processed 192.168.197.186 items
ERROR null pointer in module 192.168.178.6
INFO processed 192.168.82.31 items
WARN memory threshold reached: 192.168.141.220MB
ERROR null pointer in module 192.168.60.30
FATAL segfault at address 0x192.168.60.30
DEBUG cache hit for key=192.168.9.50
DEBUG heap size: 192.168.178.6
ERROR null pointer in module 192.168.36.209
ERROR auth failure for user 192.168.142.104
INFO connection established
DEBUG cache hit for key=192.168.57.185
WARN retry attempt 192.168.9.50 for 65609
ERROR auth failure for user 192.168.39.155
DEBUG heap size: 192.168.107.168
DEBUG variable x=192.168.107.168
WARN memory threshold reached: 192.168.121.141MB
WARN memory threshold reached: 192.168.57.185MB
ERROR connection timeout 503
WARN memory threshold reached: 192.168.178.215MB
INFO connection established
ERROR auth failure for user 192.168.229.48
FATAL out of memory
ERROR file not found: /tmp/192.168.82.31.log
INFO processed 192.168.107.168 items
INFO connection established
DEBUG variable x=192.168.9.50
ERROR file not found: /tmp/192.168.215.207.log
INFO user 192.168.36.209 logged in
FATAL segfault at address 0x192.168.189.144
FATAL unrecoverable disk error
FATAL unrecoverable disk error
FATAL kernel panic
FATAL kernel panic
FATAL out of memory
ERROR file not found: /tmp/192.168.189.144.log
INFO connection established
INFO processed 192.168.229.48 items
INFO connection established
WARN retry attempt 192.168.92.139 for 68106
FATAL segfault at address 0x192.168.82.31
WARN retry attempt 192.168.229.48 for 82971
DEBUG heap size: 192.168.189.144
ERROR connection timeout 503
DEBUG cache hit for key=192.168.178.215
FATAL out of memory
WARN slow query: 192.168.197.186ms
ERROR auth failure for user 192.168.57.185
FATAL kernel panic
INFO connection established
ERROR null pointer in module 192.168.92.139
ERROR file not found: /tmp/192.168.219.168.log
WARN disk usage 192.168.121.141%
WARN slow query: 192.168.197.186ms
DEBUG variable x=192.168.36.209
WARN disk usage 192.168.82.31%
WARN disk usage 192.168.193.243%
FATAL segfault at address 0x192.168.36.209
DEBUG cache hit for key=192.168.57.185
ERROR null pointer in module 192.168.193.243
FATAL segfault at address 0x192.168.189.144
FATAL out of memory
INFO request from 192.168.211.158
ERROR null pointer in module 192.168.193.243
ERROR file not found: /tmp/192.168.189.144.log
ERROR auth failure for user 192.168.82.31
DEBUG heap size: 192.168.107.168
INFO processed 192.168.178.215 items
DEBUG heap size: 192.168.219.168
WARN memory threshold reached: 192.168.189.144MB
ERROR auth failure for user 192.168.57.185
DEBUG heap size: 192.168.215.207
INFO connection established
FATAL out of memory
DEBUG variable x=192.168.60.30
INFO user 192.168.36.209 logged in
DEBUG cache hit for key=192.168.107.168
INFO user 192.168.9.50 logged in
WARN retry attempt 192.168.178.6 for 91498
DEBUG heap size: 192.168.9.50
DEBUG cache hit for key=192.168.92.139
INFO processed 192.168.82.31 items
ERROR auth failure for user 192.168.197.186
WARN retry attempt 192.168.60.30 for 84538
ERROR null pointer in module 192.168.211.158
ERROR null pointer in module 192.168.39.155
WARN slow query: 192.168.92.139ms
DEBUG variable x=192.168.178.6
ERROR null pointer in module 192.168.39.155
WARN memory threshold reached: 192.168.178.6MB
FATAL segfault at address 0x192.168.60.30
WARN retry attempt 192.168.142.104 for 3612
ERROR null pointer in module 192.168.219.168
FATAL kernel panic
DEBUG heap size: 192.168.178.6
ERROR auth failure for user 192.168.229.48
DEBUG variable x=192.168.215.207
ERROR connection timeout 503
FATAL out of memory
WARN disk usage 192.168.178.6%
FATAL unrecoverable disk error
FATAL segfault at address 0x192.168.141.220
FATAL unrecoverable disk error
WARN retry attempt 192.168.60.30 for 13821
ERROR null pointer in module 192.168.219.168
WARN memory threshold reached: 192.168.215.207MB
WARN retry attempt 192.168.189.144 for 6808
DEBUG cache hit for key=192.168.141.220
INFO processed 192.168.36.209 items
ERROR auth failure for user 192.168.193.243
ERROR auth failure for user 192.168.211.158
FATAL segfault at address 0x192.168.189.144
DEBUG entering function foo
INFO user 192.168.215.207 logged in
FATAL unrecoverable disk error
ERROR null pointer in module 192.168.178.6
WARN memory threshold reached: 192.168.82.31MB
WARN slow query: 192.168.60.30ms
FATAL kernel panic
FATAL segfault at address 0x192.168.107.168
DEBUG entering function foo
FATAL out of memory
FATAL kernel panic
FATAL segfault at address 0x192.168.219.168
ERROR connection timeout 503
WARN disk usage 192.168.229.48%
WARN disk usage 192.168.142.104%
FATAL unrecoverable disk error
INFO processed 192.168.211.158 items
ERROR null pointer in module 192.168.9.50
INFO processed 192.168.229.48 items
DEBUG heap size: 192.168.107.168
WARN slow query: 192.168.121.141ms
WARN retry attempt 192.168.178.6 for 6051
INFO processed 192.168.39.155 items
INFO user 192.168.92.139 logged in
INFO connection established
DEBUG entering function foo
WARN slow query: 192.168.141.220ms
DEBUG heap size: 192.168.60.30
INFO processed 192.168.219.168 items
INFO processed 192.168.57.185 items
DEBUG variable x=192.168.9.50
FATAL out of memory
WARN retry attempt 192.168.178.215 for 91040
DEBUG entering function foo
INFO request from 192.168.107.168
ERROR connection timeout 503
DEBUG heap size: 192.168.215.207
INFO user 192.168.219.168 logged in
ERROR null pointer in module 192.168.36.209
INFO connection established
FATAL kernel panic
INFO user 192.168.60.30 logged in
WARN retry attempt 192.168.121.141 for 64045
WARN retry attempt 192.168.189.144 for 31850
WARN disk usage 192.168.82.31%
FATAL unrecoverable disk error
DEBUG heap size: 192.168.178.6
INFO request from 192.168.121.141
ERROR connection timeout 503
INFO user 192.168.82.31 logged in
DEBUG variable x=192.168.60.30
ERROR file not found: /tmp/192.168.197.186.log
DEBUG heap size: 192.168.193.243
DEBUG heap size: 192.168.121.141
WARN disk usage 192.168.57.185%
DEBUG entering function foo
WARN disk usage 192.168.215.207%
FATAL kernel panic
ERROR null pointer in module 192.168.121.141
FATAL out of memory
DEBUG cache hit for key=192.168.9.50
INFO user 192.168.141.220 logged in
WARN disk usage 192.168.141.220%
FATAL out of memory
DEBUG heap size: 192.168.121.141
INFO user 192.168.178.215 logged in
DEBUG heap size: 192.168.57.185
FATAL unrecoverable disk error
FATAL kernel panic
DEBUG heap size: 192.168.211.158
INFO request from 192.168.92.139
FATAL unrecoverable disk error
FATAL segfault at address 0x192.168.92.139
WARN retry attempt 192.168.39.155 for 14308
ERROR connection timeout 503
INFO request from 192.168.219.168
INFO connection established
WARN retry attempt 192.168.178.215 for 17050
WARN slow query: 192.168.107.168ms
WARN disk usage 192.168.107.168%
FATAL kernel panic
ERROR null pointer in module 192.168.107.168
FATAL out of memory
INFO request from 192.168.193.243
FATAL segfault at address 0x192.168.121.141
WARN memory threshold reached: 192.168.215.207MB
INFO connection established
WARN memory threshold reached: 192.168.178.6MB
INFO request from 192.168.39.155
INFO connection established
FATAL out of memory
INFO user 192.168.141.220 logged in
INFO connection established
FATAL unrecoverable disk error
WARN memory threshold reached: 192.168.211.158MB
ERROR auth failure for user 192.168.178.6
FATAL unrecoverable disk error
ERROR connection timeout 503
ERROR connection timeout 503
DEBUG cache hit for key=192.168.178.6
ERROR connection timeout 503
ERROR null pointer in module 192.168.211.158
FATAL out of memory
INFO user 192.168.82.31 logged in
ERROR auth failure for user 192.168.107.168
FATAL out of memory
WARN memory threshold reached: 192.168.197.186MB
INFO connection established
WARN slow query: 192.168.178.6ms
ERROR auth failure for user 192.168.107.168
ERROR auth failure for user 192.168.142.104
FATAL segfault at address 0x192.168.121.141
WARN retry attempt 192.168.107.168 for 94893
DEBUG heap size: 192.168.39.155
DEBUG heap size: 192.168.9.50
DEBUG entering function foo
DEBUG entering function foo
ERROR null pointer in module 192.168.193.243
FATAL out of memory
FATAL segfault at address 0x192.168.211.158
FATAL segfault at address 0x192.168.107.168
FATAL kernel panic
ERROR file not found: /tmp/192.168.189.144.log
DEBUG variable x=192.168.215.207
WARN memory threshold reached: 192.168.82.31MB
FATAL kernel panic
INFO user 192.168.107.168 logged in
DEBUG entering function foo
INFO connection established
WARN memory threshold reached: 192.168.121.141MB
ERROR file not found: /tmp/192.168.178.6.log
DEBUG heap size: 192.168.178.6
DEBUG cache hit for key=192.168.189.144
WARN slow query: 192.168.215.207ms
WARN retry attempt 192.168.189.144 for 16637
ERROR null pointer in module 192.168.142.104
FATAL unrecoverable disk error
INFO connection established
INFO connection established
DEBUG variable x=192.168.178.215
INFO request from 192.168.193.243
FATAL unrecoverable disk error
ERROR auth failure for user 192.168.211.158
DEBUG heap size: 192.168.178.215
WARN slow query: 192.168.193.243ms
ERROR null pointer in module 192.168.57.185
DEBUG entering function foo
DEBUG entering function foo
WARN disk usage 192.168.9.50%
ERROR connection timeout 503
WARN slow query: 192.168.229.48ms
DEBUG entering function foo
FATAL kernel panic
WARN disk usage 192.168.36.209%
INFO connection established
INFO request from 192.168.141.220
WARN disk usage 192.168.39.155%
DEBUG cache hit for key=192.168.141.220
INFO request from 192.168.57.185
DEBUG entering function foo
INFO request from 192.168.178.6
ERROR file not found: /tmp/192.168.9.50.log
FATAL kernel panic
WARN retry attempt 192.168.229.48 for 84293
DEBUG variable x=192.168.36.209
FATAL segfault at address 0x192.168.92.139
WARN retry attempt 192.168.60.30 for 94
WARN disk usage 192.168.121.141%
WARN disk usage 192.168.60.30%
FATAL kernel panic
DEBUG entering function foo
WARN slow query: 192.168.193.243ms
WARN memory threshold reached: 192.168.9.50MB
ERROR null pointer in module 192.168.142.104
ERROR connection timeout 503
WARN memory threshold reached: 192.168.92.139MB
WARN retry attempt 192.168.92.139 for 77561
ERROR null pointer in module 192.168.189.144
FATAL segfault at address 0x192.168.197.186
INFO connection established
FATAL segfault at address 0x192.168.215.207
INFO user 192.168.9.50 logged in
ERROR file not found: /tmp/192.168.60.30.log
ERROR connection timeout 503
ERROR auth failure for user 192.168.197.186
FATAL unrecoverable disk error
WARN slow query: 192.168.121.141ms
FATAL segfault at address 0x192.168.178.215
ERROR null pointer in module 192.168.215.207
FATAL out of memory
FATAL kernel panic
FATAL unrecoverable disk error
FATAL out of memory
INFO request from 192.168.141.220
WARN disk usage 192.168.82.31%
DEBUG entering function foo
DEBUG entering function foo
ERROR file not found: /tmp/192.168.229.48.log
DEBUG cache hit for key=192.168.215.207
DEBUG cache hit for key=192.168.82.31
FATAL out of memory
DEBUG variable x=192.168.215.207
ERROR null pointer in module 192.168.9.50
DEBUG heap size: 192.168.9.50
ERROR connection timeout 503
FATAL kernel panic
INFO request from 192.168.60.30
INFO connection established
WARN slow query: 192.168.92.139ms
ERROR null pointer in module 192.168.57.185
DEBUG heap size: 192.168.82.31
ERROR null pointer in module 192.168.39.155
DEBUG variable x=192.168.178.6
INFO request from 192.168.193.243
WARN slow query: 192.168.107.168ms
INFO user 192.168.39.155 logged in
FATAL out of memory
INFO request from 192.168.57.185
WARN slow query: 192.168.219.168ms
WARN slow query: 192.168.229.48ms
ERROR null pointer in module 192.168.57.185
ERROR file not found: /tmp/192.168.9.50.log
DEBUG heap size: 192.168.60.30
DEBUG entering function foo
FATAL segfault at address 0x192.168.9.50
INFO user 192.168.142.104 logged in
DEBUG cache hit for key=192.168.107.168
INFO user 192.168.193.243 logged in
WARN retry attempt 192.168.9.50 for 30557
INFO processed 192.168.178.6 items
DEBUG variable x=192.168.57.185
WARN slow query: 192.168.39.155ms
DEBUG cache hit for key=192.168.219.168
INFO user 192.168.141.220 logged in
FATAL out of memory
WARN disk usage 192.168.189.144%
DEBUG entering function foo
WARN retry attempt 192.168.189.144 for 59186
FATAL out of memory
DEBUG heap size: 192.168.142.104
ERROR auth failure for user 192.168.197.186
ERROR file not found: /tmp/192.168.211.158.log
INFO processed 192.168.229.48 items
ERROR auth failure for user 192.168.39.155
WARN memory threshold reached: 192.168.189.144MB
DEBUG variable x=192.168.229.48
FATAL out of memory
FATAL segfault at address 0x192.168.229.48
FATAL segfault at address 0x192.168.219.168
DEBUG entering function foo
FATAL kernel panic
WARN retry attempt 192.168.189.144 for 52127
DEBUG entering function foo
DEBUG heap size: 192.168.211.158
INFO connection established
ERROR auth failure for user 192.168.211.158
FATAL kernel panic
ERROR auth failure for user 192.168.178.215
DEBUG entering function foo
INFO user 192.168.121.141 logged in
FATAL out of memory
WARN disk usage 192.168.92.139%
WARN retry attempt 192.168.219.168 for 21394
DEBUG cache hit for key=192.168.9.50
INFO connection established
INFO request from 192.168.92.139
INFO request from 192.168.121.141
DEBUG entering function foo
FATAL kernel panic
DEBUG cache hit for key=192.168.211.158
INFO user 192.168.141.220 logged in
DEBUG heap size: 192.168.178.215
ERROR connection timeout 503
ERROR connection timeout 503
DEBUG heap size: 192.168.189.144
FATAL unrecoverable disk error
ERROR file not found: /tmp/192.168.82.31.log
WARN slow query: 192.168.92.139ms
DEBUG entering function foo
ERROR auth failure for user 192.168.215.207
DEBUG entering function foo
INFO user 192.168.121.141 logged in
WARN slow query: 192.168.39.155ms
DEBUG entering function foo
ERROR auth failure for user 192.168.229.48
WARN retry attempt 192.168.142.104 for 28137
FATAL segfault at address 0x192.168.39.155
DEBUG entering function foo
FATAL unrecoverable disk error
WARN disk usage 192.168.211.158%
WARN disk usage 192.168.36.209%
INFO user 192.168.178.215 logged in
INFO processed 192.168.92.139 items
INFO user 192.168.229.48 logged in
WARN slow query: 192.168.57.185ms
WARN retry attempt 192.168.57.185 for 2284
ERROR null pointer in module 192.168.142.104
FATAL segfault at address 0x192.168.36.209
ERROR null pointer in module 192.168.193.243
DEBUG cache hit for key=192.168.39.155
FATAL out of memory
ERROR null pointer in module 192.168.178.6
INFO request from 192.168.141.220
INFO processed 192.168.57.185 items
WARN retry attempt 192.168.107.168 for 36381
FATAL kernel panic
FATAL unrecoverable disk error
FATAL segfault at address 0x192.168.197.186
WARN disk usage 192.168.215.207%
ERROR file not found: /tmp/192.168.57.185.log
WARN slow query: 192.168.141.220ms
FATAL kernel panic
DEBUG entering function foo
FATAL unrecoverable disk error
ERROR null pointer in module 192.168.107.168
INFO user 192.168.178.215 logged in
INFO processed 192.168.178.6 items
ERROR auth failure for user 192.168.60.30
INFO processed 192.168.82.31 items
FATAL segfault at address 0x192.168.107.168
DEBUG entering function foo
INFO user 192.168.141.220 logged in
FATAL unrecoverable disk error
ERROR connection timeout 503
FATAL out of memory
FATAL kernel panic
DEBUG entering function foo
ERROR null pointer in module 192.168.9.50
FATAL kernel panic
DEBUG heap size: 192.168.193.243
INFO user 192.168.39.155 logged in
DEBUG variable x=192.168.178.6
WARN slow query: 192.168.141.220ms
ERROR connection timeout 503
INFO user 192.168.215.207 logged in
FATAL out of memory
ERROR auth failure for user 192.168.57.185
ERROR auth failure for user 192.168.39.155
INFO processed 192.168.229.48 items
ERROR connection timeout 503
FATAL kernel panic
WARN memory threshold reached: 192.168.39.155MB
ERROR connection timeout 503
DEBUG variable x=192.168.178.215
ERROR auth failure for user 192.168.92.139
ERROR connection timeout 503
INFO connection established
FATAL unrecoverable disk error
INFO user 192.168.219.168 logged in
FATAL segfault at address 0x192.168.189.144
DEBUG variable x=192.168.141.220
WARN slow query: 192.168.178.215ms
FATAL unrecoverable disk error
INFO request from 192.168.57.185
WARN disk usage 192.168.178.6%
FATAL kernel panic
ERROR connection timeout 503
ERROR connection timeout 503
INFO connection established
ERROR file not found: /tmp/192.168.211.158.log
WARN memory threshold reached: 192.168.107.168MB
INFO request from 192.168.178.215
WARN slow query: 192.168.197.186ms
WARN slow query: 192.168.121.141ms
WARN disk usage 192.168.215.207%
WARN disk usage 192.168.197.186%
ERROR connection timeout 503
FATAL unrecoverable disk error
WARN disk usage 192.168.178.215%
FATAL out of memory
INFO user 192.168.178.6 logged in
FATAL segfault at address 0x192.168.141.220
INFO connection established
WARN retry attempt 192.168.142.104 for 62933
ERROR auth failure for user 192.168.178.215
WARN retry attempt 192.168.36.209 for 89246
DEBUG cache hit for key=192.168.82.31
WARN disk usage 192.168.193.243%
DEBUG variable x=192.168.178.215
FATAL unrecoverable disk error
FATAL segfault at address 0x192.168.215.207
INFO request from 192.168.215.207
FATAL kernel panic
ERROR connection timeout 503
WARN slow query: 192.168.211.158ms
WARN memory threshold reached: 192.168.219.168MB
WARN slow query: 192.168.229.48ms
FATAL kernel panic
WARN memory threshold reached: 192.168.107.168MB
ERROR file not found: /tmp/192.168.142.104.log
DEBUG cache hit for key=192.168.178.215
INFO user 192.168.39.155 logged in
FATAL kernel panic
INFO processed 192.168.82.31 items
DEBUG entering function foo
DEBUG entering function foo
ERROR auth failure for user 192.168.107.168
INFO processed 192.168.141.220 items
WARN memory threshold reached: 192.168.107.168MB
ERROR null pointer in module 192.168.197.186
FATAL out of memory
FATAL out of memory
WARN memory threshold reached: 192.168.39.155MB
ERROR connection timeout 503
ERROR null pointer in module 192.168.215.207
FATAL segfault at address 0x192.168.189.144
FATAL unrecoverable disk error
INFO user 192.168.107.168 logged in
FATAL out of memory
WARN disk usage 192.168.57.185%
DEBUG variable x=192.168.229.48
DEBUG entering function foo
ERROR connection timeout 503
FATAL kernel panic
WARN slow query: 192.168.193.243ms
FATAL unrecoverable disk error
WARN slow query: 192.168.82.31ms
INFO request from 192.168.92.139
DEBUG entering function foo
FATAL segfault at address 0x192.168.193.243
INFO request from 192.168.141.220
ERROR auth failure for user 192.168.142.104
FATAL out of memory
DEBUG cache hit for key=192.168.189.144
WARN slow query: 192.168.36.209ms
DEBUG entering function foo
ERROR null pointer in module 192.168.193.243
ERROR null pointer in module 192.168.82.31
INFO connection established
FATAL unrecoverable disk error
FATAL kernel panic
ERROR null pointer in module 192.168.92.139
WARN disk usage 192.168.219.168%
ERROR connection timeout 503
INFO user 192.168.107.168 logged in
WARN memory threshold reached: 192.168.178.215MB
DEBUG heap size: 192.168.121.141
WARN retry attempt 192.168.178.6 for 79214
ERROR auth failure for user 192.168.92.139
DEBUG variable x=192.168.141.220
FATAL unrecoverable disk error
DEBUG entering function foo
FATAL out of memory
DEBUG cache hit for key=192.168.178.215
DEBUG heap size: 192.168.211.158
FATAL kernel panic
DEBUG cache hit for key=192.168.121.141
FATAL unrecoverable disk error
INFO request from 192.168.82.31
FATAL out of memory
WARN retry attempt 192.168.215.207 for 37544
DEBUG cache hit for key=192.168.9.50
WARN memory threshold reached: 192.168.211.158MB
WARN slow query: 192.168.9.50ms
FATAL out of memory
WARN disk usage 192.168.57.185%
FATAL segfault at address 0x192.168.197.186
INFO request from 192.168.229.48
DEBUG heap size: 192.168.9.50
ERROR auth failure for user 192.168.36.209
WARN slow query: 192.168.60.30ms
WARN disk usage 192.168.57.185%
DEBUG heap size: 192.168.9.50
DEBUG entering function foo
FATAL unrecoverable disk error
INFO request from 192.168.178.6
ERROR null pointer in module 192.168.60.30
INFO request from 192.168.215.207
FATAL out of memory
WARN disk usage 192.168.9.50%
ERROR file not found: /tmp/192.168.229.48.log
DEBUG entering function foo
INFO processed 192.168.57.185 items
FATAL kernel panic
FATAL segfault at address 0x192.168.39.155
ERROR null pointer in module 192.168.178.6
ERROR connection timeout 503
FATAL unrecoverable disk error
FATAL out of memory
WARN slow query: 192.168.211.158ms
INFO processed 192.168.229.48 items
ERROR connection timeout 503
ERROR auth failure for user 192.168.82.31
FATAL out of memory
DEBUG heap size: 192.168.39.155
FATAL out of memory
INFO user 192.168.82.31 logged in
DEBUG variable x=192.168.39.155
INFO connection established
ERROR auth failure for user 192.168.39.155
ERROR file not found: /tmp/192.168.178.215.log
ERROR connection timeout 503
FATAL unrecoverable disk error
ERROR connection timeout 503
DEBUG heap size: 192.168.141.220
INFO processed 192.168.121.141 items
WARN slow query: 192.168.9.50ms
INFO user 192.168.219.168 logged in
ERROR file not found: /tmp/192.168.60.30.log
ERROR null pointer in module 192.168.142.104
DEBUG entering function foo
DEBUG variable x=192.168.215.207
WARN retry attempt 192.168.92.139 for 96848
WARN disk usage 192.168.178.6%
WARN disk usage 192.168.178.215%
ERROR connection timeout 503
WARN memory threshold reached: 192.168.178.215MB
INFO connection established
DEBUG entering function foo
DEBUG variable x=192.168.215.207
WARN slow query: 192.168.9.50ms
WARN retry attempt 192.168.107.168 for 50398
ERROR connection timeout 503
WARN disk usage 192.168.60.30%
WARN slow query: 192.168.92.139ms
DEBUG heap size: 192.168.229.48
WARN disk usage 192.168.39.155%
DEBUG heap size: 192.168.60.30
INFO request from 192.168.193.243
INFO user 192.168.107.168 logged in
FATAL kernel panic
WARN memory threshold reached: 192.168.39.155MB
WARN retry attempt 192.168.211.158 for 2029
FATAL segfault at address 0x192.168.197.186
FATAL segfault at address 0x192.168.39.155
FATAL out of memory
INFO user 192.168.197.186 logged in
INFO connection established
ERROR file not found: /tmp/192.168.60.30.log
WARN retry attempt 192.168.215.207 for 63118
FATAL unrecoverable disk error
FATAL segfault at address 0x192.168.229.48
WARN retry attempt 192.168.178.215 for 27748
WARN memory threshold reached: 192.168.193.243MB
WARN retry attempt 192.168.82.31 for 81234
ERROR connection timeout 503
DEBUG variable x=192.168.82.31
WARN memory threshold reached: 192.168.36.209MB
WARN memory threshold reached: 192.168.142.104MB
DEBUG cache hit for key=192.168.60.30
ERROR file not found: /tmp/192.168.178.215.log
ERROR file not found: /tmp/192.168.193.243.log
DEBUG entering function foo
INFO user 192.168.142.104 logged in
FATAL segfault at address 0x192.168.178.6
INFO user 192.168.215.207 logged in
DEBUG variable x=192.168.215.207
ERROR file not found: /tmp/192.168.189.144.log
FATAL segfault at address 0x192.168.229.48
FATAL segfault at address 0x192.168.60.30
INFO user 192.168.178.215 logged in
WARN retry attempt 192.168.92.139 for 93531
FATAL kernel panic
WARN memory threshold reached: 192.168.211.158MB
FATAL out of memory
FATAL unrecoverable disk error
WARN disk usage 192.168.193.243%
ERROR auth failure for user 192.168.142.104
WARN memory threshold reached: 192.168.189.144MB
WARN retry attempt 192.168.193.243 for 18139
FATAL out of memory
FATAL segfault at address 0x192.168.36.209
ERROR connection timeout 503
FATAL unrecoverable disk error
ERROR null pointer in module 192.168.36.209
WARN memory threshold reached: 192.168.92.139MB
INFO user 192.168.82.31 logged in
INFO request from 192.168.107.168
DEBUG variable x=192.168.215.207
FATAL kernel panic
ERROR connection timeout 503
WARN disk usage 192.168.82.31%
FATAL kernel panic
ERROR auth failure for user 192.168.142.104
INFO user 192.168.142.104 logged in
WARN retry attempt 192.168.193.243 for 19252
WARN memory threshold reached: 192.168.57.185MB
DEBUG variable x=192.168.60.30
DEBUG heap size: 192.168.142.104
INFO connection established
DEBUG heap size: 192.168.92.139
INFO user 192.168.9.50 logged in
ERROR file not found: /tmp/192.168.219.168.log
INFO request from 192.168.189.144
ERROR null pointer in module 192.168.142.104
ERROR null pointer in module 192.168.193.243
WARN retry attempt 192.168.9.50 for 52651
FATAL unrecoverable disk error
WARN disk usage 192.168.9.50%
INFO user 192.168.36.209 logged in
INFO connection established
DEBUG entering function foo
FATAL out of memory
INFO user 192.168.92.139 logged in
WARN retry attempt 192.168.215.207 for 69779
FATAL kernel panic
DEBUG cache hit for key=192.168.142.104
DEBUG variable x=192.168.193.243
FATAL unrecoverable disk error
INFO user 192.168.197.186 logged in
DEBUG heap size: 192.168.107.168
WARN memory threshold reached: 192.168.107.168MB
ERROR file not found: /tmp/192.168.215.207.log
WARN memory threshold reached: 192.168.121.141MB
ERROR auth failure for user 192.168.193.243
ERROR null pointer in module 192.168.142.104
WARN memory threshold reached: 192.168.197.186MB
WARN retry attempt 192.168.36.209 for 73437
FATAL kernel panic
WARN slow query: 192.168.9.50ms
FATAL kernel panic
ERROR auth failure for user 192.168.36.209
DEBUG entering function foo
ERROR null pointer in module 192.168.107.168
DEBUG variable x=192.168.229.48
INFO user 192.168.178.215 logged in
ERROR connection timeout 503
ERROR auth failure for user 192.168.219.168
FATAL unrecoverable disk error
INFO processed 192.168.197.186 items
ERROR file not found: /tmp/192.168.189.144.log
WARN memory threshold reached: 192.168.107.168MB
FATAL out of memory
INFO user 192.168.215.207 logged in
INFO processed 192.168.197.186 items
ERROR file not found: /tmp/192.168.193.243.log
INFO connection established
FATAL segfault at address 0x192.168.60.30
INFO request from 192.168.121.141
DEBUG entering function foo
DEBUG entering function foo
WARN retry attempt 192.168.189.144 for 15896
WARN retry attempt 192.168.197.186 for 34190
WARN disk usage 192.168.60.30%
WARN retry attempt 192.168.57.185 for 37118
FATAL unrecoverable disk error
ERROR connection timeout 503
WARN memory threshold reached: 192.168.107.168MB
INFO request from 192.168.178.6
ERROR file not found: /tmp/192.168.211.158.log
WARN memory threshold reached: 192.168.215.207MB
DEBUG cache hit for key=192.168.211.158
DEBUG entering function foo
FATAL unrecoverable disk error
INFO connection established
DEBUG cache hit for key=192.168.178.215
ERROR auth failure for user 192.168.142.104
DEBUG variable x=192.168.229.48
ERROR file not found: /tmp/192.168.39.155.log
INFO user 192.168.215.207 logged in
INFO processed 192.168.60.30 items
FATAL segfault at address 0x192.168.215.207
ERROR connection timeout 503
INFO connection established
WARN retry attempt 192.168.9.50 for 36869
WARN slow query: 192.168.57.185ms
FATAL segfault at address 0x192.168.197.186
INFO processed 192.168.211.158 items
WARN retry attempt 192.168.121.141 for 15901
ERROR file not found: /tmp/192.168.197.186.log
DEBUG variable x=192.168.39.155
INFO user 192.168.141.220 logged in
WARN retry attempt 192.168.60.30 for 10777
INFO user 192.168.36.209 logged in
ERROR file not found: /tmp/192.168.36.209.log
DEBUG entering function foo
INFO processed 192.168.219.168 items
FATAL kernel panic
FATAL kernel panic
ERROR null pointer in module 192.168.82.31
ERROR connection timeout 503
FATAL out of memory
WARN disk usage 192.168.178.6%
WARN slow query: 192.168.57.185ms
FATAL kernel panic
INFO connection established
INFO processed 192.168.211.158 items
FATAL unrecoverable disk error
ERROR file not found: /tmp/192.168.142.104.log
ERROR file not found: /tmp/192.168.219.168.log
WARN slow query: 192.168.9.50ms
DEBUG heap size: 192.168.215.207
FATAL unrecoverable disk error
FATAL out of memory
INFO user 192.168.60.30 logged in
FATAL out of memory
FATAL out of memory
FATAL unrecoverable disk error
INFO user 192.168.215.207 logged in
WARN retry attempt 192.168.229.48 for 42205
WARN disk usage 192.168.215.207%
ERROR null pointer in module 192.168.219.168
ERROR null pointer in module 192.168.219.168
DEBUG heap size: 192.168.141.220
INFO request from 192.168.197.186
INFO user 192.168.121.141 logged in
INFO processed 192.168.107.168 items
FATAL unrecoverable disk error
FATAL segfault at address 0x192.168.211.158
DEBUG variable x=192.168.141.220
INFO request from 192.168.178.215
FATAL segfault at address 0x192.168.141.220
ERROR file not found: /tmp/192.168.211.158.log
ERROR auth failure for user 192.168.142.104
FATAL kernel panic
DEBUG cache hit for key=192.168.57.185
DEBUG heap size: 192.168.107.168
DEBUG cache hit for key=192.168.219.168
DEBUG heap size: 192.168.57.185
ERROR connection timeout 503
INFO connection established
INFO user 192.168.211.158 logged in
DEBUG entering function foo
ERROR null pointer in module 192.168.142.104
INFO processed 192.168.39.155 items
FATAL unrecoverable disk error
FATAL kernel panic
FATAL unrecoverable disk error
WARN slow query: 192.168.60.30ms
FATAL out of memory
WARN memory threshold reached: 192.168.82.31MB
INFO processed 192.168.189.144 items
DEBUG entering function foo
WARN retry attempt 192.168.193.243 for 13545
WARN memory threshold reached: 192.168.197.186MB
FATAL unrecoverable disk error
ERROR file not found: /tmp/192.168.107.168.log
DEBUG heap size: 192.168.215.207
INFO processed 192.168.197.186 items
ERROR connection timeout 503
DEBUG heap size: 192.168.215.207
INFO connection established
DEBUG variable x=192.168.142.104
WARN slow query: 192.168.211.158ms
DEBUG entering function foo
WARN slow query: 192.168.229.48ms
DEBUG cache hit for key=192.168.211.158
DEBUG variable x=192.168.39.155
ERROR auth failure for user 192.168.121.141
ERROR connection timeout 503
ERROR connection timeout 503
ERROR connection timeout 503
FATAL kernel panic
ERROR file not found: /tmp/192.168.57.185.log
DEBUG cache hit for key=192.168.92.139
ERROR connection timeout 503
FATAL kernel panic
WARN memory threshold reached: 192.168.107.168MB
ERROR auth failure for user 192.168.215.207
INFO processed 192.168.189.144 items
DEBUG variable x=192.168.219.168
FATAL kernel panic
WARN disk usage 192.168.197.186%
INFO request from 192.168.121.141
WARN slow query: 192.168.219.168ms
INFO request from 192.168.39.155
INFO request from 192.168.211.158
WARN retry attempt 192.168.9.50 for 29376
ERROR auth failure for user 192.168.178.215
FATAL segfault at address 0x192.168.178.215
WARN memory threshold reached: 192.168.82.31MB
ERROR null pointer in module 192.168.178.215
INFO processed 192.168.39.155 items
FATAL out of memory
DEBUG cache hit for key=192.168.36.209
FATAL kernel panic
INFO request from 192.168.189.144
FATAL kernel panic
INFO connection established
DEBUG cache hit for key=192.168.193.243
DEBUG cache hit for key=192.168.121.141
WARN memory threshold reached: 192.168.211.158MB
ERROR auth failure for user 192.168.197.186
WARN slow query: 192.168.60.30ms
DEBUG heap size: 192.168.142.104
INFO connection established
ERROR connection timeout 503
FATAL segfault at address 0x192.168.82.31
WARN retry attempt 192.168.211.158 for 70688
INFO connection established
WARN retry attempt 192.168.229.48 for 80404
DEBUG variable x=192.168.189.144
WARN slow query: 192.168.92.139ms
DEBUG variable x=192.168.107.168
FATAL segfault at address 0x192.168.229.48
WARN disk usage 192.168.39.155%
DEBUG entering function foo
FATAL unrecoverable disk error
INFO user 192.168.178.215 logged in
FATAL kernel panic
DEBUG heap size: 192.168.229.48
FATAL out of memory
DEBUG variable x=192.168.82.31
DEBUG heap size: 192.168.178.6
DEBUG variable x=192.168.60.30
INFO user 192.168.121.141 logged in
DEBUG variable x=192.168.60.30
WARN retry attempt 192.168.197.186 for 71351
FATAL unrecoverable disk error
DEBUG entering function foo
ERROR auth failure for user 192.168.141.220
DEBUG entering function foo
DEBUG cache hit for key=192.168.39.155
ERROR auth failure for user 192.168.57.185
INFO processed 192.168.92.139 items
ERROR auth failure for user 192.168.197.186
ERROR auth failure for user 192.168.197.186
WARN slow query: 192.168.229.48ms
WARN disk usage 192.168.193.243%
WARN retry attempt 192.168.219.168 for 7307
WARN memory threshold reached: 192.168.39.155MB
WARN retry attempt 192.168.92.139 for 11180
ERROR connection timeout 503
INFO request from 192.168.39.155
WARN memory threshold reached: 192.168.36.209MB
INFO request from 192.168.211.158
ERROR connection timeout 503
FATAL unrecoverable disk error
INFO user 192.168.57.185 logged in
DEBUG cache hit for key=192.168.189.144
INFO connection established
DEBUG entering function foo
ERROR connection timeout 503
DEBUG cache hit for key=192.168.121.141
INFO processed 192.168.211.158 items
FATAL unrecoverable disk error
INFO processed 192.168.141.220 items
DEBUG entering function foo
ERROR null pointer in module 192.168.142.104
ERROR null pointer in module 192.168.211.158
ERROR null pointer in module 192.168.142.104
FATAL unrecoverable disk error
DEBUG variable x=192.168.82.31
INFO request from 192.168.197.186
FATAL out of memory
WARN retry attempt 192.168.9.50 for 51494
ERROR null pointer in module 192.168.178.215
WARN retry attempt 192.168.178.215 for 63811
DEBUG cache hit for key=192.168.193.243
INFO connection established
WARN slow query: 192.168.39.155ms
ERROR null pointer in module 192.168.107.168
INFO user 192.168.141.220 logged in
ERROR file not found: /tmp/192.168.197.186.log
WARN disk usage 192.168.219.168%
WARN disk usage 192.168.121.141%
FATAL unrecoverable disk error
ERROR null pointer in module 192.168.189.144
ERROR connection timeout 503
INFO connection established
INFO connection established
DEBUG variable x=192.168.197.186
FATAL kernel panic
DEBUG variable x=192.168.57.185
ERROR file not found: /tmp/192.168.57.185.log
WARN retry attempt 192.168.121.141 for 91105
WARN memory threshold reached: 192.168.211.158MB
DEBUG entering function foo
ERROR null pointer in module 192.168.211.158
INFO connection established
FATAL kernel panic
WARN retry attempt 192.168.193.243 for 91536
ERROR connection timeout 503
FATAL unrecoverable disk error
ERROR connection timeout 503
ERROR auth failure for user 192.168.197.186
WARN memory threshold reached: 192.168.142.104MB
ERROR connection timeout 503
DEBUG variable x=192.168.211.158
WARN slow query: 192.168.189.144ms
FATAL segfault at address 0x192.168.57.185
DEBUG cache hit for key=192.168.107.168
DEBUG cache hit for key=192.168.178.215
WARN slow query: 192.168.92.139ms
INFO processed 192.168.211.158 items
ERROR auth failure for user 192.168.36.209
DEBUG variable x=192.168.142.104
INFO connection established
FATAL segfault at address 0x192.168.189.144
INFO request from 192.168.219.168
FATAL out of memory
INFO user 192.168.92.139 logged in
FATAL kernel panic
WARN memory threshold reached: 192.168.9.50MB
FATAL segfault at address 0x192.168.121.141
FATAL segfault at address 0x192.168.219.168
INFO user 192.168.215.207 logged in
FATAL kernel panic
FATAL kernel panic
DEBUG entering function foo
ERROR null pointer in module 192.168.193.243
DEBUG heap size: 192.168.193.243
WARN slow query: 192.168.215.207ms
WARN memory threshold reached: 192.168.57.185MB
ERROR auth failure for user 192.168.215.207
WARN slow query: 192.168.219.168ms
INFO request from 192.168.197.186
FATAL unrecoverable disk error
DEBUG variable x=192.168.107.168
DEBUG variable x=192.168.219.168
FATAL out of memory
FATAL unrecoverable disk error
ERROR null pointer in module 192.168.141.220
FATAL out of memory
WARN retry attempt 192.168.219.168 for 8836
ERROR connection timeout 503
FATAL unrecoverable disk error
WARN retry attempt 192.168.141.220 for 30257
DEBUG cache hit for key=192.168.142.104
WARN memory threshold reached: 192.168.219.168MB
FATAL segfault at address 0x192.168.219.168
DEBUG heap size: 192.168.92.139
INFO processed 192.168.215.207 items
DEBUG entering function foo
FATAL kernel panic
DEBUG entering function foo
WARN memory threshold reached: 192.168.189.144MB
WARN slow query: 192.168.211.158ms
DEBUG heap size: 192.168.36.209
INFO connection established
INFO connection established
DEBUG variable x=192.168.219.168
WARN memory threshold reached: 192.168.39.155MB
FATAL unrecoverable disk error
DEBUG entering function foo
INFO request from 192.168.36.209
DEBUG variable x=192.168.121.141
DEBUG entering function foo
FATAL segfault at address 0x192.168.215.207
INFO connection established
DEBUG cache hit for key=192.168.229.48
ERROR null pointer in module 192.168.189.144
WARN disk usage 192.168.82.31%
ERROR file not found: /tmp/192.168.9.50.log
FATAL segfault at address 0x192.168.189.144
FATAL kernel panic
INFO connection established
FATAL kernel panic
FATAL out of memory
DEBUG heap size: 192.168.142.104
WARN disk usage 192.168.178.215%
FATAL unrecoverable disk error
INFO user 192.168.92.139 logged in
ERROR connection timeout 503
DEBUG entering function foo
WARN memory threshold reached: 192.168.121.141MB
WARN retry attempt 192.168.60.30 for 14582
INFO connection established
INFO user 192.168.197.186 logged in
ERROR null pointer in module 192.168.121.141
WARN retry attempt 192.168.36.209 for 38401
WARN memory threshold reached: 192.168.39.155MB
WARN memory threshold reached: 192.168.36.209MB
FATAL out of memory
FATAL kernel panic
INFO connection established
ERROR null pointer in module 192.168.193.243
WARN slow query: 192.168.57.185ms
WARN memory threshold reached: 192.168.219.168MB
DEBUG cache hit for key=192.168.82.31
FATAL segfault at address 0x192.168.39.155
ERROR file not found: /tmp/192.168.197.186.log
INFO processed 192.168.189.144 items
ERROR null pointer in module 192.168.92.139
ERROR connection timeout 503
DEBUG entering function foo
INFO processed 192.168.39.155 items
ERROR null pointer in module 192.168.211.158
DEBUG heap size: 192.168.211.158
INFO user 192.168.141.220 logged in
DEBUG variable x=192.168.141.220
ERROR file not found: /tmp/192.168.57.185.log
FATAL out of memory
ERROR connection timeout 503
DEBUG heap size: 192.168.219.168
INFO user 192.168.219.168 logged in
INFO request from 192.168.178.215
DEBUG heap size: 192.168.197.186
FATAL unrecoverable disk error
FATAL unrecoverable disk error
FATAL kernel panic
DEBUG variable x=192.168.189.144
FATAL out of memory
FATAL segfault at address 0x192.168.121.141
WARN slow query: 192.168.197.186ms
INFO processed 192.168.107.168 items
WARN retry attempt 192.168.82.31 for 76007
ERROR connection timeout 503
FATAL unrecoverable disk error
INFO connection established
DEBUG variable x=192.168.197.186
FATAL segfault at address 0x192.168.197.186
INFO connection established
DEBUG entering function foo
INFO processed 192.168.178.215 items
INFO connection established
INFO request from 192.168.189.144
FATAL out of memory
INFO user 192.168.39.155 logged in
INFO connection established
DEBUG variable x=192.168.82.31
DEBUG variable x=192.168.229.48
FATAL segfault at address 0x192.168.57.185
ERROR connection timeout 503
FATAL kernel panic
DEBUG heap size: 192.168.178.215
DEBUG variable x=192.168.36.209
WARN disk usage 192.168.197.186%
INFO request from 192.168.121.141
WARN slow query: 192.168.211.158ms
ERROR file not found: /tmp/192.168.121.141.log
INFO connection established
WARN slow query: 192.168.82.31ms
FATAL unrecoverable disk error
DEBUG cache hit for key=192.168.197.186
WARN retry attempt 192.168.9.50 for 37242
DEBUG cache hit for key=192.168.141.220
INFO user 192.168.197.186 logged in
FATAL unrecoverable disk error
INFO user 192.168.178.215 logged in
WARN retry attempt 192.168.193.243 for 5004
DEBUG variable x=192.168.39.155
ERROR file not found: /tmp/192.168.193.243.log
FATAL segfault at address 0x192.168.178.6
INFO connection established
FATAL out of memory
INFO request from 192.168.178.215
WARN memory threshold reached: 192.168.121.141MB
DEBUG variable x=192.168.178.215
ERROR null pointer in module 192.168.82.31
INFO user 192.168.141.220 logged in
DEBUG variable x=192.168.39.155
WARN memory threshold reached: 192.168.142.104MB
ERROR auth failure for user 192.168.60.30
ERROR connection timeout 503
ERROR connection timeout 503
FATAL kernel panic
DEBUG entering function foo
INFO request from 192.168.178.215
FATAL segfault at address 0x192.168.197.186
WARN memory threshold reached: 192.168.215.207MB
WARN memory threshold reached: 192.168.215.207MB
INFO request from 192.168.229.48
DEBUG entering function foo
ERROR auth failure for user 192.168.193.243
WARN retry attempt 192.168.60.30 for 4000
ERROR auth failure for user 192.168.57.185
FATAL kernel panic
INFO user 192.168.9.50 logged in
FATAL kernel panic
WARN slow query: 192.168.36.209ms
FATAL out of memory
DEBUG cache hit for key=192.168.229.48
WARN disk usage 192.168.178.215%
FATAL unrecoverable disk error
WARN slow query: 192.168.193.243ms
INFO request from 192.168.141.220
DEBUG cache hit for key=192.168.121.141
DEBUG variable x=192.168.229.48
ERROR null pointer in module 192.168.215.207
WARN retry attempt 192.168.60.30 for 81553
DEBUG heap size: 192.168.92.139
INFO user 192.168.215.207 logged in
WARN retry attempt 192.168.107.168 for 31772
DEBUG entering function foo
WARN slow query: 192.168.107.168ms
FATAL segfault at address 0x192.168.211.158
DEBUG cache hit for key=192.168.9.50
FATAL segfault at address 0x192.168.9.50
ERROR file not found: /tmp/192.168.193.243.log
FATAL segfault at address 0x192.168.229.48
INFO processed 192.168.60.30 items
FATAL segfault at address 0x192.168.178.215
ERROR file not found: /tmp/192.168.211.158.log
DEBUG entering function foo
WARN memory threshold reached: 192.168.178.6MB
DEBUG variable x=192.168.82.31
ERROR connection timeout 503
DEBUG variable x=192.168.219.168
WARN slow query: 192.168.142.104ms
INFO processed 192.168.219.168 items
FATAL segfault at address 0x192.168.82.31
ERROR file not found: /tmp/192.168.60.30.log
FATAL unrecoverable disk error
WARN slow query: 192.168.92.139ms
WARN memory threshold reached: 192.168.60.30MB
ERROR connection timeout 503
DEBUG variable x=192.168.142.104
WARN memory threshold reached: 192.168.197.186MB
DEBUG variable x=192.168.197.186
INFO request from 192.168.60.30
WARN memory threshold reached: 192.168.57.185MB
DEBUG variable x=192.168.121.141
ERROR connection timeout 503
WARN slow query: 192.168.141.220ms
DEBUG variable x=192.168.36.209
WARN retry attempt 192.168.107.168 for 90679
FATAL segfault at address 0x192.168.121.141
INFO processed 192.168.193.243 items
ERROR auth failure for user 192.168.197.186
INFO connection established
ERROR connection timeout 503
WARN slow query: 192.168.57.185ms
WARN retry attempt 192.168.141.220 for 48699
INFO processed 192.168.189.144 items
ERROR file not found: /tmp/192.168.189.144.log
DEBUG cache hit for key=192.168.121.141
ERROR null pointer in module 192.168.39.155
INFO connection established
FATAL unrecoverable disk error
FATAL out of memory
INFO connection established
WARN memory threshold reached: 192.168.107.168MB
DEBUG variable x=192.168.39.155
WARN slow query: 192.168.189.144ms
DEBUG cache hit for key=192.168.60.30
WARN retry attempt 192.168.60.30 for 76093
INFO user 192.168.193.243 logged in
INFO user 192.168.193.243 logged in
INFO processed 192.168.107.168 items
INFO connection established
FATAL segfault at address 0x192.168.60.30
WARN memory threshold reached: 192.168.215.207MB
WARN retry attempt 192.168.82.31 for 74116
ERROR auth failure for user 192.168.39.155
FATAL segfault at address 0x192.168.92.139
INFO connection established
WARN retry attempt 192.168.82.31 for 19534
ERROR connection timeout 503
WARN slow query: 192.168.211.158ms
ERROR connection timeout 503
WARN memory threshold reached: 192.168.219.168MB
INFO request from 192.168.229.48
ERROR file not found: /tmp/192.168.9.50.log
ERROR file not found: /tmp/192.168.107.168.log
DEBUG variable x=192.168.92.139
FATAL kernel panic
WARN retry attempt 192.168.36.209 for 10273
INFO connection established
INFO request from 192.168.219.168
INFO processed 192.168.219.168 items
WARN slow query: 192.168.178.215ms
WARN memory threshold reached: 192.168.141.220MB
INFO processed 192.168.9.50 items
FATAL kernel panic
ERROR connection timeout 503
FATAL kernel panic
WARN retry attempt 192.168.141.220 for 71827
ERROR file not found: /tmp/192.168.57.185.log
WARN disk usage 192.168.219.168%
DEBUG variable x=192.168.211.158
WARN memory threshold reached: 192.168.142.104MB
WARN disk usage 192.168.142.104%
FATAL unrecoverable disk error
ERROR null pointer in module 192.168.82.31
INFO processed 192.168.178.215 items
FATAL kernel panic
DEBUG cache hit for key=192.168.36.209
DEBUG variable x=192.168.82.31
ERROR null pointer in module 192.168.215.207
INFO user 192.168.9.50 logged in
FATAL out of memory
INFO request from 192.168.229.48
DEBUG variable x=192.168.142.104
FATAL unrecoverable disk error
DEBUG cache hit for key=192.168.215.207
WARN memory threshold reached: 192.168.36.209MB
INFO processed 192.168.9.50 items
INFO user 192.168.9.50 logged in
ERROR null pointer in module 192.168.211.158
INFO connection established
WARN slow query: 192.168.9.50ms
WARN memory threshold reached: 192.168.92.139MB
FATAL unrecoverable disk error
DEBUG heap size: 192.168.219.168
INFO processed 192.168.57.185 items
ERROR null pointer in module 192.168.193.243
ERROR connection timeout 503
FATAL segfault at address 0x192.168.178.215
FATAL segfault at address 0x192.168.197.186
DEBUG cache hit for key=192.168.189.144
WARN disk usage 192.168.229.48%
FATAL segfault at address 0x192.168.197.186
FATAL kernel panic
DEBUG variable x=192.168.178.6
DEBUG heap size: 192.168.121.141
ERROR null pointer in module 192.168.215.207
DEBUG entering function foo
FATAL kernel panic
WARN memory threshold reached: 192.168.193.243MB
WARN retry attempt 192.168.189.144 for 39724
WARN memory threshold reached: 192.168.142.104MB
ERROR auth failure for user 192.168.36.209
DEBUG cache hit for key=192.168.82.31
DEBUG variable x=192.168.193.243
DEBUG entering function foo
DEBUG cache hit for key=192.168.9.50
WARN memory threshold reached: 192.168.9.50MB
WARN memory threshold reached: 192.168.141.220MB
DEBUG heap size: 192.168.215.207
ERROR auth failure for user 192.168.197.186
WARN memory threshold reached: 192.168.57.185MB
INFO request from 192.168.142.104
WARN retry attempt 192.168.9.50 for 53400
INFO request from 192.168.107.168
FATAL unrecoverable disk error
DEBUG cache hit for key=192.168.215.207
INFO processed 192.168.9.50 items
DEBUG entering function foo
INFO request from 192.168.92.139
FATAL out of memory
ERROR file not found: /tmp/192.168.92.139.log
DEBUG heap size: 192.168.178.6
INFO connection established
INFO connection established
WARN disk usage 192.168.215.207%
WARN retry attempt 192.168.9.50 for 54507
INFO connection established
DEBUG cache hit for key=192.168.178.215
FATAL unrecoverable disk error
DEBUG heap size: 192.168.189.144
ERROR file not found: /tmp/192.168.107.168.log
ERROR null pointer in module 192.168.219.168
WARN slow query: 192.168.178.6ms
DEBUG entering function foo
DEBUG cache hit for key=192.168.211.158
ERROR connection timeout 503
FATAL unrecoverable disk error
FATAL unrecoverable disk error
FATAL kernel panic
FATAL kernel panic
WARN retry attempt 192.168.92.139 for 88053
DEBUG entering function foo
WARN memory threshold reached: 192.168.60.30MB
INFO processed 192.168.60.30 items
INFO connection established
ERROR file not found: /tmp/192.168.178.6.log
DEBUG cache hit for key=192.168.60.30
FATAL out of memory
INFO request from 192.168.219.168
DEBUG variable x=192.168.229.48
WARN slow query: 192.168.57.185ms
DEBUG variable x=192.168.92.139
WARN disk usage 192.168.178.215%
DEBUG entering function foo
INFO processed 192.168.82.31 items
WARN memory threshold reached: 192.168.197.186MB
INFO processed 192.168.121.141 items
INFO processed 192.168.121.141 items
DEBUG heap size: 192.168.82.31
WARN disk usage 192.168.141.220%
FATAL out of memory
ERROR auth failure for user 192.168.193.243
WARN memory threshold reached: 192.168.92.139MB
FATAL out of memory
ERROR auth failure for user 192.168.107.168
DEBUG variable x=192.168.178.6
FATAL unrecoverable disk error
ERROR connection timeout 503
WARN disk usage 192.168.219.168%
INFO request from 192.168.9.50
ERROR connection timeout 503
DEBUG cache hit for key=192.168.178.6
FATAL kernel panic
WARN retry attempt 192.168.60.30 for 27213
FATAL out of memory
WARN disk usage 192.168.219.168%
DEBUG heap size: 192.168.107.168
WARN slow query: 192.168.36.209ms
FATAL kernel panic
ERROR file not found: /tmp/192.168.9.50.log
INFO request from 192.168.121.141
WARN memory threshold reached: 192.168.121.141MB
DEBUG heap size: 192.168.219.168
FATAL out of memory
FATAL kernel panic
INFO user 192.168.60.30 logged in
DEBUG heap size: 192.168.107.168
INFO request from 192.168.193.243
INFO request from 192.168.9.50
INFO processed 192.168.121.141 items
DEBUG entering function foo
FATAL kernel panic
ERROR connection timeout 503
DEBUG entering function foo
FATAL kernel panic
WARN disk usage 192.168.229.48%
INFO connection established
ERROR file not found: /tmp/192.168.215.207.log
WARN retry attempt 192.168.9.50 for 96763
DEBUG heap size: 192.168.178.6
FATAL kernel panic
ERROR file not found: /tmp/192.168.197.186.log
ERROR null pointer in module 192.168.189.144
ERROR auth failure for user 192.168.82.31
ERROR connection timeout 503
DEBUG cache hit for key=192.168.178.6
FATAL out of memory
FATAL out of memory
FATAL segfault at address 0x192.168.215.207
FATAL unrecoverable disk error
DEBUG entering function foo
FATAL unrecoverable disk error
WARN memory threshold reached: 192.168.215.207MB
FATAL unrecoverable disk error
FATAL kernel panic
DEBUG variable x=192.168.189.144
WARN disk usage 192.168.142.104%
DEBUG heap size: 192.168.178.215
ERROR null pointer in module 192.168.142.104
ERROR file not found: /tmp/192.168.178.6.log
DEBUG heap size: 192.168.9.50
DEBUG cache hit for key=192.168.36.209
ERROR null pointer in module 192.168.82.31
INFO connection established
ERROR connection timeout 503
INFO request from 192.168.36.209
DEBUG entering function foo
WARN disk usage 192.168.142.104%
DEBUG entering function foo
FATAL unrecoverable disk error
WARN slow query: 192.168.39.155ms
ERROR connection timeout 503
ERROR connection timeout 503
WARN memory threshold reached: 192.168.9.50MB
INFO processed 192.168.197.186 items
ERROR connection timeout 503
FATAL segfault at address 0x192.168.57.185
WARN disk usage 192.168.197.186%
WARN slow query: 192.168.141.220ms
ERROR auth failure for user 192.168.178.6
ERROR null pointer in module 192.168.57.185
INFO user 192.168.211.158 logged in
ERROR connection timeout 503
DEBUG variable x=192.168.121.141
FATAL out of memory
WARN slow query: 192.168.107.168ms
DEBUG entering function foo
ERROR null pointer in module 192.168.178.215
FATAL segfault at address 0x192.168.36.209
FATAL unrecoverable disk error
DEBUG cache hit for key=192.168.193.243
INFO connection established
INFO connection established
FATAL unrecoverable disk error
DEBUG heap size: 192.168.189.144
WARN retry attempt 192.168.178.215 for 69434
ERROR auth failure for user 192.168.215.207
WARN memory threshold reached: 192.168.178.6MB
WARN memory threshold reached: 192.168.219.168MB
INFO request from 192.168.141.220
ERROR connection timeout 503
INFO request from 192.168.197.186
WARN disk usage 192.168.215.207%
FATAL kernel panic
WARN slow query: 192.168.9.50ms
FATAL segfault at address 0x192.168.178.6
WARN slow query: 192.168.215.207ms
FATAL out of memory
INFO user 192.168.178.6 logged in
DEBUG heap size: 192.168.229.48
FATAL segfault at address 0x192.168.141.220
WARN slow query: 192.168.121.141ms
FATAL out of memory
FATAL out of memory
DEBUG variable x=192.168.57.185
INFO processed 192.168.39.155 items
FATAL segfault at address 0x192.168.215.207
ERROR null pointer in module 192.168.197.186
INFO connection established
ERROR auth failure for user 192.168.229.48
WARN memory threshold reached: 192.168.57.185MB
FATAL unrecoverable disk error
ERROR null pointer in module 192.168.189.144
DEBUG cache hit for key=192.168.189.144
WARN retry attempt 192.168.141.220 for 32173
ERROR file not found: /tmp/192.168.60.30.log
WARN disk usage 192.168.211.158%
INFO user 192.168.197.186 logged in
DEBUG variable x=192.168.142.104
ERROR file not found: /tmp/192.168.60.30.log
DEBUG entering function foo
FATAL segfault at address 0x192.168.197.186
WARN disk usage 192.168.219.168%
FATAL segfault at address 0x192.168.141.220
DEBUG cache hit for key=192.168.141.220
DEBUG entering function foo
FATAL unrecoverable disk error
WARN disk usage 192.168.229.48%
DEBUG cache hit for key=192.168.178.215
DEBUG heap size: 192.168.189.144
ERROR null pointer in module 192.168.142.104
FATAL out of memory
DEBUG entering function foo
INFO connection established
FATAL unrecoverable disk error
WARN memory threshold reached: 192.168.92.139MB
WARN retry attempt 192.168.219.168 for 10841
INFO connection established
ERROR null pointer in module 192.168.9.50
INFO processed 192.168.36.209 items
WARN retry attempt 192.168.39.155 for 63432
INFO request from 192.168.60.30
ERROR null pointer in module 192.168.121.141
INFO user 192.168.9.50 logged in
DEBUG heap size: 192.168.178.215
WARN slow query: 192.168.211.158ms
ERROR auth failure for user 192.168.82.31
WARN disk usage 192.168.211.158%
INFO connection established
DEBUG variable x=192.168.219.168
INFO processed 192.168.36.209 items
DEBUG variable x=192.168.193.243
WARN memory threshold reached: 192.168.9.50MB
ERROR null pointer in module 192.168.141.220
INFO user 192.168.121.141 logged in
INFO processed 192.168.107.168 items
FATAL unrecoverable disk error
INFO user 192.168.9.50 logged in
ERROR auth failure for user 192.168.178.6
WARN disk usage 192.168.142.104%
FATAL unrecoverable disk error
FATAL out of memory
FATAL segfault at address 0x192.168.92.139
INFO request from 192.168.121.141
INFO user 192.168.142.104 logged in
DEBUG entering function foo
WARN disk usage 192.168.141.220%
FATAL out of memory
DEBUG entering function foo
WARN slow query: 192.168.193.243ms
ERROR file not found: /tmp/192.168.197.186.log
INFO request from 192.168.82.31
ERROR file not found: /tmp/192.168.189.144.log
DEBUG entering function foo
FATAL unrecoverable disk error
INFO connection established
DEBUG cache hit for key=192.168.9.50
DEBUG heap size: 192.168.229.48
DEBUG cache hit for key=192.168.39.155
ERROR connection timeout 503
WARN retry attempt 192.168.9.50 for 73178
WARN disk usage 192.168.178.6%
INFO request from 192.168.60.30
ERROR connection timeout 503
WARN disk usage 192.168.211.158%
INFO user 192.168.229.48 logged in
DEBUG cache hit for key=192.168.141.220
DEBUG cache hit for key=192.168.57.185
INFO user 192.168.211.158 logged in
DEBUG variable x=192.168.57.185
FATAL unrecoverable disk error
INFO connection established
ERROR file not found: /tmp/192.168.215.207.log
ERROR null pointer in module 192.168.141.220
FATAL kernel panic
WARN retry attempt 192.168.178.215 for 9646
ERROR null pointer in module 192.168.121.141
INFO processed 192.168.178.215 items
INFO request from 192.168.92.139
FATAL segfault at address 0x192.168.9.50
WARN slow query: 192.168.211.158ms
WARN slow query: 192.168.121.141ms
ERROR auth failure for user 192.168.229.48
FATAL segfault at address 0x192.168.142.104
FATAL out of memory
DEBUG variable x=192.168.211.158
WARN retry attempt 192.168.193.243 for 52374
INFO user 192.168.178.6 logged in
WARN memory threshold reached: 192.168.211.158MB
WARN retry attempt 192.168.142.104 for 84343
INFO connection established
WARN disk usage 192.168.92.139%
WARN disk usage 192.168.178.215%
INFO user 192.168.60.30 logged in
DEBUG entering function foo
FATAL out of memory
INFO processed 192.168.36.209 items
INFO connection established
ERROR file not found: /tmp/192.168.178.215.log
WARN disk usage 192.168.211.158%
FATAL out of memory
INFO user 192.168.39.155 logged in
FATAL kernel panic
DEBUG heap size: 192.168.189.144
FATAL kernel panic
DEBUG heap size: 192.168.141.220
WARN memory threshold reached: 192.168.215.207MB
FATAL out of memory
DEBUG cache hit for key=192.168.197.186
DEBUG cache hit for key=192.168.142.104
ERROR connection timeout 503
FATAL out of memory
FATAL unrecoverable disk error
FATAL segfault at address 0x192.168.219.168
DEBUG entering function foo
ERROR connection timeout 503
FATAL kernel panic
ERROR auth failure for user 192.168.9.50
WARN slow query: 192.168.142.104ms
WARN disk usage 192.168.39.155%
INFO user 192.168.211.158 logged in
WARN memory threshold reached: 192.168.121.141MB
INFO connection established
DEBUG entering function foo
WARN disk usage 192.168.193.243%
INFO user 192.168.107.168 logged in
DEBUG variable x=192.168.219.168
ERROR auth failure for user 192.168.36.209
FATAL segfault at address 0x192.168.36.209
FATAL segfault at address 0x192.168.178.215
FATAL kernel panic
DEBUG variable x=192.168.219.168
FATAL unrecoverable disk error
INFO connection established
DEBUG variable x=192.168.107.168
ERROR null pointer in module 192.168.9.50
ERROR file not found: /tmp/192.168.215.207.log
DEBUG entering function foo
ERROR connection timeout 503
DEBUG heap size: 192.168.178.215
DEBUG cache hit for key=192.168.229.48
DEBUG cache hit for key=192.168.189.144
WARN memory threshold reached: 192.168.107.168MB
WARN slow query: 192.168.142.104ms
INFO request from 192.168.60.30
INFO request from 192.168.9.50
ERROR auth failure for user 192.168.82.31
INFO user 192.168.142.104 logged in
ERROR connection timeout 503
WARN memory threshold reached: 192.168.189.144MB
DEBUG variable x=192.168.39.155
WARN disk usage 192.168.219.168%
ERROR connection timeout 503
FATAL out of memory
ERROR auth failure for user 192.168.178.215
INFO user 192.168.107.168 logged in
WARN memory threshold reached: 192.168.39.155MB
FATAL unrecoverable disk error
INFO user 192.168.39.155 logged in
INFO connection established
WARN retry attempt 192.168.92.139 for 65705
DEBUG heap size: 192.168.60.30
INFO processed 192.168.121.141 items
ERROR null pointer in module 192.168.60.30
DEBUG cache hit for key=192.168.219.168
WARN slow query: 192.168.229.48ms
ERROR auth failure for user 192.168.107.168
DEBUG variable x=192.168.189.144
DEBUG entering function foo
DEBUG variable x=192.168.39.155
INFO connection established
INFO processed 192.168.36.209 items
ERROR auth failure for user 192.168.39.155
FATAL kernel panic
DEBUG variable x=192.168.211.158
ERROR file not found: /tmp/192.168.211.158.log
FATAL kernel panic
DEBUG heap size: 192.168.193.243
DEBUG cache hit for key=192.168.178.215
DEBUG entering function foo
WARN disk usage 192.168.142.104%
ERROR file not found: /tmp/192.168.92.139.log
ERROR null pointer in module 192.168.142.104
INFO processed 192.168.142.104 items
WARN slow query: 192.168.92.139ms
INFO processed 192.168.219.168 items
INFO connection established
ERROR file not found: /tmp/192.168.39.155.log
DEBUG entering function foo
WARN disk usage 192.168.189.144%
DEBUG variable x=192.168.36.209
INFO connection established
WARN memory threshold reached: 192.168.219.168MB
FATAL segfault at address 0x192.168.107.168
DEBUG cache hit for key=192.168.229.48
DEBUG cache hit for key=192.168.107.168
WARN disk usage 192.168.92.139%
FATAL kernel panic
FATAL out of memory
WARN memory threshold reached: 192.168.107.168MB
DEBUG variable x=192.168.193.243
DEBUG cache hit for key=192.168.142.104
FATAL unrecoverable disk error
ERROR auth failure for user 192.168.142.104
WARN slow query: 192.168.9.50ms
FATAL kernel panic
WARN disk usage 192.168.211.158%
WARN slow query: 192.168.57.185ms
INFO processed 192.168.9.50 items
FATAL segfault at address 0x192.168.178.215
INFO user 192.168.197.186 logged in
ERROR null pointer in module 192.168.57.185
FATAL segfault at address 0x192.168.197.186
ERROR connection timeout 503
INFO request from 192.168.189.144
ERROR null pointer in module 192.168.211.158
WARN slow query: 192.168.178.6ms
INFO processed 192.168.193.243 items
FATAL segfault at address 0x192.168.178.215
DEBUG variable x=192.168.211.158
WARN slow query: 192.168.211.158ms
INFO connection established
ERROR connection timeout 503
DEBUG cache hit for key=192.168.211.158
INFO processed 192.168.121.141 items
ERROR connection timeout 503
FATAL unrecoverable disk error
DEBUG variable x=192.168.82.31
DEBUG cache hit for key=192.168.57.185
FATAL kernel panic
FATAL segfault at address 0x192.168.178.6
DEBUG cache hit for key=192.168.36.209
DEBUG cache hit for key=192.168.197.186
WARN disk usage 192.168.215.207%
DEBUG heap size: 192.168.197.186
DEBUG cache hit for key=192.168.9.50
WARN memory threshold reached: 192.168.121.141MB
INFO request from 192.168.36.209
DEBUG entering function foo
INFO processed 192.168.219.168 items
WARN memory threshold reached: 192.168.107.168MB
INFO request from 192.168.60.30
WARN retry attempt 192.168.36.209 for 58374
WARN retry attempt 192.168.178.6 for 2813
WARN slow query: 192.168.142.104ms
DEBUG variable x=192.168.92.139
FATAL segfault at address 0x192.168.36.209
DEBUG variable x=192.168.36.209
WARN slow query: 192.168.82.31ms
INFO request from 192.168.211.158
ERROR connection timeout 503
INFO connection established
FATAL segfault at address 0x192.168.107.168
DEBUG heap size: 192.168.142.104
WARN memory threshold reached: 192.168.211.158MB
FATAL out of memory
DEBUG variable x=192.168.60.30
FATAL kernel panic
INFO request from 192.168.193.243
FATAL kernel panic
WARN retry attempt 192.168.189.144 for 56134
ERROR file not found: /tmp/192.168.229.48.log
INFO processed 192.168.92.139 items
WARN memory threshold reached: 192.168.219.168MB
FATAL unrecoverable disk error
INFO connection established
WARN disk usage 192.168.178.215%
FATAL segfault at address 0x192.168.9.50
ERROR null pointer in module 192.168.82.31
DEBUG heap size: 192.168.215.207
INFO processed 192.168.219.168 items
ERROR null pointer in module 192.168.39.155
DEBUG entering function foo
DEBUG cache hit for key=192.168.121.141
DEBUG heap size: 192.168.82.31
INFO processed 192.168.39.155 items
ERROR connection timeout 503
FATAL kernel panic
INFO connection established
ERROR file not found: /tmp/192.168.229.48.log
INFO connection established
DEBUG heap size: 192.168.9.50
DEBUG heap size: 192.168.189.144
WARN disk usage 192.168.9.50%
ERROR file not found: /tmp/192.168.57.185.log
WARN retry attempt 192.168.36.209 for 45820
WARN retry attempt 192.168.57.185 for 49723
FATAL out of memory
WARN memory threshold reached: 192.168.142.104MB
WARN disk usage 192.168.36.209%
INFO connection established
FATAL unrecoverable disk error
INFO request from 192.168.211.158
INFO connection established
DEBUG cache hit for key=192.168.36.209
FATAL out of memory
ERROR auth failure for user 192.168.193.243
WARN retry attempt 192.168.92.139 for 8323
ERROR auth failure for user 192.168.107.168
DEBUG cache hit for key=192.168.92.139
DEBUG cache hit for key=192.168.82.31
INFO request from 192.168.107.168
FATAL out of memory
FATAL segfault at address 0x192.168.107.168
ERROR file not found: /tmp/192.168.57.185.log
DEBUG entering function foo
INFO user 192.168.215.207 logged in
INFO connection established
ERROR file not found: /tmp/192.168.92.139.log
DEBUG entering function foo
ERROR null pointer in module 192.168.189.144
DEBUG heap size: 192.168.219.168
ERROR file not found: /tmp/192.168.193.243.log
DEBUG cache hit for key=192.168.121.141
INFO request from 192.168.141.220
WARN memory threshold reached: 192.168.189.144MB
DEBUG entering function foo
WARN slow query: 192.168.9.50ms
INFO request from 192.168.219.168
WARN disk usage 192.168.82.31%
INFO processed 192.168.193.243 items
ERROR auth failure for user 192.168.141.220
WARN memory threshold reached: 192.168.178.6MB
WARN disk usage 192.168.219.168%
DEBUG cache hit for key=192.168.211.158
ERROR connection timeout 503
ERROR connection timeout 503
DEBUG entering function foo
INFO user 192.168.178.215 logged in
INFO processed 192.168.193.243 items
DEBUG entering function foo
ERROR null pointer in module 192.168.215.207
DEBUG variable x=192.168.142.104
ERROR file not found: /tmp/192.168.219.168.log
ERROR file not found: /tmp/192.168.9.50.log
DEBUG heap size: 192.168.60.30
INFO request from 192.168.211.158
ERROR file not found: /tmp/192.168.107.168.log
INFO user 192.168.178.6 logged in
DEBUG variable x=192.168.107.168
FATAL out of memory
ERROR connection timeout 503
ERROR null pointer in module 192.168.107.168
ERROR connection timeout 503
INFO connection established
FATAL unrecoverable disk error
INFO processed 192.168.9.50 items
ERROR file not found: /tmp/192.168.141.220.log
WARN disk usage 192.168.178.215%
ERROR null pointer in module 192.168.197.186
FATAL out of memory
WARN memory threshold reached: 192.168.193.243MB
ERROR null pointer in module 192.168.39.155
INFO processed 192.168.121.141 items
WARN slow query: 192.168.107.168ms
DEBUG cache hit for key=192.168.193.243
DEBUG entering function foo
DEBUG entering function foo
WARN slow query: 192.168.189.144ms
WARN slow query: 192.168.219.168ms
WARN memory threshold reached: 192.168.57.185MB
DEBUG entering function foo
FATAL out of memory
FATAL out of memory
ERROR auth failure for user 192.168.215.207
WARN memory threshold reached: 192.168.142.104MB
INFO processed 192.168.9.50 items
WARN memory threshold reached: 192.168.60.30MB
ERROR file not found: /tmp/192.168.189.144.log
FATAL kernel panic
INFO request from 192.168.107.168
DEBUG heap size: 192.168.92.139
ERROR auth failure for user 192.168.82.31
WARN disk usage 192.168.36.209%
DEBUG heap size: 192.168.141.220
INFO user 192.168.39.155 logged in
INFO user 192.168.82.31 logged in
ERROR auth failure for user 192.168.57.185
FATAL kernel panic
ERROR null pointer in module 192.168.39.155
DEBUG heap size: 192.168.229.48
FATAL out of memory
FATAL unrecoverable disk error
ERROR file not found: /tmp/192.168.39.155.log
FATAL out of memory
WARN memory threshold reached: 192.168.60.30MB
INFO request from 192.168.215.207
WARN slow query: 192.168.219.168ms
DEBUG cache hit for key=192.168.193.243
ERROR connection timeout 503
DEBUG cache hit for key=192.168.229.48
DEBUG heap size: 192.168.197.186
DEBUG entering function foo
ERROR file not found: /tmp/192.168.57.185.log
DEBUG variable x=192.168.121.141
DEBUG cache hit for key=192.168.36.209
WARN memory threshold reached: 192.168.211.158MB
INFO user 192.168.60.30 logged in
WARN disk usage 192.168.92.139%
INFO user 192.168.215.207 logged in
INFO processed 192.168.193.243 items
DEBUG variable x=192.168.193.243
WARN memory threshold reached: 192.168.219.168MB
ERROR connection timeout 503
FATAL unrecoverable disk error
FATAL segfault at address 0x192.168.107.168
WARN retry attempt 192.168.60.30 for 9055
DEBUG entering function foo
DEBUG heap size: 192.168.189.144
ERROR file not found: /tmp/192.168.178.215.log
DEBUG entering function foo
FATAL segfault at address 0x192.168.121.141
INFO processed 192.168.211.158 items
DEBUG heap size: 192.168.197.186
WARN retry attempt 192.168.92.139 for 87214
WARN slow query: 192.168.229.48ms
WARN disk usage 192.168.197.186%
DEBUG heap size: 192.168.193.243
ERROR connection timeout 503
INFO user 192.168.82.31 logged in
ERROR auth failure for user 192.168.229.48
DEBUG variable x=192.168.9.50
INFO connection established
INFO connection established
INFO request from 192.168.229.48
FATAL segfault at address 0x192.168.39.155
FATAL unrecoverable disk error
INFO processed 192.168.57.185 items
INFO user 192.168.197.186 logged in
WARN retry attempt 192.168.60.30 for 29394
INFO processed 192.168.178.6 items
FATAL out of memory
DEBUG entering function foo
ERROR auth failure for user 192.168.82.31
FATAL kernel panic
FATAL out of memory
WARN retry attempt 192.168.219.168 for 670
WARN retry attempt 192.168.229.48 for 76195
DEBUG cache hit for key=192.168.82.31
FATAL unrecoverable disk error
FATAL segfault at address 0x192.168.197.186
INFO user 192.168.60.30 logged in
ERROR null pointer in module 192.168.219.168
WARN disk usage 192.168.211.158%
FATAL out of memory
INFO connection established
ERROR file not found: /tmp/192.168.121.141.log
INFO request from 192.168.197.186
ERROR connection timeout 503
ERROR file not found: /tmp/192.168.107.168.log
INFO user 192.168.211.158 logged in
FATAL out of memory
INFO request from 192.168.36.209
FATAL unrecoverable disk error
DEBUG cache hit for key=192.168.197.186
INFO request from 192.168.82.31
DEBUG entering function foo
INFO processed 192.168.9.50 items
ERROR file not found: /tmp/192.168.189.144.log
INFO request from 192.168.36.209
ERROR file not found: /tmp/192.168.141.220.log
FATAL out of memory
FATAL segfault at address 0x192.168.92.139
INFO user 192.168.229.48 logged in
DEBUG heap size: 192.168.107.168
DEBUG heap size: 192.168.193.243
WARN slow query: 192.168.39.155ms
INFO user 192.168.211.158 logged in
WARN memory threshold reached: 192.168.215.207MB
ERROR file not found: /tmp/192.168.60.30.log
FATAL out of memory
INFO user 192.168.92.139 logged in
FATAL kernel panic
INFO request from 192.168.215.207
FATAL unrecoverable disk error
INFO user 192.168.178.215 logged in
WARN slow query: 192.168.229.48ms
DEBUG variable x=192.168.107.168
FATAL unrecoverable disk error
DEBUG entering function foo
INFO user 192.168.60.30 logged in
INFO processed 192.168.92.139 items
ERROR file not found: /tmp/192.168.39.155.log
INFO processed 192.168.219.168 items
WARN slow query: 192.168.178.6ms
INFO user 192.168.193.243 logged in
INFO user 192.168.39.155 logged in
WARN retry attempt 192.168.189.144 for 46163
DEBUG cache hit for key=192.168.189.144
FATAL kernel panic
WARN memory threshold reached: 192.168.193.243MB
ERROR connection timeout 503
ERROR connection timeout 503
ERROR file not found: /tmp/192.168.60.30.log
INFO processed 192.168.9.50 items
ERROR null pointer in module 192.168.121.141
DEBUG entering function foo
DEBUG heap size: 192.168.189.144
ERROR connection timeout 503
ERROR null pointer in module 192.168.142.104
WARN memory threshold reached: 192.168.57.185MB
DEBUG variable x=192.168.197.186
ERROR connection timeout 503
FATAL unrecoverable disk error
WARN disk usage 192.168.36.209%
DEBUG entering function foo
FATAL unrecoverable disk error
DEBUG variable x=192.168.229.48
DEBUG variable x=192.168.121.141
WARN retry attempt 192.168.39.155 for 34269
WARN slow query: 192.168.211.158ms
DEBUG heap size: 192.168.9.50
DEBUG entering function foo
ERROR file not found: /tmp/192.168.219.168.log
ERROR auth failure for user 192.168.215.207
INFO request from 192.168.121.141
FATAL out of memory
WARN slow query: 192.168.141.220ms
DEBUG entering function foo
WARN retry attempt 192.168.178.6 for 63755
DEBUG entering function foo
INFO request from 192.168.197.186
FATAL unrecoverable disk error
ERROR file not found: /tmp/192.168.219.168.log
ERROR auth failure for user 192.168.229.48
ERROR file not found: /tmp/192.168.121.141.log
INFO connection established
FATAL unrecoverable disk error
DEBUG variable x=192.168.193.243
FATAL segfault at address 0x192.168.60.30
WARN retry attempt 192.168.193.243 for 80806
DEBUG entering function foo
ERROR connection timeout 503
DEBUG cache hit for key=192.168.36.209
INFO user 192.168.142.104 logged in
WARN retry attempt 192.168.36.209 for 80486
ERROR connection timeout 503
WARN retry attempt 192.168.92.139 for 22052
DEBUG heap size: 192.168.219.168
INFO processed 192.168.141.220 items
WARN slow query: 192.168.189.144ms
FATAL segfault at address 0x192.168.189.144
DEBUG heap size: 192.168.92.139
FATAL out of memory
WARN retry attempt 192.168.107.168 for 20108
DEBUG cache hit for key=192.168.36.209
WARN disk usage 192.168.189.144%
WARN retry attempt 192.168.229.48 for 23524
ERROR auth failure for user 192.168.178.215
INFO request from 192.168.215.207
ERROR null pointer in module 192.168.219.168
DEBUG heap size: 192.168.197.186
ERROR connection timeout 503
WARN slow query: 192.168.39.155ms
WARN retry attempt 192.168.121.141 for 13457
ERROR file not found: /tmp/192.168.178.215.log
DEBUG variable x=192.168.178.6
FATAL out of memory
DEBUG variable x=192.168.82.31
FATAL out of memory
INFO connection established
DEBUG entering function foo
FATAL kernel panic
WARN disk usage 192.168.92.139%
ERROR null pointer in module 192.168.211.158
INFO connection established
DEBUG heap size: 192.168.92.139
WARN retry attempt 192.168.121.141 for 55663
ERROR null pointer in module 192.168.178.6
INFO user 192.168.189.144 logged in
ERROR auth failure for user 192.168.178.6
WARN disk usage 192.168.9.50%
INFO connection established
FATAL out of memory
DEBUG entering function foo
DEBUG cache hit for key=192.168.39.155
INFO processed 192.168.197.186 items
DEBUG variable x=192.168.229.48
FATAL out of memory
WARN memory threshold reached: 192.168.141.220MB
ERROR null pointer in module 192.168.36.209
FATAL unrecoverable disk error
ERROR null pointer in module 192.168.107.168
INFO user 192.168.211.158 logged in
DEBUG cache hit for key=192.168.178.6
FATAL kernel panic
INFO request from 192.168.142.104
DEBUG cache hit for key=192.168.57.185
FATAL kernel panic
WARN retry attempt 192.168.193.243 for 72898
DEBUG heap size: 192.168.178.6
INFO user 192.168.107.168 logged in
WARN disk usage 192.168.193.243%
FATAL out of memory
WARN retry attempt 192.168.219.168 for 85631
FATAL segfault at address 0x192.168.219.168
DEBUG variable x=192.168.219.168
FATAL out of memory
WARN disk usage 192.168.219.168%
DEBUG variable x=192.168.197.186
ERROR file not found: /tmp/192.168.178.6.log
ERROR connection timeout 503
WARN memory threshold reached: 192.168.107.168MB
ERROR file not found: /tmp/192.168.189.144.log
WARN slow query: 192.168.142.104ms
INFO processed 192.168.193.243 items
DEBUG heap size: 192.168.197.186
DEBUG heap size: 192.168.39.155
INFO user 192.168.178.6 logged in
ERROR null pointer in module 192.168.39.155
INFO request from 192.168.142.104
WARN disk usage 192.168.229.48%
ERROR connection timeout 503
DEBUG heap size: 192.168.215.207
FATAL unrecoverable disk error
ERROR null pointer in module 192.168.178.6
WARN slow query: 192.168.193.243ms
FATAL unrecoverable disk error
INFO connection established
WARN slow query: 192.168.178.6ms
WARN retry attempt 192.168.215.207 for 47883
ERROR auth failure for user 192.168.92.139
WARN memory threshold reached: 192.168.92.139MB
ERROR file not found: /tmp/192.168.229.48.log
WARN retry attempt 192.168.211.158 for 67795
INFO processed 192.168.193.243 items
ERROR null pointer in module 192.168.193.243
DEBUG cache hit for key=192.168.121.141
ERROR file not found: /tmp/192.168.178.215.log
DEBUG entering function foo
FATAL segfault at address 0x192.168.189.144
WARN disk usage 192.168.211.158%
FATAL kernel panic
FATAL out of memory
ERROR null pointer in module 192.168.9.50
FATAL segfault at address 0x192.168.193.243
INFO user 192.168.178.215 logged in
WARN disk usage 192.168.9.50%
WARN disk usage 192.168.178.215%
WARN memory threshold reached: 192.168.107.168MB
DEBUG heap size: 192.168.229.48
WARN disk usage 192.168.178.215%
DEBUG variable x=192.168.178.215
WARN slow query: 192.168.178.215ms
WARN memory threshold reached: 192.168.141.220MB
FATAL segfault at address 0x192.168.92.139
FATAL unrecoverable disk error
DEBUG variable x=192.168.219.168
WARN disk usage 192.168.57.185%
FATAL unrecoverable disk error
FATAL segfault at address 0x192.168.36.209
DEBUG cache hit for key=192.168.141.220
ERROR file not found: /tmp/192.168.57.185.log
ERROR file not found: /tmp/192.168.229.48.log
ERROR file not found: /tmp/192.168.82.31.log
FATAL kernel panic
WARN memory threshold reached: 192.168.57.185MB
ERROR auth failure for user 192.168.121.141
INFO request from 192.168.57.185
DEBUG cache hit for key=192.168.60.30
ERROR file not found: /tmp/192.168.178.215.log
INFO processed 192.168.219.168 items
ERROR null pointer in module 192.168.215.207
DEBUG cache hit for key=192.168.141.220
DEBUG entering function foo
WARN slow query: 192.168.141.220ms
INFO processed 192.168.9.50 items
FATAL out of memory
DEBUG entering function foo
INFO connection established
INFO processed 192.168.215.207 items
DEBUG variable x=192.168.141.220
INFO connection established
ERROR auth failure for user 192.168.211.158
FATAL out of memory
INFO processed 192.168.229.48 items
FATAL unrecoverable disk error
INFO connection established
INFO user 192.168.211.158 logged in
FATAL unrecoverable disk error
ERROR connection timeout 503
FATAL kernel panic
INFO user 192.168.121.141 logged in
ERROR file not found: /tmp/192.168.193.243.log
DEBUG heap size: 192.168.107.168
INFO user 192.168.211.158 logged in
INFO processed 192.168.215.207 items
WARN slow query: 192.168.39.155ms
DEBUG variable x=192.168.36.209
FATAL segfault at address 0x192.168.211.158
DEBUG cache hit for key=192.168.193.243
WARN slow query: 192.168.178.6ms
INFO connection established
FATAL unrecoverable disk error
INFO request from 192.168.193.243
ERROR null pointer in module 192.168.141.220
DEBUG heap size: 192.168.121.141
INFO processed 192.168.211.158 items
INFO request from 192.168.121.141
ERROR file not found: /tmp/192.168.142.104.log
FATAL kernel panic
WARN slow query: 192.168.57.185ms
WARN slow query: 192.168.229.48ms
DEBUG variable x=192.168.141.220
WARN retry attempt 192.168.142.104 for 23396
ERROR file not found: /tmp/192.168.121.141.log
WARN slow query: 192.168.215.207ms
WARN slow query: 192.168.121.141ms
FATAL segfault at address 0x192.168.178.6
DEBUG variable x=192.168.57.185
ERROR file not found: /tmp/192.168.82.31.log
INFO request from 192.168.36.209
ERROR file not found: /tmp/192.168.92.139.log
FATAL out of memory
INFO user 192.168.229.48 logged in
FATAL segfault at address 0x192.168.82.31
DEBUG variable x=192.168.39.155
ERROR connection timeout 503
INFO connection established
INFO connection established
INFO request from 192.168.178.215
FATAL unrecoverable disk error
FATAL unrecoverable disk error
DEBUG entering function foo
INFO connection established
ERROR auth failure for user 192.168.36.209
WARN memory threshold reached: 192.168.82.31MB
FATAL segfault at address 0x192.168.60.30
FATAL kernel panic
FATAL unrecoverable disk error
ERROR file not found: /tmp/192.168.57.185.log
DEBUG heap size: 192.168.92.139
ERROR file not found: /tmp/192.168.197.186.log
ERROR auth failure for user 192.168.193.243
DEBUG cache hit for key=192.168.9.50
FATAL segfault at address 0x192.168.193.243
DEBUG variable x=192.168.82.31
INFO user 192.168.229.48 logged in
INFO connection established
FATAL kernel panic
ERROR connection timeout 503
FATAL out of memory
FATAL kernel panic
INFO connection established
INFO processed 192.168.178.6 items
INFO connection established
ERROR connection timeout 503
INFO user 192.168.60.30 logged in
INFO request from 192.168.219.168
WARN memory threshold reached: 192.168.57.185MB
WARN retry attempt 192.168.189.144 for 77414
DEBUG heap size: 192.168.141.220
WARN memory threshold reached: 192.168.82.31MB
ERROR auth failure for user 192.168.9.50
WARN slow query: 192.168.197.186ms
DEBUG cache hit for key=192.168.219.168
INFO processed 192.168.57.185 items
INFO connection established
WARN memory threshold reached: 192.168.82.31MB
DEBUG entering function foo
FATAL out of memory
WARN disk usage 192.168.178.6%
ERROR auth failure for user 192.168.107.168
INFO request from 192.168.215.207
FATAL out of memory
ERROR null pointer in module 192.168.215.207
DEBUG heap size: 192.168.229.48
ERROR null pointer in module 192.168.178.6
DEBUG entering function foo
FATAL unrecoverable disk error
WARN memory threshold reached: 192.168.211.158MB
ERROR null pointer in module 192.168.215.207
INFO processed 192.168.92.139 items
FATAL out of memory
INFO user 192.168.197.186 logged in
ERROR auth failure for user 192.168.57.185
INFO request from 192.168.211.158
FATAL segfault at address 0x192.168.141.220
FATAL out of memory
FATAL kernel panic
ERROR file not found: /tmp/192.168.57.185.log
ERROR null pointer in module 192.168.189.144
FATAL segfault at address 0x192.168.215.207
WARN disk usage 192.168.189.144%
FATAL segfault at address 0x192.168.215.207
ERROR connection timeout 503
FATAL out of memory
WARN disk usage 192.168.107.168%
INFO request from 192.168.229.48
WARN disk usage 192.168.219.168%
ERROR auth failure for user 192.168.142.104
INFO request from 192.168.121.141
FATAL unrecoverable disk error
INFO connection established
ERROR file not found: /tmp/192.168.39.155.log
FATAL kernel panic
FATAL unrecoverable disk error
ERROR auth failure for user 192.168.39.155
ERROR null pointer in module 192.168.215.207
INFO processed 192.168.197.186 items
WARN retry attempt 192.168.229.48 for 97009
ERROR connection timeout 503
WARN slow query: 192.168.219.168ms
WARN slow query: 192.168.82.31ms
WARN disk usage 192.168.36.209%
DEBUG variable x=192.168.193.243
FATAL unrecoverable disk error
ERROR file not found: /tmp/192.168.121.141.log
DEBUG entering function foo
DEBUG heap size: 192.168.107.168
INFO processed 192.168.229.48 items
ERROR null pointer in module 192.168.92.139
WARN slow query: 192.168.121.141ms
ERROR connection timeout 503
DEBUG variable x=192.168.121.141
DEBUG variable x=192.168.82.31
FATAL kernel panic
WARN disk usage 192.168.57.185%
FATAL segfault at address 0x192.168.39.155
INFO processed 192.168.82.31 items
ERROR file not found: /tmp/192.168.82.31.log
INFO connection established
DEBUG entering function foo
INFO connection established
ERROR null pointer in module 192.168.197.186
FATAL out of memory
WARN disk usage 192.168.142.104%
DEBUG variable x=192.168.36.209
ERROR auth failure for user 192.168.92.139
DEBUG heap size: 192.168.121.141
ERROR file not found: /tmp/192.168.229.48.log
FATAL kernel panic
INFO request from 192.168.197.186
FATAL segfault at address 0x192.168.178.6
INFO request from 192.168.178.6
WARN memory threshold reached: 192.168.178.215MB
FATAL kernel panic
FATAL unrecoverable disk error
ERROR connection timeout 503
ERROR connection timeout 503
INFO request from 192.168.211.158
ERROR auth failure for user 192.168.193.243
ERROR connection timeout 503
DEBUG variable x=192.168.219.168
WARN memory threshold reached: 192.168.57.185MB
INFO processed 192.168.219.168 items
ERROR connection timeout 503
FATAL unrecoverable disk error
WARN disk usage 192.168.189.144%
WARN slow query: 192.168.193.243ms
FATAL unrecoverable disk error
FATAL unrecoverable disk error
DEBUG heap size: 192.168.178.6
DEBUG variable x=192.168.178.6
ERROR file not found: /tmp/192.168.141.220.log
INFO request from 192.168.141.220
DEBUG cache hit for key=192.168.211.158
WARN slow query: 192.168.107.168ms
FATAL out of memory
DEBUG variable x=192.168.107.168
FATAL kernel panic
ERROR connection timeout 503
ERROR connection timeout 503
FATAL kernel panic
INFO request from 192.168.229.48
WARN memory threshold reached: 192.168.82.31MB
WARN slow query: 192.168.39.155ms
DEBUG cache hit for key=192.168.197.186
FATAL segfault at address 0x192.168.197.186
WARN retry attempt 192.168.229.48 for 21170
FATAL unrecoverable disk error
FATAL segfault at address 0x192.168.142.104
INFO request from 192.168.178.6
ERROR null pointer in module 192.168.229.48
FATAL segfault at address 0x192.168.9.50
ERROR null pointer in module 192.168.36.209
ERROR file not found: /tmp/192.168.141.220.log
INFO user 192.168.60.30 logged in
WARN retry attempt 192.168.229.48 for 28521
INFO request from 192.168.36.209
FATAL segfault at address 0x192.168.211.158
WARN retry attempt 192.168.57.185 for 97363
DEBUG cache hit for key=192.168.57.185
INFO processed 192.168.107.168 items
DEBUG entering function foo
DEBUG entering function foo
FATAL out of memory
WARN slow query: 192.168.197.186ms
WARN slow query: 192.168.57.185ms
WARN slow query: 192.168.141.220ms
INFO processed 192.168.193.243 items
ERROR connection timeout 503
DEBUG heap size: 192.168.9.50
DEBUG variable x=192.168.141.220
INFO user 192.168.178.215 logged in
FATAL unrecoverable disk error
WARN memory threshold reached: 192.168.142.104MB
ERROR connection timeout 503
INFO connection established
WARN memory threshold reached: 192.168.142.104MB
INFO request from 192.168.141.220
INFO processed 192.168.229.48 items
FATAL unrecoverable disk error
DEBUG variable x=192.168.57.185
ERROR null pointer in module 192.168.189.144
ERROR auth failure for user 192.168.141.220
INFO connection established
WARN retry attempt 192.168.215.207 for 17157
FATAL out of memory
FATAL segfault at address 0x192.168.60.30
DEBUG cache hit for key=192.168.141.220
FATAL kernel panic
WARN retry attempt 192.168.36.209 for 2392
INFO processed 192.168.219.168 items
INFO connection established
INFO processed 192.168.197.186 items
WARN disk usage 192.168.219.168%
DEBUG variable x=192.168.178.6
WARN slow query: 192.168.142.104ms
DEBUG cache hit for key=192.168.57.185
FATAL segfault at address 0x192.168.82.31
DEBUG variable x=192.168.229.48
INFO processed 192.168.229.48 items
FATAL out of memory
INFO user 192.168.92.139 logged in
DEBUG cache hit for key=192.168.9.50
FATAL segfault at address 0x192.168.36.209
INFO request from 192.168.142.104
FATAL kernel panic
DEBUG entering function foo
FATAL out of memory
ERROR connection timeout 503
DEBUG cache hit for key=192.168.142.104
WARN retry attempt 192.168.219.168 for 44158
WARN disk usage 192.168.82.31%
WARN disk usage 192.168.39.155%
WARN retry attempt 192.168.211.158 for 14366
ERROR connection timeout 503
INFO processed 192.168.189.144 items
ERROR connection timeout 503
ERROR auth failure for user 192.168.142.104
INFO request from 192.168.107.168
INFO request from 192.168.9.50
FATAL segfault at address 0x192.168.189.144
INFO connection established
DEBUG variable x=192.168.219.168
INFO processed 192.168.219.168 items
DEBUG variable x=192.168.39.155
DEBUG entering function foo
FATAL segfault at address 0x192.168.211.158
INFO connection established
INFO user 192.168.189.144 logged in
FATAL unrecoverable disk error
ERROR null pointer in module 192.168.142.104
FATAL out of memory
DEBUG entering function foo
FATAL kernel panic
WARN memory threshold reached: 192.168.141.220MB
INFO request from 192.168.178.215
ERROR connection timeout 503
DEBUG cache hit for key=192.168.142.104
ERROR connection timeout 503
WARN retry attempt 192.168.60.30 for 93307
ERROR null pointer in module 192.168.215.207
FATAL out of memory
ERROR connection timeout 503
WARN memory threshold reached: 192.168.39.155MB
DEBUG variable x=192.168.60.30
DEBUG entering function foo
ERROR auth failure for user 192.168.121.141
FATAL unrecoverable disk error
DEBUG cache hit for key=192.168.141.220
DEBUG heap size: 192.168.142.104
DEBUG variable x=192.168.197.186
INFO request from 192.168.142.104
DEBUG variable x=192.168.9.50
DEBUG heap size: 192.168.39.155
FATAL out of memory
WARN slow query: 192.168.211.158ms
DEBUG heap size: 192.168.197.186
DEBUG heap size: 192.168.39.155
INFO connection established
FATAL segfault at address 0x192.168.219.168
INFO user 192.168.178.215 logged in
DEBUG variable x=192.168.197.186
WARN slow query: 192.168.219.168ms
INFO request from 192.168.178.6
INFO connection established
FATAL unrecoverable disk error
INFO connection established
ERROR connection timeout 503
ERROR connection timeout 503
WARN disk usage 192.168.92.139%
ERROR connection timeout 503
ERROR file not found: /tmp/192.168.178.6.log
INFO request from 192.168.211.158
ERROR file not found: /tmp/192.168.142.104.log
FATAL out of memory
WARN disk usage 192.168.219.168%
ERROR auth failure for user 192.168.39.155
INFO user 192.168.197.186 logged in
DEBUG cache hit for key=192.168.178.215
WARN slow query: 192.168.189.144ms
DEBUG variable x=192.168.121.141
INFO processed 192.168.211.158 items
ERROR null pointer in module 192.168.39.155
DEBUG entering function foo
WARN retry attempt 192.168.189.144 for 14314
WARN memory threshold reached: 192.168.197.186MB
ERROR file not found: /tmp/192.168.82.31.log
WARN slow query: 192.168.189.144ms
DEBUG cache hit for key=192.168.219.168
INFO user 192.168.39.155 logged in
WARN memory threshold reached: 192.168.60.30MB
WARN memory threshold reached: 192.168.92.139MB
FATAL out of memory
WARN disk usage 192.168.197.186%
FATAL kernel panic
ERROR file not found: /tmp/192.168.141.220.log
ERROR connection timeout 503
DEBUG entering function foo
FATAL segfault at address 0x192.168.57.185
ERROR connection timeout 503
DEBUG heap size: 192.168.60.30
WARN disk usage 192.168.178.6%
FATAL unrecoverable disk error
FATAL kernel panic
FATAL kernel panic
WARN retry attempt 192.168.142.104 for 11056
ERROR connection timeout 503
FATAL kernel panic
ERROR file not found: /tmp/192.168.121.141.log
FATAL segfault at address 0x192.168.60.30
FATAL segfault at address 0x192.168.178.6
ERROR auth failure for user 192.168.211.158
ERROR auth failure for user 192.168.141.220
DEBUG variable x=192.168.121.141
DEBUG cache hit for key=192.168.211.158
DEBUG entering function foo
FATAL unrecoverable disk error
INFO user 192.168.215.207 logged in
FATAL out of memory
ERROR auth failure for user 192.168.197.186
INFO connection established
WARN retry attempt 192.168.197.186 for 98918
FATAL segfault at address 0x192.168.178.6
WARN memory threshold reached: 192.168.142.104MB
FATAL segfault at address 0x192.168.57.185
DEBUG heap size: 192.168.121.141
FATAL segfault at address 0x192.168.215.207
DEBUG variable x=192.168.9.50
FATAL unrecoverable disk error
INFO processed 192.168.9.50 items
DEBUG cache hit for key=192.168.215.207
INFO user 192.168.211.158 logged in
INFO connection established
INFO processed 192.168.141.220 items
DEBUG variable x=192.168.211.158
ERROR connection timeout 503
DEBUG heap size: 192.168.60.30
DEBUG entering function foo
FATAL segfault at address 0x192.168.178.6
FATAL segfault at address 0x192.168.121.141
DEBUG cache hit for key=192.168.92.139
DEBUG variable x=192.168.197.186
ERROR null pointer in module 192.168.211.158
WARN memory threshold reached: 192.168.9.50MB
FATAL segfault at address 0x192.168.36.209
INFO connection established
WARN retry attempt 192.168.57.185 for 73956
DEBUG cache hit for key=192.168.39.155
ERROR file not found: /tmp/192.168.189.144.log
DEBUG variable x=192.168.189.144
INFO request from 192.168.107.168
DEBUG variable x=192.168.189.144
ERROR file not found: /tmp/192.168.178.6.log
INFO connection established
DEBUG entering function foo
DEBUG entering function foo
ERROR auth failure for user 192.168.215.207
ERROR null pointer in module 192.168.60.30
FATAL unrecoverable disk error
FATAL segfault at address 0x192.168.9.50
FATAL unrecoverable disk error
INFO connection established
WARN memory threshold reached: 192.168.219.168MB
ERROR auth failure for user 192.168.193.243
WARN disk usage 192.168.39.155%
DEBUG variable x=192.168.178.6
WARN slow query: 192.168.39.155ms
ERROR auth failure for user 192.168.9.50
DEBUG cache hit for key=192.168.39.155
ERROR connection timeout 503
ERROR null pointer in module 192.168.92.139
WARN disk usage 192.168.9.50%
ERROR null pointer in module 192.168.9.50
WARN slow query: 192.168.211.158ms
WARN memory threshold reached: 192.168.215.207MB
DEBUG heap size: 192.168.197.186
ERROR file not found: /tmp/192.168.229.48.log
DEBUG entering function foo
INFO connection established
WARN disk usage 192.168.9.50%
ERROR null pointer in module 192.168.141.220
WARN memory threshold reached: 192.168.57.185MB
WARN slow query: 192.168.219.168ms
INFO processed 192.168.229.48 items
FATAL unrecoverable disk error
FATAL unrecoverable disk error
FATAL segfault at address 0x192.168.197.186
WARN memory threshold reached: 192.168.215.207MB
ERROR connection timeout 503
WARN slow query: 192.168.60.30ms
WARN slow query: 192.168.189.144ms
FATAL segfault at address 0x192.168.211.158
DEBUG cache hit for key=192.168.121.141
INFO request from 192.168.142.104
DEBUG heap size: 192.168.197.186
ERROR auth failure for user 192.168.178.6
DEBUG heap size: 192.168.211.158
WARN memory threshold reached: 192.168.57.185MB
WARN memory threshold reached: 192.168.141.220MB
FATAL unrecoverable disk error
ERROR null pointer in module 192.168.36.209
INFO user 192.168.141.220 logged in
DEBUG entering function foo
FATAL out of memory
INFO user 192.168.197.186 logged in
ERROR null pointer in module 192.168.92.139
FATAL kernel panic
ERROR file not found: /tmp/192.168.82.31.log
FATAL kernel panic
INFO user 192.168.36.209 logged in
WARN memory threshold reached: 192.168.178.215MB
INFO connection established
WARN memory threshold reached: 192.168.141.220MB
FATAL out of memory
ERROR file not found: /tmp/192.168.229.48.log
WARN retry attempt 192.168.211.158 for 24334
INFO user 192.168.178.6 logged in
INFO request from 192.168.141.220
ERROR connection timeout 503
INFO connection established
WARN disk usage 192.168.219.168%
WARN disk usage 192.168.142.104%
DEBUG heap size: 192.168.57.185
ERROR null pointer in module 192.168.57.185
INFO processed 192.168.92.139 items
DEBUG entering function foo
DEBUG heap size: 192.168.121.141
ERROR connection timeout 503
FATAL segfault at address 0x192.168.215.207
WARN slow query: 192.168.215.207ms
INFO request from 192.168.197.186
WARN retry attempt 192.168.141.220 for 60810
ERROR null pointer in module 192.168.92.139
ERROR auth failure for user 192.168.178.215
INFO user 192.168.197.186 logged in
WARN retry attempt 192.168.60.30 for 59698
INFO user 192.168.178.6 logged in
INFO request from 192.168.57.185
ERROR file not found: /tmp/192.168.142.104.log
DEBUG heap size: 192.168.211.158
ERROR connection timeout 503
ERROR auth failure for user 192.168.57.185
FATAL unrecoverable disk error
FATAL out of memory
FATAL kernel panic
FATAL kernel panic
INFO processed 192.168.215.207 items
DEBUG cache hit for key=192.168.92.139
ERROR file not found: /tmp/192.168.92.139.log
WARN retry attempt 192.168.215.207 for 88673
INFO processed 192.168.121.141 items
WARN disk usage 192.168.141.220%
DEBUG variable x=192.168.229.48
ERROR null pointer in module 192.168.57.185
ERROR file not found: /tmp/192.168.211.158.log
DEBUG heap size: 192.168.141.220
INFO connection established
DEBUG variable x=192.168.57.185
WARN retry attempt 192.168.178.215 for 83557
INFO user 192.168.197.186 logged in
ERROR file not found: /tmp/192.168.36.209.log
FATAL segfault at address 0x192.168.211.158
WARN retry attempt 192.168.9.50 for 42900
INFO request from 192.168.178.6
FATAL out of memory
INFO user 192.168.121.141 logged in
WARN retry attempt 192.168.229.48 for 55129
FATAL segfault at address 0x192.168.178.215
DEBUG heap size: 192.168.9.50
DEBUG cache hit for key=192.168.178.6
INFO connection established
WARN retry attempt 192.168.57.185 for 52491
INFO user 192.168.229.48 logged in
DEBUG entering function foo
FATAL out of memory
DEBUG variable x=192.168.57.185
DEBUG heap size: 192.168.219.168
FATAL out of memory
WARN retry attempt 192.168.197.186 for 40476
DEBUG heap size: 192.168.178.6
DEBUG cache hit for key=192.168.82.31
FATAL unrecoverable disk error
DEBUG heap size: 192.168.178.215
DEBUG entering function foo
WARN memory threshold reached: 192.168.211.158MB
FATAL segfault at address 0x192.168.142.104
FATAL kernel panic
INFO user 192.168.57.185 logged in
WARN slow query: 192.168.141.220ms
WARN slow query: 192.168.82.31ms
WARN disk usage 192.168.9.50%
ERROR null pointer in module 192.168.9.50
INFO user 192.168.197.186 logged in
DEBUG cache hit for key=192.168.219.168
ERROR auth failure for user 192.168.121.141
ERROR null pointer in module 192.168.197.186
FATAL segfault at address 0x192.168.57.185
INFO request from 192.168.57.185
WARN slow query: 192.168.107.168ms
DEBUG entering function foo
DEBUG entering function foo
INFO user 192.168.121.141 logged in
ERROR null pointer in module 192.168.107.168
FATAL kernel panic
INFO processed 192.168.197.186 items
WARN retry attempt 192.168.121.141 for 71523
FATAL segfault at address 0x192.168.9.50
FATAL unrecoverable disk error
FATAL out of memory
WARN memory threshold reached: 192.168.9.50MB
ERROR connection timeout 503
ERROR connection timeout 503
FATAL unrecoverable disk error
DEBUG heap size: 192.168.9.50
ERROR file not found: /tmp/192.168.141.220.log
INFO connection established
DEBUG variable x=192.168.9.50
WARN retry attempt 192.168.92.139 for 52251
FATAL out of memory
WARN disk usage 192.168.178.6%
ERROR file not found: /tmp/192.168.82.31.log
INFO user 192.168.229.48 logged in
WARN disk usage 192.168.82.31%
FATAL unrecoverable disk error
ERROR auth failure for user 192.168.121.141
WARN slow query: 192.168.141.220ms
FATAL kernel panic
DEBUG cache hit for key=192.168.219.168
WARN disk usage 192.168.142.104%
ERROR auth failure for user 192.168.57.185
INFO request from 192.168.219.168
DEBUG entering function foo
ERROR auth failure for user 192.168.229.48
FATAL out of memory
WARN retry attempt 192.168.178.6 for 27388
FATAL kernel panic
ERROR null pointer in module 192.168.219.168
FATAL kernel panic
DEBUG heap size: 192.168.82.31
FATAL unrecoverable disk error
DEBUG heap size: 192.168.82.31
FATAL kernel panic
FATAL out of memory
FATAL unrecoverable disk error
FATAL segfault at address 0x192.168.211.158
WARN retry attempt 192.168.36.209 for 20443
INFO processed 192.168.82.31 items
FATAL out of memory
ERROR connection timeout 503
DEBUG heap size: 192.168.215.207
ERROR connection timeout 503
WARN disk usage 192.168.142.104%
DEBUG cache hit for key=192.168.178.215
ERROR file not found: /tmp/192.168.197.186.log
ERROR null pointer in module 192.168.60.30
INFO request from 192.168.9.50
INFO request from 192.168.197.186
DEBUG entering function foo
DEBUG heap size: 192.168.60.30
FATAL out of memory
FATAL unrecoverable disk error
INFO request from 192.168.211.158
ERROR connection timeout 503
DEBUG entering function foo
FATAL segfault at address 0x192.168.121.141
FATAL unrecoverable disk error
INFO user 192.168.36.209 logged in
WARN slow query: 192.168.178.215ms
DEBUG heap size: 192.168.215.207
ERROR file not found: /tmp/192.168.193.243.log
ERROR connection timeout 503
INFO request from 192.168.36.209
DEBUG variable x=192.168.197.186
FATAL kernel panic
INFO user 192.168.193.243 logged in
WARN memory threshold reached: 192.168.92.139MB
WARN retry attempt 192.168.60.30 for 91440
DEBUG entering function foo
FATAL segfault at address 0x192.168.107.168
FATAL kernel panic
FATAL unrecoverable disk error
ERROR file not found: /tmp/192.168.193.243.log
WARN slow query: 192.168.9.50ms
DEBUG cache hit for key=192.168.36.209
FATAL out of memory
INFO connection established
INFO connection established
WARN retry attempt 192.168.193.243 for 72985
WARN slow query: 192.168.229.48ms
DEBUG variable x=192.168.178.215
FATAL out of memory
WARN slow query: 192.168.197.186ms
DEBUG cache hit for key=192.168.178.6
INFO connection established
FATAL segfault at address 0x192.168.82.31
ERROR file not found: /tmp/192.168.107.168.log
DEBUG entering function foo
ERROR connection timeout 503
FATAL kernel panic
ERROR file not found: /tmp/192.168.142.104.log
FATAL unrecoverable disk error
ERROR auth failure for user 192.168.9.50
INFO processed 192.168.9.50 items
INFO connection established
FATAL out of memory
INFO request from 192.168.9.50
DEBUG heap size: 192.168.9.50
WARN retry attempt 192.168.197.186 for 52699
ERROR connection timeout 503
INFO processed 192.168.92.139 items
FATAL segfault at address 0x192.168.60.30
WARN memory threshold reached: 192.168.229.48MB
ERROR null pointer in module 192.168.36.209
INFO user 192.168.60.30 logged in
ERROR connection timeout 503
FATAL out of memory
WARN retry attempt 192.168.219.168 for 90911
FATAL unrecoverable disk error
ERROR null pointer in module 192.168.178.6
FATAL kernel panic
ERROR connection timeout 503
WARN memory threshold reached: 192.168.193.243MB
DEBUG variable x=192.168.229.48
WARN slow query: 192.168.178.6ms
DEBUG heap size: 192.168.92.139
WARN disk usage 192.168.215.207%
ERROR auth failure for user 192.168.57.185
INFO request from 192.168.9.50
FATAL unrecoverable disk error
ERROR auth failure for user 192.168.107.168
WARN retry attempt 192.168.36.209 for 56519
DEBUG heap size: 192.168.121.141
WARN memory threshold reached: 192.168.107.168MB
WARN retry attempt 192.168.9.50 for 70821
WARN memory threshold reached: 192.168.107.168MB
FATAL unrecoverable disk error
FATAL unrecoverable disk error
DEBUG variable x=192.168.189.144
DEBUG heap size: 192.168.142.104
WARN memory threshold reached: 192.168.107.168MB
ERROR null pointer in module 192.168.39.155
DEBUG entering function foo
ERROR auth failure for user 192.168.141.220
FATAL out of memory
INFO processed 192.168.82.31 items
INFO request from 192.168.141.220
FATAL segfault at address 0x192.168.60.30
INFO user 192.168.60.30 logged in
INFO user 192.168.215.207 logged in
FATAL kernel panic
INFO request from 192.168.57.185
DEBUG heap size: 192.168.178.215
FATAL unrecoverable disk error
DEBUG variable x=192.168.215.207
FATAL out of memory
WARN disk usage 192.168.9.50%
INFO request from 192.168.178.6
ERROR auth failure for user 192.168.197.186
FATAL kernel panic
INFO request from 192.168.121.141
FATAL segfault at address 0x192.168.142.104
FATAL segfault at address 0x192.168.193.243
FATAL out of memory
ERROR null pointer in module 192.168.211.158
FATAL unrecoverable disk error
DEBUG entering function foo
DEBUG heap size: 192.168.211.158
FATAL out of memory
FATAL unrecoverable disk error
DEBUG cache hit for key=192.168.178.215
FATAL unrecoverable disk error
INFO processed 192.168.36.209 items
DEBUG variable x=192.168.39.155
FATAL out of memory
INFO user 192.168.229.48 logged in
INFO request from 192.168.215.207
WARN slow query: 192.168.60.30ms
FATAL out of memory
WARN slow query: 192.168.36.209ms
ERROR connection timeout 503
ERROR auth failure for user 192.168.107.168
DEBUG heap size: 192.168.189.144
WARN retry attempt 192.168.92.139 for 92126
WARN slow query: 192.168.215.207ms
DEBUG heap size: 192.168.219.168
WARN memory threshold reached: 192.168.197.186MB
ERROR connection timeout 503
FATAL unrecoverable disk error
ERROR file not found: /tmp/192.168.189.144.log
INFO user 192.168.229.48 logged in
FATAL kernel panic
INFO connection established
ERROR file not found: /tmp/192.168.57.185.log
DEBUG entering function foo
WARN slow query: 192.168.82.31ms
WARN memory threshold reached: 192.168.107.168MB
INFO processed 192.168.9.50 items
WARN retry attempt 192.168.57.185 for 93963
FATAL kernel panic
DEBUG heap size: 192.168.36.209
DEBUG variable x=192.168.178.6
WARN retry attempt 192.168.57.185 for 6287
DEBUG variable x=192.168.193.243
ERROR auth failure for user 192.168.107.168
INFO request from 192.168.36.209
INFO user 192.168.215.207 logged in
ERROR file not found: /tmp/192.168.211.158.log
FATAL segfault at address 0x192.168.197.186
FATAL segfault at address 0x192.168.57.185
ERROR auth failure for user 192.168.141.220
WARN retry attempt 192.168.60.30 for 45342
ERROR connection timeout 503
ERROR file not found: /tmp/192.168.215.207.log
WARN retry attempt 192.168.57.185 for 5491
INFO request from 192.168.82.31
ERROR connection timeout 503
INFO user 192.168.9.50 logged in
ERROR connection timeout 503
DEBUG cache hit for key=192.168.92.139
INFO request from 192.168.197.186
FATAL out of memory
ERROR null pointer in module 192.168.57.185
ERROR auth failure for user 192.168.60.30
DEBUG heap size: 192.168.189.144
WARN disk usage 192.168.178.215%
INFO user 192.168.193.243 logged in
FATAL kernel panic
INFO connection established
DEBUG heap size: 192.168.215.207
DEBUG cache hit for key=192.168.178.215
INFO request from 192.168.39.155
WARN memory threshold reached: 192.168.193.243MB
WARN retry attempt 192.168.92.139 for 52557
ERROR connection timeout 503
ERROR null pointer in module 192.168.121.141
INFO user 192.168.219.168 logged in
INFO connection established
FATAL kernel panic
ERROR file not found: /tmp/192.168.141.220.log
DEBUG cache hit for key=192.168.92.139
WARN memory threshold reached: 192.168.57.185MB
INFO user 192.168.197.186 logged in
DEBUG variable x=192.168.141.220
INFO user 192.168.141.220 logged in
FATAL unrecoverable disk error
ERROR file not found: /tmp/192.168.9.50.log
FATAL kernel panic
ERROR auth failure for user 192.168.92.139
WARN slow query: 192.168.36.209ms
INFO user 192.168.197.186 logged in
WARN retry attempt 192.168.9.50 for 34517
WARN retry attempt 192.168.178.6 for 85906
FATAL unrecoverable disk error
FATAL unrecoverable disk error
WARN slow query: 192.168.60.30ms
INFO user 192.168.142.104 logged in
WARN slow query: 192.168.211.158ms
FATAL segfault at address 0x192.168.229.48
FATAL out of memory
DEBUG heap size: 192.168.107.168
FATAL out of memory
FATAL kernel panic
ERROR file not found: /tmp/192.168.57.185.log
DEBUG cache hit for key=192.168.57.185
ERROR connection timeout 503
INFO user 192.168.229.48 logged in
DEBUG cache hit for key=192.168.121.141
WARN retry attempt 192.168.211.158 for 61471
INFO request from 192.168.39.155
WARN disk usage 192.168.189.144%
ERROR auth failure for user 192.168.211.158
INFO processed 192.168.107.168 items
INFO connection established
DEBUG cache hit for key=192.168.39.155
WARN retry attempt 192.168.60.30 for 30388
DEBUG entering function foo
FATAL kernel panic
FATAL segfault at address 0x192.168.60.30
FATAL segfault at address 0x192.168.178.6
DEBUG heap size: 192.168.92.139
WARN slow query: 192.168.141.220ms
ERROR auth failure for user 192.168.178.6
WARN retry attempt 192.168.92.139 for 51086
INFO user 192.168.189.144 logged in
FATAL segfault at address 0x192.168.60.30
FATAL unrecoverable disk error
INFO user 192.168.36.209 logged in
FATAL segfault at address 0x192.168.121.141
INFO user 192.168.197.186 logged in
ERROR file not found: /tmp/192.168.9.50.log
DEBUG variable x=192.168.189.144
ERROR null pointer in module 192.168.107.168
WARN slow query: 192.168.219.168ms
FATAL segfault at address 0x192.168.92.139
ERROR auth failure for user 192.168.107.168
ERROR auth failure for user 192.168.82.31
ERROR null pointer in module 192.168.197.186
INFO user 192.168.82.31 logged in
DEBUG entering function foo
FATAL segfault at address 0x192.168.39.155
INFO user 192.168.178.215 logged in
ERROR null pointer in module 192.168.142.104
DEBUG heap size: 192.168.39.155
INFO request from 192.168.215.207
DEBUG entering function foo
ERROR auth failure for user 192.168.92.139
WARN disk usage 192.168.211.158%
FATAL unrecoverable disk error
WARN retry attempt 192.168.178.215 for 73760
DEBUG heap size: 192.168.141.220
INFO user 192.168.229.48 logged in
FATAL out of memory
WARN disk usage 192.168.215.207%
DEBUG heap size: 192.168.193.243
INFO request from 192.168.197.186
FATAL unrecoverable disk error
ERROR connection timeout 503
DEBUG entering function foo
ERROR auth failure for user 192.168.211.158
WARN retry attempt 192.168.121.141 for 59789
ERROR null pointer in module 192.168.107.168
DEBUG entering function foo
DEBUG heap size: 192.168.219.168
ERROR null pointer in module 192.168.178.6
FATAL unrecoverable disk error
DEBUG variable x=192.168.39.155
DEBUG heap size: 192.168.197.186
INFO connection established
INFO processed 192.168.197.186 items
DEBUG heap size: 192.168.39.155
ERROR file not found: /tmp/192.168.197.186.log
FATAL out of memory
WARN memory threshold reached: 192.168.219.168MB
ERROR auth failure for user 192.168.36.209
FATAL unrecoverable disk error
INFO request from 192.168.197.186
FATAL kernel panic
DEBUG entering function foo
FATAL out of memory
DEBUG heap size: 192.168.39.155
ERROR file not found: /tmp/192.168.189.144.log
FATAL segfault at address 0x192.168.197.186
FATAL unrecoverable disk error
FATAL segfault at address 0x192.168.193.243
ERROR auth failure for user 192.168.229.48
INFO processed 192.168.197.186 items
ERROR null pointer in module 192.168.219.168
ERROR null pointer in module 192.168.39.155
FATAL out of memory
DEBUG entering function foo
FATAL segfault at address 0x192.168.60.30
FATAL out of memory
DEBUG heap size: 192.168.57.185
DEBUG entering function foo
INFO user 192.168.229.48 logged in
FATAL segfault at address 0x192.168.82.31
FATAL kernel panic
FATAL unrecoverable disk error
DEBUG cache hit for key=192.168.211.158
FATAL kernel panic
ERROR null pointer in module 192.168.36.209
FATAL segfault at address 0x192.168.82.31
DEBUG entering function foo
FATAL segfault at address 0x192.168.197.186
WARN retry attempt 192.168.178.215 for 27836
WARN disk usage 192.168.57.185%
FATAL out of memory
ERROR file not found: /tmp/192.168.92.139.log
DEBUG heap size: 192.168.197.186
INFO request from 192.168.229.48
WARN disk usage 192.168.9.50%
WARN memory threshold reached: 192.168.215.207MB
INFO user 192.168.39.155 logged in
INFO user 192.168.60.30 logged in
INFO processed 192.168.57.185 items
INFO processed 192.168.82.31 items
WARN disk usage 192.168.178.6%
WARN retry attempt 192.168.57.185 for 68270
WARN retry attempt 192.168.193.243 for 19264
WARN memory threshold reached: 192.168.60.30MB
FATAL unrecoverable disk error
WARN slow query: 192.168.121.141ms
DEBUG entering function foo
FATAL segfault at address 0x192.168.211.158
FATAL unrecoverable disk error
DEBUG entering function foo
ERROR connection timeout 503
WARN disk usage 192.168.178.6%
DEBUG cache hit for key=192.168.121.141
DEBUG variable x=192.168.36.209
ERROR null pointer in module 192.168.57.185
WARN slow query: 192.168.229.48ms
INFO request from 192.168.60.30
ERROR auth failure for user 192.168.193.243
ERROR connection timeout 503
DEBUG variable x=192.168.141.220
ERROR connection timeout 503
INFO request from 192.168.107.168
DEBUG entering function foo
ERROR connection timeout 503
FATAL out of memory
ERROR auth failure for user 192.168.178.6
INFO connection established
FATAL out of memory
ERROR file not found: /tmp/192.168.82.31.log
WARN memory threshold reached: 192.168.92.139MB
INFO user 192.168.215.207 logged in
FATAL kernel panic
DEBUG cache hit for key=192.168.92.139
DEBUG variable x=192.168.193.243
DEBUG entering function foo
ERROR null pointer in module 192.168.193.243
INFO request from 192.168.193.243
DEBUG entering function foo
ERROR file not found: /tmp/192.168.193.243.log
FATAL kernel panic
FATAL unrecoverable disk error
FATAL kernel panic
INFO processed 192.168.60.30 items
WARN disk usage 192.168.229.48%
WARN disk usage 192.168.178.6%
INFO connection established
ERROR connection timeout 503
WARN retry attempt 192.168.142.104 for 94479
INFO user 192.168.9.50 logged in
INFO processed 192.168.211.158 items
DEBUG cache hit for key=192.168.178.6
WARN memory threshold reached: 192.168.141.220MB
WARN memory threshold reached: 192.168.178.6MB
FATAL kernel panic
INFO processed 192.168.121.141 items
ERROR file not found: /tmp/192.168.57.185.log
DEBUG variable x=192.168.36.209
DEBUG cache hit for key=192.168.229.48
ERROR connection timeout 503
DEBUG variable x=192.168.229.48
ERROR file not found: /tmp/192.168.193.243.log
WARN slow query: 192.168.141.220ms
ERROR file not found: /tmp/192.168.189.144.log
DEBUG heap size: 192.168.219.168
DEBUG cache hit for key=192.168.57.185
FATAL kernel panic
FATAL kernel panic
DEBUG cache hit for key=192.168.142.104
ERROR null pointer in module 192.168.189.144
ERROR connection timeout 503
WARN disk usage 192.168.82.31%
INFO user 192.168.142.104 logged in
FATAL out of memory
FATAL kernel panic
INFO connection established
ERROR connection timeout 503
INFO processed 192.168.193.243 items
FATAL kernel panic
WARN slow query: 192.168.219.168ms
INFO request from 192.168.82.31
DEBUG entering function foo
DEBUG heap size: 192.168.107.168
ERROR auth failure for user 192.168.60.30
WARN memory threshold reached: 192.168.197.186MB
FATAL segfault at address 0x192.168.36.209
DEBUG cache hit for key=192.168.197.186
WARN retry attempt 192.168.9.50 for 43363
FATAL segfault at address 0x192.168.121.141
DEBUG entering function foo
FATAL kernel panic
INFO user 192.168.141.220 logged in
DEBUG heap size: 192.168.219.168
WARN disk usage 192.168.215.207%
DEBUG heap size: 192.168.121.141
FATAL unrecoverable disk error
DEBUG cache hit for key=192.168.141.220
INFO user 192.168.107.168 logged in
FATAL unrecoverable disk error
FATAL kernel panic
DEBUG variable x=192.168.193.243
ERROR connection timeout 503
WARN retry attempt 192.168.107.168 for 86249
WARN memory threshold reached: 192.168.107.168MB
WARN slow query: 192.168.178.215ms
FATAL kernel panic
INFO connection established
FATAL segfault at address 0x192.168.121.141
ERROR connection timeout 503
FATAL out of memory
WARN retry attempt 192.168.39.155 for 22167
DEBUG cache hit for key=192.168.178.6
WARN retry attempt 192.168.9.50 for 45648
DEBUG entering function foo
ERROR null pointer in module 192.168.193.243
DEBUG entering function foo
WARN slow query: 192.168.142.104ms
WARN retry attempt 192.168.211.158 for 24633
WARN retry attempt 192.168.121.141 for 31354
ERROR auth failure for user 192.168.193.243
INFO connection established
DEBUG heap size: 192.168.60.30
WARN memory threshold reached: 192.168.92.139MB
WARN retry attempt 192.168.219.168 for 25426
WARN disk usage 192.168.219.168%
ERROR connection timeout 503
DEBUG entering function foo
INFO user 192.168.141.220 logged in
WARN retry attempt 192.168.57.185 for 9690
WARN memory threshold reached: 192.168.189.144MB
WARN memory threshold reached: 192.168.189.144MB
ERROR connection timeout 503
WARN retry attempt 192.168.229.48 for 24369
WARN disk usage 192.168.107.168%
FATAL unrecoverable disk error
INFO connection established
WARN retry attempt 192.168.178.215 for 49099
ERROR connection timeout 503
WARN disk usage 192.168.197.186%
FATAL kernel panic
FATAL segfault at address 0x192.168.215.207
FATAL out of memory
INFO user 192.168.142.104 logged in
DEBUG entering function foo
INFO connection established
WARN slow query: 192.168.197.186ms
DEBUG cache hit for key=192.168.215.207
DEBUG cache hit for key=192.168.92.139
ERROR null pointer in module 192.168.215.207
FATAL out of memory
DEBUG entering function foo
WARN disk usage 192.168.229.48%
ERROR connection timeout 503
ERROR connection timeout 503
FATAL segfault at address 0x192.168.178.215
INFO request from 192.168.57.185
FATAL segfault at address 0x192.168.60.30
WARN disk usage 192.168.142.104%
ERROR null pointer in module 192.168.92.139
ERROR connection timeout 503
WARN disk usage 192.168.219.168%
FATAL out of memory
INFO user 192.168.57.185 logged in
INFO request from 192.168.9.50
DEBUG entering function foo
WARN retry attempt 192.168.178.6 for 54879
FATAL segfault at address 0x192.168.178.215
DEBUG heap size: 192.168.219.168
WARN retry attempt 192.168.9.50 for 59147
FATAL segfault at address 0x192.168.197.186
DEBUG cache hit for key=192.168.142.104
FATAL out of memory
DEBUG variable x=192.168.92.139
DEBUG heap size: 192.168.57.185
ERROR file not found: /tmp/192.168.142.104.log
FATAL out of memory
DEBUG variable x=192.168.178.215
DEBUG entering function foo
DEBUG cache hit for key=192.168.121.141
DEBUG variable x=192.168.178.215
DEBUG variable x=192.168.36.209
DEBUG heap size: 192.168.215.207
INFO connection established
ERROR null pointer in module 192.168.121.141
WARN retry attempt 192.168.178.6 for 80838
WARN memory threshold reached: 192.168.121.141MB
FATAL kernel panic
INFO connection established
FATAL kernel panic
FATAL kernel panic
FATAL out of memory
INFO connection established
ERROR connection timeout 503
ERROR auth failure for user 192.168.211.158
FATAL out of memory
DEBUG cache hit for key=192.168.107.168
WARN retry attempt 192.168.211.158 for 10484
DEBUG heap size: 192.168.197.186
DEBUG heap size: 192.168.121.141
ERROR file not found: /tmp/192.168.60.30.log
ERROR auth failure for user 192.168.189.144
FATAL kernel panic
WARN disk usage 192.168.60.30%
INFO connection established
WARN disk usage 192.168.36.209%
WARN memory threshold reached: 192.168.189.144MB
ERROR null pointer in module 192.168.9.50
FATAL unrecoverable disk error
ERROR file not found: /tmp/192.168.82.31.log
ERROR null pointer in module 192.168.197.186
ERROR auth failure for user 192.168.189.144
FATAL out of memory
ERROR file not found: /tmp/192.168.39.155.log
DEBUG heap size: 192.168.107.168
DEBUG entering function foo
INFO user 192.168.215.207 logged in
FATAL unrecoverable disk error
WARN retry attempt 192.168.219.168 for 24262
WARN disk usage 192.168.142.104%
ERROR null pointer in module 192.168.39.155
WARN slow query: 192.168.36.209ms
INFO request from 192.168.57.185
FATAL segfault at address 0x192.168.178.6
FATAL segfault at address 0x192.168.36.209
INFO connection established
ERROR file not found: /tmp/192.168.219.168.log
INFO user 192.168.107.168 logged in
ERROR connection timeout 503
ERROR auth failure for user 192.168.193.243
INFO user 192.168.178.215 logged in
FATAL kernel panic
FATAL segfault at address 0x192.168.92.139
INFO user 192.168.189.144 logged in
ERROR file not found: /tmp/192.168.211.158.log
INFO processed 192.168.107.168 items
FATAL out of memory
DEBUG variable x=192.168.82.31
FATAL kernel panic
FATAL kernel panic
WARN slow query: 192.168.189.144ms
INFO request from 192.168.36.209
INFO user 192.168.107.168 logged in
WARN slow query: 192.168.178.6ms
FATAL out of memory
FATAL segfault at address 0x192.168.92.139
FATAL out of memory
FATAL kernel panic
INFO connection established
FATAL segfault at address 0x192.168.178.215
DEBUG entering function foo
FATAL out of memory
ERROR null pointer in module 192.168.92.139
INFO connection established
ERROR file not found: /tmp/192.168.178.215.log
INFO processed 192.168.9.50 items
WARN slow query: 192.168.197.186ms
FATAL unrecoverable disk error
DEBUG variable x=192.168.189.144
WARN memory threshold reached: 192.168.60.30MB
ERROR connection timeout 503
WARN slow query: 192.168.229.48ms
FATAL unrecoverable disk error
INFO user 192.168.57.185 logged in
WARN memory threshold reached: 192.168.92.139MB
INFO connection established
ERROR file not found: /tmp/192.168.142.104.log
INFO connection established
FATAL unrecoverable disk error
INFO user 192.168.178.6 logged in
DEBUG entering function foo
FATAL segfault at address 0x192.168.92.139
INFO user 192.168.193.243 logged in
INFO request from 192.168.142.104
WARN retry attempt 192.168.178.6 for 32554
FATAL unrecoverable disk error
WARN slow query: 192.168.229.48ms
DEBUG variable x=192.168.142.104
FATAL kernel panic
INFO request from 192.168.107.168
DEBUG cache hit for key=192.168.36.209
WARN slow query: 192.168.178.215ms
ERROR file not found: /tmp/192.168.107.168.log
DEBUG entering function foo
INFO connection established
INFO connection established
ERROR null pointer in module 192.168.219.168
INFO user 192.168.178.215 logged in
WARN slow query: 192.168.178.6ms
FATAL segfault at address 0x192.168.92.139
DEBUG heap size: 192.168.60.30
DEBUG heap size: 192.168.60.30
INFO request from 192.168.36.209
DEBUG entering function foo
WARN disk usage 192.168.189.144%
INFO processed 192.168.178.6 items
DEBUG entering function foo
WARN retry attempt 192.168.193.243 for 33521
FATAL out of memory
ERROR auth failure for user 192.168.57.185
DEBUG entering function foo
WARN disk usage 192.168.82.31%
DEBUG cache hit for key=192.168.121.141
INFO processed 192.168.219.168 items
WARN disk usage 192.168.142.104%
WARN retry attempt 192.168.215.207 for 28364
FATAL kernel panic
WARN retry attempt 192.168.189.144 for 33719
DEBUG heap size: 192.168.60.30
WARN memory threshold reached: 192.168.197.186MB
INFO connection established
INFO processed 192.168.60.30 items
WARN memory threshold reached: 192.168.178.215MB
WARN slow query: 192.168.141.220ms
ERROR null pointer in module 192.168.121.141
ERROR null pointer in module 192.168.229.48
DEBUG entering function foo
ERROR file not found: /tmp/192.168.121.141.log
WARN disk usage 192.168.57.185%
INFO processed 192.168.193.243 items
WARN disk usage 192.168.9.50%
ERROR connection timeout 503
ERROR connection timeout 503
INFO request from 192.168.39.155
DEBUG heap size: 192.168.121.141
WARN disk usage 192.168.82.31%
FATAL out of memory
WARN retry attempt 192.168.36.209 for 63639
ERROR connection timeout 503
INFO user 192.168.92.139 logged in
WARN disk usage 192.168.219.168%
INFO processed 192.168.121.141 items
INFO request from 192.168.82.31
ERROR connection timeout 503
INFO connection established
INFO connection established
DEBUG entering function foo
ERROR connection timeout 503
DEBUG variable x=192.168.60.30
WARN slow query: 192.168.197.186ms
INFO request from 192.168.57.185
DEBUG entering function foo
DEBUG heap size: 192.168.60.30
WARN slow query: 192.168.142.104ms
INFO user 192.168.82.31 logged in
ERROR file not found: /tmp/192.168.141.220.log
INFO processed 192.168.189.144 items
FATAL unrecoverable disk error
DEBUG variable x=192.168.229.48
INFO user 192.168.9.50 logged in
WARN retry attempt 192.168.82.31 for 55359
ERROR connection timeout 503
DEBUG cache hit for key=192.168.82.31
WARN retry attempt 192.168.121.141 for 84285
INFO request from 192.168.219.168
FATAL out of memory
INFO user 192.168.178.215 logged in
FATAL out of memory
WARN retry attempt 192.168.107.168 for 48443
INFO request from 192.168.92.139
WARN slow query: 192.168.107.168ms
DEBUG cache hit for key=192.168.215.207
ERROR connection timeout 503
FATAL out of memory
WARN slow query: 192.168.219.168ms
FATAL kernel panic
FATAL segfault at address 0x192.168.107.168
FATAL unrecoverable disk error
ERROR connection timeout 503
WARN slow query: 192.168.60.30ms
DEBUG variable x=192.168.92.139
WARN memory threshold reached: 192.168.178.215MB
ERROR connection timeout 503
ERROR connection timeout 503
DEBUG cache hit for key=192.168.142.104
ERROR null pointer in module 192.168.229.48
INFO processed 192.168.121.141 items
WARN slow query: 192.168.189.144ms
ERROR auth failure for user 192.168.60.30
INFO processed 192.168.197.186 items
INFO connection established
WARN slow query: 192.168.9.50ms
WARN disk usage 192.168.9.50%
DEBUG variable x=192.168.193.243
INFO connection established
DEBUG cache hit for key=192.168.215.207
INFO user 192.168.193.243 logged in
FATAL out of memory
WARN slow query: 192.168.189.144ms
FATAL kernel panic
DEBUG cache hit for key=192.168.142.104
INFO request from 192.168.60.30
FATAL out of memory
FATAL kernel panic
INFO connection established
FATAL kernel panic
ERROR file not found: /tmp/192.168.219.168.log
FATAL segfault at address 0x192.168.178.6
INFO request from 192.168.9.50
FATAL out of memory
FATAL segfault at address 0x192.168.219.168
ERROR connection timeout 503
INFO connection established
WARN memory threshold reached: 192.168.121.141MB
DEBUG cache hit for key=192.168.142.104
WARN disk usage 192.168.178.215%
INFO connection established
WARN slow query: 192.168.9.50ms
DEBUG cache hit for key=192.168.121.141
WARN disk usage 192.168.193.243%
DEBUG entering function foo
DEBUG cache hit for key=192.168.82.31
INFO connection established
WARN retry attempt 192.168.197.186 for 43374
ERROR connection timeout 503
WARN retry attempt 192.168.215.207 for 91372
ERROR file not found: /tmp/192.168.9.50.log
FATAL kernel panic
WARN slow query: 192.168.189.144ms
WARN memory threshold reached: 192.168.36.209MB
WARN memory threshold reached: 192.168.57.185MB
ERROR connection timeout 503
WARN retry attempt 192.168.9.50 for 90943
FATAL segfault at address 0x192.168.57.185
INFO processed 192.168.60.30 items
DEBUG entering function foo
ERROR auth failure for user 192.168.219.168
WARN disk usage 192.168.82.31%
ERROR connection timeout 503
ERROR file not found: /tmp/192.168.141.220.log
FATAL segfault at address 0x192.168.189.144
ERROR auth failure for user 192.168.215.207
WARN retry attempt 192.168.211.158 for 99845
WARN memory threshold reached: 192.168.197.186MB
INFO request from 192.168.178.6
DEBUG variable x=192.168.215.207
WARN disk usage 192.168.36.209%
INFO user 192.168.107.168 logged in
DEBUG entering function foo
ERROR auth failure for user 192.168.215.207
WARN slow query: 192.168.82.31ms
ERROR file not found: /tmp/192.168.219.168.log
INFO processed 192.168.219.168 items
DEBUG heap size: 192.168.189.144
FATAL kernel panic
WARN memory threshold reached: 192.168.219.168MB
ERROR auth failure for user 192.168.92.139
DEBUG cache hit for key=192.168.189.144
INFO request from 192.168.39.155
INFO connection established
FATAL unrecoverable disk error
ERROR null pointer in module 192.168.36.209
INFO processed 192.168.178.215 items
DEBUG cache hit for key=192.168.142.104
FATAL out of memory
DEBUG entering function foo
ERROR null pointer in module 192.168.189.144
FATAL out of memory
ERROR auth failure for user 192.168.197.186
WARN retry attempt 192.168.141.220 for 53859
WARN retry attempt 192.168.215.207 for 94348
DEBUG entering function foo
DEBUG variable x=192.168.178.215
DEBUG heap size: 192.168.142.104
FATAL kernel panic
INFO request from 192.168.57.185
FATAL unrecoverable disk error
DEBUG cache hit for key=192.168.92.139
FATAL segfault at address 0x192.168.229.48
INFO connection established
WARN disk usage 192.168.219.168%
INFO processed 192.168.193.243 items
INFO user 192.168.193.243 logged in
FATAL out of memory
ERROR null pointer in module 192.168.178.6
WARN memory threshold reached: 192.168.9.50MB
FATAL segfault at address 0x192.168.36.209
FATAL out of memory
ERROR connection timeout 503
WARN disk usage 192.168.141.220%
FATAL unrecoverable disk error
DEBUG variable x=192.168.211.158
WARN disk usage 192.168.178.215%
INFO connection established
ERROR null pointer in module 192.168.193.243
WARN disk usage 192.168.219.168%
DEBUG cache hit for key=192.168.36.209
INFO request from 192.168.107.168
WARN retry attempt 192.168.36.209 for 68003
FATAL unrecoverable disk error
WARN retry attempt 192.168.82.31 for 80293
ERROR auth failure for user 192.168.229.48
INFO processed 192.168.36.209 items
INFO user 192.168.39.155 logged in
DEBUG entering function foo
INFO request from 192.168.178.6
ERROR null pointer in module 192.168.197.186
FATAL segfault at address 0x192.168.178.6
ERROR file not found: /tmp/192.168.142.104.log
ERROR connection timeout 503
INFO user 192.168.197.186 logged in
WARN slow query: 192.168.219.168ms
INFO request from 192.168.121.141
ERROR connection timeout 503
ERROR null pointer in module 192.168.39.155
ERROR auth failure for user 192.168.178.215
ERROR null pointer in module 192.168.211.158
WARN retry attempt 192.168.141.220 for 45497
WARN retry attempt 192.168.9.50 for 21543
FATAL out of memory
DEBUG entering function foo
FATAL kernel panic
ERROR auth failure for user 192.168.57.185
INFO request from 192.168.197.186
FATAL kernel panic
ERROR null pointer in module 192.168.141.220
ERROR connection timeout 503
FATAL kernel panic
INFO request from 192.168.178.6
WARN slow query: 192.168.193.243ms
FATAL segfault at address 0x192.168.60.30
FATAL segfault at address 0x192.168.229.48
DEBUG cache hit for key=192.168.57.185
ERROR auth failure for user 192.168.193.243
DEBUG variable x=192.168.215.207
INFO processed 192.168.57.185 items
WARN slow query: 192.168.142.104ms
INFO request from 192.168.82.31
INFO processed 192.168.39.155 items
DEBUG heap size: 192.168.60.30
ERROR connection timeout 503
DEBUG heap size: 192.168.178.215
FATAL out of memory
WARN retry attempt 192.168.219.168 for 42223
INFO user 192.168.57.185 logged in
INFO connection established
INFO processed 192.168.39.155 items
FATAL out of memory
FATAL kernel panic
INFO request from 192.168.121.141
FATAL kernel panic
WARN disk usage 192.168.178.215%
ERROR file not found: /tmp/192.168.211.158.log
FATAL unrecoverable disk error
FATAL segfault at address 0x192.168.141.220
ERROR auth failure for user 192.168.82.31
INFO connection established
DEBUG entering function foo
INFO request from 192.168.9.50
FATAL out of memory
DEBUG cache hit for key=192.168.142.104
FATAL kernel panic
FATAL out of memory
DEBUG cache hit for key=192.168.229.48
FATAL unrecoverable disk error
INFO connection established
FATAL segfault at address 0x192.168.197.186
DEBUG cache hit for key=192.168.141.220
FATAL segfault at address 0x192.168.189.144
FATAL segfault at address 0x192.168.219.168
ERROR connection timeout 503
WARN memory threshold reached: 192.168.211.158MB
INFO request from 192.168.178.6
DEBUG variable x=192.168.9.50
FATAL out of memory
WARN slow query: 192.168.178.215ms
FATAL segfault at address 0x192.168.197.186
FATAL kernel panic
INFO connection established
WARN disk usage 192.168.215.207%
WARN slow query: 192.168.36.209ms
INFO user 192.168.215.207 logged in
FATAL unrecoverable disk error
WARN memory threshold reached: 192.168.121.141MB
INFO user 192.168.107.168 logged in
FATAL out of memory
WARN slow query: 192.168.82.31ms
INFO request from 192.168.142.104
DEBUG entering function foo
WARN slow query: 192.168.107.168ms
ERROR file not found: /tmp/192.168.121.141.log
ERROR file not found: /tmp/192.168.211.158.log
FATAL unrecoverable disk error
INFO request from 192.168.197.186
FATAL segfault at address 0x192.168.92.139
ERROR null pointer in module 192.168.39.155
DEBUG entering function foo
ERROR connection timeout 503
WARN retry attempt 192.168.197.186 for 96630
ERROR auth failure for user 192.168.141.220
INFO processed 192.168.57.185 items
WARN memory threshold reached: 192.168.178.6MB
DEBUG cache hit for key=192.168.121.141
ERROR connection timeout 503
FATAL kernel panic
FATAL unrecoverable disk error
DEBUG entering function foo
DEBUG heap size: 192.168.60.30
ERROR auth failure for user 192.168.178.215
WARN memory threshold reached: 192.168.82.31MB
WARN disk usage 192.168.82.31%
ERROR file not found: /tmp/192.168.9.50.log
DEBUG cache hit for key=192.168.57.185
WARN disk usage 192.168.178.6%
DEBUG heap size: 192.168.219.168
FATAL out of memory
DEBUG variable x=192.168.229.48
WARN retry attempt 192.168.60.30 for 97781
ERROR null pointer in module 192.168.178.215
DEBUG cache hit for key=192.168.9.50
WARN memory threshold reached: 192.168.215.207MB
FATAL out of memory
WARN retry attempt 192.168.178.215 for 73949
ERROR auth failure for user 192.168.57.185
FATAL segfault at address 0x192.168.36.209
WARN retry attempt 192.168.141.220 for 13343
ERROR null pointer in module 192.168.178.6
INFO user 192.168.197.186 logged in
INFO processed 192.168.107.168 items
ERROR auth failure for user 192.168.211.158
WARN memory threshold reached: 192.168.39.155MB
FATAL unrecoverable disk error
ERROR null pointer in module 192.168.36.209
WARN retry attempt 192.168.107.168 for 64085
FATAL out of memory
WARN memory threshold reached: 192.168.211.158MB
WARN memory threshold reached: 192.168.197.186MB
FATAL segfault at address 0x192.168.229.48
ERROR null pointer in module 192.168.142.104
FATAL segfault at address 0x192.168.60.30
DEBUG cache hit for key=192.168.121.141
DEBUG variable x=192.168.142.104
WARN retry attempt 192.168.229.48 for 11089
FATAL segfault at address 0x192.168.82.31
DEBUG entering function foo
DEBUG variable x=192.168.121.141
FATAL kernel panic
WARN disk usage 192.168.189.144%
ERROR file not found: /tmp/192.168.107.168.log
INFO connection established
DEBUG entering function foo
INFO processed 192.168.178.6 items
ERROR null pointer in module 192.168.57.185
WARN slow query: 192.168.178.6ms
WARN retry attempt 192.168.229.48 for 16172
DEBUG cache hit for key=192.168.36.209
INFO connection established
INFO request from 192.168.193.243
INFO processed 192.168.60.30 items
FATAL out of memory
INFO user 192.168.141.220 logged in
ERROR file not found: /tmp/192.168.178.215.log
FATAL segfault at address 0x192.168.92.139
DEBUG cache hit for key=192.168.178.6
WARN slow query: 192.168.211.158ms
FATAL segfault at address 0x192.168.193.243
ERROR auth failure for user 192.168.189.144
INFO connection established
DEBUG variable x=192.168.57.185
DEBUG heap size: 192.168.60.30
INFO connection established
WARN retry attempt 192.168.197.186 for 93445
INFO connection established
FATAL unrecoverable disk error
ERROR file not found: /tmp/192.168.60.30.log
DEBUG variable x=192.168.193.243
DEBUG variable x=192.168.60.30
INFO connection established
WARN memory threshold reached: 192.168.82.31MB
INFO processed 192.168.141.220 items
DEBUG heap size: 192.168.9.50
ERROR auth failure for user 192.168.193.243
FATAL kernel panic
INFO processed 192.168.107.168 items
INFO user 192.168.219.168 logged in
WARN retry attempt 192.168.9.50 for 23720
ERROR connection timeout 503
FATAL out of memory
ERROR null pointer in module 192.168.178.215
WARN disk usage 192.168.141.220%
ERROR null pointer in module 192.168.229.48
DEBUG entering function foo
FATAL segfault at address 0x192.168.215.207
WARN memory threshold reached: 192.168.92.139MB
DEBUG heap size: 192.168.121.141
WARN retry attempt 192.168.193.243 for 25377
DEBUG cache hit for key=192.168.178.6
ERROR auth failure for user 192.168.121.141
INFO processed 192.168.197.186 items
ERROR file not found: /tmp/192.168.57.185.log
FATAL unrecoverable disk error
WARN retry attempt 192.168.60.30 for 389
INFO processed 192.168.215.207 items
WARN memory threshold reached: 192.168.9.50MB
INFO request from 192.168.39.155
WARN disk usage 192.168.92.139%
INFO processed 192.168.193.243 items
INFO connection established
INFO request from 192.168.193.243
WARN slow query: 192.168.189.144ms
INFO user 192.168.39.155 logged in
FATAL segfault at address 0x192.168.219.168
ERROR auth failure for user 192.168.39.155
WARN memory threshold reached: 192.168.193.243MB
FATAL out of memory
INFO request from 192.168.219.168
DEBUG variable x=192.168.142.104
ERROR file not found: /tmp/192.168.215.207.log
WARN memory threshold reached: 192.168.193.243MB
ERROR file not found: /tmp/192.168.215.207.log
ERROR null pointer in module 192.168.189.144
INFO connection established
WARN retry attempt 192.168.142.104 for 52158
ERROR file not found: /tmp/192.168.107.168.log
ERROR connection timeout 503
INFO request from 192.168.36.209
DEBUG variable x=192.168.39.155
FATAL segfault at address 0x192.168.121.141
INFO request from 192.168.229.48
WARN memory threshold reached: 192.168.215.207MB
FATAL out of memory
ERROR null pointer in module 192.168.197.186
DEBUG variable x=192.168.215.207
DEBUG entering function foo
ERROR auth failure for user 192.168.193.243
INFO processed 192.168.178.215 items
DEBUG variable x=192.168.39.155
WARN retry attempt 192.168.107.168 for 3930
ERROR auth failure for user 192.168.107.168
INFO user 192.168.141.220 logged in
INFO request from 192.168.178.6
FATAL unrecoverable disk error
INFO user 192.168.211.158 logged in
DEBUG entering function foo
FATAL segfault at address 0x192.168.189.144
WARN memory threshold reached: 192.168.197.186MB
ERROR file not found: /tmp/192.168.39.155.log
WARN retry attempt 192.168.92.139 for 48510
ERROR connection timeout 503
ERROR connection timeout 503
INFO request from 192.168.189.144
WARN retry attempt 192.168.178.215 for 67879
ERROR null pointer in module 192.168.193.243
FATAL out of memory
DEBUG cache hit for key=192.168.36.209
DEBUG variable x=192.168.9.50
FATAL out of memory
DEBUG entering function foo
WARN slow query: 192.168.57.185ms
ERROR auth failure for user 192.168.92.139
FATAL kernel panic
WARN memory threshold reached: 192.168.82.31MB
INFO connection established
ERROR null pointer in module 192.168.57.185
FATAL unrecoverable disk error
WARN retry attempt 192.168.36.209 for 75068
ERROR auth failure for user 192.168.92.139
ERROR connection timeout 503
INFO processed 192.168.219.168 items
ERROR connection timeout 503
INFO processed 192.168.92.139 items
DEBUG heap size: 192.168.142.104
INFO user 192.168.178.6 logged in
WARN disk usage 192.168.57.185%
DEBUG cache hit for key=192.168.178.6
INFO user 192.168.229.48 logged in
DEBUG heap size: 192.168.39.155
WARN slow query: 192.168.229.48ms
WARN memory threshold reached: 192.168.197.186MB
INFO request from 192.168.197.186
ERROR auth failure for user 192.168.211.158
INFO request from 192.168.36.209
WARN memory threshold reached: 192.168.57.185MB
ERROR file not found: /tmp/192.168.178.215.log
INFO processed 192.168.142.104 items
FATAL out of memory
INFO processed 192.168.178.6 items
INFO processed 192.168.121.141 items
FATAL unrecoverable disk error
INFO request from 192.168.107.168
ERROR file not found: /tmp/192.168.121.141.log
ERROR file not found: /tmp/192.168.211.158.log
FATAL kernel panic
WARN memory threshold reached: 192.168.39.155MB
INFO user 192.168.57.185 logged in
DEBUG variable x=192.168.219.168
INFO user 192.168.121.141 logged in
FATAL unrecoverable disk error
INFO processed 192.168.211.158 items
INFO connection established
WARN retry attempt 192.168.121.141 for 62590
DEBUG variable x=192.168.219.168
DEBUG cache hit for key=192.168.121.141
INFO processed 192.168.215.207 items
ERROR file not found: /tmp/192.168.121.141.log
WARN slow query: 192.168.142.104ms
ERROR null pointer in module 192.168.121.141
INFO request from 192.168.57.185
FATAL kernel panic
INFO request from 192.168.215.207
WARN slow query: 192.168.178.6ms
FATAL out of memory
INFO connection established
FATAL unrecoverable disk error
WARN retry attempt 192.168.178.215 for 37361
INFO request from 192.168.215.207
WARN slow query: 192.168.211.158ms
ERROR connection timeout 503
ERROR file not found: /tmp/192.168.189.144.log
FATAL out of memory
DEBUG cache hit for key=192.168.9.50
DEBUG cache hit for key=192.168.36.209
WARN retry attempt 192.168.229.48 for 15775
ERROR connection timeout 503
FATAL kernel panic
FATAL kernel panic
INFO connection established
INFO connection established
WARN retry attempt 192.168.92.139 for 63561
DEBUG cache hit for key=192.168.57.185
DEBUG cache hit for key=192.168.197.186
ERROR null pointer in module 192.168.211.158
ERROR auth failure for user 192.168.215.207
FATAL kernel panic
ERROR connection timeout 503
ERROR file not found: /tmp/192.168.215.207.log
FATAL kernel panic
WARN disk usage 192.168.107.168%
ERROR file not found: /tmp/192.168.178.215.log
WARN slow query: 192.168.229.48ms
FATAL unrecoverable disk error
WARN memory threshold reached: 192.168.193.243MB
INFO request from 192.168.39.155
FATAL out of memory
DEBUG cache hit for key=192.168.189.144
FATAL segfault at address 0x192.168.229.48
ERROR connection timeout 503
INFO user 192.168.82.31 logged in
FATAL segfault at address 0x192.168.178.6
FATAL kernel panic
WARN memory threshold reached: 192.168.9.50MB
WARN disk usage 192.168.193.243%
INFO user 192.168.82.31 logged in
DEBUG heap size: 192.168.189.144
ERROR connection timeout 503
DEBUG cache hit for key=192.168.36.209
DEBUG cache hit for key=192.168.142.104
INFO user 192.168.82.31 logged in
DEBUG entering function foo
ERROR null pointer in module 192.168.215.207
INFO request from 192.168.82.31
WARN memory threshold reached: 192.168.211.158MB
FATAL out of memory
DEBUG variable x=192.168.82.31
ERROR null pointer in module 192.168.121.141
ERROR connection timeout 503
WARN disk usage 192.168.211.158%
DEBUG cache hit for key=192.168.92.139
INFO connection established
DEBUG heap size: 192.168.229.48
DEBUG heap size: 192.168.36.209
FATAL out of memory
DEBUG cache hit for key=192.168.178.215
INFO request from 192.168.229.48
DEBUG variable x=192.168.9.50
ERROR null pointer in module 192.168.215.207
FATAL segfault at address 0x192.168.215.207
INFO connection established
WARN disk usage 192.168.197.186%
FATAL segfault at address 0x192.168.141.220
DEBUG entering function foo
DEBUG cache hit for key=192.168.178.6
INFO connection established
WARN retry attempt 192.168.107.168 for 19510
FATAL segfault at address 0x192.168.141.220
FATAL kernel panic
INFO connection established
WARN slow query: 192.168.229.48ms
FATAL unrecoverable disk error
INFO user 192.168.178.215 logged in
INFO connection established
ERROR file not found: /tmp/192.168.121.141.log
WARN retry attempt 192.168.92.139 for 34515
FATAL unrecoverable disk error
WARN disk usage 192.168.211.158%
WARN memory threshold reached: 192.168.57.185MB
DEBUG cache hit for key=192.168.92.139
DEBUG variable x=192.168.9.50
DEBUG entering function foo
DEBUG cache hit for key=192.168.107.168
WARN slow query: 192.168.60.30ms
ERROR auth failure for user 192.168.60.30
FATAL out of memory
INFO request from 192.168.142.104
INFO request from 192.168.197.186
FATAL unrecoverable disk error
INFO connection established
DEBUG cache hit for key=192.168.178.215
WARN retry attempt 192.168.9.50 for 37630
ERROR file not found: /tmp/192.168.39.155.log
DEBUG cache hit for key=192.168.107.168
DEBUG heap size: 192.168.142.104
DEBUG heap size: 192.168.57.185
INFO request from 192.168.189.144
ERROR connection timeout 503
INFO connection established
INFO request from 192.168.178.215
FATAL out of memory
ERROR null pointer in module 192.168.60.30
WARN retry attempt 192.168.219.168 for 14116
DEBUG entering function foo
WARN memory threshold reached: 192.168.197.186MB
INFO connection established
WARN memory threshold reached: 192.168.211.158MB
ERROR auth failure for user 192.168.189.144
DEBUG cache hit for key=192.168.141.220
DEBUG entering function foo
DEBUG cache hit for key=192.168.189.144
INFO user 192.168.60.30 logged in
ERROR auth failure for user 192.168.142.104
WARN disk usage 192.168.60.30%
INFO user 192.168.141.220 logged in
DEBUG entering function foo
ERROR file not found: /tmp/192.168.193.243.log
WARN slow query: 192.168.219.168ms
ERROR file not found: /tmp/192.168.36.209.log
DEBUG entering function foo
WARN slow query: 192.168.193.243ms
ERROR auth failure for user 192.168.178.6
DEBUG cache hit for key=192.168.142.104
DEBUG entering function foo
WARN disk usage 192.168.141.220%
DEBUG cache hit for key=192.168.178.6
ERROR null pointer in module 192.168.9.50
WARN memory threshold reached: 192.168.92.139MB
DEBUG cache hit for key=192.168.39.155
FATAL segfault at address 0x192.168.219.168
FATAL segfault at address 0x192.168.57.185
INFO connection established
DEBUG entering function foo
WARN disk usage 192.168.215.207%
ERROR auth failure for user 192.168.215.207
WARN memory threshold reached: 192.168.121.141MB
WARN disk usage 192.168.211.158%
ERROR auth failure for user 192.168.57.185
WARN memory threshold reached: 192.168.215.207MB
FATAL kernel panic
WARN disk usage 192.168.121.141%
DEBUG variable x=192.168.178.6
WARN disk usage 192.168.189.144%
ERROR auth failure for user 192.168.57.185
WARN disk usage 192.168.107.168%
DEBUG heap size: 192.168.92.139
WARN disk usage 192.168.193.243%
WARN memory threshold reached: 192.168.197.186MB
DEBUG heap size: 192.168.142.104
INFO connection established
FATAL segfault at address 0x192.168.121.141
ERROR file not found: /tmp/192.168.121.141.log
FATAL unrecoverable disk error
FATAL out of memory
ERROR connection timeout 503
WARN memory threshold reached: 192.168.60.30MB
DEBUG heap size: 192.168.178.6
ERROR file not found: /tmp/192.168.142.104.log
INFO request from 192.168.197.186
ERROR null pointer in module 192.168.211.158
DEBUG heap size: 192.168.189.144
FATAL unrecoverable disk error
ERROR null pointer in module 192.168.219.168
ERROR auth failure for user 192.168.178.6
DEBUG variable x=192.168.211.158
DEBUG entering function foo
ERROR auth failure for user 192.168.57.185
WARN memory threshold reached: 192.168.178.215MB
FATAL unrecoverable disk error
FATAL unrecoverable disk error
INFO processed 192.168.57.185 items
INFO processed 192.168.178.215 items
FATAL kernel panic
INFO request from 192.168.82.31
ERROR auth failure for user 192.168.121.141
DEBUG variable x=192.168.60.30
WARN disk usage 192.168.121.141%
FATAL out of memory
FATAL segfault at address 0x192.168.197.186
DEBUG variable x=192.168.211.158
FATAL segfault at address 0x192.168.82.31
ERROR file not found: /tmp/192.168.142.104.log
ERROR file not found: /tmp/192.168.197.186.log
ERROR null pointer in module 192.168.9.50
DEBUG cache hit for key=192.168.82.31
INFO request from 192.168.178.6
ERROR auth failure for user 192.168.219.168
WARN memory threshold reached: 192.168.215.207MB
DEBUG entering function foo
WARN disk usage 192.168.107.168%
DEBUG cache hit for key=192.168.219.168
INFO request from 192.168.178.215
WARN slow query: 192.168.36.209ms
FATAL segfault at address 0x192.168.193.243
ERROR null pointer in module 192.168.178.215
WARN disk usage 192.168.121.141%
WARN memory threshold reached: 192.168.219.168MB
FATAL out of memory
FATAL unrecoverable disk error
INFO request from 192.168.197.186
ERROR connection timeout 503
INFO user 192.168.141.220 logged in
WARN disk usage 192.168.141.220%
INFO processed 192.168.82.31 items
INFO connection established
DEBUG cache hit for key=192.168.229.48
WARN retry attempt 192.168.178.215 for 53700
ERROR file not found: /tmp/192.168.39.155.log
INFO user 192.168.121.141 logged in
FATAL kernel panic
WARN slow query: 192.168.9.50ms
WARN memory threshold reached: 192.168.36.209MB
FATAL segfault at address 0x192.168.189.144
ERROR auth failure for user 192.168.57.185
DEBUG variable x=192.168.92.139
WARN slow query: 192.168.107.168ms
FATAL unrecoverable disk error
INFO request from 192.168.178.6
ERROR file not found: /tmp/192.168.9.50.log
FATAL unrecoverable disk error
ERROR connection timeout 503
DEBUG cache hit for key=192.168.141.220
INFO connection established
FATAL kernel panic
ERROR null pointer in module 192.168.211.158
ERROR file not found: /tmp/192.168.211.158.log
DEBUG entering function foo
DEBUG variable x=192.168.9.50
INFO processed 192.168.107.168 items
ERROR auth failure for user 192.168.178.6
DEBUG variable x=192.168.178.6
WARN slow query: 192.168.189.144ms
WARN retry attempt 192.168.9.50 for 56054
FATAL out of memory
ERROR connection timeout 503
INFO user 192.168.107.168 logged in
WARN retry attempt 192.168.92.139 for 57045
FATAL unrecoverable disk error
DEBUG heap size: 192.168.211.158
INFO request from 192.168.36.209
WARN memory threshold reached: 192.168.141.220MB
INFO connection established
ERROR connection timeout 503
INFO user 192.168.193.243 logged in
WARN retry attempt 192.168.60.30 for 19631
WARN slow query: 192.168.193.243ms
INFO user 192.168.142.104 logged in
ERROR file not found: /tmp/192.168.193.243.log
ERROR null pointer in module 192.168.60.30
DEBUG cache hit for key=192.168.229.48
DEBUG variable x=192.168.107.168
FATAL segfault at address 0x192.168.92.139
INFO request from 192.168.107.168
WARN slow query: 192.168.197.186ms
WARN slow query: 192.168.39.155ms
WARN memory threshold reached: 192.168.141.220MB
WARN slow query: 192.168.142.104ms
ERROR null pointer in module 192.168.229.48
WARN disk usage 192.168.82.31%
FATAL unrecoverable disk error
INFO user 192.168.189.144 logged in
DEBUG variable x=192.168.193.243
WARN disk usage 192.168.82.31%
INFO processed 192.168.36.209 items
ERROR null pointer in module 192.168.193.243
WARN retry attempt 192.168.211.158 for 70962
WARN retry attempt 192.168.189.144 for 37972
WARN retry attempt 192.168.178.215 for 8791
DEBUG heap size: 192.168.189.144
DEBUG entering function foo
DEBUG heap size: 192.168.9.50
FATAL out of memory
WARN disk usage 192.168.92.139%
WARN disk usage 192.168.36.209%
FATAL segfault at address 0x192.168.107.168
DEBUG variable x=192.168.178.6
FATAL out of memory
WARN slow query: 192.168.215.207ms
INFO processed 192.168.121.141 items
INFO user 192.168.178.215 logged in
ERROR null pointer in module 192.168.215.207
INFO request from 192.168.92.139
DEBUG variable x=192.168.211.158
ERROR auth failure for user 192.168.121.141
INFO processed 192.168.92.139 items
WARN retry attempt 192.168.178.6 for 7248
WARN retry attempt 192.168.57.185 for 41117
FATAL kernel panic
WARN slow query: 192.168.107.168ms
DEBUG variable x=192.168.219.168
FATAL segfault at address 0x192.168.211.158
INFO connection established
WARN retry attempt 192.168.178.215 for 95931
INFO connection established
WARN slow query: 192.168.121.141ms
FATAL out of memory
INFO user 192.168.178.215 logged in
ERROR auth failure for user 192.168.142.104
WARN disk usage 192.168.60.30%
INFO request from 192.168.121.141
ERROR auth failure for user 192.168.39.155
ERROR connection timeout 503
WARN disk usage 192.168.60.30%
FATAL kernel panic
WARN disk usage 192.168.92.139%
INFO request from 192.168.36.209
ERROR connection timeout 503
FATAL segfault at address 0x192.168.197.186
ERROR file not found: /tmp/192.168.39.155.log
DEBUG heap size: 192.168.219.168
DEBUG entering function foo
INFO user 192.168.107.168 logged in
INFO connection established
ERROR file not found: /tmp/192.168.141.220.log
DEBUG cache hit for key=192.168.211.158
DEBUG entering function foo
FATAL segfault at address 0x192.168.142.104
INFO user 192.168.142.104 logged in
WARN slow query: 192.168.219.168ms
WARN slow query: 192.168.229.48ms
ERROR null pointer in module 192.168.142.104
INFO processed 192.168.82.31 items
INFO connection established
DEBUG variable x=192.168.57.185
WARN retry attempt 192.168.141.220 for 2555
ERROR auth failure for user 192.168.193.243
WARN retry attempt 192.168.9.50 for 70158
FATAL segfault at address 0x192.168.92.139
INFO connection established
ERROR connection timeout 503
INFO user 192.168.57.185 logged in
FATAL out of memory
INFO user 192.168.141.220 logged in
INFO user 192.168.178.215 logged in
DEBUG heap size: 192.168.142.104
WARN disk usage 192.168.178.215%
INFO request from 192.168.193.243
INFO connection established
ERROR auth failure for user 192.168.211.158
FATAL unrecoverable disk error
DEBUG cache hit for key=192.168.60.30
ERROR file not found: /tmp/192.168.36.209.log
INFO user 192.168.121.141 logged in
INFO request from 192.168.36.209
INFO connection established
DEBUG variable x=192.168.211.158
WARN retry attempt 192.168.178.215 for 87055
DEBUG entering function foo
INFO request from 192.168.60.30
ERROR file not found: /tmp/192.168.57.185.log
FATAL out of memory
FATAL unrecoverable disk error
ERROR file not found: /tmp/192.168.82.31.log
INFO request from 192.168.211.158
FATAL out of memory
ERROR auth failure for user 192.168.219.168
WARN slow query: 192.168.219.168ms
ERROR connection timeout 503
INFO processed 192.168.36.209 items
DEBUG entering function foo
ERROR file not found: /tmp/192.168.9.50.log
INFO user 192.168.39.155 logged in
INFO user 192.168.229.48 logged in
INFO request from 192.168.211.158
INFO request from 192.168.60.30
DEBUG heap size: 192.168.178.6
FATAL segfault at address 0x192.168.215.207
WARN retry attempt 192.168.92.139 for 74399
WARN retry attempt 192.168.189.144 for 14503
FATAL kernel panic
ERROR file not found: /tmp/192.168.178.6.log
ERROR file not found: /tmp/192.168.141.220.log
INFO connection established
WARN memory threshold reached: 192.168.211.158MB
INFO user 192.168.121.141 logged in
FATAL kernel panic
INFO connection established
ERROR null pointer in module 192.168.60.30
WARN disk usage 192.168.219.168%
ERROR connection timeout 503
WARN memory threshold reached: 192.168.211.158MB
DEBUG heap size: 192.168.189.144
FATAL segfault at address 0x192.168.215.207
WARN retry attempt 192.168.189.144 for 23160
INFO user 192.168.57.185 logged in
DEBUG entering function foo
WARN memory threshold reached: 192.168.211.158MB
WARN memory threshold reached: 192.168.189.144MB
DEBUG entering function foo
FATAL kernel panic
FATAL unrecoverable disk error
INFO user 192.168.92.139 logged in
WARN retry attempt 192.168.142.104 for 52860
FATAL out of memory
DEBUG variable x=192.168.9.50
INFO user 192.168.107.168 logged in
WARN slow query: 192.168.39.155ms
INFO connection established
INFO connection established
WARN disk usage 192.168.142.104%
DEBUG cache hit for key=192.168.197.186
WARN memory threshold reached: 192.168.36.209MB
INFO connection established
ERROR file not found: /tmp/192.168.121.141.log
FATAL kernel panic
ERROR connection timeout 503
FATAL unrecoverable disk error
INFO user 192.168.57.185 logged in
INFO connection established
FATAL kernel panic
ERROR file not found: /tmp/192.168.57.185.log
WARN retry attempt 192.168.107.168 for 81847
FATAL kernel panic
FATAL out of memory
INFO processed 192.168.82.31 items
DEBUG variable x=192.168.215.207
FATAL segfault at address 0x192.168.178.6
DEBUG entering function foo
FATAL segfault at address 0x192.168.229.48
FATAL out of memory
WARN disk usage 192.168.39.155%
ERROR file not found: /tmp/192.168.36.209.log
ERROR auth failure for user 192.168.197.186
DEBUG variable x=192.168.193.243
WARN slow query: 192.168.142.104ms
DEBUG heap size: 192.168.197.186
WARN retry attempt 192.168.142.104 for 89850
ERROR auth failure for user 192.168.193.243
ERROR file not found: /tmp/192.168.36.209.log
DEBUG variable x=192.168.215.207
INFO user 192.168.178.215 logged in
WARN memory threshold reached: 192.168.92.139MB
WARN retry attempt 192.168.57.185 for 50795
FATAL unrecoverable disk error
ERROR null pointer in module 192.168.215.207
WARN memory threshold reached: 192.168.121.141MB
ERROR auth failure for user 192.168.197.186
ERROR file not found: /tmp/192.168.193.243.log
DEBUG cache hit for key=192.168.107.168
WARN slow query: 192.168.178.6ms
ERROR auth failure for user 192.168.178.215
FATAL kernel panic
DEBUG entering function foo
ERROR null pointer in module 192.168.189.144
INFO request from 192.168.82.31
ERROR auth failure for user 192.168.193.243
FATAL unrecoverable disk error
FATAL segfault at address 0x192.168.215.207
FATAL segfault at address 0x192.168.178.215
ERROR file not found: /tmp/192.168.60.30.log
ERROR null pointer in module 192.168.193.243
DEBUG cache hit for key=192.168.121.141
WARN disk usage 192.168.121.141%
ERROR null pointer in module 192.168.178.215
WARN disk usage 192.168.36.209%
WARN retry attempt 192.168.57.185 for 7911
ERROR file not found: /tmp/192.168.107.168.log
FATAL kernel panic
ERROR auth failure for user 192.168.229.48
WARN memory threshold reached: 192.168.189.144MB
ERROR null pointer in module 192.168.39.155
DEBUG cache hit for key=192.168.189.144
INFO processed 192.168.82.31 items
DEBUG cache hit for key=192.168.219.168
INFO connection established
FATAL kernel panic
FATAL out of memory
WARN slow query: 192.168.178.215ms
WARN disk usage 192.168.178.6%
ERROR file not found: /tmp/192.168.57.185.log
INFO processed 192.168.219.168 items
WARN disk usage 192.168.57.185%
ERROR connection timeout 503
FATAL kernel panic
DEBUG variable x=192.168.107.168
FATAL out of memory
ERROR file not found: /tmp/192.168.219.168.log
WARN retry attempt 192.168.178.215 for 77439
ERROR connection timeout 503
DEBUG entering function foo
WARN memory threshold reached: 192.168.60.30MB
INFO user 192.168.92.139 logged in
ERROR auth failure for user 192.168.92.139
FATAL out of memory
ERROR auth failure for user 192.168.107.168
INFO request from 192.168.211.158
FATAL segfault at address 0x192.168.193.243
FATAL kernel panic
FATAL segfault at address 0x192.168.178.215
ERROR null pointer in module 192.168.121.141
WARN disk usage 192.168.215.207%
WARN retry attempt 192.168.219.168 for 53739
WARN memory threshold reached: 192.168.229.48MB
WARN disk usage 192.168.178.215%
ERROR auth failure for user 192.168.197.186
ERROR file not found: /tmp/192.168.141.220.log
INFO request from 192.168.189.144
ERROR connection timeout 503
DEBUG variable x=192.168.211.158
ERROR file not found: /tmp/192.168.107.168.log
ERROR auth failure for user 192.168.121.141
ERROR connection timeout 503
INFO connection established
WARN retry attempt 192.168.141.220 for 20683
WARN memory threshold reached: 192.168.9.50MB
ERROR file not found: /tmp/192.168.121.141.log
WARN slow query: 192.168.211.158ms
INFO request from 192.168.197.186
FATAL segfault at address 0x192.168.36.209
FATAL segfault at address 0x192.168.39.155
WARN retry attempt 192.168.193.243 for 53354
ERROR file not found: /tmp/192.168.229.48.log
WARN slow query: 192.168.107.168ms
INFO user 192.168.9.50 logged in
FATAL unrecoverable disk error
ERROR connection timeout 503
ERROR null pointer in module 192.168.211.158
ERROR file not found: /tmp/192.168.36.209.log
WARN disk usage 192.168.57.185%
WARN memory threshold reached: 192.168.211.158MB
INFO user 192.168.215.207 logged in
FATAL out of memory
ERROR null pointer in module 192.168.36.209
DEBUG heap size: 192.168.92.139
WARN memory threshold reached: 192.168.193.243MB
ERROR connection timeout 503
FATAL unrecoverable disk error
FATAL segfault at address 0x192.168.142.104
DEBUG cache hit for key=192.168.229.48
FATAL unrecoverable disk error
INFO connection established
DEBUG entering function foo
FATAL segfault at address 0x192.168.229.48
INFO processed 192.168.141.220 items
FATAL segfault at address 0x192.168.141.220
FATAL kernel panic
FATAL kernel panic
WARN disk usage 192.168.197.186%
WARN memory threshold reached: 192.168.141.220MB
INFO request from 192.168.229.48
INFO processed 192.168.178.215 items
WARN disk usage 192.168.141.220%
WARN slow query: 192.168.197.186ms
FATAL kernel panic
INFO request from 192.168.141.220
ERROR auth failure for user 192.168.92.139
FATAL unrecoverable disk error
WARN retry attempt 192.168.107.168 for 11617
FATAL unrecoverable disk error
FATAL segfault at address 0x192.168.107.168
DEBUG variable x=192.168.211.158
DEBUG heap size: 192.168.82.31
INFO processed 192.168.39.155 items
FATAL unrecoverable disk error
FATAL kernel panic
ERROR auth failure for user 192.168.142.104
WARN slow query: 192.168.60.30ms
DEBUG heap size: 192.168.193.243
DEBUG entering function foo
FATAL kernel panic
FATAL segfault at address 0x192.168.193.243
INFO request from 192.168.229.48
ERROR null pointer in module 192.168.178.6
ERROR auth failure for user 192.168.197.186
ERROR connection timeout 503
WARN slow query: 192.168.189.144ms
DEBUG entering function foo
FATAL unrecoverable disk error
INFO user 192.168.141.220 logged in
FATAL unrecoverable disk error
WARN slow query: 192.168.57.185ms
ERROR file not found: /tmp/192.168.215.207.log
INFO connection established
WARN retry attempt 192.168.121.141 for 92439
WARN memory threshold reached: 192.168.189.144MB
INFO processed 192.168.178.215 items
FATAL segfault at address 0x192.168.121.141
DEBUG entering function foo
WARN disk usage 192.168.9.50%
INFO user 192.168.229.48 logged in
FATAL segfault at address 0x192.168.121.141
FATAL out of memory
FATAL segfault at address 0x192.168.121.141
WARN disk usage 192.168.197.186%
DEBUG entering function foo
INFO connection established
ERROR auth failure for user 192.168.211.158
WARN retry attempt 192.168.39.155 for 44156
FATAL unrecoverable disk error
FATAL kernel panic
WARN slow query: 192.168.39.155ms
FATAL unrecoverable disk error
INFO request from 192.168.57.185
ERROR connection timeout 503
WARN memory threshold reached: 192.168.189.144MB
WARN memory threshold reached: 192.168.141.220MB
DEBUG entering function foo
DEBUG entering function foo
INFO request from 192.168.39.155
ERROR connection timeout 503
DEBUG entering function foo
ERROR file not found: /tmp/192.168.189.144.log
DEBUG cache hit for key=192.168.189.144
ERROR null pointer in module 192.168.107.168
FATAL unrecoverable disk error
ERROR auth failure for user 192.168.9.50
ERROR connection timeout 503
DEBUG variable x=192.168.215.207
DEBUG cache hit for key=192.168.107.168
WARN retry attempt 192.168.92.139 for 9612
WARN disk usage 192.168.9.50%
ERROR connection timeout 503
WARN memory threshold reached: 192.168.229.48MB
INFO request from 192.168.141.220
INFO connection established
ERROR auth failure for user 192.168.197.186
ERROR connection timeout 503
WARN slow query: 192.168.141.220ms
WARN memory threshold reached: 192.168.215.207MB
ERROR file not found: /tmp/192.168.215.207.log
FATAL unrecoverable disk error
WARN retry attempt 192.168.36.209 for 2011
DEBUG variable x=192.168.121.141
INFO connection established
FATAL kernel panic
FATAL out of memory
FATAL out of memory
DEBUG heap size: 192.168.197.186
FATAL unrecoverable disk error
FATAL kernel panic
INFO processed 192.168.39.155 items
FATAL kernel panic
ERROR auth failure for user 192.168.141.220
FATAL segfault at address 0x192.168.189.144
INFO connection established
INFO user 192.168.197.186 logged in
ERROR auth failure for user 192.168.121.141
WARN slow query: 192.168.107.168ms
WARN retry attempt 192.168.92.139 for 40664
WARN disk usage 192.168.39.155%
FATAL kernel panic
INFO user 192.168.36.209 logged in
DEBUG heap size: 192.168.141.220
ERROR file not found: /tmp/192.168.141.220.log
DEBUG variable x=192.168.215.207
ERROR connection timeout 503
WARN slow query: 192.168.107.168ms
ERROR connection timeout 503
DEBUG cache hit for key=192.168.36.209
INFO request from 192.168.142.104
WARN memory threshold reached: 192.168.219.168MB
WARN memory threshold reached: 192.168.142.104MB
INFO user 192.168.142.104 logged in
WARN memory threshold reached: 192.168.178.6MB
FATAL unrecoverable disk error
ERROR file not found: /tmp/192.168.57.185.log
ERROR connection timeout 503
FATAL kernel panic
DEBUG entering function foo
DEBUG cache hit for key=192.168.189.144
INFO request from 192.168.229.48
DEBUG variable x=192.168.141.220
INFO processed 192.168.178.6 items
DEBUG entering function foo
WARN slow query: 192.168.57.185ms
WARN memory threshold reached: 192.168.92.139MB
FATAL kernel panic
DEBUG cache hit for key=192.168.142.104
DEBUG variable x=192.168.36.209
WARN memory threshold reached: 192.168.229.48MB
WARN disk usage 192.168.142.104%
DEBUG cache hit for key=192.168.57.185
WARN slow query: 192.168.178.215ms
FATAL out of memory
DEBUG cache hit for key=192.168.57.185
WARN memory threshold reached: 192.168.178.215MB
FATAL unrecoverable disk error
ERROR file not found: /tmp/192.168.36.209.log
DEBUG cache hit for key=192.168.36.209
ERROR auth failure for user 192.168.178.215
INFO request from 192.168.142.104
ERROR null pointer in module 192.168.141.220
INFO processed 192.168.189.144 items
INFO connection established
DEBUG variable x=192.168.9.50
INFO connection established
WARN memory threshold reached: 192.168.39.155MB
DEBUG cache hit for key=192.168.36.209
DEBUG entering function foo
INFO processed 192.168.229.48 items
FATAL unrecoverable disk error
ERROR auth failure for user 192.168.142.104
ERROR file not found: /tmp/192.168.178.6.log
WARN disk usage 192.168.229.48%
FATAL kernel panic
DEBUG entering function foo
FATAL segfault at address 0x192.168.178.6
ERROR auth failure for user 192.168.178.215
FATAL unrecoverable disk error
WARN disk usage 192.168.189.144%
WARN disk usage 192.168.211.158%
DEBUG heap size: 192.168.178.215
WARN slow query: 192.168.92.139ms
DEBUG variable x=192.168.197.186
INFO processed 192.168.39.155 items
WARN disk usage 192.168.9.50%
DEBUG cache hit for key=192.168.39.155
INFO request from 192.168.107.168
ERROR null pointer in module 192.168.60.30
INFO request from 192.168.92.139
INFO user 192.168.142.104 logged in
WARN slow query: 192.168.60.30ms
WARN retry attempt 192.168.229.48 for 85402
ERROR connection timeout 503
FATAL out of memory
FATAL out of memory
ERROR auth failure for user 192.168.36.209
FATAL kernel panic
INFO user 192.168.178.6 logged in
WARN disk usage 192.168.92.139%
WARN retry attempt 192.168.215.207 for 13186
DEBUG entering function foo
WARN memory threshold reached: 192.168.141.220MB
ERROR auth failure for user 192.168.178.6
FATAL segfault at address 0x192.168.219.168
INFO connection established
WARN memory threshold reached: 192.168.9.50MB
DEBUG heap size: 192.168.197.186
INFO processed 192.168.9.50 items
FATAL out of memory
DEBUG entering function foo
INFO request from 192.168.189.144
ERROR file not found: /tmp/192.168.219.168.log
FATAL segfault at address 0x192.168.92.139
WARN retry attempt 192.168.39.155 for 27559
WARN slow query: 192.168.219.168ms
FATAL segfault at address 0x192.168.9.50
FATAL kernel panic
INFO processed 192.168.57.185 items
WARN retry attempt 192.168.229.48 for 2708
ERROR connection timeout 503
ERROR connection timeout 503
ERROR connection timeout 503
FATAL segfault at address 0x192.168.189.144
WARN disk usage 192.168.121.141%
DEBUG heap size: 192.168.142.104
FATAL out of memory
DEBUG variable x=192.168.9.50
WARN retry attempt 192.168.229.48 for 59120
FATAL segfault at address 0x192.168.9.50
ERROR null pointer in module 192.168.189.144
DEBUG entering function foo
INFO processed 192.168.211.158 items
WARN memory threshold reached: 192.168.219.168MB
FATAL kernel panic
DEBUG variable x=192.168.121.141
ERROR null pointer in module 192.168.178.215
INFO connection established
INFO user 192.168.39.155 logged in
DEBUG cache hit for key=192.168.215.207
INFO request from 192.168.229.48
WARN disk usage 192.168.82.31%
WARN retry attempt 192.168.142.104 for 13234
FATAL kernel panic
WARN disk usage 192.168.121.141%
DEBUG heap size: 192.168.60.30
WARN memory threshold reached: 192.168.193.243MB
WARN disk usage 192.168.178.215%
ERROR file not found: /tmp/192.168.178.215.log
INFO request from 192.168.197.186
FATAL segfault at address 0x192.168.189.144
FATAL unrecoverable disk error
FATAL unrecoverable disk error
WARN slow query: 192.168.9.50ms
FATAL out of memory
INFO request from 192.168.229.48
INFO connection established
INFO connection established
FATAL out of memory
WARN memory threshold reached: 192.168.107.168MB
DEBUG variable x=192.168.82.31
DEBUG entering function foo
WARN disk usage 192.168.142.104%
ERROR auth failure for user 192.168.142.104
WARN memory threshold reached: 192.168.193.243MB
FATAL segfault at address 0x192.168.197.186
DEBUG entering function foo
ERROR file not found: /tmp/192.168.178.215.log
INFO processed 192.168.189.144 items
FATAL unrecoverable disk error
ERROR auth failure for user 192.168.141.220
WARN retry attempt 192.168.141.220 for 35306
DEBUG cache hit for key=192.168.141.220
FATAL unrecoverable disk error
INFO connection established
FATAL out of memory
FATAL segfault at address 0x192.168.142.104
DEBUG entering function foo
ERROR connection timeout 503
FATAL kernel panic
FATAL out of memory
FATAL kernel panic
ERROR connection timeout 503
WARN memory threshold reached: 192.168.57.185MB
INFO processed 192.168.121.141 items
ERROR auth failure for user 192.168.211.158
DEBUG heap size: 192.168.219.168
WARN memory threshold reached: 192.168.107.168MB
ERROR null pointer in module 192.168.219.168
INFO connection established
WARN retry attempt 192.168.36.209 for 91021
FATAL segfault at address 0x192.168.57.185
FATAL unrecoverable disk error
DEBUG cache hit for key=192.168.142.104
INFO connection established
WARN slow query: 192.168.189.144ms
WARN memory threshold reached: 192.168.142.104MB
INFO processed 192.168.219.168 items
INFO connection established
DEBUG entering function foo
ERROR connection timeout 503
INFO user 192.168.36.209 logged in
DEBUG heap size: 192.168.193.243
WARN slow query: 192.168.142.104ms
INFO user 192.168.39.155 logged in
INFO request from 192.168.211.158
ERROR auth failure for user 192.168.215.207
FATAL unrecoverable disk error
WARN retry attempt 192.168.39.155 for 75239
WARN slow query: 192.168.178.215ms
DEBUG cache hit for key=192.168.36.209
INFO connection established
FATAL out of memory
FATAL unrecoverable disk error
ERROR auth failure for user 192.168.121.141
INFO user 192.168.92.139 logged in
WARN memory threshold reached: 192.168.92.139MB
ERROR auth failure for user 192.168.178.215
DEBUG heap size: 192.168.193.243
FATAL kernel panic
WARN retry attempt 192.168.178.6 for 88955
FATAL out of memory
FATAL segfault at address 0x192.168.60.30
WARN retry attempt 192.168.229.48 for 94515
WARN memory threshold reached: 192.168.142.104MB
WARN memory threshold reached: 192.168.219.168MB
WARN retry attempt 192.168.193.243 for 48080
DEBUG cache hit for key=192.168.92.139
DEBUG entering function foo
WARN memory threshold reached: 192.168.142.104MB
WARN disk usage 192.168.178.215%
ERROR null pointer in module 192.168.36.209
DEBUG entering function foo
INFO user 192.168.39.155 logged in
DEBUG cache hit for key=192.168.219.168
DEBUG heap size: 192.168.82.31
FATAL unrecoverable disk error
ERROR file not found: /tmp/192.168.121.141.log
WARN disk usage 192.168.121.141%
FATAL out of memory
WARN slow query: 192.168.36.209ms
DEBUG entering function foo
WARN memory threshold reached: 192.168.57.185MB
WARN retry attempt 192.168.219.168 for 63672
WARN retry attempt 192.168.141.220 for 93108
ERROR file not found: /tmp/192.168.121.141.log
WARN memory threshold reached: 192.168.60.30MB
INFO connection established
INFO request from 192.168.142.104
DEBUG variable x=192.168.57.185
DEBUG entering function foo
DEBUG cache hit for key=192.168.36.209
FATAL unrecoverable disk error
DEBUG variable x=192.168.60.30
INFO request from 192.168.36.209
ERROR connection timeout 503
DEBUG variable x=192.168.197.186
ERROR connection timeout 503
INFO processed 192.168.82.31 items
ERROR file not found: /tmp/192.168.178.215.log
INFO user 192.168.215.207 logged in
DEBUG variable x=192.168.229.48
DEBUG variable x=192.168.141.220
WARN disk usage 192.168.219.168%
DEBUG variable x=192.168.219.168
WARN retry attempt 192.168.193.243 for 83559
DEBUG heap size: 192.168.215.207
WARN retry attempt 192.168.197.186 for 59909
WARN memory threshold reached: 192.168.82.31MB
FATAL segfault at address 0x192.168.178.6
ERROR auth failure for user 192.168.39.155
INFO user 192.168.189.144 logged in
ERROR auth failure for user 192.168.121.141
FATAL unrecoverable disk error
WARN retry attempt 192.168.178.6 for 57015
ERROR file not found: /tmp/192.168.36.209.log
FATAL segfault at address 0x192.168.193.243
WARN memory threshold reached: 192.168.60.30MB
FATAL unrecoverable disk error
ERROR null pointer in module 192.168.178.215
INFO processed 192.168.60.30 items
WARN disk usage 192.168.60.30%
INFO request from 192.168.215.207
FATAL kernel panic
DEBUG entering function foo
INFO request from 192.168.9.50
WARN retry attempt 192.168.57.185 for 56875
INFO connection established
FATAL out of memory
FATAL segfault at address 0x192.168.39.155
FATAL kernel panic
WARN slow query: 192.168.142.104ms
ERROR auth failure for user 192.168.229.48
ERROR auth failure for user 192.168.107.168
DEBUG cache hit for key=192.168.36.209
DEBUG heap size: 192.168.178.6
WARN slow query: 192.168.197.186ms
ERROR null pointer in module 192.168.178.215
ERROR auth failure for user 192.168.121.141
INFO connection established
DEBUG entering function foo
DEBUG variable x=192.168.193.243
DEBUG entering function foo
INFO request from 192.168.215.207
DEBUG heap size: 192.168.215.207
DEBUG cache hit for key=192.168.39.155
FATAL out of memory
DEBUG variable x=192.168.57.185
WARN memory threshold reached: 192.168.189.144MB
INFO request from 192.168.178.6
ERROR null pointer in module 192.168.92.139
WARN disk usage 192.168.39.155%
WARN disk usage 192.168.9.50%
WARN memory threshold reached: 192.168.57.185MB
INFO user 192.168.92.139 logged in
INFO user 192.168.178.6 logged in
WARN disk usage 192.168.219.168%
DEBUG heap size: 192.168.39.155
FATAL segfault at address 0x192.168.189.144
DEBUG entering function foo
WARN retry attempt 192.168.107.168 for 9647
FATAL unrecoverable disk error
DEBUG cache hit for key=192.168.215.207
INFO processed 192.168.82.31 items
DEBUG cache hit for key=192.168.197.186
ERROR connection timeout 503
INFO request from 192.168.229.48
INFO processed 192.168.142.104 items
ERROR null pointer in module 192.168.142.104
DEBUG variable x=192.168.36.209
INFO processed 192.168.193.243 items
ERROR file not found: /tmp/192.168.141.220.log
WARN retry attempt 192.168.219.168 for 23585
INFO connection established
FATAL out of memory
DEBUG cache hit for key=192.168.92.139
INFO processed 192.168.60.30 items
WARN slow query: 192.168.219.168ms
WARN slow query: 192.168.39.155ms
WARN retry attempt 192.168.142.104 for 75011
INFO user 192.168.189.144 logged in
DEBUG entering function foo
INFO user 192.168.57.185 logged in
WARN retry attempt 192.168.36.209 for 89228
WARN slow query: 192.168.197.186ms
ERROR null pointer in module 192.168.193.243
FATAL kernel panic
DEBUG heap size: 192.168.36.209
ERROR file not found: /tmp/192.168.82.31.log
INFO user 192.168.178.215 logged in
DEBUG heap size: 192.168.107.168
DEBUG variable x=192.168.141.220
DEBUG cache hit for key=192.168.229.48
INFO connection established
WARN memory threshold reached: 192.168.60.30MB
INFO processed 192.168.142.104 items
FATAL kernel panic
WARN slow query: 192.168.215.207ms
INFO user 192.168.60.30 logged in
ERROR auth failure for user 192.168.82.31
WARN disk usage 192.168.92.139%
ERROR auth failure for user 192.168.57.185
FATAL segfault at address 0x192.168.141.220
FATAL out of memory
INFO user 192.168.189.144 logged in
FATAL unrecoverable disk error
FATAL kernel panic
ERROR null pointer in module 192.168.178.6
WARN memory threshold reached: 192.168.82.31MB
INFO connection established
INFO user 192.168.229.48 logged in
DEBUG heap size: 192.168.189.144
DEBUG heap size: 192.168.219.168
WARN retry attempt 192.168.92.139 for 72410
WARN retry attempt 192.168.39.155 for 43281
DEBUG cache hit for key=192.168.36.209
INFO connection established
ERROR file not found: /tmp/192.168.215.207.log
WARN slow query: 192.168.178.6ms
WARN disk usage 192.168.82.31%
WARN memory threshold reached: 192.168.178.215MB
INFO request from 192.168.9.50
DEBUG entering function foo
ERROR connection timeout 503
DEBUG cache hit for key=192.168.197.186
INFO connection established
INFO processed 192.168.215.207 items
FATAL segfault at address 0x192.168.178.215
FATAL kernel panic
ERROR connection timeout 503
INFO processed 192.168.121.141 items
WARN disk usage 192.168.189.144%
WARN memory threshold reached: 192.168.229.48MB
WARN slow query: 192.168.9.50ms
DEBUG cache hit for key=192.168.197.186
WARN memory threshold reached: 192.168.178.6MB
DEBUG heap size: 192.168.82.31
FATAL kernel panic
DEBUG heap size: 192.168.229.48
DEBUG entering function foo
FATAL out of memory
ERROR auth failure for user 192.168.82.31
FATAL segfault at address 0x192.168.178.6
INFO connection established
INFO connection established
WARN memory threshold reached: 192.168.57.185MB
INFO connection established
DEBUG cache hit for key=192.168.82.31
INFO processed 192.168.189.144 items
WARN slow query: 192.168.9.50ms
DEBUG heap size: 192.168.107.168
FATAL out of memory
ERROR auth failure for user 192.168.211.158
ERROR file not found: /tmp/192.168.39.155.log
ERROR file not found: /tmp/192.168.142.104.log
INFO processed 192.168.107.168 items
FATAL segfault at address 0x192.168.142.104
INFO request from 192.168.121.141
ERROR auth failure for user 192.168.211.158
FATAL unrecoverable disk error
INFO request from 192.168.219.168
FATAL out of memory
ERROR connection timeout 503
FATAL unrecoverable disk error
FATAL segfault at address 0x192.168.36.209
INFO connection established
WARN memory threshold reached: 192.168.121.141MB
ERROR file not found: /tmp/192.168.107.168.log
WARN disk usage 192.168.39.155%
ERROR auth failure for user 192.168.142.104
WARN retry attempt 192.168.197.186 for 51905
ERROR auth failure for user 192.168.142.104
WARN retry attempt 192.168.197.186 for 90430
INFO user 192.168.178.6 logged in
INFO processed 192.168.39.155 items
FATAL kernel panic
INFO connection established
DEBUG cache hit for key=192.168.215.207
DEBUG variable x=192.168.193.243
ERROR connection timeout 503
ERROR null pointer in module 192.168.178.215
ERROR null pointer in module 192.168.211.158
DEBUG entering function foo
INFO connection established
ERROR file not found: /tmp/192.168.178.6.log
WARN retry attempt 192.168.193.243 for 71613
FATAL segfault at address 0x192.168.82.31
DEBUG heap size: 192.168.189.144
DEBUG cache hit for key=192.168.39.155
ERROR connection timeout 503
INFO request from 192.168.36.209
DEBUG variable x=192.168.121.141
INFO user 192.168.57.185 logged in
DEBUG cache hit for key=192.168.189.144
WARN retry attempt 192.168.142.104 for 14311
ERROR null pointer in module 192.168.141.220
INFO request from 192.168.60.30
INFO request from 192.168.211.158
INFO connection established
WARN disk usage 192.168.57.185%
DEBUG cache hit for key=192.168.178.215
INFO processed 192.168.178.6 items
FATAL unrecoverable disk error
WARN disk usage 192.168.229.48%
ERROR connection timeout 503
FATAL kernel panic
FATAL segfault at address 0x192.168.142.104
INFO processed 192.168.211.158 items
WARN retry attempt 192.168.121.141 for 75410
ERROR connection timeout 503
DEBUG cache hit for key=192.168.121.141
ERROR connection timeout 503
INFO request from 192.168.229.48
DEBUG entering function foo
DEBUG heap size: 192.168.57.185
INFO user 192.168.189.144 logged in
WARN retry attempt 192.168.60.30 for 11603
WARN disk usage 192.168.82.31%
DEBUG cache hit for key=192.168.39.155
INFO user 192.168.92.139 logged in
FATAL kernel panic
INFO connection established
ERROR auth failure for user 192.168.60.30
INFO request from 192.168.189.144
DEBUG cache hit for key=192.168.197.186
ERROR file not found: /tmp/192.168.189.144.log
FATAL unrecoverable disk error
FATAL kernel panic
FATAL unrecoverable disk error
DEBUG variable x=192.168.39.155
WARN slow query: 192.168.57.185ms
WARN retry attempt 192.168.82.31 for 12347
WARN slow query: 192.168.82.31ms
ERROR file not found: /tmp/192.168.178.215.log
FATAL segfault at address 0x192.168.60.30
FATAL out of memory
DEBUG variable x=192.168.60.30
DEBUG entering function foo
DEBUG heap size: 192.168.60.30
INFO connection established
FATAL out of memory
INFO request from 192.168.82.31
WARN retry attempt 192.168.92.139 for 36381
WARN disk usage 192.168.9.50%
DEBUG entering function foo
DEBUG entering function foo
INFO connection established
ERROR auth failure for user 192.168.121.141
FATAL kernel panic
ERROR connection timeout 503
INFO processed 192.168.229.48 items
INFO connection established
DEBUG variable x=192.168.121.141
INFO user 192.168.141.220 logged in
ERROR connection timeout 503
INFO user 192.168.82.31 logged in
WARN disk usage 192.168.178.215%
ERROR connection timeout 503
FATAL out of memory
ERROR connection timeout 503
DEBUG cache hit for key=192.168.178.215
DEBUG variable x=192.168.189.144
WARN slow query: 192.168.57.185ms
INFO user 192.168.107.168 logged in
INFO connection established
INFO processed 192.168.82.31 items
FATAL kernel panic
WARN memory threshold reached: 192.168.9.50MB
FATAL unrecoverable disk error
FATAL unrecoverable disk error
ERROR connection timeout 503
DEBUG heap size: 192.168.197.186
DEBUG entering function foo
WARN slow query: 192.168.142.104ms
DEBUG cache hit for key=192.168.36.209
DEBUG entering function foo
WARN slow query: 192.168.178.6ms
INFO connection established
INFO connection established
FATAL unrecoverable disk error
FATAL unrecoverable disk error
ERROR null pointer in module 192.168.107.168
INFO connection established
INFO connection established
ERROR connection timeout 503
INFO connection established
DEBUG entering function foo
ERROR auth failure for user 192.168.107.168
ERROR file not found: /tmp/192.168.193.243.log
DEBUG cache hit for key=192.168.121.141
DEBUG heap size: 192.168.178.215
DEBUG entering function foo
DEBUG heap size: 192.168.92.139
ERROR connection timeout 503
INFO request from 192.168.57.185
ERROR auth failure for user 192.168.193.243
ERROR auth failure for user 192.168.39.155
WARN memory threshold reached: 192.168.141.220MB
ERROR connection timeout 503
WARN slow query: 192.168.92.139ms
DEBUG entering function foo
FATAL out of memory
WARN disk usage 192.168.141.220%
INFO user 192.168.197.186 logged in
INFO user 192.168.60.30 logged in
FATAL unrecoverable disk error
ERROR null pointer in module 192.168.60.30
WARN disk usage 192.168.92.139%
DEBUG entering function foo
FATAL kernel panic
ERROR null pointer in module 192.168.82.31
INFO processed 192.168.39.155 items
FATAL out of memory
FATAL kernel panic
DEBUG variable x=192.168.107.168
INFO connection established
INFO connection established
ERROR connection timeout 503
FATAL unrecoverable disk error
WARN retry attempt 192.168.219.168 for 30008
DEBUG cache hit for key=192.168.178.6
DEBUG variable x=192.168.229.48
FATAL segfault at address 0x192.168.178.6
ERROR connection timeout 503
DEBUG heap size: 192.168.141.220
DEBUG cache hit for key=192.168.9.50
DEBUG entering function foo
DEBUG heap size: 192.168.107.168
WARN disk usage 192.168.178.6%
INFO user 192.168.189.144 logged in
WARN disk usage 192.168.121.141%
FATAL unrecoverable disk error
WARN slow query: 192.168.60.30ms
DEBUG entering function foo
ERROR auth failure for user 192.168.141.220
ERROR connection timeout 503
ERROR auth failure for user 192.168.9.50
INFO processed 192.168.92.139 items
DEBUG entering function foo
WARN memory threshold reached: 192.168.197.186MB
ERROR auth failure for user 192.168.39.155
WARN disk usage 192.168.189.144%
DEBUG entering function foo
INFO request from 192.168.197.186
FATAL segfault at address 0x192.168.9.50
WARN slow query: 192.168.211.158ms
FATAL segfault at address 0x192.168.82.31
INFO user 192.168.229.48 logged in
INFO processed 192.168.107.168 items
WARN slow query: 192.168.107.168ms
FATAL unrecoverable disk error
WARN retry attempt 192.168.229.48 for 2240
INFO request from 192.168.36.209
WARN memory threshold reached: 192.168.107.168MB
DEBUG heap size: 192.168.39.155
ERROR connection timeout 503
INFO user 192.168.107.168 logged in
ERROR file not found: /tmp/192.168.39.155.log
WARN memory threshold reached: 192.168.107.168MB
WARN disk usage 192.168.39.155%
WARN disk usage 192.168.178.215%
FATAL segfault at address 0x192.168.9.50
ERROR file not found: /tmp/192.168.9.50.log
ERROR file not found: /tmp/192.168.57.185.log
FATAL segfault at address 0x192.168.60.30
DEBUG cache hit for key=192.168.229.48
INFO request from 192.168.211.158
INFO request from 192.168.60.30
WARN slow query: 192.168.9.50ms
INFO user 192.168.107.168 logged in
WARN retry attempt 192.168.229.48 for 10882
FATAL kernel panic
WARN memory threshold reached: 192.168.219.168MB
DEBUG variable x=192.168.60.30
ERROR file not found: /tmp/192.168.121.141.log
DEBUG cache hit for key=192.168.36.209
DEBUG variable x=192.168.36.209
ERROR auth failure for user 192.168.189.144
DEBUG cache hit for key=192.168.219.168
WARN slow query: 192.168.211.158ms
WARN slow query: 192.168.92.139ms
DEBUG variable x=192.168.107.168
FATAL out of memory
FATAL unrecoverable disk error
INFO request from 192.168.197.186
INFO connection established
FATAL unrecoverable disk error
WARN slow query: 192.168.92.139ms
FATAL segfault at address 0x192.168.92.139
ERROR auth failure for user 192.168.197.186
INFO request from 192.168.36.209
INFO user 192.168.36.209 logged in
ERROR file not found: /tmp/192.168.219.168.log
FATAL segfault at address 0x192.168.178.215
DEBUG heap size: 192.168.229.48
INFO user 192.168.189.144 logged in
DEBUG cache hit for key=192.168.189.144
DEBUG variable x=192.168.211.158
DEBUG cache hit for key=192.168.215.207
INFO processed 192.168.57.185 items
INFO user 192.168.57.185 logged in
INFO connection established
WARN disk usage 192.168.142.104%
WARN disk usage 192.168.36.209%
INFO user 192.168.197.186 logged in
DEBUG cache hit for key=192.168.39.155
INFO connection established
WARN disk usage 192.168.178.215%
FATAL unrecoverable disk error
FATAL unrecoverable disk error
ERROR auth failure for user 192.168.193.243
FATAL kernel panic
DEBUG cache hit for key=192.168.107.168
FATAL unrecoverable disk error
WARN disk usage 192.168.57.185%
INFO connection established
DEBUG entering function foo
ERROR connection timeout 503
ERROR null pointer in module 192.168.60.30
ERROR file not found: /tmp/192.168.189.144.log
WARN disk usage 192.168.57.185%
DEBUG heap size: 192.168.9.50
INFO processed 192.168.178.215 items
ERROR null pointer in module 192.168.178.215
FATAL out of memory
ERROR connection timeout 503
ERROR auth failure for user 192.168.211.158
INFO request from 192.168.229.48
FATAL unrecoverable disk error
ERROR file not found: /tmp/192.168.178.6.log
DEBUG heap size: 192.168.178.6
FATAL kernel panic
FATAL kernel panic
WARN disk usage 192.168.141.220%
WARN memory threshold reached: 192.168.178.6MB
WARN slow query: 192.168.92.139ms
INFO user 192.168.107.168 logged in
FATAL out of memory
ERROR auth failure for user 192.168.36.209
ERROR file not found: /tmp/192.168.141.220.log
ERROR connection timeout 503
WARN disk usage 192.168.36.209%
WARN slow query: 192.168.141.220ms
FATAL kernel panic
INFO user 192.168.189.144 logged in
FATAL unrecoverable disk error
INFO user 192.168.142.104 logged in
INFO user 192.168.142.104 logged in
DEBUG entering function foo
INFO connection established
WARN retry attempt 192.168.215.207 for 6465
WARN retry attempt 192.168.197.186 for 28104
ERROR null pointer in module 192.168.178.215
WARN retry attempt 192.168.211.158 for 64578
DEBUG cache hit for key=192.168.57.185
DEBUG variable x=192.168.215.207
ERROR file not found: /tmp/192.168.92.139.log
DEBUG entering function foo
INFO request from 192.168.57.185
WARN disk usage 192.168.142.104%
WARN retry attempt 192.168.178.6 for 66944
FATAL out of memory
INFO processed 192.168.178.215 items
INFO processed 192.168.82.31 items
DEBUG cache hit for key=192.168.92.139
ERROR auth failure for user 192.168.229.48
WARN disk usage 192.168.178.215%
ERROR connection timeout 503
WARN slow query: 192.168.219.168ms
FATAL out of memory
ERROR file not found: /tmp/192.168.178.6.log
FATAL unrecoverable disk error
ERROR connection timeout 503
ERROR file not found: /tmp/192.168.141.220.log
WARN disk usage 192.168.211.158%
FATAL unrecoverable disk error
DEBUG cache hit for key=192.168.36.209
ERROR null pointer in module 192.168.107.168
DEBUG variable x=192.168.92.139
DEBUG cache hit for key=192.168.107.168
DEBUG variable x=192.168.92.139
ERROR null pointer in module 192.168.211.158
INFO request from 192.168.82.31
FATAL segfault at address 0x192.168.193.243
ERROR connection timeout 503
INFO request from 192.168.215.207
ERROR file not found: /tmp/192.168.141.220.log
WARN retry attempt 192.168.229.48 for 21100
ERROR connection timeout 503
DEBUG heap size: 192.168.229.48
FATAL out of memory
WARN slow query: 192.168.178.6ms
FATAL out of memory
FATAL unrecoverable disk error
INFO processed 192.168.142.104 items
INFO request from 192.168.141.220
INFO request from 192.168.60.30
DEBUG variable x=192.168.121.141
FATAL segfault at address 0x192.168.178.215
DEBUG heap size: 192.168.142.104
WARN slow query: 192.168.107.168ms
ERROR null pointer in module 192.168.219.168
DEBUG cache hit for key=192.168.197.186
INFO user 192.168.219.168 logged in
WARN slow query: 192.168.178.6ms
FATAL unrecoverable disk error
ERROR null pointer in module 192.168.215.207
DEBUG cache hit for key=192.168.189.144
DEBUG cache hit for key=192.168.178.215
INFO request from 192.168.229.48
WARN memory threshold reached: 192.168.142.104MB
ERROR connection timeout 503
INFO request from 192.168.57.185
FATAL kernel panic
ERROR auth failure for user 192.168.193.243
DEBUG variable x=192.168.9.50
DEBUG entering function foo
FATAL unrecoverable disk error
INFO user 192.168.178.6 logged in
FATAL out of memory
WARN slow query: 192.168.39.155ms
DEBUG cache hit for key=192.168.178.6
INFO request from 192.168.178.6
WARN retry attempt 192.168.82.31 for 50269
FATAL kernel panic
INFO connection established
FATAL unrecoverable disk error
WARN slow query: 192.168.178.6ms
FATAL kernel panic
ERROR file not found: /tmp/192.168.211.158.log
WARN memory threshold reached: 192.168.36.209MB
FATAL unrecoverable disk error
FATAL kernel panic
WARN retry attempt 192.168.211.158 for 16531
WARN slow query: 192.168.36.209ms
DEBUG cache hit for key=192.168.9.50
INFO processed 192.168.229.48 items
WARN slow query: 192.168.36.209ms
ERROR auth failure for user 192.168.60.30
DEBUG heap size: 192.168.215.207
FATAL unrecoverable disk error
INFO processed 192.168.141.220 items
DEBUG heap size: 192.168.178.215
FATAL unrecoverable disk error
ERROR connection timeout 503
WARN slow query: 192.168.189.144ms
INFO request from 192.168.9.50
FATAL out of memory
DEBUG cache hit for key=192.168.142.104
WARN memory threshold reached: 192.168.193.243MB
ERROR file not found: /tmp/192.168.121.141.log
ERROR file not found: /tmp/192.168.219.168.log
WARN memory threshold reached: 192.168.9.50MB
DEBUG cache hit for key=192.168.193.243
ERROR file not found: /tmp/192.168.107.168.log
DEBUG variable x=192.168.142.104
ERROR auth failure for user 192.168.215.207
INFO request from 192.168.211.158
WARN retry attempt 192.168.60.30 for 46174
WARN retry attempt 192.168.60.30 for 52951
ERROR auth failure for user 192.168.121.141
WARN retry attempt 192.168.219.168 for 82111
WARN disk usage 192.168.82.31%
ERROR null pointer in module 192.168.57.185
DEBUG entering function foo
INFO request from 192.168.82.31
DEBUG variable x=192.168.141.220
DEBUG heap size: 192.168.211.158
DEBUG heap size: 192.168.219.168
INFO request from 192.168.178.6
DEBUG cache hit for key=192.168.215.207
FATAL segfault at address 0x192.168.9.50
WARN retry attempt 192.168.142.104 for 1742
WARN retry attempt 192.168.121.141 for 6767
ERROR null pointer in module 192.168.215.207
ERROR file not found: /tmp/192.168.121.141.log
FATAL unrecoverable disk error
ERROR file not found: /tmp/192.168.193.243.log
DEBUG heap size: 192.168.121.141
INFO connection established
DEBUG entering function foo
INFO user 192.168.36.209 logged in
DEBUG cache hit for key=192.168.219.168
INFO user 192.168.36.209 logged in
FATAL unrecoverable disk error
DEBUG heap size: 192.168.193.243
WARN slow query: 192.168.219.168ms
INFO user 192.168.92.139 logged in
ERROR file not found: /tmp/192.168.219.168.log
INFO processed 192.168.57.185 items
INFO user 192.168.39.155 logged in
DEBUG cache hit for key=192.168.197.186
WARN retry attempt 192.168.60.30 for 61250
INFO connection established
WARN slow query: 192.168.36.209ms
ERROR null pointer in module 192.168.215.207
ERROR file not found: /tmp/192.168.121.141.log
FATAL segfault at address 0x192.168.57.185
ERROR file not found: /tmp/192.168.219.168.log
WARN retry attempt 192.168.141.220 for 13646
FATAL kernel panic
DEBUG variable x=192.168.211.158
DEBUG variable x=192.168.82.31
DEBUG heap size: 192.168.197.186
FATAL segfault at address 0x192.168.189.144
DEBUG entering function foo
WARN slow query: 192.168.39.155ms
WARN retry attempt 192.168.219.168 for 86176
INFO connection established
INFO request from 192.168.215.207
FATAL out of memory
FATAL segfault at address 0x192.168.193.243
DEBUG heap size: 192.168.107.168
WARN memory threshold reached: 192.168.107.168MB
DEBUG variable x=192.168.229.48
DEBUG variable x=192.168.141.220
FATAL kernel panic
DEBUG cache hit for key=192.168.215.207
FATAL out of memory
ERROR file not found: /tmp/192.168.229.48.log
INFO connection established
INFO processed 192.168.189.144 items
WARN slow query: 192.168.57.185ms
DEBUG heap size: 192.168.9.50
WARN retry attempt 192.168.107.168 for 6241
INFO processed 192.168.39.155 items
INFO request from 192.168.219.168
FATAL kernel panic
ERROR connection timeout 503
WARN disk usage 192.168.211.158%
FATAL out of memory
ERROR file not found: /tmp/192.168.121.141.log
FATAL out of memory
DEBUG variable x=192.168.82.31
DEBUG heap size: 192.168.39.155
FATAL segfault at address 0x192.168.189.144
INFO user 192.168.219.168 logged in
DEBUG entering function foo
ERROR connection timeout 503
FATAL unrecoverable disk error
DEBUG cache hit for key=192.168.82.31
FATAL segfault at address 0x192.168.193.243
FATAL kernel panic
DEBUG heap size: 192.168.211.158
FATAL unrecoverable disk error
INFO request from 192.168.107.168
ERROR null pointer in module 192.168.193.243
FATAL segfault at address 0x192.168.39.155
DEBUG heap size: 192.168.121.141
ERROR auth failure for user 192.168.142.104
FATAL unrecoverable disk error
DEBUG cache hit for key=192.168.197.186
FATAL kernel panic
DEBUG cache hit for key=192.168.107.168
WARN memory threshold reached: 192.168.9.50MB
DEBUG variable x=192.168.82.31
INFO user 192.168.229.48 logged in
INFO connection established
DEBUG cache hit for key=192.168.141.220
WARN retry attempt 192.168.121.141 for 20240
ERROR connection timeout 503
INFO user 192.168.36.209 logged in
DEBUG heap size: 192.168.215.207
DEBUG variable x=192.168.92.139
DEBUG entering function foo
ERROR null pointer in module 192.168.57.185
WARN retry attempt 192.168.229.48 for 54357
DEBUG heap size: 192.168.60.30
ERROR null pointer in module 192.168.107.168
INFO connection established
WARN slow query: 192.168.82.31ms
INFO user 192.168.178.6 logged in
INFO request from 192.168.189.144
DEBUG variable x=192.168.121.141
FATAL unrecoverable disk error
FATAL segfault at address 0x192.168.229.48
ERROR null pointer in module 192.168.215.207
ERROR file not found: /tmp/192.168.229.48.log
ERROR connection timeout 503
INFO connection established
ERROR connection timeout 503
DEBUG variable x=192.168.141.220
FATAL segfault at address 0x192.168.193.243
INFO connection established
FATAL segfault at address 0x192.168.211.158
ERROR auth failure for user 192.168.36.209
ERROR auth failure for user 192.168.57.185
ERROR file not found: /tmp/192.168.193.243.log
WARN retry attempt 192.168.82.31 for 83048
INFO request from 192.168.211.158
DEBUG heap size: 192.168.178.215
ERROR connection timeout 503
WARN disk usage 192.168.142.104%
WARN retry attempt 192.168.9.50 for 71590
FATAL out of memory
FATAL kernel panic
WARN memory threshold reached: 192.168.219.168MB
DEBUG entering function foo
ERROR connection timeout 503
FATAL unrecoverable disk error
FATAL segfault at address 0x192.168.9.50
ERROR auth failure for user 192.168.57.185
INFO connection established
ERROR connection timeout 503
WARN memory threshold reached: 192.168.229.48MB
DEBUG variable x=192.168.193.243
DEBUG cache hit for key=192.168.39.155
DEBUG heap size: 192.168.141.220
INFO user 192.168.215.207 logged in
INFO user 192.168.178.6 logged in
ERROR auth failure for user 192.168.57.185
DEBUG variable x=192.168.197.186
WARN slow query: 192.168.229.48ms
WARN slow query: 192.168.229.48ms
WARN memory threshold reached: 192.168.121.141MB
ERROR null pointer in module 192.168.189.144
WARN retry attempt 192.168.36.209 for 7221
INFO user 192.168.229.48 logged in
INFO request from 192.168.121.141
INFO connection established
FATAL out of memory
WARN disk usage 192.168.9.50%
WARN retry attempt 192.168.189.144 for 93107
FATAL segfault at address 0x192.168.215.207
ERROR file not found: /tmp/192.168.82.31.log
INFO processed 192.168.121.141 items
FATAL segfault at address 0x192.168.60.30
INFO connection established
WARN memory threshold reached: 192.168.92.139MB
ERROR null pointer in module 192.168.219.168
FATAL out of memory
FATAL kernel panic
ERROR connection timeout 503
DEBUG variable x=192.168.197.186
FATAL out of memory
INFO connection established
FATAL out of memory
INFO request from 192.168.142.104
DEBUG cache hit for key=192.168.141.220
FATAL kernel panic
WARN memory threshold reached: 192.168.193.243MB
FATAL kernel panic
FATAL unrecoverable disk error
FATAL unrecoverable disk error
WARN disk usage 192.168.219.168%
ERROR connection timeout 503
FATAL segfault at address 0x192.168.211.158
DEBUG cache hit for key=192.168.82.31
ERROR auth failure for user 192.168.178.215
DEBUG cache hit for key=192.168.219.168
WARN retry attempt 192.168.141.220 for 35512
ERROR null pointer in module 192.168.197.186
ERROR connection timeout 503
INFO user 192.168.9.50 logged in
ERROR auth failure for user 192.168.193.243
ERROR auth failure for user 192.168.178.6
WARN memory threshold reached: 192.168.215.207MB
FATAL unrecoverable disk error
WARN retry attempt 192.168.193.243 for 3497
WARN memory threshold reached: 192.168.189.144MB
FATAL unrecoverable disk error
FATAL unrecoverable disk error
DEBUG variable x=192.168.193.243
DEBUG variable x=192.168.57.185
ERROR auth failure for user 192.168.178.215
WARN disk usage 192.168.215.207%
WARN memory threshold reached: 192.168.178.215MB
FATAL unrecoverable disk error
DEBUG variable x=192.168.178.6
DEBUG heap size: 192.168.121.141
ERROR file not found: /tmp/192.168.82.31.log
INFO connection established
DEBUG entering function foo
DEBUG cache hit for key=192.168.197.186
DEBUG heap size: 192.168.219.168
WARN memory threshold reached: 192.168.215.207MB
DEBUG entering function foo
WARN memory threshold reached: 192.168.211.158MB
ERROR null pointer in module 192.168.57.185
FATAL segfault at address 0x192.168.215.207
FATAL segfault at address 0x192.168.178.215
INFO request from 192.168.211.158
INFO processed 192.168.211.158 items
DEBUG variable x=192.168.189.144
INFO processed 192.168.178.215 items
WARN disk usage 192.168.215.207%
ERROR file not found: /tmp/192.168.36.209.log
DEBUG variable x=192.168.107.168
ERROR null pointer in module 192.168.36.209
INFO request from 192.168.197.186
INFO processed 192.168.178.215 items
DEBUG variable x=192.168.60.30
FATAL unrecoverable disk error
INFO connection established
DEBUG variable x=192.168.107.168
FATAL segfault at address 0x192.168.178.6
FATAL unrecoverable disk error
FATAL out of memory
ERROR file not found: /tmp/192.168.57.185.log
WARN slow query: 192.168.178.6ms
FATAL kernel panic
FATAL out of memory
INFO user 192.168.211.158 logged in
INFO processed 192.168.142.104 items
WARN disk usage 192.168.197.186%
FATAL segfault at address 0x192.168.215.207
DEBUG variable x=192.168.57.185
DEBUG variable x=192.168.107.168
INFO connection established
WARN memory threshold reached: 192.168.211.158MB
ERROR null pointer in module 192.168.36.209
ERROR file not found: /tmp/192.168.189.144.log
DEBUG variable x=192.168.142.104
FATAL unrecoverable disk error
ERROR null pointer in module 192.168.121.141
FATAL kernel panic
DEBUG variable x=192.168.178.215
DEBUG variable x=192.168.82.31
WARN retry attempt 192.168.36.209 for 53409
DEBUG entering function foo
INFO connection established
WARN slow query: 192.168.107.168ms
DEBUG heap size: 192.168.142.104
WARN memory threshold reached: 192.168.60.30MB
ERROR file not found: /tmp/192.168.9.50.log
WARN disk usage 192.168.215.207%
FATAL out of memory
WARN disk usage 192.168.107.168%
FATAL out of memory
INFO connection established
INFO processed 192.168.39.155 items
ERROR auth failure for user 192.168.211.158
ERROR connection timeout 503
ERROR auth failure for user 192.168.142.104
DEBUG entering function foo
DEBUG entering function foo
ERROR connection timeout 503
ERROR connection timeout 503
ERROR auth failure for user 192.168.193.243
DEBUG variable x=192.168.142.104
WARN retry attempt 192.168.36.209 for 27369
ERROR null pointer in module 192.168.178.215
WARN disk usage 192.168.142.104%
FATAL unrecoverable disk error
INFO connection established
DEBUG cache hit for key=192.168.39.155
FATAL out of memory
DEBUG cache hit for key=192.168.189.144
DEBUG heap size: 192.168.141.220
ERROR file not found: /tmp/192.168.9.50.log
DEBUG entering function foo
WARN slow query: 192.168.178.215ms
INFO user 192.168.107.168 logged in
WARN memory threshold reached: 192.168.189.144MB
FATAL out of memory
ERROR file not found: /tmp/192.168.215.207.log
ERROR connection timeout 503
DEBUG cache hit for key=192.168.82.31
INFO user 192.168.9.50 logged in
ERROR null pointer in module 192.168.142.104
INFO request from 192.168.142.104
ERROR file not found: /tmp/192.168.229.48.log
FATAL unrecoverable disk error
WARN memory threshold reached: 192.168.197.186MB
DEBUG heap size: 192.168.215.207
FATAL out of memory
INFO connection established
FATAL unrecoverable disk error
FATAL out of memory
FATAL segfault at address 0x192.168.197.186
FATAL kernel panic
DEBUG variable x=192.168.9.50
FATAL unrecoverable disk error
FATAL kernel panic
WARN slow query: 192.168.229.48ms
WARN retry attempt 192.168.36.209 for 78452
INFO connection established
FATAL kernel panic
ERROR connection timeout 503
DEBUG variable x=192.168.178.6
WARN slow query: 192.168.57.185ms
ERROR null pointer in module 192.168.178.215
ERROR null pointer in module 192.168.36.209
INFO processed 192.168.9.50 items
INFO user 192.168.197.186 logged in
ERROR null pointer in module 192.168.229.48
DEBUG heap size: 192.168.178.215
WARN retry attempt 192.168.178.215 for 72464
INFO user 192.168.92.139 logged in
INFO connection established
WARN memory threshold reached: 192.168.193.243MB
INFO user 192.168.189.144 logged in
DEBUG entering function foo
WARN memory threshold reached: 192.168.193.243MB
ERROR file not found: /tmp/192.168.197.186.log
DEBUG entering function foo
ERROR file not found: /tmp/192.168.60.30.log
WARN retry attempt 192.168.142.104 for 32807
DEBUG cache hit for key=192.168.215.207
ERROR auth failure for user 192.168.121.141
DEBUG heap size: 192.168.193.243
ERROR null pointer in module 192.168.178.6
ERROR file not found: /tmp/192.168.82.31.log
ERROR auth failure for user 192.168.82.31
WARN memory threshold reached: 192.168.82.31MB
ERROR auth failure for user 192.168.178.215
DEBUG heap size: 192.168.189.144
DEBUG variable x=192.168.141.220
FATAL segfault at address 0x192.168.178.6
ERROR auth failure for user 192.168.178.6
ERROR auth failure for user 192.168.197.186
ERROR null pointer in module 192.168.211.158
ERROR auth failure for user 192.168.9.50
DEBUG variable x=192.168.39.155
INFO user 192.168.121.141 logged in
DEBUG heap size: 192.168.36.209
INFO user 192.168.9.50 logged in
ERROR null pointer in module 192.168.82.31
FATAL unrecoverable disk error
DEBUG heap size: 192.168.211.158
ERROR null pointer in module 192.168.178.6
ERROR auth failure for user 192.168.121.141
DEBUG entering function foo
ERROR null pointer in module 192.168.193.243
WARN disk usage 192.168.215.207%
ERROR file not found: /tmp/192.168.142.104.log
ERROR file not found: /tmp/192.168.229.48.log
WARN disk usage 192.168.178.215%
ERROR connection timeout 503
WARN retry attempt 192.168.92.139 for 84240
DEBUG entering function foo
INFO connection established
FATAL out of memory
ERROR file not found: /tmp/192.168.215.207.log
INFO connection established
FATAL out of memory
INFO processed 192.168.197.186 items
DEBUG heap size: 192.168.57.185
ERROR connection timeout 503
ERROR connection timeout 503
ERROR auth failure for user 192.168.141.220
WARN retry attempt 192.168.197.186 for 17723
WARN disk usage 192.168.9.50%
ERROR null pointer in module 192.168.82.31
ERROR file not found: /tmp/192.168.141.220.log
DEBUG variable x=192.168.57.185
DEBUG variable x=192.168.121.141
FATAL unrecoverable disk error
FATAL segfault at address 0x192.168.141.220
INFO connection established
WARN slow query: 192.168.178.6ms
DEBUG cache hit for key=192.168.229.48
DEBUG entering function foo
WARN retry attempt 192.168.141.220 for 26296
ERROR null pointer in module 192.168.197.186
FATAL unrecoverable disk error
INFO connection established
FATAL unrecoverable disk error
ERROR null pointer in module 192.168.36.209
FATAL out of memory
WARN memory threshold reached: 192.168.36.209MB
DEBUG cache hit for key=192.168.219.168
INFO processed 192.168.39.155 items
INFO request from 192.168.60.30
ERROR file not found: /tmp/192.168.189.144.log
FATAL segfault at address 0x192.168.219.168
FATAL out of memory
INFO user 192.168.121.141 logged in
WARN disk usage 192.168.178.215%
DEBUG cache hit for key=192.168.215.207
INFO request from 192.168.211.158
ERROR null pointer in module 192.168.141.220
DEBUG cache hit for key=192.168.141.220
WARN retry attempt 192.168.197.186 for 79257
DEBUG variable x=192.168.178.6
ERROR file not found: /tmp/192.168.229.48.log
FATAL kernel panic
FATAL segfault at address 0x192.168.229.48
WARN disk usage 192.168.178.215%
WARN slow query: 192.168.193.243ms
ERROR connection timeout 503
WARN disk usage 192.168.107.168%
DEBUG entering function foo
INFO user 192.168.142.104 logged in
ERROR connection timeout 503
DEBUG cache hit for key=192.168.193.243
INFO connection established
INFO connection established
ERROR auth failure for user 192.168.215.207
DEBUG entering function foo
DEBUG entering function foo
WARN memory threshold reached: 192.168.141.220MB
DEBUG variable x=192.168.9.50
WARN slow query: 192.168.57.185ms
ERROR file not found: /tmp/192.168.57.185.log
ERROR null pointer in module 192.168.229.48
INFO processed 192.168.39.155 items
ERROR null pointer in module 192.168.60.30
FATAL segfault at address 0x192.168.215.207
INFO connection established
FATAL unrecoverable disk error
DEBUG entering function foo
INFO connection established
ERROR file not found: /tmp/192.168.9.50.log
INFO request from 192.168.82.31
FATAL segfault at address 0x192.168.215.207
INFO user 192.168.193.243 logged in
INFO user 192.168.189.144 logged in
FATAL out of memory
WARN disk usage 192.168.229.48%
DEBUG variable x=192.168.178.6
INFO connection established
INFO connection established
WARN slow query: 192.168.39.155ms
INFO processed 192.168.193.243 items
FATAL unrecoverable disk error
ERROR file not found: /tmp/192.168.92.139.log
INFO processed 192.168.9.50 items
WARN slow query: 192.168.189.144ms
DEBUG variable x=192.168.107.168
WARN memory threshold reached: 192.168.178.6MB
ERROR auth failure for user 192.168.141.220
DEBUG heap size: 192.168.60.30
INFO request from 192.168.9.50
ERROR auth failure for user 192.168.189.144
FATAL unrecoverable disk error
DEBUG cache hit for key=192.168.219.168
ERROR file not found: /tmp/192.168.142.104.log
FATAL unrecoverable disk error
INFO request from 192.168.107.168
DEBUG entering function foo
FATAL segfault at address 0x192.168.141.220
WARN slow query: 192.168.197.186ms
DEBUG cache hit for key=192.168.57.185
ERROR null pointer in module 192.168.39.155
FATAL unrecoverable disk error
FATAL kernel panic
DEBUG cache hit for key=192.168.36.209
FATAL unrecoverable disk error
ERROR connection timeout 503
INFO user 192.168.211.158 logged in
ERROR connection timeout 503
WARN memory threshold reached: 192.168.107.168MB
INFO processed 192.168.193.243 items
ERROR null pointer in module 192.168.178.6
WARN disk usage 192.168.178.6%
INFO connection established
INFO connection established
FATAL segfault at address 0x192.168.82.31
ERROR connection timeout 503
ERROR null pointer in module 192.168.178.6
WARN slow query: 192.168.121.141ms
ERROR file not found: /tmp/192.168.219.168.log
ERROR file not found: /tmp/192.168.60.30.log
WARN memory threshold reached: 192.168.189.144MB
FATAL unrecoverable disk error
ERROR connection timeout 503
ERROR null pointer in module 192.168.219.168
FATAL kernel panic
WARN disk usage 192.168.9.50%
INFO processed 192.168.36.209 items
FATAL out of memory
FATAL kernel panic
DEBUG cache hit for key=192.168.219.168
FATAL unrecoverable disk error
DEBUG heap size: 192.168.82.31
ERROR connection timeout 503
DEBUG cache hit for key=192.168.9.50
DEBUG entering function foo
DEBUG cache hit for key=192.168.9.50
FATAL unrecoverable disk error
INFO user 192.168.36.209 logged in
ERROR connection timeout 503
WARN slow query: 192.168.60.30ms
WARN slow query: 192.168.82.31ms
FATAL kernel panic
ERROR null pointer in module 192.168.211.158
INFO user 192.168.229.48 logged in
INFO connection established
FATAL unrecoverable disk error
ERROR auth failure for user 192.168.178.215
WARN disk usage 192.168.92.139%
WARN slow query: 192.168.107.168ms
DEBUG variable x=192.168.57.185
FATAL out of memory
ERROR auth failure for user 192.168.229.48
DEBUG entering function foo
INFO request from 192.168.39.155
INFO connection established
WARN slow query: 192.168.36.209ms
WARN retry attempt 192.168.36.209 for 44114
FATAL segfault at address 0x192.168.211.158
ERROR connection timeout 503
WARN slow query: 192.168.141.220ms
DEBUG variable x=192.168.197.186
FATAL unrecoverable disk error
DEBUG heap size: 192.168.189.144
DEBUG cache hit for key=192.168.178.6
INFO user 192.168.107.168 logged in
FATAL out of memory
FATAL out of memory
DEBUG heap size: 192.168.211.158
ERROR file not found: /tmp/192.168.121.141.log
FATAL out of memory
WARN slow query: 192.168.193.243ms
INFO request from 192.168.39.155
FATAL unrecoverable disk error
DEBUG cache hit for key=192.168.36.209
INFO connection established
DEBUG cache hit for key=192.168.189.144
DEBUG cache hit for key=192.168.197.186
ERROR file not found: /tmp/192.168.60.30.log
WARN slow query: 192.168.142.104ms
DEBUG cache hit for key=192.168.36.209
ERROR file not found: /tmp/192.168.57.185.log
FATAL segfault at address 0x192.168.57.185
INFO connection established
WARN memory threshold reached: 192.168.215.207MB
INFO connection established
ERROR null pointer in module 192.168.9.50
FATAL unrecoverable disk error
ERROR auth failure for user 192.168.82.31
INFO request from 192.168.215.207
WARN disk usage 192.168.39.155%
INFO processed 192.168.178.6 items
ERROR connection timeout 503
INFO request from 192.168.215.207
DEBUG variable x=192.168.82.31
DEBUG entering function foo
FATAL unrecoverable disk error
ERROR auth failure for user 192.168.178.6
WARN retry attempt 192.168.121.141 for 81632
FATAL kernel panic
INFO connection established
DEBUG cache hit for key=192.168.107.168
ERROR connection timeout 503
FATAL kernel panic
FATAL out of memory
WARN slow query: 192.168.107.168ms
DEBUG variable x=192.168.193.243
INFO processed 192.168.36.209 items
ERROR null pointer in module 192.168.9.50
INFO processed 192.168.189.144 items
INFO connection established
ERROR null pointer in module 192.168.141.220
FATAL kernel panic
FATAL out of memory
ERROR file not found: /tmp/192.168.92.139.log
INFO request from 192.168.57.185
FATAL out of memory
DEBUG variable x=192.168.178.215
FATAL unrecoverable disk error
ERROR connection timeout 503
FATAL unrecoverable disk error
INFO connection established
DEBUG variable x=192.168.219.168
DEBUG heap size: 192.168.57.185
DEBUG heap size: 192.168.189.144
FATAL out of memory
FATAL segfault at address 0x192.168.219.168
ERROR null pointer in module 192.168.197.186
INFO processed 192.168.211.158 items
INFO request from 192.168.215.207
WARN memory threshold reached: 192.168.60.30MB
DEBUG entering function foo
FATAL segfault at address 0x192.168.229.48
DEBUG variable x=192.168.197.186
ERROR null pointer in module 192.168.142.104
FATAL unrecoverable disk error
WARN slow query: 192.168.9.50ms
ERROR null pointer in module 192.168.60.30
WARN retry attempt 192.168.193.243 for 40959
ERROR file not found: /tmp/192.168.197.186.log
ERROR file not found: /tmp/192.168.229.48.log
INFO processed 192.168.9.50 items
DEBUG cache hit for key=192.168.229.48
FATAL unrecoverable disk error
INFO request from 192.168.197.186
ERROR connection timeout 503
WARN memory threshold reached: 192.168.215.207MB
ERROR null pointer in module 192.168.57.185
DEBUG entering function foo
ERROR auth failure for user 192.168.211.158
INFO user 192.168.178.215 logged in
WARN memory threshold reached: 192.168.189.144MB
INFO connection established
FATAL kernel panic
INFO processed 192.168.82.31 items
WARN memory threshold reached: 192.168.36.209MB
INFO processed 192.168.178.6 items
WARN memory threshold reached: 192.168.107.168MB
INFO processed 192.168.142.104 items
WARN slow query: 192.168.142.104ms
INFO connection established
WARN memory threshold reached: 192.168.121.141MB
DEBUG entering function foo
ERROR connection timeout 503
DEBUG entering function foo
WARN memory threshold reached: 192.168.197.186MB
WARN slow query: 192.168.229.48ms
INFO processed 192.168.39.155 items
WARN memory threshold reached: 192.168.82.31MB
WARN retry attempt 192.168.141.220 for 93234
INFO connection established
DEBUG entering function foo
FATAL segfault at address 0x192.168.57.185
DEBUG heap size: 192.168.39.155
ERROR file not found: /tmp/192.168.211.158.log
ERROR file not found: /tmp/192.168.178.6.log
INFO request from 192.168.215.207
INFO connection established
FATAL kernel panic
ERROR file not found: /tmp/192.168.189.144.log
FATAL kernel panic
DEBUG cache hit for key=192.168.229.48
DEBUG cache hit for key=192.168.121.141
WARN memory threshold reached: 192.168.215.207MB
INFO connection established
WARN disk usage 192.168.215.207%
ERROR file not found: /tmp/192.168.141.220.log
WARN slow query: 192.168.57.185ms
WARN retry attempt 192.168.197.186 for 8135
DEBUG heap size: 192.168.39.155
WARN retry attempt 192.168.193.243 for 44965
INFO request from 192.168.142.104
FATAL segfault at address 0x192.168.9.50
DEBUG entering function foo
ERROR auth failure for user 192.168.229.48
FATAL segfault at address 0x192.168.193.243
WARN disk usage 192.168.197.186%
FATAL kernel panic
ERROR null pointer in module 192.168.36.209
INFO connection established
FATAL out of memory
INFO processed 192.168.141.220 items
FATAL out of memory
WARN retry attempt 192.168.39.155 for 92891
FATAL segfault at address 0x192.168.193.243
FATAL unrecoverable disk error
FATAL segfault at address 0x192.168.142.104
DEBUG entering function foo
ERROR auth failure for user 192.168.193.243
FATAL segfault at address 0x192.168.121.141
FATAL unrecoverable disk error
DEBUG entering function foo
DEBUG variable x=192.168.215.207
DEBUG variable x=192.168.215.207
WARN memory threshold reached: 192.168.141.220MB
ERROR auth failure for user 192.168.39.155
INFO request from 192.168.57.185
ERROR auth failure for user 192.168.107.168
INFO request from 192.168.219.168
ERROR auth failure for user 192.168.121.141
INFO connection established
FATAL unrecoverable disk error
FATAL out of memory
ERROR auth failure for user 192.168.141.220
WARN retry attempt 192.168.36.209 for 32676
FATAL out of memory
ERROR auth failure for user 192.168.121.141
ERROR auth failure for user 192.168.36.209
FATAL unrecoverable disk error
DEBUG entering function foo
DEBUG entering function foo
INFO request from 192.168.92.139
ERROR connection timeout 503
DEBUG variable x=192.168.215.207
INFO user 192.168.9.50 logged in
FATAL kernel panic
WARN disk usage 192.168.215.207%
WARN disk usage 192.168.36.209%
ERROR auth failure for user 192.168.82.31
DEBUG entering function foo
INFO connection established
DEBUG entering function foo
INFO processed 192.168.197.186 items
WARN disk usage 192.168.142.104%
DEBUG heap size: 192.168.92.139
ERROR null pointer in module 192.168.36.209
DEBUG entering function foo
DEBUG cache hit for key=192.168.82.31
ERROR auth failure for user 192.168.178.215
FATAL out of memory
WARN slow query: 192.168.92.139ms
ERROR connection timeout 503
FATAL kernel panic
INFO processed 192.168.39.155 items
ERROR file not found: /tmp/192.168.215.207.log
DEBUG heap size: 192.168.60.30
ERROR null pointer in module 192.168.9.50
INFO processed 192.168.211.158 items
ERROR auth failure for user 192.168.142.104
ERROR connection timeout 503
FATAL out of memory
WARN retry attempt 192.168.39.155 for 93091
FATAL out of memory
ERROR null pointer in module 192.168.57.185
INFO request from 192.168.178.215
ERROR connection timeout 503
FATAL segfault at address 0x192.168.36.209
DEBUG cache hit for key=192.168.121.141
ERROR connection timeout 503
INFO processed 192.168.36.209 items
DEBUG variable x=192.168.193.243
ERROR file not found: /tmp/192.168.9.50.log
DEBUG cache hit for key=192.168.193.243
INFO connection established
INFO user 192.168.141.220 logged in
ERROR file not found: /tmp/192.168.9.50.log
INFO connection established
ERROR null pointer in module 192.168.178.215
DEBUG entering function foo
WARN memory threshold reached: 192.168.121.141MB
INFO processed 192.168.141.220 items
INFO connection established
DEBUG entering function foo
FATAL segfault at address 0x192.168.229.48
DEBUG heap size: 192.168.141.220
INFO user 192.168.229.48 logged in
FATAL out of memory
ERROR null pointer in module 192.168.197.186
FATAL kernel panic
ERROR connection timeout 503
ERROR null pointer in module 192.168.189.144
WARN memory threshold reached: 192.168.193.243MB
FATAL unrecoverable disk error
DEBUG entering function foo
ERROR auth failure for user 192.168.121.141
ERROR null pointer in module 192.168.57.185
INFO processed 192.168.197.186 items
FATAL out of memory
FATAL unrecoverable disk error
WARN slow query: 192.168.219.168ms
WARN retry attempt 192.168.60.30 for 18450
FATAL segfault at address 0x192.168.141.220
DEBUG entering function foo
WARN retry attempt 192.168.189.144 for 93950
FATAL segfault at address 0x192.168.121.141
ERROR connection timeout 503
WARN disk usage 192.168.141.220%
DEBUG cache hit for key=192.168.219.168
WARN retry attempt 192.168.193.243 for 47124
DEBUG heap size: 192.168.36.209
INFO connection established
ERROR file not found: /tmp/192.168.211.158.log
WARN memory threshold reached: 192.168.141.220MB
FATAL segfault at address 0x192.168.57.185
FATAL unrecoverable disk error
INFO processed 192.168.178.215 items
FATAL out of memory
DEBUG cache hit for key=192.168.189.144
DEBUG variable x=192.168.142.104
FATAL segfault at address 0x192.168.9.50
DEBUG entering function foo
DEBUG cache hit for key=192.168.36.209
ERROR file not found: /tmp/192.168.82.31.log
INFO user 192.168.36.209 logged in
DEBUG cache hit for key=192.168.178.6
FATAL kernel panic
WARN memory threshold reached: 192.168.178.6MB
INFO connection established
WARN memory threshold reached: 192.168.9.50MB
ERROR null pointer in module 192.168.178.6
INFO processed 192.168.215.207 items
FATAL kernel panic
ERROR auth failure for user 192.168.39.155
INFO connection established
ERROR connection timeout 503
WARN memory threshold reached: 192.168.39.155MB
INFO user 192.168.219.168 logged in
INFO user 192.168.92.139 logged in
ERROR connection timeout 503
DEBUG variable x=192.168.178.215
INFO request from 192.168.36.209
FATAL kernel panic
ERROR file not found: /tmp/192.168.178.6.log
ERROR null pointer in module 192.168.9.50
DEBUG cache hit for key=192.168.142.104
FATAL unrecoverable disk error
ERROR null pointer in module 192.168.219.168
INFO user 192.168.219.168 logged in
INFO connection established
DEBUG variable x=192.168.189.144
WARN slow query: 192.168.142.104ms
ERROR auth failure for user 192.168.36.209
DEBUG variable x=192.168.189.144
WARN retry attempt 192.168.57.185 for 15981
FATAL segfault at address 0x192.168.82.31
WARN slow query: 192.168.121.141ms
WARN slow query: 192.168.211.158ms
ERROR file not found: /tmp/192.168.178.215.log
WARN disk usage 192.168.189.144%
DEBUG variable x=192.168.178.6
WARN disk usage 192.168.219.168%
INFO processed 192.168.178.6 items
DEBUG entering function foo
ERROR null pointer in module 192.168.141.220
FATAL kernel panic
ERROR file not found: /tmp/192.168.121.141.log
FATAL segfault at address 0x192.168.121.141
FATAL unrecoverable disk error
WARN retry attempt 192.168.141.220 for 57309
DEBUG heap size: 192.168.36.209
INFO user 192.168.178.6 logged in
DEBUG heap size: 192.168.107.168
ERROR connection timeout 503
FATAL kernel panic
DEBUG entering function foo
FATAL unrecoverable disk error
DEBUG entering function foo
DEBUG variable x=192.168.57.185
WARN disk usage 192.168.141.220%
INFO processed 192.168.178.215 items
INFO request from 192.168.178.215
WARN memory threshold reached: 192.168.36.209MB
FATAL unrecoverable disk error
ERROR file not found: /tmp/192.168.121.141.log
FATAL unrecoverable disk error
WARN retry attempt 192.168.219.168 for 18952
INFO user 192.168.107.168 logged in
ERROR file not found: /tmp/192.168.142.104.log
ERROR null pointer in module 192.168.178.215
FATAL unrecoverable disk error
ERROR auth failure for user 192.168.9.50
FATAL unrecoverable disk error
WARN memory threshold reached: 192.168.141.220MB
INFO connection established
WARN disk usage 192.168.60.30%
FATAL out of memory
DEBUG entering function foo
WARN memory threshold reached: 192.168.219.168MB
DEBUG entering function foo
DEBUG cache hit for key=192.168.189.144
INFO processed 192.168.219.168 items
ERROR file not found: /tmp/192.168.107.168.log
FATAL out of memory
DEBUG entering function foo
INFO user 192.168.197.186 logged in
DEBUG entering function foo
INFO request from 192.168.178.6
INFO connection established
WARN retry attempt 192.168.197.186 for 23585
ERROR file not found: /tmp/192.168.121.141.log
ERROR connection timeout 503
FATAL unrecoverable disk error
ERROR auth failure for user 192.168.178.6
INFO processed 192.168.39.155 items
INFO connection established
FATAL unrecoverable disk error
INFO connection established
WARN retry attempt 192.168.57.185 for 54614
INFO request from 192.168.211.158
WARN disk usage 192.168.60.30%
ERROR null pointer in module 192.168.189.144
INFO processed 192.168.141.220 items
FATAL unrecoverable disk error
INFO user 192.168.82.31 logged in
ERROR auth failure for user 192.168.141.220
INFO processed 192.168.60.30 items
FATAL out of memory
FATAL out of memory
DEBUG cache hit for key=192.168.9.50
INFO request from 192.168.36.209
INFO connection established
FATAL segfault at address 0x192.168.193.243
DEBUG cache hit for key=192.168.60.30
WARN memory threshold reached: 192.168.60.30MB
INFO user 192.168.211.158 logged in
ERROR null pointer in module 192.168.142.104
WARN disk usage 192.168.193.243%
FATAL segfault at address 0x192.168.197.186
FATAL segfault at address 0x192.168.219.168
DEBUG heap size: 192.168.107.168
ERROR file not found: /tmp/192.168.215.207.log
ERROR file not found: /tmp/192.168.9.50.log
DEBUG heap size: 192.168.39.155
INFO request from 192.168.57.185
FATAL segfault at address 0x192.168.60.30
FATAL out of memory
ERROR auth failure for user 192.168.211.158
ERROR connection timeout 503
INFO processed 192.168.121.141 items
FATAL out of memory
WARN disk usage 192.168.211.158%
ERROR auth failure for user 192.168.92.139
INFO request from 192.168.121.141
FATAL out of memory
INFO connection established
FATAL unrecoverable disk error
ERROR auth failure for user 192.168.107.168
WARN disk usage 192.168.121.141%
INFO processed 192.168.9.50 items
FATAL out of memory
FATAL out of memory
DEBUG variable x=192.168.107.168
INFO user 192.168.211.158 logged in
ERROR connection timeout 503
DEBUG cache hit for key=192.168.215.207
FATAL out of memory
WARN retry attempt 192.168.121.141 for 12961
INFO request from 192.168.60.30
DEBUG cache hit for key=192.168.178.215
DEBUG entering function foo
FATAL out of memory
DEBUG variable x=192.168.36.209
DEBUG heap size: 192.168.121.141
WARN slow query: 192.168.141.220ms
ERROR file not found: /tmp/192.168.211.158.log
ERROR connection timeout 503
INFO user 192.168.57.185 logged in
WARN retry attempt 192.168.193.243 for 31947
DEBUG heap size: 192.168.141.220
DEBUG entering function foo
ERROR connection timeout 503
DEBUG variable x=192.168.211.158
DEBUG heap size: 192.168.92.139
WARN memory threshold reached: 192.168.82.31MB
INFO request from 192.168.211.158
DEBUG cache hit for key=192.168.229.48
ERROR file not found: /tmp/192.168.197.186.log
DEBUG variable x=192.168.178.6
ERROR file not found: /tmp/192.168.141.220.log
FATAL segfault at address 0x192.168.82.31
DEBUG heap size: 192.168.60.30
FATAL unrecoverable disk error
WARN disk usage 192.168.92.139%
INFO request from 192.168.215.207
DEBUG heap size: 192.168.189.144
WARN slow query: 192.168.39.155ms
WARN memory threshold reached: 192.168.193.243MB
WARN memory threshold reached: 192.168.189.144MB
WARN retry attempt 192.168.229.48 for 49529
INFO connection established
WARN slow query: 192.168.107.168ms
WARN memory threshold reached: 192.168.178.6MB
INFO request from 192.168.107.168
ERROR connection timeout 503
FATAL unrecoverable disk error
INFO request from 192.168.211.158
DEBUG cache hit for key=192.168.219.168
DEBUG cache hit for key=192.168.82.31
FATAL segfault at address 0x192.168.142.104
DEBUG entering function foo
FATAL segfault at address 0x192.168.219.168
DEBUG cache hit for key=192.168.121.141
WARN memory threshold reached: 192.168.141.220MB
INFO request from 192.168.57.185
ERROR file not found: /tmp/192.168.9.50.log
ERROR auth failure for user 192.168.121.141
INFO request from 192.168.60.30
FATAL kernel panic
ERROR auth failure for user 192.168.141.220
ERROR file not found: /tmp/192.168.178.6.log
FATAL out of memory
INFO connection established
ERROR connection timeout 503
ERROR file not found: /tmp/192.168.189.144.log
INFO user 192.168.178.6 logged in
ERROR file not found: /tmp/192.168.229.48.log
FATAL unrecoverable disk error
INFO request from 192.168.142.104
ERROR null pointer in module 192.168.142.104
FATAL kernel panic
WARN slow query: 192.168.189.144ms
INFO user 192.168.36.209 logged in
ERROR connection timeout 503
WARN slow query: 192.168.142.104ms
FATAL unrecoverable disk error
DEBUG cache hit for key=192.168.142.104
FATAL out of memory
DEBUG variable x=192.168.197.186
DEBUG heap size: 192.168.36.209
FATAL out of memory
INFO request from 192.168.219.168
ERROR file not found: /tmp/192.168.229.48.log
DEBUG entering function foo
FATAL kernel panic
INFO processed 192.168.9.50 items
INFO processed 192.168.178.6 items
FATAL unrecoverable disk error
DEBUG variable x=192.168.215.207
INFO user 192.168.142.104 logged in
INFO request from 192.168.193.243
INFO processed 192.168.82.31 items
DEBUG cache hit for key=192.168.193.243
DEBUG variable x=192.168.189.144
FATAL out of memory
DEBUG entering function foo
INFO user 192.168.193.243 logged in
INFO processed 192.168.178.215 items
WARN slow query: 192.168.229.48ms
FATAL unrecoverable disk error
INFO user 192.168.57.185 logged in
FATAL unrecoverable disk error
FATAL segfault at address 0x192.168.82.31
DEBUG heap size: 192.168.39.155
ERROR null pointer in module 192.168.36.209
DEBUG variable x=192.168.9.50
INFO processed 192.168.60.30 items
DEBUG heap size: 192.168.107.168
ERROR auth failure for user 192.168.92.139
WARN retry attempt 192.168.211.158 for 57310
INFO request from 192.168.121.141
DEBUG variable x=192.168.107.168
INFO user 192.168.107.168 logged in
INFO request from 192.168.211.158
WARN disk usage 192.168.141.220%
WARN slow query: 192.168.121.141ms
ERROR null pointer in module 192.168.57.185
WARN slow query: 192.168.219.168ms
WARN retry attempt 192.168.178.215 for 28094
WARN slow query: 192.168.141.220ms
INFO user 192.168.60.30 logged in
DEBUG variable x=192.168.229.48
ERROR null pointer in module 192.168.107.168
INFO user 192.168.82.31 logged in
FATAL segfault at address 0x192.168.193.243
WARN disk usage 192.168.121.141%
ERROR file not found: /tmp/192.168.39.155.log
ERROR auth failure for user 192.168.60.30
ERROR file not found: /tmp/192.168.193.243.log
ERROR auth failure for user 192.168.60.30
INFO connection established
ERROR connection timeout 503
INFO processed 192.168.229.48 items
WARN disk usage 192.168.189.144%
FATAL unrecoverable disk error
ERROR null pointer in module 192.168.219.168
INFO processed 192.168.142.104 items
INFO processed 192.168.229.48 items
DEBUG variable x=192.168.229.48
WARN retry attempt 192.168.9.50 for 73307
DEBUG heap size: 192.168.107.168
ERROR auth failure for user 192.168.141.220
INFO request from 192.168.229.48
INFO request from 192.168.219.168
WARN slow query: 192.168.9.50ms
ERROR auth failure for user 192.168.121.141
WARN retry attempt 192.168.57.185 for 57992
DEBUG variable x=192.168.92.139
INFO user 192.168.60.30 logged in
ERROR auth failure for user 192.168.197.186
INFO user 192.168.215.207 logged in
INFO processed 192.168.178.6 items
FATAL unrecoverable disk error
ERROR null pointer in module 192.168.92.139
ERROR null pointer in module 192.168.107.168
DEBUG entering function foo
INFO connection established
INFO request from 192.168.197.186
DEBUG cache hit for key=192.168.121.141
DEBUG cache hit for key=192.168.121.141
WARN memory threshold reached: 192.168.197.186MB
INFO connection established
WARN slow query: 192.168.229.48ms
DEBUG cache hit for key=192.168.193.243
DEBUG entering function foo
FATAL kernel panic
WARN disk usage 192.168.211.158%
WARN disk usage 192.168.178.215%
WARN retry attempt 192.168.36.209 for 72052
FATAL kernel panic
ERROR null pointer in module 192.168.57.185
ERROR connection timeout 503
DEBUG cache hit for key=192.168.211.158
INFO user 192.168.142.104 logged in
FATAL segfault at address 0x192.168.57.185
WARN disk usage 192.168.197.186%
ERROR null pointer in module 192.168.121.141
DEBUG variable x=192.168.189.144
FATAL unrecoverable disk error
INFO processed 192.168.9.50 items
ERROR auth failure for user 192.168.219.168
DEBUG heap size: 192.168.39.155
ERROR null pointer in module 192.168.219.168
INFO user 192.168.211.158 logged in
DEBUG heap size: 192.168.178.215
DEBUG cache hit for key=192.168.178.215
FATAL kernel panic
ERROR auth failure for user 192.168.229.48
WARN disk usage 192.168.39.155%
ERROR null pointer in module 192.168.189.144
DEBUG cache hit for key=192.168.219.168
INFO user 192.168.82.31 logged in
FATAL kernel panic
INFO request from 192.168.107.168
DEBUG heap size: 192.168.36.209
FATAL kernel panic
ERROR file not found: /tmp/192.168.9.50.log
INFO connection established
INFO processed 192.168.197.186 items
INFO request from 192.168.39.155
DEBUG heap size: 192.168.121.141
WARN retry attempt 192.168.219.168 for 72917
INFO processed 192.168.215.207 items
INFO user 192.168.57.185 logged in
INFO processed 192.168.215.207 items
ERROR null pointer in module 192.168.189.144
FATAL kernel panic
WARN memory threshold reached: 192.168.215.207MB
ERROR file not found: /tmp/192.168.141.220.log
DEBUG cache hit for key=192.168.178.6
WARN retry attempt 192.168.189.144 for 63396
INFO connection established
FATAL unrecoverable disk error
ERROR connection timeout 503
INFO connection established
DEBUG variable x=192.168.193.243
FATAL kernel panic
INFO request from 192.168.189.144
INFO user 192.168.9.50 logged in
FATAL unrecoverable disk error
WARN slow query: 192.168.9.50ms
ERROR connection timeout 503
INFO connection established
DEBUG cache hit for key=192.168.36.209
INFO processed 192.168.107.168 items
DEBUG entering function foo
FATAL out of memory
WARN disk usage 192.168.215.207%
FATAL segfault at address 0x192.168.178.215
DEBUG heap size: 192.168.9.50
DEBUG variable x=192.168.39.155
INFO request from 192.168.219.168
WARN slow query: 192.168.189.144ms
ERROR file not found: /tmp/192.168.178.215.log
FATAL segfault at address 0x192.168.57.185
WARN disk usage 192.168.215.207%
ERROR file not found: /tmp/192.168.107.168.log
DEBUG entering function foo
DEBUG cache hit for key=192.168.219.168
DEBUG cache hit for key=192.168.215.207
FATAL segfault at address 0x192.168.36.209
INFO processed 192.168.39.155 items
WARN disk usage 192.168.178.215%
DEBUG variable x=192.168.219.168
INFO user 192.168.82.31 logged in
INFO request from 192.168.219.168
FATAL unrecoverable disk error
WARN slow query: 192.168.82.31ms
FATAL segfault at address 0x192.168.57.185
DEBUG heap size: 192.168.92.139
INFO processed 192.168.142.104 items
DEBUG entering function foo
INFO connection established
WARN disk usage 192.168.219.168%
DEBUG cache hit for key=192.168.92.139
INFO request from 192.168.178.215
INFO connection established
WARN slow query: 192.168.193.243ms
INFO request from 192.168.229.48
DEBUG cache hit for key=192.168.197.186
WARN disk usage 192.168.193.243%
DEBUG cache hit for key=192.168.141.220
FATAL kernel panic
FATAL kernel panic
DEBUG cache hit for key=192.168.215.207
INFO processed 192.168.57.185 items
FATAL unrecoverable disk error
FATAL unrecoverable disk error
INFO request from 192.168.211.158
FATAL segfault at address 0x192.168.36.209
DEBUG entering function foo
INFO request from 192.168.36.209
WARN disk usage 192.168.92.139%
DEBUG heap size: 192.168.36.209
ERROR connection timeout 503
FATAL segfault at address 0x192.168.121.141
DEBUG cache hit for key=192.168.60.30
INFO processed 192.168.57.185 items
FATAL kernel panic
INFO request from 192.168.60.30
WARN disk usage 192.168.197.186%
WARN disk usage 192.168.39.155%
WARN slow query: 192.168.142.104ms
FATAL kernel panic
DEBUG variable x=192.168.107.168
FATAL out of memory
INFO user 192.168.57.185 logged in
ERROR connection timeout 503
INFO request from 192.168.229.48
FATAL unrecoverable disk error
FATAL unrecoverable disk error
ERROR null pointer in module 192.168.60.30
ERROR connection timeout 503
DEBUG heap size: 192.168.215.207
INFO processed 192.168.57.185 items
FATAL segfault at address 0x192.168.178.215
FATAL segfault at address 0x192.168.82.31
FATAL segfault at address 0x192.168.36.209
INFO request from 192.168.9.50
DEBUG heap size: 192.168.197.186
FATAL unrecoverable disk error
WARN memory threshold reached: 192.168.39.155MB
INFO connection established
WARN slow query: 192.168.60.30ms
INFO request from 192.168.60.30
DEBUG cache hit for key=192.168.39.155
INFO user 192.168.211.158 logged in
INFO user 192.168.57.185 logged in
INFO user 192.168.219.168 logged in
INFO request from 192.168.92.139
FATAL out of memory
INFO processed 192.168.178.6 items
FATAL segfault at address 0x192.168.92.139
FATAL kernel panic
ERROR auth failure for user 192.168.178.6
WARN disk usage 192.168.9.50%
DEBUG heap size: 192.168.36.209
FATAL unrecoverable disk error
FATAL kernel panic
INFO request from 192.168.36.209
DEBUG heap size: 192.168.219.168
DEBUG cache hit for key=192.168.39.155
ERROR null pointer in module 192.168.229.48
FATAL segfault at address 0x192.168.178.215
FATAL segfault at address 0x192.168.60.30
DEBUG entering function foo
FATAL kernel panic
ERROR connection timeout 503
ERROR connection timeout 503
DEBUG variable x=192.168.107.168
INFO user 192.168.60.30 logged in
FATAL unrecoverable disk error
WARN memory threshold reached: 192.168.178.215MB
FATAL unrecoverable disk error
WARN disk usage 192.168.229.48%
FATAL segfault at address 0x192.168.107.168
ERROR null pointer in module 192.168.82.31
DEBUG cache hit for key=192.168.193.243
FATAL kernel panic
INFO connection established
ERROR auth failure for user 192.168.193.243
ERROR auth failure for user 192.168.60.30
FATAL segfault at address 0x192.168.215.207
ERROR connection timeout 503
DEBUG cache hit for key=192.168.57.185
FATAL out of memory
INFO user 192.168.215.207 logged in
ERROR auth failure for user 192.168.229.48
FATAL kernel panic
WARN slow query: 192.168.211.158ms
FATAL kernel panic
WARN retry attempt 192.168.219.168 for 86246
WARN slow query: 192.168.121.141ms
FATAL unrecoverable disk error
INFO request from 192.168.82.31
DEBUG cache hit for key=192.168.141.220
WARN retry attempt 192.168.178.6 for 91167
ERROR file not found: /tmp/192.168.229.48.log
ERROR auth failure for user 192.168.121.141
FATAL segfault at address 0x192.168.107.168
WARN retry attempt 192.168.60.30 for 89054
INFO processed 192.168.211.158 items
DEBUG cache hit for key=192.168.36.209
DEBUG variable x=192.168.141.220
INFO request from 192.168.141.220
DEBUG entering function foo
FATAL out of memory
FATAL out of memory
FATAL segfault at address 0x192.168.39.155
DEBUG entering function foo
FATAL segfault at address 0x192.168.178.6
INFO processed 192.168.142.104 items
INFO processed 192.168.57.185 items
DEBUG cache hit for key=192.168.107.168
DEBUG cache hit for key=192.168.121.141
FATAL out of memory
FATAL unrecoverable disk error
ERROR null pointer in module 192.168.142.104
ERROR auth failure for user 192.168.141.220
ERROR null pointer in module 192.168.60.30
FATAL segfault at address 0x192.168.219.168
ERROR null pointer in module 192.168.142.104
ERROR null pointer in module 192.168.36.209
INFO request from 192.168.57.185
INFO connection established
DEBUG heap size: 192.168.141.220
FATAL out of memory
FATAL segfault at address 0x192.168.193.243
ERROR auth failure for user 192.168.178.6
DEBUG variable x=192.168.36.209
INFO processed 192.168.9.50 items
DEBUG variable x=192.168.142.104
WARN retry attempt 192.168.178.6 for 90972
DEBUG entering function foo
INFO request from 192.168.197.186
WARN retry attempt 192.168.219.168 for 27725
DEBUG entering function foo
FATAL segfault at address 0x192.168.57.185
ERROR file not found: /tmp/192.168.39.155.log
INFO processed 192.168.211.158 items
FATAL out of memory
INFO user 192.168.57.185 logged in
FATAL segfault at address 0x192.168.39.155
ERROR connection timeout 503
WARN disk usage 192.168.141.220%
WARN slow query: 192.168.142.104ms
INFO processed 192.168.193.243 items
INFO processed 192.168.197.186 items
WARN slow query: 192.168.215.207ms
WARN slow query: 192.168.178.215ms
INFO request from 192.168.193.243
DEBUG entering function foo
WARN retry attempt 192.168.107.168 for 91774
ERROR null pointer in module 192.168.211.158
ERROR null pointer in module 192.168.60.30
DEBUG cache hit for key=192.168.82.31
FATAL kernel panic
WARN slow query: 192.168.36.209ms
ERROR connection timeout 503
FATAL out of memory
FATAL kernel panic
INFO user 192.168.9.50 logged in
INFO user 192.168.193.243 logged in
DEBUG cache hit for key=192.168.36.209
DEBUG entering function foo
ERROR null pointer in module 192.168.178.215
INFO processed 192.168.178.6 items
ERROR file not found: /tmp/192.168.141.220.log
DEBUG variable x=192.168.178.215
FATAL out of memory
FATAL unrecoverable disk error
ERROR file not found: /tmp/192.168.178.6.log
INFO request from 192.168.197.186
WARN retry attempt 192.168.193.243 for 57472
DEBUG entering function foo
DEBUG entering function foo
WARN slow query: 192.168.229.48ms
ERROR auth failure for user 192.168.36.209
FATAL unrecoverable disk error
WARN slow query: 192.168.193.243ms
FATAL segfault at address 0x192.168.121.141
FATAL kernel panic
DEBUG cache hit for key=192.168.9.50
ERROR connection timeout 503
WARN memory threshold reached: 192.168.178.6MB
WARN memory threshold reached: 192.168.39.155MB
FATAL out of memory
WARN retry attempt 192.168.193.243 for 38203
ERROR auth failure for user 192.168.215.207
INFO connection established
ERROR auth failure for user 192.168.36.209
WARN retry attempt 192.168.229.48 for 26048
INFO connection established
ERROR null pointer in module 192.168.142.104
FATAL out of memory
DEBUG cache hit for key=192.168.178.215
FATAL unrecoverable disk error
FATAL kernel panic
ERROR null pointer in module 192.168.121.141
WARN memory threshold reached: 192.168.60.30MB
ERROR auth failure for user 192.168.82.31
WARN memory threshold reached: 192.168.82.31MB
ERROR connection timeout 503
FATAL out of memory
INFO connection established
INFO request from 192.168.57.185
WARN memory threshold reached: 192.168.189.144MB
ERROR auth failure for user 192.168.229.48
ERROR auth failure for user 192.168.36.209
FATAL segfault at address 0x192.168.82.31
WARN retry attempt 192.168.36.209 for 38865
FATAL out of memory
WARN slow query: 192.168.178.215ms
INFO user 192.168.178.215 logged in
ERROR null pointer in module 192.168.9.50
INFO connection established
FATAL segfault at address 0x192.168.9.50
FATAL unrecoverable disk error
FATAL out of memory
ERROR auth failure for user 192.168.82.31
FATAL segfault at address 0x192.168.92.139
DEBUG heap size: 192.168.9.50
FATAL out of memory
INFO processed 192.168.57.185 items
WARN slow query: 192.168.178.215ms
FATAL out of memory
INFO processed 192.168.92.139 items
DEBUG heap size: 192.168.60.30
DEBUG entering function foo
INFO connection established
WARN retry attempt 192.168.178.6 for 53488
WARN disk usage 192.168.211.158%
INFO request from 192.168.9.50
DEBUG cache hit for key=192.168.92.139
INFO user 192.168.193.243 logged in
DEBUG heap size: 192.168.82.31
INFO connection established
WARN slow query: 192.168.211.158ms
ERROR connection timeout 503
INFO connection established
FATAL segfault at address 0x192.168.36.209
ERROR auth failure for user 192.168.141.220
ERROR null pointer in module 192.168.107.168
FATAL kernel panic
FATAL kernel panic
WARN slow query: 192.168.92.139ms
ERROR file not found: /tmp/192.168.142.104.log
ERROR null pointer in module 192.168.178.215
INFO connection established
FATAL segfault at address 0x192.168.60.30
WARN memory threshold reached: 192.168.107.168MB
INFO connection established
DEBUG heap size: 192.168.121.141
ERROR auth failure for user 192.168.193.243
INFO request from 192.168.229.48
FATAL out of memory
WARN retry attempt 192.168.121.141 for 90504
INFO request from 192.168.57.185
ERROR auth failure for user 192.168.57.185
WARN retry attempt 192.168.178.6 for 26377
INFO processed 192.168.60.30 items
DEBUG heap size: 192.168.215.207
DEBUG variable x=192.168.107.168
FATAL out of memory
WARN retry attempt 192.168.211.158 for 55231
INFO connection established
INFO connection established
ERROR auth failure for user 192.168.82.31
DEBUG entering function foo
WARN slow query: 192.168.178.6ms
FATAL kernel panic
ERROR connection timeout 503
DEBUG heap size: 192.168.39.155
DEBUG entering function foo
DEBUG heap size: 192.168.107.168
WARN disk usage 192.168.197.186%
INFO connection established
DEBUG cache hit for key=192.168.39.155
ERROR connection timeout 503
DEBUG entering function foo
INFO request from 192.168.215.207
FATAL kernel panic
INFO processed 192.168.189.144 items
DEBUG cache hit for key=192.168.193.243
INFO processed 192.168.178.215 items
DEBUG entering function foo
DEBUG variable x=192.168.92.139
ERROR null pointer in module 192.168.211.158
ERROR connection timeout 503
WARN slow query: 192.168.60.30ms
INFO user 192.168.215.207 logged in
DEBUG cache hit for key=192.168.197.186
ERROR null pointer in module 192.168.219.168
DEBUG variable x=192.168.215.207
WARN slow query: 192.168.178.6ms
DEBUG variable x=192.168.57.185
ERROR file not found: /tmp/192.168.229.48.log
ERROR auth failure for user 192.168.39.155
FATAL kernel panic
FATAL unrecoverable disk error
INFO request from 192.168.60.30
ERROR auth failure for user 192.168.229.48
FATAL segfault at address 0x192.168.215.207
ERROR file not found: /tmp/192.168.39.155.log
DEBUG entering function foo
INFO processed 192.168.178.215 items
DEBUG cache hit for key=192.168.92.139
INFO user 192.168.107.168 logged in
INFO connection established
WARN slow query: 192.168.142.104ms
FATAL segfault at address 0x192.168.219.168
WARN disk usage 192.168.178.6%
FATAL unrecoverable disk error
ERROR connection timeout 503
DEBUG entering function foo
DEBUG cache hit for key=192.168.39.155
FATAL out of memory
ERROR null pointer in module 192.168.92.139
FATAL segfault at address 0x192.168.229.48
ERROR auth failure for user 192.168.215.207
FATAL out of memory
WARN disk usage 192.168.60.30%
DEBUG cache hit for key=192.168.36.209
WARN disk usage 192.168.189.144%
INFO request from 192.168.39.155
WARN retry attempt 192.168.215.207 for 15580
DEBUG heap size: 192.168.36.209
WARN slow query: 192.168.178.6ms
FATAL unrecoverable disk error
FATAL unrecoverable disk error
DEBUG cache hit for key=192.168.92.139
ERROR null pointer in module 192.168.229.48
DEBUG entering function foo
INFO user 192.168.219.168 logged in
DEBUG entering function foo
DEBUG heap size: 192.168.178.215
ERROR connection timeout 503
ERROR connection timeout 503
FATAL out of memory
WARN retry attempt 192.168.9.50 for 63488
DEBUG variable x=192.168.229.48
WARN slow query: 192.168.107.168ms
DEBUG cache hit for key=192.168.219.168
DEBUG entering function foo
WARN retry attempt 192.168.215.207 for 29796
ERROR null pointer in module 192.168.189.144
INFO processed 192.168.215.207 items
DEBUG variable x=192.168.219.168
INFO connection established
INFO request from 192.168.178.215
WARN memory threshold reached: 192.168.193.243MB
ERROR connection timeout 503
FATAL out of memory
DEBUG heap size: 192.168.189.144
INFO connection established
DEBUG cache hit for key=192.168.178.215
WARN disk usage 192.168.178.215%
DEBUG entering function foo
WARN slow query: 192.168.92.139ms
ERROR file not found: /tmp/192.168.92.139.log
FATAL kernel panic
WARN slow query: 192.168.193.243ms
DEBUG heap size: 192.168.39.155
INFO processed 192.168.178.6 items
INFO connection established
ERROR null pointer in module 192.168.211.158
ERROR null pointer in module 192.168.193.243
DEBUG heap size: 192.168.39.155
WARN memory threshold reached: 192.168.60.30MB
INFO connection established
FATAL unrecoverable disk error
INFO connection established
WARN memory threshold reached: 192.168.215.207MB
WARN retry attempt 192.168.82.31 for 63255
WARN memory threshold reached: 192.168.142.104MB
ERROR connection timeout 503
INFO request from 192.168.82.31
WARN disk usage 192.168.197.186%
WARN slow query: 192.168.193.243ms
INFO connection established
INFO request from 192.168.193.243
INFO request from 192.168.39.155
WARN memory threshold reached: 192.168.189.144MB
FATAL segfault at address 0x192.168.189.144
INFO user 192.168.215.207 logged in
INFO processed 192.168.229.48 items
FATAL kernel panic
ERROR file not found: /tmp/192.168.141.220.log
ERROR file not found: /tmp/192.168.141.220.log
ERROR connection timeout 503
FATAL kernel panic
DEBUG cache hit for key=192.168.142.104
INFO processed 192.168.60.30 items
WARN retry attempt 192.168.60.30 for 9891
WARN retry attempt 192.168.39.155 for 28173
ERROR file not found: /tmp/192.168.197.186.log
DEBUG heap size: 192.168.229.48
DEBUG heap size: 192.168.107.168
FATAL out of memory
WARN disk usage 192.168.178.215%
DEBUG variable x=192.168.197.186
DEBUG entering function foo
ERROR connection timeout 503
INFO user 192.168.229.48 logged in
ERROR file not found: /tmp/192.168.9.50.log
WARN slow query: 192.168.60.30ms
WARN retry attempt 192.168.189.144 for 30317
WARN retry attempt 192.168.60.30 for 36957
ERROR null pointer in module 192.168.229.48
INFO processed 192.168.82.31 items
ERROR null pointer in module 192.168.178.215
ERROR null pointer in module 192.168.92.139
FATAL out of memory
WARN slow query: 192.168.141.220ms
INFO processed 192.168.82.31 items
WARN memory threshold reached: 192.168.60.30MB
INFO processed 192.168.193.243 items
ERROR null pointer in module 192.168.141.220
FATAL kernel panic
FATAL unrecoverable disk error
FATAL kernel panic
INFO request from 192.168.57.185
FATAL unrecoverable disk error
WARN memory threshold reached: 192.168.211.158MB
WARN retry attempt 192.168.39.155 for 74811
WARN memory threshold reached: 192.168.189.144MB
FATAL segfault at address 0x192.168.82.31
FATAL kernel panic
INFO processed 192.168.121.141 items
DEBUG heap size: 192.168.82.31
INFO request from 192.168.9.50
WARN slow query: 192.168.9.50ms
FATAL out of memory
ERROR file not found: /tmp/192.168.197.186.log
ERROR auth failure for user 192.168.141.220
INFO processed 192.168.178.6 items
ERROR auth failure for user 192.168.142.104
FATAL kernel panic
FATAL unrecoverable disk error
FATAL kernel panic
WARN memory threshold reached: 192.168.36.209MB
DEBUG cache hit for key=192.168.142.104
ERROR file not found: /tmp/192.168.36.209.log
FATAL kernel panic
ERROR file not found: /tmp/192.168.229.48.log
WARN memory threshold reached: 192.168.215.207MB
WARN retry attempt 192.168.9.50 for 65675
INFO user 192.168.211.158 logged in
ERROR file not found: /tmp/192.168.193.243.log
FATAL unrecoverable disk error
ERROR file not found: /tmp/192.168.189.144.log
WARN disk usage 192.168.178.6%
FATAL unrecoverable disk error
DEBUG variable x=192.168.219.168
INFO request from 192.168.141.220
WARN disk usage 192.168.229.48%
WARN retry attempt 192.168.211.158 for 65937
INFO request from 192.168.39.155
WARN slow query: 192.168.121.141ms
FATAL unrecoverable disk error
ERROR connection timeout 503
WARN retry attempt 192.168.9.50 for 37876
INFO connection established
ERROR file not found: /tmp/192.168.39.155.log
DEBUG entering function foo
ERROR connection timeout 503
DEBUG heap size: 192.168.60.30
WARN slow query: 192.168.193.243ms
FATAL segfault at address 0x192.168.142.104
INFO request from 192.168.189.144
INFO connection established
WARN disk usage 192.168.57.185%
ERROR connection timeout 503
ERROR auth failure for user 192.168.107.168
DEBUG cache hit for key=192.168.121.141
INFO request from 192.168.215.207
FATAL unrecoverable disk error
FATAL segfault at address 0x192.168.178.215
DEBUG cache hit for key=192.168.211.158
DEBUG heap size: 192.168.193.243
FATAL segfault at address 0x192.168.193.243
DEBUG entering function foo
ERROR auth failure for user 192.168.215.207
WARN retry attempt 192.168.36.209 for 33657
ERROR file not found: /tmp/192.168.39.155.log
DEBUG variable x=192.168.60.30
FATAL out of memory
INFO request from 192.168.178.215
FATAL unrecoverable disk error
FATAL unrecoverable disk error
ERROR null pointer in module 192.168.211.158
ERROR connection timeout 503
DEBUG heap size: 192.168.141.220
DEBUG entering function foo
WARN disk usage 192.168.197.186%
FATAL kernel panic
ERROR auth failure for user 192.168.92.139
ERROR file not found: /tmp/192.168.219.168.log
ERROR auth failure for user 192.168.57.185
ERROR null pointer in module 192.168.36.209
INFO request from 192.168.82.31
FATAL kernel panic
INFO connection established
ERROR connection timeout 503
WARN slow query: 192.168.39.155ms
INFO connection established
DEBUG variable x=192.168.36.209
DEBUG variable x=192.168.57.185
ERROR file not found: /tmp/192.168.82.31.log
INFO connection established
ERROR file not found: /tmp/192.168.229.48.log
INFO user 192.168.141.220 logged in
DEBUG heap size: 192.168.107.168
DEBUG cache hit for key=192.168.60.30
WARN retry attempt 192.168.92.139 for 66555
DEBUG entering function foo
FATAL kernel panic
ERROR connection timeout 503
ERROR connection timeout 503
WARN disk usage 192.168.211.158%
INFO connection established
INFO processed 192.168.39.155 items
WARN slow query: 192.168.211.158ms
DEBUG cache hit for key=192.168.92.139
INFO user 192.168.215.207 logged in
DEBUG heap size: 192.168.121.141
DEBUG entering function foo
ERROR connection timeout 503
ERROR auth failure for user 192.168.178.215
ERROR file not found: /tmp/192.168.142.104.log
DEBUG entering function foo
INFO processed 192.168.197.186 items
WARN slow query: 192.168.107.168ms
ERROR file not found: /tmp/192.168.82.31.log
DEBUG heap size: 192.168.107.168
ERROR auth failure for user 192.168.178.6
FATAL segfault at address 0x192.168.229.48
DEBUG variable x=192.168.211.158
DEBUG cache hit for key=192.168.178.6
FATAL unrecoverable disk error
WARN retry attempt 192.168.219.168 for 21154
FATAL kernel panic
FATAL unrecoverable disk error
INFO processed 192.168.9.50 items
WARN disk usage 192.168.178.6%
INFO request from 192.168.178.215
FATAL segfault at address 0x192.168.107.168
FATAL kernel panic
INFO user 192.168.60.30 logged in
FATAL unrecoverable disk error
FATAL unrecoverable disk error
ERROR connection timeout 503
WARN memory threshold reached: 192.168.193.243MB
WARN retry attempt 192.168.141.220 for 71747
ERROR connection timeout 503
INFO user 192.168.229.48 logged in
FATAL out of memory
DEBUG variable x=192.168.193.243
FATAL segfault at address 0x192.168.60.30
ERROR file not found: /tmp/192.168.92.139.log
ERROR connection timeout 503
FATAL unrecoverable disk error
WARN memory threshold reached: 192.168.36.209MB
FATAL kernel panic
INFO processed 192.168.92.139 items
DEBUG entering function foo
WARN slow query: 192.168.142.104ms
DEBUG heap size: 192.168.193.243
INFO processed 192.168.9.50 items
DEBUG entering function foo
ERROR auth failure for user 192.168.189.144
DEBUG variable x=192.168.82.31
ERROR connection timeout 503
WARN retry attempt 192.168.229.48 for 97661
WARN slow query: 192.168.193.243ms
ERROR connection timeout 503
DEBUG entering function foo
FATAL kernel panic
INFO processed 192.168.178.6 items
INFO processed 192.168.197.186 items
FATAL segfault at address 0x192.168.39.155
WARN memory threshold reached: 192.168.178.6MB
INFO connection established
WARN slow query: 192.168.9.50ms
FATAL segfault at address 0x192.168.141.220
WARN slow query: 192.168.211.158ms
INFO processed 192.168.189.144 items
WARN disk usage 192.168.229.48%
INFO user 192.168.211.158 logged in
ERROR connection timeout 503
FATAL segfault at address 0x192.168.197.186
DEBUG variable x=192.168.121.141
WARN slow query: 192.168.36.209ms
INFO request from 192.168.189.144
FATAL unrecoverable disk error
DEBUG heap size: 192.168.57.185
FATAL segfault at address 0x192.168.60.30
WARN retry attempt 192.168.219.168 for 84534
DEBUG entering function foo
WARN slow query: 192.168.178.6ms
WARN retry attempt 192.168.229.48 for 61008
ERROR auth failure for user 192.168.219.168
ERROR file not found: /tmp/192.168.39.155.log
INFO connection established
INFO request from 192.168.142.104
WARN slow query: 192.168.178.215ms
DEBUG cache hit for key=192.168.197.186
WARN disk usage 192.168.121.141%
WARN retry attempt 192.168.178.6 for 32893
DEBUG heap size: 192.168.215.207
ERROR connection timeout 503
DEBUG variable x=192.168.215.207
ERROR connection timeout 503
WARN memory threshold reached: 192.168.57.185MB
INFO processed 192.168.107.168 items
ERROR auth failure for user 192.168.82.31
FATAL unrecoverable disk error
DEBUG entering function foo
INFO user 192.168.142.104 logged in
DEBUG variable x=192.168.121.141
INFO request from 192.168.57.185
WARN retry attempt 192.168.219.168 for 59668
WARN slow query: 192.168.219.168ms
DEBUG variable x=192.168.178.215
FATAL unrecoverable disk error
DEBUG cache hit for key=192.168.197.186
DEBUG cache hit for key=192.168.82.31
FATAL segfault at address 0x192.168.39.155
ERROR null pointer in module 192.168.57.185
WARN memory threshold reached: 192.168.229.48MB
WARN disk usage 192.168.57.185%
INFO connection established
DEBUG entering function foo
ERROR null pointer in module 192.168.178.215
DEBUG heap size: 192.168.189.144
DEBUG heap size: 192.168.178.215
INFO user 192.168.92.139 logged in
INFO request from 192.168.82.31
FATAL segfault at address 0x192.168.9.50
FATAL kernel panic
DEBUG entering function foo
ERROR connection timeout 503
DEBUG variable x=192.168.57.185
ERROR file not found: /tmp/192.168.229.48.log
ERROR file not found: /tmp/192.168.141.220.log
WARN retry attempt 192.168.229.48 for 98733
DEBUG variable x=192.168.219.168
DEBUG entering function foo
WARN retry attempt 192.168.178.215 for 6178
DEBUG entering function foo
ERROR null pointer in module 192.168.229.48
ERROR null pointer in module 192.168.215.207
WARN slow query: 192.168.92.139ms
FATAL unrecoverable disk error
FATAL unrecoverable disk error
FATAL unrecoverable disk error
WARN disk usage 192.168.193.243%
DEBUG entering function foo
FATAL out of memory
ERROR file not found: /tmp/192.168.60.30.log
FATAL segfault at address 0x192.168.215.207
FATAL out of memory
ERROR connection timeout 503
INFO request from 192.168.9.50
WARN slow query: 192.168.39.155ms
DEBUG entering function foo
INFO processed 192.168.60.30 items
INFO connection established
WARN memory threshold reached: 192.168.57.185MB
WARN retry attempt 192.168.197.186 for 45537
DEBUG variable x=192.168.211.158
FATAL kernel panic
WARN memory threshold reached: 192.168.92.139MB
ERROR null pointer in module 192.168.219.168
INFO connection established
INFO request from 192.168.142.104
ERROR null pointer in module 192.168.141.220
WARN disk usage 192.168.211.158%
ERROR connection timeout 503
INFO request from 192.168.178.6
INFO request from 192.168.9.50
WARN disk usage 192.168.142.104%
WARN memory threshold reached: 192.168.142.104MB
ERROR file not found: /tmp/192.168.211.158.log
INFO processed 192.168.229.48 items
INFO user 192.168.141.220 logged in
FATAL unrecoverable disk error
DEBUG variable x=192.168.141.220
DEBUG entering function foo
INFO request from 192.168.107.168
INFO user 192.168.178.215 logged in
DEBUG variable x=192.168.229.48
WARN memory threshold reached: 192.168.193.243MB
INFO user 192.168.36.209 logged in
WARN retry attempt 192.168.229.48 for 33769
ERROR auth failure for user 192.168.229.48
ERROR null pointer in module 192.168.189.144
WARN slow query: 192.168.36.209ms
FATAL segfault at address 0x192.168.215.207
FATAL unrecoverable disk error
INFO user 192.168.219.168 logged in
FATAL segfault at address 0x192.168.57.185
DEBUG heap size: 192.168.121.141
WARN retry attempt 192.168.215.207 for 23066
DEBUG variable x=192.168.107.168
ERROR null pointer in module 192.168.121.141
FATAL segfault at address 0x192.168.82.31
ERROR file not found: /tmp/192.168.36.209.log
ERROR null pointer in module 192.168.193.243
FATAL kernel panic
WARN memory threshold reached: 192.168.189.144MB
DEBUG variable x=192.168.178.215
INFO user 192.168.193.243 logged in
WARN memory threshold reached: 192.168.107.168MB
WARN disk usage 192.168.142.104%
DEBUG cache hit for key=192.168.9.50
FATAL unrecoverable disk error
ERROR null pointer in module 192.168.36.209
FATAL out of memory
ERROR null pointer in module 192.168.178.215
FATAL out of memory
INFO processed 192.168.92.139 items
WARN memory threshold reached: 192.168.211.158MB
INFO connection established
FATAL kernel panic
INFO connection established
FATAL unrecoverable disk error
FATAL out of memory
ERROR auth failure for user 192.168.178.6
FATAL kernel panic
ERROR auth failure for user 192.168.82.31
FATAL out of memory
FATAL segfault at address 0x192.168.197.186
INFO connection established
WARN slow query: 192.168.121.141ms
ERROR null pointer in module 192.168.193.243
INFO user 192.168.57.185 logged in
WARN disk usage 192.168.60.30%
INFO processed 192.168.92.139 items
INFO connection established
DEBUG variable x=192.168.219.168
WARN slow query: 192.168.57.185ms
DEBUG heap size: 192.168.197.186
FATAL segfault at address 0x192.168.39.155
ERROR null pointer in module 192.168.211.158
ERROR auth failure for user 192.168.60.30
FATAL segfault at address 0x192.168.178.215
DEBUG entering function foo
ERROR null pointer in module 192.168.178.215
WARN retry attempt 192.168.92.139 for 34363
FATAL unrecoverable disk error
INFO request from 192.168.229.48
FATAL kernel panic
DEBUG heap size: 192.168.178.6
FATAL out of memory
DEBUG cache hit for key=192.168.197.186
WARN retry attempt 192.168.193.243 for 3021
FATAL kernel panic
DEBUG heap size: 192.168.211.158
WARN disk usage 192.168.178.6%
FATAL segfault at address 0x192.168.178.6
ERROR connection timeout 503
WARN slow query: 192.168.142.104ms
DEBUG variable x=192.168.229.48
INFO connection established
ERROR connection timeout 503
INFO connection established
FATAL segfault at address 0x192.168.9.50
FATAL kernel panic
INFO request from 192.168.193.243
DEBUG entering function foo
DEBUG variable x=192.168.107.168
WARN disk usage 192.168.193.243%
ERROR auth failure for user 192.168.178.6
WARN slow query: 192.168.229.48ms
FATAL kernel panic
FATAL segfault at address 0x192.168.36.209
FATAL kernel panic
FATAL unrecoverable disk error
DEBUG variable x=192.168.197.186
ERROR connection timeout 503
DEBUG heap size: 192.168.107.168
DEBUG entering function foo
DEBUG heap size: 192.168.197.186
WARN disk usage 192.168.215.207%
WARN memory threshold reached: 192.168.197.186MB
INFO connection established
FATAL segfault at address 0x192.168.189.144
INFO user 192.168.39.155 logged in
DEBUG cache hit for key=192.168.178.215
ERROR file not found: /tmp/192.168.178.215.log
FATAL unrecoverable disk error
INFO request from 192.168.107.168
ERROR file not found: /tmp/192.168.92.139.log
DEBUG variable x=192.168.197.186
INFO request from 192.168.107.168
FATAL out of memory
DEBUG heap size: 192.168.57.185
ERROR null pointer in module 192.168.107.168
INFO user 192.168.36.209 logged in
ERROR file not found: /tmp/192.168.141.220.log
WARN retry attempt 192.168.60.30 for 41684
INFO processed 192.168.39.155 items
DEBUG cache hit for key=192.168.39.155
ERROR null pointer in module 192.168.178.6
INFO connection established
ERROR auth failure for user 192.168.82.31
INFO user 192.168.193.243 logged in
FATAL unrecoverable disk error
INFO user 192.168.178.6 logged in
INFO connection established
INFO connection established
DEBUG cache hit for key=192.168.36.209
DEBUG variable x=192.168.9.50
INFO connection established
INFO connection established
FATAL segfault at address 0x192.168.219.168
ERROR null pointer in module 192.168.229.48
INFO processed 192.168.178.6 items
DEBUG heap size: 192.168.215.207
DEBUG cache hit for key=192.168.211.158
DEBUG cache hit for key=192.168.57.185
ERROR file not found: /tmp/192.168.57.185.log
ERROR auth failure for user 192.168.229.48
WARN memory threshold reached: 192.168.121.141MB
INFO processed 192.168.9.50 items
WARN memory threshold reached: 192.168.141.220MB
INFO user 192.168.60.30 logged in
INFO user 192.168.82.31 logged in
INFO request from 192.168.92.139
WARN retry attempt 192.168.178.6 for 37093
INFO request from 192.168.142.104
WARN disk usage 192.168.60.30%
INFO processed 192.168.193.243 items
WARN retry attempt 192.168.92.139 for 61691
WARN slow query: 192.168.178.215ms
DEBUG variable x=192.168.60.30
WARN retry attempt 192.168.142.104 for 31127
ERROR null pointer in module 192.168.219.168
DEBUG variable x=192.168.36.209
INFO processed 192.168.142.104 items
DEBUG heap size: 192.168.215.207
ERROR null pointer in module 192.168.189.144
INFO processed 192.168.121.141 items
DEBUG cache hit for key=192.168.92.139
FATAL unrecoverable disk error
INFO request from 192.168.39.155
DEBUG cache hit for key=192.168.193.243
WARN retry attempt 192.168.57.185 for 75418
ERROR null pointer in module 192.168.39.155
INFO connection established
WARN retry attempt 192.168.178.215 for 25032
DEBUG heap size: 192.168.178.6
DEBUG heap size: 192.168.142.104
INFO user 192.168.39.155 logged in
WARN memory threshold reached: 192.168.215.207MB
ERROR connection timeout 503
ERROR null pointer in module 192.168.178.6
DEBUG entering function foo
WARN slow query: 192.168.57.185ms
WARN disk usage 192.168.193.243%
FATAL out of memory
DEBUG entering function foo
WARN slow query: 192.168.92.139ms
INFO request from 192.168.219.168
INFO processed 192.168.36.209 items
FATAL segfault at address 0x192.168.121.141
FATAL segfault at address 0x192.168.229.48
ERROR auth failure for user 192.168.142.104
ERROR file not found: /tmp/192.168.193.243.log
DEBUG heap size: 192.168.107.168
FATAL out of memory
ERROR connection timeout 503
INFO request from 192.168.219.168
FATAL out of memory
WARN disk usage 192.168.39.155%
DEBUG cache hit for key=192.168.193.243
INFO processed 192.168.178.215 items
INFO request from 192.168.211.158
INFO connection established
DEBUG variable x=192.168.141.220
ERROR auth failure for user 192.168.211.158
ERROR null pointer in module 192.168.211.158
INFO connection established
WARN slow query: 192.168.229.48ms
ERROR null pointer in module 192.168.36.209
WARN slow query: 192.168.193.243ms
WARN memory threshold reached: 192.168.36.209MB
INFO user 192.168.211.158 logged in
DEBUG heap size: 192.168.39.155
DEBUG entering function foo
INFO processed 192.168.142.104 items
DEBUG variable x=192.168.219.168
INFO request from 192.168.60.30
INFO processed 192.168.197.186 items
INFO connection established
WARN memory threshold reached: 192.168.142.104MB
FATAL segfault at address 0x192.168.141.220
DEBUG variable x=192.168.82.31
ERROR null pointer in module 192.168.82.31
INFO processed 192.168.193.243 items
ERROR null pointer in module 192.168.92.139
DEBUG heap size: 192.168.107.168
FATAL out of memory
WARN retry attempt 192.168.193.243 for 80976
FATAL kernel panic
FATAL kernel panic
WARN retry attempt 192.168.219.168 for 43532
FATAL segfault at address 0x192.168.57.185
INFO connection established
ERROR file not found: /tmp/192.168.9.50.log
ERROR auth failure for user 192.168.211.158
WARN retry attempt 192.168.39.155 for 82330
INFO user 192.168.121.141 logged in
FATAL segfault at address 0x192.168.193.243
DEBUG entering function foo
ERROR auth failure for user 192.168.39.155
WARN slow query: 192.168.193.243ms
DEBUG variable x=192.168.57.185
INFO request from 192.168.60.30
ERROR null pointer in module 192.168.60.30
DEBUG cache hit for key=192.168.142.104
WARN retry attempt 192.168.82.31 for 84445
INFO connection established
FATAL segfault at address 0x192.168.107.168
DEBUG cache hit for key=192.168.121.141
DEBUG cache hit for key=192.168.193.243
ERROR file not found: /tmp/192.168.141.220.log
INFO user 192.168.92.139 logged in
DEBUG cache hit for key=192.168.92.139
FATAL kernel panic
INFO user 192.168.36.209 logged in
FATAL out of memory
INFO user 192.168.92.139 logged in
ERROR null pointer in module 192.168.60.30
FATAL unrecoverable disk error
FATAL unrecoverable disk error
DEBUG variable x=192.168.197.186
ERROR auth failure for user 192.168.39.155
INFO user 192.168.178.6 logged in
WARN slow query: 192.168.9.50ms
ERROR auth failure for user 192.168.107.168
DEBUG entering function foo
WARN disk usage 192.168.39.155%
DEBUG heap size: 192.168.229.48
FATAL out of memory
ERROR auth failure for user 192.168.82.31
FATAL segfault at address 0x192.168.193.243
WARN slow query: 192.168.189.144ms
INFO connection established
WARN slow query: 192.168.36.209ms
ERROR file not found: /tmp/192.168.121.141.log
WARN memory threshold reached: 192.168.141.220MB
ERROR connection timeout 503
INFO connection established
INFO processed 192.168.60.30 items
INFO connection established
INFO processed 192.168.121.141 items
DEBUG variable x=192.168.121.141
DEBUG heap size: 192.168.92.139
ERROR file not found: /tmp/192.168.92.139.log
WARN slow query: 192.168.178.215ms
DEBUG heap size: 192.168.193.243
INFO processed 192.168.189.144 items
FATAL segfault at address 0x192.168.178.6
ERROR connection timeout 503
WARN disk usage 192.168.219.168%
ERROR file not found: /tmp/192.168.60.30.log
FATAL kernel panic
DEBUG heap size: 192.168.189.144
FATAL unrecoverable disk error
WARN disk usage 192.168.36.209%
DEBUG heap size: 192.168.57.185
WARN retry attempt 192.168.60.30 for 29642
DEBUG variable x=192.168.36.209
WARN memory threshold reached: 192.168.142.104MB
WARN slow query: 192.168.197.186ms
DEBUG entering function foo
FATAL segfault at address 0x192.168.9.50
INFO request from 192.168.193.243
FATAL unrecoverable disk error
DEBUG variable x=192.168.178.215
FATAL segfault at address 0x192.168.178.6
WARN memory threshold reached: 192.168.229.48MB
WARN slow query: 192.168.36.209ms
INFO request from 192.168.9.50
DEBUG variable x=192.168.215.207
WARN memory threshold reached: 192.168.82.31MB
INFO processed 192.168.229.48 items
ERROR auth failure for user 192.168.57.185
DEBUG heap size: 192.168.193.243
FATAL segfault at address 0x192.168.189.144
ERROR file not found: /tmp/192.168.121.141.log
WARN memory threshold reached: 192.168.36.209MB
INFO processed 192.168.39.155 items
INFO user 192.168.107.168 logged in
ERROR file not found: /tmp/192.168.36.209.log
WARN memory threshold reached: 192.168.82.31MB
WARN slow query: 192.168.39.155ms
ERROR connection timeout 503
DEBUG heap size: 192.168.141.220
ERROR auth failure for user 192.168.107.168
DEBUG variable x=192.168.178.6
WARN slow query: 192.168.219.168ms
FATAL unrecoverable disk error
FATAL kernel panic
FATAL unrecoverable disk error
WARN memory threshold reached: 192.168.82.31MB
FATAL segfault at address 0x192.168.9.50
INFO processed 192.168.60.30 items
DEBUG cache hit for key=192.168.36.209
INFO connection established
INFO request from 192.168.193.243
DEBUG heap size: 192.168.9.50
ERROR auth failure for user 192.168.107.168
DEBUG variable x=192.168.57.185
ERROR connection timeout 503
ERROR connection timeout 503
INFO processed 192.168.92.139 items
DEBUG heap size: 192.168.39.155
INFO request from 192.168.60.30
FATAL segfault at address 0x192.168.197.186
INFO user 192.168.107.168 logged in
INFO request from 192.168.107.168
ERROR auth failure for user 192.168.82.31
ERROR connection timeout 503
DEBUG cache hit for key=192.168.229.48
WARN disk usage 192.168.92.139%
ERROR auth failure for user 192.168.215.207
DEBUG entering function foo
DEBUG variable x=192.168.39.155
WARN retry attempt 192.168.142.104 for 63535
DEBUG variable x=192.168.107.168
WARN disk usage 192.168.36.209%
WARN slow query: 192.168.82.31ms
FATAL unrecoverable disk error
INFO connection established
INFO processed 192.168.193.243 items
DEBUG variable x=192.168.57.185
FATAL out of memory
FATAL unrecoverable disk error
WARN slow query: 192.168.92.139ms
INFO request from 192.168.60.30
INFO request from 192.168.82.31
DEBUG heap size: 192.168.142.104
FATAL kernel panic
DEBUG entering function foo
WARN disk usage 192.168.219.168%
DEBUG entering function foo
INFO request from 192.168.178.6
INFO request from 192.168.197.186
WARN slow query: 192.168.178.6ms
DEBUG entering function foo
FATAL unrecoverable disk error
ERROR connection timeout 503
INFO processed 192.168.36.209 items
WARN memory threshold reached: 192.168.178.215MB
WARN slow query: 192.168.9.50ms
ERROR file not found: /tmp/192.168.215.207.log
WARN disk usage 192.168.107.168%
ERROR null pointer in module 192.168.142.104
DEBUG heap size: 192.168.60.30
WARN retry attempt 192.168.219.168 for 62457
INFO user 192.168.178.215 logged in
ERROR connection timeout 503
FATAL kernel panic
ERROR auth failure for user 192.168.82.31
ERROR connection timeout 503
WARN memory threshold reached: 192.168.178.215MB
WARN retry attempt 192.168.92.139 for 81182
FATAL unrecoverable disk error
ERROR file not found: /tmp/192.168.9.50.log
WARN slow query: 192.168.82.31ms
ERROR null pointer in module 192.168.82.31
ERROR null pointer in module 192.168.121.141
DEBUG cache hit for key=192.168.189.144
ERROR null pointer in module 192.168.121.141
ERROR null pointer in module 192.168.36.209
INFO request from 192.168.121.141
INFO processed 192.168.36.209 items
ERROR auth failure for user 192.168.141.220
ERROR connection timeout 503
DEBUG heap size: 192.168.142.104
DEBUG variable x=192.168.60.30
FATAL segfault at address 0x192.168.141.220
ERROR connection timeout 503
DEBUG entering function foo
FATAL segfault at address 0x192.168.229.48
WARN retry attempt 192.168.211.158 for 82623
ERROR connection timeout 503
WARN retry attempt 192.168.215.207 for 87767
FATAL unrecoverable disk error
FATAL unrecoverable disk error
ERROR connection timeout 503
WARN disk usage 192.168.36.209%
FATAL unrecoverable disk error
INFO user 192.168.36.209 logged in
FATAL out of memory
DEBUG variable x=192.168.141.220
INFO user 192.168.178.215 logged in
INFO user 192.168.211.158 logged in
DEBUG entering function foo
DEBUG entering function foo
INFO connection established
INFO connection established
INFO processed 192.168.60.30 items
DEBUG cache hit for key=192.168.39.155
INFO connection established
ERROR file not found: /tmp/192.168.60.30.log
INFO connection established
FATAL kernel panic
INFO connection established
INFO connection established
INFO request from 192.168.219.168
INFO processed 192.168.189.144 items
FATAL out of memory
WARN memory threshold reached: 192.168.36.209MB
INFO user 192.168.178.215 logged in
FATAL out of memory
FATAL kernel panic
INFO request from 192.168.9.50
INFO request from 192.168.215.207
WARN retry attempt 192.168.178.6 for 55707
INFO processed 192.168.189.144 items
WARN retry attempt 192.168.92.139 for 3615
FATAL kernel panic
INFO connection established
FATAL segfault at address 0x192.168.142.104
WARN memory threshold reached: 192.168.219.168MB
ERROR connection timeout 503
FATAL unrecoverable disk error
FATAL segfault at address 0x192.168.141.220
INFO user 192.168.142.104 logged in
FATAL kernel panic
FATAL unrecoverable disk error
FATAL segfault at address 0x192.168.219.168
FATAL out of memory
WARN retry attempt 192.168.211.158 for 48368
FATAL segfault at address 0x192.168.178.215
WARN memory threshold reached: 192.168.229.48MB
INFO user 192.168.121.141 logged in
ERROR file not found: /tmp/192.168.92.139.log
FATAL segfault at address 0x192.168.92.139
FATAL segfault at address 0x192.168.219.168
FATAL unrecoverable disk error
DEBUG entering function foo
WARN slow query: 192.168.193.243ms
DEBUG variable x=192.168.141.220
WARN slow query: 192.168.57.185ms
INFO connection established
WARN disk usage 192.168.197.186%
ERROR null pointer in module 192.168.121.141
INFO connection established
ERROR file not found: /tmp/192.168.215.207.log
ERROR connection timeout 503
INFO processed 192.168.178.6 items
WARN retry attempt 192.168.141.220 for 37073
DEBUG heap size: 192.168.142.104
DEBUG heap size: 192.168.57.185
ERROR connection timeout 503
WARN retry attempt 192.168.9.50 for 22602
INFO connection established
DEBUG heap size: 192.168.57.185
INFO request from 192.168.82.31
FATAL out of memory
ERROR null pointer in module 192.168.193.243
INFO request from 192.168.189.144
WARN retry attempt 192.168.36.209 for 16601
INFO processed 192.168.60.30 items
DEBUG heap size: 192.168.142.104
ERROR null pointer in module 192.168.36.209
DEBUG variable x=192.168.82.31
INFO processed 192.168.193.243 items
INFO processed 192.168.189.144 items
INFO user 192.168.121.141 logged in
FATAL segfault at address 0x192.168.36.209
INFO connection established
INFO user 192.168.39.155 logged in
FATAL segfault at address 0x192.168.82.31
WARN slow query: 192.168.60.30ms
FATAL kernel panic
FATAL out of memory
WARN retry attempt 192.168.197.186 for 60291
INFO request from 192.168.92.139
DEBUG cache hit for key=192.168.141.220
DEBUG cache hit for key=192.168.57.185
WARN memory threshold reached: 192.168.197.186MB
DEBUG cache hit for key=192.168.197.186
INFO user 192.168.92.139 logged in
ERROR file not found: /tmp/192.168.121.141.log
INFO user 192.168.92.139 logged in
INFO connection established
INFO connection established
INFO connection established
INFO user 192.168.57.185 logged in
ERROR connection timeout 503
INFO user 192.168.178.6 logged in
DEBUG variable x=192.168.229.48
DEBUG variable x=192.168.215.207
INFO processed 192.168.57.185 items
FATAL unrecoverable disk error
ERROR null pointer in module 192.168.121.141
WARN disk usage 192.168.142.104%
WARN retry attempt 192.168.215.207 for 8859
ERROR null pointer in module 192.168.39.155
ERROR file not found: /tmp/192.168.211.158.log
WARN disk usage 192.168.178.215%
WARN retry attempt 192.168.229.48 for 72120
WARN disk usage 192.168.82.31%
DEBUG cache hit for key=192.168.39.155
DEBUG variable x=192.168.178.6
WARN slow query: 192.168.57.185ms
FATAL unrecoverable disk error
WARN memory threshold reached: 192.168.92.139MB
ERROR file not found: /tmp/192.168.36.209.log
DEBUG heap size: 192.168.36.209
FATAL unrecoverable disk error
FATAL kernel panic
WARN disk usage 192.168.193.243%
FATAL kernel panic
DEBUG heap size: 192.168.189.144
FATAL unrecoverable disk error
ERROR null pointer in module 192.168.211.158
DEBUG heap size: 192.168.107.168
ERROR connection timeout 503
INFO connection established
WARN retry attempt 192.168.9.50 for 39570
FATAL kernel panic
FATAL kernel panic
DEBUG variable x=192.168.229.48
DEBUG heap size: 192.168.39.155
INFO user 192.168.60.30 logged in
DEBUG variable x=192.168.178.215
DEBUG entering function foo
FATAL kernel panic
ERROR connection timeout 503
ERROR file not found: /tmp/192.168.215.207.log
FATAL unrecoverable disk error
INFO user 192.168.219.168 logged in
DEBUG heap size: 192.168.121.141
FATAL kernel panic
ERROR auth failure for user 192.168.178.215
INFO user 192.168.39.155 logged in
DEBUG heap size: 192.168.121.141
INFO processed 192.168.193.243 items
DEBUG variable x=192.168.178.6
DEBUG variable x=192.168.9.50
WARN memory threshold reached: 192.168.9.50MB
ERROR connection timeout 503
DEBUG variable x=192.168.197.186
DEBUG heap size: 192.168.141.220
INFO processed 192.168.211.158 items
DEBUG entering function foo
DEBUG entering function foo
FATAL segfault at address 0x192.168.82.31
FATAL out of memory
WARN retry attempt 192.168.178.6 for 19009
DEBUG entering function foo
DEBUG cache hit for key=192.168.92.139
WARN disk usage 192.168.9.50%
INFO request from 192.168.82.31
INFO processed 192.168.211.158 items
DEBUG heap size: 192.168.92.139
DEBUG cache hit for key=192.168.229.48
INFO user 192.168.57.185 logged in
FATAL out of memory
FATAL kernel panic
INFO connection established
WARN slow query: 192.168.193.243ms
FATAL unrecoverable disk error
WARN disk usage 192.168.211.158%
ERROR null pointer in module 192.168.178.215
ERROR connection timeout 503
WARN retry attempt 192.168.9.50 for 20714
INFO user 192.168.57.185 logged in
FATAL out of memory
FATAL unrecoverable disk error
FATAL unrecoverable disk error
DEBUG heap size: 192.168.229.48
DEBUG variable x=192.168.189.144
INFO request from 192.168.57.185
FATAL unrecoverable disk error
FATAL segfault at address 0x192.168.178.215
WARN disk usage 192.168.107.168%
INFO processed 192.168.215.207 items
WARN disk usage 192.168.211.158%
FATAL unrecoverable disk error
WARN disk usage 192.168.197.186%
FATAL out of memory
ERROR connection timeout 503
DEBUG heap size: 192.168.178.215
WARN slow query: 192.168.215.207ms
INFO processed 192.168.142.104 items
WARN slow query: 192.168.57.185ms
DEBUG cache hit for key=192.168.39.155
ERROR auth failure for user 192.168.82.31
DEBUG cache hit for key=192.168.60.30
FATAL kernel panic
FATAL unrecoverable disk error
DEBUG cache hit for key=192.168.36.209
DEBUG entering function foo
DEBUG entering function foo
ERROR auth failure for user 192.168.189.144
FATAL kernel panic
WARN disk usage 192.168.178.6%
WARN slow query: 192.168.107.168ms
WARN disk usage 192.168.215.207%
FATAL kernel panic
FATAL out of memory
INFO processed 192.168.92.139 items
WARN retry attempt 192.168.36.209 for 27556
INFO user 192.168.121.141 logged in
INFO connection established
FATAL kernel panic
FATAL segfault at address 0x192.168.189.144
FATAL out of memory
WARN memory threshold reached: 192.168.9.50MB
WARN slow query: 192.168.229.48ms
FATAL kernel panic
DEBUG variable x=192.168.39.155
DEBUG variable x=192.168.215.207
INFO request from 192.168.197.186
WARN slow query: 192.168.121.141ms
DEBUG heap size: 192.168.36.209
WARN disk usage 192.168.215.207%
WARN memory threshold reached: 192.168.36.209MB
DEBUG heap size: 192.168.57.185
FATAL kernel panic
FATAL out of memory
WARN memory threshold reached: 192.168.193.243MB
ERROR null pointer in module 192.168.9.50
FATAL out of memory
INFO connection established
WARN memory threshold reached: 192.168.121.141MB
ERROR null pointer in module 192.168.219.168
DEBUG heap size: 192.168.142.104
INFO connection established
ERROR file not found: /tmp/192.168.189.144.log
WARN disk usage 192.168.121.141%
DEBUG heap size: 192.168.211.158
DEBUG heap size: 192.168.178.6
WARN memory threshold reached: 192.168.178.6MB
WARN memory threshold reached: 192.168.178.6MB
FATAL segfault at address 0x192.168.215.207
ERROR null pointer in module 192.168.189.144
ERROR null pointer in module 192.168.82.31
ERROR file not found: /tmp/192.168.189.144.log
FATAL out of memory
INFO connection established
WARN disk usage 192.168.9.50%
WARN memory threshold reached: 192.168.178.215MB
FATAL out of memory
ERROR file not found: /tmp/192.168.60.30.log
INFO processed 192.168.142.104 items
FATAL kernel panic
FATAL kernel panic
WARN memory threshold reached: 192.168.92.139MB
ERROR file not found: /tmp/192.168.60.30.log
WARN disk usage 192.168.178.215%
ERROR null pointer in module 192.168.189.144
ERROR file not found: /tmp/192.168.107.168.log
FATAL kernel panic
DEBUG variable x=192.168.57.185
INFO request from 192.168.142.104
DEBUG cache hit for key=192.168.92.139
ERROR connection timeout 503
ERROR auth failure for user 192.168.211.158
INFO connection established
FATAL kernel panic
FATAL segfault at address 0x192.168.189.144
FATAL segfault at address 0x192.168.82.31
ERROR connection timeout 503
ERROR connection timeout 503
DEBUG entering function foo
ERROR connection timeout 503
DEBUG heap size: 192.168.211.158
ERROR file not found: /tmp/192.168.229.48.log
INFO request from 192.168.39.155
WARN memory threshold reached: 192.168.178.215MB
WARN slow query: 192.168.82.31ms
FATAL out of memory
FATAL unrecoverable disk error
DEBUG variable x=192.168.39.155
INFO user 192.168.142.104 logged in
ERROR connection timeout 503
DEBUG variable x=192.168.57.185
FATAL segfault at address 0x192.168.178.6
INFO connection established
INFO user 192.168.189.144 logged in
WARN disk usage 192.168.178.6%
DEBUG heap size: 192.168.9.50
DEBUG heap size: 192.168.219.168
INFO user 192.168.211.158 logged in
ERROR connection timeout 503
WARN memory threshold reached: 192.168.229.48MB
INFO connection established
DEBUG cache hit for key=192.168.82.31
DEBUG heap size: 192.168.9.50
WARN retry attempt 192.168.60.30 for 44832
WARN retry attempt 192.168.178.215 for 26466
DEBUG cache hit for key=192.168.229.48
DEBUG entering function foo
INFO processed 192.168.82.31 items
DEBUG variable x=192.168.178.6
FATAL kernel panic
WARN retry attempt 192.168.107.168 for 2863
DEBUG cache hit for key=192.168.219.168
ERROR file not found: /tmp/192.168.178.6.log
ERROR null pointer in module 192.168.141.220
DEBUG entering function foo
ERROR connection timeout 503
WARN disk usage 192.168.141.220%
WARN slow query: 192.168.229.48ms
DEBUG entering function foo
INFO request from 192.168.92.139
WARN memory threshold reached: 192.168.121.141MB
DEBUG heap size: 192.168.141.220
FATAL out of memory
DEBUG variable x=192.168.197.186
WARN disk usage 192.168.215.207%
FATAL segfault at address 0x192.168.107.168
ERROR null pointer in module 192.168.92.139
WARN disk usage 192.168.92.139%
FATAL unrecoverable disk error
DEBUG cache hit for key=192.168.178.6
DEBUG cache hit for key=192.168.57.185
DEBUG variable x=192.168.193.243
DEBUG heap size: 192.168.141.220
ERROR null pointer in module 192.168.57.185
ERROR file not found: /tmp/192.168.82.31.log
ERROR file not found: /tmp/192.168.9.50.log
ERROR connection timeout 503
ERROR null pointer in module 192.168.193.243
INFO request from 192.168.57.185
ERROR file not found: /tmp/192.168.82.31.log
DEBUG cache hit for key=192.168.141.220
DEBUG heap size: 192.168.60.30
INFO connection established
WARN slow query: 192.168.193.243ms
WARN disk usage 192.168.57.185%
FATAL kernel panic
INFO processed 192.168.219.168 items
ERROR file not found: /tmp/192.168.82.31.log
FATAL kernel panic
WARN memory threshold reached: 192.168.189.144MB
ERROR file not found: /tmp/192.168.189.144.log
ERROR auth failure for user 192.168.121.141
ERROR connection timeout 503
ERROR null pointer in module 192.168.229.48
WARN slow query: 192.168.121.141ms
FATAL unrecoverable disk error
FATAL out of memory
FATAL segfault at address 0x192.168.193.243
FATAL unrecoverable disk error
WARN disk usage 192.168.229.48%
ERROR null pointer in module 192.168.60.30
WARN disk usage 192.168.142.104%
WARN memory threshold reached: 192.168.229.48MB
INFO request from 192.168.142.104
WARN memory threshold reached: 192.168.121.141MB
DEBUG heap size: 192.168.229.48
DEBUG cache hit for key=192.168.229.48
WARN slow query: 192.168.82.31ms
INFO request from 192.168.142.104
ERROR file not found: /tmp/192.168.107.168.log
FATAL out of memory
WARN slow query: 192.168.189.144ms
INFO request from 192.168.141.220
WARN retry attempt 192.168.39.155 for 22886
FATAL unrecoverable disk error
ERROR connection timeout 503
WARN retry attempt 192.168.36.209 for 72613
FATAL out of memory
WARN retry attempt 192.168.36.209 for 80163
WARN disk usage 192.168.229.48%
DEBUG entering function foo
FATAL unrecoverable disk error
INFO user 192.168.189.144 logged in
ERROR file not found: /tmp/192.168.178.6.log
DEBUG entering function foo
WARN disk usage 192.168.39.155%
DEBUG entering function foo
WARN memory threshold reached: 192.168.219.168MB
FATAL segfault at address 0x192.168.215.207
FATAL kernel panic
FATAL kernel panic
WARN memory threshold reached: 192.168.39.155MB
FATAL segfault at address 0x192.168.9.50
FATAL unrecoverable disk error
ERROR null pointer in module 192.168.141.220
ERROR file not found: /tmp/192.168.121.141.log
WARN retry attempt 192.168.197.186 for 82985
DEBUG variable x=192.168.141.220
INFO user 192.168.36.209 logged in
WARN memory threshold reached: 192.168.142.104MB
DEBUG heap size: 192.168.60.30
FATAL kernel panic
INFO request from 192.168.141.220
ERROR file not found: /tmp/192.168.189.144.log
INFO user 192.168.36.209 logged in
FATAL kernel panic
ERROR file not found: /tmp/192.168.57.185.log
DEBUG entering function foo
FATAL out of memory
INFO connection established
FATAL out of memory
DEBUG cache hit for key=192.168.229.48
INFO processed 192.168.57.185 items
WARN memory threshold reached: 192.168.142.104MB
INFO request from 192.168.9.50
DEBUG heap size: 192.168.82.31
ERROR file not found: /tmp/192.168.211.158.log
WARN retry attempt 192.168.92.139 for 53362
ERROR auth failure for user 192.168.36.209
DEBUG heap size: 192.168.193.243
ERROR file not found: /tmp/192.168.82.31.log
INFO connection established
DEBUG cache hit for key=192.168.219.168
INFO user 192.168.193.243 logged in
WARN memory threshold reached: 192.168.60.30MB
WARN slow query: 192.168.211.158ms
WARN slow query: 192.168.92.139ms
DEBUG variable x=192.168.178.6
FATAL unrecoverable disk error
FATAL segfault at address 0x192.168.197.186
FATAL segfault at address 0x192.168.142.104
WARN slow query: 192.168.39.155ms
DEBUG variable x=192.168.197.186
INFO user 192.168.9.50 logged in
INFO request from 192.168.219.168
WARN memory threshold reached: 192.168.219.168MB
WARN memory threshold reached: 192.168.141.220MB
WARN retry attempt 192.168.229.48 for 43050
INFO user 192.168.219.168 logged in
ERROR file not found: /tmp/192.168.178.215.log
WARN retry attempt 192.168.189.144 for 30565
DEBUG variable x=192.168.82.31
FATAL out of memory
DEBUG variable x=192.168.57.185
INFO connection established
ERROR connection timeout 503
ERROR connection timeout 503
DEBUG cache hit for key=192.168.121.141
INFO request from 192.168.9.50
WARN disk usage 192.168.121.141%
DEBUG entering function foo
DEBUG heap size: 192.168.197.186
WARN memory threshold reached: 192.168.211.158MB
DEBUG entering function foo
WARN memory threshold reached: 192.168.193.243MB
ERROR file not found: /tmp/192.168.189.144.log
WARN memory threshold reached: 192.168.121.141MB
ERROR file not found: /tmp/192.168.60.30.log
ERROR file not found: /tmp/192.168.178.6.log
FATAL out of memory
FATAL out of memory
ERROR file not found: /tmp/192.168.178.215.log
ERROR connection timeout 503
FATAL out of memory
FATAL out of memory
DEBUG variable x=192.168.82.31
ERROR connection timeout 503
FATAL out of memory
INFO request from 192.168.141.220
WARN retry attempt 192.168.107.168 for 85751
FATAL out of memory
WARN retry attempt 192.168.121.141 for 98121
FATAL unrecoverable disk error
FATAL unrecoverable disk error
ERROR auth failure for user 192.168.229.48
ERROR auth failure for user 192.168.141.220
DEBUG entering function foo
FATAL segfault at address 0x192.168.9.50
WARN memory threshold reached: 192.168.82.31MB
FATAL unrecoverable disk error
INFO user 192.168.60.30 logged in
ERROR file not found: /tmp/192.168.82.31.log
WARN disk usage 192.168.107.168%
FATAL out of memory
WARN memory threshold reached: 192.168.197.186MB
ERROR connection timeout 503
INFO request from 192.168.189.144
WARN retry attempt 192.168.211.158 for 63131
FATAL out of memory
INFO request from 192.168.60.30
WARN disk usage 192.168.9.50%
ERROR file not found: /tmp/192.168.121.141.log
FATAL segfault at address 0x192.168.60.30
FATAL unrecoverable disk error
WARN disk usage 192.168.107.168%
WARN disk usage 192.168.215.207%
ERROR connection timeout 503
WARN retry attempt 192.168.142.104 for 53577
ERROR file not found: /tmp/192.168.36.209.log
WARN disk usage 192.168.36.209%
WARN slow query: 192.168.9.50ms
ERROR connection timeout 503
FATAL unrecoverable disk error
ERROR null pointer in module 192.168.193.243
DEBUG cache hit for key=192.168.39.155
INFO connection established
DEBUG variable x=192.168.229.48
ERROR connection timeout 503
ERROR auth failure for user 192.168.107.168
DEBUG cache hit for key=192.168.211.158
FATAL unrecoverable disk error
WARN memory threshold reached: 192.168.57.185MB
ERROR connection timeout 503
INFO request from 192.168.197.186
DEBUG entering function foo
WARN retry attempt 192.168.193.243 for 99167
FATAL unrecoverable disk error
DEBUG variable x=192.168.142.104
WARN slow query: 192.168.219.168ms
WARN disk usage 192.168.57.185%
FATAL kernel panic
INFO request from 192.168.107.168
WARN slow query: 192.168.141.220ms
ERROR null pointer in module 192.168.60.30
DEBUG variable x=192.168.189.144
DEBUG heap size: 192.168.57.185
DEBUG entering function foo
WARN retry attempt 192.168.121.141 for 11958
WARN retry attempt 192.168.178.6 for 22334
FATAL kernel panic
INFO request from 192.168.141.220
INFO request from 192.168.141.220
WARN slow query: 192.168.36.209ms
FATAL kernel panic
WARN memory threshold reached: 192.168.121.141MB
ERROR file not found: /tmp/192.168.121.141.log
INFO user 192.168.229.48 logged in
ERROR auth failure for user 192.168.121.141
WARN disk usage 192.168.211.158%
WARN disk usage 192.168.229.48%
INFO request from 192.168.107.168
DEBUG variable x=192.168.82.31
ERROR file not found: /tmp/192.168.193.243.log
DEBUG heap size: 192.168.211.158
DEBUG cache hit for key=192.168.219.168
ERROR connection timeout 503
INFO request from 192.168.211.158
ERROR null pointer in module 192.168.215.207
DEBUG variable x=192.168.219.168
DEBUG variable x=192.168.142.104
ERROR auth failure for user 192.168.197.186
FATAL kernel panic
WARN slow query: 192.168.36.209ms
ERROR auth failure for user 192.168.9.50
FATAL segfault at address 0x192.168.141.220
DEBUG cache hit for key=192.168.9.50
FATAL segfault at address 0x192.168.107.168
WARN slow query: 192.168.215.207ms
DEBUG heap size: 192.168.211.158
WARN retry attempt 192.168.121.141 for 93085
WARN disk usage 192.168.107.168%
DEBUG variable x=192.168.211.158
DEBUG heap size: 192.168.121.141
INFO request from 192.168.197.186
WARN retry attempt 192.168.229.48 for 1553
DEBUG cache hit for key=192.168.219.168
WARN slow query: 192.168.142.104ms
ERROR connection timeout 503
WARN memory threshold reached: 192.168.121.141MB
INFO connection established
WARN disk usage 192.168.197.186%
INFO processed 192.168.193.243 items
DEBUG heap size: 192.168.229.48
INFO user 192.168.121.141 logged in
FATAL out of memory
FATAL out of memory
INFO processed 192.168.197.186 items
INFO processed 192.168.189.144 items
ERROR auth failure for user 192.168.189.144
DEBUG variable x=192.168.107.168
INFO user 192.168.57.185 logged in
FATAL kernel panic
INFO connection established
ERROR connection timeout 503
FATAL segfault at address 0x192.168.178.6
FATAL segfault at address 0x192.168.189.144
DEBUG entering function foo
DEBUG cache hit for key=192.168.121.141
FATAL kernel panic
FATAL unrecoverable disk error
FATAL segfault at address 0x192.168.197.186
FATAL out of memory
FATAL segfault at address 0x192.168.219.168
INFO user 192.168.60.30 logged in
INFO request from 192.168.219.168
WARN slow query: 192.168.39.155ms
ERROR auth failure for user 192.168.92.139
DEBUG entering function foo
DEBUG cache hit for key=192.168.189.144
ERROR connection timeout 503
INFO user 192.168.82.31 logged in
ERROR connection timeout 503
WARN disk usage 192.168.92.139%
INFO user 192.168.107.168 logged in
INFO processed 192.168.82.31 items
INFO connection established
ERROR null pointer in module 192.168.215.207
ERROR connection timeout 503
DEBUG cache hit for key=192.168.107.168
WARN slow query: 192.168.193.243ms
DEBUG variable x=192.168.121.141
DEBUG entering function foo
DEBUG heap size: 192.168.178.215
WARN disk usage 192.168.107.168%
FATAL unrecoverable disk error
DEBUG heap size: 192.168.60.30
DEBUG heap size: 192.168.193.243
WARN memory threshold reached: 192.168.178.215MB
ERROR connection timeout 503
ERROR null pointer in module 192.168.215.207
FATAL out of memory
INFO request from 192.168.178.6
WARN disk usage 192.168.82.31%
DEBUG entering function foo
INFO user 192.168.211.158 logged in
INFO processed 192.168.36.209 items
WARN disk usage 192.168.39.155%
DEBUG cache hit for key=192.168.92.139
ERROR file not found: /tmp/192.168.36.209.log
WARN disk usage 192.168.211.158%
FATAL out of memory
INFO connection established
INFO processed 192.168.36.209 items
WARN memory threshold reached: 192.168.57.185MB
DEBUG variable x=192.168.142.104
WARN disk usage 192.168.82.31%
INFO user 192.168.141.220 logged in
WARN memory threshold reached: 192.168.36.209MB
DEBUG variable x=192.168.178.6
DEBUG variable x=192.168.142.104
ERROR file not found: /tmp/192.168.229.48.log
ERROR null pointer in module 192.168.60.30
INFO connection established
ERROR auth failure for user 192.168.39.155
DEBUG variable x=192.168.189.144
ERROR file not found: /tmp/192.168.193.243.log
WARN memory threshold reached: 192.168.92.139MB
DEBUG variable x=192.168.197.186
DEBUG heap size: 192.168.107.168
INFO request from 192.168.178.215
WARN disk usage 192.168.229.48%
INFO user 192.168.82.31 logged in
DEBUG variable x=192.168.9.50
WARN disk usage 192.168.82.31%
ERROR file not found: /tmp/192.168.178.6.log
ERROR file not found: /tmp/192.168.193.243.log
FATAL unrecoverable disk error
INFO request from 192.168.60.30
INFO user 192.168.178.6 logged in
FATAL kernel panic
FATAL segfault at address 0x192.168.60.30
ERROR null pointer in module 192.168.121.141
DEBUG heap size: 192.168.142.104
INFO request from 192.168.39.155
WARN retry attempt 192.168.178.6 for 51802
DEBUG cache hit for key=192.168.92.139
ERROR connection timeout 503
ERROR auth failure for user 192.168.229.48
INFO request from 192.168.82.31
ERROR connection timeout 503
DEBUG heap size: 192.168.92.139
INFO connection established
INFO processed 192.168.9.50 items
INFO connection established
DEBUG entering function foo
WARN disk usage 192.168.92.139%
WARN slow query: 192.168.36.209ms
FATAL unrecoverable disk error
ERROR auth failure for user 192.168.92.139
ERROR auth failure for user 192.168.193.243
WARN disk usage 192.168.142.104%
ERROR file not found: /tmp/192.168.142.104.log
DEBUG entering function foo
ERROR file not found: /tmp/192.168.141.220.log
DEBUG entering function foo
DEBUG cache hit for key=192.168.141.220
DEBUG heap size: 192.168.229.48
FATAL out of memory
FATAL segfault at address 0x192.168.9.50
INFO connection established
ERROR null pointer in module 192.168.178.6
INFO request from 192.168.193.243
DEBUG heap size: 192.168.39.155
FATAL segfault at address 0x192.168.39.155
WARN slow query: 192.168.60.30ms
FATAL out of memory
INFO connection established
FATAL unrecoverable disk error
ERROR null pointer in module 192.168.219.168
WARN retry attempt 192.168.178.215 for 85041
FATAL kernel panic
FATAL out of memory
ERROR connection timeout 503
ERROR file not found: /tmp/192.168.9.50.log
FATAL unrecoverable disk error
DEBUG entering function foo
ERROR file not found: /tmp/192.168.107.168.log
WARN retry attempt 192.168.215.207 for 81434
WARN disk usage 192.168.229.48%
DEBUG heap size: 192.168.193.243
WARN slow query: 192.168.39.155ms
FATAL out of memory
WARN slow query: 192.168.82.31ms
FATAL kernel panic
DEBUG heap size: 192.168.142.104
INFO processed 192.168.92.139 items
INFO request from 192.168.92.139
FATAL out of memory
WARN memory threshold reached: 192.168.39.155MB
INFO processed 192.168.178.215 items
DEBUG heap size: 192.168.121.141
INFO processed 192.168.211.158 items
DEBUG variable x=192.168.178.215
WARN slow query: 192.168.219.168ms
ERROR connection timeout 503
ERROR connection timeout 503
INFO connection established
WARN disk usage 192.168.57.185%
WARN memory threshold reached: 192.168.189.144MB
DEBUG variable x=192.168.189.144
INFO request from 192.168.92.139
INFO request from 192.168.141.220
DEBUG heap size: 192.168.197.186
DEBUG entering function foo
ERROR connection timeout 503
DEBUG variable x=192.168.193.243
WARN retry attempt 192.168.189.144 for 93779
DEBUG entering function foo
DEBUG heap size: 192.168.197.186
FATAL kernel panic
WARN slow query: 192.168.178.6ms
ERROR connection timeout 503
ERROR null pointer in module 192.168.60.30
FATAL unrecoverable disk error
WARN memory threshold reached: 192.168.107.168MB
ERROR file not found: /tmp/192.168.60.30.log
ERROR null pointer in module 192.168.178.215
FATAL kernel panic
WARN disk usage 192.168.215.207%
DEBUG variable x=192.168.142.104
DEBUG heap size: 192.168.189.144
DEBUG cache hit for key=192.168.193.243
INFO processed 192.168.36.209 items
INFO processed 192.168.197.186 items
DEBUG entering function foo
WARN slow query: 192.168.9.50ms
INFO connection established
FATAL kernel panic
INFO request from 192.168.178.6
WARN memory threshold reached: 192.168.107.168MB
WARN slow query: 192.168.36.209ms
DEBUG variable x=192.168.142.104
ERROR auth failure for user 192.168.229.48
FATAL unrecoverable disk error
FATAL unrecoverable disk error
FATAL out of memory
DEBUG variable x=192.168.82.31
DEBUG entering function foo
INFO request from 192.168.60.30
WARN memory threshold reached: 192.168.57.185MB
INFO connection established
WARN memory threshold reached: 192.168.36.209MB
FATAL segfault at address 0x192.168.9.50
INFO request from 192.168.219.168
WARN retry attempt 192.168.215.207 for 62267
INFO user 192.168.36.209 logged in
FATAL segfault at address 0x192.168.211.158
DEBUG heap size: 192.168.219.168
ERROR file not found: /tmp/192.168.219.168.log
FATAL unrecoverable disk error
WARN retry attempt 192.168.178.6 for 48381
ERROR auth failure for user 192.168.121.141
FATAL out of memory
DEBUG cache hit for key=192.168.9.50
DEBUG heap size: 192.168.215.207
INFO processed 192.168.9.50 items
WARN slow query: 192.168.39.155ms
FATAL kernel panic
INFO request from 192.168.197.186
ERROR auth failure for user 192.168.60.30
DEBUG heap size: 192.168.57.185
FATAL kernel panic
FATAL unrecoverable disk error
ERROR file not found: /tmp/192.168.121.141.log
ERROR file not found: /tmp/192.168.92.139.log
ERROR null pointer in module 192.168.36.209
WARN memory threshold reached: 192.168.141.220MB
WARN memory threshold reached: 192.168.36.209MB
DEBUG cache hit for key=192.168.211.158
FATAL kernel panic
WARN slow query: 192.168.178.6ms
WARN retry attempt 192.168.178.215 for 29939
DEBUG entering function foo
INFO user 192.168.121.141 logged in
INFO processed 192.168.121.141 items
FATAL segfault at address 0x192.168.82.31
WARN memory threshold reached: 192.168.107.168MB
ERROR auth failure for user 192.168.178.215
FATAL out of memory
INFO processed 192.168.178.6 items
ERROR null pointer in module 192.168.82.31
DEBUG heap size: 192.168.121.141
ERROR file not found: /tmp/192.168.219.168.log
WARN disk usage 192.168.178.215%
FATAL out of memory
ERROR auth failure for user 192.168.215.207
ERROR file not found: /tmp/192.168.215.207.log
INFO request from 192.168.178.215
ERROR connection timeout 503
DEBUG variable x=192.168.211.158
WARN retry attempt 192.168.82.31 for 57073
DEBUG entering function foo
INFO request from 192.168.57.185
DEBUG entering function foo
WARN memory threshold reached: 192.168.141.220MB
WARN slow query: 192.168.189.144ms
DEBUG variable x=192.168.193.243
DEBUG entering function foo
WARN memory threshold reached: 192.168.60.30MB
WARN disk usage 192.168.229.48%
ERROR connection timeout 503
FATAL out of memory
FATAL kernel panic
FATAL segfault at address 0x192.168.142.104
ERROR null pointer in module 192.168.211.158
WARN disk usage 192.168.219.168%
ERROR null pointer in module 192.168.92.139
FATAL out of memory
INFO user 192.168.219.168 logged in
INFO user 192.168.211.158 logged in
WARN memory threshold reached: 192.168.57.185MB
ERROR file not found: /tmp/192.168.36.209.log
DEBUG variable x=192.168.229.48
FATAL unrecoverable disk error
WARN disk usage 192.168.107.168%
ERROR auth failure for user 192.168.82.31
FATAL unrecoverable disk error
FATAL segfault at address 0x192.168.60.30
FATAL kernel panic
ERROR auth failure for user 192.168.9.50
DEBUG variable x=192.168.215.207
DEBUG variable x=192.168.215.207
INFO processed 192.168.189.144 items
FATAL kernel panic
ERROR null pointer in module 192.168.193.243
DEBUG entering function foo
INFO connection established
ERROR connection timeout 503
INFO connection established
WARN memory threshold reached: 192.168.36.209MB
WARN memory threshold reached: 192.168.178.6MB
INFO processed 192.168.215.207 items
INFO connection established
WARN disk usage 192.168.178.6%
DEBUG entering function foo
WARN memory threshold reached: 192.168.57.185MB
FATAL segfault at address 0x192.168.197.186
INFO user 192.168.142.104 logged in
DEBUG heap size: 192.168.60.30
DEBUG heap size: 192.168.57.185
ERROR auth failure for user 192.168.36.209
DEBUG cache hit for key=192.168.60.30
WARN retry attempt 192.168.82.31 for 23611
WARN slow query: 192.168.82.31ms
FATAL out of memory
FATAL segfault at address 0x192.168.193.243
FATAL unrecoverable disk error
INFO processed 192.168.178.6 items
ERROR file not found: /tmp/192.168.229.48.log
FATAL out of memory
INFO user 192.168.178.215 logged in
DEBUG entering function foo
INFO request from 192.168.36.209
DEBUG entering function foo
INFO request from 192.168.215.207
ERROR auth failure for user 192.168.229.48
DEBUG variable x=192.168.107.168
WARN disk usage 192.168.219.168%
FATAL kernel panic
WARN slow query: 192.168.189.144ms
INFO processed 192.168.39.155 items
FATAL segfault at address 0x192.168.219.168
ERROR null pointer in module 192.168.193.243
WARN retry attempt 192.168.178.215 for 17371
INFO request from 192.168.141.220
DEBUG variable x=192.168.178.6
INFO user 192.168.141.220 logged in
FATAL segfault at address 0x192.168.36.209
INFO user 192.168.229.48 logged in
WARN disk usage 192.168.219.168%
ERROR auth failure for user 192.168.142.104
INFO user 192.168.178.6 logged in
ERROR file not found: /tmp/192.168.189.144.log
FATAL unrecoverable disk error
WARN memory threshold reached: 192.168.193.243MB
WARN memory threshold reached: 192.168.82.31MB
ERROR null pointer in module 192.168.229.48
FATAL unrecoverable disk error
INFO connection established
FATAL out of memory
WARN disk usage 192.168.142.104%
ERROR auth failure for user 192.168.9.50
DEBUG cache hit for key=192.168.82.31
INFO processed 192.168.189.144 items
FATAL out of memory
ERROR auth failure for user 192.168.219.168
INFO connection established
ERROR file not found: /tmp/192.168.193.243.log
DEBUG entering function foo
WARN slow query: 192.168.39.155ms
DEBUG heap size: 192.168.215.207
ERROR file not found: /tmp/192.168.9.50.log
ERROR null pointer in module 192.168.178.215
DEBUG entering function foo
ERROR null pointer in module 192.168.178.215
ERROR file not found: /tmp/192.168.219.168.log
WARN retry attempt 192.168.141.220 for 43041
DEBUG entering function foo
ERROR null pointer in module 192.168.9.50
INFO user 192.168.36.209 logged in
FATAL unrecoverable disk error
INFO connection established
ERROR null pointer in module 192.168.211.158
WARN slow query: 192.168.193.243ms
WARN slow query: 192.168.141.220ms
DEBUG entering function foo
FATAL kernel panic
ERROR auth failure for user 192.168.36.209
FATAL unrecoverable disk error
FATAL segfault at address 0x192.168.215.207
WARN retry attempt 192.168.107.168 for 42819
FATAL segfault at address 0x192.168.197.186
FATAL segfault at address 0x192.168.39.155
INFO processed 192.168.121.141 items
FATAL unrecoverable disk error
FATAL segfault at address 0x192.168.197.186
WARN disk usage 192.168.36.209%
FATAL unrecoverable disk error
WARN disk usage 192.168.39.155%
INFO processed 192.168.60.30 items
WARN retry attempt 192.168.197.186 for 89943
DEBUG heap size: 192.168.36.209
WARN disk usage 192.168.193.243%
FATAL segfault at address 0x192.168.229.48
FATAL unrecoverable disk error
FATAL unrecoverable disk error
ERROR auth failure for user 192.168.215.207
ERROR null pointer in module 192.168.197.186
DEBUG variable x=192.168.142.104
DEBUG entering function foo
DEBUG entering function foo
INFO connection established
FATAL segfault at address 0x192.168.193.243
WARN retry attempt 192.168.141.220 for 66180
WARN slow query: 192.168.178.6ms
WARN retry attempt 192.168.9.50 for 14311
ERROR null pointer in module 192.168.193.243
FATAL unrecoverable disk error
FATAL kernel panic
ERROR file not found: /tmp/192.168.82.31.log
FATAL segfault at address 0x192.168.60.30
DEBUG cache hit for key=192.168.211.158
ERROR auth failure for user 192.168.82.31
WARN disk usage 192.168.107.168%
FATAL out of memory
FATAL out of memory
WARN memory threshold reached: 192.168.39.155MB
WARN memory threshold reached: 192.168.121.141MB
FATAL kernel panic
FATAL kernel panic
FATAL out of memory
FATAL kernel panic
DEBUG cache hit for key=192.168.9.50
WARN disk usage 192.168.178.6%
FATAL unrecoverable disk error
INFO request from 192.168.92.139
WARN retry attempt 192.168.39.155 for 2281
ERROR auth failure for user 192.168.39.155
WARN slow query: 192.168.141.220ms
INFO processed 192.168.39.155 items
WARN slow query: 192.168.107.168ms
ERROR auth failure for user 192.168.121.141
ERROR auth failure for user 192.168.82.31
DEBUG variable x=192.168.60.30
DEBUG heap size: 192.168.211.158
FATAL out of memory
ERROR auth failure for user 192.168.229.48
INFO request from 192.168.36.209
DEBUG heap size: 192.168.197.186
DEBUG entering function foo
WARN memory threshold reached: 192.168.92.139MB
FATAL unrecoverable disk error
ERROR auth failure for user 192.168.39.155
ERROR null pointer in module 192.168.121.141
ERROR file not found: /tmp/192.168.36.209.log
DEBUG cache hit for key=192.168.121.141
INFO user 192.168.107.168 logged in
WARN slow query: 192.168.211.158ms
FATAL unrecoverable disk error
ERROR connection timeout 503
FATAL unrecoverable disk error
WARN memory threshold reached: 192.168.9.50MB
ERROR auth failure for user 192.168.82.31
WARN memory threshold reached: 192.168.215.207MB
WARN retry attempt 192.168.57.185 for 50969
WARN disk usage 192.168.82.31%
ERROR null pointer in module 192.168.211.158
ERROR file not found: /tmp/192.168.36.209.log
ERROR null pointer in module 192.168.60.30
FATAL kernel panic
DEBUG variable x=192.168.189.144
INFO user 192.168.211.158 logged in
INFO processed 192.168.57.185 items
DEBUG entering function foo
FATAL unrecoverable disk error
FATAL kernel panic
WARN memory threshold reached: 192.168.141.220MB
FATAL out of memory
WARN slow query: 192.168.107.168ms
ERROR auth failure for user 192.168.189.144
ERROR null pointer in module 192.168.82.31
WARN memory threshold reached: 192.168.178.215MB
ERROR null pointer in module 192.168.92.139
WARN retry attempt 192.168.107.168 for 942
FATAL out of memory
DEBUG entering function foo
INFO processed 192.168.142.104 items
DEBUG variable x=192.168.82.31
FATAL kernel panic
FATAL unrecoverable disk error
INFO connection established
DEBUG entering function foo
DEBUG cache hit for key=192.168.215.207
FATAL unrecoverable disk error
INFO processed 192.168.178.215 items
WARN slow query: 192.168.39.155ms
FATAL kernel panic
DEBUG cache hit for key=192.168.141.220
ERROR file not found: /tmp/192.168.60.30.log
ERROR auth failure for user 192.168.107.168
ERROR file not found: /tmp/192.168.219.168.log
ERROR null pointer in module 192.168.107.168
FATAL unrecoverable disk error
DEBUG heap size: 192.168.193.243
ERROR auth failure for user 192.168.211.158
DEBUG heap size: 192.168.211.158
FATAL segfault at address 0x192.168.141.220
FATAL out of memory
ERROR connection timeout 503
INFO request from 192.168.178.215
ERROR auth failure for user 192.168.229.48
FATAL out of memory
FATAL unrecoverable disk error
INFO request from 192.168.197.186
DEBUG variable x=192.168.39.155
INFO request from 192.168.36.209
INFO user 192.168.197.186 logged in
WARN memory threshold reached: 192.168.178.215MB
DEBUG heap size: 192.168.82.31
INFO user 192.168.211.158 logged in
INFO request from 192.168.197.186
INFO connection established
FATAL kernel panic
FATAL segfault at address 0x192.168.189.144
FATAL kernel panic
INFO processed 192.168.141.220 items
ERROR file not found: /tmp/192.168.9.50.log
DEBUG variable x=192.168.107.168
FATAL unrecoverable disk error
INFO processed 192.168.193.243 items
INFO user 192.168.121.141 logged in
WARN slow query: 192.168.36.209ms
FATAL out of memory
FATAL kernel panic
WARN slow query: 192.168.107.168ms
ERROR file not found: /tmp/192.168.178.215.log
ERROR null pointer in module 192.168.82.31
WARN retry attempt 192.168.219.168 for 73784
WARN disk usage 192.168.178.6%
ERROR connection timeout 503
FATAL segfault at address 0x192.168.9.50
ERROR null pointer in module 192.168.57.185
DEBUG cache hit for key=192.168.36.209
DEBUG cache hit for key=192.168.219.168
DEBUG variable x=192.168.92.139
DEBUG entering function foo
FATAL kernel panic
WARN disk usage 192.168.197.186%
INFO processed 192.168.178.215 items
DEBUG variable x=192.168.215.207
WARN slow query: 192.168.57.185ms
DEBUG entering function foo
INFO processed 192.168.60.30 items
WARN slow query: 192.168.178.215ms
DEBUG heap size: 192.168.121.141
DEBUG variable x=192.168.193.243
WARN retry attempt 192.168.178.6 for 32369
DEBUG cache hit for key=192.168.121.141
INFO request from 192.168.229.48
DEBUG variable x=192.168.219.168
FATAL segfault at address 0x192.168.211.158
ERROR null pointer in module 192.168.178.6
DEBUG entering function foo
DEBUG cache hit for key=192.168.60.30
DEBUG entering function foo
ERROR connection timeout 503
WARN retry attempt 192.168.178.215 for 49768
ERROR auth failure for user 192.168.141.220
DEBUG cache hit for key=192.168.60.30
FATAL segfault at address 0x192.168.189.144
WARN memory threshold reached: 192.168.9.50MB
INFO request from 192.168.142.104
WARN retry attempt 192.168.82.31 for 38320
ERROR file not found: /tmp/192.168.229.48.log
FATAL segfault at address 0x192.168.39.155
ERROR null pointer in module 192.168.36.209
INFO user 192.168.82.31 logged in
ERROR null pointer in module 192.168.178.6
INFO processed 192.168.9.50 items
FATAL kernel panic
WARN disk usage 192.168.178.6%
DEBUG variable x=192.168.189.144
WARN disk usage 192.168.9.50%
WARN retry attempt 192.168.219.168 for 8155
INFO request from 192.168.107.168
INFO connection established
DEBUG heap size: 192.168.215.207
DEBUG entering function foo
DEBUG heap size: 192.168.39.155
FATAL unrecoverable disk error
DEBUG entering function foo
ERROR file not found: /tmp/192.168.178.6.log
DEBUG entering function foo
ERROR null pointer in module 192.168.178.215
WARN memory threshold reached: 192.168.57.185MB
WARN retry attempt 192.168.215.207 for 71458
FATAL segfault at address 0x192.168.107.168
INFO user 192.168.121.141 logged in
FATAL kernel panic
FATAL out of memory
FATAL kernel panic
INFO user 192.168.178.6 logged in
FATAL unrecoverable disk error
INFO connection established
WARN slow query: 192.168.107.168ms
DEBUG heap size: 192.168.178.6
DEBUG heap size: 192.168.82.31
DEBUG cache hit for key=192.168.36.209
DEBUG heap size: 192.168.197.186
INFO user 192.168.60.30 logged in
INFO connection established
ERROR auth failure for user 192.168.82.31
DEBUG variable x=192.168.141.220
FATAL out of memory
WARN disk usage 192.168.107.168%
DEBUG heap size: 192.168.142.104
WARN slow query: 192.168.142.104ms
DEBUG entering function foo
WARN disk usage 192.168.219.168%
INFO user 192.168.60.30 logged in
WARN slow query: 192.168.178.215ms
FATAL segfault at address 0x192.168.229.48
WARN memory threshold reached: 192.168.36.209MB
DEBUG variable x=192.168.141.220
FATAL out of memory
WARN memory threshold reached: 192.168.178.215MB
ERROR auth failure for user 192.168.211.158
FATAL kernel panic
DEBUG heap size: 192.168.229.48
INFO connection established
WARN retry attempt 192.168.193.243 for 48675
INFO user 192.168.57.185 logged in
DEBUG variable x=192.168.36.209
WARN disk usage 192.168.189.144%
DEBUG variable x=192.168.215.207
WARN disk usage 192.168.178.215%
INFO processed 192.168.219.168 items
WARN memory threshold reached: 192.168.107.168MB
FATAL out of memory
ERROR null pointer in module 192.168.141.220
ERROR file not found: /tmp/192.168.121.141.log
ERROR file not found: /tmp/192.168.36.209.log
DEBUG variable x=192.168.178.6
ERROR null pointer in module 192.168.193.243
WARN retry attempt 192.168.189.144 for 51009
DEBUG cache hit for key=192.168.9.50
WARN disk usage 192.168.36.209%
DEBUG heap size: 192.168.36.209
ERROR connection timeout 503
FATAL kernel panic
DEBUG entering function foo
ERROR file not found: /tmp/192.168.92.139.log
INFO connection established
ERROR null pointer in module 192.168.82.31
ERROR file not found: /tmp/192.168.215.207.log
FATAL out of memory
INFO request from 192.168.9.50
WARN disk usage 192.168.60.30%
FATAL out of memory
FATAL unrecoverable disk error
WARN disk usage 192.168.9.50%
DEBUG heap size: 192.168.92.139
DEBUG heap size: 192.168.229.48
FATAL kernel panic
WARN disk usage 192.168.197.186%
WARN memory threshold reached: 192.168.92.139MB
ERROR null pointer in module 192.168.229.48
INFO user 192.168.82.31 logged in
ERROR auth failure for user 192.168.219.168
ERROR null pointer in module 192.168.39.155
FATAL out of memory
DEBUG cache hit for key=192.168.39.155
INFO connection established
ERROR file not found: /tmp/192.168.193.243.log
FATAL segfault at address 0x192.168.189.144
WARN slow query: 192.168.229.48ms
WARN slow query: 192.168.178.215ms
INFO request from 192.168.215.207
DEBUG variable x=192.168.121.141
WARN slow query: 192.168.60.30ms
INFO user 192.168.229.48 logged in
ERROR connection timeout 503
FATAL out of memory
DEBUG cache hit for key=192.168.39.155
WARN retry attempt 192.168.142.104 for 23398
WARN slow query: 192.168.121.141ms
WARN memory threshold reached: 192.168.141.220MB
ERROR file not found: /tmp/192.168.9.50.log
WARN retry attempt 192.168.82.31 for 6609
INFO connection established
DEBUG entering function foo
DEBUG variable x=192.168.193.243
DEBUG entering function foo
INFO processed 192.168.9.50 items
FATAL kernel panic
FATAL unrecoverable disk error
ERROR null pointer in module 192.168.211.158
FATAL kernel panic
WARN memory threshold reached: 192.168.141.220MB
ERROR null pointer in module 192.168.178.215
INFO processed 192.168.193.243 items
ERROR auth failure for user 192.168.215.207
DEBUG cache hit for key=192.168.39.155
FATAL segfault at address 0x192.168.219.168
FATAL kernel panic
INFO processed 192.168.219.168 items
INFO connection established
WARN disk usage 192.168.9.50%
FATAL kernel panic
DEBUG entering function foo
FATAL out of memory
ERROR connection timeout 503
WARN disk usage 192.168.193.243%
WARN memory threshold reached: 192.168.39.155MB
WARN retry attempt 192.168.219.168 for 7439
FATAL segfault at address 0x192.168.193.243
INFO processed 192.168.219.168 items
DEBUG cache hit for key=192.168.178.215
FATAL kernel panic
ERROR auth failure for user 192.168.57.185
WARN retry attempt 192.168.142.104 for 62557
INFO user 192.168.57.185 logged in
WARN slow query: 192.168.36.209ms
WARN memory threshold reached: 192.168.178.215MB
ERROR auth failure for user 192.168.178.215
INFO user 192.168.39.155 logged in
ERROR auth failure for user 192.168.211.158
FATAL kernel panic
FATAL kernel panic
INFO processed 192.168.39.155 items
INFO connection established
DEBUG cache hit for key=192.168.57.185
WARN retry attempt 192.168.92.139 for 30717
ERROR null pointer in module 192.168.215.207
WARN slow query: 192.168.178.215ms
ERROR null pointer in module 192.168.197.186
WARN memory threshold reached: 192.168.178.6MB
INFO connection established
INFO user 192.168.197.186 logged in
DEBUG heap size: 192.168.178.215
FATAL out of memory
FATAL unrecoverable disk error
ERROR null pointer in module 192.168.178.215
ERROR auth failure for user 192.168.60.30
FATAL unrecoverable disk error
ERROR null pointer in module 192.168.229.48
WARN disk usage 192.168.142.104%
INFO connection established
WARN disk usage 192.168.229.48%
FATAL kernel panic
FATAL unrecoverable disk error
WARN disk usage 192.168.193.243%
WARN slow query: 192.168.57.185ms
ERROR file not found: /tmp/192.168.121.141.log
ERROR connection timeout 503
ERROR connection timeout 503
DEBUG variable x=192.168.82.31
FATAL unrecoverable disk error
WARN retry attempt 192.168.193.243 for 59832
WARN memory threshold reached: 192.168.197.186MB
FATAL out of memory
INFO user 192.168.229.48 logged in
WARN memory threshold reached: 192.168.82.31MB
ERROR null pointer in module 192.168.107.168
WARN retry attempt 192.168.193.243 for 3649
ERROR auth failure for user 192.168.82.31
WARN memory threshold reached: 192.168.193.243MB
WARN slow query: 192.168.229.48ms
DEBUG entering function foo
WARN slow query: 192.168.142.104ms
FATAL unrecoverable disk error
FATAL segfault at address 0x192.168.92.139
FATAL unrecoverable disk error
DEBUG variable x=192.168.193.243
DEBUG cache hit for key=192.168.189.144
FATAL unrecoverable disk error
INFO request from 192.168.82.31
INFO request from 192.168.9.50
INFO request from 192.168.178.215
INFO user 192.168.107.168 logged in
WARN slow query: 192.168.36.209ms
DEBUG entering function foo
DEBUG cache hit for key=192.168.189.144
INFO user 192.168.178.6 logged in
DEBUG entering function foo
ERROR file not found: /tmp/192.168.219.168.log
FATAL kernel panic
DEBUG heap size: 192.168.141.220
ERROR null pointer in module 192.168.193.243
WARN retry attempt 192.168.107.168 for 36787
ERROR auth failure for user 192.168.219.168
INFO processed 192.168.121.141 items
FATAL kernel panic
INFO request from 192.168.211.158
WARN retry attempt 192.168.178.6 for 80280
INFO connection established
ERROR auth failure for user 192.168.142.104
ERROR connection timeout 503
ERROR file not found: /tmp/192.168.189.144.log
INFO processed 192.168.82.31 items
WARN memory threshold reached: 192.168.142.104MB
FATAL segfault at address 0x192.168.219.168
DEBUG heap size: 192.168.92.139
WARN disk usage 192.168.211.158%
FATAL segfault at address 0x192.168.57.185
WARN retry attempt 192.168.39.155 for 3844
ERROR auth failure for user 192.168.141.220
WARN slow query: 192.168.178.215ms
ERROR connection timeout 503
ERROR file not found: /tmp/192.168.211.158.log
DEBUG heap size: 192.168.197.186
INFO user 192.168.178.6 logged in
DEBUG heap size: 192.168.141.220
INFO user 192.168.189.144 logged in
DEBUG heap size: 192.168.107.168
WARN slow query: 192.168.57.185ms
WARN disk usage 192.168.82.31%
ERROR auth failure for user 192.168.229.48
INFO user 192.168.36.209 logged in
FATAL out of memory
DEBUG heap size: 192.168.211.158
WARN disk usage 192.168.197.186%
WARN retry attempt 192.168.197.186 for 64769
FATAL segfault at address 0x192.168.178.6
ERROR file not found: /tmp/192.168.9.50.log
WARN slow query: 192.168.57.185ms
ERROR connection timeout 503
DEBUG entering function foo
DEBUG entering function foo
INFO request from 192.168.219.168
FATAL segfault at address 0x192.168.193.243
ERROR null pointer in module 192.168.82.31
ERROR connection timeout 503
ERROR null pointer in module 192.168.229.48
DEBUG entering function foo
FATAL kernel panic
DEBUG cache hit for key=192.168.82.31
FATAL out of memory
FATAL unrecoverable disk error
FATAL unrecoverable disk error
DEBUG variable x=192.168.36.209
WARN retry attempt 192.168.92.139 for 66302
FATAL segfault at address 0x192.168.193.243
FATAL segfault at address 0x192.168.219.168
DEBUG heap size: 192.168.141.220
DEBUG heap size: 192.168.121.141
FATAL unrecoverable disk error
INFO connection established
FATAL kernel panic
ERROR connection timeout 503
DEBUG heap size: 192.168.121.141
WARN retry attempt 192.168.121.141 for 91935
DEBUG variable x=192.168.92.139
DEBUG heap size: 192.168.39.155
DEBUG cache hit for key=192.168.211.158
WARN slow query: 192.168.193.243ms
FATAL segfault at address 0x192.168.57.185
INFO processed 192.168.178.6 items
FATAL segfault at address 0x192.168.60.30
INFO processed 192.168.121.141 items
ERROR auth failure for user 192.168.92.139
INFO request from 192.168.9.50
FATAL segfault at address 0x192.168.9.50
FATAL out of memory
FATAL unrecoverable disk error
INFO processed 192.168.193.243 items
FATAL out of memory
WARN disk usage 192.168.211.158%
DEBUG heap size: 192.168.92.139
DEBUG entering function foo
DEBUG cache hit for key=192.168.229.48
DEBUG heap size: 192.168.219.168
WARN retry attempt 192.168.82.31 for 36977
ERROR file not found: /tmp/192.168.219.168.log
FATAL unrecoverable disk error
DEBUG entering function foo
WARN disk usage 192.168.92.139%
DEBUG heap size: 192.168.92.139
FATAL kernel panic
ERROR connection timeout 503
FATAL segfault at address 0x192.168.229.48
DEBUG variable x=192.168.178.215
DEBUG heap size: 192.168.178.6
FATAL segfault at address 0x192.168.39.155
FATAL out of memory
DEBUG entering function foo
INFO request from 192.168.107.168
INFO request from 192.168.36.209
FATAL segfault at address 0x192.168.107.168
WARN slow query: 192.168.82.31ms
ERROR connection timeout 503
INFO processed 192.168.189.144 items
DEBUG variable x=192.168.219.168
WARN retry attempt 192.168.107.168 for 75426
WARN memory threshold reached: 192.168.9.50MB
ERROR file not found: /tmp/192.168.60.30.log
DEBUG variable x=192.168.178.215
INFO connection established
FATAL unrecoverable disk error
FATAL segfault at address 0x192.168.36.209
INFO user 192.168.219.168 logged in
INFO user 192.168.121.141 logged in
WARN retry attempt 192.168.36.209 for 70126
ERROR null pointer in module 192.168.60.30
DEBUG variable x=192.168.9.50
WARN slow query: 192.168.219.168ms
DEBUG entering function foo
WARN memory threshold reached: 192.168.197.186MB
DEBUG entering function foo
DEBUG heap size: 192.168.9.50
FATAL segfault at address 0x192.168.142.104
FATAL out of memory
ERROR null pointer in module 192.168.92.139
INFO processed 192.168.178.6 items
FATAL segfault at address 0x192.168.92.139
ERROR file not found: /tmp/192.168.92.139.log
DEBUG variable x=192.168.219.168
INFO request from 192.168.211.158
ERROR auth failure for user 192.168.92.139
FATAL kernel panic
INFO user 192.168.211.158 logged in
ERROR auth failure for user 192.168.107.168
FATAL unrecoverable disk error
FATAL kernel panic
DEBUG entering function foo
INFO processed 192.168.9.50 items
DEBUG variable x=192.168.82.31
FATAL out of memory
FATAL out of memory
WARN memory threshold reached: 192.168.193.243MB
INFO connection established
FATAL unrecoverable disk error
DEBUG variable x=192.168.57.185
DEBUG cache hit for key=192.168.121.141
WARN disk usage 192.168.178.215%
FATAL unrecoverable disk error
FATAL kernel panic
DEBUG variable x=192.168.215.207
FATAL kernel panic
WARN memory threshold reached: 192.168.178.6MB
FATAL unrecoverable disk error
WARN slow query: 192.168.211.158ms
INFO user 192.168.9.50 logged in
WARN disk usage 192.168.39.155%
DEBUG heap size: 192.168.178.215
DEBUG heap size: 192.168.107.168
INFO processed 192.168.219.168 items
ERROR null pointer in module 192.168.211.158
DEBUG variable x=192.168.178.215
DEBUG heap size: 192.168.107.168
DEBUG entering function foo
FATAL unrecoverable disk error
WARN memory threshold reached: 192.168.36.209MB
INFO connection established
FATAL kernel panic
DEBUG heap size: 192.168.121.141
DEBUG entering function foo
INFO processed 192.168.211.158 items
DEBUG heap size: 192.168.82.31
FATAL kernel panic
FATAL kernel panic
INFO user 192.168.189.144 logged in
DEBUG heap size: 192.168.39.155
FATAL unrecoverable disk error
WARN slow query: 192.168.36.209ms
DEBUG entering function foo
INFO user 192.168.82.31 logged in
WARN retry attempt 192.168.92.139 for 2591
INFO request from 192.168.219.168
ERROR auth failure for user 192.168.82.31
DEBUG variable x=192.168.141.220
INFO user 192.168.193.243 logged in
INFO connection established
ERROR auth failure for user 192.168.57.185
DEBUG cache hit for key=192.168.57.185
INFO connection established
FATAL unrecoverable disk error
INFO user 192.168.57.185 logged in
INFO request from 192.168.121.141
FATAL unrecoverable disk error
ERROR auth failure for user 192.168.121.141
ERROR auth failure for user 192.168.9.50
WARN disk usage 192.168.9.50%
WARN slow query: 192.168.189.144ms
FATAL kernel panic
INFO user 192.168.82.31 logged in
INFO user 192.168.211.158 logged in
INFO request from 192.168.39.155
WARN disk usage 192.168.142.104%
WARN disk usage 192.168.39.155%
ERROR auth failure for user 192.168.121.141
FATAL out of memory
WARN disk usage 192.168.57.185%
ERROR file not found: /tmp/192.168.178.215.log
DEBUG heap size: 192.168.229.48
WARN disk usage 192.168.215.207%
ERROR auth failure for user 192.168.215.207
WARN disk usage 192.168.229.48%
ERROR null pointer in module 192.168.219.168
FATAL unrecoverable disk error
FATAL segfault at address 0x192.168.215.207
WARN slow query: 192.168.92.139ms
ERROR connection timeout 503
FATAL unrecoverable disk error
DEBUG variable x=192.168.215.207
INFO processed 192.168.39.155 items
INFO user 192.168.211.158 logged in
INFO connection established
FATAL kernel panic
WARN slow query: 192.168.60.30ms
DEBUG heap size: 192.168.178.6
INFO request from 192.168.219.168
INFO request from 192.168.141.220
ERROR auth failure for user 192.168.39.155
ERROR null pointer in module 192.168.121.141
INFO connection established
DEBUG cache hit for key=192.168.219.168
WARN retry attempt 192.168.178.215 for 50647
WARN slow query: 192.168.142.104ms
ERROR connection timeout 503
FATAL segfault at address 0x192.168.229.48
ERROR connection timeout 503
WARN retry attempt 192.168.189.144 for 88786
ERROR null pointer in module 192.168.142.104
DEBUG heap size: 192.168.107.168
FATAL out of memory
FATAL unrecoverable disk error
WARN retry attempt 192.168.215.207 for 658
DEBUG variable x=192.168.107.168
FATAL kernel panic
WARN disk usage 192.168.107.168%
WARN slow query: 192.168.197.186ms
WARN retry attempt 192.168.57.185 for 34087
WARN disk usage 192.168.121.141%
FATAL kernel panic
ERROR connection timeout 503
WARN retry attempt 192.168.229.48 for 71960
WARN memory threshold reached: 192.168.39.155MB
ERROR auth failure for user 192.168.36.209
ERROR connection timeout 503
DEBUG cache hit for key=192.168.107.168
WARN disk usage 192.168.39.155%
FATAL unrecoverable disk error
DEBUG variable x=192.168.178.6
INFO request from 192.168.197.186
FATAL segfault at address 0x192.168.36.209
DEBUG heap size: 192.168.189.144
WARN memory threshold reached: 192.168.142.104MB
FATAL segfault at address 0x192.168.211.158
DEBUG variable x=192.168.107.168
INFO processed 192.168.211.158 items
FATAL unrecoverable disk error
ERROR auth failure for user 192.168.39.155
WARN retry attempt 192.168.60.30 for 79628
INFO processed 192.168.211.158 items
DEBUG variable x=192.168.141.220
FATAL out of memory
WARN retry attempt 192.168.178.215 for 42603
WARN retry attempt 192.168.197.186 for 70840
FATAL out of memory
WARN memory threshold reached: 192.168.197.186MB
INFO connection established
DEBUG entering function foo
DEBUG entering function foo
INFO request from 192.168.39.155
DEBUG entering function foo
DEBUG cache hit for key=192.168.57.185
INFO request from 192.168.215.207
WARN memory threshold reached: 192.168.189.144MB
FATAL out of memory
WARN memory threshold reached: 192.168.92.139MB
ERROR file not found: /tmp/192.168.60.30.log
WARN disk usage 192.168.193.243%
WARN slow query: 192.168.189.144ms
DEBUG variable x=192.168.36.209
INFO connection established
WARN disk usage 192.168.39.155%
ERROR connection timeout 503
ERROR connection timeout 503
INFO connection established
WARN memory threshold reached: 192.168.141.220MB
FATAL unrecoverable disk error
INFO user 192.168.60.30 logged in
WARN retry attempt 192.168.57.185 for 6870
INFO connection established
ERROR null pointer in module 192.168.92.139
INFO user 192.168.82.31 logged in
DEBUG entering function foo
INFO processed 192.168.60.30 items
WARN memory threshold reached: 192.168.92.139MB
INFO user 192.168.219.168 logged in
FATAL kernel panic
ERROR connection timeout 503
INFO processed 192.168.229.48 items
INFO processed 192.168.121.141 items
DEBUG entering function foo
INFO processed 192.168.211.158 items
FATAL segfault at address 0x192.168.36.209
WARN retry attempt 192.168.197.186 for 57622
ERROR connection timeout 503
FATAL kernel panic
ERROR file not found: /tmp/192.168.219.168.log
ERROR null pointer in module 192.168.193.243
ERROR connection timeout 503
ERROR null pointer in module 192.168.39.155
INFO processed 192.168.229.48 items
WARN slow query: 192.168.121.141ms
INFO request from 192.168.219.168
FATAL out of memory
FATAL out of memory
DEBUG entering function foo
DEBUG heap size: 192.168.107.168
FATAL segfault at address 0x192.168.229.48
INFO connection established
INFO processed 192.168.9.50 items
INFO processed 192.168.39.155 items
INFO processed 192.168.215.207 items
DEBUG cache hit for key=192.168.36.209
ERROR connection timeout 503
WARN memory threshold reached: 192.168.193.243MB
ERROR auth failure for user 192.168.121.141
DEBUG variable x=192.168.219.168
DEBUG cache hit for key=192.168.219.168
WARN slow query: 192.168.39.155ms
INFO processed 192.168.178.215 items
DEBUG cache hit for key=192.168.9.50
INFO processed 192.168.57.185 items
INFO processed 192.168.60.30 items
WARN retry attempt 192.168.121.141 for 49723
WARN disk usage 192.168.92.139%
ERROR auth failure for user 192.168.92.139
DEBUG entering function foo
WARN disk usage 192.168.178.215%
DEBUG cache hit for key=192.168.82.31
ERROR connection timeout 503
INFO user 192.168.193.243 logged in
DEBUG variable x=192.168.141.220
DEBUG cache hit for key=192.168.219.168
ERROR connection timeout 503
WARN retry attempt 192.168.142.104 for 61034
WARN disk usage 192.168.142.104%
DEBUG entering function foo
WARN disk usage 192.168.219.168%
WARN retry attempt 192.168.211.158 for 52486
ERROR auth failure for user 192.168.39.155
WARN retry attempt 192.168.178.6 for 98491
ERROR file not found: /tmp/192.168.197.186.log
WARN memory threshold reached: 192.168.121.141MB
DEBUG heap size: 192.168.39.155
DEBUG heap size: 192.168.178.6
DEBUG cache hit for key=192.168.9.50
WARN retry attempt 192.168.193.243 for 79205
WARN retry attempt 192.168.193.243 for 15938
WARN disk usage 192.168.193.243%
ERROR file not found: /tmp/192.168.178.6.log
FATAL unrecoverable disk error
FATAL segfault at address 0x192.168.121.141
ERROR file not found: /tmp/192.168.121.141.log
DEBUG variable x=192.168.141.220
FATAL out of memory
DEBUG cache hit for key=192.168.215.207
FATAL unrecoverable disk error
DEBUG entering function foo
FATAL kernel panic
DEBUG entering function foo
FATAL unrecoverable disk error
FATAL kernel panic
INFO processed 192.168.211.158 items
INFO user 192.168.36.209 logged in
WARN retry attempt 192.168.189.144 for 66365
ERROR null pointer in module 192.168.92.139
ERROR connection timeout 503
DEBUG heap size: 192.168.178.215
DEBUG entering function foo
INFO connection established
WARN disk usage 192.168.219.168%
WARN disk usage 192.168.39.155%
INFO user 192.168.92.139 logged in
WARN memory threshold reached: 192.168.36.209MB
WARN memory threshold reached: 192.168.39.155MB
DEBUG cache hit for key=192.168.219.168
DEBUG cache hit for key=192.168.178.215
FATAL unrecoverable disk error
DEBUG cache hit for key=192.168.178.6
ERROR file not found: /tmp/192.168.215.207.log
INFO request from 192.168.178.215
FATAL kernel panic
FATAL out of memory
DEBUG entering function foo
INFO connection established
FATAL unrecoverable disk error
WARN slow query: 192.168.121.141ms
DEBUG cache hit for key=192.168.189.144
WARN slow query: 192.168.57.185ms
ERROR auth failure for user 192.168.215.207
INFO user 192.168.215.207 logged in
DEBUG cache hit for key=192.168.215.207
ERROR auth failure for user 192.168.36.209
ERROR connection timeout 503
FATAL segfault at address 0x192.168.57.185
FATAL unrecoverable disk error
ERROR file not found: /tmp/192.168.82.31.log
DEBUG entering function foo
DEBUG entering function foo
FATAL kernel panic
WARN memory threshold reached: 192.168.121.141MB
FATAL unrecoverable disk error
DEBUG entering function foo
WARN disk usage 192.168.219.168%
DEBUG heap size: 192.168.211.158
WARN disk usage 192.168.193.243%
INFO user 192.168.215.207 logged in
WARN slow query: 192.168.178.215ms
DEBUG entering function foo
ERROR file not found: /tmp/192.168.92.139.log
INFO user 192.168.215.207 logged in
INFO user 192.168.178.215 logged in
FATAL kernel panic
WARN disk usage 192.168.82.31%
DEBUG heap size: 192.168.193.243
FATAL out of memory
WARN memory threshold reached: 192.168.229.48MB
INFO user 192.168.178.215 logged in
DEBUG entering function foo
ERROR null pointer in module 192.168.39.155
FATAL out of memory
ERROR file not found: /tmp/192.168.36.209.log
WARN slow query: 192.168.82.31ms
INFO request from 192.168.107.168
ERROR connection timeout 503
DEBUG variable x=192.168.211.158
WARN memory threshold reached: 192.168.60.30MB
DEBUG entering function foo
INFO user 192.168.189.144 logged in
WARN retry attempt 192.168.189.144 for 69026
ERROR connection timeout 503
DEBUG entering function foo
INFO processed 192.168.219.168 items
DEBUG cache hit for key=192.168.39.155
ERROR null pointer in module 192.168.219.168
FATAL segfault at address 0x192.168.36.209
FATAL segfault at address 0x192.168.178.6
FATAL kernel panic
FATAL kernel panic
DEBUG variable x=192.168.57.185
INFO user 192.168.215.207 logged in
ERROR null pointer in module 192.168.219.168
WARN slow query: 192.168.141.220ms
INFO request from 192.168.178.215
WARN retry attempt 192.168.178.215 for 3658
DEBUG cache hit for key=192.168.193.243
INFO request from 192.168.211.158
DEBUG entering function foo
FATAL kernel panic
INFO processed 192.168.9.50 items
WARN retry attempt 192.168.178.215 for 2935
ERROR file not found: /tmp/192.168.229.48.log
INFO request from 192.168.57.185
WARN disk usage 192.168.121.141%
FATAL out of memory
FATAL kernel panic
ERROR auth failure for user 192.168.82.31
DEBUG heap size: 192.168.141.220
FATAL segfault at address 0x192.168.141.220
DEBUG variable x=192.168.92.139
ERROR connection timeout 503
DEBUG variable x=192.168.193.243
INFO processed 192.168.142.104 items
INFO request from 192.168.39.155
WARN retry attempt 192.168.211.158 for 30604
WARN memory threshold reached: 192.168.178.215MB
WARN retry attempt 192.168.141.220 for 73069
DEBUG entering function foo
INFO processed 192.168.197.186 items
WARN disk usage 192.168.178.6%
DEBUG variable x=192.168.121.141
ERROR auth failure for user 192.168.142.104
ERROR file not found: /tmp/192.168.36.209.log
WARN retry attempt 192.168.60.30 for 43842
INFO connection established
ERROR null pointer in module 192.168.60.30
WARN memory threshold reached: 192.168.107.168MB
WARN disk usage 192.168.82.31%
FATAL out of memory
ERROR auth failure for user 192.168.60.30
DEBUG heap size: 192.168.193.243
DEBUG entering function foo
INFO user 192.168.57.185 logged in
INFO connection established
FATAL kernel panic
WARN slow query: 192.168.121.141ms
INFO processed 192.168.189.144 items
FATAL out of memory
ERROR null pointer in module 192.168.189.144
FATAL unrecoverable disk error
FATAL out of memory
DEBUG heap size: 192.168.39.155
DEBUG variable x=192.168.178.215
FATAL unrecoverable disk error
INFO request from 192.168.60.30
WARN memory threshold reached: 192.168.219.168MB
WARN disk usage 192.168.229.48%
DEBUG entering function foo
WARN disk usage 192.168.39.155%
FATAL kernel panic
DEBUG entering function foo
WARN retry attempt 192.168.189.144 for 44601
ERROR auth failure for user 192.168.215.207
INFO processed 192.168.229.48 items
FATAL segfault at address 0x192.168.229.48
INFO connection established
FATAL unrecoverable disk error
ERROR auth failure for user 192.168.178.6
INFO user 192.168.36.209 logged in
ERROR connection timeout 503
INFO request from 192.168.189.144
ERROR connection timeout 503
ERROR null pointer in module 192.168.215.207
INFO connection established
INFO processed 192.168.215.207 items
INFO connection established
WARN slow query: 192.168.36.209ms
WARN disk usage 192.168.107.168%
INFO processed 192.168.215.207 items
FATAL out of memory
INFO processed 192.168.193.243 items
INFO user 192.168.107.168 logged in
FATAL out of memory
INFO processed 192.168.197.186 items
WARN disk usage 192.168.215.207%
ERROR connection timeout 503
ERROR connection timeout 503
DEBUG heap size: 192.168.219.168
WARN disk usage 192.168.107.168%
ERROR connection timeout 503
DEBUG heap size: 192.168.197.186
ERROR connection timeout 503
FATAL kernel panic
INFO request from 192.168.121.141
ERROR null pointer in module 192.168.211.158
DEBUG entering function foo
DEBUG cache hit for key=192.168.197.186
WARN retry attempt 192.168.82.31 for 18441
INFO connection established
WARN retry attempt 192.168.178.6 for 59528
ERROR auth failure for user 192.168.92.139
INFO processed 192.168.197.186 items
WARN retry attempt 192.168.211.158 for 26250
FATAL kernel panic
DEBUG cache hit for key=192.168.197.186
FATAL kernel panic
ERROR null pointer in module 192.168.229.48
WARN retry attempt 192.168.60.30 for 9148
WARN retry attempt 192.168.219.168 for 72571
DEBUG cache hit for key=192.168.141.220
INFO request from 192.168.9.50
DEBUG heap size: 192.168.219.168
INFO processed 192.168.39.155 items
FATAL segfault at address 0x192.168.193.243
INFO request from 192.168.215.207
WARN slow query: 192.168.121.141ms
WARN disk usage 192.168.178.215%
DEBUG entering function foo
INFO user 192.168.82.31 logged in
DEBUG variable x=192.168.60.30
INFO request from 192.168.178.215
WARN memory threshold reached: 192.168.39.155MB
DEBUG cache hit for key=192.168.197.186
DEBUG entering function foo
ERROR connection timeout 503
ERROR file not found: /tmp/192.168.229.48.log
WARN disk usage 192.168.92.139%
DEBUG cache hit for key=192.168.197.186
ERROR auth failure for user 192.168.107.168
DEBUG heap size: 192.168.121.141
DEBUG cache hit for key=192.168.197.186
FATAL segfault at address 0x192.168.57.185
FATAL kernel panic
DEBUG variable x=192.168.82.31
ERROR auth failure for user 192.168.36.209
INFO connection established
DEBUG heap size: 192.168.39.155
DEBUG heap size: 192.168.121.141
DEBUG cache hit for key=192.168.229.48
INFO connection established
ERROR null pointer in module 192.168.211.158
FATAL unrecoverable disk error
FATAL kernel panic
WARN disk usage 192.168.229.48%
WARN retry attempt 192.168.178.215 for 33306
INFO processed 192.168.211.158 items
FATAL kernel panic
DEBUG heap size: 192.168.197.186
INFO user 192.168.215.207 logged in
DEBUG variable x=192.168.193.243
FATAL segfault at address 0x192.168.229.48
DEBUG heap size: 192.168.178.6
FATAL kernel panic
WARN retry attempt 192.168.141.220 for 68515
INFO user 192.168.60.30 logged in
ERROR file not found: /tmp/192.168.121.141.log
FATAL unrecoverable disk error
FATAL kernel panic
INFO processed 192.168.229.48 items
ERROR connection timeout 503
INFO user 192.168.197.186 logged in
ERROR connection timeout 503
FATAL unrecoverable disk error
FATAL out of memory
ERROR null pointer in module 192.168.197.186
WARN disk usage 192.168.178.6%
FATAL kernel panic
INFO user 192.168.197.186 logged in
WARN slow query: 192.168.229.48ms
WARN slow query: 192.168.60.30ms
FATAL segfault at address 0x192.168.9.50
WARN disk usage 192.168.219.168%
FATAL segfault at address 0x192.168.107.168
ERROR auth failure for user 192.168.107.168
FATAL out of memory
DEBUG variable x=192.168.39.155
DEBUG entering function foo
WARN disk usage 192.168.178.215%
INFO connection established
FATAL segfault at address 0x192.168.178.6
DEBUG entering function foo
INFO user 192.168.36.209 logged in
FATAL segfault at address 0x192.168.121.141
FATAL unrecoverable disk error
DEBUG heap size: 192.168.141.220
INFO user 192.168.36.209 logged in
WARN disk usage 192.168.219.168%
INFO connection established
ERROR file not found: /tmp/192.168.219.168.log
ERROR auth failure for user 192.168.193.243
FATAL unrecoverable disk error
WARN slow query: 192.168.82.31ms
INFO processed 192.168.60.30 items
WARN memory threshold reached: 192.168.193.243MB
ERROR auth failure for user 192.168.57.185
FATAL segfault at address 0x192.168.92.139
INFO request from 192.168.121.141
FATAL out of memory
INFO processed 192.168.211.158 items
WARN memory threshold reached: 192.168.178.215MB
INFO processed 192.168.189.144 items
FATAL unrecoverable disk error
ERROR null pointer in module 192.168.9.50
WARN slow query: 192.168.219.168ms
FATAL out of memory
WARN retry attempt 192.168.57.185 for 58654
ERROR file not found: /tmp/192.168.57.185.log
FATAL unrecoverable disk error
WARN retry attempt 192.168.215.207 for 86285
DEBUG variable x=192.168.219.168
DEBUG entering function foo
DEBUG entering function foo
ERROR file not found: /tmp/192.168.39.155.log
INFO connection established
WARN memory threshold reached: 192.168.215.207MB
INFO user 192.168.60.30 logged in
ERROR connection timeout 503
INFO user 192.168.82.31 logged in
DEBUG cache hit for key=192.168.193.243
INFO user 192.168.92.139 logged in
DEBUG entering function foo
WARN disk usage 192.168.229.48%
WARN slow query: 192.168.82.31ms
FATAL out of memory
DEBUG heap size: 192.168.141.220
INFO request from 192.168.57.185
ERROR null pointer in module 192.168.197.186
FATAL kernel panic
FATAL out of memory
WARN disk usage 192.168.39.155%
WARN slow query: 192.168.9.50ms
FATAL unrecoverable disk error
WARN retry attempt 192.168.197.186 for 17503
FATAL segfault at address 0x192.168.39.155
DEBUG heap size: 192.168.57.185
FATAL kernel panic
FATAL kernel panic
FATAL segfault at address 0x192.168.178.6
INFO request from 192.168.211.158
FATAL segfault at address 0x192.168.229.48
DEBUG heap size: 192.168.121.141
INFO processed 192.168.82.31 items
WARN memory threshold reached: 192.168.211.158MB
DEBUG cache hit for key=192.168.82.31
ERROR null pointer in module 192.168.229.48
FATAL out of memory
ERROR file not found: /tmp/192.168.229.48.log
FATAL kernel panic
ERROR connection timeout 503
INFO request from 192.168.39.155
ERROR connection timeout 503
FATAL segfault at address 0x192.168.189.144
WARN slow query: 192.168.121.141ms
DEBUG entering function foo
ERROR file not found: /tmp/192.168.193.243.log
FATAL segfault at address 0x192.168.193.243
ERROR auth failure for user 192.168.211.158
FATAL out of memory
ERROR auth failure for user 192.168.92.139
ERROR connection timeout 503
FATAL kernel panic
FATAL unrecoverable disk error
INFO connection established
WARN disk usage 192.168.219.168%
DEBUG variable x=192.168.141.220
DEBUG variable x=192.168.121.141
WARN retry attempt 192.168.189.144 for 29467
DEBUG variable x=192.168.193.243
ERROR auth failure for user 192.168.39.155
DEBUG variable x=192.168.193.243
DEBUG variable x=192.168.178.215
INFO user 192.168.141.220 logged in
ERROR connection timeout 503
ERROR file not found: /tmp/192.168.178.6.log
ERROR null pointer in module 192.168.189.144
WARN slow query: 192.168.178.215ms
WARN memory threshold reached: 192.168.141.220MB
ERROR file not found: /tmp/192.168.215.207.log
WARN slow query: 192.168.211.158ms
FATAL kernel panic
INFO user 192.168.229.48 logged in
FATAL unrecoverable disk error
INFO user 192.168.197.186 logged in
DEBUG entering function foo
INFO user 192.168.141.220 logged in
DEBUG heap size: 192.168.189.144
WARN retry attempt 192.168.121.141 for 98308
INFO user 192.168.39.155 logged in
DEBUG heap size: 192.168.142.104
ERROR auth failure for user 192.168.60.30
WARN disk usage 192.168.36.209%
FATAL out of memory
FATAL out of memory
FATAL out of memory
FATAL kernel panic
ERROR file not found: /tmp/192.168.57.185.log
INFO user 192.168.142.104 logged in
FATAL segfault at address 0x192.168.92.139
INFO processed 192.168.178.6 items
DEBUG variable x=192.168.9.50
FATAL kernel panic
WARN memory threshold reached: 192.168.142.104MB
FATAL unrecoverable disk error
INFO connection established
ERROR file not found: /tmp/192.168.121.141.log
ERROR connection timeout 503
DEBUG variable x=192.168.215.207
WARN disk usage 192.168.121.141%
WARN memory threshold reached: 192.168.215.207MB
ERROR auth failure for user 192.168.107.168
WARN disk usage 192.168.215.207%
INFO request from 192.168.107.168
INFO connection established
ERROR auth failure for user 192.168.39.155
FATAL kernel panic
WARN memory threshold reached: 192.168.178.6MB
WARN disk usage 192.168.107.168%
INFO request from 192.168.60.30
DEBUG entering function foo
INFO user 192.168.60.30 logged in
WARN memory threshold reached: 192.168.211.158MB
DEBUG variable x=192.168.39.155
WARN slow query: 192.168.9.50ms
WARN disk usage 192.168.82.31%
ERROR auth failure for user 192.168.39.155
FATAL kernel panic
ERROR null pointer in module 192.168.36.209
INFO request from 192.168.178.6
FATAL out of memory
WARN disk usage 192.168.39.155%
WARN retry attempt 192.168.141.220 for 63699
ERROR connection timeout 503
ERROR file not found: /tmp/192.168.193.243.log
WARN slow query: 192.168.219.168ms
WARN slow query: 192.168.142.104ms
DEBUG heap size: 192.168.141.220
FATAL unrecoverable disk error
WARN disk usage 192.168.189.144%
DEBUG variable x=192.168.215.207
INFO request from 192.168.141.220
FATAL unrecoverable disk error
FATAL out of memory
FATAL out of memory
INFO connection established
DEBUG cache hit for key=192.168.57.185
ERROR file not found: /tmp/192.168.178.6.log
DEBUG entering function foo
DEBUG cache hit for key=192.168.39.155
ERROR file not found: /tmp/192.168.215.207.log
INFO request from 192.168.178.215
DEBUG heap size: 192.168.178.215
WARN retry attempt 192.168.82.31 for 72441
WARN memory threshold reached: 192.168.121.141MB
DEBUG entering function foo
ERROR file not found: /tmp/192.168.36.209.log
INFO processed 192.168.121.141 items
ERROR connection timeout 503
FATAL out of memory
ERROR null pointer in module 192.168.121.141
ERROR null pointer in module 192.168.189.144
DEBUG heap size: 192.168.219.168
INFO user 192.168.107.168 logged in
DEBUG cache hit for key=192.168.197.186
DEBUG heap size: 192.168.9.50
WARN memory threshold reached: 192.168.60.30MB
DEBUG variable x=192.168.211.158
FATAL segfault at address 0x192.168.215.207
INFO user 192.168.219.168 logged in
FATAL kernel panic
FATAL unrecoverable disk error
ERROR null pointer in module 192.168.193.243
INFO connection established
WARN slow query: 192.168.39.155ms
ERROR auth failure for user 192.168.92.139
FATAL kernel panic
DEBUG variable x=192.168.9.50
ERROR auth failure for user 192.168.57.185
WARN disk usage 192.168.39.155%
INFO connection established
FATAL kernel panic
FATAL kernel panic
ERROR null pointer in module 192.168.9.50
FATAL unrecoverable disk error
ERROR auth failure for user 192.168.219.168
WARN disk usage 192.168.60.30%
ERROR connection timeout 503
WARN disk usage 192.168.60.30%
DEBUG variable x=192.168.36.209
INFO user 192.168.107.168 logged in
DEBUG cache hit for key=192.168.215.207
DEBUG cache hit for key=192.168.9.50
FATAL unrecoverable disk error
ERROR null pointer in module 192.168.121.141
WARN disk usage 192.168.193.243%
INFO request from 192.168.9.50
WARN slow query: 192.168.60.30ms
WARN slow query: 192.168.141.220ms
INFO request from 192.168.219.168
WARN retry attempt 192.168.82.31 for 96727
FATAL segfault at address 0x192.168.197.186
DEBUG heap size: 192.168.121.141
DEBUG heap size: 192.168.211.158
WARN memory threshold reached: 192.168.229.48MB
INFO request from 192.168.219.168
INFO processed 192.168.141.220 items
FATAL segfault at address 0x192.168.215.207
FATAL unrecoverable disk error
WARN slow query: 192.168.36.209ms
WARN retry attempt 192.168.57.185 for 66238
ERROR auth failure for user 192.168.57.185
INFO user 192.168.229.48 logged in
DEBUG heap size: 192.168.107.168
ERROR null pointer in module 192.168.57.185
FATAL segfault at address 0x192.168.92.139
INFO user 192.168.57.185 logged in
FATAL unrecoverable disk error
WARN slow query: 192.168.141.220ms
DEBUG heap size: 192.168.141.220
WARN slow query: 192.168.60.30ms
WARN retry attempt 192.168.60.30 for 81189
FATAL out of memory
WARN disk usage 192.168.92.139%
DEBUG entering function foo
INFO processed 192.168.229.48 items
FATAL out of memory
WARN disk usage 192.168.121.141%
INFO user 192.168.178.215 logged in
DEBUG variable x=192.168.142.104
INFO connection established
ERROR auth failure for user 192.168.60.30
FATAL segfault at address 0x192.168.189.144
INFO request from 192.168.82.31
FATAL out of memory
INFO connection established
INFO connection established
INFO processed 192.168.60.30 items
WARN memory threshold reached: 192.168.178.6MB
ERROR null pointer in module 192.168.57.185
FATAL out of memory
WARN disk usage 192.168.92.139%
WARN retry attempt 192.168.219.168 for 77781
FATAL unrecoverable disk error
ERROR auth failure for user 192.168.141.220
FATAL kernel panic
FATAL kernel panic
INFO processed 192.168.36.209 items
FATAL unrecoverable disk error
ERROR file not found: /tmp/192.168.57.185.log
WARN disk usage 192.168.189.144%
WARN disk usage 192.168.57.185%
DEBUG variable x=192.168.193.243
ERROR auth failure for user 192.168.197.186
WARN disk usage 192.168.82.31%
ERROR file not found: /tmp/192.168.9.50.log
ERROR auth failure for user 192.168.107.168
INFO user 192.168.178.215 logged in
WARN retry attempt 192.168.197.186 for 35318
ERROR null pointer in module 192.168.9.50
INFO request from 192.168.211.158
INFO connection established
ERROR auth failure for user 192.168.9.50
ERROR null pointer in module 192.168.178.215
WARN disk usage 192.168.211.158%
WARN slow query: 192.168.9.50ms
WARN slow query: 192.168.193.243ms
DEBUG heap size: 192.168.57.185
INFO processed 192.168.121.141 items
FATAL segfault at address 0x192.168.215.207
ERROR null pointer in module 192.168.178.215
ERROR file not found: /tmp/192.168.219.168.log
ERROR file not found: /tmp/192.168.107.168.log
WARN retry attempt 192.168.229.48 for 60310
INFO connection established
FATAL kernel panic
DEBUG variable x=192.168.60.30
WARN disk usage 192.168.142.104%
ERROR connection timeout 503
DEBUG variable x=192.168.121.141
FATAL unrecoverable disk error
ERROR connection timeout 503
INFO processed 192.168.92.139 items
INFO user 192.168.229.48 logged in
ERROR connection timeout 503
INFO user 192.168.60.30 logged in
WARN slow query: 192.168.193.243ms
ERROR null pointer in module 192.168.9.50
DEBUG variable x=192.168.82.31
FATAL kernel panic
ERROR auth failure for user 192.168.39.155
ERROR file not found: /tmp/192.168.92.139.log
ERROR auth failure for user 192.168.178.6
ERROR file not found: /tmp/192.168.219.168.log
FATAL kernel panic
WARN disk usage 192.168.178.215%
WARN memory threshold reached: 192.168.39.155MB
INFO processed 192.168.141.220 items
FATAL segfault at address 0x192.168.178.215
INFO user 192.168.39.155 logged in
FATAL kernel panic
WARN disk usage 192.168.39.155%
FATAL unrecoverable disk error
FATAL out of memory
ERROR auth failure for user 192.168.229.48
INFO connection established
FATAL kernel panic
INFO user 192.168.178.215 logged in
ERROR file not found: /tmp/192.168.229.48.log
FATAL kernel panic
FATAL out of memory
WARN retry attempt 192.168.92.139 for 50865
DEBUG entering function foo
WARN retry attempt 192.168.141.220 for 69486
WARN disk usage 192.168.60.30%
WARN memory threshold reached: 192.168.60.30MB
INFO user 192.168.189.144 logged in
INFO user 192.168.229.48 logged in
WARN memory threshold reached: 192.168.219.168MB
INFO request from 192.168.107.168
WARN slow query: 192.168.92.139ms
ERROR connection timeout 503
DEBUG heap size: 192.168.193.243
FATAL segfault at address 0x192.168.189.144
FATAL kernel panic
INFO processed 192.168.60.30 items
INFO request from 192.168.57.185
WARN retry attempt 192.168.9.50 for 63964
FATAL kernel panic
FATAL out of memory
DEBUG entering function foo
DEBUG entering function foo
FATAL out of memory
DEBUG entering function foo
ERROR null pointer in module 192.168.229.48
ERROR null pointer in module 192.168.219.168
ERROR null pointer in module 192.168.9.50
INFO connection established
DEBUG cache hit for key=192.168.178.6
DEBUG cache hit for key=192.168.219.168
INFO request from 192.168.189.144
INFO connection established
ERROR auth failure for user 192.168.141.220
WARN slow query: 192.168.92.139ms
DEBUG entering function foo
DEBUG cache hit for key=192.168.178.215
WARN memory threshold reached: 192.168.215.207MB
DEBUG cache hit for key=192.168.197.186
INFO processed 192.168.215.207 items
ERROR file not found: /tmp/192.168.193.243.log
INFO user 192.168.107.168 logged in
FATAL kernel panic
DEBUG variable x=192.168.215.207
ERROR connection timeout 503
WARN retry attempt 192.168.121.141 for 66117
DEBUG heap size: 192.168.229.48
FATAL kernel panic
INFO connection established
ERROR auth failure for user 192.168.121.141
FATAL segfault at address 0x192.168.121.141
FATAL unrecoverable disk error
WARN slow query: 192.168.39.155ms
INFO processed 192.168.92.139 items
WARN disk usage 192.168.121.141%
WARN memory threshold reached: 192.168.193.243MB
WARN memory threshold reached: 192.168.215.207MB
ERROR null pointer in module 192.168.197.186
ERROR file not found: /tmp/192.168.211.158.log
INFO request from 192.168.178.6
DEBUG heap size: 192.168.178.215
WARN slow query: 192.168.178.215ms
WARN memory threshold reached: 192.168.60.30MB
ERROR connection timeout 503
ERROR auth failure for user 192.168.107.168
ERROR file not found: /tmp/192.168.9.50.log
ERROR null pointer in module 192.168.121.141
WARN slow query: 192.168.57.185ms
DEBUG entering function foo
FATAL unrecoverable disk error
FATAL segfault at address 0x192.168.193.243
FATAL out of memory
ERROR connection timeout 503
ERROR connection timeout 503
DEBUG variable x=192.168.211.158
DEBUG entering function foo
ERROR connection timeout 503
DEBUG entering function foo
ERROR null pointer in module 192.168.215.207
DEBUG variable x=192.168.193.243
INFO user 192.168.39.155 logged in
WARN disk usage 192.168.211.158%
FATAL unrecoverable disk error
ERROR connection timeout 503
INFO user 192.168.36.209 logged in
INFO connection established
FATAL out of memory
FATAL kernel panic
INFO processed 192.168.211.158 items
ERROR file not found: /tmp/192.168.9.50.log
WARN disk usage 192.168.219.168%
FATAL out of memory
WARN memory threshold reached: 192.168.141.220MB
WARN retry attempt 192.168.107.168 for 68626
INFO request from 192.168.215.207
FATAL out of memory
INFO user 192.168.178.6 logged in
WARN memory threshold reached: 192.168.121.141MB
ERROR file not found: /tmp/192.168.215.207.log
FATAL out of memory
INFO request from 192.168.178.6
FATAL kernel panic
INFO user 192.168.92.139 logged in
INFO user 192.168.193.243 logged in
FATAL segfault at address 0x192.168.121.141
INFO request from 192.168.211.158
ERROR auth failure for user 192.168.211.158
DEBUG cache hit for key=192.168.36.209
FATAL out of memory
WARN retry attempt 192.168.9.50 for 12962
DEBUG variable x=192.168.121.141
FATAL out of memory
INFO user 192.168.107.168 logged in
FATAL out of memory
INFO connection established
INFO user 192.168.178.6 logged in
INFO user 192.168.36.209 logged in
ERROR auth failure for user 192.168.107.168
FATAL kernel panic
ERROR auth failure for user 192.168.193.243
DEBUG heap size: 192.168.107.168
INFO request from 192.168.178.215
FATAL kernel panic
WARN retry attempt 192.168.189.144 for 67131
WARN slow query: 192.168.107.168ms
ERROR null pointer in module 192.168.215.207
FATAL kernel panic
FATAL kernel panic
DEBUG cache hit for key=192.168.211.158
DEBUG variable x=192.168.229.48
INFO user 192.168.219.168 logged in
FATAL kernel panic
ERROR auth failure for user 192.168.215.207
INFO processed 192.168.92.139 items
FATAL kernel panic
WARN memory threshold reached: 192.168.57.185MB
WARN memory threshold reached: 192.168.193.243MB
FATAL kernel panic
DEBUG heap size: 192.168.197.186
WARN memory threshold reached: 192.168.36.209MB
WARN disk usage 192.168.82.31%
WARN slow query: 192.168.193.243ms
WARN retry attempt 192.168.60.30 for 36039
FATAL unrecoverable disk error
FATAL kernel panic
INFO user 192.168.215.207 logged in
WARN retry attempt 192.168.215.207 for 63313
DEBUG heap size: 192.168.229.48
FATAL segfault at address 0x192.168.57.185
ERROR null pointer in module 192.168.57.185
ERROR auth failure for user 192.168.211.158
INFO connection established
WARN memory threshold reached: 192.168.197.186MB
ERROR auth failure for user 192.168.107.168
WARN disk usage 192.168.82.31%
DEBUG variable x=192.168.211.158
ERROR file not found: /tmp/192.168.39.155.log
ERROR file not found: /tmp/192.168.229.48.log
WARN memory threshold reached: 192.168.92.139MB
FATAL segfault at address 0x192.168.219.168
ERROR connection timeout 503
DEBUG variable x=192.168.142.104
INFO connection established
ERROR auth failure for user 192.168.142.104
FATAL out of memory
WARN memory threshold reached: 192.168.219.168MB
FATAL segfault at address 0x192.168.215.207
ERROR auth failure for user 192.168.215.207
WARN memory threshold reached: 192.168.178.215MB
WARN memory threshold reached: 192.168.107.168MB
INFO request from 192.168.92.139
ERROR connection timeout 503
ERROR file not found: /tmp/192.168.60.30.log
INFO connection established
DEBUG variable x=192.168.39.155
FATAL out of memory
ERROR file not found: /tmp/192.168.197.186.log
INFO user 192.168.9.50 logged in
FATAL segfault at address 0x192.168.92.139
INFO connection established
DEBUG heap size: 192.168.219.168
DEBUG entering function foo
INFO processed 192.168.39.155 items
WARN slow query: 192.168.60.30ms
INFO user 192.168.57.185 logged in
FATAL unrecoverable disk error
INFO connection established
INFO processed 192.168.92.139 items
FATAL out of memory
INFO request from 192.168.60.30
INFO user 192.168.197.186 logged in
ERROR file not found: /tmp/192.168.141.220.log
FATAL out of memory
FATAL kernel panic
DEBUG variable x=192.168.82.31
DEBUG variable x=192.168.121.141
FATAL kernel panic
INFO processed 192.168.189.144 items
WARN retry attempt 192.168.60.30 for 95488
WARN disk usage 192.168.57.185%
DEBUG variable x=192.168.178.6
ERROR null pointer in module 192.168.60.30
INFO request from 192.168.197.186
WARN disk usage 192.168.121.141%
WARN memory threshold reached: 192.168.229.48MB
DEBUG cache hit for key=192.168.82.31
ERROR auth failure for user 192.168.9.50
ERROR auth failure for user 192.168.219.168
INFO user 192.168.57.185 logged in
WARN slow query: 192.168.193.243ms
ERROR null pointer in module 192.168.60.30
DEBUG cache hit for key=192.168.92.139
INFO user 192.168.39.155 logged in
WARN disk usage 192.168.107.168%
ERROR auth failure for user 192.168.219.168
DEBUG entering function foo
DEBUG heap size: 192.168.60.30
FATAL unrecoverable disk error
DEBUG entering function foo
ERROR file not found: /tmp/192.168.178.215.log
FATAL out of memory
DEBUG cache hit for key=192.168.92.139
ERROR auth failure for user 192.168.92.139
WARN slow query: 192.168.107.168ms
FATAL out of memory
WARN disk usage 192.168.219.168%
FATAL unrecoverable disk error
INFO connection established
ERROR null pointer in module 192.168.92.139
INFO processed 192.168.197.186 items
FATAL unrecoverable disk error
DEBUG cache hit for key=192.168.197.186
INFO user 192.168.39.155 logged in
WARN disk usage 192.168.92.139%
ERROR connection timeout 503
FATAL kernel panic
WARN disk usage 192.168.142.104%
DEBUG variable x=192.168.92.139
FATAL out of memory
DEBUG heap size: 192.168.142.104
WARN memory threshold reached: 192.168.82.31MB
FATAL out of memory
WARN slow query: 192.168.141.220ms
WARN memory threshold reached: 192.168.60.30MB
INFO processed 192.168.142.104 items
INFO request from 192.168.121.141
WARN retry attempt 192.168.178.6 for 30974
DEBUG heap size: 192.168.219.168
DEBUG entering function foo
INFO user 192.168.178.215 logged in
INFO processed 192.168.57.185 items
DEBUG heap size: 192.168.82.31
INFO processed 192.168.197.186 items
FATAL out of memory
ERROR file not found: /tmp/192.168.178.6.log
FATAL out of memory
INFO user 192.168.211.158 logged in
INFO connection established
INFO user 192.168.142.104 logged in
ERROR connection timeout 503
WARN retry attempt 192.168.189.144 for 39101
WARN disk usage 192.168.9.50%
DEBUG entering function foo
WARN retry attempt 192.168.121.141 for 74265
ERROR auth failure for user 192.168.178.6
WARN memory threshold reached: 192.168.107.168MB
FATAL out of memory
WARN retry attempt 192.168.142.104 for 40553
FATAL kernel panic
DEBUG heap size: 192.168.60.30
DEBUG entering function foo
WARN memory threshold reached: 192.168.107.168MB
WARN retry attempt 192.168.39.155 for 46642
INFO processed 192.168.219.168 items
DEBUG variable x=192.168.92.139
DEBUG cache hit for key=192.168.36.209
DEBUG entering function foo
DEBUG cache hit for key=192.168.197.186
FATAL unrecoverable disk error
DEBUG cache hit for key=192.168.142.104
DEBUG entering function foo
FATAL segfault at address 0x192.168.219.168
ERROR file not found: /tmp/192.168.142.104.log
INFO processed 192.168.92.139 items
FATAL kernel panic
DEBUG variable x=192.168.9.50
WARN memory threshold reached: 192.168.107.168MB
FATAL unrecoverable disk error
DEBUG heap size: 192.168.121.141
FATAL kernel panic
WARN slow query: 192.168.9.50ms
DEBUG entering function foo
FATAL segfault at address 0x192.168.57.185
FATAL out of memory
WARN slow query: 192.168.82.31ms
WARN disk usage 192.168.107.168%
FATAL kernel panic
WARN disk usage 192.168.142.104%
DEBUG variable x=192.168.82.31
INFO user 192.168.142.104 logged in
DEBUG entering function foo
DEBUG heap size: 192.168.215.207
ERROR file not found: /tmp/192.168.141.220.log
DEBUG cache hit for key=192.168.9.50
ERROR connection timeout 503
DEBUG variable x=192.168.57.185
WARN slow query: 192.168.229.48ms
FATAL unrecoverable disk error
DEBUG variable x=192.168.92.139
INFO connection established
ERROR connection timeout 503
ERROR connection timeout 503
WARN disk usage 192.168.121.141%
INFO request from 192.168.229.48
INFO user 192.168.211.158 logged in
ERROR null pointer in module 192.168.107.168
INFO connection established
DEBUG heap size: 192.168.141.220
FATAL segfault at address 0x192.168.178.6
ERROR null pointer in module 192.168.60.30
DEBUG entering function foo
WARN retry attempt 192.168.121.141 for 19916
DEBUG heap size: 192.168.82.31
DEBUG heap size: 192.168.9.50
DEBUG cache hit for key=192.168.82.31
INFO request from 192.168.229.48
WARN retry attempt 192.168.229.48 for 74719
DEBUG entering function foo
INFO processed 192.168.107.168 items
ERROR auth failure for user 192.168.57.185
DEBUG heap size: 192.168.82.31
WARN disk usage 192.168.142.104%
ERROR connection timeout 503
WARN slow query: 192.168.229.48ms
WARN slow query: 192.168.219.168ms
FATAL segfault at address 0x192.168.229.48
INFO user 192.168.107.168 logged in
INFO request from 192.168.229.48
DEBUG heap size: 192.168.141.220
WARN retry attempt 192.168.142.104 for 1464
ERROR file not found: /tmp/192.168.9.50.log
DEBUG variable x=192.168.229.48
FATAL unrecoverable disk error
INFO request from 192.168.39.155
FATAL out of memory
DEBUG cache hit for key=192.168.141.220
INFO connection established
WARN slow query: 192.168.9.50ms
WARN disk usage 192.168.178.6%
DEBUG cache hit for key=192.168.178.215
ERROR auth failure for user 192.168.229.48
INFO request from 192.168.57.185
FATAL segfault at address 0x192.168.193.243
FATAL kernel panic
INFO processed 192.168.92.139 items
FATAL unrecoverable disk error
INFO connection established
ERROR null pointer in module 192.168.178.215
ERROR auth failure for user 192.168.197.186
ERROR connection timeout 503
INFO processed 192.168.211.158 items
DEBUG cache hit for key=192.168.60.30
INFO request from 192.168.9.50
DEBUG entering function foo
DEBUG entering function foo
INFO processed 192.168.211.158 items
WARN slow query: 192.168.39.155ms
FATAL out of memory
INFO processed 192.168.211.158 items
WARN memory threshold reached: 192.168.219.168MB
FATAL unrecoverable disk error
WARN disk usage 192.168.229.48%
ERROR file not found: /tmp/192.168.39.155.log
FATAL kernel panic
INFO user 192.168.178.215 logged in
FATAL kernel panic
WARN disk usage 192.168.215.207%
ERROR connection timeout 503
WARN memory threshold reached: 192.168.197.186MB
INFO user 192.168.141.220 logged in
DEBUG cache hit for key=192.168.193.243
DEBUG variable x=192.168.229.48
ERROR connection timeout 503
WARN memory threshold reached: 192.168.9.50MB
INFO processed 192.168.141.220 items
FATAL unrecoverable disk error
ERROR null pointer in module 192.168.39.155
WARN slow query: 192.168.107.168ms
WARN retry attempt 192.168.141.220 for 50178
DEBUG heap size: 192.168.189.144
DEBUG entering function foo
FATAL out of memory
INFO user 192.168.82.31 logged in
DEBUG variable x=192.168.92.139
INFO processed 192.168.215.207 items
WARN memory threshold reached: 192.168.178.6MB
FATAL unrecoverable disk error
FATAL kernel panic
DEBUG variable x=192.168.82.31
ERROR file not found: /tmp/192.168.60.30.log
FATAL unrecoverable disk error
INFO user 192.168.142.104 logged in
INFO user 192.168.141.220 logged in
WARN memory threshold reached: 192.168.141.220MB
DEBUG variable x=192.168.229.48
DEBUG heap size: 192.168.60.30
DEBUG cache hit for key=192.168.60.30
DEBUG variable x=192.168.178.215
DEBUG cache hit for key=192.168.215.207
ERROR auth failure for user 192.168.121.141
WARN retry attempt 192.168.178.215 for 33207
DEBUG heap size: 192.168.229.48
WARN disk usage 192.168.57.185%
WARN slow query: 192.168.82.31ms
DEBUG heap size: 192.168.9.50
ERROR file not found: /tmp/192.168.189.144.log
FATAL unrecoverable disk error
DEBUG entering function foo
INFO user 192.168.189.144 logged in
FATAL unrecoverable disk error
INFO user 192.168.82.31 logged in
FATAL kernel panic
ERROR file not found: /tmp/192.168.57.185.log
INFO user 192.168.178.6 logged in
ERROR null pointer in module 192.168.39.155
WARN memory threshold reached: 192.168.211.158MB
ERROR connection timeout 503
WARN slow query: 192.168.219.168ms
FATAL unrecoverable disk error
ERROR connection timeout 503
WARN slow query: 192.168.141.220ms
FATAL unrecoverable disk error
WARN disk usage 192.168.197.186%
WARN retry attempt 192.168.107.168 for 69978
WARN retry attempt 192.168.92.139 for 56394
WARN retry attempt 192.168.178.215 for 83712
INFO connection established
ERROR auth failure for user 192.168.229.48
WARN disk usage 192.168.107.168%
DEBUG cache hit for key=192.168.36.209
INFO user 192.168.60.30 logged in
INFO connection established
DEBUG heap size: 192.168.215.207
WARN disk usage 192.168.193.243%
INFO processed 192.168.215.207 items
DEBUG entering function foo
ERROR null pointer in module 192.168.82.31
ERROR file not found: /tmp/192.168.107.168.log
FATAL out of memory
ERROR file not found: /tmp/192.168.121.141.log
ERROR auth failure for user 192.168.193.243
FATAL kernel panic
DEBUG entering function foo
ERROR null pointer in module 192.168.197.186
ERROR null pointer in module 192.168.219.168
WARN memory threshold reached: 192.168.178.6MB
FATAL segfault at address 0x192.168.142.104
ERROR connection timeout 503
DEBUG heap size: 192.168.57.185
WARN disk usage 192.168.189.144%
INFO user 192.168.107.168 logged in
INFO connection established
FATAL kernel panic
DEBUG variable x=192.168.9.50
WARN memory threshold reached: 192.168.197.186MB
INFO user 192.168.60.30 logged in
INFO processed 192.168.178.215 items
WARN slow query: 192.168.193.243ms
INFO request from 192.168.211.158
DEBUG heap size: 192.168.141.220
ERROR file not found: /tmp/192.168.141.220.log
DEBUG variable x=192.168.193.243
FATAL segfault at address 0x192.168.193.243
INFO connection established
ERROR connection timeout 503
ERROR file not found: /tmp/192.168.229.48.log
INFO connection established
FATAL unrecoverable disk error
INFO processed 192.168.92.139 items
ERROR null pointer in module 192.168.178.215
FATAL segfault at address 0x192.168.193.243
WARN retry attempt 192.168.197.186 for 80207
ERROR connection timeout 503
INFO user 192.168.219.168 logged in
INFO processed 192.168.121.141 items
ERROR auth failure for user 192.168.39.155
INFO processed 192.168.197.186 items
WARN retry attempt 192.168.36.209 for 38183
WARN retry attempt 192.168.57.185 for 78228
DEBUG heap size: 192.168.142.104
WARN disk usage 192.168.219.168%
FATAL unrecoverable disk error
FATAL kernel panic
INFO processed 192.168.178.6 items
WARN slow query: 192.168.107.168ms
WARN disk usage 192.168.219.168%
DEBUG heap size: 192.168.107.168
DEBUG entering function foo
FATAL kernel panic
FATAL out of memory
ERROR file not found: /tmp/192.168.9.50.log
WARN disk usage 192.168.57.185%
FATAL unrecoverable disk error
FATAL segfault at address 0x192.168.229.48
WARN slow query: 192.168.197.186ms
DEBUG cache hit for key=192.168.215.207
DEBUG heap size: 192.168.178.215
WARN slow query: 192.168.36.209ms
ERROR file not found: /tmp/192.168.60.30.log
ERROR null pointer in module 192.168.36.209
DEBUG cache hit for key=192.168.142.104
FATAL out of memory
ERROR null pointer in module 192.168.141.220
FATAL segfault at address 0x192.168.82.31
FATAL kernel panic
FATAL segfault at address 0x192.168.189.144
ERROR file not found: /tmp/192.168.193.243.log
WARN memory threshold reached: 192.168.36.209MB
WARN disk usage 192.168.82.31%
FATAL segfault at address 0x192.168.229.48
INFO request from 192.168.219.168
INFO user 192.168.107.168 logged in
FATAL segfault at address 0x192.168.60.30
INFO connection established
INFO connection established
WARN slow query: 192.168.219.168ms
INFO request from 192.168.121.141
DEBUG cache hit for key=192.168.219.168
FATAL segfault at address 0x192.168.197.186
INFO request from 192.168.9.50
FATAL segfault at address 0x192.168.92.139
INFO user 192.168.107.168 logged in
INFO processed 192.168.141.220 items
INFO request from 192.168.211.158
DEBUG cache hit for key=192.168.219.168
INFO user 192.168.57.185 logged in
WARN disk usage 192.168.142.104%
ERROR connection timeout 503
WARN slow query: 192.168.178.6ms
FATAL kernel panic
DEBUG heap size: 192.168.60.30
DEBUG variable x=192.168.60.30
DEBUG variable x=192.168.121.141
FATAL segfault at address 0x192.168.197.186
FATAL segfault at address 0x192.168.211.158
INFO connection established
FATAL out of memory
FATAL out of memory
ERROR auth failure for user 192.168.92.139
WARN disk usage 192.168.189.144%
ERROR null pointer in module 192.168.229.48
ERROR file not found: /tmp/192.168.9.50.log
DEBUG heap size: 192.168.57.185
DEBUG entering function foo
DEBUG entering function foo
ERROR connection timeout 503
FATAL out of memory
FATAL kernel panic
INFO request from 192.168.141.220
FATAL segfault at address 0x192.168.189.144
DEBUG variable x=192.168.215.207
FATAL kernel panic
FATAL unrecoverable disk error
INFO processed 192.168.121.141 items
ERROR connection timeout 503
WARN slow query: 192.168.193.243ms
DEBUG entering function foo
INFO connection established
ERROR auth failure for user 192.168.189.144
ERROR null pointer in module 192.168.92.139
FATAL unrecoverable disk error
ERROR auth failure for user 192.168.36.209
FATAL kernel panic
INFO request from 192.168.229.48
FATAL unrecoverable disk error
DEBUG variable x=192.168.219.168
WARN disk usage 192.168.189.144%
ERROR auth failure for user 192.168.39.155
DEBUG heap size: 192.168.193.243
DEBUG cache hit for key=192.168.92.139
WARN slow query: 192.168.9.50ms
INFO connection established
FATAL segfault at address 0x192.168.107.168
INFO user 192.168.211.158 logged in
WARN slow query: 192.168.92.139ms
ERROR file not found: /tmp/192.168.92.139.log
DEBUG entering function foo
WARN retry attempt 192.168.141.220 for 34622
DEBUG entering function foo
ERROR auth failure for user 192.168.193.243
ERROR file not found: /tmp/192.168.211.158.log
ERROR null pointer in module 192.168.211.158
FATAL segfault at address 0x192.168.193.243
INFO connection established
FATAL out of memory
INFO user 192.168.60.30 logged in
ERROR connection timeout 503
DEBUG cache hit for key=192.168.107.168
ERROR auth failure for user 192.168.197.186
DEBUG variable x=192.168.92.139
FATAL segfault at address 0x192.168.107.168
ERROR file not found: /tmp/192.168.197.186.log
DEBUG entering function foo
DEBUG entering function foo
DEBUG variable x=192.168.178.6
ERROR auth failure for user 192.168.60.30
INFO user 192.168.229.48 logged in
FATAL unrecoverable disk error
WARN disk usage 192.168.193.243%
FATAL unrecoverable disk error
WARN retry attempt 192.168.197.186 for 57229
ERROR auth failure for user 192.168.141.220
DEBUG variable x=192.168.57.185
INFO connection established
ERROR null pointer in module 192.168.219.168
DEBUG cache hit for key=192.168.211.158
INFO request from 192.168.82.31
ERROR auth failure for user 192.168.215.207
DEBUG variable x=192.168.197.186
DEBUG entering function foo
INFO connection established
FATAL unrecoverable disk error
ERROR file not found: /tmp/192.168.193.243.log
WARN retry attempt 192.168.92.139 for 21917
DEBUG heap size: 192.168.219.168
WARN memory threshold reached: 192.168.141.220MB
DEBUG entering function foo
ERROR null pointer in module 192.168.142.104
FATAL out of memory
DEBUG heap size: 192.168.92.139
WARN slow query: 192.168.36.209ms
FATAL out of memory
DEBUG heap size: 192.168.189.144
FATAL out of memory
DEBUG cache hit for key=192.168.92.139
ERROR file not found: /tmp/192.168.92.139.log
ERROR file not found: /tmp/192.168.36.209.log
FATAL out of memory
INFO connection established
WARN memory threshold reached: 192.168.121.141MB
ERROR file not found: /tmp/192.168.219.168.log
INFO connection established
FATAL segfault at address 0x192.168.57.185
ERROR file not found: /tmp/192.168.57.185.log
INFO processed 192.168.211.158 items
ERROR file not found: /tmp/192.168.107.168.log
DEBUG variable x=192.168.92.139
INFO user 192.168.189.144 logged in
DEBUG variable x=192.168.142.104
INFO connection established
INFO user 192.168.142.104 logged in
ERROR auth failure for user 192.168.219.168
FATAL kernel panic
WARN retry attempt 192.168.142.104 for 19085
ERROR connection timeout 503
DEBUG entering function foo
INFO processed 192.168.36.209 items
INFO user 192.168.92.139 logged in
ERROR file not found: /tmp/192.168.229.48.log
DEBUG variable x=192.168.60.30
INFO connection established
DEBUG heap size: 192.168.197.186
FATAL kernel panic
FATAL unrecoverable disk error
ERROR file not found: /tmp/192.168.178.215.log
DEBUG cache hit for key=192.168.219.168
INFO processed 192.168.197.186 items
INFO request from 192.168.178.215
INFO processed 192.168.57.185 items
FATAL segfault at address 0x192.168.178.215
DEBUG variable x=192.168.60.30
INFO processed 192.168.193.243 items
WARN memory threshold reached: 192.168.92.139MB
DEBUG variable x=192.168.141.220
FATAL out of memory
ERROR connection timeout 503
FATAL unrecoverable disk error
WARN disk usage 192.168.178.215%
DEBUG cache hit for key=192.168.215.207
WARN retry attempt 192.168.189.144 for 86424
FATAL out of memory
INFO request from 192.168.219.168
WARN memory threshold reached: 192.168.178.215MB
INFO request from 192.168.57.185
INFO processed 192.168.211.158 items
DEBUG heap size: 192.168.219.168
WARN retry attempt 192.168.178.215 for 85843
INFO user 192.168.197.186 logged in
ERROR null pointer in module 192.168.60.30
FATAL kernel panic
DEBUG cache hit for key=192.168.9.50
INFO request from 192.168.107.168
FATAL unrecoverable disk error
WARN slow query: 192.168.60.30ms
FATAL segfault at address 0x192.168.60.30
FATAL out of memory
INFO processed 192.168.189.144 items
INFO user 192.168.82.31 logged in
ERROR connection timeout 503
INFO processed 192.168.141.220 items
WARN slow query: 192.168.57.185ms
FATAL kernel panic
INFO processed 192.168.178.215 items
INFO request from 192.168.178.215
ERROR connection timeout 503
FATAL out of memory
WARN disk usage 192.168.9.50%
WARN slow query: 192.168.9.50ms
INFO user 192.168.142.104 logged in
INFO request from 192.168.36.209
ERROR auth failure for user 192.168.142.104
FATAL segfault at address 0x192.168.229.48
DEBUG cache hit for key=192.168.215.207
FATAL out of memory
INFO connection established
INFO request from 192.168.121.141
INFO processed 192.168.178.215 items
WARN disk usage 192.168.82.31%
WARN retry attempt 192.168.107.168 for 29553
INFO user 192.168.121.141 logged in
FATAL unrecoverable disk error
DEBUG cache hit for key=192.168.107.168
WARN disk usage 192.168.141.220%
ERROR file not found: /tmp/192.168.36.209.log
WARN memory threshold reached: 192.168.229.48MB
DEBUG heap size: 192.168.57.185
INFO processed 192.168.60.30 items
WARN memory threshold reached: 192.168.142.104MB
INFO processed 192.168.39.155 items
DEBUG entering function foo
ERROR null pointer in module 192.168.39.155
ERROR auth failure for user 192.168.82.31
WARN retry attempt 192.168.142.104 for 18779
FATAL out of memory
INFO user 192.168.57.185 logged in
ERROR null pointer in module 192.168.141.220
INFO processed 192.168.121.141 items
FATAL segfault at address 0x192.168.57.185
ERROR file not found: /tmp/192.168.9.50.log
INFO connection established
ERROR connection timeout 503
INFO user 192.168.39.155 logged in
FATAL out of memory
WARN slow query: 192.168.193.243ms
FATAL unrecoverable disk error
ERROR null pointer in module 192.168.92.139
DEBUG heap size: 192.168.107.168
WARN slow query: 192.168.92.139ms
FATAL unrecoverable disk error
ERROR auth failure for user 192.168.57.185
ERROR null pointer in module 192.168.36.209
WARN disk usage 192.168.193.243%
INFO user 192.168.178.215 logged in
DEBUG heap size: 192.168.39.155
DEBUG cache hit for key=192.168.121.141
INFO user 192.168.121.141 logged in
WARN slow query: 192.168.141.220ms
DEBUG variable x=192.168.197.186
FATAL unrecoverable disk error
WARN memory threshold reached: 192.168.178.215MB
ERROR file not found: /tmp/192.168.229.48.log
ERROR null pointer in module 192.168.39.155
DEBUG cache hit for key=192.168.60.30
ERROR file not found: /tmp/192.168.39.155.log
INFO processed 192.168.92.139 items
INFO connection established
ERROR connection timeout 503
FATAL out of memory
WARN retry attempt 192.168.60.30 for 85663
FATAL segfault at address 0x192.168.219.168
ERROR connection timeout 503
FATAL out of memory
INFO processed 192.168.189.144 items
WARN memory threshold reached: 192.168.193.243MB
WARN retry attempt 192.168.141.220 for 86525
INFO processed 192.168.215.207 items
DEBUG cache hit for key=192.168.121.141
ERROR file not found: /tmp/192.168.197.186.log
WARN slow query: 192.168.107.168ms
INFO connection established
WARN memory threshold reached: 192.168.107.168MB
FATAL out of memory
WARN disk usage 192.168.57.185%
WARN retry attempt 192.168.107.168 for 49935
FATAL kernel panic
WARN slow query: 192.168.57.185ms
INFO processed 192.168.36.209 items
DEBUG variable x=192.168.211.158
FATAL kernel panic
DEBUG variable x=192.168.215.207
FATAL unrecoverable disk error
WARN memory threshold reached: 192.168.9.50MB
ERROR auth failure for user 192.168.193.243
WARN disk usage 192.168.142.104%
DEBUG cache hit for key=192.168.107.168
DEBUG heap size: 192.168.82.31
INFO request from 192.168.197.186
ERROR file not found: /tmp/192.168.36.209.log
FATAL out of memory
DEBUG entering function foo
WARN retry attempt 192.168.121.141 for 57154
ERROR auth failure for user 192.168.189.144
FATAL kernel panic
ERROR connection timeout 503
INFO request from 192.168.57.185
FATAL kernel panic
INFO user 192.168.39.155 logged in
WARN disk usage 192.168.197.186%
DEBUG heap size: 192.168.229.48
WARN disk usage 192.168.36.209%
WARN slow query: 192.168.121.141ms
WARN memory threshold reached: 192.168.141.220MB
FATAL segfault at address 0x192.168.193.243
INFO connection established
ERROR auth failure for user 192.168.197.186
WARN retry attempt 192.168.219.168 for 27008
INFO request from 192.168.197.186
DEBUG variable x=192.168.57.185
WARN retry attempt 192.168.60.30 for 20171
FATAL out of memory
INFO connection established
WARN retry attempt 192.168.39.155 for 93922
WARN memory threshold reached: 192.168.215.207MB
ERROR connection timeout 503
DEBUG cache hit for key=192.168.57.185
ERROR connection timeout 503
INFO request from 192.168.121.141
INFO request from 192.168.219.168
INFO request from 192.168.193.243
DEBUG variable x=192.168.60.30
DEBUG heap size: 192.168.193.243
WARN slow query: 192.168.211.158ms
INFO processed 192.168.60.30 items
WARN slow query: 192.168.197.186ms
DEBUG variable x=192.168.39.155
DEBUG entering function foo
FATAL out of memory
ERROR connection timeout 503
INFO user 192.168.197.186 logged in
DEBUG entering function foo
WARN slow query: 192.168.215.207ms
ERROR null pointer in module 192.168.121.141
WARN disk usage 192.168.197.186%
DEBUG cache hit for key=192.168.57.185
WARN slow query: 192.168.141.220ms
INFO request from 192.168.142.104
ERROR connection timeout 503
FATAL unrecoverable disk error
ERROR null pointer in module 192.168.178.215
INFO request from 192.168.229.48
DEBUG entering function foo
INFO user 192.168.9.50 logged in
FATAL out of memory
ERROR null pointer in module 192.168.36.209
FATAL kernel panic
INFO processed 192.168.189.144 items
ERROR null pointer in module 192.168.189.144
INFO request from 192.168.189.144
WARN retry attempt 192.168.193.243 for 85948
FATAL unrecoverable disk error
INFO user 192.168.60.30 logged in
ERROR auth failure for user 192.168.82.31
ERROR auth failure for user 192.168.92.139
WARN slow query: 192.168.92.139ms
INFO user 192.168.57.185 logged in
DEBUG heap size: 192.168.121.141
ERROR connection timeout 503
INFO connection established
ERROR null pointer in module 192.168.211.158
DEBUG variable x=192.168.211.158
INFO processed 192.168.60.30 items
INFO connection established
FATAL unrecoverable disk error
FATAL kernel panic
DEBUG heap size: 192.168.193.243
INFO user 192.168.121.141 logged in
WARN retry attempt 192.168.92.139 for 9253
INFO user 192.168.60.30 logged in
DEBUG variable x=192.168.39.155
WARN slow query: 192.168.178.215ms
FATAL segfault at address 0x192.168.82.31
WARN retry attempt 192.168.189.144 for 25739
FATAL kernel panic
DEBUG variable x=192.168.36.209
WARN retry attempt 192.168.82.31 for 25096
DEBUG variable x=192.168.229.48
DEBUG variable x=192.168.193.243
INFO request from 192.168.39.155
ERROR auth failure for user 192.168.178.6
FATAL segfault at address 0x192.168.189.144
WARN retry attempt 192.168.60.30 for 94399
FATAL kernel panic
FATAL out of memory
WARN memory threshold reached: 192.168.60.30MB
DEBUG variable x=192.168.189.144
FATAL out of memory
INFO processed 192.168.107.168 items
ERROR null pointer in module 192.168.82.31
ERROR auth failure for user 192.168.189.144
WARN retry attempt 192.168.60.30 for 70122
WARN slow query: 192.168.141.220ms
FATAL segfault at address 0x192.168.82.31
DEBUG variable x=192.168.57.185
INFO processed 192.168.121.141 items
ERROR file not found: /tmp/192.168.107.168.log
DEBUG heap size: 192.168.121.141
DEBUG cache hit for key=192.168.9.50
ERROR connection timeout 503
DEBUG cache hit for key=192.168.189.144
WARN memory threshold reached: 192.168.121.141MB
WARN memory threshold reached: 192.168.211.158MB
ERROR auth failure for user 192.168.57.185
ERROR null pointer in module 192.168.57.185
WARN disk usage 192.168.141.220%
ERROR connection timeout 503
FATAL out of memory
ERROR file not found: /tmp/192.168.107.168.log
FATAL kernel panic
INFO processed 192.168.219.168 items
ERROR connection timeout 503
INFO connection established
WARN slow query: 192.168.92.139ms
FATAL segfault at address 0x192.168.92.139
INFO processed 192.168.229.48 items
FATAL out of memory
INFO processed 192.168.121.141 items
FATAL kernel panic
ERROR auth failure for user 192.168.121.141
ERROR file not found: /tmp/192.168.211.158.log
ERROR null pointer in module 192.168.141.220
FATAL segfault at address 0x192.168.9.50
ERROR null pointer in module 192.168.229.48
INFO user 192.168.82.31 logged in
INFO user 192.168.193.243 logged in
FATAL out of memory
INFO user 192.168.60.30 logged in
DEBUG heap size: 192.168.219.168
WARN memory threshold reached: 192.168.211.158MB
INFO user 192.168.39.155 logged in
WARN memory threshold reached: 192.168.92.139MB
DEBUG cache hit for key=192.168.178.6
ERROR connection timeout 503
FATAL segfault at address 0x192.168.229.48
FATAL kernel panic
ERROR null pointer in module 192.168.215.207
DEBUG heap size: 192.168.219.168
INFO processed 192.168.193.243 items
WARN retry attempt 192.168.121.141 for 81406
INFO user 192.168.189.144 logged in
FATAL unrecoverable disk error
DEBUG variable x=192.168.197.186
INFO processed 192.168.197.186 items
INFO processed 192.168.9.50 items
WARN slow query: 192.168.211.158ms
WARN slow query: 192.168.57.185ms
DEBUG cache hit for key=192.168.178.215
FATAL segfault at address 0x192.168.121.141
WARN slow query: 192.168.60.30ms
INFO request from 192.168.197.186
FATAL segfault at address 0x192.168.107.168
WARN disk usage 192.168.178.215%
INFO connection established
WARN memory threshold reached: 192.168.60.30MB
DEBUG heap size: 192.168.178.6
FATAL out of memory
WARN memory threshold reached: 192.168.142.104MB
ERROR auth failure for user 192.168.36.209
ERROR auth failure for user 192.168.9.50
DEBUG entering function foo
WARN memory threshold reached: 192.168.215.207MB
ERROR connection timeout 503
WARN disk usage 192.168.189.144%
INFO request from 192.168.60.30
DEBUG heap size: 192.168.219.168
INFO request from 192.168.197.186
FATAL segfault at address 0x192.168.121.141
DEBUG heap size: 192.168.215.207
WARN slow query: 192.168.142.104ms
ERROR auth failure for user 192.168.107.168
WARN retry attempt 192.168.178.215 for 8805
DEBUG heap size: 192.168.178.215
INFO user 192.168.60.30 logged in
INFO connection established
DEBUG heap size: 192.168.178.215
INFO connection established
FATAL unrecoverable disk error
ERROR file not found: /tmp/192.168.141.220.log
FATAL unrecoverable disk error
DEBUG heap size: 192.168.178.215
FATAL unrecoverable disk error
ERROR auth failure for user 192.168.142.104
ERROR file not found: /tmp/192.168.60.30.log
WARN disk usage 192.168.197.186%
ERROR connection timeout 503
INFO request from 192.168.141.220
INFO connection established
INFO request from 192.168.9.50
FATAL kernel panic
FATAL segfault at address 0x192.168.107.168
INFO connection established
INFO user 192.168.178.215 logged in
WARN slow query: 192.168.193.243ms
DEBUG entering function foo
WARN slow query: 192.168.121.141ms
FATAL kernel panic
DEBUG variable x=192.168.60.30
ERROR file not found: /tmp/192.168.193.243.log
FATAL unrecoverable disk error
FATAL segfault at address 0x192.168.92.139
INFO user 192.168.60.30 logged in
INFO request from 192.168.57.185
DEBUG entering function foo
WARN retry attempt 192.168.92.139 for 97555
INFO connection established
ERROR connection timeout 503
FATAL unrecoverable disk error
DEBUG entering function foo
FATAL segfault at address 0x192.168.229.48
DEBUG entering function foo
ERROR null pointer in module 192.168.39.155
DEBUG cache hit for key=192.168.141.220
INFO connection established
DEBUG heap size: 192.168.189.144
ERROR file not found: /tmp/192.168.229.48.log
DEBUG variable x=192.168.229.48
WARN disk usage 192.168.9.50%
FATAL kernel panic
DEBUG entering function foo
INFO connection established
WARN slow query: 192.168.9.50ms
INFO user 192.168.219.168 logged in
DEBUG entering function foo
ERROR null pointer in module 192.168.229.48
ERROR auth failure for user 192.168.189.144
DEBUG entering function foo
ERROR connection timeout 503
WARN memory threshold reached: 192.168.178.215MB
FATAL segfault at address 0x192.168.36.209
WARN slow query: 192.168.82.31ms
WARN slow query: 192.168.39.155ms
INFO user 192.168.193.243 logged in
INFO user 192.168.229.48 logged in
DEBUG variable x=192.168.211.158
DEBUG heap size: 192.168.92.139
DEBUG heap size: 192.168.82.31
FATAL unrecoverable disk error
ERROR null pointer in module 192.168.229.48
DEBUG entering function foo
INFO connection established
FATAL unrecoverable disk error
INFO user 192.168.36.209 logged in
DEBUG heap size: 192.168.39.155
FATAL segfault at address 0x192.168.9.50
INFO connection established
FATAL kernel panic
WARN memory threshold reached: 192.168.215.207MB
DEBUG cache hit for key=192.168.193.243
FATAL unrecoverable disk error
INFO processed 192.168.178.215 items
FATAL unrecoverable disk error
ERROR connection timeout 503
DEBUG entering function foo
ERROR null pointer in module 192.168.219.168
ERROR auth failure for user 192.168.142.104
DEBUG variable x=192.168.36.209
FATAL segfault at address 0x192.168.178.6
INFO processed 192.168.178.6 items
DEBUG cache hit for key=192.168.229.48
ERROR file not found: /tmp/192.168.141.220.log
DEBUG variable x=192.168.178.6
WARN retry attempt 192.168.9.50 for 97635
ERROR file not found: /tmp/192.168.211.158.log
INFO connection established
FATAL unrecoverable disk error
WARN disk usage 192.168.189.144%
ERROR null pointer in module 192.168.215.207
WARN retry attempt 192.168.121.141 for 62939
FATAL unrecoverable disk error
INFO user 192.168.178.6 logged in
ERROR file not found: /tmp/192.168.39.155.log
DEBUG variable x=192.168.57.185
WARN slow query: 192.168.142.104ms
DEBUG variable x=192.168.36.209
FATAL kernel panic
FATAL unrecoverable disk error
INFO request from 192.168.9.50
FATAL kernel panic
ERROR file not found: /tmp/192.168.142.104.log
ERROR connection timeout 503
DEBUG heap size: 192.168.197.186
FATAL segfault at address 0x192.168.193.243
ERROR null pointer in module 192.168.189.144
DEBUG variable x=192.168.211.158
INFO connection established
INFO user 192.168.82.31 logged in
ERROR connection timeout 503
DEBUG variable x=192.168.189.144
WARN retry attempt 192.168.141.220 for 59010
INFO processed 192.168.189.144 items
DEBUG variable x=192.168.178.6
ERROR auth failure for user 192.168.36.209
INFO connection established
ERROR connection timeout 503
WARN disk usage 192.168.211.158%
FATAL out of memory
DEBUG variable x=192.168.189.144
FATAL unrecoverable disk error
FATAL out of memory
DEBUG cache hit for key=192.168.60.30
WARN retry attempt 192.168.142.104 for 98838
DEBUG cache hit for key=192.168.60.30
DEBUG cache hit for key=192.168.82.31
FATAL unrecoverable disk error
INFO processed 192.168.107.168 items
WARN slow query: 192.168.39.155ms
WARN retry attempt 192.168.39.155 for 98306
DEBUG variable x=192.168.141.220
FATAL segfault at address 0x192.168.193.243
WARN disk usage 192.168.193.243%
INFO request from 192.168.60.30
WARN retry attempt 192.168.197.186 for 92217
DEBUG cache hit for key=192.168.211.158
ERROR file not found: /tmp/192.168.39.155.log
DEBUG cache hit for key=192.168.121.141
DEBUG entering function foo
WARN slow query: 192.168.193.243ms
WARN retry attempt 192.168.9.50 for 77322
DEBUG variable x=192.168.178.215
INFO request from 192.168.121.141
ERROR connection timeout 503
ERROR connection timeout 503
ERROR connection timeout 503
INFO request from 192.168.193.243
DEBUG entering function foo
WARN disk usage 192.168.142.104%
ERROR file not found: /tmp/192.168.219.168.log
ERROR auth failure for user 192.168.57.185
WARN retry attempt 192.168.178.215 for 54909
WARN memory threshold reached: 192.168.60.30MB
WARN disk usage 192.168.229.48%
FATAL unrecoverable disk error
INFO request from 192.168.219.168
ERROR auth failure for user 192.168.107.168
WARN disk usage 192.168.9.50%
INFO request from 192.168.215.207
DEBUG heap size: 192.168.9.50
INFO request from 192.168.229.48
INFO processed 192.168.39.155 items
ERROR auth failure for user 192.168.178.6
DEBUG entering function foo
INFO processed 192.168.197.186 items
WARN memory threshold reached: 192.168.141.220MB
DEBUG variable x=192.168.193.243
INFO request from 192.168.39.155
FATAL segfault at address 0x192.168.178.215
WARN slow query: 192.168.197.186ms
ERROR null pointer in module 192.168.178.215
ERROR null pointer in module 192.168.39.155
DEBUG cache hit for key=192.168.107.168
WARN retry attempt 192.168.229.48 for 5279
WARN slow query: 192.168.141.220ms
DEBUG cache hit for key=192.168.141.220
INFO processed 192.168.178.215 items
INFO request from 192.168.92.139
DEBUG heap size: 192.168.39.155
INFO processed 192.168.178.215 items
FATAL unrecoverable disk error
DEBUG heap size: 192.168.211.158
ERROR auth failure for user 192.168.141.220
INFO request from 192.168.229.48
FATAL segfault at address 0x192.168.82.31
FATAL unrecoverable disk error
ERROR auth failure for user 192.168.178.6
INFO connection established
ERROR null pointer in module 192.168.9.50
ERROR file not found: /tmp/192.168.82.31.log
ERROR auth failure for user 192.168.121.141
INFO connection established
INFO processed 192.168.107.168 items
FATAL kernel panic
INFO connection established
ERROR file not found: /tmp/192.168.36.209.log
ERROR null pointer in module 192.168.178.215
FATAL unrecoverable disk error
DEBUG heap size: 192.168.211.158
ERROR connection timeout 503
INFO processed 192.168.107.168 items
INFO processed 192.168.189.144 items
WARN retry attempt 192.168.121.141 for 27136
ERROR auth failure for user 192.168.82.31
ERROR connection timeout 503
ERROR connection timeout 503
ERROR file not found: /tmp/192.168.36.209.log
WARN slow query: 192.168.178.6ms
ERROR file not found: /tmp/192.168.197.186.log
ERROR connection timeout 503
INFO user 192.168.178.6 logged in
WARN retry attempt 192.168.39.155 for 20567
DEBUG entering function foo
FATAL unrecoverable disk error
WARN retry attempt 192.168.82.31 for 39692
DEBUG entering function foo
WARN disk usage 192.168.215.207%
INFO connection established
ERROR null pointer in module 192.168.189.144
DEBUG heap size: 192.168.142.104
DEBUG cache hit for key=192.168.92.139
INFO request from 192.168.82.31
FATAL unrecoverable disk error
FATAL out of memory
INFO processed 192.168.9.50 items
DEBUG cache hit for key=192.168.9.50
INFO user 192.168.193.243 logged in
WARN slow query: 192.168.39.155ms
ERROR auth failure for user 192.168.82.31
WARN retry attempt 192.168.193.243 for 22589
FATAL out of memory
WARN memory threshold reached: 192.168.211.158MB
DEBUG entering function foo
DEBUG variable x=192.168.121.141
DEBUG entering function foo
INFO connection established
INFO user 192.168.197.186 logged in
WARN retry attempt 192.168.36.209 for 51280
ERROR auth failure for user 192.168.178.215
ERROR connection timeout 503
WARN retry attempt 192.168.229.48 for 12695
FATAL unrecoverable disk error
DEBUG heap size: 192.168.57.185
INFO processed 192.168.215.207 items
WARN disk usage 192.168.9.50%
WARN memory threshold reached: 192.168.197.186MB
DEBUG variable x=192.168.211.158
INFO connection established
WARN disk usage 192.168.60.30%
ERROR connection timeout 503
WARN disk usage 192.168.215.207%
ERROR null pointer in module 192.168.211.158
DEBUG heap size: 192.168.36.209
FATAL out of memory
INFO processed 192.168.60.30 items
DEBUG variable x=192.168.142.104
ERROR null pointer in module 192.168.197.186
ERROR connection timeout 503
WARN memory threshold reached: 192.168.229.48MB
FATAL kernel panic
DEBUG cache hit for key=192.168.219.168
INFO connection established
INFO request from 192.168.219.168
ERROR auth failure for user 192.168.121.141
DEBUG entering function foo
DEBUG variable x=192.168.9.50
DEBUG variable x=192.168.9.50
INFO connection established
DEBUG heap size: 192.168.9.50
WARN retry attempt 192.168.189.144 for 30981
ERROR file not found: /tmp/192.168.215.207.log
FATAL unrecoverable disk error
WARN slow query: 192.168.178.215ms
WARN slow query: 192.168.178.215ms
ERROR auth failure for user 192.168.92.139
DEBUG entering function foo
DEBUG cache hit for key=192.168.189.144
WARN memory threshold reached: 192.168.121.141MB
DEBUG cache hit for key=192.168.82.31
FATAL unrecoverable disk error
FATAL kernel panic
ERROR auth failure for user 192.168.197.186
DEBUG cache hit for key=192.168.60.30
INFO request from 192.168.219.168
WARN slow query: 192.168.178.215ms
ERROR null pointer in module 192.168.36.209
INFO connection established
FATAL out of memory
DEBUG variable x=192.168.197.186
INFO request from 192.168.142.104
WARN slow query: 192.168.142.104ms
DEBUG cache hit for key=192.168.39.155
DEBUG heap size: 192.168.178.6
ERROR auth failure for user 192.168.82.31
INFO user 192.168.193.243 logged in
FATAL unrecoverable disk error
WARN slow query: 192.168.82.31ms
WARN disk usage 192.168.219.168%
FATAL out of memory
FATAL out of memory
WARN retry attempt 192.168.178.215 for 46318
ERROR null pointer in module 192.168.229.48
FATAL kernel panic
ERROR file not found: /tmp/192.168.82.31.log
ERROR connection timeout 503
ERROR file not found: /tmp/192.168.107.168.log
ERROR null pointer in module 192.168.193.243
ERROR file not found: /tmp/192.168.193.243.log
INFO connection established
FATAL unrecoverable disk error
WARN retry attempt 192.168.57.185 for 68196
INFO user 192.168.142.104 logged in
ERROR null pointer in module 192.168.189.144
DEBUG cache hit for key=192.168.142.104
ERROR file not found: /tmp/192.168.142.104.log
DEBUG entering function foo
WARN retry attempt 192.168.193.243 for 17085
DEBUG entering function foo
FATAL out of memory
DEBUG cache hit for key=192.168.39.155
INFO connection established
ERROR file not found: /tmp/192.168.189.144.log
ERROR file not found: /tmp/192.168.219.168.log
ERROR connection timeout 503
FATAL unrecoverable disk error
INFO processed 192.168.219.168 items
ERROR auth failure for user 192.168.82.31
FATAL segfault at address 0x192.168.215.207
FATAL out of memory
INFO request from 192.168.193.243
ERROR null pointer in module 192.168.215.207
WARN slow query: 192.168.178.6ms
ERROR connection timeout 503
DEBUG heap size: 192.168.215.207
INFO request from 192.168.141.220
INFO processed 192.168.36.209 items
WARN memory threshold reached: 192.168.229.48MB
FATAL kernel panic
ERROR auth failure for user 192.168.229.48
WARN disk usage 192.168.57.185%
WARN memory threshold reached: 192.168.219.168MB
WARN memory threshold reached: 192.168.60.30MB
FATAL unrecoverable disk error
WARN memory threshold reached: 192.168.141.220MB
DEBUG variable x=192.168.142.104
WARN disk usage 192.168.9.50%
WARN retry attempt 192.168.9.50 for 92846
WARN retry attempt 192.168.39.155 for 22289
DEBUG entering function foo
WARN disk usage 192.168.215.207%
ERROR file not found: /tmp/192.168.215.207.log
DEBUG cache hit for key=192.168.141.220
WARN memory threshold reached: 192.168.189.144MB
DEBUG variable x=192.168.121.141
ERROR file not found: /tmp/192.168.229.48.log
WARN disk usage 192.168.82.31%
DEBUG cache hit for key=192.168.39.155
WARN disk usage 192.168.60.30%
FATAL kernel panic
INFO request from 192.168.82.31
ERROR null pointer in module 192.168.36.209
INFO connection established
DEBUG entering function foo
WARN slow query: 192.168.121.141ms
ERROR auth failure for user 192.168.92.139
INFO connection established
INFO request from 192.168.197.186
DEBUG entering function foo
ERROR file not found: /tmp/192.168.197.186.log
WARN disk usage 192.168.92.139%
INFO user 192.168.219.168 logged in
FATAL segfault at address 0x192.168.36.209
WARN disk usage 192.168.39.155%
ERROR null pointer in module 192.168.215.207
INFO connection established
WARN retry attempt 192.168.82.31 for 77732
INFO connection established
WARN slow query: 192.168.92.139ms
FATAL kernel panic
DEBUG cache hit for key=192.168.193.243
DEBUG entering function foo
FATAL segfault at address 0x192.168.9.50
WARN slow query: 192.168.36.209ms
FATAL unrecoverable disk error
WARN retry attempt 192.168.178.215 for 38837
ERROR file not found: /tmp/192.168.36.209.log
WARN slow query: 192.168.219.168ms
FATAL kernel panic
DEBUG variable x=192.168.229.48
WARN memory threshold reached: 192.168.178.215MB
DEBUG variable x=192.168.178.6
DEBUG heap size: 192.168.178.6
FATAL out of memory
FATAL out of memory
FATAL out of memory
DEBUG cache hit for key=192.168.142.104
WARN retry attempt 192.168.121.141 for 80829
INFO processed 192.168.193.243 items
WARN disk usage 192.168.142.104%
DEBUG cache hit for key=192.168.60.30
ERROR null pointer in module 192.168.60.30
FATAL segfault at address 0x192.168.60.30
DEBUG variable x=192.168.82.31
ERROR auth failure for user 192.168.9.50
ERROR file not found: /tmp/192.168.211.158.log
INFO user 192.168.197.186 logged in
ERROR file not found: /tmp/192.168.189.144.log
FATAL segfault at address 0x192.168.121.141
DEBUG heap size: 192.168.39.155
INFO user 192.168.92.139 logged in
WARN slow query: 192.168.215.207ms
FATAL out of memory
ERROR file not found: /tmp/192.168.82.31.log
ERROR connection timeout 503
DEBUG heap size: 192.168.82.31
FATAL unrecoverable disk error
FATAL unrecoverable disk error
WARN memory threshold reached: 192.168.60.30MB
WARN memory threshold reached: 192.168.219.168MB
ERROR connection timeout 503
ERROR connection timeout 503
FATAL unrecoverable disk error
DEBUG cache hit for key=192.168.60.30
ERROR connection timeout 503
FATAL kernel panic
DEBUG cache hit for key=192.168.57.185
INFO user 192.168.36.209 logged in
DEBUG cache hit for key=192.168.142.104
INFO connection established
WARN slow query: 192.168.211.158ms
INFO user 192.168.60.30 logged in
DEBUG variable x=192.168.57.185
FATAL kernel panic
WARN slow query: 192.168.219.168ms
ERROR file not found: /tmp/192.168.36.209.log
FATAL segfault at address 0x192.168.36.209
WARN slow query: 192.168.141.220ms
ERROR null pointer in module 192.168.57.185
ERROR file not found: /tmp/192.168.107.168.log
DEBUG cache hit for key=192.168.141.220
WARN retry attempt 192.168.36.209 for 92754
FATAL segfault at address 0x192.168.211.158
WARN disk usage 192.168.92.139%
DEBUG cache hit for key=192.168.189.144
ERROR null pointer in module 192.168.197.186
WARN slow query: 192.168.121.141ms
INFO request from 192.168.82.31
FATAL kernel panic
INFO request from 192.168.9.50
ERROR file not found: /tmp/192.168.57.185.log
ERROR auth failure for user 192.168.92.139
DEBUG variable x=192.168.36.209
DEBUG variable x=192.168.197.186
DEBUG entering function foo
DEBUG heap size: 192.168.39.155
DEBUG heap size: 192.168.178.215
ERROR auth failure for user 192.168.215.207
WARN memory threshold reached: 192.168.178.6MB
ERROR file not found: /tmp/192.168.36.209.log
WARN memory threshold reached: 192.168.178.6MB
ERROR connection timeout 503
FATAL segfault at address 0x192.168.121.141
INFO connection established
INFO user 192.168.178.215 logged in
FATAL unrecoverable disk error
ERROR connection timeout 503
INFO processed 192.168.193.243 items
FATAL segfault at address 0x192.168.107.168
FATAL unrecoverable disk error
DEBUG cache hit for key=192.168.9.50
INFO user 192.168.178.6 logged in
ERROR auth failure for user 192.168.36.209
ERROR null pointer in module 192.168.60.30
DEBUG entering function foo
DEBUG variable x=192.168.197.186
FATAL segfault at address 0x192.168.178.215
DEBUG cache hit for key=192.168.219.168
INFO processed 192.168.36.209 items
WARN disk usage 192.168.178.215%
ERROR auth failure for user 192.168.57.185
ERROR null pointer in module 192.168.178.6
ERROR auth failure for user 192.168.141.220
INFO user 192.168.92.139 logged in
DEBUG variable x=192.168.107.168
WARN retry attempt 192.168.39.155 for 95775
FATAL segfault at address 0x192.168.39.155
WARN retry attempt 192.168.82.31 for 81318
DEBUG heap size: 192.168.215.207
WARN disk usage 192.168.189.144%
DEBUG cache hit for key=192.168.141.220
WARN slow query: 192.168.197.186ms
WARN memory threshold reached: 192.168.219.168MB
FATAL segfault at address 0x192.168.193.243
INFO request from 192.168.219.168
INFO request from 192.168.211.158
ERROR file not found: /tmp/192.168.193.243.log
DEBUG entering function foo
FATAL out of memory
FATAL segfault at address 0x192.168.215.207
ERROR connection timeout 503
DEBUG cache hit for key=192.168.229.48
FATAL out of memory
FATAL segfault at address 0x192.168.197.186
DEBUG entering function foo
INFO request from 192.168.219.168
WARN retry attempt 192.168.39.155 for 86657
ERROR file not found: /tmp/192.168.82.31.log
FATAL out of memory
INFO processed 192.168.92.139 items
WARN disk usage 192.168.142.104%
DEBUG heap size: 192.168.57.185
ERROR file not found: /tmp/192.168.36.209.log
INFO connection established
FATAL out of memory
WARN disk usage 192.168.107.168%
ERROR auth failure for user 192.168.229.48
INFO request from 192.168.57.185
INFO user 192.168.229.48 logged in
WARN memory threshold reached: 192.168.197.186MB
FATAL out of memory
INFO processed 192.168.189.144 items
INFO request from 192.168.141.220
DEBUG heap size: 192.168.60.30
WARN memory threshold reached: 192.168.9.50MB
INFO processed 192.168.36.209 items
ERROR connection timeout 503
INFO processed 192.168.141.220 items
FATAL segfault at address 0x192.168.211.158
DEBUG entering function foo
WARN slow query: 192.168.178.6ms
INFO processed 192.168.229.48 items
FATAL kernel panic
DEBUG variable x=192.168.197.186
DEBUG entering function foo
ERROR auth failure for user 192.168.121.141
ERROR null pointer in module 192.168.82.31
WARN memory threshold reached: 192.168.82.31MB
ERROR file not found: /tmp/192.168.197.186.log
ERROR null pointer in module 192.168.9.50
INFO user 192.168.92.139 logged in
WARN retry attempt 192.168.141.220 for 90252
FATAL kernel panic
DEBUG cache hit for key=192.168.189.144
ERROR null pointer in module 192.168.39.155
WARN slow query: 192.168.36.209ms
INFO processed 192.168.215.207 items
WARN retry attempt 192.168.197.186 for 9945
ERROR file not found: /tmp/192.168.219.168.log
FATAL kernel panic
FATAL out of memory
ERROR null pointer in module 192.168.60.30
FATAL kernel panic
DEBUG heap size: 192.168.215.207
ERROR auth failure for user 192.168.57.185
WARN slow query: 192.168.39.155ms
FATAL unrecoverable disk error
ERROR file not found: /tmp/192.168.178.215.log
ERROR file not found: /tmp/192.168.178.215.log
DEBUG entering function foo
DEBUG cache hit for key=192.168.82.31
FATAL segfault at address 0x192.168.107.168
FATAL unrecoverable disk error
ERROR auth failure for user 192.168.9.50
ERROR file not found: /tmp/192.168.211.158.log
FATAL out of memory
DEBUG cache hit for key=192.168.215.207
DEBUG variable x=192.168.9.50
FATAL out of memory
FATAL segfault at address 0x192.168.142.104
DEBUG cache hit for key=192.168.141.220
DEBUG entering function foo
WARN retry attempt 192.168.9.50 for 15762
ERROR connection timeout 503
FATAL out of memory
FATAL kernel panic
WARN slow query: 192.168.178.215ms
WARN memory threshold reached: 192.168.57.185MB
INFO processed 192.168.193.243 items
WARN retry attempt 192.168.211.158 for 8478
FATAL unrecoverable disk error
FATAL kernel panic
DEBUG entering function foo
DEBUG variable x=192.168.57.185
INFO connection established
WARN retry attempt 192.168.189.144 for 79775
WARN retry attempt 192.168.215.207 for 54714
ERROR connection timeout 503
ERROR connection timeout 503
FATAL segfault at address 0x192.168.141.220
ERROR connection timeout 503
ERROR auth failure for user 192.168.92.139
DEBUG entering function foo
FATAL kernel panic
ERROR connection timeout 503
DEBUG cache hit for key=192.168.215.207
DEBUG heap size: 192.168.141.220
INFO processed 192.168.219.168 items
DEBUG cache hit for key=192.168.141.220
DEBUG cache hit for key=192.168.36.209
INFO connection established
WARN disk usage 192.168.211.158%
INFO user 192.168.178.6 logged in
ERROR file not found: /tmp/192.168.57.185.log
ERROR null pointer in module 192.168.60.30
DEBUG entering function foo
WARN retry attempt 192.168.57.185 for 35912
ERROR null pointer in module 192.168.142.104
INFO processed 192.168.121.141 items
ERROR auth failure for user 192.168.189.144
DEBUG heap size: 192.168.211.158
INFO processed 192.168.178.6 items
INFO connection established
WARN retry attempt 192.168.36.209 for 1770
ERROR auth failure for user 192.168.215.207
WARN memory threshold reached: 192.168.141.220MB
INFO request from 192.168.215.207
FATAL kernel panic
WARN retry attempt 192.168.229.48 for 77944
FATAL out of memory
INFO processed 192.168.229.48 items
INFO processed 192.168.142.104 items
WARN disk usage 192.168.215.207%
WARN slow query: 192.168.57.185ms
INFO connection established
WARN disk usage 192.168.215.207%
FATAL segfault at address 0x192.168.92.139
INFO user 192.168.229.48 logged in
ERROR auth failure for user 192.168.189.144
WARN retry attempt 192.168.39.155 for 86202
DEBUG cache hit for key=192.168.193.243
INFO request from 192.168.197.186
ERROR auth failure for user 192.168.219.168
INFO processed 192.168.219.168 items
WARN memory threshold reached: 192.168.178.215MB
WARN memory threshold reached: 192.168.193.243MB
INFO connection established
FATAL kernel panic
INFO processed 192.168.36.209 items
FATAL segfault at address 0x192.168.193.243
ERROR auth failure for user 192.168.189.144
ERROR connection timeout 503
FATAL unrecoverable disk error
DEBUG entering function foo
INFO connection established
DEBUG entering function foo
FATAL unrecoverable disk error
FATAL out of memory
DEBUG heap size: 192.168.141.220
INFO request from 192.168.189.144
ERROR file not found: /tmp/192.168.193.243.log
ERROR auth failure for user 192.168.60.30
FATAL segfault at address 0x192.168.39.155
INFO user 192.168.219.168 logged in
WARN slow query: 192.168.39.155ms
ERROR connection timeout 503
DEBUG variable x=192.168.142.104
WARN retry attempt 192.168.141.220 for 80291
ERROR file not found: /tmp/192.168.193.243.log
FATAL segfault at address 0x192.168.141.220
WARN memory threshold reached: 192.168.211.158MB
ERROR null pointer in module 192.168.39.155
DEBUG entering function foo
WARN retry attempt 192.168.229.48 for 12454
ERROR file not found: /tmp/192.168.121.141.log
INFO processed 192.168.57.185 items
FATAL out of memory
ERROR auth failure for user 192.168.189.144
ERROR file not found: /tmp/192.168.60.30.log
INFO connection established
DEBUG variable x=192.168.39.155
FATAL out of memory
INFO user 192.168.229.48 logged in
ERROR auth failure for user 192.168.36.209
WARN disk usage 192.168.39.155%
INFO connection established
ERROR auth failure for user 192.168.178.6
DEBUG variable x=192.168.189.144
DEBUG entering function foo
FATAL segfault at address 0x192.168.82.31
FATAL out of memory
FATAL kernel panic
FATAL segfault at address 0x192.168.193.243
FATAL kernel panic
FATAL out of memory
ERROR file not found: /tmp/192.168.219.168.log
WARN slow query: 192.168.229.48ms
FATAL kernel panic
INFO user 192.168.178.215 logged in
DEBUG entering function foo
INFO request from 192.168.142.104
DEBUG heap size: 192.168.60.30
WARN memory threshold reached: 192.168.178.215MB
INFO processed 192.168.193.243 items
ERROR connection timeout 503
INFO user 192.168.121.141 logged in
FATAL segfault at address 0x192.168.92.139
DEBUG variable x=192.168.92.139
WARN disk usage 192.168.142.104%
FATAL unrecoverable disk error
FATAL kernel panic
ERROR file not found: /tmp/192.168.215.207.log
ERROR auth failure for user 192.168.193.243
INFO user 192.168.219.168 logged in
ERROR auth failure for user 192.168.215.207
FATAL kernel panic
ERROR connection timeout 503
ERROR auth failure for user 192.168.82.31
DEBUG heap size: 192.168.82.31
FATAL unrecoverable disk error
INFO request from 192.168.193.243
INFO processed 192.168.215.207 items
DEBUG cache hit for key=192.168.82.31
DEBUG cache hit for key=192.168.107.168
ERROR file not found: /tmp/192.168.219.168.log
INFO processed 192.168.178.6 items
WARN disk usage 192.168.82.31%
DEBUG entering function foo
FATAL kernel panic
DEBUG entering function foo
FATAL kernel panic
WARN memory threshold reached: 192.168.82.31MB
INFO request from 192.168.197.186
ERROR file not found: /tmp/192.168.229.48.log
DEBUG heap size: 192.168.178.6
ERROR file not found: /tmp/192.168.82.31.log
INFO processed 192.168.197.186 items
FATAL kernel panic
INFO request from 192.168.229.48
FATAL kernel panic
FATAL segfault at address 0x192.168.36.209
INFO processed 192.168.60.30 items
INFO connection established
ERROR auth failure for user 192.168.229.48
DEBUG variable x=192.168.211.158
ERROR auth failure for user 192.168.60.30
INFO connection established
FATAL unrecoverable disk error
ERROR connection timeout 503
INFO user 192.168.9.50 logged in
DEBUG variable x=192.168.189.144
FATAL kernel panic
ERROR null pointer in module 192.168.9.50
FATAL segfault at address 0x192.168.92.139
ERROR file not found: /tmp/192.168.189.144.log
WARN retry attempt 192.168.219.168 for 55059
WARN retry attempt 192.168.121.141 for 25463
WARN disk usage 192.168.9.50%
ERROR file not found: /tmp/192.168.141.220.log
WARN slow query: 192.168.57.185ms
DEBUG variable x=192.168.57.185
INFO processed 192.168.215.207 items
WARN retry attempt 192.168.215.207 for 83570
FATAL kernel panic
DEBUG variable x=192.168.107.168
FATAL segfault at address 0x192.168.141.220
DEBUG entering function foo
WARN memory threshold reached: 192.168.193.243MB
INFO connection established
DEBUG variable x=192.168.142.104
INFO user 192.168.92.139 logged in
DEBUG variable x=192.168.9.50
FATAL segfault at address 0x192.168.60.30
INFO connection established
INFO connection established
FATAL segfault at address 0x192.168.189.144
ERROR auth failure for user 192.168.92.139
ERROR file not found: /tmp/192.168.219.168.log
INFO connection established
DEBUG variable x=192.168.57.185
INFO processed 192.168.189.144 items
DEBUG cache hit for key=192.168.9.50
WARN disk usage 192.168.211.158%
INFO user 192.168.189.144 logged in
FATAL kernel panic
DEBUG cache hit for key=192.168.197.186
DEBUG heap size: 192.168.215.207
ERROR connection timeout 503
ERROR auth failure for user 192.168.57.185
DEBUG heap size: 192.168.189.144
FATAL segfault at address 0x192.168.178.6
FATAL unrecoverable disk error
INFO connection established
WARN memory threshold reached: 192.168.211.158MB
ERROR connection timeout 503
ERROR auth failure for user 192.168.178.215
FATAL kernel panic
ERROR connection timeout 503
DEBUG variable x=192.168.142.104
DEBUG cache hit for key=192.168.211.158
DEBUG variable x=192.168.36.209
WARN slow query: 192.168.82.31ms
INFO request from 192.168.178.6
FATAL segfault at address 0x192.168.9.50
FATAL segfault at address 0x192.168.193.243
INFO request from 192.168.142.104
INFO connection established
INFO user 192.168.193.243 logged in
WARN retry attempt 192.168.60.30 for 70030
WARN retry attempt 192.168.82.31 for 16319
WARN retry attempt 192.168.141.220 for 11693
INFO request from 192.168.178.215
INFO user 192.168.178.215 logged in
DEBUG entering function foo
FATAL segfault at address 0x192.168.107.168
ERROR file not found: /tmp/192.168.57.185.log
WARN memory threshold reached: 192.168.229.48MB
ERROR auth failure for user 192.168.9.50
DEBUG variable x=192.168.141.220
FATAL kernel panic
FATAL unrecoverable disk error
WARN disk usage 192.168.211.158%
DEBUG cache hit for key=192.168.178.215
ERROR connection timeout 503
FATAL unrecoverable disk error
ERROR file not found: /tmp/192.168.82.31.log
ERROR null pointer in module 192.168.229.48
ERROR file not found: /tmp/192.168.197.186.log
ERROR null pointer in module 192.168.197.186
WARN slow query: 192.168.178.6ms
DEBUG variable x=192.168.141.220
DEBUG variable x=192.168.189.144
FATAL kernel panic
FATAL segfault at address 0x192.168.211.158
WARN slow query: 192.168.92.139ms
WARN memory threshold reached: 192.168.142.104MB
INFO user 192.168.215.207 logged in
DEBUG entering function foo
DEBUG cache hit for key=192.168.121.141
DEBUG entering function foo
INFO request from 192.168.178.6
DEBUG variable x=192.168.107.168
DEBUG heap size: 192.168.36.209
ERROR file not found: /tmp/192.168.193.243.log
WARN disk usage 192.168.193.243%
DEBUG entering function foo
ERROR file not found: /tmp/192.168.219.168.log
DEBUG heap size: 192.168.39.155
DEBUG cache hit for key=192.168.107.168
DEBUG heap size: 192.168.39.155
WARN disk usage 192.168.60.30%
FATAL out of memory
INFO user 192.168.219.168 logged in
WARN retry attempt 192.168.211.158 for 94223
FATAL kernel panic
DEBUG entering function foo
WARN slow query: 192.168.36.209ms
DEBUG variable x=192.168.60.30
FATAL segfault at address 0x192.168.178.215
WARN slow query: 192.168.141.220ms
DEBUG heap size: 192.168.142.104
INFO processed 192.168.142.104 items
FATAL kernel panic
ERROR null pointer in module 192.168.60.30
WARN retry attempt 192.168.92.139 for 15762
DEBUG cache hit for key=192.168.60.30
WARN memory threshold reached: 192.168.121.141MB
INFO request from 192.168.60.30
WARN slow query: 192.168.197.186ms
DEBUG heap size: 192.168.107.168
WARN retry attempt 192.168.197.186 for 35035
WARN retry attempt 192.168.197.186 for 79502
INFO request from 192.168.82.31
DEBUG heap size: 192.168.229.48
FATAL unrecoverable disk error
INFO connection established
INFO user 192.168.141.220 logged in
DEBUG heap size: 192.168.60.30
ERROR file not found: /tmp/192.168.142.104.log
WARN retry attempt 192.168.82.31 for 89531
DEBUG variable x=192.168.197.186
FATAL out of memory
ERROR auth failure for user 192.168.82.31
DEBUG entering function foo
WARN disk usage 192.168.82.31%
FATAL unrecoverable disk error
ERROR auth failure for user 192.168.211.158
ERROR null pointer in module 192.168.57.185
FATAL segfault at address 0x192.168.193.243
FATAL kernel panic
FATAL out of memory
FATAL segfault at address 0x192.168.82.31
ERROR connection timeout 503
INFO request from 192.168.60.30
DEBUG variable x=192.168.39.155
DEBUG cache hit for key=192.168.229.48
WARN retry attempt 192.168.39.155 for 65282
ERROR auth failure for user 192.168.141.220
WARN disk usage 192.168.9.50%
DEBUG heap size: 192.168.229.48
INFO processed 192.168.60.30 items
DEBUG variable x=192.168.141.220
ERROR file not found: /tmp/192.168.82.31.log
INFO processed 192.168.60.30 items
WARN slow query: 192.168.142.104ms
ERROR auth failure for user 192.168.60.30
FATAL segfault at address 0x192.168.197.186
INFO user 192.168.178.6 logged in
WARN slow query: 192.168.189.144ms
WARN slow query: 192.168.82.31ms
FATAL kernel panic
DEBUG heap size: 192.168.229.48
WARN memory threshold reached: 192.168.215.207MB
ERROR file not found: /tmp/192.168.107.168.log
DEBUG heap size: 192.168.219.168
ERROR null pointer in module 192.168.215.207
DEBUG cache hit for key=192.168.178.6
INFO request from 192.168.107.168
WARN memory threshold reached: 192.168.57.185MB
WARN disk usage 192.168.178.6%
WARN slow query: 192.168.193.243ms
DEBUG cache hit for key=192.168.107.168
FATAL out of memory
FATAL segfault at address 0x192.168.57.185
ERROR connection timeout 503
DEBUG heap size: 192.168.141.220
FATAL out of memory
ERROR connection timeout 503
WARN slow query: 192.168.229.48ms
FATAL kernel panic
INFO request from 192.168.9.50
FATAL unrecoverable disk error
FATAL unrecoverable disk error
INFO request from 192.168.215.207
INFO user 192.168.197.186 logged in
WARN memory threshold reached: 192.168.178.215MB
FATAL segfault at address 0x192.168.107.168
FATAL segfault at address 0x192.168.57.185
DEBUG variable x=192.168.197.186
WARN slow query: 192.168.60.30ms
INFO processed 192.168.107.168 items
WARN disk usage 192.168.229.48%
DEBUG entering function foo
INFO processed 192.168.189.144 items
INFO processed 192.168.82.31 items
WARN memory threshold reached: 192.168.211.158MB
FATAL kernel panic
FATAL segfault at address 0x192.168.215.207
DEBUG heap size: 192.168.142.104
FATAL out of memory
INFO processed 192.168.9.50 items
ERROR null pointer in module 192.168.193.243
DEBUG cache hit for key=192.168.178.6
ERROR null pointer in module 192.168.107.168
DEBUG variable x=192.168.197.186
ERROR file not found: /tmp/192.168.215.207.log
INFO processed 192.168.189.144 items
WARN retry attempt 192.168.189.144 for 33302
WARN retry attempt 192.168.107.168 for 42918
FATAL out of memory
DEBUG cache hit for key=192.168.107.168
WARN retry attempt 192.168.178.215 for 14042
INFO processed 192.168.211.158 items
WARN memory threshold reached: 192.168.57.185MB
DEBUG cache hit for key=192.168.92.139
FATAL out of memory
DEBUG heap size: 192.168.211.158
ERROR file not found: /tmp/192.168.229.48.log
ERROR auth failure for user 192.168.178.215
DEBUG variable x=192.168.121.141
FATAL out of memory
FATAL kernel panic
DEBUG entering function foo
DEBUG variable x=192.168.178.6
DEBUG entering function foo
DEBUG entering function foo
DEBUG heap size: 192.168.178.215
DEBUG cache hit for key=192.168.215.207
ERROR null pointer in module 192.168.36.209
WARN slow query: 192.168.178.215ms
WARN memory threshold reached: 192.168.60.30MB
DEBUG entering function foo
WARN slow query: 192.168.189.144ms
INFO request from 192.168.92.139
FATAL out of memory
INFO request from 192.168.39.155
INFO request from 192.168.189.144
DEBUG heap size: 192.168.9.50
ERROR auth failure for user 192.168.36.209
FATAL segfault at address 0x192.168.178.215
ERROR connection timeout 503
WARN memory threshold reached: 192.168.178.6MB
WARN retry attempt 192.168.142.104 for 32226
WARN slow query: 192.168.211.158ms
DEBUG variable x=192.168.36.209
ERROR auth failure for user 192.168.193.243
DEBUG variable x=192.168.57.185
WARN retry attempt 192.168.57.185 for 26349
ERROR connection timeout 503
WARN retry attempt 192.168.189.144 for 32830
DEBUG variable x=192.168.36.209
FATAL segfault at address 0x192.168.142.104
ERROR file not found: /tmp/192.168.36.209.log
INFO processed 192.168.36.209 items
FATAL out of memory
INFO request from 192.168.107.168
DEBUG variable x=192.168.189.144
ERROR null pointer in module 192.168.189.144
FATAL out of memory
INFO processed 192.168.189.144 items
WARN disk usage 192.168.211.158%
WARN retry attempt 192.168.107.168 for 15693
FATAL segfault at address 0x192.168.57.185
WARN memory threshold reached: 192.168.92.139MB
WARN memory threshold reached: 192.168.107.168MB
FATAL segfault at address 0x192.168.92.139
DEBUG heap size: 192.168.211.158
FATAL unrecoverable disk error
FATAL segfault at address 0x192.168.211.158
DEBUG cache hit for key=192.168.193.243
FATAL kernel panic
WARN slow query: 192.168.215.207ms
FATAL unrecoverable disk error
WARN disk usage 192.168.82.31%
DEBUG entering function foo
DEBUG cache hit for key=192.168.189.144
DEBUG variable x=192.168.178.6
FATAL kernel panic
INFO connection established
DEBUG entering function foo
DEBUG heap size: 192.168.178.6
WARN disk usage 192.168.193.243%
DEBUG entering function foo
WARN memory threshold reached: 192.168.107.168MB
WARN disk usage 192.168.229.48%
INFO processed 192.168.82.31 items
DEBUG entering function foo
FATAL kernel panic
INFO request from 192.168.219.168
WARN disk usage 192.168.178.6%
INFO user 192.168.193.243 logged in
DEBUG variable x=192.168.60.30
INFO connection established
WARN retry attempt 192.168.178.6 for 14227
FATAL kernel panic
FATAL segfault at address 0x192.168.60.30
ERROR connection timeout 503
INFO request from 192.168.92.139
ERROR connection timeout 503
FATAL out of memory
INFO connection established
DEBUG variable x=192.168.178.6
DEBUG cache hit for key=192.168.9.50
DEBUG cache hit for key=192.168.229.48
DEBUG entering function foo
INFO processed 192.168.107.168 items
ERROR file not found: /tmp/192.168.36.209.log
ERROR auth failure for user 192.168.215.207
WARN memory threshold reached: 192.168.107.168MB
FATAL segfault at address 0x192.168.36.209
ERROR null pointer in module 192.168.39.155
DEBUG entering function foo
FATAL segfault at address 0x192.168.82.31
INFO user 192.168.9.50 logged in
FATAL kernel panic
WARN disk usage 192.168.142.104%
FATAL segfault at address 0x192.168.189.144
INFO processed 192.168.219.168 items
WARN slow query: 192.168.39.155ms
FATAL segfault at address 0x192.168.229.48
ERROR null pointer in module 192.168.193.243
DEBUG cache hit for key=192.168.215.207
DEBUG variable x=192.168.141.220
ERROR connection timeout 503
FATAL out of memory
WARN disk usage 192.168.142.104%
ERROR file not found: /tmp/192.168.9.50.log
INFO user 192.168.197.186 logged in
FATAL out of memory
INFO request from 192.168.9.50
ERROR file not found: /tmp/192.168.178.215.log
DEBUG entering function foo
FATAL out of memory
ERROR null pointer in module 192.168.92.139
INFO user 192.168.189.144 logged in
INFO user 192.168.215.207 logged in
WARN retry attempt 192.168.60.30 for 43955
FATAL unrecoverable disk error
FATAL unrecoverable disk error
INFO request from 192.168.107.168
INFO processed 192.168.9.50 items
FATAL segfault at address 0x192.168.178.6
DEBUG cache hit for key=192.168.92.139
INFO user 192.168.60.30 logged in
FATAL segfault at address 0x192.168.193.243
FATAL unrecoverable disk error
INFO connection established
FATAL unrecoverable disk error
DEBUG entering function foo
INFO request from 192.168.141.220
ERROR file not found: /tmp/192.168.39.155.log
ERROR null pointer in module 192.168.82.31
INFO user 192.168.178.215 logged in
FATAL kernel panic
ERROR file not found: /tmp/192.168.189.144.log
WARN disk usage 192.168.178.215%
DEBUG variable x=192.168.229.48
WARN disk usage 192.168.141.220%
ERROR connection timeout 503
FATAL segfault at address 0x192.168.193.243
FATAL kernel panic
WARN memory threshold reached: 192.168.60.30MB
DEBUG entering function foo
WARN disk usage 192.168.39.155%
DEBUG variable x=192.168.82.31
ERROR null pointer in module 192.168.107.168
WARN memory threshold reached: 192.168.219.168MB
ERROR file not found: /tmp/192.168.178.215.log
WARN retry attempt 192.168.39.155 for 46498
DEBUG heap size: 192.168.229.48
WARN retry attempt 192.168.82.31 for 67344
FATAL unrecoverable disk error
FATAL out of memory
DEBUG cache hit for key=192.168.229.48
WARN memory threshold reached: 192.168.193.243MB
DEBUG variable x=192.168.82.31
ERROR file not found: /tmp/192.168.9.50.log
DEBUG cache hit for key=192.168.193.243
ERROR auth failure for user 192.168.9.50
FATAL kernel panic
DEBUG entering function foo
INFO request from 192.168.60.30
ERROR null pointer in module 192.168.82.31
INFO processed 192.168.9.50 items
INFO request from 192.168.39.155
DEBUG entering function foo
DEBUG heap size: 192.168.36.209
ERROR auth failure for user 192.168.9.50
ERROR null pointer in module 192.168.178.215
ERROR file not found: /tmp/192.168.92.139.log
WARN slow query: 192.168.9.50ms
FATAL segfault at address 0x192.168.60.30
FATAL kernel panic
DEBUG heap size: 192.168.229.48
DEBUG heap size: 192.168.141.220
WARN slow query: 192.168.9.50ms
INFO processed 192.168.107.168 items
INFO processed 192.168.219.168 items
FATAL kernel panic
WARN slow query: 192.168.121.141ms
FATAL segfault at address 0x192.168.189.144
WARN retry attempt 192.168.141.220 for 69185
WARN disk usage 192.168.178.215%
DEBUG entering function foo
DEBUG heap size: 192.168.197.186
ERROR connection timeout 503
WARN retry attempt 192.168.39.155 for 60040
DEBUG cache hit for key=192.168.197.186
DEBUG cache hit for key=192.168.92.139
WARN slow query: 192.168.82.31ms
ERROR connection timeout 503
DEBUG heap size: 192.168.141.220
INFO processed 192.168.229.48 items
INFO connection established
WARN slow query: 192.168.39.155ms
FATAL out of memory
FATAL segfault at address 0x192.168.60.30
WARN memory threshold reached: 192.168.219.168MB
DEBUG heap size: 192.168.121.141
ERROR null pointer in module 192.168.193.243
FATAL out of memory
FATAL segfault at address 0x192.168.211.158
FATAL out of memory
ERROR auth failure for user 192.168.9.50
FATAL unrecoverable disk error
ERROR connection timeout 503
FATAL out of memory
ERROR null pointer in module 192.168.141.220
DEBUG heap size: 192.168.219.168
ERROR file not found: /tmp/192.168.178.6.log
WARN disk usage 192.168.193.243%
FATAL out of memory
WARN disk usage 192.168.121.141%
ERROR auth failure for user 192.168.142.104
DEBUG variable x=192.168.39.155
FATAL out of memory
DEBUG cache hit for key=192.168.219.168
INFO processed 192.168.60.30 items
ERROR null pointer in module 192.168.197.186
DEBUG cache hit for key=192.168.215.207
ERROR connection timeout 503
WARN disk usage 192.168.39.155%
DEBUG heap size: 192.168.39.155
ERROR connection timeout 503
DEBUG cache hit for key=192.168.229.48
WARN disk usage 192.168.57.185%
WARN disk usage 192.168.178.6%
DEBUG variable x=192.168.211.158
ERROR file not found: /tmp/192.168.36.209.log
DEBUG cache hit for key=192.168.178.215
DEBUG variable x=192.168.211.158
WARN disk usage 192.168.57.185%
FATAL unrecoverable disk error
FATAL segfault at address 0x192.168.82.31
ERROR connection timeout 503
WARN memory threshold reached: 192.168.189.144MB
ERROR file not found: /tmp/192.168.141.220.log
DEBUG entering function foo
DEBUG variable x=192.168.142.104
FATAL kernel panic
FATAL out of memory
ERROR auth failure for user 192.168.178.6
FATAL unrecoverable disk error
FATAL kernel panic
DEBUG variable x=192.168.141.220
ERROR file not found: /tmp/192.168.60.30.log
ERROR file not found: /tmp/192.168.189.144.log
DEBUG entering function foo
DEBUG cache hit for key=192.168.215.207
ERROR connection timeout 503
WARN slow query: 192.168.193.243ms
FATAL out of memory
ERROR connection timeout 503
INFO connection established
FATAL kernel panic
WARN retry attempt 192.168.121.141 for 31478
DEBUG heap size: 192.168.57.185
FATAL segfault at address 0x192.168.121.141
WARN slow query: 192.168.107.168ms
FATAL unrecoverable disk error
DEBUG cache hit for key=192.168.211.158
ERROR null pointer in module 192.168.197.186
ERROR auth failure for user 192.168.36.209
FATAL kernel panic
INFO processed 192.168.60.30 items
ERROR auth failure for user 192.168.215.207
FATAL out of memory
FATAL unrecoverable disk error
DEBUG variable x=192.168.92.139
FATAL unrecoverable disk error
FATAL kernel panic
FATAL out of memory
DEBUG cache hit for key=192.168.142.104
INFO request from 192.168.107.168
INFO user 192.168.178.6 logged in
FATAL unrecoverable disk error
INFO processed 192.168.193.243 items
WARN memory threshold reached: 192.168.142.104MB
WARN memory threshold reached: 192.168.189.144MB
WARN disk usage 192.168.121.141%
ERROR null pointer in module 192.168.92.139
FATAL kernel panic
INFO connection established
FATAL kernel panic
FATAL segfault at address 0x192.168.60.30
FATAL unrecoverable disk error
WARN disk usage 192.168.60.30%
FATAL kernel panic
INFO user 192.168.57.185 logged in
FATAL kernel panic
FATAL segfault at address 0x192.168.193.243
FATAL kernel panic
ERROR file not found: /tmp/192.168.219.168.log
ERROR auth failure for user 192.168.60.30
DEBUG heap size: 192.168.197.186
FATAL kernel panic
ERROR connection timeout 503
WARN disk usage 192.168.92.139%
ERROR null pointer in module 192.168.92.139
ERROR file not found: /tmp/192.168.82.31.log
ERROR connection timeout 503
FATAL unrecoverable disk error
WARN disk usage 192.168.82.31%
INFO request from 192.168.82.31
DEBUG heap size: 192.168.211.158
FATAL unrecoverable disk error
FATAL segfault at address 0x192.168.141.220
WARN slow query: 192.168.60.30ms
INFO user 192.168.36.209 logged in
FATAL unrecoverable disk error
WARN slow query: 192.168.60.30ms
DEBUG heap size: 192.168.178.215
WARN memory threshold reached: 192.168.229.48MB
FATAL unrecoverable disk error
WARN retry attempt 192.168.197.186 for 22142
WARN disk usage 192.168.121.141%
WARN disk usage 192.168.60.30%
ERROR auth failure for user 192.168.36.209
DEBUG heap size: 192.168.9.50
DEBUG heap size: 192.168.142.104
WARN retry attempt 192.168.197.186 for 29305
DEBUG heap size: 192.168.57.185
WARN slow query: 192.168.193.243ms
INFO request from 192.168.142.104
INFO processed 192.168.141.220 items
INFO processed 192.168.211.158 items
FATAL kernel panic
ERROR null pointer in module 192.168.39.155
DEBUG heap size: 192.168.178.6
FATAL out of memory
DEBUG cache hit for key=192.168.142.104
DEBUG variable x=192.168.142.104
DEBUG cache hit for key=192.168.178.215
INFO request from 192.168.107.168
WARN disk usage 192.168.229.48%
WARN memory threshold reached: 192.168.107.168MB
WARN retry attempt 192.168.121.141 for 29185
DEBUG entering function foo
ERROR null pointer in module 192.168.211.158
INFO request from 192.168.82.31
ERROR auth failure for user 192.168.57.185
INFO connection established
INFO request from 192.168.219.168
ERROR connection timeout 503
FATAL kernel panic
FATAL unrecoverable disk error
INFO connection established
FATAL segfault at address 0x192.168.211.158
FATAL out of memory
DEBUG variable x=192.168.142.104
FATAL unrecoverable disk error
ERROR file not found: /tmp/192.168.82.31.log
INFO user 192.168.189.144 logged in
FATAL out of memory
ERROR auth failure for user 192.168.211.158
DEBUG entering function foo
DEBUG entering function foo
INFO user 192.168.178.6 logged in
INFO request from 192.168.142.104
ERROR connection timeout 503
INFO connection established
ERROR auth failure for user 192.168.178.215
DEBUG variable x=192.168.229.48
DEBUG variable x=192.168.215.207
INFO connection established
ERROR connection timeout 503
WARN disk usage 192.168.178.215%
DEBUG variable x=192.168.142.104
INFO user 192.168.229.48 logged in
WARN memory threshold reached: 192.168.39.155MB
ERROR file not found: /tmp/192.168.193.243.log
WARN memory threshold reached: 192.168.197.186MB
FATAL segfault at address 0x192.168.219.168
ERROR file not found: /tmp/192.168.142.104.log
ERROR auth failure for user 192.168.178.215
ERROR connection timeout 503
ERROR null pointer in module 192.168.229.48
FATAL kernel panic
INFO user 192.168.82.31 logged in
WARN retry attempt 192.168.107.168 for 10792
DEBUG variable x=192.168.82.31
INFO connection established
DEBUG entering function foo
FATAL unrecoverable disk error
DEBUG entering function foo
INFO request from 192.168.141.220
WARN slow query: 192.168.121.141ms
DEBUG entering function foo
INFO processed 192.168.178.215 items
ERROR connection timeout 503
INFO processed 192.168.215.207 items
INFO processed 192.168.197.186 items
DEBUG cache hit for key=192.168.57.185
FATAL kernel panic
FATAL segfault at address 0x192.168.193.243
INFO connection established
FATAL out of memory
DEBUG entering function foo
ERROR file not found: /tmp/192.168.197.186.log
WARN disk usage 192.168.39.155%
INFO connection established
DEBUG variable x=192.168.215.207
INFO user 192.168.229.48 logged in
DEBUG entering function foo
INFO user 192.168.39.155 logged in
WARN slow query: 192.168.9.50ms
WARN retry attempt 192.168.229.48 for 86682
FATAL segfault at address 0x192.168.141.220
INFO user 192.168.142.104 logged in
FATAL out of memory
WARN retry attempt 192.168.178.6 for 40295
FATAL out of memory
DEBUG variable x=192.168.107.168
DEBUG entering function foo
WARN slow query: 192.168.215.207ms
WARN memory threshold reached: 192.168.229.48MB
WARN memory threshold reached: 192.168.211.158MB
FATAL kernel panic
DEBUG entering function foo
FATAL out of memory
INFO request from 192.168.121.141
DEBUG heap size: 192.168.121.141
ERROR connection timeout 503
ERROR file not found: /tmp/192.168.121.141.log
ERROR file not found: /tmp/192.168.107.168.log
ERROR file not found: /tmp/192.168.39.155.log
WARN slow query: 192.168.121.141ms
INFO connection established
FATAL kernel panic
WARN memory threshold reached: 192.168.121.141MB
FATAL unrecoverable disk error
ERROR connection timeout 503
WARN slow query: 192.168.107.168ms
DEBUG entering function foo
ERROR null pointer in module 192.168.107.168
WARN memory threshold reached: 192.168.219.168MB
ERROR connection timeout 503
WARN memory threshold reached: 192.168.39.155MB
ERROR auth failure for user 192.168.121.141
INFO connection established
WARN disk usage 192.168.142.104%
INFO request from 192.168.142.104
ERROR auth failure for user 192.168.142.104
ERROR connection timeout 503
INFO processed 192.168.121.141 items
WARN disk usage 192.168.121.141%
DEBUG heap size: 192.168.92.139
INFO connection established
INFO processed 192.168.107.168 items
FATAL unrecoverable disk error
WARN slow query: 192.168.92.139ms
DEBUG heap size: 192.168.197.186
WARN retry attempt 192.168.57.185 for 86503
FATAL segfault at address 0x192.168.60.30
INFO user 192.168.9.50 logged in
DEBUG heap size: 192.168.141.220
WARN slow query: 192.168.39.155ms
INFO request from 192.168.107.168
FATAL segfault at address 0x192.168.142.104
DEBUG cache hit for key=192.168.39.155
FATAL out of memory
DEBUG entering function foo
DEBUG heap size: 192.168.39.155
INFO user 192.168.193.243 logged in
INFO request from 192.168.178.215
DEBUG variable x=192.168.193.243
INFO user 192.168.219.168 logged in
WARN retry attempt 192.168.178.6 for 89589
ERROR null pointer in module 192.168.92.139
WARN memory threshold reached: 192.168.60.30MB
FATAL kernel panic
FATAL out of memory
WARN slow query: 192.168.9.50ms
DEBUG entering function foo
INFO processed 192.168.229.48 items
FATAL out of memory
ERROR connection timeout 503
DEBUG entering function foo
DEBUG cache hit for key=192.168.178.6
DEBUG cache hit for key=192.168.36.209
ERROR null pointer in module 192.168.211.158
INFO user 192.168.82.31 logged in
DEBUG variable x=192.168.39.155
INFO user 192.168.229.48 logged in
WARN memory threshold reached: 192.168.219.168MB
DEBUG heap size: 192.168.178.6
WARN memory threshold reached: 192.168.193.243MB
DEBUG heap size: 192.168.57.185
DEBUG entering function foo
DEBUG entering function foo
ERROR connection timeout 503
DEBUG variable x=192.168.9.50
WARN retry attempt 192.168.9.50 for 62195
INFO processed 192.168.82.31 items
INFO processed 192.168.229.48 items
ERROR null pointer in module 192.168.82.31
INFO processed 192.168.193.243 items
INFO processed 192.168.107.168 items
INFO request from 192.168.141.220
ERROR auth failure for user 192.168.178.6
ERROR connection timeout 503
DEBUG variable x=192.168.57.185
DEBUG heap size: 192.168.219.168
INFO processed 192.168.215.207 items
WARN disk usage 192.168.141.220%
FATAL kernel panic
WARN memory threshold reached: 192.168.215.207MB
WARN memory threshold reached: 192.168.107.168MB
FATAL unrecoverable disk error
WARN slow query: 192.168.92.139ms
DEBUG variable x=192.168.121.141
FATAL segfault at address 0x192.168.36.209
INFO user 192.168.142.104 logged in
ERROR null pointer in module 192.168.211.158
DEBUG heap size: 192.168.215.207
FATAL kernel panic
WARN disk usage 192.168.178.215%
INFO user 192.168.219.168 logged in
ERROR connection timeout 503
DEBUG entering function foo
INFO user 192.168.178.215 logged in
FATAL kernel panic
DEBUG cache hit for key=192.168.107.168
WARN disk usage 192.168.141.220%
DEBUG cache hit for key=192.168.211.158
FATAL unrecoverable disk error
INFO user 192.168.178.215 logged in
DEBUG heap size: 192.168.121.141
ERROR file not found: /tmp/192.168.92.139.log
FATAL unrecoverable disk error
INFO processed 192.168.57.185 items
WARN slow query: 192.168.178.215ms
DEBUG cache hit for key=192.168.215.207
ERROR file not found: /tmp/192.168.178.6.log
ERROR null pointer in module 192.168.107.168
WARN disk usage 192.168.229.48%
INFO user 192.168.121.141 logged in
ERROR auth failure for user 192.168.193.243
INFO connection established
INFO user 192.168.193.243 logged in
ERROR connection timeout 503
FATAL unrecoverable disk error
INFO connection established
INFO request from 192.168.9.50
DEBUG cache hit for key=192.168.9.50
WARN memory threshold reached: 192.168.39.155MB
WARN slow query: 192.168.60.30ms
INFO request from 192.168.215.207
DEBUG entering function foo
DEBUG entering function foo
ERROR null pointer in module 192.168.39.155
ERROR connection timeout 503
DEBUG heap size: 192.168.193.243
WARN memory threshold reached: 192.168.60.30MB
INFO request from 192.168.141.220
INFO request from 192.168.60.30
FATAL unrecoverable disk error
INFO connection established
INFO request from 192.168.229.48
ERROR null pointer in module 192.168.211.158
DEBUG heap size: 192.168.141.220
FATAL segfault at address 0x192.168.107.168
ERROR null pointer in module 192.168.215.207
WARN retry attempt 192.168.107.168 for 69174
DEBUG heap size: 192.168.142.104
FATAL segfault at address 0x192.168.36.209
FATAL segfault at address 0x192.168.211.158
DEBUG entering function foo
ERROR null pointer in module 192.168.189.144
INFO user 192.168.82.31 logged in
ERROR connection timeout 503
INFO connection established
WARN disk usage 192.168.178.6%
INFO connection established
DEBUG variable x=192.168.107.168
FATAL unrecoverable disk error
INFO connection established
INFO request from 192.168.39.155
FATAL out of memory
WARN retry attempt 192.168.142.104 for 84502
DEBUG entering function foo
WARN disk usage 192.168.211.158%
WARN retry attempt 192.168.141.220 for 41918
FATAL unrecoverable disk error
WARN memory threshold reached: 192.168.121.141MB
WARN memory threshold reached: 192.168.60.30MB
ERROR auth failure for user 192.168.211.158
DEBUG variable x=192.168.121.141
WARN memory threshold reached: 192.168.36.209MB
DEBUG heap size: 192.168.215.207
INFO request from 192.168.9.50
DEBUG variable x=192.168.57.185
ERROR file not found: /tmp/192.168.57.185.log
DEBUG variable x=192.168.229.48
DEBUG variable x=192.168.211.158
WARN memory threshold reached: 192.168.121.141MB
WARN memory threshold reached: 192.168.36.209MB
FATAL out of memory
FATAL kernel panic
ERROR connection timeout 503
ERROR auth failure for user 192.168.121.141
FATAL kernel panic
INFO connection established
INFO user 192.168.189.144 logged in
DEBUG heap size: 192.168.178.6
ERROR connection timeout 503
INFO user 192.168.197.186 logged in
WARN retry attempt 192.168.189.144 for 33629
ERROR connection timeout 503
DEBUG entering function foo
ERROR auth failure for user 192.168.60.30
INFO processed 192.168.178.215 items
ERROR file not found: /tmp/192.168.121.141.log
DEBUG entering function foo
ERROR auth failure for user 192.168.178.215
DEBUG entering function foo
FATAL segfault at address 0x192.168.219.168
INFO processed 192.168.9.50 items
DEBUG cache hit for key=192.168.211.158
ERROR null pointer in module 192.168.178.215
FATAL out of memory
DEBUG heap size: 192.168.92.139
WARN memory threshold reached: 192.168.141.220MB
FATAL kernel panic
FATAL out of memory
DEBUG entering function foo
ERROR auth failure for user 192.168.142.104
DEBUG variable x=192.168.9.50
ERROR connection timeout 503
FATAL unrecoverable disk error
FATAL unrecoverable disk error
INFO processed 192.168.197.186 items
FATAL out of memory
INFO processed 192.168.57.185 items
WARN slow query: 192.168.178.6ms
DEBUG variable x=192.168.9.50
FATAL kernel panic
ERROR auth failure for user 192.168.211.158
INFO request from 192.168.229.48
FATAL out of memory
FATAL kernel panic
ERROR null pointer in module 192.168.107.168
ERROR file not found: /tmp/192.168.178.6.log
INFO processed 192.168.193.243 items
INFO connection established
DEBUG entering function foo
ERROR null pointer in module 192.168.82.31
WARN memory threshold reached: 192.168.193.243MB
DEBUG cache hit for key=192.168.189.144
DEBUG cache hit for key=192.168.197.186
DEBUG entering function foo
DEBUG entering function foo
ERROR file not found: /tmp/192.168.215.207.log
WARN retry attempt 192.168.189.144 for 93384
ERROR file not found: /tmp/192.168.219.168.log
WARN disk usage 192.168.60.30%
INFO processed 192.168.197.186 items
WARN disk usage 192.168.57.185%
FATAL unrecoverable disk error
INFO connection established
FATAL unrecoverable disk error
ERROR file not found: /tmp/192.168.107.168.log
DEBUG variable x=192.168.215.207
INFO user 192.168.215.207 logged in
ERROR file not found: /tmp/192.168.211.158.log
INFO user 192.168.121.141 logged in
INFO processed 192.168.121.141 items
FATAL out of memory
DEBUG cache hit for key=192.168.189.144
WARN retry attempt 192.168.142.104 for 1227
DEBUG entering function foo
WARN memory threshold reached: 192.168.197.186MB
ERROR auth failure for user 192.168.219.168
INFO connection established
WARN disk usage 192.168.211.158%
WARN retry attempt 192.168.39.155 for 88565
FATAL out of memory
WARN memory threshold reached: 192.168.121.141MB
FATAL unrecoverable disk error
ERROR null pointer in module 192.168.60.30
INFO connection established
INFO connection established
DEBUG heap size: 192.168.197.186
WARN disk usage 192.168.211.158%
WARN memory threshold reached: 192.168.178.215MB
DEBUG variable x=192.168.107.168
FATAL out of memory
FATAL segfault at address 0x192.168.197.186
DEBUG heap size: 192.168.121.141
DEBUG cache hit for key=192.168.92.139
ERROR auth failure for user 192.168.121.141
DEBUG heap size: 192.168.197.186
WARN memory threshold reached: 192.168.142.104MB
INFO request from 192.168.229.48
ERROR file not found: /tmp/192.168.36.209.log
ERROR auth failure for user 192.168.9.50
ERROR file not found: /tmp/192.168.178.215.log
INFO processed 192.168.219.168 items
DEBUG entering function foo
FATAL out of memory
FATAL segfault at address 0x192.168.57.185
ERROR file not found: /tmp/192.168.193.243.log
WARN retry attempt 192.168.60.30 for 36664
WARN slow query: 192.168.107.168ms
DEBUG variable x=192.168.92.139
INFO connection established
FATAL segfault at address 0x192.168.39.155
INFO processed 192.168.9.50 items
WARN slow query: 192.168.189.144ms
DEBUG variable x=192.168.215.207
FATAL out of memory
FATAL kernel panic
WARN disk usage 192.168.211.158%
DEBUG variable x=192.168.9.50
FATAL unrecoverable disk error
ERROR auth failure for user 192.168.229.48
ERROR file not found: /tmp/192.168.36.209.log
WARN retry attempt 192.168.82.31 for 3018
INFO request from 192.168.193.243
FATAL kernel panic
INFO connection established
DEBUG heap size: 192.168.121.141
DEBUG cache hit for key=192.168.39.155
INFO request from 192.168.121.141
FATAL unrecoverable disk error
DEBUG entering function foo
FATAL unrecoverable disk error
FATAL segfault at address 0x192.168.9.50
WARN memory threshold reached: 192.168.229.48MB
DEBUG variable x=192.168.9.50
ERROR auth failure for user 192.168.211.158
DEBUG entering function foo
INFO request from 192.168.189.144
FATAL out of memory
INFO connection established
DEBUG entering function foo
WARN memory threshold reached: 192.168.193.243MB
INFO user 192.168.229.48 logged in
INFO connection established
WARN retry attempt 192.168.211.158 for 31794
INFO user 192.168.229.48 logged in
FATAL unrecoverable disk error
WARN retry attempt 192.168.193.243 for 14500
ERROR null pointer in module 192.168.193.243
ERROR auth failure for user 192.168.92.139
FATAL unrecoverable disk error
INFO connection established
INFO processed 192.168.39.155 items
ERROR connection timeout 503
WARN memory threshold reached: 192.168.193.243MB
DEBUG entering function foo
ERROR connection timeout 503
WARN slow query: 192.168.142.104ms
DEBUG cache hit for key=192.168.57.185
FATAL segfault at address 0x192.168.107.168
DEBUG variable x=192.168.92.139
FATAL unrecoverable disk error
INFO processed 192.168.197.186 items
DEBUG variable x=192.168.219.168
DEBUG variable x=192.168.36.209
ERROR connection timeout 503
INFO connection established
INFO user 192.168.178.6 logged in
WARN memory threshold reached: 192.168.92.139MB
INFO user 192.168.141.220 logged in
WARN retry attempt 192.168.178.6 for 39560
WARN retry attempt 192.168.215.207 for 2854
DEBUG entering function foo
ERROR connection timeout 503
DEBUG entering function foo
ERROR null pointer in module 192.168.193.243
DEBUG heap size: 192.168.39.155
FATAL segfault at address 0x192.168.36.209
DEBUG cache hit for key=192.168.9.50
INFO processed 192.168.82.31 items
WARN retry attempt 192.168.60.30 for 19301
INFO processed 192.168.60.30 items
FATAL unrecoverable disk error
WARN disk usage 192.168.36.209%
FATAL segfault at address 0x192.168.142.104
DEBUG entering function foo
ERROR connection timeout 503
WARN slow query: 192.168.107.168ms
WARN slow query: 192.168.229.48ms
WARN retry attempt 192.168.82.31 for 75847
FATAL out of memory
FATAL segfault at address 0x192.168.215.207
FATAL unrecoverable disk error
FATAL kernel panic
INFO connection established
FATAL unrecoverable disk error
INFO user 192.168.215.207 logged in
ERROR auth failure for user 192.168.60.30
FATAL segfault at address 0x192.168.211.158
INFO request from 192.168.107.168
DEBUG entering function foo
INFO user 192.168.178.6 logged in
WARN disk usage 192.168.193.243%
DEBUG heap size: 192.168.60.30
ERROR connection timeout 503
ERROR auth failure for user 192.168.178.215
DEBUG cache hit for key=192.168.193.243
DEBUG entering function foo
FATAL kernel panic
ERROR auth failure for user 192.168.211.158
ERROR null pointer in module 192.168.178.6
DEBUG heap size: 192.168.178.215
DEBUG heap size: 192.168.142.104
INFO user 192.168.178.6 logged in
FATAL out of memory
DEBUG cache hit for key=192.168.57.185
ERROR file not found: /tmp/192.168.60.30.log
DEBUG cache hit for key=192.168.211.158
WARN slow query: 192.168.215.207ms
WARN slow query: 192.168.121.141ms
WARN disk usage 192.168.92.139%
FATAL kernel panic
FATAL out of memory
DEBUG heap size: 192.168.219.168
DEBUG entering function foo
ERROR null pointer in module 192.168.92.139
ERROR connection timeout 503
FATAL segfault at address 0x192.168.36.209
DEBUG cache hit for key=192.168.57.185
FATAL out of memory
FATAL unrecoverable disk error
ERROR connection timeout 503
ERROR null pointer in module 192.168.60.30
DEBUG cache hit for key=192.168.211.158
DEBUG variable x=192.168.178.6
DEBUG entering function foo
INFO processed 192.168.92.139 items
DEBUG variable x=192.168.229.48
WARN retry attempt 192.168.193.243 for 67965
ERROR file not found: /tmp/192.168.193.243.log
INFO processed 192.168.229.48 items
ERROR null pointer in module 192.168.57.185
ERROR connection timeout 503
FATAL unrecoverable disk error
WARN retry attempt 192.168.82.31 for 20025
WARN slow query: 192.168.189.144ms
ERROR file not found: /tmp/192.168.57.185.log
DEBUG entering function foo
INFO processed 192.168.9.50 items
INFO connection established
ERROR file not found: /tmp/192.168.60.30.log
INFO processed 192.168.92.139 items
WARN memory threshold reached: 192.168.141.220MB
INFO processed 192.168.178.215 items
WARN disk usage 192.168.211.158%
ERROR file not found: /tmp/192.168.178.6.log
ERROR null pointer in module 192.168.121.141
DEBUG variable x=192.168.189.144
DEBUG cache hit for key=192.168.178.6
WARN memory threshold reached: 192.168.193.243MB
INFO connection established
INFO processed 192.168.141.220 items
ERROR auth failure for user 192.168.178.215
ERROR connection timeout 503
ERROR auth failure for user 192.168.178.215
DEBUG entering function foo
INFO connection established
WARN memory threshold reached: 192.168.107.168MB
ERROR file not found: /tmp/192.168.229.48.log
ERROR auth failure for user 192.168.92.139
FATAL segfault at address 0x192.168.57.185
WARN disk usage 192.168.57.185%
ERROR auth failure for user 192.168.9.50
ERROR connection timeout 503
WARN slow query: 192.168.193.243ms
WARN disk usage 192.168.60.30%
ERROR null pointer in module 192.168.60.30
ERROR connection timeout 503
INFO request from 192.168.229.48
WARN slow query: 192.168.9.50ms
ERROR null pointer in module 192.168.9.50
FATAL unrecoverable disk error
WARN disk usage 192.168.211.158%
DEBUG heap size: 192.168.82.31
FATAL kernel panic
DEBUG cache hit for key=192.168.193.243
DEBUG variable x=192.168.229.48
FATAL unrecoverable disk error
DEBUG entering function foo
FATAL unrecoverable disk error
INFO request from 192.168.229.48
INFO processed 192.168.92.139 items
INFO user 192.168.121.141 logged in
WARN slow query: 192.168.141.220ms
FATAL kernel panic
ERROR auth failure for user 192.168.211.158
FATAL kernel panic
WARN memory threshold reached: 192.168.229.48MB
DEBUG cache hit for key=192.168.141.220
INFO user 192.168.39.155 logged in
ERROR file not found: /tmp/192.168.178.6.log
INFO user 192.168.9.50 logged in
WARN disk usage 192.168.189.144%
WARN memory threshold reached: 192.168.189.144MB
DEBUG heap size: 192.168.92.139
INFO processed 192.168.229.48 items
WARN disk usage 192.168.229.48%
INFO connection established
ERROR null pointer in module 192.168.121.141
DEBUG cache hit for key=192.168.82.31
FATAL segfault at address 0x192.168.193.243
WARN retry attempt 192.168.178.215 for 94032
DEBUG variable x=192.168.178.215
ERROR connection timeout 503
INFO connection established
DEBUG entering function foo
INFO user 192.168.141.220 logged in
ERROR auth failure for user 192.168.57.185
ERROR file not found: /tmp/192.168.178.215.log
INFO processed 192.168.197.186 items
INFO request from 192.168.39.155
FATAL out of memory
ERROR file not found: /tmp/192.168.92.139.log
ERROR auth failure for user 192.168.189.144
INFO connection established
FATAL unrecoverable disk error
ERROR connection timeout 503
DEBUG cache hit for key=192.168.219.168
DEBUG variable x=192.168.57.185
WARN slow query: 192.168.57.185ms
DEBUG variable x=192.168.39.155
DEBUG heap size: 192.168.141.220
WARN memory threshold reached: 192.168.178.215MB
ERROR auth failure for user 192.168.142.104
FATAL segfault at address 0x192.168.178.215
WARN retry attempt 192.168.229.48 for 72985
ERROR null pointer in module 192.168.193.243
DEBUG cache hit for key=192.168.211.158
DEBUG heap size: 192.168.211.158
FATAL segfault at address 0x192.168.178.215
ERROR null pointer in module 192.168.178.6
DEBUG heap size: 192.168.219.168
ERROR null pointer in module 192.168.193.243
WARN disk usage 192.168.229.48%
ERROR auth failure for user 192.168.197.186
FATAL out of memory
WARN retry attempt 192.168.82.31 for 18573
INFO connection established
INFO processed 192.168.142.104 items
WARN retry attempt 192.168.215.207 for 158
WARN memory threshold reached: 192.168.92.139MB
FATAL out of memory
WARN disk usage 192.168.229.48%
DEBUG variable x=192.168.197.186
INFO processed 192.168.9.50 items
ERROR connection timeout 503
DEBUG heap size: 192.168.60.30
DEBUG cache hit for key=192.168.189.144
FATAL out of memory
FATAL kernel panic
ERROR null pointer in module 192.168.189.144
WARN slow query: 192.168.189.144ms
FATAL kernel panic
ERROR file not found: /tmp/192.168.229.48.log
INFO request from 192.168.219.168
FATAL kernel panic
DEBUG variable x=192.168.178.215
WARN memory threshold reached: 192.168.36.209MB
ERROR null pointer in module 192.168.189.144
DEBUG entering function foo
WARN retry attempt 192.168.178.215 for 30127
DEBUG cache hit for key=192.168.142.104
DEBUG entering function foo
WARN slow query: 192.168.36.209ms
DEBUG entering function foo
INFO request from 192.168.60.30
ERROR connection timeout 503
INFO request from 192.168.60.30
WARN disk usage 192.168.189.144%
FATAL kernel panic
INFO connection established
INFO request from 192.168.57.185
FATAL kernel panic
FATAL segfault at address 0x192.168.60.30
DEBUG entering function foo
ERROR auth failure for user 192.168.141.220
FATAL unrecoverable disk error
INFO user 192.168.197.186 logged in
FATAL kernel panic
FATAL kernel panic
WARN disk usage 192.168.57.185%
ERROR auth failure for user 192.168.9.50
WARN memory threshold reached: 192.168.215.207MB
WARN slow query: 192.168.107.168ms
DEBUG cache hit for key=192.168.211.158
FATAL segfault at address 0x192.168.189.144
FATAL unrecoverable disk error
INFO connection established
WARN retry attempt 192.168.189.144 for 92912
DEBUG entering function foo
INFO processed 192.168.219.168 items
INFO user 192.168.36.209 logged in
DEBUG heap size: 192.168.82.31
FATAL unrecoverable disk error
FATAL unrecoverable disk error
DEBUG variable x=192.168.141.220
DEBUG entering function foo
FATAL kernel panic
FATAL segfault at address 0x192.168.107.168
INFO user 192.168.189.144 logged in
ERROR auth failure for user 192.168.36.209
DEBUG variable x=192.168.178.6
FATAL out of memory
ERROR null pointer in module 192.168.9.50
DEBUG heap size: 192.168.197.186
ERROR null pointer in module 192.168.193.243
ERROR connection timeout 503
ERROR auth failure for user 192.168.142.104
WARN slow query: 192.168.36.209ms
DEBUG heap size: 192.168.189.144
WARN retry attempt 192.168.9.50 for 48148
FATAL out of memory
INFO request from 192.168.178.215
INFO user 192.168.107.168 logged in
ERROR connection timeout 503
INFO connection established
WARN memory threshold reached: 192.168.121.141MB
FATAL segfault at address 0x192.168.197.186
ERROR auth failure for user 192.168.189.144
INFO request from 192.168.178.215
DEBUG cache hit for key=192.168.197.186
INFO request from 192.168.121.141
DEBUG heap size: 192.168.211.158
INFO processed 192.168.189.144 items
DEBUG variable x=192.168.229.48
FATAL out of memory
INFO connection established
ERROR file not found: /tmp/192.168.141.220.log
WARN retry attempt 192.168.178.215 for 33396
INFO user 192.168.193.243 logged in
WARN retry attempt 192.168.82.31 for 32310
INFO connection established
WARN slow query: 192.168.82.31ms
FATAL unrecoverable disk error
ERROR auth failure for user 192.168.141.220
WARN disk usage 192.168.219.168%
FATAL kernel panic
DEBUG entering function foo
ERROR auth failure for user 192.168.215.207
INFO request from 192.168.211.158
ERROR connection timeout 503
ERROR file not found: /tmp/192.168.189.144.log
WARN memory threshold reached: 192.168.219.168MB
ERROR connection timeout 503
WARN memory threshold reached: 192.168.178.6MB
DEBUG variable x=192.168.82.31
DEBUG variable x=192.168.107.168
FATAL kernel panic
WARN memory threshold reached: 192.168.211.158MB
WARN slow query: 192.168.141.220ms
FATAL unrecoverable disk error
FATAL out of memory
FATAL unrecoverable disk error
WARN disk usage 192.168.229.48%
WARN memory threshold reached: 192.168.229.48MB
ERROR file not found: /tmp/192.168.215.207.log
FATAL kernel panic
FATAL out of memory
DEBUG entering function foo
FATAL kernel panic
INFO connection established
ERROR file not found: /tmp/192.168.9.50.log
INFO request from 192.168.36.209
WARN slow query: 192.168.57.185ms
WARN retry attempt 192.168.197.186 for 58959
FATAL unrecoverable disk error
ERROR connection timeout 503
INFO processed 192.168.142.104 items
ERROR auth failure for user 192.168.92.139
ERROR file not found: /tmp/192.168.197.186.log
INFO connection established
DEBUG entering function foo
DEBUG entering function foo
DEBUG entering function foo
INFO processed 192.168.193.243 items
INFO connection established
FATAL unrecoverable disk error
FATAL segfault at address 0x192.168.82.31
WARN memory threshold reached: 192.168.211.158MB
DEBUG entering function foo
DEBUG heap size: 192.168.229.48
INFO connection established
DEBUG cache hit for key=192.168.57.185
DEBUG heap size: 192.168.92.139
ERROR null pointer in module 192.168.57.185
WARN slow query: 192.168.9.50ms
DEBUG variable x=192.168.9.50
WARN retry attempt 192.168.82.31 for 40163
DEBUG heap size: 192.168.178.215
FATAL out of memory
INFO request from 192.168.141.220
FATAL kernel panic
INFO connection established
INFO processed 192.168.92.139 items
WARN memory threshold reached: 192.168.60.30MB
WARN disk usage 192.168.92.139%
DEBUG cache hit for key=192.168.178.6
INFO processed 192.168.39.155 items
WARN disk usage 192.168.219.168%
ERROR connection timeout 503
WARN memory threshold reached: 192.168.178.6MB
FATAL out of memory
DEBUG entering function foo
WARN disk usage 192.168.211.158%
ERROR file not found: /tmp/192.168.229.48.log
WARN memory threshold reached: 192.168.178.215MB
INFO request from 192.168.60.30
INFO request from 192.168.229.48
FATAL kernel panic
INFO user 192.168.121.141 logged in
WARN retry attempt 192.168.215.207 for 7859
DEBUG heap size: 192.168.229.48
INFO processed 192.168.141.220 items
FATAL kernel panic
WARN memory threshold reached: 192.168.107.168MB
DEBUG heap size: 192.168.219.168
DEBUG variable x=192.168.142.104
DEBUG heap size: 192.168.197.186
FATAL segfault at address 0x192.168.82.31
DEBUG variable x=192.168.141.220
ERROR file not found: /tmp/192.168.215.207.log
WARN memory threshold reached: 192.168.215.207MB
FATAL out of memory
WARN disk usage 192.168.215.207%
INFO user 192.168.189.144 logged in
DEBUG entering function foo
ERROR auth failure for user 192.168.197.186
DEBUG entering function foo
DEBUG entering function foo
DEBUG cache hit for key=192.168.9.50
INFO user 192.168.107.168 logged in
ERROR file not found: /tmp/192.168.9.50.log
DEBUG variable x=192.168.92.139
FATAL kernel panic
INFO connection established
INFO user 192.168.215.207 logged in
INFO request from 192.168.215.207
FATAL kernel panic
ERROR connection timeout 503
WARN disk usage 192.168.9.50%
FATAL unrecoverable disk error
ERROR null pointer in module 192.168.193.243
DEBUG variable x=192.168.121.141
DEBUG entering function foo
WARN memory threshold reached: 192.168.36.209MB
FATAL kernel panic
DEBUG cache hit for key=192.168.219.168
ERROR auth failure for user 192.168.92.139
FATAL segfault at address 0x192.168.9.50
DEBUG heap size: 192.168.219.168
FATAL kernel panic
INFO processed 192.168.9.50 items
ERROR file not found: /tmp/192.168.219.168.log
WARN memory threshold reached: 192.168.189.144MB
DEBUG entering function foo
DEBUG variable x=192.168.92.139
DEBUG heap size: 192.168.211.158
WARN disk usage 192.168.60.30%
WARN disk usage 192.168.82.31%
FATAL unrecoverable disk error
FATAL segfault at address 0x192.168.142.104
ERROR connection timeout 503
WARN slow query: 192.168.82.31ms
ERROR connection timeout 503
FATAL out of memory
WARN slow query: 192.168.92.139ms
ERROR auth failure for user 192.168.107.168
FATAL unrecoverable disk error
FATAL kernel panic
DEBUG heap size: 192.168.82.31
FATAL segfault at address 0x192.168.178.215
WARN disk usage 192.168.60.30%
ERROR connection timeout 503
ERROR auth failure for user 192.168.36.209
ERROR auth failure for user 192.168.189.144
FATAL kernel panic
WARN retry attempt 192.168.142.104 for 51592
ERROR null pointer in module 192.168.229.48
INFO connection established
INFO request from 192.168.178.6
FATAL unrecoverable disk error
DEBUG heap size: 192.168.92.139
DEBUG entering function foo
WARN disk usage 192.168.92.139%
ERROR null pointer in module 192.168.36.209
ERROR auth failure for user 192.168.211.158
WARN retry attempt 192.168.197.186 for 91034
ERROR file not found: /tmp/192.168.215.207.log
DEBUG cache hit for key=192.168.229.48
WARN slow query: 192.168.121.141ms
WARN memory threshold reached: 192.168.189.144MB
INFO request from 192.168.178.6
INFO user 192.168.141.220 logged in
FATAL kernel panic
WARN retry attempt 192.168.219.168 for 36328
DEBUG entering function foo
INFO user 192.168.36.209 logged in
DEBUG cache hit for key=192.168.82.31
ERROR connection timeout 503
FATAL out of memory
FATAL kernel panic
ERROR null pointer in module 192.168.178.215
ERROR connection timeout 503
INFO connection established
WARN retry attempt 192.168.141.220 for 6469
INFO request from 192.168.215.207
DEBUG entering function foo
DEBUG entering function foo
ERROR connection timeout 503
DEBUG variable x=192.168.211.158
INFO user 192.168.197.186 logged in
ERROR null pointer in module 192.168.229.48
WARN memory threshold reached: 192.168.9.50MB
DEBUG heap size: 192.168.57.185
FATAL kernel panic
INFO connection established
DEBUG variable x=192.168.142.104
DEBUG entering function foo
INFO connection established
ERROR null pointer in module 192.168.142.104
ERROR null pointer in module 192.168.57.185
DEBUG variable x=192.168.178.215
WARN disk usage 192.168.39.155%
FATAL out of memory
INFO processed 192.168.121.141 items
ERROR auth failure for user 192.168.178.6
ERROR auth failure for user 192.168.229.48
ERROR auth failure for user 192.168.193.243
ERROR auth failure for user 192.168.229.48
WARN disk usage 192.168.121.141%
DEBUG entering function foo
DEBUG cache hit for key=192.168.219.168
ERROR file not found: /tmp/192.168.92.139.log
WARN memory threshold reached: 192.168.92.139MB
DEBUG entering function foo
FATAL segfault at address 0x192.168.219.168
WARN slow query: 192.168.219.168ms
INFO user 192.168.141.220 logged in
DEBUG variable x=192.168.178.215
WARN memory threshold reached: 192.168.189.144MB
ERROR null pointer in module 192.168.142.104
WARN memory threshold reached: 192.168.193.243MB
INFO processed 192.168.219.168 items
ERROR null pointer in module 192.168.82.31
DEBUG cache hit for key=192.168.189.144
FATAL segfault at address 0x192.168.57.185
INFO user 192.168.36.209 logged in
WARN disk usage 192.168.211.158%
FATAL out of memory
WARN memory threshold reached: 192.168.36.209MB
DEBUG cache hit for key=192.168.189.144
DEBUG variable x=192.168.57.185
WARN disk usage 192.168.142.104%
DEBUG variable x=192.168.121.141
INFO request from 192.168.197.186
DEBUG heap size: 192.168.229.48
INFO connection established
ERROR connection timeout 503
INFO processed 192.168.82.31 items
DEBUG cache hit for key=192.168.193.243
DEBUG entering function foo
ERROR file not found: /tmp/192.168.60.30.log
ERROR auth failure for user 192.168.36.209
FATAL segfault at address 0x192.168.9.50
DEBUG cache hit for key=192.168.189.144
INFO connection established
INFO processed 192.168.211.158 items
WARN slow query: 192.168.219.168ms
ERROR null pointer in module 192.168.141.220
INFO processed 192.168.142.104 items
WARN slow query: 192.168.9.50ms
FATAL unrecoverable disk error
DEBUG cache hit for key=192.168.211.158
DEBUG variable x=192.168.107.168
DEBUG heap size: 192.168.82.31
WARN disk usage 192.168.60.30%
INFO connection established
DEBUG heap size: 192.168.82.31
DEBUG cache hit for key=192.168.121.141
INFO user 192.168.60.30 logged in
INFO request from 192.168.178.6
INFO request from 192.168.36.209
ERROR connection timeout 503
FATAL out of memory
WARN retry attempt 192.168.229.48 for 67191
ERROR file not found: /tmp/192.168.178.6.log
WARN retry attempt 192.168.60.30 for 82537
ERROR null pointer in module 192.168.197.186
INFO connection established
ERROR auth failure for user 192.168.197.186
FATAL out of memory
FATAL out of memory
INFO processed 192.168.60.30 items
INFO processed 192.168.36.209 items
WARN slow query: 192.168.178.215ms
DEBUG variable x=192.168.219.168
ERROR file not found: /tmp/192.168.193.243.log
DEBUG variable x=192.168.189.144
WARN retry attempt 192.168.9.50 for 1640
INFO user 192.168.211.158 logged in
ERROR null pointer in module 192.168.178.6
WARN slow query: 192.168.107.168ms
DEBUG cache hit for key=192.168.92.139
INFO processed 192.168.229.48 items
INFO processed 192.168.178.215 items
WARN retry attempt 192.168.57.185 for 81616
DEBUG entering function foo
ERROR file not found: /tmp/192.168.142.104.log
WARN slow query: 192.168.107.168ms
WARN retry attempt 192.168.189.144 for 78709
INFO processed 192.168.178.6 items
FATAL out of memory
DEBUG heap size: 192.168.9.50
ERROR null pointer in module 192.168.211.158
WARN retry attempt 192.168.57.185 for 67369
WARN disk usage 192.168.193.243%
DEBUG heap size: 192.168.189.144
FATAL unrecoverable disk error
WARN retry attempt 192.168.141.220 for 11264
FATAL out of memory
FATAL unrecoverable disk error
ERROR file not found: /tmp/192.168.9.50.log
INFO request from 192.168.107.168
WARN slow query: 192.168.142.104ms
WARN slow query: 192.168.60.30ms
FATAL out of memory
ERROR null pointer in module 192.168.215.207
WARN retry attempt 192.168.178.215 for 74262
DEBUG cache hit for key=192.168.215.207
WARN retry attempt 192.168.82.31 for 61255
DEBUG heap size: 192.168.197.186
FATAL kernel panic
INFO connection established
ERROR file not found: /tmp/192.168.142.104.log
FATAL unrecoverable disk error
DEBUG heap size: 192.168.211.158
FATAL unrecoverable disk error
ERROR auth failure for user 192.168.36.209
DEBUG heap size: 192.168.197.186
INFO connection established
DEBUG entering function foo
FATAL segfault at address 0x192.168.189.144
FATAL kernel panic
FATAL segfault at address 0x192.168.219.168
INFO processed 192.168.82.31 items
DEBUG heap size: 192.168.121.141
FATAL out of memory
INFO user 192.168.9.50 logged in
ERROR file not found: /tmp/192.168.197.186.log
INFO request from 192.168.57.185
DEBUG cache hit for key=192.168.107.168
FATAL kernel panic
DEBUG variable x=192.168.121.141
FATAL out of memory
ERROR file not found: /tmp/192.168.92.139.log
INFO user 192.168.9.50 logged in
DEBUG variable x=192.168.9.50
WARN slow query: 192.168.107.168ms
WARN memory threshold reached: 192.168.9.50MB
DEBUG cache hit for key=192.168.39.155
FATAL out of memory
WARN slow query: 192.168.142.104ms
INFO request from 192.168.219.168
ERROR null pointer in module 192.168.215.207
DEBUG cache hit for key=192.168.141.220
FATAL kernel panic
FATAL segfault at address 0x192.168.178.6
DEBUG heap size: 192.168.142.104
INFO processed 192.168.215.207 items
INFO processed 192.168.121.141 items
ERROR file not found: /tmp/192.168.107.168.log
WARN slow query: 192.168.215.207ms
FATAL kernel panic
WARN disk usage 192.168.189.144%
WARN memory threshold reached: 192.168.39.155MB
ERROR file not found: /tmp/192.168.197.186.log
WARN disk usage 192.168.107.168%
INFO connection established
DEBUG heap size: 192.168.189.144
INFO user 192.168.36.209 logged in
ERROR file not found: /tmp/192.168.211.158.log
FATAL unrecoverable disk error
WARN slow query: 192.168.211.158ms
INFO connection established
WARN disk usage 192.168.57.185%
FATAL unrecoverable disk error
INFO connection established
FATAL out of memory
WARN memory threshold reached: 192.168.215.207MB
FATAL out of memory
ERROR null pointer in module 192.168.36.209
INFO user 192.168.82.31 logged in
ERROR file not found: /tmp/192.168.178.215.log
FATAL kernel panic
ERROR null pointer in module 192.168.39.155
FATAL unrecoverable disk error
DEBUG entering function foo
DEBUG entering function foo
WARN retry attempt 192.168.57.185 for 32797
ERROR connection timeout 503
FATAL out of memory
INFO connection established
ERROR null pointer in module 192.168.9.50
FATAL out of memory
WARN disk usage 192.168.9.50%
DEBUG heap size: 192.168.211.158
ERROR auth failure for user 192.168.178.215
ERROR null pointer in module 192.168.197.186
INFO connection established
FATAL out of memory
INFO processed 192.168.141.220 items
ERROR null pointer in module 192.168.229.48
FATAL kernel panic
FATAL segfault at address 0x192.168.107.168
WARN retry attempt 192.168.197.186 for 98443
ERROR null pointer in module 192.168.57.185
INFO connection established
DEBUG cache hit for key=192.168.9.50
INFO processed 192.168.215.207 items
DEBUG entering function foo
INFO connection established
INFO user 192.168.60.30 logged in
INFO processed 192.168.178.6 items
WARN disk usage 192.168.39.155%
DEBUG variable x=192.168.215.207
INFO connection established
FATAL kernel panic
DEBUG entering function foo
ERROR file not found: /tmp/192.168.215.207.log
INFO request from 192.168.107.168
FATAL unrecoverable disk error
ERROR file not found: /tmp/192.168.193.243.log
INFO connection established
DEBUG variable x=192.168.92.139
INFO processed 192.168.121.141 items
FATAL out of memory
ERROR connection timeout 503
WARN slow query: 192.168.142.104ms
INFO user 192.168.121.141 logged in
WARN retry attempt 192.168.219.168 for 77055
ERROR file not found: /tmp/192.168.193.243.log
FATAL unrecoverable disk error
FATAL out of memory
WARN disk usage 192.168.9.50%
ERROR null pointer in module 192.168.193.243
WARN memory threshold reached: 192.168.92.139MB
DEBUG heap size: 192.168.36.209
ERROR file not found: /tmp/192.168.82.31.log
FATAL kernel panic
DEBUG cache hit for key=192.168.57.185
FATAL kernel panic
ERROR null pointer in module 192.168.229.48
INFO processed 192.168.193.243 items
DEBUG cache hit for key=192.168.229.48
WARN retry attempt 192.168.178.6 for 14318
WARN slow query: 192.168.219.168ms
DEBUG entering function foo
INFO user 192.168.9.50 logged in
ERROR connection timeout 503
DEBUG variable x=192.168.197.186
INFO connection established
INFO processed 192.168.189.144 items
WARN retry attempt 192.168.178.215 for 46003
DEBUG heap size: 192.168.141.220
WARN retry attempt 192.168.141.220 for 32708
ERROR auth failure for user 192.168.82.31
INFO connection established
WARN slow query: 192.168.141.220ms
WARN memory threshold reached: 192.168.141.220MB
DEBUG variable x=192.168.178.6
ERROR file not found: /tmp/192.168.211.158.log
ERROR file not found: /tmp/192.168.193.243.log
ERROR file not found: /tmp/192.168.141.220.log
FATAL unrecoverable disk error
ERROR connection timeout 503
FATAL out of memory
FATAL unrecoverable disk error
FATAL unrecoverable disk error
DEBUG heap size: 192.168.178.6
WARN slow query: 192.168.178.215ms
INFO processed 192.168.142.104 items
INFO request from 192.168.9.50
WARN disk usage 192.168.57.185%
ERROR connection timeout 503
DEBUG variable x=192.168.215.207
DEBUG cache hit for key=192.168.178.6
FATAL segfault at address 0x192.168.141.220
ERROR null pointer in module 192.168.141.220
WARN slow query: 192.168.39.155ms
FATAL kernel panic
INFO request from 192.168.107.168
WARN memory threshold reached: 192.168.141.220MB
WARN retry attempt 192.168.229.48 for 4881
INFO request from 192.168.82.31
FATAL out of memory
INFO processed 192.168.215.207 items
ERROR auth failure for user 192.168.178.215
INFO user 192.168.197.186 logged in
INFO processed 192.168.193.243 items
WARN memory threshold reached: 192.168.9.50MB
DEBUG cache hit for key=192.168.178.215
FATAL unrecoverable disk error
INFO request from 192.168.215.207
INFO connection established
FATAL kernel panic
DEBUG heap size: 192.168.215.207
FATAL kernel panic
FATAL out of memory
ERROR file not found: /tmp/192.168.189.144.log
ERROR null pointer in module 192.168.82.31
ERROR auth failure for user 192.168.57.185
WARN retry attempt 192.168.121.141 for 92165
INFO processed 192.168.219.168 items
ERROR connection timeout 503
DEBUG variable x=192.168.92.139
FATAL segfault at address 0x192.168.107.168
FATAL out of memory
INFO processed 192.168.178.215 items
WARN memory threshold reached: 192.168.9.50MB
FATAL out of memory
INFO user 192.168.189.144 logged in
FATAL segfault at address 0x192.168.178.215
DEBUG cache hit for key=192.168.193.243
WARN slow query: 192.168.9.50ms
ERROR file not found: /tmp/192.168.57.185.log
ERROR null pointer in module 192.168.178.6
INFO processed 192.168.215.207 items
WARN disk usage 192.168.215.207%
WARN disk usage 192.168.36.209%
DEBUG cache hit for key=192.168.36.209
WARN slow query: 192.168.36.209ms
DEBUG heap size: 192.168.142.104
FATAL segfault at address 0x192.168.211.158
FATAL out of memory
ERROR auth failure for user 192.168.219.168
ERROR null pointer in module 192.168.197.186
INFO connection established
INFO request from 192.168.82.31
WARN disk usage 192.168.57.185%
DEBUG cache hit for key=192.168.121.141
DEBUG cache hit for key=192.168.57.185
INFO connection established
INFO connection established
DEBUG variable x=192.168.193.243
WARN memory threshold reached: 192.168.142.104MB
INFO connection established
DEBUG variable x=192.168.229.48
FATAL out of memory
ERROR connection timeout 503
INFO processed 192.168.39.155 items
DEBUG heap size: 192.168.193.243
DEBUG variable x=192.168.36.209
DEBUG variable x=192.168.229.48
WARN memory threshold reached: 192.168.36.209MB
WARN memory threshold reached: 192.168.178.215MB
DEBUG entering function foo
WARN disk usage 192.168.36.209%
FATAL kernel panic
FATAL kernel panic
FATAL kernel panic
ERROR auth failure for user 192.168.107.168
FATAL unrecoverable disk error
WARN disk usage 192.168.193.243%
ERROR auth failure for user 192.168.178.215
FATAL out of memory
WARN retry attempt 192.168.141.220 for 7929
ERROR file not found: /tmp/192.168.197.186.log
WARN slow query: 192.168.57.185ms
WARN retry attempt 192.168.211.158 for 39957
INFO processed 192.168.189.144 items
FATAL unrecoverable disk error
ERROR auth failure for user 192.168.215.207
FATAL kernel panic
WARN retry attempt 192.168.141.220 for 5358
INFO connection established
WARN disk usage 192.168.107.168%
ERROR null pointer in module 192.168.211.158
ERROR null pointer in module 192.168.92.139
WARN memory threshold reached: 192.168.193.243MB
ERROR file not found: /tmp/192.168.219.168.log
WARN memory threshold reached: 192.168.141.220MB
DEBUG cache hit for key=192.168.211.158
WARN disk usage 192.168.229.48%
INFO connection established
FATAL kernel panic
WARN retry attempt 192.168.141.220 for 13732
DEBUG entering function foo
FATAL out of memory
FATAL out of memory
INFO user 192.168.178.215 logged in
DEBUG variable x=192.168.193.243
DEBUG cache hit for key=192.168.92.139
DEBUG variable x=192.168.189.144
WARN memory threshold reached: 192.168.39.155MB
INFO user 192.168.121.141 logged in
ERROR auth failure for user 192.168.211.158
ERROR file not found: /tmp/192.168.92.139.log
INFO connection established
ERROR file not found: /tmp/192.168.197.186.log
INFO connection established
INFO request from 192.168.215.207
FATAL kernel panic
ERROR connection timeout 503
DEBUG entering function foo
FATAL unrecoverable disk error
ERROR file not found: /tmp/192.168.92.139.log
WARN retry attempt 192.168.197.186 for 35695
WARN retry attempt 192.168.57.185 for 75799
WARN slow query: 192.168.219.168ms
INFO processed 192.168.36.209 items
DEBUG entering function foo
DEBUG variable x=192.168.141.220
INFO processed 192.168.189.144 items
WARN slow query: 192.168.121.141ms
DEBUG heap size: 192.168.141.220
ERROR auth failure for user 192.168.211.158
DEBUG variable x=192.168.9.50
ERROR file not found: /tmp/192.168.211.158.log
ERROR file not found: /tmp/192.168.211.158.log
ERROR connection timeout 503
INFO connection established
DEBUG variable x=192.168.57.185
ERROR null pointer in module 192.168.219.168
FATAL unrecoverable disk error
FATAL out of memory
INFO connection established
ERROR null pointer in module 192.168.82.31
FATAL kernel panic
ERROR file not found: /tmp/192.168.82.31.log
FATAL out of memory
INFO request from 192.168.39.155
WARN retry attempt 192.168.142.104 for 46832
ERROR null pointer in module 192.168.92.139
WARN slow query: 192.168.92.139ms
INFO processed 192.168.39.155 items
ERROR null pointer in module 192.168.178.215
DEBUG entering function foo
WARN memory threshold reached: 192.168.215.207MB
ERROR file not found: /tmp/192.168.107.168.log
WARN disk usage 192.168.92.139%
DEBUG variable x=192.168.197.186
INFO user 192.168.141.220 logged in
ERROR connection timeout 503
DEBUG heap size: 192.168.121.141
FATAL out of memory
DEBUG heap size: 192.168.82.31
ERROR auth failure for user 192.168.215.207
ERROR connection timeout 503
WARN disk usage 192.168.9.50%
WARN slow query: 192.168.92.139ms
WARN disk usage 192.168.9.50%
FATAL unrecoverable disk error
WARN retry attempt 192.168.107.168 for 30152
DEBUG cache hit for key=192.168.142.104
INFO processed 192.168.193.243 items
WARN memory threshold reached: 192.168.107.168MB
WARN memory threshold reached: 192.168.121.141MB
INFO processed 192.168.229.48 items
ERROR connection timeout 503
ERROR file not found: /tmp/192.168.178.215.log
DEBUG cache hit for key=192.168.60.30
DEBUG cache hit for key=192.168.142.104
WARN slow query: 192.168.178.6ms
INFO connection established
WARN memory threshold reached: 192.168.107.168MB
DEBUG cache hit for key=192.168.57.185
ERROR file not found: /tmp/192.168.142.104.log
ERROR file not found: /tmp/192.168.211.158.log
INFO processed 192.168.219.168 items
FATAL segfault at address 0x192.168.60.30
INFO connection established
ERROR auth failure for user 192.168.121.141
DEBUG entering function foo
ERROR null pointer in module 192.168.215.207
INFO processed 192.168.189.144 items
ERROR null pointer in module 192.168.92.139
WARN memory threshold reached: 192.168.36.209MB
INFO connection established
INFO connection established
DEBUG heap size: 192.168.141.220
ERROR file not found: /tmp/192.168.141.220.log
WARN slow query: 192.168.178.215ms
INFO processed 192.168.189.144 items
INFO processed 192.168.121.141 items
FATAL unrecoverable disk error
ERROR auth failure for user 192.168.57.185
DEBUG cache hit for key=192.168.215.207
ERROR connection timeout 503
FATAL out of memory
INFO user 192.168.57.185 logged in
INFO request from 192.168.197.186
DEBUG entering function foo
ERROR null pointer in module 192.168.82.31
FATAL out of memory
DEBUG cache hit for key=192.168.121.141
WARN memory threshold reached: 192.168.39.155MB
DEBUG entering function foo
DEBUG cache hit for key=192.168.211.158
DEBUG cache hit for key=192.168.9.50
FATAL unrecoverable disk error
WARN disk usage 192.168.9.50%
DEBUG cache hit for key=192.168.229.48
WARN retry attempt 192.168.178.215 for 3964
FATAL unrecoverable disk error
INFO request from 192.168.39.155
DEBUG variable x=192.168.211.158
INFO user 192.168.215.207 logged in
INFO processed 192.168.178.215 items
INFO processed 192.168.9.50 items
ERROR connection timeout 503
INFO user 192.168.92.139 logged in
DEBUG variable x=192.168.9.50
WARN disk usage 192.168.92.139%
WARN slow query: 192.168.39.155ms
WARN memory threshold reached: 192.168.197.186MB
WARN slow query: 192.168.193.243ms
FATAL unrecoverable disk error
FATAL segfault at address 0x192.168.141.220
ERROR auth failure for user 192.168.229.48
DEBUG variable x=192.168.178.6
DEBUG entering function foo
ERROR null pointer in module 192.168.82.31
WARN retry attempt 192.168.92.139 for 17387
FATAL out of memory
FATAL kernel panic
ERROR auth failure for user 192.168.9.50
ERROR auth failure for user 192.168.92.139
INFO user 192.168.219.168 logged in
ERROR null pointer in module 192.168.141.220
WARN slow query: 192.168.193.243ms
FATAL unrecoverable disk error
FATAL unrecoverable disk error
ERROR auth failure for user 192.168.36.209
FATAL unrecoverable disk error
DEBUG entering function foo
FATAL unrecoverable disk error
ERROR file not found: /tmp/192.168.107.168.log
INFO request from 192.168.36.209
ERROR auth failure for user 192.168.189.144
DEBUG entering function foo
WARN retry attempt 192.168.107.168 for 28204
WARN disk usage 192.168.57.185%
INFO request from 192.168.121.141
DEBUG heap size: 192.168.197.186
DEBUG variable x=192.168.193.243
INFO processed 192.168.36.209 items
INFO connection established
WARN disk usage 192.168.197.186%
DEBUG cache hit for key=192.168.215.207
WARN slow query: 192.168.142.104ms
ERROR null pointer in module 192.168.215.207
DEBUG cache hit for key=192.168.211.158
INFO request from 192.168.178.6
DEBUG variable x=192.168.36.209
ERROR file not found: /tmp/192.168.211.158.log
WARN slow query: 192.168.60.30ms
INFO request from 192.168.229.48
INFO request from 192.168.36.209
FATAL kernel panic
DEBUG variable x=192.168.178.6
FATAL unrecoverable disk error
WARN memory threshold reached: 192.168.142.104MB
ERROR null pointer in module 192.168.39.155
INFO processed 192.168.60.30 items
DEBUG variable x=192.168.141.220
INFO user 192.168.9.50 logged in
FATAL out of memory
ERROR connection timeout 503
ERROR file not found: /tmp/192.168.193.243.log
INFO request from 192.168.9.50
FATAL unrecoverable disk error
ERROR file not found: /tmp/192.168.141.220.log
ERROR auth failure for user 192.168.57.185
ERROR auth failure for user 192.168.121.141
INFO connection established
INFO request from 192.168.82.31
ERROR auth failure for user 192.168.219.168
INFO connection established
WARN slow query: 192.168.60.30ms
DEBUG entering function foo
WARN memory threshold reached: 192.168.36.209MB
WARN slow query: 192.168.36.209ms
FATAL segfault at address 0x192.168.36.209
INFO connection established
ERROR null pointer in module 192.168.219.168
DEBUG variable x=192.168.9.50
FATAL kernel panic
ERROR connection timeout 503
ERROR connection timeout 503
FATAL unrecoverable disk error
WARN memory threshold reached: 192.168.57.185MB
WARN slow query: 192.168.197.186ms
ERROR connection timeout 503
INFO request from 192.168.141.220
ERROR auth failure for user 192.168.82.31
FATAL unrecoverable disk error
INFO connection established
FATAL segfault at address 0x192.168.60.30
ERROR connection timeout 503
WARN slow query: 192.168.178.6ms
WARN retry attempt 192.168.189.144 for 97499
DEBUG cache hit for key=192.168.197.186
INFO request from 192.168.107.168
INFO user 192.168.189.144 logged in
FATAL segfault at address 0x192.168.197.186
ERROR connection timeout 503
DEBUG variable x=192.168.189.144
ERROR auth failure for user 192.168.215.207
WARN retry attempt 192.168.57.185 for 40770
FATAL kernel panic
ERROR file not found: /tmp/192.168.219.168.log
FATAL out of memory
INFO connection established
DEBUG entering function foo
WARN disk usage 192.168.178.215%
ERROR file not found: /tmp/192.168.57.185.log
INFO connection established
ERROR connection timeout 503
ERROR file not found: /tmp/192.168.36.209.log
DEBUG cache hit for key=192.168.121.141
FATAL kernel panic
WARN slow query: 192.168.9.50ms
WARN memory threshold reached: 192.168.229.48MB
WARN retry attempt 192.168.178.6 for 20184
WARN retry attempt 192.168.193.243 for 70616
FATAL segfault at address 0x192.168.57.185
DEBUG cache hit for key=192.168.178.6
FATAL segfault at address 0x192.168.92.139
WARN slow query: 192.168.229.48ms
DEBUG cache hit for key=192.168.107.168
INFO user 192.168.9.50 logged in
FATAL segfault at address 0x192.168.141.220
DEBUG entering function foo
DEBUG variable x=192.168.215.207
INFO request from 192.168.60.30
FATAL unrecoverable disk error
FATAL out of memory
INFO request from 192.168.107.168
WARN retry attempt 192.168.197.186 for 37639
WARN retry attempt 192.168.211.158 for 53940
FATAL kernel panic
FATAL unrecoverable disk error
DEBUG heap size: 192.168.92.139
INFO connection established
WARN slow query: 192.168.60.30ms
INFO request from 192.168.178.215
ERROR null pointer in module 192.168.107.168
WARN retry attempt 192.168.178.6 for 60542
ERROR connection timeout 503
INFO request from 192.168.82.31
DEBUG variable x=192.168.197.186
DEBUG cache hit for key=192.168.107.168
INFO request from 192.168.107.168
DEBUG entering function foo
INFO request from 192.168.193.243
INFO connection established
INFO user 192.168.107.168 logged in
ERROR connection timeout 503
INFO processed 192.168.36.209 items
INFO user 192.168.229.48 logged in
ERROR connection timeout 503
DEBUG entering function foo
WARN memory threshold reached: 192.168.211.158MB
ERROR auth failure for user 192.168.229.48
DEBUG heap size: 192.168.142.104
DEBUG variable x=192.168.142.104
ERROR connection timeout 503
INFO user 192.168.219.168 logged in
ERROR file not found: /tmp/192.168.197.186.log
INFO processed 192.168.142.104 items
FATAL out of memory
INFO connection established
FATAL unrecoverable disk error
WARN retry attempt 192.168.219.168 for 87868
WARN retry attempt 192.168.189.144 for 5050
INFO request from 192.168.211.158
WARN retry attempt 192.168.211.158 for 3060
ERROR connection timeout 503
ERROR file not found: /tmp/192.168.193.243.log
FATAL kernel panic
INFO user 192.168.219.168 logged in
FATAL out of memory
ERROR connection timeout 503
FATAL out of memory
ERROR file not found: /tmp/192.168.219.168.log
FATAL out of memory
DEBUG heap size: 192.168.197.186
DEBUG variable x=192.168.92.139
INFO processed 192.168.60.30 items
DEBUG heap size: 192.168.142.104
WARN slow query: 192.168.178.215ms
DEBUG heap size: 192.168.215.207
INFO user 192.168.189.144 logged in
INFO connection established
ERROR file not found: /tmp/192.168.9.50.log
FATAL segfault at address 0x192.168.229.48
DEBUG heap size: 192.168.60.30
INFO connection established
ERROR file not found: /tmp/192.168.193.243.log
DEBUG cache hit for key=192.168.178.215
ERROR auth failure for user 192.168.82.31
WARN slow query: 192.168.219.168ms
FATAL segfault at address 0x192.168.178.215
DEBUG cache hit for key=192.168.57.185
DEBUG heap size: 192.168.107.168
WARN retry attempt 192.168.39.155 for 63817
DEBUG variable x=192.168.229.48
FATAL kernel panic
DEBUG variable x=192.168.82.31
FATAL unrecoverable disk error
FATAL out of memory
ERROR file not found: /tmp/192.168.36.209.log
FATAL out of memory
ERROR null pointer in module 192.168.141.220
INFO connection established
FATAL unrecoverable disk error
INFO request from 192.168.92.139
DEBUG variable x=192.168.178.215
INFO request from 192.168.60.30
DEBUG cache hit for key=192.168.193.243
ERROR auth failure for user 192.168.9.50
ERROR file not found: /tmp/192.168.60.30.log
FATAL unrecoverable disk error
FATAL segfault at address 0x192.168.141.220
WARN memory threshold reached: 192.168.189.144MB
INFO processed 192.168.60.30 items
FATAL segfault at address 0x192.168.92.139
FATAL out of memory
WARN memory threshold reached: 192.168.92.139MB
FATAL kernel panic
FATAL unrecoverable disk error
WARN slow query: 192.168.178.215ms
ERROR file not found: /tmp/192.168.82.31.log
INFO processed 192.168.211.158 items
INFO user 192.168.189.144 logged in
WARN retry attempt 192.168.9.50 for 72373
DEBUG cache hit for key=192.168.219.168
ERROR null pointer in module 192.168.36.209
DEBUG variable x=192.168.39.155
ERROR auth failure for user 192.168.189.144
DEBUG heap size: 192.168.57.185
INFO request from 192.168.92.139
ERROR connection timeout 503
ERROR file not found: /tmp/192.168.107.168.log
ERROR null pointer in module 192.168.39.155
FATAL segfault at address 0x192.168.92.139
WARN disk usage 192.168.211.158%
FATAL kernel panic
INFO connection established
DEBUG entering function foo
WARN disk usage 192.168.60.30%
DEBUG heap size: 192.168.219.168
DEBUG entering function foo
INFO user 192.168.36.209 logged in
ERROR file not found: /tmp/192.168.178.215.log
WARN memory threshold reached: 192.168.82.31MB
INFO user 192.168.178.215 logged in
FATAL segfault at address 0x192.168.121.141
FATAL unrecoverable disk error
INFO user 192.168.178.215 logged in
DEBUG variable x=192.168.178.6
WARN memory threshold reached: 192.168.60.30MB
INFO request from 192.168.39.155
INFO processed 192.168.193.243 items
DEBUG variable x=192.168.36.209
FATAL out of memory
WARN slow query: 192.168.219.168ms
INFO connection established
ERROR connection timeout 503
DEBUG heap size: 192.168.39.155
WARN retry attempt 192.168.141.220 for 33937
ERROR auth failure for user 192.168.189.144
FATAL out of memory
FATAL unrecoverable disk error
INFO user 192.168.57.185 logged in
ERROR file not found: /tmp/192.168.60.30.log
ERROR auth failure for user 192.168.193.243
INFO connection established
WARN retry attempt 192.168.92.139 for 54702
INFO request from 192.168.107.168
FATAL unrecoverable disk error
DEBUG cache hit for key=192.168.197.186
ERROR file not found: /tmp/192.168.197.186.log
WARN memory threshold reached: 192.168.9.50MB
INFO request from 192.168.36.209
INFO user 192.168.92.139 logged in
WARN retry attempt 192.168.36.209 for 24903
FATAL segfault at address 0x192.168.178.6
WARN slow query: 192.168.121.141ms
FATAL segfault at address 0x192.168.178.215
WARN disk usage 192.168.121.141%
ERROR auth failure for user 192.168.229.48
FATAL kernel panic
DEBUG cache hit for key=192.168.197.186
ERROR file not found: /tmp/192.168.189.144.log
INFO connection established
WARN slow query: 192.168.92.139ms
ERROR file not found: /tmp/192.168.178.215.log
FATAL out of memory
WARN memory threshold reached: 192.168.211.158MB
ERROR auth failure for user 192.168.57.185
WARN memory threshold reached: 192.168.178.215MB
INFO user 192.168.178.6 logged in
FATAL segfault at address 0x192.168.141.220
FATAL kernel panic
DEBUG entering function foo
DEBUG entering function foo
DEBUG cache hit for key=192.168.215.207
ERROR connection timeout 503
FATAL unrecoverable disk error
ERROR connection timeout 503
WARN slow query: 192.168.178.215ms
ERROR file not found: /tmp/192.168.193.243.log
DEBUG variable x=192.168.92.139
DEBUG entering function foo
WARN disk usage 192.168.57.185%
FATAL out of memory
FATAL unrecoverable disk error
FATAL out of memory
WARN slow query: 192.168.219.168ms
FATAL unrecoverable disk error
DEBUG heap size: 192.168.39.155
DEBUG heap size: 192.168.92.139
ERROR null pointer in module 192.168.215.207
DEBUG entering function foo
FATAL out of memory
DEBUG heap size: 192.168.219.168
FATAL unrecoverable disk error
INFO user 192.168.92.139 logged in
FATAL kernel panic
INFO user 192.168.60.30 logged in
ERROR auth failure for user 192.168.141.220
INFO request from 192.168.211.158
DEBUG variable x=192.168.141.220
WARN slow query: 192.168.178.215ms
INFO user 192.168.219.168 logged in
ERROR auth failure for user 192.168.229.48
WARN disk usage 192.168.229.48%
ERROR connection timeout 503
ERROR file not found: /tmp/192.168.142.104.log
DEBUG heap size: 192.168.219.168
INFO connection established
INFO processed 192.168.121.141 items
DEBUG heap size: 192.168.92.139
ERROR auth failure for user 192.168.60.30
FATAL kernel panic
ERROR file not found: /tmp/192.168.57.185.log
ERROR auth failure for user 192.168.197.186
DEBUG entering function foo
DEBUG entering function foo
INFO processed 192.168.82.31 items
ERROR null pointer in module 192.168.121.141
INFO processed 192.168.178.215 items
WARN memory threshold reached: 192.168.193.243MB
DEBUG cache hit for key=192.168.193.243
INFO processed 192.168.60.30 items
INFO processed 192.168.219.168 items
ERROR null pointer in module 192.168.193.243
FATAL segfault at address 0x192.168.178.215
ERROR auth failure for user 192.168.121.141
ERROR null pointer in module 192.168.197.186
ERROR auth failure for user 192.168.215.207
DEBUG heap size: 192.168.9.50
INFO user 192.168.211.158 logged in
DEBUG entering function foo
WARN memory threshold reached: 192.168.215.207MB
FATAL out of memory
INFO connection established
WARN retry attempt 192.168.60.30 for 54931
DEBUG heap size: 192.168.197.186
FATAL kernel panic
ERROR file not found: /tmp/192.168.197.186.log
DEBUG entering function foo
WARN disk usage 192.168.193.243%
ERROR file not found: /tmp/192.168.9.50.log
WARN slow query: 192.168.219.168ms
INFO request from 192.168.39.155
FATAL segfault at address 0x192.168.9.50
WARN retry attempt 192.168.57.185 for 18443
ERROR connection timeout 503
DEBUG cache hit for key=192.168.57.185
WARN slow query: 192.168.9.50ms
WARN slow query: 192.168.92.139ms
FATAL kernel panic
FATAL out of memory
DEBUG cache hit for key=192.168.211.158
DEBUG cache hit for key=192.168.219.168
WARN retry attempt 192.168.197.186 for 65649
INFO connection established
WARN disk usage 192.168.107.168%
INFO user 192.168.189.144 logged in
INFO user 192.168.211.158 logged in
WARN disk usage 192.168.36.209%
DEBUG heap size: 192.168.39.155
ERROR auth failure for user 192.168.142.104
DEBUG entering function foo
WARN memory threshold reached: 192.168.60.30MB
WARN retry attempt 192.168.178.6 for 39343
INFO request from 192.168.121.141
WARN retry attempt 192.168.193.243 for 69733
ERROR file not found: /tmp/192.168.60.30.log
WARN retry attempt 192.168.229.48 for 39870
DEBUG entering function foo
DEBUG heap size: 192.168.121.141
ERROR file not found: /tmp/192.168.141.220.log
FATAL out of memory
ERROR connection timeout 503
WARN memory threshold reached: 192.168.121.141MB
WARN retry attempt 192.168.57.185 for 61757
INFO user 192.168.193.243 logged in
INFO user 192.168.39.155 logged in
FATAL unrecoverable disk error
DEBUG heap size: 192.168.36.209
INFO processed 192.168.215.207 items
INFO processed 192.168.36.209 items
ERROR connection timeout 503
DEBUG entering function foo
DEBUG entering function foo
DEBUG heap size: 192.168.9.50
FATAL kernel panic
FATAL kernel panic
ERROR auth failure for user 192.168.197.186
WARN disk usage 192.168.82.31%
ERROR connection timeout 503
DEBUG entering function foo
INFO connection established
ERROR auth failure for user 192.168.197.186
DEBUG heap size: 192.168.57.185
INFO connection established
ERROR file not found: /tmp/192.168.215.207.log
INFO user 192.168.36.209 logged in
WARN disk usage 192.168.9.50%
ERROR connection timeout 503
DEBUG cache hit for key=192.168.107.168
ERROR auth failure for user 192.168.92.139
DEBUG entering function foo
ERROR null pointer in module 192.168.211.158
ERROR connection timeout 503
FATAL segfault at address 0x192.168.107.168
FATAL kernel panic
FATAL segfault at address 0x192.168.197.186
FATAL kernel panic
INFO user 192.168.57.185 logged in
DEBUG cache hit for key=192.168.189.144
INFO connection established
FATAL segfault at address 0x192.168.36.209
FATAL out of memory
ERROR null pointer in module 192.168.229.48
WARN memory threshold reached: 192.168.82.31MB
ERROR null pointer in module 192.168.219.168
ERROR file not found: /tmp/192.168.92.139.log
DEBUG variable x=192.168.142.104
ERROR auth failure for user 192.168.9.50
INFO user 192.168.193.243 logged in
FATAL segfault at address 0x192.168.141.220
WARN disk usage 192.168.215.207%
DEBUG variable x=192.168.60.30
INFO user 192.168.142.104 logged in
ERROR file not found: /tmp/192.168.121.141.log
WARN retry attempt 192.168.121.141 for 78423
INFO request from 192.168.57.185
ERROR connection timeout 503
INFO request from 192.168.92.139
WARN disk usage 192.168.219.168%
DEBUG heap size: 192.168.57.185
WARN memory threshold reached: 192.168.141.220MB
ERROR null pointer in module 192.168.211.158
INFO user 192.168.36.209 logged in
WARN memory threshold reached: 192.168.211.158MB
WARN disk usage 192.168.82.31%
ERROR null pointer in module 192.168.57.185
FATAL unrecoverable disk error
DEBUG heap size: 192.168.9.50
ERROR connection timeout 503
INFO request from 192.168.178.215
DEBUG cache hit for key=192.168.215.207
INFO user 192.168.178.6 logged in
INFO request from 192.168.92.139
WARN retry attempt 192.168.39.155 for 82374
DEBUG variable x=192.168.57.185
FATAL out of memory
WARN disk usage 192.168.60.30%
FATAL unrecoverable disk error
ERROR file not found: /tmp/192.168.229.48.log
FATAL kernel panic
FATAL segfault at address 0x192.168.219.168
INFO connection established
INFO connection established
INFO connection established
WARN disk usage 192.168.178.215%
INFO user 192.168.92.139 logged in
WARN slow query: 192.168.142.104ms
ERROR null pointer in module 192.168.60.30
INFO request from 192.168.178.215
DEBUG variable x=192.168.36.209
WARN retry attempt 192.168.178.215 for 6670
WARN slow query: 192.168.178.215ms
FATAL kernel panic
FATAL segfault at address 0x192.168.142.104
ERROR connection timeout 503
DEBUG entering function foo
INFO user 192.168.197.186 logged in
INFO request from 192.168.141.220
DEBUG cache hit for key=192.168.178.6
FATAL unrecoverable disk error
ERROR file not found: /tmp/192.168.57.185.log
WARN disk usage 192.168.211.158%
DEBUG heap size: 192.168.229.48
INFO processed 192.168.9.50 items
WARN memory threshold reached: 192.168.229.48MB
ERROR file not found: /tmp/192.168.197.186.log
DEBUG cache hit for key=192.168.197.186
ERROR null pointer in module 192.168.9.50
ERROR connection timeout 503
ERROR null pointer in module 192.168.197.186
DEBUG entering function foo
ERROR auth failure for user 192.168.219.168
WARN memory threshold reached: 192.168.193.243MB
INFO request from 192.168.215.207
INFO processed 192.168.36.209 items
INFO request from 192.168.92.139
FATAL unrecoverable disk error
ERROR file not found: /tmp/192.168.9.50.log
DEBUG entering function foo
DEBUG variable x=192.168.57.185
ERROR connection timeout 503
WARN disk usage 192.168.189.144%
INFO request from 192.168.141.220
FATAL out of memory
WARN slow query: 192.168.219.168ms
INFO user 192.168.9.50 logged in
ERROR connection timeout 503
FATAL out of memory
INFO user 192.168.121.141 logged in
ERROR file not found: /tmp/192.168.60.30.log
DEBUG heap size: 192.168.39.155
DEBUG cache hit for key=192.168.141.220
DEBUG heap size: 192.168.39.155
DEBUG cache hit for key=192.168.36.209
FATAL kernel panic
ERROR null pointer in module 192.168.215.207
FATAL unrecoverable disk error
DEBUG cache hit for key=192.168.178.215
FATAL unrecoverable disk error
ERROR null pointer in module 192.168.197.186
INFO processed 192.168.229.48 items
DEBUG heap size: 192.168.141.220
FATAL kernel panic
DEBUG heap size: 192.168.39.155
DEBUG cache hit for key=192.168.92.139
INFO processed 192.168.121.141 items
FATAL unrecoverable disk error
ERROR null pointer in module 192.168.39.155
INFO connection established
WARN disk usage 192.168.107.168%
WARN slow query: 192.168.121.141ms
ERROR auth failure for user 192.168.36.209
INFO processed 192.168.178.215 items
FATAL out of memory
DEBUG heap size: 192.168.92.139
WARN retry attempt 192.168.36.209 for 13025
FATAL out of memory
FATAL kernel panic
WARN slow query: 192.168.197.186ms
ERROR connection timeout 503
DEBUG cache hit for key=192.168.229.48
INFO processed 192.168.92.139 items
DEBUG variable x=192.168.107.168
DEBUG variable x=192.168.57.185
ERROR null pointer in module 192.168.178.6
INFO user 192.168.141.220 logged in
WARN retry attempt 192.168.82.31 for 80000
DEBUG cache hit for key=192.168.229.48
FATAL out of memory
ERROR connection timeout 503
INFO processed 192.168.107.168 items
WARN retry attempt 192.168.57.185 for 41342
FATAL segfault at address 0x192.168.60.30
WARN memory threshold reached: 192.168.215.207MB
INFO connection established
ERROR file not found: /tmp/192.168.60.30.log
INFO connection established
INFO user 192.168.178.215 logged in
WARN retry attempt 192.168.57.185 for 52240
FATAL segfault at address 0x192.168.39.155
FATAL kernel panic
ERROR connection timeout 503
INFO connection established
WARN memory threshold reached: 192.168.229.48MB
ERROR file not found: /tmp/192.168.39.155.log
INFO connection established
WARN slow query: 192.168.178.6ms
ERROR null pointer in module 192.168.121.141
WARN retry attempt 192.168.178.6 for 5167
INFO connection established
DEBUG variable x=192.168.219.168
INFO request from 192.168.219.168
DEBUG variable x=192.168.92.139
WARN retry attempt 192.168.107.168 for 11324
DEBUG cache hit for key=192.168.178.6
INFO user 192.168.178.215 logged in
INFO user 192.168.215.207 logged in
ERROR file not found: /tmp/192.168.211.158.log
WARN retry attempt 192.168.9.50 for 21287
WARN retry attempt 192.168.229.48 for 53274
FATAL segfault at address 0x192.168.193.243
ERROR connection timeout 503
DEBUG heap size: 192.168.142.104
FATAL out of memory
FATAL segfault at address 0x192.168.219.168
FATAL out of memory
WARN disk usage 192.168.193.243%
WARN disk usage 192.168.121.141%
INFO request from 192.168.229.48
FATAL unrecoverable disk error
INFO connection established
DEBUG entering function foo
INFO request from 192.168.193.243
WARN retry attempt 192.168.121.141 for 61191
ERROR connection timeout 503
ERROR auth failure for user 192.168.197.186
DEBUG cache hit for key=192.168.178.215
FATAL segfault at address 0x192.168.189.144
INFO user 192.168.178.215 logged in
DEBUG cache hit for key=192.168.121.141
DEBUG entering function foo
WARN retry attempt 192.168.57.185 for 24150
WARN memory threshold reached: 192.168.82.31MB
DEBUG cache hit for key=192.168.57.185
ERROR null pointer in module 192.168.60.30
ERROR connection timeout 503
FATAL kernel panic
WARN disk usage 192.168.229.48%
FATAL out of memory
FATAL unrecoverable disk error
FATAL kernel panic
DEBUG cache hit for key=192.168.142.104
ERROR null pointer in module 192.168.229.48
DEBUG entering function foo
ERROR connection timeout 503
WARN disk usage 192.168.121.141%
ERROR auth failure for user 192.168.142.104
ERROR connection timeout 503
DEBUG heap size: 192.168.197.186
DEBUG variable x=192.168.57.185
INFO processed 192.168.60.30 items
DEBUG variable x=192.168.178.6
FATAL kernel panic
ERROR connection timeout 503
INFO processed 192.168.189.144 items
INFO connection established
WARN disk usage 192.168.107.168%
INFO request from 192.168.92.139
ERROR null pointer in module 192.168.60.30
WARN disk usage 192.168.36.209%
FATAL out of memory
FATAL out of memory
ERROR auth failure for user 192.168.60.30
FATAL kernel panic
FATAL unrecoverable disk error
FATAL unrecoverable disk error
WARN retry attempt 192.168.60.30 for 54840
ERROR null pointer in module 192.168.60.30
ERROR file not found: /tmp/192.168.36.209.log
DEBUG heap size: 192.168.215.207
DEBUG cache hit for key=192.168.9.50
ERROR auth failure for user 192.168.178.215
DEBUG cache hit for key=192.168.215.207
DEBUG cache hit for key=192.168.141.220
DEBUG cache hit for key=192.168.178.215
FATAL segfault at address 0x192.168.178.215
INFO request from 192.168.193.243
DEBUG variable x=192.168.9.50
WARN memory threshold reached: 192.168.219.168MB
ERROR connection timeout 503
FATAL segfault at address 0x192.168.219.168
DEBUG entering function foo
ERROR auth failure for user 192.168.121.141
FATAL kernel panic
FATAL kernel panic
INFO request from 192.168.197.186
INFO processed 192.168.142.104 items
ERROR file not found: /tmp/192.168.141.220.log
FATAL out of memory
DEBUG variable x=192.168.229.48
INFO processed 192.168.39.155 items
DEBUG variable x=192.168.121.141
WARN memory threshold reached: 192.168.193.243MB
FATAL segfault at address 0x192.168.60.30
FATAL out of memory
ERROR connection timeout 503
FATAL segfault at address 0x192.168.215.207
WARN disk usage 192.168.178.6%
INFO user 192.168.121.141 logged in
INFO user 192.168.39.155 logged in
DEBUG entering function foo
ERROR file not found: /tmp/192.168.215.207.log
FATAL unrecoverable disk error
FATAL segfault at address 0x192.168.197.186
ERROR file not found: /tmp/192.168.141.220.log
WARN disk usage 192.168.193.243%
DEBUG variable x=192.168.215.207
FATAL unrecoverable disk error
ERROR auth failure for user 192.168.60.30
DEBUG entering function foo
ERROR connection timeout 503
DEBUG cache hit for key=192.168.141.220
INFO connection established
WARN memory threshold reached: 192.168.178.6MB
INFO processed 192.168.219.168 items
INFO user 192.168.36.209 logged in
WARN disk usage 192.168.60.30%
WARN slow query: 192.168.197.186ms
INFO user 192.168.211.158 logged in
FATAL kernel panic
FATAL segfault at address 0x192.168.189.144
WARN slow query: 192.168.197.186ms
WARN slow query: 192.168.142.104ms
INFO connection established
FATAL kernel panic
FATAL out of memory
FATAL unrecoverable disk error
DEBUG heap size: 192.168.107.168
DEBUG heap size: 192.168.229.48
WARN slow query: 192.168.60.30ms
INFO request from 192.168.211.158
FATAL out of memory
ERROR auth failure for user 192.168.211.158
INFO processed 192.168.82.31 items
DEBUG entering function foo
ERROR connection timeout 503
INFO connection established
INFO user 192.168.189.144 logged in
FATAL unrecoverable disk error
DEBUG entering function foo
INFO request from 192.168.36.209
DEBUG heap size: 192.168.193.243
FATAL unrecoverable disk error
DEBUG heap size: 192.168.39.155
WARN retry attempt 192.168.229.48 for 41182
INFO connection established
INFO user 192.168.219.168 logged in
INFO processed 192.168.141.220 items
DEBUG variable x=192.168.197.186
WARN disk usage 192.168.92.139%
INFO connection established
DEBUG cache hit for key=192.168.141.220
FATAL kernel panic
FATAL unrecoverable disk error
WARN memory threshold reached: 192.168.193.243MB
INFO processed 192.168.193.243 items
ERROR file not found: /tmp/192.168.141.220.log
FATAL segfault at address 0x192.168.178.215
FATAL out of memory
ERROR file not found: /tmp/192.168.82.31.log
INFO request from 192.168.60.30
DEBUG cache hit for key=192.168.82.31
WARN slow query: 192.168.229.48ms
FATAL kernel panic
ERROR null pointer in module 192.168.107.168
WARN retry attempt 192.168.92.139 for 24459
FATAL kernel panic
DEBUG heap size: 192.168.178.6
ERROR connection timeout 503
INFO processed 192.168.197.186 items
WARN memory threshold reached: 192.168.189.144MB
ERROR auth failure for user 192.168.57.185
ERROR auth failure for user 192.168.197.186
DEBUG heap size: 192.168.229.48
INFO connection established
DEBUG heap size: 192.168.57.185
FATAL kernel panic
INFO processed 192.168.211.158 items
WARN disk usage 192.168.178.6%
INFO processed 192.168.92.139 items
FATAL unrecoverable disk error
INFO processed 192.168.57.185 items
DEBUG variable x=192.168.142.104
ERROR file not found: /tmp/192.168.82.31.log
WARN disk usage 192.168.193.243%
DEBUG variable x=192.168.107.168
WARN slow query: 192.168.57.185ms
INFO request from 192.168.92.139
FATAL unrecoverable disk error
ERROR auth failure for user 192.168.82.31
DEBUG variable x=192.168.60.30
WARN memory threshold reached: 192.168.39.155MB
FATAL out of memory
ERROR null pointer in module 192.168.107.168
DEBUG variable x=192.168.178.6
DEBUG cache hit for key=192.168.215.207
WARN slow query: 192.168.193.243ms
FATAL kernel panic
INFO user 192.168.39.155 logged in
DEBUG variable x=192.168.211.158
INFO user 192.168.82.31 logged in
DEBUG cache hit for key=192.168.82.31
ERROR file not found: /tmp/192.168.215.207.log
ERROR file not found: /tmp/192.168.36.209.log
FATAL unrecoverable disk error
WARN retry attempt 192.168.9.50 for 71460
ERROR null pointer in module 192.168.121.141
ERROR auth failure for user 192.168.215.207
WARN disk usage 192.168.60.30%
DEBUG variable x=192.168.36.209
FATAL unrecoverable disk error
FATAL kernel panic
FATAL segfault at address 0x192.168.211.158
FATAL segfault at address 0x192.168.219.168
DEBUG cache hit for key=192.168.92.139
ERROR auth failure for user 192.168.107.168
DEBUG variable x=192.168.189.144
FATAL kernel panic
DEBUG entering function foo
ERROR auth failure for user 192.168.36.209
DEBUG variable x=192.168.178.6
ERROR file not found: /tmp/192.168.36.209.log
INFO connection established
ERROR file not found: /tmp/192.168.107.168.log
INFO user 192.168.215.207 logged in
DEBUG cache hit for key=192.168.178.6
WARN slow query: 192.168.9.50ms
FATAL kernel panic
INFO user 192.168.121.141 logged in
WARN slow query: 192.168.92.139ms
DEBUG entering function foo
INFO processed 192.168.219.168 items
WARN disk usage 192.168.9.50%
WARN memory threshold reached: 192.168.57.185MB
DEBUG entering function foo
FATAL kernel panic
INFO processed 192.168.121.141 items
ERROR null pointer in module 192.168.60.30
INFO request from 192.168.36.209
ERROR connection timeout 503
FATAL out of memory
DEBUG heap size: 192.168.82.31
FATAL unrecoverable disk error
FATAL segfault at address 0x192.168.39.155
INFO connection established
WARN disk usage 192.168.121.141%
INFO request from 192.168.60.30
ERROR connection timeout 503
FATAL out of memory
DEBUG entering function foo
INFO user 192.168.36.209 logged in
FATAL unrecoverable disk error
FATAL out of memory
ERROR file not found: /tmp/192.168.121.141.log
WARN retry attempt 192.168.107.168 for 42294
INFO processed 192.168.211.158 items
WARN retry attempt 192.168.36.209 for 86263
INFO request from 192.168.178.215
ERROR null pointer in module 192.168.92.139
FATAL segfault at address 0x192.168.60.30
ERROR connection timeout 503
ERROR auth failure for user 192.168.121.141
ERROR auth failure for user 192.168.36.209
DEBUG cache hit for key=192.168.9.50
FATAL segfault at address 0x192.168.60.30
WARN slow query: 192.168.107.168ms
WARN retry attempt 192.168.229.48 for 26686
FATAL kernel panic
FATAL unrecoverable disk error
INFO processed 192.168.107.168 items
DEBUG heap size: 192.168.141.220
FATAL segfault at address 0x192.168.178.215
DEBUG variable x=192.168.57.185
WARN retry attempt 192.168.211.158 for 18396
ERROR null pointer in module 192.168.219.168
WARN memory threshold reached: 192.168.215.207MB
ERROR connection timeout 503
FATAL kernel panic
INFO user 192.168.215.207 logged in
ERROR file not found: /tmp/192.168.229.48.log
DEBUG cache hit for key=192.168.178.6
DEBUG variable x=192.168.39.155
WARN slow query: 192.168.189.144ms
WARN retry attempt 192.168.107.168 for 76008
INFO processed 192.168.219.168 items
DEBUG entering function foo
DEBUG variable x=192.168.197.186
ERROR auth failure for user 192.168.142.104
FATAL out of memory
WARN disk usage 192.168.39.155%
WARN slow query: 192.168.141.220ms
FATAL unrecoverable disk error
WARN slow query: 192.168.189.144ms
INFO connection established
ERROR file not found: /tmp/192.168.142.104.log
INFO request from 192.168.142.104
INFO connection established
DEBUG cache hit for key=192.168.60.30
WARN retry attempt 192.168.9.50 for 31205
ERROR file not found: /tmp/192.168.189.144.log
INFO connection established
ERROR auth failure for user 192.168.57.185
WARN disk usage 192.168.215.207%
WARN memory threshold reached: 192.168.36.209MB
ERROR file not found: /tmp/192.168.60.30.log
DEBUG heap size: 192.168.189.144
INFO user 192.168.9.50 logged in
WARN retry attempt 192.168.92.139 for 99470
DEBUG variable x=192.168.107.168
ERROR auth failure for user 192.168.189.144
INFO user 192.168.219.168 logged in
DEBUG heap size: 192.168.215.207
ERROR connection timeout 503
ERROR connection timeout 503
ERROR null pointer in module 192.168.193.243
FATAL out of memory
DEBUG cache hit for key=192.168.215.207
DEBUG entering function foo
WARN retry attempt 192.168.57.185 for 17008
INFO request from 192.168.211.158
WARN disk usage 192.168.36.209%
ERROR null pointer in module 192.168.9.50
DEBUG cache hit for key=192.168.197.186
FATAL unrecoverable disk error
WARN slow query: 192.168.193.243ms
WARN retry attempt 192.168.178.6 for 20314
FATAL kernel panic
FATAL kernel panic
WARN memory threshold reached: 192.168.178.6MB
ERROR null pointer in module 192.168.215.207
INFO processed 192.168.215.207 items
DEBUG cache hit for key=192.168.82.31
FATAL kernel panic
ERROR auth failure for user 192.168.229.48
WARN retry attempt 192.168.82.31 for 16162
DEBUG cache hit for key=192.168.193.243
DEBUG entering function foo
ERROR null pointer in module 192.168.82.31
DEBUG cache hit for key=192.168.36.209
WARN memory threshold reached: 192.168.193.243MB
INFO user 192.168.141.220 logged in
FATAL unrecoverable disk error
WARN retry attempt 192.168.215.207 for 95247
FATAL kernel panic
DEBUG variable x=192.168.215.207
ERROR file not found: /tmp/192.168.121.141.log
INFO request from 192.168.189.144
INFO processed 192.168.211.158 items
INFO processed 192.168.60.30 items
INFO processed 192.168.197.186 items
INFO request from 192.168.141.220
WARN slow query: 192.168.189.144ms
WARN retry attempt 192.168.229.48 for 82021
WARN memory threshold reached: 192.168.121.141MB
INFO processed 192.168.193.243 items
FATAL kernel panic
INFO request from 192.168.211.158
INFO connection established
DEBUG entering function foo
ERROR null pointer in module 192.168.142.104
ERROR auth failure for user 192.168.197.186
DEBUG cache hit for key=192.168.178.215
FATAL kernel panic
FATAL segfault at address 0x192.168.82.31
DEBUG variable x=192.168.82.31
FATAL unrecoverable disk error
FATAL segfault at address 0x192.168.57.185
DEBUG heap size: 192.168.60.30
ERROR auth failure for user 192.168.92.139
WARN memory threshold reached: 192.168.189.144MB
WARN retry attempt 192.168.82.31 for 13975
FATAL out of memory
ERROR connection timeout 503
DEBUG heap size: 192.168.9.50
DEBUG heap size: 192.168.9.50
INFO connection established
FATAL segfault at address 0x192.168.39.155
ERROR file not found: /tmp/192.168.107.168.log
FATAL kernel panic
WARN disk usage 192.168.36.209%
INFO request from 192.168.141.220
ERROR file not found: /tmp/192.168.211.158.log
ERROR null pointer in module 192.168.211.158
DEBUG variable x=192.168.197.186
INFO request from 192.168.211.158
DEBUG cache hit for key=192.168.215.207
WARN retry attempt 192.168.189.144 for 73073
ERROR auth failure for user 192.168.142.104
FATAL out of memory
INFO connection established
FATAL kernel panic
FATAL segfault at address 0x192.168.141.220
WARN memory threshold reached: 192.168.197.186MB
WARN memory threshold reached: 192.168.193.243MB
INFO user 192.168.39.155 logged in
INFO user 192.168.141.220 logged in
DEBUG entering function foo
ERROR auth failure for user 192.168.219.168
FATAL out of memory
WARN memory threshold reached: 192.168.121.141MB
FATAL segfault at address 0x192.168.178.6
WARN retry attempt 192.168.211.158 for 49176
ERROR null pointer in module 192.168.193.243
FATAL segfault at address 0x192.168.178.6
FATAL kernel panic
WARN disk usage 192.168.107.168%
FATAL out of memory
ERROR file not found: /tmp/192.168.193.243.log
INFO request from 192.168.82.31
ERROR auth failure for user 192.168.229.48
WARN retry attempt 192.168.9.50 for 7166
ERROR auth failure for user 192.168.82.31
FATAL unrecoverable disk error
INFO connection established
FATAL unrecoverable disk error
WARN retry attempt 192.168.82.31 for 7583
WARN slow query: 192.168.92.139ms
DEBUG entering function foo
WARN retry attempt 192.168.141.220 for 69920
INFO request from 192.168.178.6
ERROR auth failure for user 192.168.60.30
DEBUG heap size: 192.168.57.185
FATAL out of memory
DEBUG heap size: 192.168.189.144
INFO processed 192.168.215.207 items
WARN disk usage 192.168.60.30%
ERROR connection timeout 503
DEBUG entering function foo
ERROR null pointer in module 192.168.107.168
ERROR connection timeout 503
ERROR null pointer in module 192.168.107.168
INFO processed 192.168.215.207 items
FATAL kernel panic
DEBUG entering function foo
WARN disk usage 192.168.178.6%
INFO processed 192.168.57.185 items
ERROR connection timeout 503
ERROR connection timeout 503
DEBUG variable x=192.168.82.31
FATAL unrecoverable disk error
ERROR file not found: /tmp/192.168.107.168.log
ERROR auth failure for user 192.168.193.243
INFO processed 192.168.107.168 items
INFO connection established
INFO processed 192.168.229.48 items
FATAL unrecoverable disk error
INFO request from 192.168.92.139
WARN memory threshold reached: 192.168.141.220MB
INFO request from 192.168.36.209
ERROR file not found: /tmp/192.168.141.220.log
ERROR auth failure for user 192.168.193.243
ERROR null pointer in module 192.168.142.104
WARN retry attempt 192.168.9.50 for 38867
ERROR null pointer in module 192.168.141.220
INFO user 192.168.142.104 logged in
ERROR connection timeout 503
ERROR file not found: /tmp/192.168.9.50.log
INFO request from 192.168.121.141
DEBUG heap size: 192.168.211.158
WARN slow query: 192.168.57.185ms
DEBUG entering function foo
WARN memory threshold reached: 192.168.219.168MB
FATAL segfault at address 0x192.168.229.48
DEBUG entering function foo
DEBUG heap size: 192.168.211.158
FATAL unrecoverable disk error
FATAL segfault at address 0x192.168.178.215
ERROR null pointer in module 192.168.107.168
FATAL out of memory
WARN retry attempt 192.168.189.144 for 53149
ERROR connection timeout 503
WARN disk usage 192.168.57.185%
INFO processed 192.168.82.31 items
ERROR connection timeout 503
ERROR connection timeout 503
ERROR null pointer in module 192.168.121.141
WARN retry attempt 192.168.82.31 for 52358
WARN slow query: 192.168.36.209ms
INFO connection established
WARN disk usage 192.168.193.243%
DEBUG variable x=192.168.142.104
INFO connection established
WARN disk usage 192.168.39.155%
WARN memory threshold reached: 192.168.92.139MB
WARN memory threshold reached: 192.168.39.155MB
ERROR connection timeout 503
ERROR auth failure for user 192.168.82.31
FATAL segfault at address 0x192.168.82.31
WARN slow query: 192.168.9.50ms
ERROR file not found: /tmp/192.168.229.48.log
WARN memory threshold reached: 192.168.189.144MB
INFO connection established
INFO processed 192.168.92.139 items
INFO connection established
DEBUG entering function foo
DEBUG variable x=192.168.121.141
WARN retry attempt 192.168.82.31 for 10972
DEBUG heap size: 192.168.9.50
FATAL segfault at address 0x192.168.219.168
DEBUG heap size: 192.168.219.168
ERROR connection timeout 503
INFO request from 192.168.189.144
INFO request from 192.168.189.144
FATAL unrecoverable disk error
DEBUG cache hit for key=192.168.36.209
DEBUG heap size: 192.168.141.220
DEBUG variable x=192.168.229.48
WARN slow query: 192.168.142.104ms
ERROR null pointer in module 192.168.193.243
WARN retry attempt 192.168.193.243 for 74171
FATAL unrecoverable disk error
INFO processed 192.168.229.48 items
DEBUG entering function foo
WARN slow query: 192.168.211.158ms
ERROR null pointer in module 192.168.189.144
FATAL kernel panic
INFO request from 192.168.36.209
FATAL kernel panic
WARN slow query: 192.168.178.215ms
WARN memory threshold reached: 192.168.142.104MB
WARN retry attempt 192.168.142.104 for 77522
ERROR auth failure for user 192.168.82.31
FATAL unrecoverable disk error
WARN disk usage 192.168.178.6%
WARN disk usage 192.168.121.141%
ERROR connection timeout 503
DEBUG heap size: 192.168.39.155
INFO connection established
WARN memory threshold reached: 192.168.121.141MB
DEBUG heap size: 192.168.36.209
INFO connection established
WARN retry attempt 192.168.178.215 for 34273
INFO user 192.168.215.207 logged in
ERROR auth failure for user 192.168.215.207
DEBUG cache hit for key=192.168.142.104
INFO connection established
INFO request from 192.168.36.209
WARN memory threshold reached: 192.168.178.6MB
FATAL segfault at address 0x192.168.189.144
DEBUG variable x=192.168.121.141
DEBUG entering function foo
FATAL unrecoverable disk error
ERROR auth failure for user 192.168.178.215
FATAL out of memory
DEBUG variable x=192.168.215.207
DEBUG entering function foo
WARN memory threshold reached: 192.168.92.139MB
FATAL kernel panic
INFO user 192.168.178.6 logged in
ERROR connection timeout 503
DEBUG heap size: 192.168.211.158
DEBUG cache hit for key=192.168.39.155
INFO request from 192.168.82.31
DEBUG variable x=192.168.189.144
INFO request from 192.168.142.104
ERROR auth failure for user 192.168.193.243
WARN disk usage 192.168.36.209%
ERROR null pointer in module 192.168.36.209
INFO processed 192.168.107.168 items
WARN disk usage 192.168.142.104%
WARN slow query: 192.168.178.215ms
WARN retry attempt 192.168.60.30 for 36850
WARN disk usage 192.168.82.31%
FATAL out of memory
ERROR null pointer in module 192.168.193.243
ERROR null pointer in module 192.168.197.186
DEBUG heap size: 192.168.39.155
INFO processed 192.168.178.215 items
ERROR file not found: /tmp/192.168.60.30.log
WARN retry attempt 192.168.178.6 for 37829
ERROR connection timeout 503
WARN disk usage 192.168.189.144%
WARN retry attempt 192.168.215.207 for 90407
WARN retry attempt 192.168.178.215 for 1940
INFO request from 192.168.215.207
ERROR auth failure for user 192.168.9.50
ERROR connection timeout 503
FATAL out of memory
ERROR file not found: /tmp/192.168.107.168.log
FATAL kernel panic
ERROR null pointer in module 192.168.60.30
INFO connection established
INFO request from 192.168.60.30
WARN disk usage 192.168.82.31%
WARN memory threshold reached: 192.168.229.48MB
INFO processed 192.168.211.158 items
INFO connection established
ERROR auth failure for user 192.168.193.243
WARN slow query: 192.168.229.48ms
ERROR connection timeout 503
FATAL kernel panic
FATAL unrecoverable disk error
WARN retry attempt 192.168.107.168 for 18354
FATAL segfault at address 0x192.168.178.215
FATAL unrecoverable disk error
FATAL segfault at address 0x192.168.9.50
DEBUG cache hit for key=192.168.211.158
WARN disk usage 192.168.219.168%
WARN disk usage 192.168.215.207%
ERROR connection timeout 503
WARN memory threshold reached: 192.168.219.168MB
FATAL unrecoverable disk error
INFO user 192.168.107.168 logged in
DEBUG entering function foo
INFO connection established
ERROR null pointer in module 192.168.193.243
WARN disk usage 192.168.193.243%
FATAL segfault at address 0x192.168.197.186
INFO connection established
INFO request from 192.168.107.168
DEBUG variable x=192.168.92.139
WARN disk usage 192.168.211.158%
INFO user 192.168.9.50 logged in
INFO user 192.168.36.209 logged in
ERROR connection timeout 503
ERROR file not found: /tmp/192.168.57.185.log
INFO connection established
WARN slow query: 192.168.219.168ms
INFO user 192.168.142.104 logged in
DEBUG variable x=192.168.60.30
INFO request from 192.168.107.168
FATAL out of memory
FATAL unrecoverable disk error
INFO processed 192.168.215.207 items
INFO connection established
FATAL kernel panic
WARN disk usage 192.168.92.139%
FATAL out of memory
DEBUG heap size: 192.168.219.168
FATAL kernel panic
WARN disk usage 192.168.141.220%
INFO processed 192.168.229.48 items
FATAL kernel panic
FATAL kernel panic
INFO user 192.168.39.155 logged in
INFO request from 192.168.215.207
ERROR null pointer in module 192.168.211.158
INFO connection established
DEBUG cache hit for key=192.168.107.168
FATAL kernel panic
INFO user 192.168.39.155 logged in
ERROR auth failure for user 192.168.9.50
INFO connection established
DEBUG entering function foo
FATAL kernel panic
WARN slow query: 192.168.142.104ms
ERROR file not found: /tmp/192.168.193.243.log
ERROR file not found: /tmp/192.168.141.220.log
INFO processed 192.168.178.6 items
WARN memory threshold reached: 192.168.39.155MB
FATAL segfault at address 0x192.168.57.185
WARN retry attempt 192.168.92.139 for 52055
DEBUG cache hit for key=192.168.197.186
INFO connection established
FATAL segfault at address 0x192.168.215.207
DEBUG heap size: 192.168.189.144
INFO connection established
FATAL kernel panic
INFO request from 192.168.107.168
WARN slow query: 192.168.219.168ms
DEBUG cache hit for key=192.168.82.31
DEBUG entering function foo
WARN retry attempt 192.168.189.144 for 99363
WARN slow query: 192.168.229.48ms
DEBUG variable x=192.168.36.209
FATAL out of memory
FATAL segfault at address 0x192.168.193.243
FATAL kernel panic
ERROR connection timeout 503
FATAL unrecoverable disk error
DEBUG heap size: 192.168.39.155
WARN slow query: 192.168.82.31ms
ERROR null pointer in module 192.168.142.104
INFO request from 192.168.142.104
WARN slow query: 192.168.82.31ms
WARN retry attempt 192.168.142.104 for 70956
DEBUG entering function foo
INFO request from 192.168.142.104
INFO processed 192.168.82.31 items
DEBUG variable x=192.168.92.139
FATAL segfault at address 0x192.168.9.50
INFO processed 192.168.141.220 items
ERROR file not found: /tmp/192.168.121.141.log
ERROR file not found: /tmp/192.168.92.139.log
WARN disk usage 192.168.219.168%
FATAL segfault at address 0x192.168.141.220
ERROR connection timeout 503
INFO request from 192.168.178.6
DEBUG heap size: 192.168.178.6
INFO processed 192.168.60.30 items
DEBUG cache hit for key=192.168.57.185
INFO connection established
DEBUG cache hit for key=192.168.60.30
WARN memory threshold reached: 192.168.60.30MB
WARN retry attempt 192.168.193.243 for 15237
DEBUG heap size: 192.168.36.209
FATAL out of memory
FATAL out of memory
ERROR connection timeout 503
INFO processed 192.168.229.48 items
FATAL kernel panic
INFO request from 192.168.193.243
ERROR connection timeout 503
ERROR connection timeout 503
FATAL out of memory
WARN disk usage 192.168.39.155%
ERROR null pointer in module 192.168.39.155
INFO connection established
ERROR auth failure for user 192.168.141.220
DEBUG entering function foo
WARN memory threshold reached: 192.168.215.207MB
WARN memory threshold reached: 192.168.39.155MB
FATAL unrecoverable disk error
FATAL kernel panic
DEBUG entering function foo
INFO connection established
ERROR file not found: /tmp/192.168.178.6.log
ERROR connection timeout 503
WARN disk usage 192.168.57.185%
DEBUG entering function foo
INFO connection established
FATAL kernel panic
ERROR file not found: /tmp/192.168.142.104.log
DEBUG entering function foo
INFO request from 192.168.197.186
INFO processed 192.168.39.155 items
ERROR connection timeout 503
FATAL segfault at address 0x192.168.178.215
DEBUG entering function foo
DEBUG cache hit for key=192.168.197.186
WARN slow query: 192.168.178.215ms
DEBUG entering function foo
WARN retry attempt 192.168.82.31 for 44064
FATAL out of memory
INFO connection established
WARN retry attempt 192.168.9.50 for 89797
WARN memory threshold reached: 192.168.60.30MB
DEBUG entering function foo
FATAL out of memory
FATAL segfault at address 0x192.168.107.168
WARN disk usage 192.168.142.104%
FATAL out of memory
ERROR null pointer in module 192.168.215.207
WARN memory threshold reached: 192.168.92.139MB
INFO connection established
FATAL unrecoverable disk error
DEBUG variable x=192.168.9.50
WARN retry attempt 192.168.215.207 for 10912
WARN memory threshold reached: 192.168.189.144MB
INFO user 192.168.107.168 logged in
WARN slow query: 192.168.60.30ms
ERROR auth failure for user 192.168.57.185
WARN disk usage 192.168.211.158%
DEBUG variable x=192.168.178.215
WARN retry attempt 192.168.219.168 for 79479
FATAL out of memory
INFO processed 192.168.57.185 items
FATAL kernel panic
WARN memory threshold reached: 192.168.229.48MB
INFO connection established
WARN memory threshold reached: 192.168.60.30MB
DEBUG entering function foo
INFO user 192.168.189.144 logged in
INFO processed 192.168.121.141 items
INFO request from 192.168.211.158
DEBUG variable x=192.168.215.207
WARN slow query: 192.168.193.243ms
FATAL out of memory
DEBUG heap size: 192.168.178.215
WARN retry attempt 192.168.211.158 for 23898
INFO request from 192.168.121.141
WARN slow query: 192.168.57.185ms
DEBUG entering function foo
INFO user 192.168.60.30 logged in
INFO processed 192.168.57.185 items
ERROR file not found: /tmp/192.168.178.215.log
INFO user 192.168.142.104 logged in
ERROR file not found: /tmp/192.168.189.144.log
WARN disk usage 192.168.92.139%
DEBUG heap size: 192.168.82.31
FATAL kernel panic
WARN retry attempt 192.168.189.144 for 62877
FATAL segfault at address 0x192.168.189.144
FATAL unrecoverable disk error
ERROR null pointer in module 192.168.189.144
INFO request from 192.168.57.185
WARN retry attempt 192.168.141.220 for 38703
ERROR null pointer in module 192.168.9.50
WARN memory threshold reached: 192.168.82.31MB
DEBUG cache hit for key=192.168.142.104
INFO connection established
ERROR file not found: /tmp/192.168.142.104.log
ERROR null pointer in module 192.168.121.141
FATAL unrecoverable disk error
INFO connection established
WARN disk usage 192.168.178.6%
ERROR null pointer in module 192.168.141.220
FATAL segfault at address 0x192.168.219.168
INFO user 192.168.193.243 logged in
DEBUG entering function foo
ERROR file not found: /tmp/192.168.60.30.log
INFO user 192.168.121.141 logged in
ERROR auth failure for user 192.168.60.30
FATAL out of memory
ERROR null pointer in module 192.168.189.144
INFO connection established
INFO request from 192.168.219.168
ERROR auth failure for user 192.168.219.168
ERROR null pointer in module 192.168.178.6
WARN retry attempt 192.168.107.168 for 79345
INFO processed 192.168.215.207 items
DEBUG cache hit for key=192.168.142.104
DEBUG cache hit for key=192.168.229.48
DEBUG heap size: 192.168.9.50
DEBUG entering function foo
WARN disk usage 192.168.141.220%
ERROR auth failure for user 192.168.178.6
DEBUG heap size: 192.168.36.209
FATAL kernel panic
ERROR connection timeout 503
ERROR connection timeout 503
DEBUG entering function foo
WARN slow query: 192.168.178.215ms
ERROR connection timeout 503
ERROR null pointer in module 192.168.215.207
FATAL out of memory
ERROR connection timeout 503
INFO connection established
INFO processed 192.168.82.31 items
WARN disk usage 192.168.92.139%
FATAL segfault at address 0x192.168.121.141
ERROR file not found: /tmp/192.168.57.185.log
FATAL unrecoverable disk error
DEBUG heap size: 192.168.229.48
ERROR auth failure for user 192.168.36.209
DEBUG entering function foo
INFO processed 192.168.107.168 items
ERROR null pointer in module 192.168.215.207
WARN disk usage 192.168.229.48%
WARN memory threshold reached: 192.168.107.168MB
WARN memory threshold reached: 192.168.178.6MB
DEBUG entering function foo
WARN memory threshold reached: 192.168.92.139MB
ERROR auth failure for user 192.168.107.168
INFO processed 192.168.82.31 items
ERROR null pointer in module 192.168.215.207
WARN memory threshold reached: 192.168.211.158MB
INFO request from 192.168.141.220
FATAL out of memory
ERROR auth failure for user 192.168.215.207
DEBUG heap size: 192.168.215.207
FATAL unrecoverable disk error
FATAL segfault at address 0x192.168.82.31
INFO processed 192.168.215.207 items
DEBUG heap size: 192.168.92.139
DEBUG entering function foo
INFO request from 192.168.178.215
ERROR file not found: /tmp/192.168.60.30.log
DEBUG heap size: 192.168.219.168
DEBUG cache hit for key=192.168.57.185
DEBUG heap size: 192.168.211.158
FATAL out of memory
INFO connection established
FATAL out of memory
DEBUG cache hit for key=192.168.142.104
FATAL kernel panic
DEBUG variable x=192.168.36.209
ERROR auth failure for user 192.168.197.186
WARN memory threshold reached: 192.168.193.243MB
DEBUG heap size: 192.168.9.50
INFO user 192.168.107.168 logged in
WARN retry attempt 192.168.189.144 for 83023
FATAL kernel panic
DEBUG entering function foo
DEBUG cache hit for key=192.168.219.168
INFO processed 192.168.229.48 items
FATAL unrecoverable disk error
FATAL out of memory
WARN retry attempt 192.168.178.215 for 30738
INFO request from 192.168.141.220
ERROR file not found: /tmp/192.168.193.243.log
DEBUG cache hit for key=192.168.141.220
DEBUG entering function foo
WARN slow query: 192.168.219.168ms
DEBUG cache hit for key=192.168.82.31
DEBUG entering function foo
DEBUG entering function foo
FATAL kernel panic
FATAL unrecoverable disk error
ERROR null pointer in module 192.168.107.168
FATAL kernel panic
INFO connection established
INFO processed 192.168.82.31 items
WARN disk usage 192.168.57.185%
DEBUG cache hit for key=192.168.36.209
ERROR auth failure for user 192.168.197.186
FATAL kernel panic
WARN retry attempt 192.168.189.144 for 89111
ERROR connection timeout 503
DEBUG variable x=192.168.39.155
ERROR null pointer in module 192.168.197.186
DEBUG variable x=192.168.57.185
INFO user 192.168.197.186 logged in
WARN memory threshold reached: 192.168.39.155MB
ERROR file not found: /tmp/192.168.39.155.log
FATAL segfault at address 0x192.168.189.144
ERROR connection timeout 503
ERROR auth failure for user 192.168.142.104
WARN memory threshold reached: 192.168.39.155MB
WARN disk usage 192.168.141.220%
FATAL unrecoverable disk error
ERROR file not found: /tmp/192.168.39.155.log
WARN memory threshold reached: 192.168.178.215MB
DEBUG entering function foo
INFO request from 192.168.142.104
ERROR auth failure for user 192.168.211.158
INFO user 192.168.178.6 logged in
ERROR null pointer in module 192.168.211.158
ERROR null pointer in module 192.168.215.207
INFO request from 192.168.36.209
DEBUG cache hit for key=192.168.121.141
WARN memory threshold reached: 192.168.197.186MB
ERROR connection timeout 503
ERROR file not found: /tmp/192.168.36.209.log
DEBUG entering function foo
DEBUG cache hit for key=192.168.178.215
FATAL out of memory
ERROR auth failure for user 192.168.189.144
DEBUG heap size: 192.168.9.50
FATAL out of memory
INFO connection established
ERROR connection timeout 503
DEBUG entering function foo
DEBUG heap size: 192.168.82.31
INFO connection established
WARN retry attempt 192.168.178.6 for 41567
INFO request from 192.168.197.186
DEBUG entering function foo
INFO processed 192.168.142.104 items
WARN retry attempt 192.168.121.141 for 12105
FATAL unrecoverable disk error
WARN slow query: 192.168.215.207ms
ERROR null pointer in module 192.168.121.141
WARN retry attempt 192.168.219.168 for 2374
ERROR null pointer in module 192.168.121.141
DEBUG cache hit for key=192.168.92.139
ERROR auth failure for user 192.168.219.168
ERROR null pointer in module 192.168.189.144
WARN slow query: 192.168.92.139ms
DEBUG variable x=192.168.141.220
FATAL kernel panic
WARN slow query: 192.168.39.155ms
ERROR null pointer in module 192.168.141.220
INFO connection established
INFO user 192.168.60.30 logged in
WARN disk usage 192.168.229.48%
DEBUG entering function foo
ERROR auth failure for user 192.168.82.31
ERROR auth failure for user 192.168.229.48
ERROR auth failure for user 192.168.178.215
WARN retry attempt 192.168.9.50 for 10745
INFO connection established
FATAL out of memory
ERROR connection timeout 503
ERROR auth failure for user 192.168.142.104
WARN disk usage 192.168.189.144%
WARN memory threshold reached: 192.168.189.144MB
WARN disk usage 192.168.197.186%
ERROR file not found: /tmp/192.168.60.30.log
ERROR null pointer in module 192.168.57.185
WARN retry attempt 192.168.219.168 for 19650
WARN disk usage 192.168.121.141%
WARN disk usage 192.168.36.209%
DEBUG heap size: 192.168.215.207
INFO processed 192.168.141.220 items
ERROR connection timeout 503
INFO request from 192.168.197.186
WARN retry attempt 192.168.107.168 for 63591
DEBUG cache hit for key=192.168.189.144
FATAL out of memory
FATAL unrecoverable disk error
INFO connection established
DEBUG cache hit for key=192.168.193.243
ERROR auth failure for user 192.168.178.215
INFO user 192.168.39.155 logged in
ERROR null pointer in module 192.168.219.168
WARN disk usage 192.168.193.243%
DEBUG heap size: 192.168.189.144
INFO processed 192.168.211.158 items
INFO connection established
DEBUG entering function foo
ERROR file not found: /tmp/192.168.189.144.log
FATAL segfault at address 0x192.168.82.31
INFO connection established
DEBUG entering function foo
FATAL unrecoverable disk error
ERROR connection timeout 503
INFO connection established
DEBUG entering function foo
INFO request from 192.168.178.6
INFO processed 192.168.193.243 items
DEBUG variable x=192.168.82.31
WARN memory threshold reached: 192.168.178.215MB
FATAL kernel panic
INFO processed 192.168.36.209 items
WARN retry attempt 192.168.197.186 for 97164
ERROR file not found: /tmp/192.168.215.207.log
DEBUG cache hit for key=192.168.211.158
WARN disk usage 192.168.197.186%
INFO connection established
ERROR connection timeout 503
WARN memory threshold reached: 192.168.193.243MB
DEBUG heap size: 192.168.92.139
WARN memory threshold reached: 192.168.215.207MB
FATAL out of memory
DEBUG heap size: 192.168.215.207
ERROR connection timeout 503
DEBUG entering function foo
WARN disk usage 192.168.121.141%
DEBUG variable x=192.168.197.186
ERROR connection timeout 503
DEBUG variable x=192.168.229.48
DEBUG variable x=192.168.178.215
FATAL kernel panic
ERROR file not found: /tmp/192.168.178.6.log
DEBUG variable x=192.168.178.6
INFO connection established
FATAL unrecoverable disk error
FATAL segfault at address 0x192.168.57.185
WARN retry attempt 192.168.141.220 for 71848
DEBUG variable x=192.168.189.144
FATAL unrecoverable disk error
INFO processed 192.168.219.168 items
DEBUG cache hit for key=192.168.36.209
WARN slow query: 192.168.57.185ms
FATAL out of memory
WARN disk usage 192.168.82.31%
INFO connection established
WARN slow query: 192.168.142.104ms
ERROR null pointer in module 192.168.39.155
INFO connection established
INFO user 192.168.141.220 logged in
FATAL kernel panic
FATAL segfault at address 0x192.168.57.185
INFO user 192.168.189.144 logged in
ERROR null pointer in module 192.168.82.31
WARN slow query: 192.168.178.6ms
INFO request from 192.168.82.31
ERROR null pointer in module 192.168.193.243
ERROR file not found: /tmp/192.168.178.215.log
DEBUG entering function foo
DEBUG entering function foo
ERROR auth failure for user 192.168.229.48
ERROR file not found: /tmp/192.168.229.48.log
WARN slow query: 192.168.92.139ms
INFO connection established
INFO connection established
INFO request from 192.168.189.144
ERROR null pointer in module 192.168.189.144
WARN slow query: 192.168.107.168ms
WARN memory threshold reached: 192.168.9.50MB
WARN disk usage 192.168.142.104%
ERROR file not found: /tmp/192.168.178.215.log
INFO processed 192.168.57.185 items
DEBUG heap size: 192.168.39.155
ERROR auth failure for user 192.168.9.50
FATAL segfault at address 0x192.168.178.6
FATAL segfault at address 0x192.168.193.243
WARN retry attempt 192.168.107.168 for 16694
DEBUG cache hit for key=192.168.39.155
DEBUG heap size: 192.168.193.243
INFO user 192.168.211.158 logged in
ERROR null pointer in module 192.168.39.155
DEBUG cache hit for key=192.168.107.168
INFO connection established
INFO connection established
DEBUG heap size: 192.168.197.186
WARN memory threshold reached: 192.168.219.168MB
DEBUG cache hit for key=192.168.92.139
FATAL kernel panic
INFO request from 192.168.178.6
WARN slow query: 192.168.189.144ms
DEBUG variable x=192.168.141.220
ERROR auth failure for user 192.168.107.168
FATAL segfault at address 0x192.168.107.168
INFO connection established
ERROR null pointer in module 192.168.229.48
FATAL kernel panic
WARN retry attempt 192.168.215.207 for 90291
WARN slow query: 192.168.57.185ms
FATAL unrecoverable disk error
INFO processed 192.168.121.141 items
FATAL out of memory
DEBUG entering function foo
WARN retry attempt 192.168.219.168 for 7063
WARN slow query: 192.168.57.185ms
DEBUG heap size: 192.168.141.220
WARN memory threshold reached: 192.168.178.6MB
INFO request from 192.168.178.215
WARN retry attempt 192.168.178.215 for 92602
WARN slow query: 192.168.211.158ms
ERROR connection timeout 503
DEBUG entering function foo
DEBUG entering function foo
DEBUG entering function foo
ERROR file not found: /tmp/192.168.215.207.log
FATAL segfault at address 0x192.168.36.209
ERROR connection timeout 503
INFO request from 192.168.142.104
INFO request from 192.168.215.207
FATAL segfault at address 0x192.168.197.186
INFO processed 192.168.189.144 items
FATAL unrecoverable disk error
FATAL kernel panic
DEBUG cache hit for key=192.168.178.6
WARN retry attempt 192.168.60.30 for 34806
WARN retry attempt 192.168.60.30 for 23799
ERROR auth failure for user 192.168.121.141
WARN retry attempt 192.168.9.50 for 24119
INFO request from 192.168.107.168
ERROR file not found: /tmp/192.168.121.141.log
DEBUG variable x=192.168.82.31
WARN memory threshold reached: 192.168.189.144MB
DEBUG variable x=192.168.82.31
WARN retry attempt 192.168.178.6 for 95393
DEBUG entering function foo
INFO request from 192.168.92.139
WARN disk usage 192.168.36.209%
FATAL segfault at address 0x192.168.219.168
INFO connection established
INFO processed 192.168.39.155 items
WARN disk usage 192.168.229.48%
ERROR connection timeout 503
ERROR file not found: /tmp/192.168.215.207.log
FATAL kernel panic
ERROR null pointer in module 192.168.215.207
DEBUG variable x=192.168.211.158
WARN memory threshold reached: 192.168.219.168MB
INFO connection established
WARN disk usage 192.168.141.220%
INFO user 192.168.219.168 logged in
FATAL kernel panic
FATAL out of memory
INFO user 192.168.107.168 logged in
DEBUG variable x=192.168.178.6
INFO user 192.168.189.144 logged in
ERROR null pointer in module 192.168.215.207
FATAL segfault at address 0x192.168.39.155
ERROR auth failure for user 192.168.197.186
INFO request from 192.168.82.31
FATAL out of memory
WARN disk usage 192.168.219.168%
ERROR null pointer in module 192.168.121.141
DEBUG cache hit for key=192.168.178.215
FATAL kernel panic
FATAL unrecoverable disk error
INFO request from 192.168.219.168
WARN slow query: 192.168.211.158ms
FATAL kernel panic
FATAL out of memory
INFO connection established
ERROR null pointer in module 192.168.141.220
ERROR auth failure for user 192.168.60.30
WARN disk usage 192.168.211.158%
DEBUG variable x=192.168.215.207
DEBUG cache hit for key=192.168.92.139
INFO user 192.168.9.50 logged in
DEBUG variable x=192.168.189.144
WARN retry attempt 192.168.189.144 for 11617
WARN disk usage 192.168.178.215%
DEBUG heap size: 192.168.9.50
DEBUG cache hit for key=192.168.211.158
WARN disk usage 192.168.39.155%
FATAL kernel panic
INFO request from 192.168.142.104
ERROR auth failure for user 192.168.107.168
ERROR auth failure for user 192.168.193.243
ERROR file not found: /tmp/192.168.229.48.log
INFO processed 192.168.60.30 items
INFO user 192.168.229.48 logged in
FATAL kernel panic
INFO request from 192.168.219.168
DEBUG heap size: 192.168.82.31
INFO connection established
FATAL out of memory
FATAL kernel panic
FATAL kernel panic
WARN retry attempt 192.168.36.209 for 51021
FATAL out of memory
INFO processed 192.168.178.215 items
WARN memory threshold reached: 192.168.142.104MB
ERROR auth failure for user 192.168.211.158
ERROR auth failure for user 192.168.60.30
INFO request from 192.168.121.141
ERROR auth failure for user 192.168.215.207
DEBUG cache hit for key=192.168.197.186
ERROR connection timeout 503
DEBUG cache hit for key=192.168.121.141
DEBUG cache hit for key=192.168.141.220
DEBUG cache hit for key=192.168.60.30
FATAL out of memory
DEBUG entering function foo
INFO user 192.168.9.50 logged in
DEBUG heap size: 192.168.193.243
WARN memory threshold reached: 192.168.229.48MB
DEBUG cache hit for key=192.168.229.48
DEBUG variable x=192.168.211.158
INFO connection established
FATAL kernel panic
INFO request from 192.168.39.155
FATAL kernel panic
DEBUG heap size: 192.168.178.215
INFO request from 192.168.142.104
ERROR auth failure for user 192.168.107.168
DEBUG cache hit for key=192.168.107.168
WARN memory threshold reached: 192.168.189.144MB
DEBUG heap size: 192.168.57.185
DEBUG variable x=192.168.229.48
INFO request from 192.168.60.30
ERROR null pointer in module 192.168.178.6
DEBUG entering function foo
WARN memory threshold reached: 192.168.92.139MB
FATAL unrecoverable disk error
FATAL unrecoverable disk error
FATAL kernel panic
DEBUG cache hit for key=192.168.197.186
ERROR auth failure for user 192.168.211.158
INFO request from 192.168.215.207
FATAL kernel panic
DEBUG cache hit for key=192.168.39.155
WARN disk usage 192.168.141.220%
WARN slow query: 192.168.215.207ms
DEBUG entering function foo
INFO user 192.168.57.185 logged in
WARN memory threshold reached: 192.168.9.50MB
DEBUG entering function foo
DEBUG heap size: 192.168.189.144
DEBUG variable x=192.168.57.185
INFO user 192.168.141.220 logged in
WARN retry attempt 192.168.9.50 for 57364
INFO user 192.168.107.168 logged in
DEBUG cache hit for key=192.168.107.168
DEBUG entering function foo
ERROR auth failure for user 192.168.189.144
FATAL out of memory
ERROR auth failure for user 192.168.211.158
DEBUG variable x=192.168.211.158
FATAL kernel panic
ERROR null pointer in module 192.168.9.50
DEBUG heap size: 192.168.219.168
FATAL unrecoverable disk error
FATAL segfault at address 0x192.168.189.144
INFO request from 192.168.121.141
DEBUG heap size: 192.168.36.209
ERROR auth failure for user 192.168.9.50
FATAL segfault at address 0x192.168.36.209
FATAL kernel panic
ERROR connection timeout 503
INFO request from 192.168.141.220
INFO connection established
ERROR auth failure for user 192.168.215.207
INFO processed 192.168.211.158 items
INFO processed 192.168.36.209 items
ERROR null pointer in module 192.168.189.144
FATAL unrecoverable disk error
ERROR null pointer in module 192.168.189.144
WARN retry attempt 192.168.219.168 for 40240
WARN memory threshold reached: 192.168.92.139MB
INFO processed 192.168.178.215 items
DEBUG variable x=192.168.178.215
FATAL segfault at address 0x192.168.60.30
FATAL kernel panic
WARN retry attempt 192.168.121.141 for 3201
DEBUG heap size: 192.168.178.6
ERROR file not found: /tmp/192.168.193.243.log
DEBUG heap size: 192.168.82.31
ERROR auth failure for user 192.168.82.31
INFO request from 192.168.215.207
ERROR file not found: /tmp/192.168.141.220.log
ERROR file not found: /tmp/192.168.178.6.log
FATAL kernel panic
DEBUG heap size: 192.168.142.104
WARN retry attempt 192.168.189.144 for 81767
DEBUG cache hit for key=192.168.229.48
INFO connection established
FATAL kernel panic
FATAL unrecoverable disk error
ERROR auth failure for user 192.168.178.215
WARN disk usage 192.168.197.186%
DEBUG heap size: 192.168.82.31
WARN disk usage 192.168.215.207%
WARN retry attempt 192.168.215.207 for 55212
INFO user 192.168.36.209 logged in
WARN memory threshold reached: 192.168.178.6MB
DEBUG entering function foo
FATAL unrecoverable disk error
ERROR file not found: /tmp/192.168.193.243.log
ERROR auth failure for user 192.168.211.158
DEBUG entering function foo
FATAL kernel panic
WARN retry attempt 192.168.219.168 for 16313
ERROR null pointer in module 192.168.229.48
FATAL unrecoverable disk error
FATAL kernel panic
INFO user 192.168.178.6 logged in
DEBUG entering function foo
ERROR auth failure for user 192.168.39.155
ERROR connection timeout 503
DEBUG entering function foo
INFO connection established
DEBUG cache hit for key=192.168.9.50
FATAL unrecoverable disk error
WARN retry attempt 192.168.36.209 for 5901
WARN memory threshold reached: 192.168.211.158MB
ERROR null pointer in module 192.168.92.139
DEBUG cache hit for key=192.168.211.158
DEBUG heap size: 192.168.178.6
ERROR file not found: /tmp/192.168.197.186.log
WARN slow query: 192.168.121.141ms
ERROR auth failure for user 192.168.229.48
WARN retry attempt 192.168.211.158 for 28355
WARN disk usage 192.168.141.220%
FATAL kernel panic
WARN memory threshold reached: 192.168.197.186MB
DEBUG entering function foo
INFO user 192.168.9.50 logged in
INFO connection established
INFO processed 192.168.57.185 items
FATAL kernel panic
WARN disk usage 192.168.82.31%
FATAL unrecoverable disk error
FATAL unrecoverable disk error
FATAL unrecoverable disk error
WARN memory threshold reached: 192.168.211.158MB
DEBUG heap size: 192.168.215.207
INFO user 192.168.39.155 logged in
INFO connection established
ERROR file not found: /tmp/192.168.215.207.log
INFO connection established
INFO request from 192.168.229.48
WARN memory threshold reached: 192.168.219.168MB
DEBUG variable x=192.168.9.50
DEBUG cache hit for key=192.168.82.31
ERROR file not found: /tmp/192.168.189.144.log
WARN memory threshold reached: 192.168.9.50MB
DEBUG entering function foo
FATAL unrecoverable disk error
INFO request from 192.168.107.168
FATAL unrecoverable disk error
ERROR connection timeout 503
DEBUG heap size: 192.168.82.31
ERROR auth failure for user 192.168.92.139
DEBUG cache hit for key=192.168.178.215
DEBUG variable x=192.168.189.144
ERROR null pointer in module 192.168.178.215
WARN disk usage 192.168.178.215%
INFO connection established
DEBUG entering function foo
WARN slow query: 192.168.178.215ms
DEBUG heap size: 192.168.178.6
DEBUG cache hit for key=192.168.57.185
ERROR file not found: /tmp/192.168.197.186.log
DEBUG heap size: 192.168.82.31
WARN retry attempt 192.168.142.104 for 75111
WARN slow query: 192.168.178.215ms
ERROR connection timeout 503
WARN slow query: 192.168.121.141ms
ERROR connection timeout 503
WARN disk usage 192.168.36.209%
FATAL segfault at address 0x192.168.197.186
WARN retry attempt 192.168.92.139 for 86435
FATAL unrecoverable disk error
FATAL kernel panic
WARN retry attempt 192.168.60.30 for 4472
FATAL unrecoverable disk error
INFO request from 192.168.197.186
WARN disk usage 192.168.142.104%
FATAL out of memory
WARN memory threshold reached: 192.168.82.31MB
INFO processed 192.168.215.207 items
INFO connection established
INFO request from 192.168.189.144
ERROR file not found: /tmp/192.168.193.243.log
WARN disk usage 192.168.142.104%
INFO user 192.168.178.6 logged in
WARN disk usage 192.168.193.243%
WARN memory threshold reached: 192.168.107.168MB
WARN slow query: 192.168.57.185ms
INFO user 192.168.229.48 logged in
WARN disk usage 192.168.36.209%
FATAL unrecoverable disk error
INFO processed 192.168.193.243 items
INFO connection established
DEBUG entering function foo
FATAL out of memory
ERROR connection timeout 503
INFO processed 192.168.219.168 items
INFO connection established
DEBUG entering function foo
ERROR file not found: /tmp/192.168.178.6.log
WARN disk usage 192.168.9.50%
WARN retry attempt 192.168.215.207 for 5350
WARN memory threshold reached: 192.168.141.220MB
WARN slow query: 192.168.229.48ms
WARN memory threshold reached: 192.168.141.220MB
FATAL out of memory
DEBUG entering function foo
DEBUG variable x=192.168.178.6
FATAL kernel panic
FATAL kernel panic
WARN retry attempt 192.168.178.6 for 46307
DEBUG entering function foo
WARN slow query: 192.168.142.104ms
INFO request from 192.168.178.215
FATAL out of memory
DEBUG cache hit for key=192.168.189.144
WARN retry attempt 192.168.82.31 for 62737
FATAL out of memory
WARN memory threshold reached: 192.168.57.185MB
FATAL segfault at address 0x192.168.141.220
FATAL unrecoverable disk error
DEBUG entering function foo
WARN memory threshold reached: 192.168.229.48MB
INFO processed 192.168.82.31 items
INFO user 192.168.107.168 logged in
INFO processed 192.168.142.104 items
WARN retry attempt 192.168.57.185 for 72167
FATAL segfault at address 0x192.168.141.220
DEBUG variable x=192.168.36.209
FATAL unrecoverable disk error
ERROR file not found: /tmp/192.168.189.144.log
ERROR connection timeout 503
DEBUG variable x=192.168.82.31
FATAL segfault at address 0x192.168.193.243
FATAL segfault at address 0x192.168.178.215
INFO user 192.168.9.50 logged in
WARN memory threshold reached: 192.168.107.168MB
ERROR connection timeout 503
FATAL segfault at address 0x192.168.60.30
DEBUG variable x=192.168.57.185
INFO user 192.168.197.186 logged in
DEBUG variable x=192.168.219.168
INFO user 192.168.36.209 logged in
FATAL segfault at address 0x192.168.121.141
WARN slow query: 192.168.215.207ms
INFO request from 192.168.57.185
ERROR null pointer in module 192.168.178.6
DEBUG variable x=192.168.9.50
WARN retry attempt 192.168.36.209 for 64626
ERROR auth failure for user 192.168.60.30
ERROR null pointer in module 192.168.197.186
ERROR connection timeout 503
ERROR connection timeout 503
DEBUG entering function foo
INFO request from 192.168.82.31
DEBUG variable x=192.168.211.158
DEBUG cache hit for key=192.168.9.50
FATAL unrecoverable disk error
FATAL unrecoverable disk error
DEBUG cache hit for key=192.168.215.207
ERROR connection timeout 503
INFO processed 192.168.39.155 items
ERROR file not found: /tmp/192.168.193.243.log
FATAL out of memory
WARN memory threshold reached: 192.168.57.185MB
FATAL segfault at address 0x192.168.82.31
WARN disk usage 192.168.197.186%
WARN retry attempt 192.168.36.209 for 10689
INFO request from 192.168.229.48
WARN disk usage 192.168.211.158%
INFO connection established
INFO connection established
DEBUG entering function foo
WARN disk usage 192.168.178.215%
INFO user 192.168.121.141 logged in
WARN memory threshold reached: 192.168.189.144MB
INFO processed 192.168.36.209 items
ERROR connection timeout 503
FATAL segfault at address 0x192.168.9.50
INFO connection established
INFO processed 192.168.215.207 items
ERROR connection timeout 503
DEBUG entering function foo
INFO processed 192.168.141.220 items
WARN memory threshold reached: 192.168.92.139MB
FATAL out of memory
WARN retry attempt 192.168.178.6 for 95374
WARN memory threshold reached: 192.168.189.144MB
ERROR file not found: /tmp/192.168.178.215.log
INFO connection established
DEBUG cache hit for key=192.168.141.220
ERROR file not found: /tmp/192.168.39.155.log
FATAL segfault at address 0x192.168.92.139
FATAL unrecoverable disk error
DEBUG cache hit for key=192.168.9.50
ERROR null pointer in module 192.168.193.243
INFO connection established
DEBUG cache hit for key=192.168.92.139
ERROR file not found: /tmp/192.168.57.185.log
ERROR connection timeout 503
DEBUG heap size: 192.168.142.104
FATAL out of memory
WARN disk usage 192.168.211.158%
DEBUG cache hit for key=192.168.219.168
INFO user 192.168.141.220 logged in
DEBUG cache hit for key=192.168.215.207
WARN slow query: 192.168.39.155ms
INFO request from 192.168.121.141
ERROR null pointer in module 192.168.178.6
DEBUG cache hit for key=192.168.141.220
WARN memory threshold reached: 192.168.189.144MB
DEBUG variable x=192.168.229.48
FATAL out of memory
DEBUG variable x=192.168.92.139
ERROR connection timeout 503
FATAL kernel panic
WARN retry attempt 192.168.39.155 for 76962
DEBUG variable x=192.168.57.185
FATAL out of memory
DEBUG heap size: 192.168.57.185
WARN memory threshold reached: 192.168.211.158MB
INFO request from 192.168.229.48
ERROR file not found: /tmp/192.168.189.144.log
WARN retry attempt 192.168.60.30 for 97759
FATAL kernel panic
FATAL kernel panic
WARN slow query: 192.168.82.31ms
INFO connection established
DEBUG heap size: 192.168.189.144
INFO processed 192.168.215.207 items
DEBUG variable x=192.168.178.6
WARN disk usage 192.168.141.220%
FATAL out of memory
INFO connection established
DEBUG cache hit for key=192.168.9.50
ERROR auth failure for user 192.168.39.155
ERROR null pointer in module 192.168.36.209
DEBUG heap size: 192.168.82.31
ERROR auth failure for user 192.168.141.220
ERROR connection timeout 503
DEBUG entering function foo
ERROR connection timeout 503
ERROR file not found: /tmp/192.168.142.104.log
FATAL segfault at address 0x192.168.82.31
DEBUG entering function foo
ERROR connection timeout 503
ERROR connection timeout 503
INFO processed 192.168.189.144 items
DEBUG cache hit for key=192.168.189.144
FATAL kernel panic
ERROR connection timeout 503
ERROR auth failure for user 192.168.197.186
DEBUG entering function foo
WARN slow query: 192.168.219.168ms
INFO processed 192.168.60.30 items
DEBUG entering function foo
INFO user 192.168.39.155 logged in
INFO processed 192.168.57.185 items
FATAL out of memory
FATAL kernel panic
DEBUG cache hit for key=192.168.229.48
FATAL unrecoverable disk error
FATAL segfault at address 0x192.168.39.155
FATAL kernel panic
ERROR file not found: /tmp/192.168.211.158.log
WARN slow query: 192.168.141.220ms
FATAL kernel panic
INFO request from 192.168.121.141
WARN retry attempt 192.168.219.168 for 12194
INFO request from 192.168.121.141
FATAL segfault at address 0x192.168.189.144
ERROR null pointer in module 192.168.121.141
INFO processed 192.168.36.209 items
WARN disk usage 192.168.229.48%
INFO connection established
DEBUG heap size: 192.168.178.215
DEBUG variable x=192.168.193.243
ERROR connection timeout 503
ERROR null pointer in module 192.168.92.139
ERROR file not found: /tmp/192.168.9.50.log
DEBUG variable x=192.168.211.158
ERROR auth failure for user 192.168.39.155
ERROR connection timeout 503
INFO user 192.168.193.243 logged in
DEBUG variable x=192.168.9.50
FATAL segfault at address 0x192.168.142.104
INFO connection established
INFO processed 192.168.92.139 items
WARN retry attempt 192.168.121.141 for 51794
WARN memory threshold reached: 192.168.197.186MB
DEBUG variable x=192.168.215.207
ERROR connection timeout 503
DEBUG variable x=192.168.178.215
FATAL segfault at address 0x192.168.193.243
WARN disk usage 192.168.121.141%
WARN retry attempt 192.168.178.215 for 96523
FATAL unrecoverable disk error
INFO user 192.168.60.30 logged in
DEBUG entering function foo
FATAL unrecoverable disk error
ERROR connection timeout 503
INFO request from 192.168.82.31
FATAL kernel panic
DEBUG variable x=192.168.193.243
DEBUG entering function foo
DEBUG cache hit for key=192.168.82.31
DEBUG heap size: 192.168.219.168
INFO user 192.168.82.31 logged in
WARN slow query: 192.168.121.141ms
FATAL kernel panic
DEBUG variable x=192.168.219.168
WARN disk usage 192.168.92.139%
DEBUG entering function foo
DEBUG entering function foo
INFO user 192.168.211.158 logged in
ERROR connection timeout 503
ERROR null pointer in module 192.168.107.168
ERROR file not found: /tmp/192.168.142.104.log
ERROR null pointer in module 192.168.211.158
INFO request from 192.168.229.48
INFO connection established
DEBUG heap size: 192.168.219.168
DEBUG entering function foo
INFO connection established
WARN memory threshold reached: 192.168.60.30MB
ERROR auth failure for user 192.168.9.50
DEBUG cache hit for key=192.168.215.207
DEBUG cache hit for key=192.168.178.215
FATAL unrecoverable disk error
FATAL out of memory
INFO user 192.168.197.186 logged in
INFO processed 192.168.60.30 items
FATAL segfault at address 0x192.168.9.50
WARN slow query: 192.168.9.50ms
FATAL out of memory
FATAL kernel panic
INFO connection established
ERROR null pointer in module 192.168.57.185
INFO processed 192.168.57.185 items
INFO processed 192.168.229.48 items
DEBUG heap size: 192.168.36.209
FATAL kernel panic
FATAL segfault at address 0x192.168.141.220
ERROR file not found: /tmp/192.168.39.155.log
WARN disk usage 192.168.178.6%
INFO request from 192.168.211.158
FATAL out of memory
DEBUG variable x=192.168.229.48
DEBUG variable x=192.168.60.30
ERROR auth failure for user 192.168.57.185
FATAL out of memory
DEBUG variable x=192.168.141.220
WARN disk usage 192.168.197.186%
DEBUG heap size: 192.168.39.155
INFO connection established
ERROR auth failure for user 192.168.82.31
WARN slow query: 192.168.9.50ms
DEBUG heap size: 192.168.60.30
ERROR file not found: /tmp/192.168.229.48.log
WARN retry attempt 192.168.197.186 for 74670
WARN slow query: 192.168.9.50ms
INFO processed 192.168.219.168 items
DEBUG variable x=192.168.107.168
ERROR connection timeout 503
WARN disk usage 192.168.219.168%
ERROR null pointer in module 192.168.178.6
INFO request from 192.168.178.215
FATAL out of memory
DEBUG entering function foo
DEBUG heap size: 192.168.178.215
ERROR connection timeout 503
WARN slow query: 192.168.178.6ms
FATAL kernel panic
WARN disk usage 192.168.197.186%
INFO processed 192.168.82.31 items
FATAL segfault at address 0x192.168.229.48
ERROR auth failure for user 192.168.178.6
WARN disk usage 192.168.197.186%
INFO request from 192.168.60.30
FATAL segfault at address 0x192.168.107.168
ERROR connection timeout 503
FATAL out of memory
FATAL kernel panic
FATAL kernel panic
ERROR auth failure for user 192.168.219.168
DEBUG cache hit for key=192.168.215.207
INFO processed 192.168.107.168 items
ERROR auth failure for user 192.168.9.50
FATAL unrecoverable disk error
DEBUG variable x=192.168.107.168
INFO connection established
DEBUG cache hit for key=192.168.189.144
WARN disk usage 192.168.197.186%
INFO connection established
WARN memory threshold reached: 192.168.178.215MB
ERROR connection timeout 503
DEBUG heap size: 192.168.178.6
DEBUG variable x=192.168.60.30
ERROR file not found: /tmp/192.168.39.155.log
FATAL kernel panic
WARN memory threshold reached: 192.168.229.48MB
WARN disk usage 192.168.197.186%
WARN disk usage 192.168.57.185%
FATAL out of memory
DEBUG entering function foo
DEBUG variable x=192.168.229.48
ERROR file not found: /tmp/192.168.197.186.log
INFO request from 192.168.82.31
WARN disk usage 192.168.215.207%
ERROR connection timeout 503
FATAL segfault at address 0x192.168.82.31
WARN memory threshold reached: 192.168.39.155MB
ERROR null pointer in module 192.168.9.50
INFO request from 192.168.229.48
DEBUG heap size: 192.168.229.48
WARN disk usage 192.168.60.30%
DEBUG cache hit for key=192.168.121.141
DEBUG variable x=192.168.197.186
WARN slow query: 192.168.60.30ms
INFO processed 192.168.193.243 items
DEBUG entering function foo
ERROR null pointer in module 192.168.36.209
INFO processed 192.168.178.215 items
WARN retry attempt 192.168.219.168 for 82887
INFO request from 192.168.193.243
FATAL out of memory
FATAL kernel panic
INFO request from 192.168.178.6
WARN memory threshold reached: 192.168.178.6MB
ERROR auth failure for user 192.168.107.168
DEBUG heap size: 192.168.92.139
INFO processed 192.168.60.30 items
INFO connection established
WARN slow query: 192.168.219.168ms
ERROR file not found: /tmp/192.168.215.207.log
DEBUG cache hit for key=192.168.121.141
DEBUG variable x=192.168.215.207
INFO connection established
ERROR file not found: /tmp/192.168.60.30.log
ERROR file not found: /tmp/192.168.142.104.log
FATAL unrecoverable disk error
INFO request from 192.168.211.158
ERROR file not found: /tmp/192.168.121.141.log
WARN memory threshold reached: 192.168.193.243MB
FATAL out of memory
WARN retry attempt 192.168.60.30 for 83983
INFO processed 192.168.9.50 items
INFO processed 192.168.142.104 items
INFO request from 192.168.215.207
FATAL segfault at address 0x192.168.121.141
ERROR file not found: /tmp/192.168.57.185.log
DEBUG heap size: 192.168.229.48
DEBUG entering function foo
ERROR auth failure for user 192.168.36.209
FATAL segfault at address 0x192.168.215.207
FATAL unrecoverable disk error
DEBUG heap size: 192.168.39.155
INFO processed 192.168.215.207 items
WARN retry attempt 192.168.211.158 for 77312
INFO processed 192.168.142.104 items
FATAL segfault at address 0x192.168.189.144
ERROR file not found: /tmp/192.168.229.48.log
ERROR connection timeout 503
FATAL kernel panic
ERROR null pointer in module 192.168.215.207
ERROR auth failure for user 192.168.211.158
ERROR connection timeout 503
ERROR connection timeout 503
FATAL unrecoverable disk error
WARN memory threshold reached: 192.168.60.30MB
FATAL unrecoverable disk error
DEBUG variable x=192.168.189.144
INFO request from 192.168.211.158
DEBUG variable x=192.168.141.220
WARN retry attempt 192.168.193.243 for 11811
INFO user 192.168.36.209 logged in
DEBUG entering function foo
ERROR null pointer in module 192.168.57.185
DEBUG heap size: 192.168.142.104
INFO connection established
INFO user 192.168.39.155 logged in
FATAL segfault at address 0x192.168.178.215
FATAL unrecoverable disk error
INFO user 192.168.142.104 logged in
ERROR null pointer in module 192.168.107.168
DEBUG entering function foo
WARN retry attempt 192.168.215.207 for 32480
WARN memory threshold reached: 192.168.107.168MB
WARN memory threshold reached: 192.168.9.50MB
WARN retry attempt 192.168.36.209 for 63874
INFO connection established
DEBUG heap size: 192.168.57.185
FATAL out of memory
FATAL unrecoverable disk error
ERROR auth failure for user 192.168.197.186
WARN memory threshold reached: 192.168.215.207MB
DEBUG entering function foo
DEBUG heap size: 192.168.215.207
WARN memory threshold reached: 192.168.36.209MB
DEBUG heap size: 192.168.39.155
DEBUG cache hit for key=192.168.219.168
ERROR null pointer in module 192.168.141.220
DEBUG variable x=192.168.9.50
INFO request from 192.168.197.186
WARN memory threshold reached: 192.168.92.139MB
ERROR connection timeout 503
WARN disk usage 192.168.141.220%
ERROR auth failure for user 192.168.9.50
WARN retry attempt 192.168.82.31 for 88347
INFO processed 192.168.57.185 items
WARN disk usage 192.168.229.48%
WARN memory threshold reached: 192.168.57.185MB
ERROR file not found: /tmp/192.168.92.139.log
WARN slow query: 192.168.82.31ms
DEBUG cache hit for key=192.168.39.155
WARN memory threshold reached: 192.168.57.185MB
INFO connection established
DEBUG variable x=192.168.57.185
DEBUG heap size: 192.168.142.104
ERROR null pointer in module 192.168.178.6
INFO user 192.168.215.207 logged in
FATAL kernel panic
WARN disk usage 192.168.39.155%
WARN disk usage 192.168.189.144%
ERROR file not found: /tmp/192.168.39.155.log
FATAL unrecoverable disk error
FATAL kernel panic
ERROR file not found: /tmp/192.168.219.168.log
WARN disk usage 192.168.9.50%
INFO processed 192.168.60.30 items
ERROR file not found: /tmp/192.168.39.155.log
DEBUG entering function foo
DEBUG variable x=192.168.215.207
INFO request from 192.168.9.50
WARN disk usage 192.168.189.144%
FATAL unrecoverable disk error
ERROR file not found: /tmp/192.168.36.209.log
ERROR file not found: /tmp/192.168.82.31.log
INFO processed 192.168.219.168 items
WARN memory threshold reached: 192.168.9.50MB
INFO request from 192.168.121.141
ERROR null pointer in module 192.168.57.185
FATAL out of memory
ERROR file not found: /tmp/192.168.60.30.log
FATAL segfault at address 0x192.168.178.215
WARN disk usage 192.168.142.104%
WARN memory threshold reached: 192.168.215.207MB
FATAL kernel panic
FATAL segfault at address 0x192.168.39.155
ERROR auth failure for user 192.168.57.185
FATAL unrecoverable disk error
INFO processed 192.168.142.104 items
DEBUG entering function foo
WARN retry attempt 192.168.36.209 for 58863
FATAL kernel panic
FATAL kernel panic
DEBUG heap size: 192.168.219.168
WARN slow query: 192.168.57.185ms
ERROR auth failure for user 192.168.60.30
INFO user 192.168.215.207 logged in
DEBUG variable x=192.168.141.220
DEBUG entering function foo
ERROR file not found: /tmp/192.168.107.168.log
ERROR auth failure for user 192.168.107.168
FATAL out of memory
FATAL kernel panic
INFO connection established
WARN disk usage 192.168.193.243%
DEBUG cache hit for key=192.168.229.48
FATAL segfault at address 0x192.168.178.6
DEBUG cache hit for key=192.168.219.168
DEBUG entering function foo
WARN memory threshold reached: 192.168.189.144MB
INFO user 192.168.142.104 logged in
DEBUG heap size: 192.168.229.48
ERROR connection timeout 503
INFO request from 192.168.82.31
ERROR null pointer in module 192.168.178.215
ERROR null pointer in module 192.168.60.30
INFO processed 192.168.36.209 items
FATAL out of memory
DEBUG variable x=192.168.215.207
DEBUG variable x=192.168.141.220
INFO processed 192.168.229.48 items
WARN memory threshold reached: 192.168.193.243MB
FATAL out of memory
ERROR auth failure for user 192.168.193.243
INFO user 192.168.82.31 logged in
WARN slow query: 192.168.92.139ms
FATAL unrecoverable disk error
WARN slow query: 192.168.142.104ms
INFO processed 192.168.193.243 items
INFO processed 192.168.211.158 items
INFO processed 192.168.121.141 items
ERROR connection timeout 503
INFO request from 192.168.107.168
WARN slow query: 192.168.197.186ms
ERROR auth failure for user 192.168.219.168
INFO request from 192.168.215.207
ERROR null pointer in module 192.168.178.6
ERROR connection timeout 503
WARN retry attempt 192.168.9.50 for 31003
DEBUG variable x=192.168.82.31
ERROR connection timeout 503
INFO processed 192.168.197.186 items
FATAL out of memory
FATAL out of memory
ERROR null pointer in module 192.168.219.168
ERROR file not found: /tmp/192.168.178.6.log
FATAL unrecoverable disk error
WARN memory threshold reached: 192.168.121.141MB
INFO connection established
WARN slow query: 192.168.215.207ms
DEBUG cache hit for key=192.168.121.141
ERROR file not found: /tmp/192.168.92.139.log
INFO processed 192.168.82.31 items
INFO request from 192.168.9.50
WARN slow query: 192.168.197.186ms
FATAL segfault at address 0x192.168.142.104
DEBUG cache hit for key=192.168.121.141
DEBUG entering function foo
DEBUG heap size: 192.168.60.30
DEBUG heap size: 192.168.193.243
FATAL unrecoverable disk error
ERROR auth failure for user 192.168.9.50
FATAL kernel panic
ERROR auth failure for user 192.168.142.104
ERROR connection timeout 503
FATAL segfault at address 0x192.168.142.104
DEBUG cache hit for key=192.168.215.207
INFO connection established
FATAL kernel panic
ERROR null pointer in module 192.168.107.168
ERROR auth failure for user 192.168.219.168
INFO processed 192.168.39.155 items
WARN slow query: 192.168.9.50ms
INFO request from 192.168.9.50
FATAL unrecoverable disk error
ERROR connection timeout 503
WARN retry attempt 192.168.178.215 for 86957
FATAL unrecoverable disk error
DEBUG heap size: 192.168.82.31
INFO user 192.168.215.207 logged in
FATAL kernel panic
FATAL unrecoverable disk error
ERROR null pointer in module 192.168.211.158
INFO connection established
DEBUG entering function foo
INFO user 192.168.57.185 logged in
FATAL out of memory
ERROR connection timeout 503
WARN slow query: 192.168.92.139ms
FATAL unrecoverable disk error
WARN retry attempt 192.168.39.155 for 78194
WARN slow query: 192.168.60.30ms
FATAL out of memory
ERROR file not found: /tmp/192.168.215.207.log
INFO connection established
FATAL kernel panic
ERROR auth failure for user 192.168.178.215
ERROR file not found: /tmp/192.168.121.141.log
WARN memory threshold reached: 192.168.189.144MB
DEBUG cache hit for key=192.168.121.141
WARN memory threshold reached: 192.168.178.215MB
WARN disk usage 192.168.178.215%
WARN memory threshold reached: 192.168.82.31MB
WARN slow query: 192.168.197.186ms
INFO connection established
ERROR null pointer in module 192.168.219.168
FATAL unrecoverable disk error
FATAL kernel panic
ERROR connection timeout 503
DEBUG entering function foo
FATAL segfault at address 0x192.168.211.158
FATAL kernel panic
INFO connection established
DEBUG cache hit for key=192.168.193.243
DEBUG cache hit for key=192.168.178.6
FATAL out of memory
WARN memory threshold reached: 192.168.178.215MB
WARN retry attempt 192.168.197.186 for 60762
WARN retry attempt 192.168.82.31 for 30512
INFO connection established
INFO processed 192.168.178.6 items
WARN memory threshold reached: 192.168.178.6MB
DEBUG heap size: 192.168.57.185
DEBUG variable x=192.168.36.209
DEBUG heap size: 192.168.121.141
WARN slow query: 192.168.121.141ms
DEBUG variable x=192.168.219.168
DEBUG variable x=192.168.215.207
WARN memory threshold reached: 192.168.92.139MB
INFO request from 192.168.141.220
INFO connection established
INFO processed 192.168.189.144 items
DEBUG heap size: 192.168.107.168
WARN slow query: 192.168.142.104ms
INFO connection established
ERROR null pointer in module 192.168.197.186
WARN disk usage 192.168.9.50%
DEBUG entering function foo
ERROR auth failure for user 192.168.229.48
INFO connection established
FATAL segfault at address 0x192.168.39.155
FATAL kernel panic
DEBUG variable x=192.168.193.243
WARN disk usage 192.168.211.158%
DEBUG entering function foo
FATAL segfault at address 0x192.168.197.186
WARN slow query: 192.168.121.141ms
FATAL out of memory
FATAL unrecoverable disk error
DEBUG cache hit for key=192.168.178.6
WARN disk usage 192.168.197.186%
DEBUG cache hit for key=192.168.193.243
ERROR null pointer in module 192.168.107.168
WARN memory threshold reached: 192.168.60.30MB
FATAL kernel panic
WARN memory threshold reached: 192.168.82.31MB
ERROR null pointer in module 192.168.215.207
FATAL out of memory
ERROR auth failure for user 192.168.229.48
DEBUG cache hit for key=192.168.178.6
DEBUG variable x=192.168.92.139
DEBUG variable x=192.168.189.144
WARN retry attempt 192.168.107.168 for 53391
WARN memory threshold reached: 192.168.141.220MB
DEBUG cache hit for key=192.168.92.139
DEBUG cache hit for key=192.168.9.50
DEBUG cache hit for key=192.168.142.104
DEBUG variable x=192.168.211.158
INFO user 192.168.107.168 logged in
FATAL segfault at address 0x192.168.178.6
ERROR file not found: /tmp/192.168.193.243.log
INFO processed 192.168.193.243 items
WARN disk usage 192.168.215.207%
INFO connection established
WARN memory threshold reached: 192.168.211.158MB
ERROR connection timeout 503
WARN slow query: 192.168.193.243ms
DEBUG heap size: 192.168.215.207
ERROR auth failure for user 192.168.57.185
FATAL out of memory
FATAL segfault at address 0x192.168.219.168
INFO request from 192.168.39.155
WARN disk usage 192.168.107.168%
ERROR file not found: /tmp/192.168.197.186.log
ERROR file not found: /tmp/192.168.82.31.log
DEBUG variable x=192.168.178.6
WARN disk usage 192.168.215.207%
FATAL out of memory
WARN disk usage 192.168.211.158%
DEBUG variable x=192.168.178.215
FATAL segfault at address 0x192.168.36.209
FATAL kernel panic
FATAL segfault at address 0x192.168.9.50
FATAL out of memory
FATAL segfault at address 0x192.168.142.104
WARN memory threshold reached: 192.168.92.139MB
WARN disk usage 192.168.121.141%
INFO user 192.168.39.155 logged in
ERROR null pointer in module 192.168.215.207
DEBUG variable x=192.168.189.144
FATAL unrecoverable disk error
INFO request from 192.168.141.220
ERROR auth failure for user 192.168.36.209
WARN disk usage 192.168.142.104%
DEBUG entering function foo
FATAL segfault at address 0x192.168.229.48
ERROR file not found: /tmp/192.168.60.30.log
ERROR file not found: /tmp/192.168.39.155.log
INFO connection established
WARN retry attempt 192.168.229.48 for 29544
DEBUG heap size: 192.168.197.186
FATAL unrecoverable disk error
WARN disk usage 192.168.178.6%
INFO processed 192.168.142.104 items
WARN disk usage 192.168.189.144%
INFO request from 192.168.107.168
INFO request from 192.168.36.209
FATAL unrecoverable disk error
INFO user 192.168.9.50 logged in
INFO user 192.168.82.31 logged in
INFO connection established
FATAL segfault at address 0x192.168.229.48
ERROR null pointer in module 192.168.9.50
DEBUG heap size: 192.168.193.243
INFO request from 192.168.142.104
ERROR file not found: /tmp/192.168.197.186.log
DEBUG cache hit for key=192.168.219.168
DEBUG heap size: 192.168.92.139
DEBUG heap size: 192.168.178.215
ERROR auth failure for user 192.168.229.48
ERROR auth failure for user 192.168.193.243
FATAL kernel panic
WARN slow query: 192.168.141.220ms
WARN retry attempt 192.168.211.158 for 36413
FATAL unrecoverable disk error
ERROR connection timeout 503
FATAL segfault at address 0x192.168.219.168
FATAL unrecoverable disk error
DEBUG variable x=192.168.178.6
DEBUG variable x=192.168.197.186
INFO processed 192.168.142.104 items
WARN slow query: 192.168.193.243ms
DEBUG cache hit for key=192.168.141.220
WARN retry attempt 192.168.39.155 for 36483
WARN disk usage 192.168.121.141%
WARN memory threshold reached: 192.168.219.168MB
INFO request from 192.168.107.168
FATAL kernel panic
WARN memory threshold reached: 192.168.197.186MB
FATAL unrecoverable disk error
ERROR file not found: /tmp/192.168.141.220.log
WARN memory threshold reached: 192.168.178.215MB
DEBUG heap size: 192.168.9.50
ERROR auth failure for user 192.168.211.158
FATAL out of memory
FATAL unrecoverable disk error
DEBUG variable x=192.168.82.31
WARN disk usage 192.168.215.207%
FATAL kernel panic
ERROR null pointer in module 192.168.215.207
ERROR null pointer in module 192.168.92.139
ERROR connection timeout 503
ERROR null pointer in module 192.168.121.141
FATAL out of memory
INFO user 192.168.178.215 logged in
FATAL segfault at address 0x192.168.82.31
WARN disk usage 192.168.211.158%
FATAL unrecoverable disk error
WARN slow query: 192.168.215.207ms
FATAL unrecoverable disk error
DEBUG cache hit for key=192.168.121.141
DEBUG entering function foo
ERROR connection timeout 503
WARN slow query: 192.168.229.48ms
FATAL unrecoverable disk error
ERROR null pointer in module 192.168.229.48
ERROR auth failure for user 192.168.36.209
INFO request from 192.168.60.30
FATAL out of memory
FATAL out of memory
DEBUG entering function foo
FATAL unrecoverable disk error
DEBUG entering function foo
WARN memory threshold reached: 192.168.107.168MB
WARN memory threshold reached: 192.168.141.220MB
INFO request from 192.168.39.155
FATAL kernel panic
FATAL kernel panic
ERROR null pointer in module 192.168.219.168
INFO processed 192.168.178.6 items
ERROR null pointer in module 192.168.178.215
WARN slow query: 192.168.211.158ms
INFO user 192.168.57.185 logged in
INFO user 192.168.107.168 logged in
WARN slow query: 192.168.215.207ms
INFO processed 192.168.193.243 items
DEBUG entering function foo
ERROR null pointer in module 192.168.92.139
INFO user 192.168.141.220 logged in
FATAL kernel panic
DEBUG cache hit for key=192.168.36.209
ERROR file not found: /tmp/192.168.211.158.log
WARN disk usage 192.168.219.168%
ERROR connection timeout 503
WARN memory threshold reached: 192.168.36.209MB
WARN slow query: 192.168.121.141ms
ERROR auth failure for user 192.168.9.50
WARN memory threshold reached: 192.168.9.50MB
DEBUG heap size: 192.168.219.168
FATAL out of memory
WARN slow query: 192.168.189.144ms
ERROR auth failure for user 192.168.189.144
FATAL kernel panic
ERROR auth failure for user 192.168.142.104
WARN retry attempt 192.168.189.144 for 28765
ERROR null pointer in module 192.168.178.215
FATAL kernel panic
DEBUG cache hit for key=192.168.92.139
INFO processed 192.168.215.207 items
WARN memory threshold reached: 192.168.189.144MB
WARN retry attempt 192.168.178.215 for 86772
FATAL segfault at address 0x192.168.57.185
ERROR connection timeout 503
WARN retry attempt 192.168.57.185 for 51245
INFO connection established
INFO processed 192.168.189.144 items
DEBUG entering function foo
DEBUG variable x=192.168.9.50
WARN memory threshold reached: 192.168.178.215MB
FATAL kernel panic
ERROR null pointer in module 192.168.215.207
WARN retry attempt 192.168.189.144 for 54062
WARN memory threshold reached: 192.168.197.186MB
DEBUG cache hit for key=192.168.215.207
DEBUG entering function foo
FATAL kernel panic
FATAL out of memory
FATAL unrecoverable disk error
DEBUG cache hit for key=192.168.92.139
DEBUG cache hit for key=192.168.219.168
WARN disk usage 192.168.9.50%
DEBUG variable x=192.168.215.207
INFO user 192.168.229.48 logged in
INFO request from 192.168.60.30
FATAL kernel panic
DEBUG entering function foo
FATAL unrecoverable disk error
WARN slow query: 192.168.92.139ms
WARN disk usage 192.168.92.139%
FATAL unrecoverable disk error
FATAL unrecoverable disk error
FATAL segfault at address 0x192.168.9.50
FATAL segfault at address 0x192.168.39.155
INFO processed 192.168.219.168 items
FATAL unrecoverable disk error
DEBUG cache hit for key=192.168.219.168
WARN memory threshold reached: 192.168.92.139MB
FATAL unrecoverable disk error
DEBUG variable x=192.168.92.139
INFO processed 192.168.82.31 items
ERROR null pointer in module 192.168.36.209
ERROR null pointer in module 192.168.121.141
WARN slow query: 192.168.57.185ms
WARN memory threshold reached: 192.168.178.6MB
FATAL out of memory
INFO connection established
FATAL segfault at address 0x192.168.178.215
WARN slow query: 192.168.60.30ms
WARN slow query: 192.168.211.158ms
DEBUG cache hit for key=192.168.39.155
WARN disk usage 192.168.178.6%
FATAL kernel panic
FATAL unrecoverable disk error
ERROR file not found: /tmp/192.168.193.243.log
DEBUG variable x=192.168.215.207
DEBUG cache hit for key=192.168.142.104
ERROR null pointer in module 192.168.178.215
FATAL unrecoverable disk error
INFO processed 192.168.215.207 items
FATAL segfault at address 0x192.168.107.168
WARN slow query: 192.168.178.6ms
ERROR connection timeout 503
DEBUG heap size: 192.168.39.155
FATAL unrecoverable disk error
DEBUG entering function foo
INFO user 192.168.178.6 logged in
DEBUG entering function foo
DEBUG heap size: 192.168.178.215
ERROR auth failure for user 192.168.229.48
INFO request from 192.168.215.207
FATAL out of memory
ERROR file not found: /tmp/192.168.39.155.log
FATAL kernel panic
WARN slow query: 192.168.193.243ms
DEBUG entering function foo
DEBUG entering function foo
WARN memory threshold reached: 192.168.92.139MB
ERROR file not found: /tmp/192.168.197.186.log
INFO request from 192.168.197.186
ERROR auth failure for user 192.168.82.31
INFO user 192.168.36.209 logged in
WARN retry attempt 192.168.229.48 for 94002
INFO request from 192.168.193.243
DEBUG cache hit for key=192.168.9.50
INFO request from 192.168.219.168
DEBUG variable x=192.168.60.30
ERROR null pointer in module 192.168.211.158
WARN memory threshold reached: 192.168.189.144MB
FATAL unrecoverable disk error
FATAL kernel panic
ERROR auth failure for user 192.168.193.243
ERROR null pointer in module 192.168.57.185
DEBUG cache hit for key=192.168.215.207
DEBUG variable x=192.168.57.185
INFO connection established
INFO processed 192.168.197.186 items
DEBUG variable x=192.168.141.220
FATAL unrecoverable disk error
DEBUG variable x=192.168.178.6
INFO connection established
DEBUG variable x=192.168.36.209
FATAL unrecoverable disk error
DEBUG entering function foo
FATAL kernel panic
WARN retry attempt 192.168.9.50 for 91633
WARN slow query: 192.168.142.104ms
FATAL unrecoverable disk error
WARN memory threshold reached: 192.168.39.155MB
FATAL kernel panic
ERROR connection timeout 503
FATAL out of memory
DEBUG cache hit for key=192.168.39.155
ERROR null pointer in module 192.168.219.168
WARN retry attempt 192.168.82.31 for 48940
ERROR connection timeout 503
INFO user 192.168.82.31 logged in
WARN memory threshold reached: 192.168.82.31MB
FATAL out of memory
INFO user 192.168.229.48 logged in
ERROR null pointer in module 192.168.193.243
ERROR connection timeout 503
FATAL segfault at address 0x192.168.219.168
WARN disk usage 192.168.215.207%
FATAL kernel panic
DEBUG entering function foo
WARN disk usage 192.168.92.139%
INFO processed 192.168.178.6 items
DEBUG variable x=192.168.142.104
INFO processed 192.168.219.168 items
INFO request from 192.168.92.139
DEBUG variable x=192.168.229.48
FATAL segfault at address 0x192.168.215.207
WARN retry attempt 192.168.60.30 for 18910
ERROR file not found: /tmp/192.168.219.168.log
INFO processed 192.168.219.168 items
WARN disk usage 192.168.36.209%
ERROR auth failure for user 192.168.92.139
FATAL out of memory
FATAL unrecoverable disk error
ERROR connection timeout 503
INFO processed 192.168.229.48 items
INFO processed 192.168.107.168 items
DEBUG entering function foo
ERROR auth failure for user 192.168.107.168
WARN disk usage 192.168.197.186%
INFO request from 192.168.142.104
WARN slow query: 192.168.57.185ms
ERROR auth failure for user 192.168.107.168
DEBUG entering function foo
FATAL kernel panic
INFO connection established
INFO connection established
FATAL unrecoverable disk error
INFO user 192.168.219.168 logged in
FATAL out of memory
FATAL out of memory
DEBUG cache hit for key=192.168.215.207
FATAL out of memory
DEBUG variable x=192.168.82.31
FATAL segfault at address 0x192.168.57.185
WARN retry attempt 192.168.107.168 for 1433
INFO request from 192.168.36.209
FATAL out of memory
ERROR connection timeout 503
INFO processed 192.168.121.141 items
WARN memory threshold reached: 192.168.142.104MB
INFO user 192.168.9.50 logged in
DEBUG variable x=192.168.36.209
FATAL out of memory
WARN retry attempt 192.168.178.215 for 88897
WARN disk usage 192.168.82.31%
DEBUG cache hit for key=192.168.36.209
ERROR connection timeout 503
WARN retry attempt 192.168.229.48 for 22699
WARN disk usage 192.168.9.50%
FATAL kernel panic
INFO request from 192.168.178.215
FATAL segfault at address 0x192.168.36.209
WARN memory threshold reached: 192.168.60.30MB
INFO user 192.168.92.139 logged in
DEBUG heap size: 192.168.178.215
DEBUG cache hit for key=192.168.219.168
INFO user 192.168.178.215 logged in
DEBUG entering function foo
ERROR connection timeout 503
ERROR null pointer in module 192.168.36.209
DEBUG entering function foo
INFO request from 192.168.215.207
FATAL segfault at address 0x192.168.178.215
INFO connection established
ERROR file not found: /tmp/192.168.178.6.log
FATAL out of memory
ERROR auth failure for user 192.168.219.168
FATAL unrecoverable disk error
ERROR null pointer in module 192.168.178.215
DEBUG cache hit for key=192.168.60.30
FATAL out of memory
WARN memory threshold reached: 192.168.121.141MB
FATAL out of memory
FATAL kernel panic
INFO request from 192.168.189.144
ERROR null pointer in module 192.168.121.141
WARN retry attempt 192.168.107.168 for 37354
ERROR connection timeout 503
WARN retry attempt 192.168.82.31 for 74142
ERROR file not found: /tmp/192.168.189.144.log
DEBUG entering function foo
ERROR file not found: /tmp/192.168.121.141.log
DEBUG cache hit for key=192.168.178.6
DEBUG variable x=192.168.141.220
WARN disk usage 192.168.141.220%
ERROR auth failure for user 192.168.36.209
INFO processed 192.168.142.104 items
INFO request from 192.168.57.185
FATAL out of memory
DEBUG variable x=192.168.107.168
ERROR connection timeout 503
DEBUG heap size: 192.168.178.215
INFO request from 192.168.39.155
WARN slow query: 192.168.229.48ms
DEBUG heap size: 192.168.193.243
ERROR file not found: /tmp/192.168.142.104.log
DEBUG variable x=192.168.141.220
ERROR file not found: /tmp/192.168.193.243.log
DEBUG variable x=192.168.121.141
WARN slow query: 192.168.39.155ms
ERROR null pointer in module 192.168.219.168
INFO connection established
ERROR auth failure for user 192.168.9.50
INFO processed 192.168.178.6 items
FATAL out of memory
FATAL out of memory
ERROR auth failure for user 192.168.197.186
WARN retry attempt 192.168.215.207 for 16146
WARN slow query: 192.168.178.6ms
FATAL unrecoverable disk error
INFO user 192.168.193.243 logged in
ERROR file not found: /tmp/192.168.92.139.log
FATAL segfault at address 0x192.168.92.139
ERROR auth failure for user 192.168.36.209
DEBUG variable x=192.168.189.144
INFO request from 192.168.39.155
DEBUG heap size: 192.168.60.30
FATAL kernel panic
FATAL out of memory
WARN slow query: 192.168.39.155ms
ERROR null pointer in module 192.168.178.6
DEBUG variable x=192.168.189.144
INFO user 192.168.197.186 logged in
ERROR null pointer in module 192.168.57.185
INFO processed 192.168.121.141 items
ERROR null pointer in module 192.168.60.30
ERROR null pointer in module 192.168.211.158
FATAL unrecoverable disk error
ERROR connection timeout 503
ERROR null pointer in module 192.168.36.209
ERROR file not found: /tmp/192.168.189.144.log
INFO request from 192.168.189.144
WARN disk usage 192.168.141.220%
INFO connection established
WARN slow query: 192.168.92.139ms
INFO processed 192.168.229.48 items
ERROR connection timeout 503
INFO connection established
ERROR null pointer in module 192.168.121.141
DEBUG variable x=192.168.60.30
WARN disk usage 192.168.197.186%
DEBUG variable x=192.168.211.158
WARN disk usage 192.168.211.158%
FATAL unrecoverable disk error
DEBUG cache hit for key=192.168.60.30
INFO user 192.168.57.185 logged in
WARN slow query: 192.168.178.6ms
INFO request from 192.168.39.155
ERROR null pointer in module 192.168.189.144
ERROR connection timeout 503
WARN slow query: 192.168.178.6ms
DEBUG heap size: 192.168.219.168
ERROR connection timeout 503
DEBUG heap size: 192.168.211.158
DEBUG variable x=192.168.197.186
WARN memory threshold reached: 192.168.229.48MB
DEBUG entering function foo
FATAL unrecoverable disk error
WARN memory threshold reached: 192.168.178.215MB
INFO user 192.168.189.144 logged in
ERROR null pointer in module 192.168.107.168
WARN retry attempt 192.168.211.158 for 18631
INFO connection established
WARN slow query: 192.168.211.158ms
DEBUG cache hit for key=192.168.39.155
INFO user 192.168.9.50 logged in
ERROR null pointer in module 192.168.178.6
INFO request from 192.168.82.31
FATAL kernel panic
INFO connection established
ERROR file not found: /tmp/192.168.36.209.log
INFO connection established
WARN retry attempt 192.168.211.158 for 88867
INFO user 192.168.142.104 logged in
WARN memory threshold reached: 192.168.215.207MB
DEBUG variable x=192.168.107.168
DEBUG variable x=192.168.219.168
WARN disk usage 192.168.142.104%
FATAL out of memory
DEBUG cache hit for key=192.168.82.31
INFO processed 192.168.229.48 items
INFO connection established
ERROR auth failure for user 192.168.39.155
INFO request from 192.168.211.158
DEBUG heap size: 192.168.121.141
INFO request from 192.168.121.141
WARN retry attempt 192.168.215.207 for 59139
ERROR connection timeout 503
FATAL segfault at address 0x192.168.229.48
DEBUG cache hit for key=192.168.211.158
INFO connection established
WARN memory threshold reached: 192.168.107.168MB
DEBUG entering function foo
ERROR null pointer in module 192.168.193.243
WARN memory threshold reached: 192.168.141.220MB
ERROR connection timeout 503
FATAL segfault at address 0x192.168.82.31
WARN disk usage 192.168.107.168%
INFO user 192.168.219.168 logged in
FATAL out of memory
WARN retry attempt 192.168.215.207 for 2310
ERROR file not found: /tmp/192.168.57.185.log
WARN memory threshold reached: 192.168.178.6MB
FATAL kernel panic
INFO user 192.168.121.141 logged in
WARN retry attempt 192.168.229.48 for 50495
INFO connection established
DEBUG heap size: 192.168.82.31
DEBUG entering function foo
DEBUG heap size: 192.168.36.209
WARN retry attempt 192.168.142.104 for 62898
FATAL segfault at address 0x192.168.211.158
ERROR connection timeout 503
INFO user 192.168.219.168 logged in
FATAL unrecoverable disk error
INFO connection established
INFO request from 192.168.39.155
INFO connection established
ERROR file not found: /tmp/192.168.9.50.log
WARN memory threshold reached: 192.168.39.155MB
FATAL unrecoverable disk error
ERROR auth failure for user 192.168.178.6
FATAL out of memory
FATAL out of memory
WARN memory threshold reached: 192.168.121.141MB
INFO processed 192.168.178.6 items
ERROR connection timeout 503
INFO connection established
INFO user 192.168.178.215 logged in
FATAL out of memory
DEBUG entering function foo
FATAL unrecoverable disk error
WARN retry attempt 192.168.197.186 for 738
FATAL out of memory
FATAL unrecoverable disk error
FATAL kernel panic
FATAL unrecoverable disk error
INFO user 192.168.121.141 logged in
FATAL out of memory
ERROR connection timeout 503
WARN retry attempt 192.168.193.243 for 80790
FATAL segfault at address 0x192.168.57.185
ERROR file not found: /tmp/192.168.189.144.log
INFO request from 192.168.57.185
DEBUG cache hit for key=192.168.193.243
WARN memory threshold reached: 192.168.178.6MB
WARN slow query: 192.168.121.141ms
FATAL kernel panic
WARN slow query: 192.168.211.158ms
ERROR null pointer in module 192.168.9.50
INFO processed 192.168.142.104 items
WARN retry attempt 192.168.36.209 for 96487
WARN retry attempt 192.168.178.6 for 59387
WARN slow query: 192.168.60.30ms
FATAL out of memory
DEBUG entering function foo
DEBUG variable x=192.168.141.220
DEBUG variable x=192.168.121.141
FATAL segfault at address 0x192.168.229.48
INFO request from 192.168.189.144
WARN slow query: 192.168.178.6ms
FATAL kernel panic
INFO request from 192.168.142.104
DEBUG heap size: 192.168.215.207
DEBUG heap size: 192.168.39.155
DEBUG heap size: 192.168.189.144
INFO user 192.168.178.215 logged in
FATAL unrecoverable disk error
FATAL kernel panic
WARN disk usage 192.168.215.207%
WARN retry attempt 192.168.178.215 for 83461
FATAL kernel panic
ERROR auth failure for user 192.168.36.209
ERROR connection timeout 503
INFO processed 192.168.211.158 items
ERROR auth failure for user 192.168.92.139
WARN slow query: 192.168.215.207ms
WARN disk usage 192.168.121.141%
DEBUG entering function foo
INFO processed 192.168.9.50 items
FATAL kernel panic
FATAL unrecoverable disk error
WARN retry attempt 192.168.193.243 for 17187
INFO connection established
WARN memory threshold reached: 192.168.142.104MB
INFO request from 192.168.107.168
ERROR file not found: /tmp/192.168.189.144.log
INFO processed 192.168.57.185 items
FATAL segfault at address 0x192.168.142.104
WARN disk usage 192.168.39.155%
FATAL out of memory
WARN disk usage 192.168.36.209%
FATAL unrecoverable disk error
FATAL unrecoverable disk error
INFO request from 192.168.39.155
FATAL kernel panic
ERROR null pointer in module 192.168.142.104
ERROR null pointer in module 192.168.197.186
ERROR auth failure for user 192.168.178.6
WARN disk usage 192.168.219.168%
FATAL out of memory
ERROR auth failure for user 192.168.142.104
FATAL kernel panic
FATAL out of memory
DEBUG variable x=192.168.57.185
INFO connection established
ERROR auth failure for user 192.168.36.209
FATAL out of memory
ERROR file not found: /tmp/192.168.36.209.log
ERROR null pointer in module 192.168.82.31
WARN disk usage 192.168.39.155%
FATAL segfault at address 0x192.168.178.215
DEBUG entering function foo
ERROR null pointer in module 192.168.219.168
DEBUG variable x=192.168.92.139
INFO request from 192.168.9.50
DEBUG cache hit for key=192.168.60.30
DEBUG variable x=192.168.215.207
FATAL out of memory
ERROR auth failure for user 192.168.229.48
ERROR null pointer in module 192.168.178.6
INFO user 192.168.141.220 logged in
INFO processed 192.168.60.30 items
ERROR null pointer in module 192.168.178.6
WARN retry attempt 192.168.36.209 for 93429
DEBUG variable x=192.168.9.50
FATAL segfault at address 0x192.168.229.48
FATAL segfault at address 0x192.168.211.158
DEBUG variable x=192.168.193.243
DEBUG variable x=192.168.107.168
DEBUG variable x=192.168.57.185
INFO user 192.168.36.209 logged in
WARN retry attempt 192.168.215.207 for 14738
DEBUG variable x=192.168.121.141
WARN disk usage 192.168.178.215%
DEBUG heap size: 192.168.215.207
DEBUG entering function foo
WARN retry attempt 192.168.141.220 for 87090
FATAL segfault at address 0x192.168.36.209
DEBUG heap size: 192.168.178.6
INFO request from 192.168.178.6
ERROR file not found: /tmp/192.168.92.139.log
DEBUG variable x=192.168.39.155
WARN memory threshold reached: 192.168.142.104MB
DEBUG heap size: 192.168.219.168
INFO processed 192.168.9.50 items
FATAL kernel panic
DEBUG heap size: 192.168.189.144
WARN slow query: 192.168.60.30ms
WARN slow query: 192.168.189.144ms
FATAL out of memory
WARN disk usage 192.168.39.155%
ERROR null pointer in module 192.168.193.243
WARN memory threshold reached: 192.168.121.141MB
INFO processed 192.168.193.243 items
ERROR null pointer in module 192.168.36.209
FATAL segfault at address 0x192.168.57.185
INFO request from 192.168.141.220
ERROR auth failure for user 192.168.39.155
ERROR connection timeout 503
INFO request from 192.168.229.48
INFO request from 192.168.121.141
ERROR null pointer in module 192.168.178.6
ERROR auth failure for user 192.168.107.168
FATAL kernel panic
DEBUG heap size: 192.168.178.215
WARN retry attempt 192.168.9.50 for 52433
DEBUG cache hit for key=192.168.107.168
FATAL segfault at address 0x192.168.229.48
DEBUG cache hit for key=192.168.189.144
ERROR null pointer in module 192.168.219.168
FATAL kernel panic
WARN retry attempt 192.168.197.186 for 51995
FATAL kernel panic
FATAL segfault at address 0x192.168.215.207
WARN disk usage 192.168.57.185%
ERROR auth failure for user 192.168.193.243
ERROR auth failure for user 192.168.121.141
ERROR connection timeout 503
INFO user 192.168.178.6 logged in
DEBUG entering function foo
FATAL kernel panic
FATAL out of memory
FATAL out of memory
FATAL unrecoverable disk error
DEBUG cache hit for key=192.168.92.139
DEBUG variable x=192.168.215.207
INFO request from 192.168.60.30
DEBUG variable x=192.168.229.48
FATAL kernel panic
INFO processed 192.168.211.158 items
ERROR file not found: /tmp/192.168.39.155.log
INFO user 192.168.107.168 logged in
WARN memory threshold reached: 192.168.197.186MB
WARN memory threshold reached: 192.168.215.207MB
FATAL out of memory
ERROR auth failure for user 192.168.57.185
INFO processed 192.168.189.144 items
WARN disk usage 192.168.229.48%
INFO processed 192.168.57.185 items
ERROR connection timeout 503
FATAL segfault at address 0x192.168.82.31
WARN memory threshold reached: 192.168.142.104MB
FATAL kernel panic
ERROR auth failure for user 192.168.178.6
ERROR file not found: /tmp/192.168.92.139.log
DEBUG cache hit for key=192.168.211.158
DEBUG entering function foo
FATAL unrecoverable disk error
ERROR file not found: /tmp/192.168.211.158.log
ERROR file not found: /tmp/192.168.107.168.log
DEBUG cache hit for key=192.168.36.209
INFO user 192.168.60.30 logged in
FATAL kernel panic
INFO processed 192.168.229.48 items
DEBUG cache hit for key=192.168.219.168
DEBUG heap size: 192.168.178.215
ERROR null pointer in module 192.168.141.220
FATAL kernel panic
ERROR null pointer in module 192.168.141.220
INFO user 192.168.82.31 logged in
INFO user 192.168.57.185 logged in
WARN slow query: 192.168.197.186ms
DEBUG variable x=192.168.189.144
DEBUG entering function foo
INFO request from 192.168.219.168
FATAL unrecoverable disk error
FATAL kernel panic
INFO connection established
WARN slow query: 192.168.178.6ms
DEBUG entering function foo
WARN memory threshold reached: 192.168.60.30MB
ERROR auth failure for user 192.168.193.243
FATAL segfault at address 0x192.168.142.104
DEBUG cache hit for key=192.168.36.209
DEBUG cache hit for key=192.168.178.6
INFO connection established
FATAL out of memory
WARN retry attempt 192.168.215.207 for 83974
FATAL unrecoverable disk error
INFO connection established
INFO connection established
DEBUG cache hit for key=192.168.57.185
WARN disk usage 192.168.229.48%
INFO request from 192.168.211.158
WARN disk usage 192.168.141.220%
ERROR auth failure for user 192.168.142.104
WARN memory threshold reached: 192.168.36.209MB
ERROR connection timeout 503
INFO user 192.168.197.186 logged in
WARN slow query: 192.168.141.220ms
FATAL unrecoverable disk error
INFO connection established
DEBUG heap size: 192.168.197.186
DEBUG cache hit for key=192.168.178.6
INFO processed 192.168.189.144 items
WARN retry attempt 192.168.92.139 for 5446
FATAL unrecoverable disk error
ERROR connection timeout 503
DEBUG entering function foo
DEBUG entering function foo
FATAL out of memory
FATAL segfault at address 0x192.168.178.215
ERROR file not found: /tmp/192.168.36.209.log
WARN slow query: 192.168.92.139ms
WARN retry attempt 192.168.189.144 for 48343
WARN memory threshold reached: 192.168.141.220MB
DEBUG entering function foo
DEBUG heap size: 192.168.219.168
DEBUG variable x=192.168.142.104
INFO processed 192.168.9.50 items
WARN slow query: 192.168.219.168ms
ERROR connection timeout 503
WARN disk usage 192.168.219.168%
INFO connection established
INFO user 192.168.107.168 logged in
INFO processed 192.168.60.30 items
ERROR connection timeout 503
ERROR null pointer in module 192.168.39.155
ERROR auth failure for user 192.168.142.104
DEBUG heap size: 192.168.211.158
ERROR file not found: /tmp/192.168.178.6.log
FATAL segfault at address 0x192.168.39.155
ERROR auth failure for user 192.168.121.141
DEBUG variable x=192.168.219.168
WARN disk usage 192.168.178.6%
WARN slow query: 192.168.141.220ms
FATAL kernel panic
WARN disk usage 192.168.9.50%
FATAL kernel panic
WARN retry attempt 192.168.82.31 for 73630
ERROR connection timeout 503
DEBUG cache hit for key=192.168.178.6
INFO user 192.168.229.48 logged in
INFO request from 192.168.60.30
FATAL unrecoverable disk error
DEBUG entering function foo
INFO request from 192.168.60.30
ERROR file not found: /tmp/192.168.197.186.log
DEBUG entering function foo
WARN slow query: 192.168.211.158ms
ERROR null pointer in module 192.168.229.48
DEBUG variable x=192.168.82.31
ERROR file not found: /tmp/192.168.121.141.log
INFO request from 192.168.142.104
ERROR connection timeout 503
FATAL segfault at address 0x192.168.189.144
FATAL unrecoverable disk error
INFO request from 192.168.92.139
INFO connection established
INFO processed 192.168.219.168 items
INFO connection established
WARN disk usage 192.168.178.6%
ERROR connection timeout 503
INFO request from 192.168.82.31
WARN slow query: 192.168.141.220ms
DEBUG variable x=192.168.197.186
FATAL segfault at address 0x192.168.107.168
FATAL kernel panic
FATAL out of memory
WARN slow query: 192.168.57.185ms
DEBUG variable x=192.168.178.215
INFO connection established
DEBUG cache hit for key=192.168.92.139
FATAL unrecoverable disk error
INFO request from 192.168.211.158
ERROR null pointer in module 192.168.36.209
DEBUG variable x=192.168.193.243
DEBUG variable x=192.168.197.186
DEBUG heap size: 192.168.36.209
INFO connection established
INFO user 192.168.141.220 logged in
DEBUG variable x=192.168.215.207
DEBUG cache hit for key=192.168.178.6
INFO connection established
DEBUG cache hit for key=192.168.121.141
FATAL unrecoverable disk error
INFO processed 192.168.92.139 items
ERROR auth failure for user 192.168.60.30
ERROR auth failure for user 192.168.121.141
INFO request from 192.168.107.168
FATAL segfault at address 0x192.168.219.168
ERROR auth failure for user 192.168.229.48
WARN disk usage 192.168.121.141%
FATAL unrecoverable disk error
ERROR file not found: /tmp/192.168.39.155.log
WARN slow query: 192.168.178.6ms
ERROR auth failure for user 192.168.121.141
ERROR connection timeout 503
WARN disk usage 192.168.39.155%
FATAL kernel panic
FATAL kernel panic
ERROR connection timeout 503
ERROR file not found: /tmp/192.168.229.48.log
INFO connection established
ERROR file not found: /tmp/192.168.107.168.log
DEBUG entering function foo
INFO request from 192.168.57.185
WARN retry attempt 192.168.39.155 for 5232
DEBUG entering function foo
ERROR null pointer in module 192.168.211.158
FATAL kernel panic
INFO processed 192.168.141.220 items
ERROR file not found: /tmp/192.168.219.168.log
ERROR auth failure for user 192.168.189.144
INFO processed 192.168.178.215 items
DEBUG cache hit for key=192.168.9.50
ERROR connection timeout 503
ERROR auth failure for user 192.168.141.220
INFO user 192.168.219.168 logged in
ERROR auth failure for user 192.168.193.243
ERROR connection timeout 503
ERROR auth failure for user 192.168.121.141
FATAL segfault at address 0x192.168.107.168
FATAL segfault at address 0x192.168.92.139
ERROR connection timeout 503
FATAL kernel panic
WARN disk usage 192.168.215.207%
ERROR auth failure for user 192.168.60.30
FATAL segfault at address 0x192.168.215.207
INFO request from 192.168.142.104
ERROR connection timeout 503
WARN retry attempt 192.168.57.185 for 70992
INFO connection established
WARN retry attempt 192.168.219.168 for 47066
WARN retry attempt 192.168.211.158 for 25158
DEBUG variable x=192.168.142.104
DEBUG heap size: 192.168.197.186
DEBUG entering function foo
DEBUG cache hit for key=192.168.142.104
INFO request from 192.168.189.144
DEBUG entering function foo
WARN memory threshold reached: 192.168.178.6MB
ERROR auth failure for user 192.168.178.6
DEBUG entering function foo
FATAL segfault at address 0x192.168.211.158
FATAL out of memory
WARN retry attempt 192.168.229.48 for 28161
INFO processed 192.168.141.220 items
DEBUG cache hit for key=192.168.229.48
INFO connection established
ERROR connection timeout 503
WARN retry attempt 192.168.36.209 for 55304
DEBUG heap size: 192.168.178.6
ERROR connection timeout 503
ERROR auth failure for user 192.168.121.141
ERROR null pointer in module 192.168.82.31
ERROR null pointer in module 192.168.178.6
DEBUG heap size: 192.168.197.186
FATAL segfault at address 0x192.168.142.104
FATAL segfault at address 0x192.168.215.207
DEBUG cache hit for key=192.168.178.6
DEBUG cache hit for key=192.168.60.30
DEBUG heap size: 192.168.9.50
INFO processed 192.168.229.48 items
DEBUG heap size: 192.168.178.215
DEBUG heap size: 192.168.189.144
INFO connection established
INFO user 192.168.229.48 logged in
INFO user 192.168.219.168 logged in
ERROR auth failure for user 192.168.178.215
WARN slow query: 192.168.92.139ms
INFO user 192.168.193.243 logged in
WARN memory threshold reached: 192.168.141.220MB
DEBUG cache hit for key=192.168.197.186
FATAL kernel panic
INFO user 192.168.39.155 logged in
ERROR null pointer in module 192.168.57.185
INFO processed 192.168.229.48 items
INFO user 192.168.60.30 logged in
INFO request from 192.168.36.209
WARN disk usage 192.168.107.168%
FATAL unrecoverable disk error
ERROR file not found: /tmp/192.168.178.6.log
DEBUG variable x=192.168.60.30
WARN slow query: 192.168.92.139ms
INFO request from 192.168.142.104
WARN retry attempt 192.168.121.141 for 58673
DEBUG entering function foo
FATAL out of memory
DEBUG variable x=192.168.178.215
DEBUG heap size: 192.168.219.168
FATAL segfault at address 0x192.168.211.158
INFO request from 192.168.36.209
ERROR auth failure for user 192.168.92.139
INFO connection established
ERROR null pointer in module 192.168.197.186
WARN memory threshold reached: 192.168.142.104MB
WARN memory threshold reached: 192.168.107.168MB
DEBUG entering function foo
DEBUG cache hit for key=192.168.9.50
DEBUG cache hit for key=192.168.178.6
ERROR file not found: /tmp/192.168.60.30.log
WARN memory threshold reached: 192.168.142.104MB
FATAL kernel panic
FATAL unrecoverable disk error
FATAL kernel panic
INFO request from 192.168.219.168
DEBUG heap size: 192.168.39.155
WARN slow query: 192.168.142.104ms
WARN slow query: 192.168.60.30ms
INFO request from 192.168.219.168
WARN retry attempt 192.168.193.243 for 8649
FATAL unrecoverable disk error
FATAL kernel panic
ERROR file not found: /tmp/192.168.39.155.log
INFO request from 192.168.9.50
FATAL unrecoverable disk error
FATAL unrecoverable disk error
ERROR auth failure for user 192.168.211.158
INFO processed 192.168.142.104 items
FATAL out of memory
FATAL out of memory
WARN memory threshold reached: 192.168.121.141MB
ERROR auth failure for user 192.168.211.158
INFO processed 192.168.60.30 items
FATAL unrecoverable disk error
ERROR connection timeout 503
ERROR auth failure for user 192.168.57.185
WARN disk usage 192.168.178.6%
WARN retry attempt 192.168.189.144 for 86376
WARN slow query: 192.168.142.104ms
INFO user 192.168.229.48 logged in
WARN memory threshold reached: 192.168.211.158MB
WARN disk usage 192.168.211.158%
FATAL segfault at address 0x192.168.60.30
DEBUG variable x=192.168.197.186
DEBUG cache hit for key=192.168.189.144
DEBUG heap size: 192.168.189.144
ERROR file not found: /tmp/192.168.219.168.log
WARN slow query: 192.168.178.6ms
WARN disk usage 192.168.211.158%
FATAL segfault at address 0x192.168.36.209
ERROR auth failure for user 192.168.82.31
FATAL out of memory
INFO request from 192.168.39.155
WARN retry attempt 192.168.219.168 for 38449
FATAL kernel panic
ERROR null pointer in module 192.168.82.31
WARN retry attempt 192.168.142.104 for 1227
FATAL segfault at address 0x192.168.211.158
FATAL segfault at address 0x192.168.92.139
FATAL unrecoverable disk error
INFO request from 192.168.215.207
DEBUG heap size: 192.168.82.31
WARN disk usage 192.168.189.144%
FATAL unrecoverable disk error
WARN slow query: 192.168.36.209ms
WARN disk usage 192.168.229.48%
FATAL unrecoverable disk error
WARN slow query: 192.168.57.185ms
INFO connection established
ERROR auth failure for user 192.168.229.48
INFO user 192.168.92.139 logged in
FATAL unrecoverable disk error
INFO request from 192.168.141.220
DEBUG variable x=192.168.215.207
INFO processed 192.168.178.215 items
WARN retry attempt 192.168.178.215 for 13292
FATAL kernel panic
FATAL kernel panic
INFO request from 192.168.141.220
INFO request from 192.168.211.158
DEBUG cache hit for key=192.168.141.220
ERROR auth failure for user 192.168.229.48
WARN memory threshold reached: 192.168.193.243MB
INFO connection established
ERROR auth failure for user 192.168.197.186
DEBUG entering function foo
INFO processed 192.168.229.48 items
WARN memory threshold reached: 192.168.141.220MB
FATAL unrecoverable disk error
FATAL kernel panic
FATAL segfault at address 0x192.168.142.104
FATAL kernel panic
WARN disk usage 192.168.121.141%
DEBUG cache hit for key=192.168.92.139
WARN disk usage 192.168.178.6%
DEBUG heap size: 192.168.141.220
WARN memory threshold reached: 192.168.189.144MB
INFO connection established
ERROR file not found: /tmp/192.168.92.139.log
INFO user 192.168.57.185 logged in
ERROR connection timeout 503
WARN disk usage 192.168.39.155%
WARN disk usage 192.168.178.215%
FATAL segfault at address 0x192.168.57.185
DEBUG variable x=192.168.193.243
WARN retry attempt 192.168.142.104 for 61550
INFO processed 192.168.142.104 items
ERROR auth failure for user 192.168.141.220
INFO connection established
WARN memory threshold reached: 192.168.142.104MB
ERROR auth failure for user 192.168.92.139
DEBUG variable x=192.168.82.31
ERROR connection timeout 503
ERROR connection timeout 503
INFO connection established
ERROR null pointer in module 192.168.219.168
INFO user 192.168.189.144 logged in
DEBUG entering function foo
INFO user 192.168.60.30 logged in
DEBUG entering function foo
ERROR file not found: /tmp/192.168.121.141.log
INFO processed 192.168.215.207 items
WARN disk usage 192.168.215.207%
INFO request from 192.168.229.48
ERROR connection timeout 503
ERROR auth failure for user 192.168.141.220
FATAL segfault at address 0x192.168.178.6
DEBUG variable x=192.168.121.141
INFO connection established
INFO user 192.168.107.168 logged in
ERROR file not found: /tmp/192.168.229.48.log
WARN disk usage 192.168.60.30%
DEBUG heap size: 192.168.215.207
DEBUG variable x=192.168.39.155
ERROR null pointer in module 192.168.211.158
ERROR auth failure for user 192.168.193.243
WARN disk usage 192.168.211.158%
INFO request from 192.168.211.158
WARN disk usage 192.168.142.104%
FATAL unrecoverable disk error
ERROR connection timeout 503
ERROR connection timeout 503
WARN disk usage 192.168.57.185%
ERROR null pointer in module 192.168.36.209
ERROR auth failure for user 192.168.92.139
DEBUG entering function foo
WARN retry attempt 192.168.178.6 for 37060
WARN disk usage 192.168.121.141%
DEBUG cache hit for key=192.168.107.168
DEBUG variable x=192.168.82.31
FATAL unrecoverable disk error
ERROR file not found: /tmp/192.168.219.168.log
INFO request from 192.168.57.185
DEBUG cache hit for key=192.168.189.144
INFO user 192.168.57.185 logged in
ERROR auth failure for user 192.168.107.168
DEBUG variable x=192.168.82.31
WARN slow query: 192.168.215.207ms
ERROR auth failure for user 192.168.211.158
INFO connection established
FATAL unrecoverable disk error
DEBUG heap size: 192.168.121.141
FATAL kernel panic
FATAL kernel panic
FATAL out of memory
WARN slow query: 192.168.141.220ms
INFO user 192.168.39.155 logged in
FATAL segfault at address 0x192.168.57.185
INFO connection established
DEBUG cache hit for key=192.168.121.141
DEBUG heap size: 192.168.107.168
FATAL kernel panic
INFO processed 192.168.197.186 items
INFO request from 192.168.107.168
INFO processed 192.168.178.215 items
ERROR file not found: /tmp/192.168.121.141.log
DEBUG entering function foo
FATAL kernel panic
DEBUG heap size: 192.168.189.144
INFO user 192.168.215.207 logged in
FATAL out of memory
ERROR auth failure for user 192.168.107.168
ERROR connection timeout 503
WARN slow query: 192.168.211.158ms
ERROR file not found: /tmp/192.168.211.158.log
INFO request from 192.168.142.104
ERROR null pointer in module 192.168.229.48
INFO request from 192.168.229.48
FATAL unrecoverable disk error
WARN disk usage 192.168.92.139%
INFO user 192.168.193.243 logged in
ERROR null pointer in module 192.168.178.215
FATAL unrecoverable disk error
FATAL kernel panic
INFO processed 192.168.36.209 items
WARN slow query: 192.168.9.50ms
ERROR auth failure for user 192.168.178.215
DEBUG heap size: 192.168.82.31
DEBUG cache hit for key=192.168.219.168
WARN retry attempt 192.168.9.50 for 32352
INFO connection established
DEBUG cache hit for key=192.168.9.50
INFO connection established
WARN disk usage 192.168.9.50%
DEBUG entering function foo
INFO processed 192.168.215.207 items
INFO processed 192.168.197.186 items
DEBUG cache hit for key=192.168.39.155
DEBUG cache hit for key=192.168.197.186
ERROR null pointer in module 192.168.219.168
WARN memory threshold reached: 192.168.57.185MB
DEBUG heap size: 192.168.178.215
ERROR connection timeout 503
WARN disk usage 192.168.60.30%
FATAL segfault at address 0x192.168.197.186
ERROR file not found: /tmp/192.168.92.139.log
DEBUG heap size: 192.168.82.31
FATAL unrecoverable disk error
ERROR null pointer in module 192.168.57.185
ERROR file not found: /tmp/192.168.219.168.log
DEBUG cache hit for key=192.168.193.243
FATAL segfault at address 0x192.168.178.6
FATAL kernel panic
FATAL unrecoverable disk error
ERROR null pointer in module 192.168.197.186
FATAL unrecoverable disk error
WARN disk usage 192.168.215.207%
DEBUG heap size: 192.168.219.168
INFO processed 192.168.193.243 items
WARN retry attempt 192.168.141.220 for 85177
ERROR auth failure for user 192.168.39.155
ERROR file not found: /tmp/192.168.82.31.log
INFO request from 192.168.219.168
DEBUG entering function foo
DEBUG cache hit for key=192.168.142.104
WARN slow query: 192.168.121.141ms
INFO connection established
INFO request from 192.168.178.215
FATAL kernel panic
WARN slow query: 192.168.178.6ms
ERROR null pointer in module 192.168.197.186
DEBUG heap size: 192.168.178.6
WARN disk usage 192.168.92.139%
INFO user 192.168.39.155 logged in
INFO request from 192.168.141.220
FATAL out of memory
DEBUG heap size: 192.168.211.158
FATAL segfault at address 0x192.168.178.215
INFO request from 192.168.197.186
INFO user 192.168.219.168 logged in
WARN slow query: 192.168.215.207ms
WARN slow query: 192.168.107.168ms
WARN disk usage 192.168.39.155%
WARN retry attempt 192.168.121.141 for 18424
INFO processed 192.168.189.144 items
INFO user 192.168.36.209 logged in
INFO request from 192.168.178.6
ERROR file not found: /tmp/192.168.57.185.log
DEBUG variable x=192.168.141.220
DEBUG variable x=192.168.82.31
INFO user 192.168.121.141 logged in
INFO user 192.168.193.243 logged in
INFO user 192.168.193.243 logged in
FATAL out of memory
FATAL out of memory
ERROR file not found: /tmp/192.168.9.50.log
INFO connection established
FATAL unrecoverable disk error
ERROR connection timeout 503
INFO user 192.168.178.215 logged in
DEBUG heap size: 192.168.92.139
DEBUG entering function foo
WARN disk usage 192.168.142.104%
DEBUG cache hit for key=192.168.141.220
ERROR null pointer in module 192.168.197.186
INFO processed 192.168.36.209 items
INFO connection established
INFO user 192.168.215.207 logged in
FATAL segfault at address 0x192.168.9.50
ERROR connection timeout 503
WARN memory threshold reached: 192.168.57.185MB
DEBUG entering function foo
FATAL unrecoverable disk error
ERROR connection timeout 503
DEBUG heap size: 192.168.9.50
ERROR auth failure for user 192.168.197.186
WARN slow query: 192.168.211.158ms
DEBUG variable x=192.168.141.220
WARN retry attempt 192.168.178.215 for 2294
FATAL out of memory
ERROR auth failure for user 192.168.142.104
FATAL unrecoverable disk error
DEBUG variable x=192.168.82.31
INFO request from 192.168.142.104
INFO processed 192.168.57.185 items
ERROR auth failure for user 192.168.197.186
DEBUG heap size: 192.168.178.215
DEBUG cache hit for key=192.168.215.207
INFO request from 192.168.219.168
WARN retry attempt 192.168.211.158 for 10281
FATAL out of memory
WARN memory threshold reached: 192.168.39.155MB
ERROR auth failure for user 192.168.178.6
INFO user 192.168.211.158 logged in
DEBUG variable x=192.168.36.209
DEBUG variable x=192.168.197.186
ERROR connection timeout 503
DEBUG entering function foo
INFO processed 192.168.178.215 items
INFO user 192.168.211.158 logged in
FATAL kernel panic
ERROR null pointer in module 192.168.178.215
ERROR connection timeout 503
INFO user 192.168.197.186 logged in
DEBUG heap size: 192.168.92.139
ERROR auth failure for user 192.168.219.168
WARN retry attempt 192.168.39.155 for 93211
WARN disk usage 192.168.215.207%
ERROR connection timeout 503
FATAL segfault at address 0x192.168.60.30
DEBUG heap size: 192.168.39.155
ERROR connection timeout 503
DEBUG heap size: 192.168.229.48
WARN memory threshold reached: 192.168.142.104MB
ERROR null pointer in module 192.168.36.209
FATAL kernel panic
ERROR auth failure for user 192.168.211.158
INFO user 192.168.229.48 logged in
INFO processed 192.168.215.207 items
FATAL unrecoverable disk error
ERROR connection timeout 503
INFO request from 192.168.219.168
WARN retry attempt 192.168.36.209 for 61468
DEBUG variable x=192.168.36.209
FATAL out of memory
FATAL segfault at address 0x192.168.92.139
WARN memory threshold reached: 192.168.60.30MB
FATAL out of memory
FATAL kernel panic
INFO user 192.168.82.31 logged in
WARN retry attempt 192.168.121.141 for 54866
WARN disk usage 192.168.219.168%
FATAL unrecoverable disk error
WARN slow query: 192.168.92.139ms
WARN slow query: 192.168.211.158ms
WARN retry attempt 192.168.229.48 for 61894
DEBUG heap size: 192.168.193.243
ERROR auth failure for user 192.168.60.30
INFO connection established
FATAL kernel panic
ERROR null pointer in module 192.168.39.155
INFO user 192.168.197.186 logged in
FATAL out of memory
ERROR auth failure for user 192.168.107.168
DEBUG entering function foo
DEBUG variable x=192.168.60.30
WARN memory threshold reached: 192.168.107.168MB
INFO request from 192.168.92.139
FATAL out of memory
INFO user 192.168.197.186 logged in
DEBUG variable x=192.168.219.168
WARN memory threshold reached: 192.168.197.186MB
ERROR auth failure for user 192.168.9.50
ERROR file not found: /tmp/192.168.229.48.log
ERROR auth failure for user 192.168.121.141
INFO user 192.168.57.185 logged in
INFO user 192.168.189.144 logged in
WARN retry attempt 192.168.189.144 for 17623
WARN disk usage 192.168.60.30%
WARN memory threshold reached: 192.168.82.31MB
INFO request from 192.168.36.209
DEBUG entering function foo
INFO processed 192.168.107.168 items
WARN retry attempt 192.168.193.243 for 9946
WARN slow query: 192.168.211.158ms
INFO user 192.168.39.155 logged in
INFO connection established
DEBUG variable x=192.168.211.158
DEBUG variable x=192.168.178.215
INFO connection established
WARN slow query: 192.168.121.141ms
DEBUG variable x=192.168.82.31
INFO processed 192.168.57.185 items
DEBUG heap size: 192.168.39.155
ERROR file not found: /tmp/192.168.60.30.log
INFO user 192.168.57.185 logged in
ERROR file not found: /tmp/192.168.9.50.log
DEBUG heap size: 192.168.39.155
INFO connection established
FATAL segfault at address 0x192.168.9.50
ERROR auth failure for user 192.168.197.186
WARN slow query: 192.168.193.243ms
ERROR auth failure for user 192.168.39.155
DEBUG variable x=192.168.141.220
FATAL segfault at address 0x192.168.189.144
DEBUG variable x=192.168.121.141
FATAL out of memory
FATAL segfault at address 0x192.168.189.144
DEBUG heap size: 192.168.229.48
INFO connection established
ERROR connection timeout 503
WARN retry attempt 192.168.189.144 for 38920
FATAL unrecoverable disk error
ERROR connection timeout 503
INFO user 192.168.229.48 logged in
DEBUG cache hit for key=192.168.141.220
DEBUG cache hit for key=192.168.189.144
WARN retry attempt 192.168.60.30 for 31283
DEBUG cache hit for key=192.168.219.168
DEBUG heap size: 192.168.215.207
ERROR file not found: /tmp/192.168.107.168.log
DEBUG entering function foo
INFO processed 192.168.219.168 items
DEBUG variable x=192.168.219.168
ERROR file not found: /tmp/192.168.142.104.log
FATAL unrecoverable disk error
FATAL segfault at address 0x192.168.57.185
DEBUG heap size: 192.168.92.139
DEBUG variable x=192.168.92.139
FATAL out of memory
WARN disk usage 192.168.189.144%
FATAL kernel panic
DEBUG entering function foo
WARN disk usage 192.168.229.48%
INFO user 192.168.39.155 logged in
INFO processed 192.168.39.155 items
ERROR auth failure for user 192.168.57.185
INFO connection established
FATAL unrecoverable disk error
DEBUG heap size: 192.168.229.48
FATAL out of memory
ERROR file not found: /tmp/192.168.229.48.log
INFO user 192.168.178.215 logged in
ERROR auth failure for user 192.168.107.168
FATAL unrecoverable disk error
WARN memory threshold reached: 192.168.60.30MB
FATAL out of memory
ERROR file not found: /tmp/192.168.121.141.log
DEBUG entering function foo
WARN disk usage 192.168.82.31%
INFO user 192.168.178.215 logged in
ERROR null pointer in module 192.168.57.185
WARN memory threshold reached: 192.168.215.207MB
INFO request from 192.168.141.220
DEBUG cache hit for key=192.168.189.144
INFO request from 192.168.9.50
ERROR null pointer in module 192.168.197.186
FATAL segfault at address 0x192.168.229.48
INFO user 192.168.193.243 logged in
ERROR connection timeout 503
FATAL unrecoverable disk error
WARN memory threshold reached: 192.168.229.48MB
INFO processed 192.168.178.6 items
WARN slow query: 192.168.178.6ms
WARN memory threshold reached: 192.168.82.31MB
DEBUG variable x=192.168.60.30
INFO connection established
WARN retry attempt 192.168.141.220 for 39213
ERROR null pointer in module 192.168.189.144
FATAL unrecoverable disk error
DEBUG variable x=192.168.215.207
FATAL out of memory
WARN retry attempt 192.168.82.31 for 46958
WARN memory threshold reached: 192.168.178.215MB
ERROR auth failure for user 192.168.121.141
DEBUG entering function foo
DEBUG heap size: 192.168.9.50
ERROR file not found: /tmp/192.168.92.139.log
WARN memory threshold reached: 192.168.107.168MB
INFO user 192.168.215.207 logged in
ERROR connection timeout 503
WARN retry attempt 192.168.215.207 for 56851
FATAL segfault at address 0x192.168.82.31
INFO user 192.168.197.186 logged in
WARN slow query: 192.168.39.155ms
FATAL unrecoverable disk error
ERROR connection timeout 503
FATAL segfault at address 0x192.168.57.185
INFO processed 192.168.229.48 items
FATAL kernel panic
INFO processed 192.168.36.209 items
DEBUG cache hit for key=192.168.82.31
FATAL kernel panic
FATAL segfault at address 0x192.168.92.139
DEBUG entering function foo
WARN memory threshold reached: 192.168.92.139MB
ERROR auth failure for user 192.168.178.215
FATAL unrecoverable disk error
DEBUG entering function foo
WARN retry attempt 192.168.193.243 for 53050
FATAL segfault at address 0x192.168.107.168
DEBUG heap size: 192.168.57.185
FATAL kernel panic
FATAL kernel panic
INFO user 192.168.107.168 logged in
FATAL kernel panic
DEBUG cache hit for key=192.168.92.139
INFO processed 192.168.9.50 items
FATAL segfault at address 0x192.168.211.158
DEBUG variable x=192.168.229.48
ERROR file not found: /tmp/192.168.193.243.log
INFO connection established
FATAL unrecoverable disk error
FATAL unrecoverable disk error
DEBUG entering function foo
WARN retry attempt 192.168.57.185 for 97240
ERROR connection timeout 503
WARN disk usage 192.168.82.31%
FATAL unrecoverable disk error
ERROR connection timeout 503
WARN retry attempt 192.168.189.144 for 96248
WARN slow query: 192.168.219.168ms
FATAL out of memory
DEBUG entering function foo
DEBUG cache hit for key=192.168.197.186
DEBUG heap size: 192.168.9.50
WARN slow query: 192.168.9.50ms
INFO user 192.168.92.139 logged in
FATAL unrecoverable disk error
INFO processed 192.168.141.220 items
WARN memory threshold reached: 192.168.215.207MB
INFO request from 192.168.197.186
WARN slow query: 192.168.189.144ms
ERROR connection timeout 503
DEBUG entering function foo
FATAL segfault at address 0x192.168.197.186
INFO user 192.168.36.209 logged in
INFO user 192.168.178.215 logged in
INFO processed 192.168.142.104 items
FATAL kernel panic
WARN memory threshold reached: 192.168.57.185MB
FATAL out of memory
WARN memory threshold reached: 192.168.142.104MB
FATAL kernel panic
INFO connection established
ERROR file not found: /tmp/192.168.193.243.log
WARN retry attempt 192.168.92.139 for 37477
DEBUG variable x=192.168.197.186
WARN retry attempt 192.168.178.215 for 72165
WARN slow query: 192.168.36.209ms
FATAL unrecoverable disk error
ERROR file not found: /tmp/192.168.36.209.log
FATAL kernel panic
DEBUG cache hit for key=192.168.211.158
FATAL segfault at address 0x192.168.142.104
ERROR file not found: /tmp/192.168.197.186.log
DEBUG entering function foo
FATAL out of memory
INFO user 192.168.178.215 logged in
ERROR file not found: /tmp/192.168.189.144.log
WARN memory threshold reached: 192.168.9.50MB
INFO processed 192.168.82.31 items
WARN slow query: 192.168.60.30ms
DEBUG entering function foo
ERROR null pointer in module 192.168.121.141
DEBUG variable x=192.168.92.139
INFO user 192.168.82.31 logged in
WARN memory threshold reached: 192.168.197.186MB
ERROR file not found: /tmp/192.168.9.50.log
WARN disk usage 192.168.36.209%
FATAL kernel panic
FATAL segfault at address 0x192.168.229.48
INFO user 192.168.82.31 logged in
INFO connection established
DEBUG heap size: 192.168.92.139
INFO user 192.168.9.50 logged in
WARN retry attempt 192.168.121.141 for 26699
DEBUG variable x=192.168.178.215
FATAL kernel panic
WARN slow query: 192.168.189.144ms
DEBUG entering function foo
INFO processed 192.168.92.139 items
ERROR auth failure for user 192.168.178.6
INFO user 192.168.57.185 logged in
DEBUG heap size: 192.168.219.168
INFO request from 192.168.36.209
DEBUG heap size: 192.168.142.104
ERROR null pointer in module 192.168.189.144
FATAL kernel panic
ERROR auth failure for user 192.168.60.30
WARN memory threshold reached: 192.168.57.185MB
DEBUG variable x=192.168.215.207
DEBUG variable x=192.168.197.186
INFO processed 192.168.219.168 items
FATAL out of memory
WARN memory threshold reached: 192.168.178.215MB
FATAL unrecoverable disk error
WARN slow query: 192.168.9.50ms
DEBUG variable x=192.168.211.158
ERROR connection timeout 503
WARN slow query: 192.168.82.31ms
DEBUG heap size: 192.168.141.220
WARN retry attempt 192.168.92.139 for 10639
INFO user 192.168.121.141 logged in
ERROR auth failure for user 192.168.9.50
WARN disk usage 192.168.92.139%
FATAL segfault at address 0x192.168.57.185
WARN retry attempt 192.168.197.186 for 38752
FATAL kernel panic
FATAL segfault at address 0x192.168.197.186
DEBUG cache hit for key=192.168.193.243
INFO connection established
DEBUG entering function foo
WARN retry attempt 192.168.142.104 for 41479
INFO connection established
ERROR null pointer in module 192.168.141.220
INFO processed 192.168.82.31 items
DEBUG heap size: 192.168.215.207
INFO connection established
WARN memory threshold reached: 192.168.39.155MB
ERROR file not found: /tmp/192.168.211.158.log
FATAL out of memory
FATAL out of memory
DEBUG entering function foo
WARN memory threshold reached: 192.168.107.168MB
FATAL kernel panic
WARN memory threshold reached: 192.168.197.186MB
FATAL out of memory
INFO processed 192.168.178.215 items
DEBUG cache hit for key=192.168.211.158
FATAL kernel panic
FATAL kernel panic
FATAL kernel panic
INFO processed 192.168.219.168 items
INFO processed 192.168.36.209 items
ERROR null pointer in module 192.168.39.155
ERROR null pointer in module 192.168.82.31
ERROR null pointer in module 192.168.197.186
DEBUG cache hit for key=192.168.178.215
ERROR connection timeout 503
FATAL kernel panic
DEBUG variable x=192.168.57.185
ERROR auth failure for user 192.168.178.6
FATAL segfault at address 0x192.168.82.31
INFO request from 192.168.92.139
WARN slow query: 192.168.189.144ms
ERROR auth failure for user 192.168.229.48
ERROR connection timeout 503
FATAL out of memory
ERROR null pointer in module 192.168.92.139
INFO user 192.168.193.243 logged in
INFO connection established
WARN disk usage 192.168.219.168%
ERROR file not found: /tmp/192.168.39.155.log
DEBUG heap size: 192.168.229.48
ERROR connection timeout 503
FATAL unrecoverable disk error
ERROR null pointer in module 192.168.141.220
INFO request from 192.168.215.207
ERROR file not found: /tmp/192.168.39.155.log
INFO request from 192.168.82.31
ERROR null pointer in module 192.168.39.155
FATAL out of memory
ERROR null pointer in module 192.168.219.168
DEBUG cache hit for key=192.168.9.50
ERROR null pointer in module 192.168.193.243
INFO connection established
FATAL kernel panic
WARN retry attempt 192.168.82.31 for 66802
ERROR connection timeout 503
WARN memory threshold reached: 192.168.211.158MB
ERROR file not found: /tmp/192.168.121.141.log
FATAL out of memory
FATAL kernel panic
FATAL unrecoverable disk error
ERROR connection timeout 503
WARN memory threshold reached: 192.168.39.155MB
INFO connection established
WARN disk usage 192.168.39.155%
FATAL segfault at address 0x192.168.121.141
INFO processed 192.168.229.48 items
WARN disk usage 192.168.82.31%
INFO processed 192.168.57.185 items
WARN retry attempt 192.168.107.168 for 93615
FATAL out of memory
INFO request from 192.168.211.158
INFO processed 192.168.229.48 items
FATAL unrecoverable disk error
INFO request from 192.168.121.141
FATAL unrecoverable disk error
ERROR null pointer in module 192.168.92.139
WARN memory threshold reached: 192.168.39.155MB
FATAL segfault at address 0x192.168.121.141
ERROR file not found: /tmp/192.168.229.48.log
DEBUG cache hit for key=192.168.9.50
ERROR file not found: /tmp/192.168.189.144.log
DEBUG cache hit for key=192.168.229.48
FATAL out of memory
ERROR auth failure for user 192.168.193.243
ERROR auth failure for user 192.168.82.31
INFO request from 192.168.178.215
INFO connection established
DEBUG heap size: 192.168.189.144
FATAL kernel panic
WARN slow query: 192.168.9.50ms
INFO processed 192.168.39.155 items
ERROR file not found: /tmp/192.168.57.185.log
FATAL segfault at address 0x192.168.215.207
INFO user 192.168.60.30 logged in
ERROR null pointer in module 192.168.36.209
INFO processed 192.168.215.207 items
WARN disk usage 192.168.57.185%
FATAL out of memory
ERROR connection timeout 503
WARN disk usage 192.168.215.207%
WARN disk usage 192.168.121.141%
INFO connection established
FATAL unrecoverable disk error
ERROR file not found: /tmp/192.168.142.104.log
ERROR null pointer in module 192.168.178.6
DEBUG cache hit for key=192.168.107.168
DEBUG cache hit for key=192.168.9.50
ERROR auth failure for user 192.168.193.243
ERROR null pointer in module 192.168.197.186
INFO processed 192.168.189.144 items
INFO user 192.168.189.144 logged in
INFO connection established
WARN memory threshold reached: 192.168.82.31MB
ERROR null pointer in module 192.168.92.139
DEBUG entering function foo
FATAL unrecoverable disk error
DEBUG variable x=192.168.9.50
ERROR file not found: /tmp/192.168.229.48.log
DEBUG variable x=192.168.193.243
DEBUG heap size: 192.168.57.185
ERROR file not found: /tmp/192.168.141.220.log
ERROR auth failure for user 192.168.36.209
ERROR connection timeout 503
WARN retry attempt 192.168.193.243 for 71378
DEBUG variable x=192.168.60.30
WARN retry attempt 192.168.211.158 for 89031
DEBUG variable x=192.168.211.158
INFO processed 192.168.197.186 items
DEBUG heap size: 192.168.92.139
ERROR file not found: /tmp/192.168.178.215.log
FATAL unrecoverable disk error
FATAL segfault at address 0x192.168.215.207
INFO user 192.168.141.220 logged in
FATAL kernel panic
INFO user 192.168.39.155 logged in
DEBUG cache hit for key=192.168.189.144
ERROR null pointer in module 192.168.189.144
WARN memory threshold reached: 192.168.215.207MB
FATAL unrecoverable disk error
INFO processed 192.168.219.168 items
ERROR file not found: /tmp/192.168.82.31.log
ERROR file not found: /tmp/192.168.219.168.log
FATAL segfault at address 0x192.168.60.30
WARN retry attempt 192.168.57.185 for 24504
DEBUG entering function foo
ERROR auth failure for user 192.168.141.220
FATAL segfault at address 0x192.168.178.6
FATAL out of memory
DEBUG heap size: 192.168.121.141
INFO user 192.168.178.215 logged in
WARN disk usage 192.168.57.185%
FATAL unrecoverable disk error
INFO connection established
FATAL out of memory
WARN slow query: 192.168.178.6ms
WARN memory threshold reached: 192.168.193.243MB
DEBUG entering function foo
DEBUG entering function foo
ERROR file not found: /tmp/192.168.215.207.log
ERROR connection timeout 503
INFO request from 192.168.9.50
ERROR file not found: /tmp/192.168.39.155.log
INFO connection established
FATAL segfault at address 0x192.168.178.215
INFO user 192.168.178.215 logged in
WARN disk usage 192.168.60.30%
INFO processed 192.168.9.50 items
ERROR connection timeout 503
WARN slow query: 192.168.9.50ms
INFO connection established
FATAL out of memory
WARN retry attempt 192.168.9.50 for 571
DEBUG variable x=192.168.107.168
INFO connection established
WARN disk usage 192.168.60.30%
INFO connection established
FATAL out of memory
DEBUG heap size: 192.168.36.209
INFO request from 192.168.197.186
INFO user 192.168.36.209 logged in
FATAL kernel panic
DEBUG entering function foo
WARN memory threshold reached: 192.168.107.168MB
DEBUG variable x=192.168.57.185
WARN retry attempt 192.168.60.30 for 81663
WARN disk usage 192.168.141.220%
DEBUG cache hit for key=192.168.39.155
ERROR auth failure for user 192.168.189.144
INFO processed 192.168.178.215 items
FATAL unrecoverable disk error
ERROR null pointer in module 192.168.178.215
INFO connection established
WARN memory threshold reached: 192.168.36.209MB
INFO user 192.168.92.139 logged in
ERROR file not found: /tmp/192.168.36.209.log
WARN memory threshold reached: 192.168.9.50MB
WARN slow query: 192.168.229.48ms
ERROR connection timeout 503
WARN disk usage 192.168.39.155%
ERROR null pointer in module 192.168.215.207
DEBUG entering function foo
WARN slow query: 192.168.178.6ms
WARN slow query: 192.168.92.139ms
INFO user 192.168.107.168 logged in
WARN retry attempt 192.168.178.215 for 41587
WARN retry attempt 192.168.211.158 for 53719
DEBUG heap size: 192.168.107.168
INFO request from 192.168.121.141
ERROR file not found: /tmp/192.168.178.215.log
FATAL kernel panic
WARN disk usage 192.168.211.158%
DEBUG cache hit for key=192.168.189.144
INFO request from 192.168.189.144
FATAL segfault at address 0x192.168.141.220
ERROR connection timeout 503
WARN disk usage 192.168.107.168%
DEBUG heap size: 192.168.211.158
FATAL unrecoverable disk error
INFO processed 192.168.57.185 items
WARN retry attempt 192.168.9.50 for 43031
FATAL out of memory
WARN retry attempt 192.168.215.207 for 64438
DEBUG entering function foo
WARN slow query: 192.168.211.158ms
FATAL unrecoverable disk error
DEBUG entering function foo
ERROR connection timeout 503
WARN disk usage 192.168.211.158%
DEBUG entering function foo
ERROR connection timeout 503
FATAL kernel panic
ERROR auth failure for user 192.168.57.185
DEBUG heap size: 192.168.215.207
DEBUG heap size: 192.168.211.158
INFO processed 192.168.36.209 items
INFO request from 192.168.197.186
INFO user 192.168.193.243 logged in
ERROR null pointer in module 192.168.229.48
ERROR null pointer in module 192.168.193.243
ERROR connection timeout 503
WARN disk usage 192.168.178.6%
INFO connection established
DEBUG cache hit for key=192.168.92.139
WARN disk usage 192.168.60.30%
ERROR connection timeout 503
INFO connection established
WARN memory threshold reached: 192.168.121.141MB
FATAL kernel panic
ERROR file not found: /tmp/192.168.229.48.log
WARN memory threshold reached: 192.168.9.50MB
WARN disk usage 192.168.193.243%
INFO request from 192.168.141.220
FATAL segfault at address 0x192.168.197.186
INFO user 192.168.142.104 logged in
WARN disk usage 192.168.193.243%
WARN slow query: 192.168.229.48ms
ERROR auth failure for user 192.168.39.155
DEBUG heap size: 192.168.82.31
WARN slow query: 192.168.178.6ms
WARN slow query: 192.168.211.158ms
DEBUG cache hit for key=192.168.229.48
WARN retry attempt 192.168.189.144 for 38414
FATAL out of memory
ERROR file not found: /tmp/192.168.178.6.log
ERROR connection timeout 503
FATAL segfault at address 0x192.168.60.30
DEBUG entering function foo
INFO connection established
INFO request from 192.168.211.158
DEBUG cache hit for key=192.168.121.141
FATAL segfault at address 0x192.168.107.168
ERROR null pointer in module 192.168.193.243
WARN retry attempt 192.168.141.220 for 72279
ERROR null pointer in module 192.168.178.215
DEBUG heap size: 192.168.178.6
ERROR null pointer in module 192.168.107.168
WARN memory threshold reached: 192.168.197.186MB
INFO request from 192.168.60.30
INFO request from 192.168.60.30
INFO user 192.168.178.215 logged in
FATAL segfault at address 0x192.168.82.31
INFO user 192.168.142.104 logged in
DEBUG heap size: 192.168.9.50
FATAL segfault at address 0x192.168.219.168
INFO user 192.168.57.185 logged in
WARN disk usage 192.168.142.104%
INFO connection established
FATAL unrecoverable disk error
INFO processed 192.168.9.50 items
INFO processed 192.168.178.215 items
FATAL out of memory
INFO request from 192.168.193.243
WARN memory threshold reached: 192.168.178.6MB
FATAL unrecoverable disk error
FATAL out of memory
FATAL out of memory
DEBUG cache hit for key=192.168.107.168
DEBUG variable x=192.168.178.6
ERROR connection timeout 503
DEBUG variable x=192.168.197.186
ERROR connection timeout 503
WARN retry attempt 192.168.92.139 for 82337
WARN memory threshold reached: 192.168.193.243MB
DEBUG entering function foo
DEBUG cache hit for key=192.168.39.155
WARN disk usage 192.168.36.209%
ERROR null pointer in module 192.168.9.50
WARN slow query: 192.168.39.155ms
DEBUG heap size: 192.168.219.168
ERROR null pointer in module 192.168.39.155
DEBUG heap size: 192.168.193.243
INFO processed 192.168.39.155 items
ERROR connection timeout 503
FATAL kernel panic
FATAL segfault at address 0x192.168.193.243
WARN retry attempt 192.168.178.6 for 57189
INFO request from 192.168.107.168
DEBUG cache hit for key=192.168.211.158
DEBUG entering function foo
ERROR connection timeout 503
DEBUG variable x=192.168.215.207
ERROR auth failure for user 192.168.57.185
FATAL unrecoverable disk error
ERROR file not found: /tmp/192.168.193.243.log
WARN disk usage 192.168.60.30%
ERROR connection timeout 503
INFO connection established
INFO connection established
WARN disk usage 192.168.197.186%
INFO user 192.168.142.104 logged in
DEBUG heap size: 192.168.215.207
DEBUG entering function foo
DEBUG entering function foo
FATAL out of memory
DEBUG entering function foo
INFO connection established
FATAL out of memory
WARN memory threshold reached: 192.168.193.243MB
INFO request from 192.168.193.243
DEBUG cache hit for key=192.168.215.207
WARN disk usage 192.168.178.215%
FATAL out of memory
INFO processed 192.168.60.30 items
WARN retry attempt 192.168.141.220 for 56490
INFO connection established
ERROR connection timeout 503
DEBUG variable x=192.168.107.168
ERROR auth failure for user 192.168.178.215
ERROR auth failure for user 192.168.178.6
FATAL out of memory
WARN disk usage 192.168.39.155%
DEBUG variable x=192.168.107.168
INFO request from 192.168.215.207
WARN disk usage 192.168.39.155%
ERROR connection timeout 503
FATAL out of memory
WARN disk usage 192.168.141.220%
WARN retry attempt 192.168.36.209 for 97652
INFO request from 192.168.189.144
DEBUG entering function foo
DEBUG cache hit for key=192.168.39.155
DEBUG cache hit for key=192.168.189.144
FATAL segfault at address 0x192.168.229.48
WARN memory threshold reached: 192.168.219.168MB
INFO processed 192.168.178.215 items
ERROR file not found: /tmp/192.168.107.168.log
DEBUG heap size: 192.168.121.141
FATAL segfault at address 0x192.168.215.207
INFO user 192.168.142.104 logged in
ERROR file not found: /tmp/192.168.92.139.log
WARN slow query: 192.168.9.50ms
FATAL kernel panic
FATAL kernel panic
FATAL out of memory
WARN slow query: 192.168.141.220ms
INFO connection established
ERROR file not found: /tmp/192.168.60.30.log
ERROR null pointer in module 192.168.39.155
INFO request from 192.168.60.30
DEBUG entering function foo
FATAL out of memory
INFO processed 192.168.229.48 items
WARN memory threshold reached: 192.168.193.243MB
DEBUG entering function foo
INFO processed 192.168.211.158 items
INFO user 192.168.9.50 logged in
INFO processed 192.168.215.207 items
WARN memory threshold reached: 192.168.178.6MB
FATAL out of memory
ERROR file not found: /tmp/192.168.60.30.log
WARN retry attempt 192.168.189.144 for 21523
FATAL kernel panic
INFO processed 192.168.142.104 items
WARN memory threshold reached: 192.168.142.104MB
DEBUG heap size: 192.168.178.215
DEBUG cache hit for key=192.168.141.220
DEBUG entering function foo
WARN disk usage 192.168.39.155%
DEBUG entering function foo
DEBUG heap size: 192.168.142.104
WARN memory threshold reached: 192.168.141.220MB
FATAL kernel panic
INFO processed 192.168.9.50 items
WARN disk usage 192.168.36.209%
INFO request from 192.168.9.50
DEBUG variable x=192.168.39.155
ERROR null pointer in module 192.168.211.158
ERROR auth failure for user 192.168.39.155
FATAL unrecoverable disk error
ERROR auth failure for user 192.168.36.209
ERROR file not found: /tmp/192.168.189.144.log
INFO user 192.168.9.50 logged in
WARN disk usage 192.168.107.168%
FATAL unrecoverable disk error
ERROR connection timeout 503
INFO user 192.168.219.168 logged in
INFO request from 192.168.36.209
ERROR connection timeout 503
INFO connection established
WARN memory threshold reached: 192.168.82.31MB
ERROR connection timeout 503
FATAL unrecoverable disk error
WARN memory threshold reached: 192.168.197.186MB
ERROR connection timeout 503
WARN retry attempt 192.168.121.141 for 48552
INFO processed 192.168.178.215 items
WARN slow query: 192.168.107.168ms
WARN memory threshold reached: 192.168.197.186MB
INFO connection established
WARN slow query: 192.168.229.48ms
FATAL segfault at address 0x192.168.178.6
ERROR connection timeout 503
ERROR connection timeout 503
INFO user 192.168.142.104 logged in
INFO user 192.168.121.141 logged in
DEBUG entering function foo
INFO connection established
INFO request from 192.168.121.141
WARN retry attempt 192.168.142.104 for 39138
INFO processed 192.168.82.31 items
INFO processed 192.168.60.30 items
DEBUG variable x=192.168.229.48
DEBUG cache hit for key=192.168.57.185
INFO user 192.168.39.155 logged in
ERROR auth failure for user 192.168.193.243
INFO request from 192.168.60.30
ERROR file not found: /tmp/192.168.121.141.log
INFO processed 192.168.178.6 items
DEBUG variable x=192.168.57.185
WARN disk usage 192.168.229.48%
DEBUG variable x=192.168.60.30
WARN disk usage 192.168.39.155%
ERROR null pointer in module 192.168.141.220
WARN retry attempt 192.168.211.158 for 49200
WARN slow query: 192.168.193.243ms
ERROR auth failure for user 192.168.36.209
FATAL out of memory
INFO processed 192.168.39.155 items
INFO processed 192.168.189.144 items
FATAL kernel panic
ERROR connection timeout 503
DEBUG entering function foo
WARN slow query: 192.168.178.6ms
DEBUG heap size: 192.168.36.209
ERROR connection timeout 503
ERROR file not found: /tmp/192.168.39.155.log
FATAL out of memory
DEBUG variable x=192.168.215.207
FATAL out of memory
WARN retry attempt 192.168.92.139 for 22579
FATAL kernel panic
INFO processed 192.168.142.104 items
INFO user 192.168.107.168 logged in
FATAL unrecoverable disk error
FATAL unrecoverable disk error
INFO user 192.168.36.209 logged in
WARN retry attempt 192.168.121.141 for 71724
INFO processed 192.168.142.104 items
INFO user 192.168.57.185 logged in
INFO request from 192.168.219.168
ERROR file not found: /tmp/192.168.229.48.log
FATAL unrecoverable disk error
ERROR connection timeout 503
WARN memory threshold reached: 192.168.9.50MB
ERROR auth failure for user 192.168.107.168
WARN slow query: 192.168.141.220ms
INFO processed 192.168.141.220 items
FATAL segfault at address 0x192.168.141.220
DEBUG cache hit for key=192.168.197.186
FATAL segfault at address 0x192.168.9.50
ERROR auth failure for user 192.168.39.155
INFO request from 192.168.92.139
INFO connection established
INFO processed 192.168.193.243 items
ERROR connection timeout 503
INFO connection established
INFO processed 192.168.178.6 items
FATAL segfault at address 0x192.168.60.30
FATAL kernel panic
WARN retry attempt 192.168.60.30 for 65223
INFO request from 192.168.178.6
ERROR null pointer in module 192.168.36.209
FATAL unrecoverable disk error
WARN retry attempt 192.168.107.168 for 93179
FATAL segfault at address 0x192.168.219.168
ERROR file not found: /tmp/192.168.82.31.log
INFO connection established
INFO user 192.168.215.207 logged in
INFO user 192.168.92.139 logged in
ERROR file not found: /tmp/192.168.219.168.log
WARN retry attempt 192.168.178.215 for 78807
DEBUG entering function foo
DEBUG entering function foo
DEBUG entering function foo
FATAL out of memory
WARN disk usage 192.168.82.31%
INFO user 192.168.197.186 logged in
WARN memory threshold reached: 192.168.178.6MB
WARN disk usage 192.168.57.185%
DEBUG cache hit for key=192.168.107.168
DEBUG variable x=192.168.92.139
DEBUG heap size: 192.168.107.168
WARN retry attempt 192.168.141.220 for 76479
INFO connection established
ERROR null pointer in module 192.168.219.168
INFO connection established
INFO connection established
WARN retry attempt 192.168.229.48 for 92984
DEBUG entering function foo
ERROR file not found: /tmp/192.168.57.185.log
WARN memory threshold reached: 192.168.57.185MB
ERROR auth failure for user 192.168.193.243
INFO connection established
WARN retry attempt 192.168.121.141 for 60257
FATAL unrecoverable disk error
FATAL unrecoverable disk error
ERROR null pointer in module 192.168.215.207
WARN retry attempt 192.168.219.168 for 52755
DEBUG cache hit for key=192.168.57.185
DEBUG variable x=192.168.92.139
INFO request from 192.168.82.31
INFO connection established
WARN retry attempt 192.168.197.186 for 57534
ERROR file not found: /tmp/192.168.189.144.log
WARN retry attempt 192.168.142.104 for 42960
FATAL segfault at address 0x192.168.215.207
FATAL out of memory
INFO connection established
INFO user 192.168.57.185 logged in
WARN disk usage 192.168.39.155%
FATAL segfault at address 0x192.168.142.104
INFO request from 192.168.178.6
INFO request from 192.168.211.158
WARN memory threshold reached: 192.168.193.243MB
ERROR null pointer in module 192.168.39.155
WARN memory threshold reached: 192.168.107.168MB
ERROR connection timeout 503
WARN retry attempt 192.168.92.139 for 52369
ERROR file not found: /tmp/192.168.141.220.log
ERROR auth failure for user 192.168.219.168
ERROR file not found: /tmp/192.168.215.207.log
WARN slow query: 192.168.57.185ms
ERROR null pointer in module 192.168.193.243
DEBUG cache hit for key=192.168.39.155
ERROR auth failure for user 192.168.92.139
ERROR connection timeout 503
FATAL out of memory
ERROR connection timeout 503
FATAL kernel panic
DEBUG heap size: 192.168.229.48
ERROR connection timeout 503
DEBUG cache hit for key=192.168.189.144
ERROR connection timeout 503
WARN disk usage 192.168.142.104%
ERROR null pointer in module 192.168.141.220
FATAL out of memory
ERROR null pointer in module 192.168.107.168
FATAL out of memory
WARN retry attempt 192.168.36.209 for 40257
ERROR null pointer in module 192.168.189.144
FATAL out of memory
DEBUG heap size: 192.168.121.141
INFO connection established
FATAL unrecoverable disk error
WARN slow query: 192.168.178.215ms
FATAL kernel panic
INFO processed 192.168.121.141 items
ERROR auth failure for user 192.168.197.186
INFO user 192.168.189.144 logged in
INFO user 192.168.141.220 logged in
FATAL segfault at address 0x192.168.121.141
ERROR file not found: /tmp/192.168.92.139.log
WARN slow query: 192.168.215.207ms
DEBUG cache hit for key=192.168.9.50
FATAL segfault at address 0x192.168.215.207
ERROR null pointer in module 192.168.107.168
WARN retry attempt 192.168.215.207 for 31049
WARN memory threshold reached: 192.168.229.48MB
WARN disk usage 192.168.121.141%
ERROR auth failure for user 192.168.9.50
ERROR null pointer in module 192.168.178.6
INFO request from 192.168.178.6
WARN disk usage 192.168.178.215%
WARN disk usage 192.168.189.144%
INFO user 192.168.189.144 logged in
WARN disk usage 192.168.219.168%
INFO request from 192.168.39.155
DEBUG heap size: 192.168.57.185
WARN slow query: 192.168.141.220ms
WARN memory threshold reached: 192.168.193.243MB
ERROR file not found: /tmp/192.168.197.186.log
ERROR file not found: /tmp/192.168.193.243.log
DEBUG heap size: 192.168.215.207
ERROR auth failure for user 192.168.219.168
ERROR null pointer in module 192.168.57.185
ERROR connection timeout 503
WARN slow query: 192.168.193.243ms
FATAL out of memory
ERROR connection timeout 503
INFO processed 192.168.121.141 items
FATAL out of memory
INFO processed 192.168.189.144 items
WARN retry attempt 192.168.189.144 for 15080
WARN retry attempt 192.168.178.6 for 25890
WARN slow query: 192.168.178.6ms
WARN retry attempt 192.168.193.243 for 83317
FATAL kernel panic
INFO request from 192.168.197.186
INFO user 192.168.39.155 logged in
ERROR auth failure for user 192.168.60.30
FATAL unrecoverable disk error
INFO connection established
ERROR file not found: /tmp/192.168.60.30.log
ERROR connection timeout 503
DEBUG variable x=192.168.142.104
WARN memory threshold reached: 192.168.229.48MB
DEBUG entering function foo
WARN memory threshold reached: 192.168.39.155MB
FATAL out of memory
INFO processed 192.168.82.31 items
FATAL out of memory
INFO user 192.168.219.168 logged in
DEBUG entering function foo
WARN memory threshold reached: 192.168.189.144MB
WARN memory threshold reached: 192.168.92.139MB
WARN retry attempt 192.168.60.30 for 87652
ERROR connection timeout 503
ERROR null pointer in module 192.168.141.220
DEBUG cache hit for key=192.168.211.158
WARN memory threshold reached: 192.168.9.50MB
WARN disk usage 192.168.92.139%
FATAL unrecoverable disk error
ERROR connection timeout 503
DEBUG entering function foo
DEBUG heap size: 192.168.92.139
WARN slow query: 192.168.229.48ms
FATAL kernel panic
DEBUG heap size: 192.168.141.220
DEBUG variable x=192.168.215.207
DEBUG variable x=192.168.219.168
INFO processed 192.168.107.168 items
ERROR auth failure for user 192.168.197.186
DEBUG heap size: 192.168.193.243
INFO user 192.168.82.31 logged in
DEBUG variable x=192.168.92.139
FATAL kernel panic
ERROR auth failure for user 192.168.82.31
INFO processed 192.168.178.215 items
FATAL unrecoverable disk error
DEBUG entering function foo
INFO request from 192.168.197.186
ERROR connection timeout 503
INFO connection established
INFO request from 192.168.142.104
ERROR null pointer in module 192.168.121.141
DEBUG variable x=192.168.178.6
INFO connection established
WARN disk usage 192.168.82.31%
FATAL segfault at address 0x192.168.197.186
WARN disk usage 192.168.57.185%
ERROR null pointer in module 192.168.189.144
WARN slow query: 192.168.142.104ms
INFO user 192.168.178.215 logged in
DEBUG cache hit for key=192.168.211.158
ERROR file not found: /tmp/192.168.211.158.log
WARN retry attempt 192.168.229.48 for 39939
INFO user 192.168.193.243 logged in
DEBUG cache hit for key=192.168.60.30
INFO connection established
FATAL kernel panic
FATAL out of memory
WARN slow query: 192.168.60.30ms
FATAL segfault at address 0x192.168.189.144
DEBUG cache hit for key=192.168.92.139
INFO connection established
FATAL out of memory
FATAL unrecoverable disk error
INFO connection established
DEBUG heap size: 192.168.82.31
INFO processed 192.168.229.48 items
FATAL unrecoverable disk error
WARN disk usage 192.168.121.141%
FATAL kernel panic
FATAL segfault at address 0x192.168.60.30
FATAL out of memory
DEBUG cache hit for key=192.168.211.158
WARN disk usage 192.168.107.168%
INFO user 192.168.215.207 logged in
WARN memory threshold reached: 192.168.178.215MB
FATAL kernel panic
WARN memory threshold reached: 192.168.141.220MB
ERROR connection timeout 503
WARN retry attempt 192.168.60.30 for 54064
WARN retry attempt 192.168.142.104 for 55981
ERROR file not found: /tmp/192.168.92.139.log
INFO connection established
ERROR connection timeout 503
WARN slow query: 192.168.178.6ms
DEBUG cache hit for key=192.168.82.31
WARN memory threshold reached: 192.168.189.144MB
INFO user 192.168.57.185 logged in
INFO processed 192.168.39.155 items
ERROR auth failure for user 192.168.39.155
INFO connection established
FATAL unrecoverable disk error
FATAL segfault at address 0x192.168.178.6
ERROR connection timeout 503
DEBUG cache hit for key=192.168.60.30
ERROR null pointer in module 192.168.60.30
DEBUG heap size: 192.168.121.141
DEBUG variable x=192.168.211.158
WARN disk usage 192.168.197.186%
ERROR connection timeout 503
WARN disk usage 192.168.178.215%
INFO processed 192.168.141.220 items
INFO connection established
INFO request from 192.168.219.168
ERROR file not found: /tmp/192.168.121.141.log
INFO processed 192.168.9.50 items
DEBUG variable x=192.168.36.209
ERROR null pointer in module 192.168.60.30
FATAL kernel panic
DEBUG variable x=192.168.39.155
FATAL kernel panic
DEBUG variable x=192.168.215.207
INFO user 192.168.92.139 logged in
FATAL unrecoverable disk error
DEBUG entering function foo
FATAL unrecoverable disk error
WARN slow query: 192.168.219.168ms
ERROR connection timeout 503
INFO user 192.168.229.48 logged in
INFO processed 192.168.211.158 items
DEBUG entering function foo
FATAL out of memory
DEBUG variable x=192.168.39.155
DEBUG variable x=192.168.189.144
WARN memory threshold reached: 192.168.229.48MB
ERROR null pointer in module 192.168.92.139
FATAL out of memory
DEBUG entering function foo
FATAL segfault at address 0x192.168.178.215
ERROR file not found: /tmp/192.168.178.215.log
WARN retry attempt 192.168.57.185 for 7853
ERROR null pointer in module 192.168.141.220
ERROR auth failure for user 192.168.92.139
WARN disk usage 192.168.60.30%
WARN disk usage 192.168.197.186%
DEBUG variable x=192.168.107.168
INFO request from 192.168.178.6
ERROR connection timeout 503
INFO request from 192.168.197.186
WARN memory threshold reached: 192.168.141.220MB
WARN disk usage 192.168.82.31%
WARN slow query: 192.168.197.186ms
FATAL out of memory
WARN retry attempt 192.168.9.50 for 31323
INFO processed 192.168.229.48 items
WARN slow query: 192.168.141.220ms
INFO processed 192.168.189.144 items
INFO processed 192.168.121.141 items
ERROR auth failure for user 192.168.219.168
FATAL kernel panic
ERROR auth failure for user 192.168.215.207
INFO processed 192.168.121.141 items
ERROR null pointer in module 192.168.197.186
FATAL kernel panic
INFO user 192.168.219.168 logged in
ERROR connection timeout 503
DEBUG entering function foo
FATAL segfault at address 0x192.168.121.141
FATAL out of memory
INFO user 192.168.36.209 logged in
ERROR connection timeout 503
WARN slow query: 192.168.60.30ms
WARN retry attempt 192.168.60.30 for 93917
WARN slow query: 192.168.141.220ms
FATAL out of memory
INFO processed 192.168.219.168 items
INFO user 192.168.9.50 logged in
WARN retry attempt 192.168.121.141 for 19376
INFO request from 192.168.36.209
INFO user 192.168.39.155 logged in
FATAL kernel panic
INFO processed 192.168.39.155 items
FATAL kernel panic
FATAL out of memory
ERROR connection timeout 503
INFO connection established
WARN slow query: 192.168.189.144ms
DEBUG cache hit for key=192.168.82.31
INFO request from 192.168.189.144
DEBUG entering function foo
FATAL kernel panic
INFO connection established
WARN disk usage 192.168.229.48%
DEBUG entering function foo
INFO user 192.168.9.50 logged in
WARN memory threshold reached: 192.168.215.207MB
INFO connection established
DEBUG variable x=192.168.229.48
INFO request from 192.168.92.139
INFO processed 192.168.107.168 items
DEBUG variable x=192.168.142.104
DEBUG cache hit for key=192.168.36.209
INFO request from 192.168.92.139
WARN disk usage 192.168.36.209%
INFO request from 192.168.219.168
INFO request from 192.168.36.209
FATAL out of memory
FATAL out of memory
INFO request from 192.168.39.155
FATAL out of memory
FATAL out of memory
FATAL unrecoverable disk error
INFO request from 192.168.9.50
ERROR null pointer in module 192.168.9.50
INFO processed 192.168.178.215 items
DEBUG heap size: 192.168.142.104
INFO user 192.168.92.139 logged in
INFO user 192.168.193.243 logged in
WARN slow query: 192.168.9.50ms
INFO user 192.168.92.139 logged in
ERROR file not found: /tmp/192.168.178.215.log
INFO user 192.168.215.207 logged in
INFO user 192.168.39.155 logged in
WARN disk usage 192.168.92.139%
FATAL kernel panic
ERROR file not found: /tmp/192.168.107.168.log
ERROR file not found: /tmp/192.168.9.50.log
FATAL segfault at address 0x192.168.215.207
INFO request from 192.168.60.30
FATAL segfault at address 0x192.168.197.186
DEBUG variable x=192.168.141.220
FATAL unrecoverable disk error
DEBUG entering function foo
WARN retry attempt 192.168.121.141 for 72355
WARN slow query: 192.168.57.185ms
FATAL out of memory
FATAL out of memory
INFO user 192.168.178.6 logged in
FATAL kernel panic
WARN disk usage 192.168.142.104%
FATAL out of memory
ERROR auth failure for user 192.168.193.243
FATAL out of memory
ERROR auth failure for user 192.168.9.50
ERROR file not found: /tmp/192.168.229.48.log
ERROR null pointer in module 192.168.36.209
FATAL out of memory
FATAL out of memory
WARN disk usage 192.168.211.158%
DEBUG heap size: 192.168.178.6
DEBUG cache hit for key=192.168.9.50
FATAL segfault at address 0x192.168.60.30
FATAL segfault at address 0x192.168.57.185
WARN disk usage 192.168.107.168%
FATAL kernel panic
WARN retry attempt 192.168.211.158 for 89151
WARN disk usage 192.168.107.168%
WARN memory threshold reached: 192.168.36.209MB
ERROR connection timeout 503
ERROR connection timeout 503
ERROR file not found: /tmp/192.168.229.48.log
FATAL kernel panic
FATAL segfault at address 0x192.168.215.207
ERROR null pointer in module 192.168.107.168
ERROR file not found: /tmp/192.168.57.185.log
FATAL out of memory
FATAL unrecoverable disk error
WARN disk usage 192.168.39.155%
FATAL segfault at address 0x192.168.215.207
DEBUG cache hit for key=192.168.219.168
FATAL kernel panic
FATAL unrecoverable disk error
INFO user 192.168.107.168 logged in
FATAL segfault at address 0x192.168.142.104
INFO processed 192.168.219.168 items
ERROR connection timeout 503
INFO processed 192.168.219.168 items
ERROR auth failure for user 192.168.189.144
WARN retry attempt 192.168.178.215 for 56227
INFO request from 192.168.219.168
INFO request from 192.168.39.155
DEBUG cache hit for key=192.168.9.50
ERROR null pointer in module 192.168.193.243
INFO request from 192.168.141.220
ERROR auth failure for user 192.168.121.141
INFO request from 192.168.82.31
DEBUG heap size: 192.168.82.31
INFO processed 192.168.141.220 items
ERROR null pointer in module 192.168.39.155
DEBUG cache hit for key=192.168.229.48
FATAL unrecoverable disk error
WARN retry attempt 192.168.57.185 for 99433
DEBUG cache hit for key=192.168.219.168
ERROR file not found: /tmp/192.168.121.141.log
DEBUG variable x=192.168.39.155
FATAL out of memory
ERROR null pointer in module 192.168.141.220
DEBUG heap size: 192.168.9.50
FATAL segfault at address 0x192.168.142.104
FATAL segfault at address 0x192.168.178.6
WARN memory threshold reached: 192.168.193.243MB
FATAL unrecoverable disk error
INFO processed 192.168.142.104 items
DEBUG entering function foo
INFO user 192.168.197.186 logged in
INFO processed 192.168.107.168 items
ERROR null pointer in module 192.168.178.215
DEBUG cache hit for key=192.168.219.168
INFO user 192.168.189.144 logged in
INFO connection established
FATAL kernel panic
ERROR null pointer in module 192.168.107.168
INFO processed 192.168.229.48 items
WARN retry attempt 192.168.9.50 for 90254
DEBUG cache hit for key=192.168.82.31
INFO user 192.168.211.158 logged in
DEBUG entering function foo
INFO user 192.168.121.141 logged in
INFO user 192.168.229.48 logged in
DEBUG entering function foo
FATAL out of memory
DEBUG heap size: 192.168.229.48
INFO user 192.168.211.158 logged in
FATAL kernel panic
FATAL unrecoverable disk error
WARN memory threshold reached: 192.168.9.50MB
FATAL kernel panic
ERROR file not found: /tmp/192.168.92.139.log
DEBUG cache hit for key=192.168.178.6
WARN retry attempt 192.168.36.209 for 38914
FATAL out of memory
WARN retry attempt 192.168.92.139 for 71469
INFO connection established
FATAL kernel panic
ERROR file not found: /tmp/192.168.178.6.log
DEBUG cache hit for key=192.168.141.220
ERROR file not found: /tmp/192.168.211.158.log
INFO user 192.168.215.207 logged in
ERROR connection timeout 503
INFO request from 192.168.107.168
INFO request from 192.168.57.185
WARN memory threshold reached: 192.168.178.215MB
DEBUG entering function foo
INFO request from 192.168.197.186
FATAL out of memory
WARN disk usage 192.168.197.186%
DEBUG cache hit for key=192.168.36.209
ERROR auth failure for user 192.168.142.104
ERROR null pointer in module 192.168.193.243
FATAL unrecoverable disk error
WARN disk usage 192.168.9.50%
DEBUG entering function foo
FATAL kernel panic
WARN retry attempt 192.168.82.31 for 88488
FATAL unrecoverable disk error
FATAL out of memory
FATAL unrecoverable disk error
INFO connection established
INFO user 192.168.215.207 logged in
FATAL kernel panic
WARN disk usage 192.168.82.31%
ERROR file not found: /tmp/192.168.107.168.log
FATAL segfault at address 0x192.168.211.158
DEBUG variable x=192.168.92.139
INFO processed 192.168.92.139 items
ERROR null pointer in module 192.168.178.6
ERROR auth failure for user 192.168.215.207
FATAL segfault at address 0x192.168.9.50
ERROR connection timeout 503
FATAL unrecoverable disk error
FATAL segfault at address 0x192.168.178.6
DEBUG variable x=192.168.219.168
WARN disk usage 192.168.197.186%
INFO request from 192.168.211.158
ERROR null pointer in module 192.168.39.155
WARN disk usage 192.168.121.141%
ERROR null pointer in module 192.168.178.215
DEBUG entering function foo
DEBUG cache hit for key=192.168.39.155
INFO connection established
DEBUG heap size: 192.168.36.209
FATAL segfault at address 0x192.168.82.31
INFO user 192.168.178.215 logged in
FATAL kernel panic
FATAL out of memory
INFO user 192.168.189.144 logged in
DEBUG heap size: 192.168.178.215
WARN slow query: 192.168.60.30ms
ERROR connection timeout 503
FATAL unrecoverable disk error
INFO user 192.168.178.215 logged in
WARN retry attempt 192.168.219.168 for 14327
DEBUG heap size: 192.168.82.31
WARN disk usage 192.168.189.144%
ERROR file not found: /tmp/192.168.219.168.log
ERROR connection timeout 503
FATAL unrecoverable disk error
FATAL out of memory
ERROR auth failure for user 192.168.39.155
WARN memory threshold reached: 192.168.60.30MB
FATAL out of memory
WARN memory threshold reached: 192.168.107.168MB
FATAL kernel panic
INFO request from 192.168.197.186
INFO request from 192.168.141.220
FATAL segfault at address 0x192.168.142.104
INFO processed 192.168.92.139 items
DEBUG entering function foo
WARN retry attempt 192.168.39.155 for 41575
INFO user 192.168.215.207 logged in
FATAL segfault at address 0x192.168.60.30
WARN memory threshold reached: 192.168.215.207MB
INFO processed 192.168.215.207 items
ERROR null pointer in module 192.168.57.185
INFO connection established
DEBUG heap size: 192.168.229.48
FATAL segfault at address 0x192.168.189.144
INFO user 192.168.178.215 logged in
INFO processed 192.168.178.6 items
WARN memory threshold reached: 192.168.211.158MB
ERROR file not found: /tmp/192.168.39.155.log
FATAL segfault at address 0x192.168.178.215
DEBUG entering function foo
WARN slow query: 192.168.36.209ms
INFO connection established
FATAL out of memory
ERROR connection timeout 503
WARN memory threshold reached: 192.168.178.6MB
INFO processed 192.168.121.141 items
DEBUG variable x=192.168.178.6
DEBUG variable x=192.168.36.209
FATAL kernel panic
ERROR connection timeout 503
FATAL unrecoverable disk error
ERROR connection timeout 503
INFO connection established
INFO connection established
FATAL out of memory
FATAL unrecoverable disk error
DEBUG cache hit for key=192.168.141.220
WARN slow query: 192.168.121.141ms
WARN slow query: 192.168.92.139ms
DEBUG entering function foo
ERROR file not found: /tmp/192.168.189.144.log
FATAL unrecoverable disk error
WARN disk usage 192.168.92.139%
FATAL out of memory
WARN slow query: 192.168.142.104ms
DEBUG cache hit for key=192.168.178.6
DEBUG heap size: 192.168.39.155
DEBUG entering function foo
INFO user 192.168.193.243 logged in
DEBUG entering function foo
WARN disk usage 192.168.193.243%
WARN disk usage 192.168.60.30%
ERROR file not found: /tmp/192.168.9.50.log
DEBUG cache hit for key=192.168.36.209
ERROR connection timeout 503
INFO processed 192.168.141.220 items
ERROR file not found: /tmp/192.168.82.31.log
FATAL kernel panic
FATAL unrecoverable disk error
DEBUG cache hit for key=192.168.92.139
FATAL out of memory
INFO user 192.168.219.168 logged in
WARN disk usage 192.168.92.139%
FATAL segfault at address 0x192.168.107.168
DEBUG entering function foo
INFO user 192.168.36.209 logged in
DEBUG variable x=192.168.82.31
FATAL out of memory
WARN memory threshold reached: 192.168.197.186MB
DEBUG heap size: 192.168.189.144
DEBUG entering function foo
FATAL segfault at address 0x192.168.178.215
FATAL unrecoverable disk error
WARN slow query: 192.168.9.50ms
ERROR connection timeout 503
FATAL unrecoverable disk error
ERROR file not found: /tmp/192.168.39.155.log
WARN retry attempt 192.168.92.139 for 94732
DEBUG entering function foo
ERROR auth failure for user 192.168.107.168
FATAL kernel panic
ERROR file not found: /tmp/192.168.211.158.log
ERROR null pointer in module 192.168.141.220
INFO user 192.168.178.215 logged in
FATAL unrecoverable disk error
FATAL kernel panic
DEBUG heap size: 192.168.193.243
WARN disk usage 192.168.197.186%
FATAL out of memory
ERROR file not found: /tmp/192.168.142.104.log
WARN retry attempt 192.168.178.215 for 59810
ERROR auth failure for user 192.168.215.207
WARN memory threshold reached: 192.168.197.186MB
ERROR connection timeout 503
WARN slow query: 192.168.121.141ms
FATAL kernel panic
WARN retry attempt 192.168.36.209 for 59920
INFO user 192.168.142.104 logged in
DEBUG cache hit for key=192.168.193.243
WARN slow query: 192.168.178.6ms
WARN disk usage 192.168.211.158%
DEBUG cache hit for key=192.168.39.155
INFO user 192.168.9.50 logged in
INFO processed 192.168.60.30 items
ERROR connection timeout 503
WARN retry attempt 192.168.141.220 for 75745
WARN disk usage 192.168.142.104%
DEBUG variable x=192.168.107.168
WARN slow query: 192.168.189.144ms
DEBUG entering function foo
ERROR auth failure for user 192.168.197.186
FATAL out of memory
ERROR connection timeout 503
FATAL segfault at address 0x192.168.211.158
INFO connection established
ERROR connection timeout 503
WARN retry attempt 192.168.193.243 for 2839
FATAL unrecoverable disk error
ERROR null pointer in module 192.168.197.186
DEBUG entering function foo
INFO processed 192.168.193.243 items
DEBUG entering function foo
DEBUG heap size: 192.168.39.155
FATAL unrecoverable disk error
DEBUG variable x=192.168.193.243
FATAL segfault at address 0x192.168.178.6
WARN disk usage 192.168.197.186%
WARN memory threshold reached: 192.168.229.48MB
INFO processed 192.168.211.158 items
ERROR null pointer in module 192.168.189.144
WARN retry attempt 192.168.57.185 for 90791
DEBUG entering function foo
INFO processed 192.168.57.185 items
FATAL out of memory
ERROR null pointer in module 192.168.9.50
DEBUG heap size: 192.168.121.141
FATAL unrecoverable disk error
DEBUG entering function foo
DEBUG heap size: 192.168.60.30
WARN disk usage 192.168.229.48%
FATAL unrecoverable disk error
WARN disk usage 192.168.178.6%
DEBUG entering function foo
INFO connection established
DEBUG cache hit for key=192.168.92.139
WARN disk usage 192.168.219.168%
ERROR connection timeout 503
FATAL out of memory
WARN disk usage 192.168.211.158%
WARN slow query: 192.168.142.104ms
DEBUG variable x=192.168.197.186
ERROR file not found: /tmp/192.168.107.168.log
DEBUG heap size: 192.168.60.30
FATAL out of memory
ERROR null pointer in module 192.168.219.168
DEBUG cache hit for key=192.168.82.31
WARN slow query: 192.168.197.186ms
DEBUG entering function foo
ERROR null pointer in module 192.168.141.220
WARN slow query: 192.168.60.30ms
DEBUG variable x=192.168.36.209
ERROR connection timeout 503
WARN retry attempt 192.168.60.30 for 26908
FATAL unrecoverable disk error
INFO connection established
ERROR auth failure for user 192.168.211.158
INFO user 192.168.92.139 logged in
ERROR auth failure for user 192.168.141.220
WARN retry attempt 192.168.215.207 for 53360
FATAL out of memory
ERROR file not found: /tmp/192.168.197.186.log
DEBUG heap size: 192.168.60.30
WARN disk usage 192.168.141.220%
ERROR null pointer in module 192.168.219.168
ERROR auth failure for user 192.168.219.168
DEBUG cache hit for key=192.168.189.144
INFO connection established
ERROR file not found: /tmp/192.168.57.185.log
INFO connection established
FATAL out of memory
DEBUG cache hit for key=192.168.178.6
WARN memory threshold reached: 192.168.189.144MB
WARN memory threshold reached: 192.168.211.158MB
ERROR connection timeout 503
INFO request from 192.168.229.48
ERROR file not found: /tmp/192.168.178.215.log
FATAL kernel panic
INFO connection established
DEBUG entering function foo
ERROR null pointer in module 192.168.36.209
INFO connection established
ERROR auth failure for user 192.168.107.168
ERROR null pointer in module 192.168.178.215
ERROR connection timeout 503
FATAL segfault at address 0x192.168.92.139
WARN memory threshold reached: 192.168.9.50MB
FATAL unrecoverable disk error
INFO request from 192.168.178.6
ERROR auth failure for user 192.168.36.209
WARN memory threshold reached: 192.168.193.243MB
ERROR null pointer in module 192.168.39.155
DEBUG heap size: 192.168.197.186
WARN retry attempt 192.168.107.168 for 82676
INFO connection established
INFO request from 192.168.92.139
FATAL unrecoverable disk error
DEBUG cache hit for key=192.168.60.30
DEBUG entering function foo
WARN retry attempt 192.168.189.144 for 85266
DEBUG entering function foo
ERROR file not found: /tmp/192.168.193.243.log
DEBUG entering function foo
DEBUG heap size: 192.168.178.6
DEBUG cache hit for key=192.168.178.215
INFO user 192.168.36.209 logged in
FATAL out of memory
DEBUG entering function foo
INFO processed 192.168.193.243 items
INFO processed 192.168.189.144 items
INFO request from 192.168.60.30
ERROR connection timeout 503
ERROR null pointer in module 192.168.229.48
INFO request from 192.168.211.158
INFO connection established
FATAL out of memory
DEBUG heap size: 192.168.215.207
WARN memory threshold reached: 192.168.142.104MB
WARN disk usage 192.168.60.30%
INFO user 192.168.57.185 logged in
INFO request from 192.168.178.215
ERROR connection timeout 503
INFO connection established
FATAL segfault at address 0x192.168.39.155
FATAL segfault at address 0x192.168.197.186
FATAL segfault at address 0x192.168.219.168
FATAL segfault at address 0x192.168.121.141
DEBUG heap size: 192.168.92.139
ERROR auth failure for user 192.168.9.50
FATAL unrecoverable disk error
ERROR auth failure for user 192.168.197.186
INFO user 192.168.215.207 logged in
DEBUG variable x=192.168.141.220
ERROR file not found: /tmp/192.168.178.6.log
INFO request from 192.168.107.168
DEBUG heap size: 192.168.215.207
WARN slow query: 192.168.178.6ms
ERROR file not found: /tmp/192.168.107.168.log
ERROR connection timeout 503
DEBUG variable x=192.168.121.141
WARN memory threshold reached: 192.168.107.168MB
INFO user 192.168.36.209 logged in
WARN slow query: 192.168.142.104ms
INFO user 192.168.121.141 logged in
FATAL out of memory
ERROR null pointer in module 192.168.193.243
DEBUG variable x=192.168.82.31
FATAL out of memory
WARN disk usage 192.168.215.207%
ERROR file not found: /tmp/192.168.189.144.log
DEBUG cache hit for key=192.168.178.215
ERROR file not found: /tmp/192.168.178.215.log
FATAL segfault at address 0x192.168.121.141
WARN disk usage 192.168.193.243%
DEBUG cache hit for key=192.168.215.207
WARN memory threshold reached: 192.168.107.168MB
DEBUG cache hit for key=192.168.197.186
FATAL segfault at address 0x192.168.178.215
FATAL kernel panic
ERROR auth failure for user 192.168.211.158
ERROR connection timeout 503
WARN retry attempt 192.168.229.48 for 65426
ERROR file not found: /tmp/192.168.9.50.log
DEBUG entering function foo
FATAL unrecoverable disk error
FATAL kernel panic
ERROR auth failure for user 192.168.189.144
ERROR connection timeout 503
FATAL unrecoverable disk error
INFO processed 192.168.211.158 items
DEBUG heap size: 192.168.36.209
INFO user 192.168.215.207 logged in
WARN slow query: 192.168.60.30ms
WARN slow query: 192.168.142.104ms
ERROR auth failure for user 192.168.193.243
DEBUG entering function foo
DEBUG variable x=192.168.82.31
WARN retry attempt 192.168.60.30 for 99881
ERROR file not found: /tmp/192.168.211.158.log
INFO processed 192.168.189.144 items
ERROR null pointer in module 192.168.229.48
DEBUG heap size: 192.168.178.215
ERROR file not found: /tmp/192.168.9.50.log
DEBUG entering function foo
INFO request from 192.168.193.243
DEBUG entering function foo
WARN disk usage 192.168.36.209%
DEBUG variable x=192.168.178.6
FATAL kernel panic
DEBUG cache hit for key=192.168.121.141
DEBUG heap size: 192.168.142.104
ERROR connection timeout 503
INFO processed 192.168.193.243 items
WARN slow query: 192.168.219.168ms
DEBUG entering function foo
INFO request from 192.168.121.141
WARN slow query: 192.168.121.141ms
FATAL out of memory
DEBUG cache hit for key=192.168.92.139
DEBUG entering function foo
WARN memory threshold reached: 192.168.36.209MB
FATAL segfault at address 0x192.168.219.168
FATAL unrecoverable disk error
FATAL unrecoverable disk error
INFO request from 192.168.189.144
ERROR auth failure for user 192.168.193.243
WARN disk usage 192.168.92.139%
FATAL kernel panic
DEBUG entering function foo
WARN memory threshold reached: 192.168.142.104MB
ERROR null pointer in module 192.168.9.50
ERROR file not found: /tmp/192.168.82.31.log
WARN disk usage 192.168.211.158%
FATAL unrecoverable disk error
FATAL out of memory
WARN retry attempt 192.168.189.144 for 38729
WARN retry attempt 192.168.141.220 for 22700
WARN disk usage 192.168.142.104%
DEBUG heap size: 192.168.189.144
FATAL unrecoverable disk error
WARN slow query: 192.168.9.50ms
FATAL kernel panic
DEBUG heap size: 192.168.121.141
ERROR null pointer in module 192.168.141.220
FATAL segfault at address 0x192.168.92.139
ERROR file not found: /tmp/192.168.141.220.log
FATAL segfault at address 0x192.168.57.185
INFO user 192.168.82.31 logged in
DEBUG variable x=192.168.197.186
FATAL kernel panic
DEBUG cache hit for key=192.168.142.104
INFO connection established
WARN disk usage 192.168.57.185%
DEBUG heap size: 192.168.39.155
ERROR null pointer in module 192.168.178.215
DEBUG cache hit for key=192.168.107.168
ERROR connection timeout 503
INFO request from 192.168.219.168
DEBUG variable x=192.168.178.6
ERROR connection timeout 503
DEBUG entering function foo
INFO request from 192.168.121.141
WARN retry attempt 192.168.57.185 for 66637
FATAL unrecoverable disk error
ERROR connection timeout 503
INFO user 192.168.142.104 logged in
INFO user 192.168.229.48 logged in
DEBUG variable x=192.168.142.104
WARN disk usage 192.168.141.220%
INFO user 192.168.211.158 logged in
FATAL segfault at address 0x192.168.229.48
FATAL segfault at address 0x192.168.178.6
ERROR auth failure for user 192.168.193.243
INFO request from 192.168.9.50
INFO processed 192.168.60.30 items
DEBUG heap size: 192.168.9.50
DEBUG variable x=192.168.107.168
ERROR file not found: /tmp/192.168.36.209.log
FATAL segfault at address 0x192.168.215.207
WARN slow query: 192.168.92.139ms
ERROR connection timeout 503
DEBUG heap size: 192.168.229.48
WARN disk usage 192.168.142.104%
ERROR auth failure for user 192.168.9.50
INFO user 192.168.82.31 logged in
DEBUG variable x=192.168.82.31
WARN disk usage 192.168.197.186%
ERROR file not found: /tmp/192.168.39.155.log
INFO connection established
ERROR auth failure for user 192.168.193.243
DEBUG heap size: 192.168.229.48
FATAL kernel panic
DEBUG variable x=192.168.178.215
WARN retry attempt 192.168.60.30 for 68111
INFO request from 192.168.82.31
DEBUG entering function foo
WARN slow query: 192.168.107.168ms
ERROR file not found: /tmp/192.168.215.207.log
WARN disk usage 192.168.189.144%
ERROR auth failure for user 192.168.57.185
FATAL out of memory
WARN memory threshold reached: 192.168.197.186MB
WARN slow query: 192.168.121.141ms
INFO connection established
FATAL out of memory
DEBUG heap size: 192.168.92.139
FATAL segfault at address 0x192.168.197.186
WARN retry attempt 192.168.107.168 for 65824
ERROR file not found: /tmp/192.168.215.207.log
INFO request from 192.168.9.50
FATAL segfault at address 0x192.168.82.31
INFO processed 192.168.219.168 items
DEBUG heap size: 192.168.219.168
WARN memory threshold reached: 192.168.141.220MB
ERROR file not found: /tmp/192.168.178.215.log
ERROR auth failure for user 192.168.193.243
INFO processed 192.168.229.48 items
WARN retry attempt 192.168.193.243 for 75594
DEBUG heap size: 192.168.57.185
INFO request from 192.168.197.186
WARN slow query: 192.168.121.141ms
WARN memory threshold reached: 192.168.178.215MB
WARN slow query: 192.168.142.104ms
WARN slow query: 192.168.219.168ms
DEBUG entering function foo
WARN slow query: 192.168.39.155ms
FATAL out of memory
INFO processed 192.168.121.141 items
WARN slow query: 192.168.197.186ms
ERROR file not found: /tmp/192.168.107.168.log
ERROR auth failure for user 192.168.197.186
ERROR auth failure for user 192.168.211.158
ERROR auth failure for user 192.168.60.30
WARN memory threshold reached: 192.168.36.209MB
FATAL unrecoverable disk error
DEBUG heap size: 192.168.193.243
WARN slow query: 192.168.229.48ms
WARN retry attempt 192.168.9.50 for 93241
DEBUG variable x=192.168.82.31
DEBUG entering function foo
ERROR file not found: /tmp/192.168.219.168.log
INFO connection established
DEBUG cache hit for key=192.168.189.144
ERROR file not found: /tmp/192.168.82.31.log
FATAL unrecoverable disk error
ERROR auth failure for user 192.168.142.104
DEBUG cache hit for key=192.168.193.243
FATAL unrecoverable disk error
DEBUG cache hit for key=192.168.82.31
ERROR connection timeout 503
WARN disk usage 192.168.82.31%
INFO processed 192.168.142.104 items
DEBUG variable x=192.168.92.139
FATAL kernel panic
WARN slow query: 192.168.9.50ms
FATAL kernel panic
DEBUG heap size: 192.168.60.30
DEBUG cache hit for key=192.168.215.207
FATAL unrecoverable disk error
WARN memory threshold reached: 192.168.229.48MB
DEBUG variable x=192.168.57.185
INFO processed 192.168.39.155 items
ERROR file not found: /tmp/192.168.60.30.log
INFO processed 192.168.60.30 items
DEBUG entering function foo
FATAL segfault at address 0x192.168.9.50
INFO user 192.168.178.6 logged in
ERROR connection timeout 503
FATAL out of memory
ERROR file not found: /tmp/192.168.219.168.log
WARN slow query: 192.168.193.243ms
ERROR file not found: /tmp/192.168.142.104.log
DEBUG cache hit for key=192.168.178.6
FATAL kernel panic
WARN memory threshold reached: 192.168.107.168MB
DEBUG entering function foo
INFO request from 192.168.142.104
FATAL out of memory
INFO processed 192.168.36.209 items
INFO request from 192.168.197.186
WARN memory threshold reached: 192.168.197.186MB
DEBUG entering function foo
ERROR connection timeout 503
ERROR null pointer in module 192.168.36.209
INFO request from 192.168.107.168
ERROR connection timeout 503
ERROR auth failure for user 192.168.39.155
INFO connection established
ERROR connection timeout 503
INFO connection established
INFO user 192.168.141.220 logged in
INFO connection established
ERROR connection timeout 503
DEBUG variable x=192.168.215.207
WARN retry attempt 192.168.107.168 for 30421
WARN disk usage 192.168.107.168%
DEBUG cache hit for key=192.168.92.139
ERROR connection timeout 503
INFO processed 192.168.92.139 items
ERROR connection timeout 503
INFO user 192.168.36.209 logged in
FATAL unrecoverable disk error
DEBUG heap size: 192.168.92.139
DEBUG entering function foo
DEBUG variable x=192.168.107.168
FATAL out of memory
FATAL segfault at address 0x192.168.178.215
ERROR connection timeout 503
INFO user 192.168.92.139 logged in
ERROR auth failure for user 192.168.229.48
FATAL kernel panic
DEBUG variable x=192.168.178.6
WARN disk usage 192.168.189.144%
INFO request from 192.168.178.215
INFO user 192.168.178.6 logged in
WARN retry attempt 192.168.219.168 for 26931
ERROR connection timeout 503
FATAL unrecoverable disk error
FATAL out of memory
DEBUG entering function foo
DEBUG entering function foo
ERROR file not found: /tmp/192.168.142.104.log
WARN memory threshold reached: 192.168.215.207MB
FATAL kernel panic
DEBUG heap size: 192.168.189.144
INFO user 192.168.229.48 logged in
FATAL out of memory
FATAL segfault at address 0x192.168.229.48
FATAL out of memory
FATAL out of memory
DEBUG entering function foo
ERROR null pointer in module 192.168.57.185
INFO connection established
DEBUG cache hit for key=192.168.215.207
FATAL kernel panic
FATAL unrecoverable disk error
INFO processed 192.168.92.139 items
WARN disk usage 192.168.215.207%
DEBUG variable x=192.168.57.185
INFO user 192.168.189.144 logged in
ERROR auth failure for user 192.168.229.48
INFO user 192.168.92.139 logged in
INFO connection established
WARN memory threshold reached: 192.168.211.158MB
ERROR auth failure for user 192.168.142.104
WARN disk usage 192.168.36.209%
DEBUG variable x=192.168.229.48
DEBUG heap size: 192.168.141.220
ERROR connection timeout 503
DEBUG cache hit for key=192.168.229.48
ERROR file not found: /tmp/192.168.36.209.log
ERROR null pointer in module 192.168.219.168
INFO request from 192.168.39.155
FATAL unrecoverable disk error
DEBUG entering function foo
INFO request from 192.168.92.139
ERROR null pointer in module 192.168.36.209
WARN memory threshold reached: 192.168.229.48MB
INFO connection established
FATAL out of memory
FATAL out of memory
FATAL segfault at address 0x192.168.142.104
FATAL segfault at address 0x192.168.107.168
FATAL unrecoverable disk error
DEBUG cache hit for key=192.168.36.209
FATAL segfault at address 0x192.168.82.31
FATAL out of memory
WARN slow query: 192.168.57.185ms
DEBUG variable x=192.168.178.6
DEBUG entering function foo
DEBUG cache hit for key=192.168.141.220
WARN memory threshold reached: 192.168.193.243MB
INFO user 192.168.39.155 logged in
WARN retry attempt 192.168.178.6 for 78632
ERROR connection timeout 503
INFO processed 192.168.215.207 items
DEBUG heap size: 192.168.57.185
DEBUG cache hit for key=192.168.141.220
DEBUG entering function foo
DEBUG variable x=192.168.121.141
DEBUG entering function foo
DEBUG entering function foo
DEBUG cache hit for key=192.168.107.168
INFO user 192.168.60.30 logged in
WARN memory threshold reached: 192.168.219.168MB
ERROR file not found: /tmp/192.168.141.220.log
FATAL kernel panic
DEBUG variable x=192.168.39.155
INFO user 192.168.211.158 logged in
ERROR connection timeout 503
ERROR auth failure for user 192.168.121.141
FATAL kernel panic
DEBUG heap size: 192.168.193.243
DEBUG entering function foo
WARN disk usage 192.168.107.168%
DEBUG cache hit for key=192.168.219.168
WARN disk usage 192.168.60.30%
INFO request from 192.168.193.243
INFO request from 192.168.107.168
DEBUG variable x=192.168.92.139
FATAL out of memory
ERROR auth failure for user 192.168.9.50
ERROR auth failure for user 192.168.189.144
DEBUG entering function foo
DEBUG variable x=192.168.197.186
FATAL segfault at address 0x192.168.39.155
WARN slow query: 192.168.60.30ms
DEBUG entering function foo
ERROR null pointer in module 192.168.142.104
FATAL unrecoverable disk error
INFO request from 192.168.36.209
WARN retry attempt 192.168.229.48 for 13069
DEBUG variable x=192.168.189.144
DEBUG heap size: 192.168.107.168
ERROR auth failure for user 192.168.229.48
INFO request from 192.168.39.155
WARN slow query: 192.168.92.139ms
DEBUG heap size: 192.168.141.220
WARN disk usage 192.168.197.186%
WARN memory threshold reached: 192.168.92.139MB
INFO user 192.168.60.30 logged in
FATAL out of memory
FATAL out of memory
WARN retry attempt 192.168.229.48 for 29956
DEBUG heap size: 192.168.92.139
INFO user 192.168.197.186 logged in
DEBUG entering function foo
ERROR connection timeout 503
WARN slow query: 192.168.211.158ms
INFO request from 192.168.211.158
ERROR file not found: /tmp/192.168.215.207.log
ERROR null pointer in module 192.168.39.155
INFO processed 192.168.9.50 items
INFO connection established
ERROR connection timeout 503
INFO request from 192.168.229.48
INFO request from 192.168.92.139
DEBUG variable x=192.168.193.243
FATAL kernel panic
WARN disk usage 192.168.193.243%
WARN disk usage 192.168.92.139%
DEBUG variable x=192.168.39.155
ERROR null pointer in module 192.168.57.185
ERROR file not found: /tmp/192.168.57.185.log
WARN disk usage 192.168.219.168%
DEBUG variable x=192.168.219.168
FATAL segfault at address 0x192.168.121.141
DEBUG entering function foo
DEBUG entering function foo
ERROR auth failure for user 192.168.215.207
INFO user 192.168.193.243 logged in
ERROR file not found: /tmp/192.168.92.139.log
INFO connection established
ERROR connection timeout 503
FATAL out of memory
INFO request from 192.168.219.168
ERROR auth failure for user 192.168.229.48
ERROR connection timeout 503
ERROR connection timeout 503
ERROR auth failure for user 192.168.121.141
INFO connection established
INFO request from 192.168.215.207
FATAL kernel panic
FATAL out of memory
FATAL segfault at address 0x192.168.39.155
DEBUG variable x=192.168.39.155
INFO request from 192.168.211.158
WARN memory threshold reached: 192.168.142.104MB
INFO processed 192.168.60.30 items
WARN disk usage 192.168.57.185%
DEBUG variable x=192.168.189.144
WARN memory threshold reached: 192.168.193.243MB
DEBUG cache hit for key=192.168.9.50
DEBUG entering function foo
FATAL unrecoverable disk error
ERROR file not found: /tmp/192.168.193.243.log
FATAL out of memory
ERROR file not found: /tmp/192.168.229.48.log
INFO user 192.168.178.215 logged in
FATAL unrecoverable disk error
DEBUG heap size: 192.168.219.168
ERROR file not found: /tmp/192.168.215.207.log
FATAL segfault at address 0x192.168.197.186
FATAL out of memory
ERROR file not found: /tmp/192.168.9.50.log
INFO user 192.168.197.186 logged in
ERROR null pointer in module 192.168.178.6
WARN disk usage 192.168.36.209%
WARN slow query: 192.168.229.48ms
FATAL out of memory
ERROR null pointer in module 192.168.219.168
DEBUG entering function foo
DEBUG variable x=192.168.9.50
WARN retry attempt 192.168.229.48 for 93926
ERROR connection timeout 503
WARN slow query: 192.168.178.6ms
WARN disk usage 192.168.121.141%
ERROR auth failure for user 192.168.193.243
FATAL segfault at address 0x192.168.57.185
FATAL kernel panic
DEBUG variable x=192.168.229.48
INFO processed 192.168.39.155 items
WARN retry attempt 192.168.92.139 for 54931
WARN disk usage 192.168.193.243%
INFO request from 192.168.82.31
FATAL kernel panic
ERROR file not found: /tmp/192.168.57.185.log
INFO request from 192.168.141.220
DEBUG variable x=192.168.107.168
WARN memory threshold reached: 192.168.197.186MB
WARN memory threshold reached: 192.168.211.158MB
INFO request from 192.168.82.31
DEBUG heap size: 192.168.142.104
DEBUG heap size: 192.168.57.185
FATAL out of memory
INFO processed 192.168.82.31 items
FATAL out of memory
WARN disk usage 192.168.215.207%
WARN memory threshold reached: 192.168.211.158MB
INFO connection established
FATAL segfault at address 0x192.168.57.185
ERROR auth failure for user 192.168.211.158
FATAL out of memory
ERROR auth failure for user 192.168.9.50
WARN retry attempt 192.168.193.243 for 70285
WARN slow query: 192.168.193.243ms
ERROR file not found: /tmp/192.168.9.50.log
ERROR file not found: /tmp/192.168.229.48.log
INFO user 192.168.193.243 logged in
FATAL unrecoverable disk error
FATAL unrecoverable disk error
DEBUG variable x=192.168.219.168
FATAL segfault at address 0x192.168.57.185
FATAL segfault at address 0x192.168.197.186
INFO request from 192.168.211.158
WARN retry attempt 192.168.92.139 for 96830
WARN disk usage 192.168.141.220%
DEBUG heap size: 192.168.82.31
WARN disk usage 192.168.92.139%
DEBUG cache hit for key=192.168.9.50
FATAL out of memory
INFO user 192.168.141.220 logged in
ERROR auth failure for user 192.168.197.186
WARN disk usage 192.168.215.207%
WARN memory threshold reached: 192.168.141.220MB
FATAL kernel panic
FATAL unrecoverable disk error
ERROR auth failure for user 192.168.92.139
INFO user 192.168.57.185 logged in
FATAL out of memory
DEBUG heap size: 192.168.219.168
WARN retry attempt 192.168.92.139 for 39487
WARN disk usage 192.168.219.168%
INFO processed 192.168.39.155 items
WARN slow query: 192.168.92.139ms
WARN retry attempt 192.168.215.207 for 93882
FATAL out of memory
WARN memory threshold reached: 192.168.178.215MB
FATAL out of memory
DEBUG entering function foo
INFO connection established
INFO user 192.168.178.215 logged in
WARN disk usage 192.168.178.215%
INFO connection established
ERROR null pointer in module 192.168.92.139
INFO user 192.168.193.243 logged in
WARN slow query: 192.168.82.31ms
ERROR null pointer in module 192.168.39.155
WARN slow query: 192.168.57.185ms
DEBUG entering function foo
FATAL segfault at address 0x192.168.142.104
FATAL kernel panic
ERROR file not found: /tmp/192.168.107.168.log
DEBUG cache hit for key=192.168.9.50
FATAL kernel panic
FATAL kernel panic
WARN slow query: 192.168.219.168ms
WARN memory threshold reached: 192.168.92.139MB
WARN slow query: 192.168.211.158ms
ERROR connection timeout 503
ERROR file not found: /tmp/192.168.141.220.log
FATAL unrecoverable disk error
WARN memory threshold reached: 192.168.57.185MB
DEBUG entering function foo
ERROR file not found: /tmp/192.168.211.158.log
ERROR auth failure for user 192.168.197.186
DEBUG entering function foo
WARN slow query: 192.168.39.155ms
INFO user 192.168.9.50 logged in
DEBUG variable x=192.168.219.168
ERROR connection timeout 503
DEBUG heap size: 192.168.211.158
WARN disk usage 192.168.92.139%
FATAL segfault at address 0x192.168.60.30
INFO user 192.168.219.168 logged in
FATAL out of memory
ERROR connection timeout 503
ERROR connection timeout 503
INFO processed 192.168.219.168 items
DEBUG entering function foo
DEBUG heap size: 192.168.211.158
ERROR file not found: /tmp/192.168.211.158.log
WARN slow query: 192.168.142.104ms
ERROR auth failure for user 192.168.60.30
INFO user 192.168.178.6 logged in
ERROR auth failure for user 192.168.229.48
ERROR auth failure for user 192.168.219.168
FATAL unrecoverable disk error
DEBUG heap size: 192.168.9.50
DEBUG cache hit for key=192.168.215.207
WARN disk usage 192.168.36.209%
FATAL unrecoverable disk error
DEBUG variable x=192.168.178.215
ERROR null pointer in module 192.168.142.104
INFO processed 192.168.219.168 items
INFO connection established
WARN retry attempt 192.168.211.158 for 93910
FATAL segfault at address 0x192.168.57.185
DEBUG entering function foo
DEBUG heap size: 192.168.141.220
FATAL segfault at address 0x192.168.142.104
DEBUG cache hit for key=192.168.141.220
ERROR auth failure for user 192.168.92.139
WARN retry attempt 192.168.142.104 for 79524
WARN retry attempt 192.168.211.158 for 74750
FATAL unrecoverable disk error
FATAL out of memory
ERROR null pointer in module 192.168.9.50
WARN disk usage 192.168.57.185%
WARN retry attempt 192.168.219.168 for 2960
ERROR connection timeout 503
ERROR null pointer in module 192.168.36.209
DEBUG heap size: 192.168.92.139
DEBUG entering function foo
FATAL out of memory
INFO user 192.168.57.185 logged in
WARN disk usage 192.168.215.207%
ERROR auth failure for user 192.168.229.48
INFO user 192.168.178.6 logged in
DEBUG heap size: 192.168.107.168
FATAL segfault at address 0x192.168.141.220
WARN slow query: 192.168.82.31ms
WARN memory threshold reached: 192.168.178.215MB
WARN slow query: 192.168.189.144ms
ERROR auth failure for user 192.168.211.158
INFO processed 192.168.215.207 items
ERROR file not found: /tmp/192.168.178.6.log
WARN memory threshold reached: 192.168.193.243MB
DEBUG heap size: 192.168.39.155
WARN disk usage 192.168.82.31%
DEBUG heap size: 192.168.36.209
WARN disk usage 192.168.219.168%
DEBUG entering function foo
INFO connection established
INFO request from 192.168.229.48
ERROR auth failure for user 192.168.193.243
FATAL out of memory
INFO processed 192.168.178.215 items
ERROR null pointer in module 192.168.9.50
FATAL out of memory
FATAL segfault at address 0x192.168.60.30
DEBUG variable x=192.168.197.186
INFO connection established
WARN slow query: 192.168.229.48ms
INFO connection established
DEBUG cache hit for key=192.168.107.168
FATAL unrecoverable disk error
INFO processed 192.168.215.207 items
WARN retry attempt 192.168.229.48 for 13726
INFO processed 192.168.92.139 items
FATAL kernel panic
INFO processed 192.168.215.207 items
WARN memory threshold reached: 192.168.219.168MB
INFO request from 192.168.211.158
FATAL segfault at address 0x192.168.189.144
FATAL kernel panic
ERROR null pointer in module 192.168.60.30
DEBUG heap size: 192.168.82.31
ERROR null pointer in module 192.168.215.207
INFO user 192.168.142.104 logged in
INFO request from 192.168.193.243
FATAL kernel panic
WARN memory threshold reached: 192.168.193.243MB
INFO processed 192.168.92.139 items
ERROR connection timeout 503
FATAL kernel panic
DEBUG entering function foo
FATAL unrecoverable disk error
DEBUG cache hit for key=192.168.178.6
DEBUG cache hit for key=192.168.60.30
INFO user 192.168.215.207 logged in
FATAL unrecoverable disk error
WARN slow query: 192.168.142.104ms
DEBUG heap size: 192.168.9.50
WARN retry attempt 192.168.178.215 for 6295
WARN slow query: 192.168.107.168ms
INFO request from 192.168.9.50
ERROR connection timeout 503
INFO processed 192.168.57.185 items
FATAL kernel panic
ERROR null pointer in module 192.168.121.141
INFO connection established
DEBUG entering function foo
INFO user 192.168.197.186 logged in
DEBUG cache hit for key=192.168.107.168
FATAL out of memory
ERROR null pointer in module 192.168.57.185
INFO request from 192.168.60.30
DEBUG heap size: 192.168.60.30
WARN retry attempt 192.168.193.243 for 40537
INFO processed 192.168.197.186 items
ERROR file not found: /tmp/192.168.229.48.log
FATAL out of memory
DEBUG variable x=192.168.92.139
DEBUG cache hit for key=192.168.82.31
ERROR null pointer in module 192.168.211.158
ERROR auth failure for user 192.168.215.207
DEBUG cache hit for key=192.168.121.141
INFO connection established
INFO request from 192.168.82.31
FATAL unrecoverable disk error
ERROR connection timeout 503
WARN memory threshold reached: 192.168.229.48MB
ERROR null pointer in module 192.168.178.6
INFO connection established
ERROR connection timeout 503
INFO user 192.168.60.30 logged in
WARN disk usage 192.168.60.30%
DEBUG variable x=192.168.215.207
INFO connection established
ERROR null pointer in module 192.168.197.186
DEBUG cache hit for key=192.168.219.168
DEBUG entering function foo
WARN memory threshold reached: 192.168.211.158MB
DEBUG entering function foo
WARN disk usage 192.168.197.186%
INFO user 192.168.142.104 logged in
FATAL segfault at address 0x192.168.189.144
INFO processed 192.168.9.50 items
DEBUG variable x=192.168.211.158
WARN disk usage 192.168.142.104%
FATAL segfault at address 0x192.168.57.185
FATAL kernel panic
DEBUG variable x=192.168.219.168
DEBUG entering function foo
WARN memory threshold reached: 192.168.178.6MB
INFO connection established
FATAL unrecoverable disk error
DEBUG heap size: 192.168.193.243
ERROR connection timeout 503
FATAL kernel panic
FATAL out of memory
DEBUG entering function foo
FATAL kernel panic
FATAL out of memory
ERROR auth failure for user 192.168.57.185
INFO processed 192.168.219.168 items
ERROR null pointer in module 192.168.178.215
WARN memory threshold reached: 192.168.121.141MB
INFO request from 192.168.57.185
INFO connection established
INFO processed 192.168.229.48 items
ERROR null pointer in module 192.168.107.168
DEBUG variable x=192.168.211.158
INFO user 192.168.92.139 logged in
ERROR connection timeout 503
DEBUG entering function foo
INFO connection established
WARN retry attempt 192.168.229.48 for 12231
DEBUG heap size: 192.168.57.185
DEBUG entering function foo
INFO user 192.168.107.168 logged in
FATAL kernel panic
WARN disk usage 192.168.211.158%
ERROR connection timeout 503
FATAL out of memory
DEBUG heap size: 192.168.92.139
WARN slow query: 192.168.92.139ms
INFO processed 192.168.57.185 items
ERROR auth failure for user 192.168.197.186
INFO request from 192.168.211.158
FATAL out of memory
DEBUG entering function foo
WARN retry attempt 192.168.229.48 for 79024
INFO processed 192.168.60.30 items
WARN disk usage 192.168.178.215%
ERROR auth failure for user 192.168.82.31
DEBUG variable x=192.168.121.141
DEBUG heap size: 192.168.229.48
DEBUG heap size: 192.168.197.186
FATAL kernel panic
FATAL unrecoverable disk error
ERROR auth failure for user 192.168.189.144
FATAL out of memory
INFO request from 192.168.211.158
INFO user 192.168.39.155 logged in
ERROR null pointer in module 192.168.215.207
INFO processed 192.168.189.144 items
ERROR file not found: /tmp/192.168.193.243.log
FATAL out of memory
FATAL kernel panic
DEBUG variable x=192.168.197.186
FATAL out of memory
ERROR connection timeout 503
DEBUG variable x=192.168.60.30
FATAL segfault at address 0x192.168.39.155
FATAL unrecoverable disk error
DEBUG heap size: 192.168.219.168
INFO connection established
INFO request from 192.168.9.50
WARN slow query: 192.168.211.158ms
INFO request from 192.168.60.30
DEBUG heap size: 192.168.142.104
DEBUG variable x=192.168.39.155
DEBUG heap size: 192.168.121.141
FATAL unrecoverable disk error
ERROR file not found: /tmp/192.168.211.158.log
ERROR auth failure for user 192.168.9.50
FATAL segfault at address 0x192.168.219.168
FATAL out of memory
ERROR null pointer in module 192.168.193.243
DEBUG variable x=192.168.9.50
DEBUG heap size: 192.168.60.30
ERROR file not found: /tmp/192.168.178.215.log
FATAL segfault at address 0x192.168.229.48
DEBUG heap size: 192.168.211.158
WARN disk usage 192.168.178.215%
DEBUG variable x=192.168.215.207
WARN retry attempt 192.168.189.144 for 90452
INFO user 192.168.107.168 logged in
FATAL unrecoverable disk error
INFO processed 192.168.57.185 items
INFO connection established
FATAL out of memory
DEBUG entering function foo
DEBUG cache hit for key=192.168.178.215
WARN disk usage 192.168.178.215%
DEBUG variable x=192.168.92.139
DEBUG heap size: 192.168.60.30
WARN retry attempt 192.168.219.168 for 4372
DEBUG heap size: 192.168.197.186
FATAL out of memory
INFO connection established
WARN slow query: 192.168.219.168ms
DEBUG entering function foo
DEBUG heap size: 192.168.121.141
DEBUG entering function foo
ERROR auth failure for user 192.168.107.168
INFO request from 192.168.219.168
INFO processed 192.168.57.185 items
DEBUG heap size: 192.168.82.31
WARN retry attempt 192.168.141.220 for 63499
INFO request from 192.168.36.209
FATAL out of memory
ERROR null pointer in module 192.168.9.50
WARN disk usage 192.168.141.220%
ERROR connection timeout 503
ERROR null pointer in module 192.168.215.207
FATAL out of memory
ERROR connection timeout 503
FATAL segfault at address 0x192.168.92.139
FATAL out of memory
INFO connection established
WARN slow query: 192.168.9.50ms
WARN slow query: 192.168.39.155ms
INFO connection established
ERROR file not found: /tmp/192.168.211.158.log
INFO request from 192.168.142.104
ERROR file not found: /tmp/192.168.189.144.log
DEBUG heap size: 192.168.215.207
INFO connection established
WARN memory threshold reached: 192.168.36.209MB
DEBUG entering function foo
INFO processed 192.168.178.215 items
DEBUG variable x=192.168.178.215
DEBUG heap size: 192.168.82.31
ERROR auth failure for user 192.168.197.186
ERROR file not found: /tmp/192.168.60.30.log
DEBUG variable x=192.168.178.6
WARN slow query: 192.168.141.220ms
ERROR auth failure for user 192.168.60.30
ERROR file not found: /tmp/192.168.82.31.log
WARN memory threshold reached: 192.168.189.144MB
ERROR null pointer in module 192.168.215.207
FATAL out of memory
WARN retry attempt 192.168.142.104 for 95185
INFO request from 192.168.219.168
DEBUG entering function foo
DEBUG entering function foo
WARN memory threshold reached: 192.168.211.158MB
INFO processed 192.168.193.243 items
DEBUG entering function foo
FATAL unrecoverable disk error
FATAL kernel panic
WARN memory threshold reached: 192.168.121.141MB
ERROR auth failure for user 192.168.39.155
DEBUG cache hit for key=192.168.211.158
INFO connection established
WARN memory threshold reached: 192.168.193.243MB
DEBUG variable x=192.168.82.31
INFO user 192.168.193.243 logged in
INFO user 192.168.36.209 logged in
INFO request from 192.168.141.220
ERROR file not found: /tmp/192.168.57.185.log
WARN disk usage 192.168.229.48%
WARN slow query: 192.168.178.215ms
INFO connection established
FATAL unrecoverable disk error
WARN slow query: 192.168.82.31ms
INFO connection established
DEBUG cache hit for key=192.168.36.209
INFO processed 192.168.229.48 items
ERROR null pointer in module 192.168.215.207
WARN memory threshold reached: 192.168.197.186MB
FATAL segfault at address 0x192.168.178.215
DEBUG heap size: 192.168.9.50
DEBUG variable x=192.168.193.243
WARN slow query: 192.168.121.141ms
WARN memory threshold reached: 192.168.141.220MB
FATAL segfault at address 0x192.168.215.207
FATAL unrecoverable disk error
INFO user 192.168.60.30 logged in
INFO request from 192.168.189.144
FATAL kernel panic
FATAL segfault at address 0x192.168.215.207
ERROR null pointer in module 192.168.9.50
INFO request from 192.168.60.30
INFO connection established
ERROR null pointer in module 192.168.60.30
FATAL segfault at address 0x192.168.36.209
INFO request from 192.168.229.48
DEBUG cache hit for key=192.168.197.186
DEBUG variable x=192.168.60.30
ERROR connection timeout 503
WARN slow query: 192.168.189.144ms
ERROR file not found: /tmp/192.168.178.215.log
WARN disk usage 192.168.219.168%
INFO user 192.168.92.139 logged in
ERROR connection timeout 503
DEBUG cache hit for key=192.168.193.243
WARN retry attempt 192.168.189.144 for 45255
ERROR null pointer in module 192.168.193.243
DEBUG variable x=192.168.193.243
FATAL segfault at address 0x192.168.215.207
INFO processed 192.168.121.141 items
INFO connection established
ERROR file not found: /tmp/192.168.9.50.log
ERROR file not found: /tmp/192.168.197.186.log
INFO processed 192.168.211.158 items
FATAL kernel panic
DEBUG variable x=192.168.82.31
DEBUG variable x=192.168.197.186
INFO processed 192.168.9.50 items
DEBUG entering function foo
DEBUG variable x=192.168.197.186
DEBUG heap size: 192.168.39.155
DEBUG entering function foo
DEBUG cache hit for key=192.168.141.220
WARN disk usage 192.168.9.50%
WARN disk usage 192.168.39.155%
FATAL out of memory
FATAL out of memory
DEBUG cache hit for key=192.168.39.155
WARN memory threshold reached: 192.168.193.243MB
WARN slow query: 192.168.57.185ms
WARN retry attempt 192.168.211.158 for 31223
WARN disk usage 192.168.107.168%
INFO user 192.168.92.139 logged in
INFO connection established
ERROR file not found: /tmp/192.168.60.30.log
WARN retry attempt 192.168.82.31 for 50355
DEBUG variable x=192.168.142.104
ERROR null pointer in module 192.168.60.30
DEBUG entering function foo
INFO user 192.168.121.141 logged in
WARN memory threshold reached: 192.168.215.207MB
ERROR null pointer in module 192.168.189.144
DEBUG entering function foo
DEBUG entering function foo
DEBUG cache hit for key=192.168.141.220
DEBUG variable x=192.168.215.207
DEBUG cache hit for key=192.168.107.168
DEBUG heap size: 192.168.197.186
ERROR null pointer in module 192.168.121.141
DEBUG cache hit for key=192.168.211.158
ERROR file not found: /tmp/192.168.39.155.log
WARN slow query: 192.168.215.207ms
INFO processed 192.168.9.50 items
ERROR file not found: /tmp/192.168.9.50.log
WARN memory threshold reached: 192.168.197.186MB
ERROR connection timeout 503
DEBUG entering function foo
INFO connection established
WARN memory threshold reached: 192.168.92.139MB
WARN memory threshold reached: 192.168.193.243MB
DEBUG heap size: 192.168.189.144
WARN slow query: 192.168.178.215ms
WARN disk usage 192.168.92.139%
ERROR connection timeout 503
DEBUG heap size: 192.168.189.144
INFO request from 192.168.219.168
FATAL segfault at address 0x192.168.189.144
INFO user 192.168.193.243 logged in
INFO connection established
INFO user 192.168.92.139 logged in
INFO connection established
FATAL kernel panic
WARN memory threshold reached: 192.168.189.144MB
INFO request from 192.168.189.144
FATAL kernel panic
ERROR auth failure for user 192.168.229.48
WARN memory threshold reached: 192.168.178.215MB
WARN memory threshold reached: 192.168.57.185MB
WARN disk usage 192.168.39.155%
FATAL out of memory
ERROR file not found: /tmp/192.168.211.158.log
WARN disk usage 192.168.197.186%
DEBUG cache hit for key=192.168.92.139
ERROR connection timeout 503
INFO connection established
DEBUG entering function foo
INFO user 192.168.142.104 logged in
DEBUG heap size: 192.168.121.141
ERROR connection timeout 503
WARN disk usage 192.168.211.158%
ERROR auth failure for user 192.168.39.155
FATAL segfault at address 0x192.168.189.144
WARN slow query: 192.168.9.50ms
INFO user 192.168.178.215 logged in
FATAL segfault at address 0x192.168.39.155
DEBUG entering function foo
INFO request from 192.168.36.209
WARN memory threshold reached: 192.168.107.168MB
INFO user 192.168.211.158 logged in
FATAL unrecoverable disk error
INFO connection established
FATAL kernel panic
DEBUG entering function foo
WARN memory threshold reached: 192.168.60.30MB
DEBUG variable x=192.168.219.168
WARN memory threshold reached: 192.168.107.168MB
INFO user 192.168.189.144 logged in
DEBUG variable x=192.168.141.220
DEBUG cache hit for key=192.168.9.50
INFO connection established
DEBUG entering function foo
INFO processed 192.168.82.31 items
FATAL unrecoverable disk error
ERROR auth failure for user 192.168.60.30
INFO user 192.168.197.186 logged in
WARN slow query: 192.168.107.168ms
DEBUG heap size: 192.168.141.220
DEBUG variable x=192.168.82.31
DEBUG variable x=192.168.92.139
ERROR auth failure for user 192.168.141.220
WARN retry attempt 192.168.39.155 for 24538
FATAL segfault at address 0x192.168.92.139
FATAL segfault at address 0x192.168.193.243
DEBUG entering function foo
INFO connection established
DEBUG entering function foo
DEBUG entering function foo
DEBUG heap size: 192.168.189.144
FATAL kernel panic
DEBUG cache hit for key=192.168.178.6
WARN memory threshold reached: 192.168.197.186MB
INFO processed 192.168.82.31 items
FATAL out of memory
DEBUG heap size: 192.168.107.168
FATAL segfault at address 0x192.168.219.168
ERROR null pointer in module 192.168.92.139
WARN memory threshold reached: 192.168.92.139MB
ERROR null pointer in module 192.168.82.31
ERROR null pointer in module 192.168.189.144
FATAL unrecoverable disk error
INFO connection established
DEBUG cache hit for key=192.168.57.185
DEBUG entering function foo
WARN disk usage 192.168.229.48%
FATAL out of memory
WARN disk usage 192.168.193.243%
ERROR auth failure for user 192.168.211.158
WARN retry attempt 192.168.219.168 for 22730
ERROR connection timeout 503
WARN slow query: 192.168.142.104ms
FATAL segfault at address 0x192.168.57.185
DEBUG entering function foo
INFO user 192.168.229.48 logged in
ERROR file not found: /tmp/192.168.229.48.log
INFO connection established
FATAL segfault at address 0x192.168.193.243
INFO connection established
DEBUG heap size: 192.168.57.185
ERROR connection timeout 503
DEBUG entering function foo
INFO connection established
INFO user 192.168.107.168 logged in
ERROR connection timeout 503
ERROR auth failure for user 192.168.219.168
DEBUG variable x=192.168.197.186
ERROR auth failure for user 192.168.178.6
FATAL out of memory
FATAL unrecoverable disk error
DEBUG entering function foo
INFO user 192.168.9.50 logged in
DEBUG heap size: 192.168.211.158
DEBUG variable x=192.168.92.139
DEBUG variable x=192.168.197.186
ERROR file not found: /tmp/192.168.9.50.log
DEBUG cache hit for key=192.168.107.168
WARN retry attempt 192.168.57.185 for 63400
WARN disk usage 192.168.92.139%
WARN retry attempt 192.168.193.243 for 74100
WARN slow query: 192.168.197.186ms
DEBUG variable x=192.168.197.186
FATAL kernel panic
DEBUG heap size: 192.168.9.50
FATAL unrecoverable disk error
WARN slow query: 192.168.178.215ms
ERROR file not found: /tmp/192.168.178.215.log
DEBUG heap size: 192.168.9.50
FATAL out of memory
INFO processed 192.168.215.207 items
WARN memory threshold reached: 192.168.193.243MB
WARN slow query: 192.168.219.168ms
DEBUG heap size: 192.168.121.141
INFO user 192.168.82.31 logged in
INFO connection established
FATAL kernel panic
ERROR file not found: /tmp/192.168.39.155.log
ERROR connection timeout 503
DEBUG cache hit for key=192.168.178.6
INFO processed 192.168.178.6 items
DEBUG heap size: 192.168.189.144
FATAL segfault at address 0x192.168.141.220
ERROR connection timeout 503
WARN retry attempt 192.168.57.185 for 28326
WARN disk usage 192.168.36.209%
INFO processed 192.168.141.220 items
INFO user 192.168.142.104 logged in
ERROR auth failure for user 192.168.92.139
ERROR null pointer in module 192.168.107.168
DEBUG cache hit for key=192.168.60.30
ERROR file not found: /tmp/192.168.215.207.log
ERROR auth failure for user 192.168.197.186
ERROR file not found: /tmp/192.168.82.31.log
ERROR null pointer in module 192.168.229.48
INFO processed 192.168.178.6 items
FATAL unrecoverable disk error
INFO user 192.168.178.215 logged in
DEBUG heap size: 192.168.197.186
WARN retry attempt 192.168.107.168 for 86990
INFO connection established
WARN retry attempt 192.168.211.158 for 2805
DEBUG heap size: 192.168.107.168
ERROR auth failure for user 192.168.36.209
DEBUG cache hit for key=192.168.178.215
ERROR null pointer in module 192.168.211.158
WARN slow query: 192.168.36.209ms
FATAL unrecoverable disk error
ERROR auth failure for user 192.168.178.6
ERROR file not found: /tmp/192.168.215.207.log
DEBUG cache hit for key=192.168.121.141
ERROR file not found: /tmp/192.168.229.48.log
DEBUG heap size: 192.168.141.220
DEBUG variable x=192.168.107.168
INFO request from 192.168.189.144
INFO processed 192.168.82.31 items
DEBUG cache hit for key=192.168.229.48
ERROR null pointer in module 192.168.189.144
INFO request from 192.168.193.243
INFO request from 192.168.82.31
DEBUG heap size: 192.168.36.209
DEBUG heap size: 192.168.189.144
FATAL segfault at address 0x192.168.60.30
FATAL segfault at address 0x192.168.92.139
INFO connection established
DEBUG cache hit for key=192.168.219.168
FATAL kernel panic
INFO connection established
ERROR auth failure for user 192.168.141.220
DEBUG variable x=192.168.82.31
ERROR auth failure for user 192.168.57.185
WARN memory threshold reached: 192.168.178.6MB
WARN disk usage 192.168.219.168%
DEBUG entering function foo
ERROR connection timeout 503
FATAL segfault at address 0x192.168.215.207
WARN slow query: 192.168.178.6ms
WARN slow query: 192.168.60.30ms
FATAL unrecoverable disk error
INFO processed 192.168.193.243 items
DEBUG heap size: 192.168.178.6
DEBUG cache hit for key=192.168.60.30
INFO connection established
DEBUG heap size: 192.168.215.207
INFO request from 192.168.60.30
WARN memory threshold reached: 192.168.142.104MB
WARN slow query: 192.168.189.144ms
FATAL out of memory
WARN disk usage 192.168.193.243%
ERROR connection timeout 503
DEBUG cache hit for key=192.168.60.30
DEBUG cache hit for key=192.168.121.141
FATAL segfault at address 0x192.168.9.50
WARN disk usage 192.168.92.139%
DEBUG heap size: 192.168.211.158
INFO connection established
ERROR connection timeout 503
FATAL unrecoverable disk error
FATAL unrecoverable disk error
INFO request from 192.168.189.144
WARN slow query: 192.168.107.168ms
DEBUG heap size: 192.168.121.141
INFO connection established
FATAL unrecoverable disk error
ERROR file not found: /tmp/192.168.142.104.log
ERROR connection timeout 503
INFO user 192.168.197.186 logged in
WARN slow query: 192.168.189.144ms
FATAL unrecoverable disk error
DEBUG cache hit for key=192.168.141.220
FATAL unrecoverable disk error
INFO user 192.168.142.104 logged in
DEBUG entering function foo
INFO connection established
ERROR null pointer in module 192.168.178.6
ERROR file not found: /tmp/192.168.39.155.log
FATAL out of memory
WARN disk usage 192.168.197.186%
WARN slow query: 192.168.39.155ms
ERROR connection timeout 503
ERROR file not found: /tmp/192.168.142.104.log
INFO user 192.168.211.158 logged in
ERROR null pointer in module 192.168.197.186
INFO user 192.168.211.158 logged in
DEBUG variable x=192.168.60.30
ERROR connection timeout 503
INFO connection established
INFO connection established
DEBUG entering function foo
WARN disk usage 192.168.211.158%
INFO connection established
FATAL unrecoverable disk error
ERROR connection timeout 503
DEBUG heap size: 192.168.82.31
ERROR file not found: /tmp/192.168.82.31.log
FATAL unrecoverable disk error
FATAL kernel panic
ERROR null pointer in module 192.168.36.209
ERROR file not found: /tmp/192.168.121.141.log
FATAL out of memory
INFO connection established
ERROR null pointer in module 192.168.178.215
INFO user 192.168.9.50 logged in
FATAL segfault at address 0x192.168.36.209
ERROR null pointer in module 192.168.121.141
FATAL kernel panic
WARN slow query: 192.168.141.220ms
INFO processed 192.168.178.6 items
INFO connection established
ERROR auth failure for user 192.168.178.215
ERROR null pointer in module 192.168.82.31
DEBUG cache hit for key=192.168.141.220
WARN disk usage 192.168.197.186%
ERROR connection timeout 503
FATAL out of memory
INFO connection established
ERROR connection timeout 503
DEBUG variable x=192.168.189.144
INFO processed 192.168.9.50 items
INFO connection established
FATAL unrecoverable disk error
ERROR auth failure for user 192.168.193.243
WARN disk usage 192.168.57.185%
DEBUG cache hit for key=192.168.57.185
FATAL out of memory
WARN disk usage 192.168.107.168%
WARN memory threshold reached: 192.168.189.144MB
WARN slow query: 192.168.215.207ms
ERROR null pointer in module 192.168.211.158
WARN slow query: 192.168.142.104ms
WARN retry attempt 192.168.219.168 for 38403
DEBUG entering function foo
WARN disk usage 192.168.215.207%
WARN slow query: 192.168.107.168ms
FATAL kernel panic
ERROR file not found: /tmp/192.168.92.139.log
DEBUG entering function foo
DEBUG variable x=192.168.211.158
ERROR auth failure for user 192.168.82.31
FATAL segfault at address 0x192.168.57.185
DEBUG heap size: 192.168.193.243
INFO processed 192.168.39.155 items
INFO processed 192.168.92.139 items
INFO connection established
WARN retry attempt 192.168.229.48 for 94535
DEBUG heap size: 192.168.9.50
DEBUG variable x=192.168.36.209
WARN slow query: 192.168.178.6ms
DEBUG entering function foo
DEBUG variable x=192.168.60.30
WARN memory threshold reached: 192.168.36.209MB
WARN disk usage 192.168.178.215%
INFO processed 192.168.57.185 items
FATAL out of memory
ERROR null pointer in module 192.168.9.50
INFO user 192.168.215.207 logged in
ERROR connection timeout 503
DEBUG heap size: 192.168.39.155
ERROR null pointer in module 192.168.178.6
INFO processed 192.168.82.31 items
DEBUG entering function foo
WARN memory threshold reached: 192.168.36.209MB
DEBUG entering function foo
FATAL segfault at address 0x192.168.57.185
WARN slow query: 192.168.121.141ms
WARN memory threshold reached: 192.168.178.6MB
DEBUG cache hit for key=192.168.211.158
ERROR connection timeout 503
WARN disk usage 192.168.229.48%
INFO request from 192.168.215.207
ERROR auth failure for user 192.168.197.186
FATAL out of memory
INFO user 192.168.107.168 logged in
INFO processed 192.168.141.220 items
WARN slow query: 192.168.36.209ms
DEBUG heap size: 192.168.57.185
DEBUG variable x=192.168.178.215
INFO request from 192.168.107.168
DEBUG cache hit for key=192.168.141.220
FATAL segfault at address 0x192.168.60.30
INFO processed 192.168.142.104 items
FATAL out of memory
FATAL kernel panic
DEBUG variable x=192.168.121.141
WARN retry attempt 192.168.211.158 for 24993
INFO processed 192.168.193.243 items
ERROR file not found: /tmp/192.168.92.139.log
ERROR auth failure for user 192.168.142.104
FATAL kernel panic
WARN slow query: 192.168.178.6ms
INFO user 192.168.60.30 logged in
INFO processed 192.168.211.158 items
FATAL segfault at address 0x192.168.178.6
INFO request from 192.168.178.215
DEBUG heap size: 192.168.36.209
DEBUG variable x=192.168.141.220
WARN memory threshold reached: 192.168.107.168MB
FATAL out of memory
DEBUG variable x=192.168.121.141
INFO user 192.168.178.6 logged in
ERROR auth failure for user 192.168.211.158
INFO request from 192.168.107.168
DEBUG heap size: 192.168.141.220
ERROR file not found: /tmp/192.168.219.168.log
FATAL out of memory
WARN disk usage 192.168.121.141%
DEBUG variable x=192.168.36.209
ERROR auth failure for user 192.168.193.243
DEBUG entering function foo
WARN disk usage 192.168.178.215%
INFO connection established
DEBUG variable x=192.168.189.144
DEBUG cache hit for key=192.168.92.139
ERROR null pointer in module 192.168.189.144
ERROR null pointer in module 192.168.211.158
INFO connection established
DEBUG heap size: 192.168.107.168
FATAL segfault at address 0x192.168.39.155
DEBUG heap size: 192.168.219.168
ERROR file not found: /tmp/192.168.178.6.log
DEBUG heap size: 192.168.215.207
DEBUG variable x=192.168.39.155
INFO processed 192.168.197.186 items
DEBUG entering function foo
INFO processed 192.168.121.141 items
WARN retry attempt 192.168.178.215 for 29236
INFO request from 192.168.211.158
WARN retry attempt 192.168.178.6 for 41421
ERROR null pointer in module 192.168.141.220
FATAL unrecoverable disk error
DEBUG entering function foo
DEBUG variable x=192.168.178.6
DEBUG variable x=192.168.178.215
DEBUG heap size: 192.168.60.30
ERROR file not found: /tmp/192.168.107.168.log
DEBUG heap size: 192.168.178.6
DEBUG entering function foo
FATAL out of memory
WARN memory threshold reached: 192.168.92.139MB
WARN slow query: 192.168.189.144ms
ERROR connection timeout 503
INFO request from 192.168.36.209
INFO request from 192.168.193.243
FATAL out of memory
DEBUG variable x=192.168.9.50
INFO connection established
WARN memory threshold reached: 192.168.57.185MB
DEBUG heap size: 192.168.178.215
DEBUG entering function foo
FATAL unrecoverable disk error
WARN disk usage 192.168.141.220%
FATAL segfault at address 0x192.168.36.209
DEBUG cache hit for key=192.168.142.104
DEBUG entering function foo
WARN memory threshold reached: 192.168.142.104MB
FATAL out of memory
WARN retry attempt 192.168.107.168 for 87529
DEBUG variable x=192.168.142.104
DEBUG entering function foo
WARN disk usage 192.168.142.104%
DEBUG cache hit for key=192.168.142.104
INFO user 192.168.219.168 logged in
FATAL kernel panic
WARN disk usage 192.168.107.168%
DEBUG heap size: 192.168.60.30
INFO user 192.168.57.185 logged in
DEBUG entering function foo
ERROR file not found: /tmp/192.168.215.207.log
FATAL kernel panic
DEBUG heap size: 192.168.211.158
DEBUG variable x=192.168.142.104
ERROR connection timeout 503
FATAL segfault at address 0x192.168.229.48
DEBUG cache hit for key=192.168.9.50
INFO processed 192.168.57.185 items
ERROR connection timeout 503
INFO request from 192.168.92.139
WARN slow query: 192.168.178.6ms
DEBUG heap size: 192.168.141.220
INFO processed 192.168.178.215 items
ERROR null pointer in module 192.168.92.139
DEBUG entering function foo
ERROR null pointer in module 192.168.92.139
INFO user 192.168.107.168 logged in
INFO request from 192.168.9.50
FATAL unrecoverable disk error
FATAL unrecoverable disk error
FATAL unrecoverable disk error
ERROR file not found: /tmp/192.168.215.207.log
ERROR connection timeout 503
ERROR auth failure for user 192.168.211.158
ERROR connection timeout 503
INFO connection established
DEBUG heap size: 192.168.178.6
FATAL segfault at address 0x192.168.178.6
FATAL kernel panic
ERROR connection timeout 503
WARN slow query: 192.168.82.31ms
FATAL segfault at address 0x192.168.197.186
DEBUG heap size: 192.168.36.209
INFO connection established
INFO request from 192.168.141.220
FATAL kernel panic
WARN memory threshold reached: 192.168.92.139MB
DEBUG heap size: 192.168.82.31
ERROR null pointer in module 192.168.36.209
WARN memory threshold reached: 192.168.211.158MB
WARN slow query: 192.168.178.6ms
WARN memory threshold reached: 192.168.107.168MB
FATAL unrecoverable disk error
FATAL segfault at address 0x192.168.193.243
INFO user 192.168.193.243 logged in
FATAL out of memory
FATAL kernel panic
WARN memory threshold reached: 192.168.39.155MB
DEBUG entering function foo
FATAL segfault at address 0x192.168.60.30
DEBUG heap size: 192.168.219.168
INFO processed 192.168.141.220 items
WARN disk usage 192.168.92.139%
ERROR auth failure for user 192.168.60.30
WARN retry attempt 192.168.178.6 for 34359
DEBUG cache hit for key=192.168.141.220
FATAL kernel panic
ERROR connection timeout 503
WARN disk usage 192.168.193.243%
WARN disk usage 192.168.197.186%
DEBUG heap size: 192.168.57.185
WARN memory threshold reached: 192.168.215.207MB
FATAL unrecoverable disk error
DEBUG heap size: 192.168.141.220
ERROR null pointer in module 192.168.189.144
WARN retry attempt 192.168.57.185 for 96493
ERROR connection timeout 503
FATAL out of memory
WARN slow query: 192.168.36.209ms
FATAL out of memory
DEBUG entering function foo
INFO connection established
DEBUG cache hit for key=192.168.178.6
WARN retry attempt 192.168.178.215 for 41193
ERROR auth failure for user 192.168.9.50
FATAL unrecoverable disk error
WARN slow query: 192.168.178.215ms
DEBUG heap size: 192.168.197.186
FATAL kernel panic
DEBUG variable x=192.168.178.6
WARN slow query: 192.168.219.168ms
FATAL kernel panic
INFO user 192.168.9.50 logged in
DEBUG variable x=192.168.82.31
ERROR auth failure for user 192.168.121.141
INFO connection established
DEBUG heap size: 192.168.82.31
INFO processed 192.168.9.50 items
FATAL unrecoverable disk error
WARN disk usage 192.168.211.158%
ERROR file not found: /tmp/192.168.229.48.log
FATAL kernel panic
WARN retry attempt 192.168.36.209 for 6801
FATAL out of memory
WARN retry attempt 192.168.215.207 for 32533
DEBUG variable x=192.168.141.220
FATAL kernel panic
DEBUG variable x=192.168.121.141
INFO request from 192.168.121.141
INFO request from 192.168.107.168
ERROR null pointer in module 192.168.57.185
DEBUG variable x=192.168.82.31
WARN memory threshold reached: 192.168.57.185MB
ERROR file not found: /tmp/192.168.229.48.log
INFO processed 192.168.142.104 items
ERROR connection timeout 503
WARN slow query: 192.168.57.185ms
ERROR null pointer in module 192.168.9.50
ERROR auth failure for user 192.168.107.168
ERROR connection timeout 503
INFO connection established
INFO processed 192.168.92.139 items
ERROR file not found: /tmp/192.168.189.144.log
WARN retry attempt 192.168.142.104 for 56213
DEBUG heap size: 192.168.219.168
DEBUG cache hit for key=192.168.215.207
INFO processed 192.168.189.144 items
WARN retry attempt 192.168.9.50 for 86990
INFO request from 192.168.142.104
DEBUG heap size: 192.168.121.141
ERROR file not found: /tmp/192.168.92.139.log
INFO processed 192.168.121.141 items
DEBUG cache hit for key=192.168.189.144
FATAL unrecoverable disk error
DEBUG entering function foo
ERROR file not found: /tmp/192.168.193.243.log
ERROR auth failure for user 192.168.141.220
WARN slow query: 192.168.9.50ms
INFO connection established
DEBUG variable x=192.168.36.209
WARN memory threshold reached: 192.168.60.30MB
WARN slow query: 192.168.36.209ms
ERROR null pointer in module 192.168.178.215
DEBUG heap size: 192.168.9.50
DEBUG variable x=192.168.229.48
WARN retry attempt 192.168.9.50 for 48067
INFO connection established
FATAL segfault at address 0x192.168.107.168
INFO connection established
WARN disk usage 192.168.92.139%
ERROR null pointer in module 192.168.189.144
ERROR connection timeout 503
INFO processed 192.168.9.50 items
INFO connection established
FATAL unrecoverable disk error
WARN retry attempt 192.168.107.168 for 94819
DEBUG heap size: 192.168.60.30
ERROR null pointer in module 192.168.178.6
ERROR connection timeout 503
ERROR auth failure for user 192.168.178.215
FATAL out of memory
FATAL segfault at address 0x192.168.92.139
WARN disk usage 192.168.141.220%
ERROR null pointer in module 192.168.107.168
ERROR file not found: /tmp/192.168.219.168.log
INFO processed 192.168.178.215 items
ERROR connection timeout 503
ERROR auth failure for user 192.168.60.30
ERROR auth failure for user 192.168.215.207
DEBUG variable x=192.168.92.139
INFO user 192.168.60.30 logged in
DEBUG variable x=192.168.60.30
DEBUG heap size: 192.168.36.209
FATAL out of memory
FATAL segfault at address 0x192.168.215.207
WARN disk usage 192.168.107.168%
INFO connection established
ERROR auth failure for user 192.168.215.207
WARN retry attempt 192.168.92.139 for 95512
ERROR connection timeout 503
INFO request from 192.168.57.185
WARN disk usage 192.168.189.144%
WARN slow query: 192.168.39.155ms
DEBUG heap size: 192.168.193.243
DEBUG entering function foo
ERROR connection timeout 503
FATAL kernel panic
DEBUG entering function foo
INFO processed 192.168.229.48 items
WARN retry attempt 192.168.36.209 for 44925
INFO processed 192.168.211.158 items
FATAL unrecoverable disk error
ERROR auth failure for user 192.168.107.168
FATAL kernel panic
INFO connection established
FATAL out of memory
FATAL unrecoverable disk error
DEBUG heap size: 192.168.211.158
FATAL out of memory
FATAL segfault at address 0x192.168.219.168
FATAL segfault at address 0x192.168.189.144
DEBUG entering function foo
INFO request from 192.168.60.30
INFO connection established
WARN slow query: 192.168.9.50ms
INFO user 192.168.178.6 logged in
ERROR null pointer in module 192.168.211.158
INFO connection established
FATAL segfault at address 0x192.168.9.50
FATAL kernel panic
ERROR auth failure for user 192.168.178.215
DEBUG variable x=192.168.211.158
WARN memory threshold reached: 192.168.141.220MB
WARN disk usage 192.168.211.158%
ERROR file not found: /tmp/192.168.57.185.log
DEBUG cache hit for key=192.168.36.209
WARN disk usage 192.168.142.104%
DEBUG cache hit for key=192.168.142.104
WARN memory threshold reached: 192.168.219.168MB
INFO user 192.168.215.207 logged in
FATAL segfault at address 0x192.168.219.168
FATAL out of memory
ERROR null pointer in module 192.168.57.185
DEBUG variable x=192.168.121.141
WARN memory threshold reached: 192.168.121.141MB
WARN slow query: 192.168.57.185ms
DEBUG variable x=192.168.60.30
DEBUG cache hit for key=192.168.219.168
WARN slow query: 192.168.178.6ms
FATAL out of memory
DEBUG variable x=192.168.57.185
WARN slow query: 192.168.92.139ms
WARN disk usage 192.168.211.158%
WARN memory threshold reached: 192.168.142.104MB
FATAL segfault at address 0x192.168.9.50
INFO user 192.168.36.209 logged in
FATAL unrecoverable disk error
DEBUG cache hit for key=192.168.121.141
DEBUG cache hit for key=192.168.9.50
WARN memory threshold reached: 192.168.36.209MB
ERROR file not found: /tmp/192.168.36.209.log
DEBUG variable x=192.168.60.30
INFO connection established
FATAL segfault at address 0x192.168.211.158
FATAL segfault at address 0x192.168.142.104
WARN retry attempt 192.168.178.6 for 81343
ERROR auth failure for user 192.168.178.6
ERROR connection timeout 503
WARN disk usage 192.168.215.207%
INFO processed 192.168.193.243 items
ERROR auth failure for user 192.168.60.30
DEBUG cache hit for key=192.168.9.50
FATAL out of memory
WARN slow query: 192.168.107.168ms
FATAL unrecoverable disk error
DEBUG entering function foo
DEBUG cache hit for key=192.168.197.186
ERROR auth failure for user 192.168.219.168
ERROR null pointer in module 192.168.197.186
WARN disk usage 192.168.211.158%
ERROR file not found: /tmp/192.168.189.144.log
INFO user 192.168.141.220 logged in
WARN memory threshold reached: 192.168.39.155MB
FATAL segfault at address 0x192.168.189.144
FATAL kernel panic
DEBUG cache hit for key=192.168.121.141
FATAL segfault at address 0x192.168.39.155
FATAL kernel panic
INFO connection established
INFO request from 192.168.57.185
WARN slow query: 192.168.39.155ms
WARN memory threshold reached: 192.168.189.144MB
INFO connection established
ERROR auth failure for user 192.168.211.158
INFO processed 192.168.215.207 items
INFO connection established
ERROR auth failure for user 192.168.36.209
DEBUG cache hit for key=192.168.57.185
INFO connection established
INFO user 192.168.36.209 logged in
FATAL segfault at address 0x192.168.82.31
INFO user 192.168.9.50 logged in
INFO user 192.168.82.31 logged in
DEBUG variable x=192.168.178.6
WARN slow query: 192.168.193.243ms
FATAL out of memory
INFO request from 192.168.193.243
DEBUG variable x=192.168.219.168
WARN memory threshold reached: 192.168.215.207MB
DEBUG variable x=192.168.107.168
FATAL unrecoverable disk error
INFO connection established
FATAL out of memory
INFO processed 192.168.193.243 items
INFO user 192.168.219.168 logged in
FATAL kernel panic
ERROR file not found: /tmp/192.168.36.209.log
INFO user 192.168.178.6 logged in
ERROR null pointer in module 192.168.39.155
FATAL out of memory
WARN memory threshold reached: 192.168.178.215MB
ERROR auth failure for user 192.168.197.186
INFO connection established
DEBUG cache hit for key=192.168.229.48
WARN memory threshold reached: 192.168.229.48MB
INFO request from 192.168.211.158
FATAL kernel panic
DEBUG cache hit for key=192.168.189.144
INFO connection established
INFO user 192.168.142.104 logged in
FATAL unrecoverable disk error
FATAL segfault at address 0x192.168.197.186
DEBUG cache hit for key=192.168.9.50
FATAL segfault at address 0x192.168.215.207
INFO connection established
ERROR file not found: /tmp/192.168.82.31.log
DEBUG entering function foo
ERROR file not found: /tmp/192.168.178.6.log
FATAL kernel panic
FATAL unrecoverable disk error
DEBUG entering function foo
DEBUG heap size: 192.168.229.48
ERROR connection timeout 503
ERROR connection timeout 503
INFO connection established
FATAL out of memory
WARN disk usage 192.168.197.186%
DEBUG variable x=192.168.193.243
INFO user 192.168.121.141 logged in
ERROR auth failure for user 192.168.197.186
ERROR null pointer in module 192.168.142.104
INFO user 192.168.57.185 logged in
INFO user 192.168.141.220 logged in
INFO user 192.168.197.186 logged in
WARN disk usage 192.168.57.185%
FATAL unrecoverable disk error
DEBUG variable x=192.168.142.104
FATAL kernel panic
DEBUG variable x=192.168.107.168
FATAL kernel panic
ERROR file not found: /tmp/192.168.211.158.log
WARN memory threshold reached: 192.168.215.207MB
INFO request from 192.168.92.139
DEBUG cache hit for key=192.168.36.209
DEBUG entering function foo
DEBUG heap size: 192.168.121.141
WARN memory threshold reached: 192.168.215.207MB
DEBUG variable x=192.168.142.104
WARN disk usage 192.168.193.243%
ERROR auth failure for user 192.168.229.48
DEBUG variable x=192.168.219.168
INFO request from 192.168.211.158
INFO user 192.168.189.144 logged in
WARN disk usage 192.168.92.139%
ERROR null pointer in module 192.168.142.104
WARN retry attempt 192.168.189.144 for 74898
INFO connection established
FATAL segfault at address 0x192.168.215.207
ERROR null pointer in module 192.168.215.207
WARN memory threshold reached: 192.168.142.104MB
ERROR file not found: /tmp/192.168.178.215.log
DEBUG heap size: 192.168.211.158
FATAL out of memory
WARN slow query: 192.168.82.31ms
ERROR null pointer in module 192.168.36.209
WARN memory threshold reached: 192.168.9.50MB
ERROR auth failure for user 192.168.215.207
INFO connection established
DEBUG entering function foo
WARN disk usage 192.168.107.168%
INFO request from 192.168.141.220
INFO processed 192.168.229.48 items
DEBUG variable x=192.168.60.30
DEBUG cache hit for key=192.168.189.144
ERROR connection timeout 503
ERROR connection timeout 503
FATAL segfault at address 0x192.168.39.155
INFO request from 192.168.121.141
ERROR file not found: /tmp/192.168.219.168.log
FATAL segfault at address 0x192.168.39.155
WARN slow query: 192.168.82.31ms
DEBUG cache hit for key=192.168.36.209
INFO request from 192.168.141.220
DEBUG entering function foo
DEBUG heap size: 192.168.189.144
INFO processed 192.168.229.48 items
DEBUG variable x=192.168.141.220
WARN disk usage 192.168.36.209%
ERROR null pointer in module 192.168.197.186
FATAL segfault at address 0x192.168.197.186
DEBUG heap size: 192.168.57.185
INFO user 192.168.9.50 logged in
ERROR null pointer in module 192.168.178.6
WARN slow query: 192.168.215.207ms
DEBUG cache hit for key=192.168.60.30
WARN memory threshold reached: 192.168.193.243MB
ERROR file not found: /tmp/192.168.141.220.log
DEBUG variable x=192.168.36.209
ERROR connection timeout 503
WARN slow query: 192.168.189.144ms
ERROR null pointer in module 192.168.9.50
FATAL kernel panic
ERROR file not found: /tmp/192.168.219.168.log
WARN retry attempt 192.168.141.220 for 4010
DEBUG cache hit for key=192.168.9.50
DEBUG heap size: 192.168.141.220
INFO connection established
ERROR connection timeout 503
INFO processed 192.168.121.141 items
FATAL segfault at address 0x192.168.92.139
ERROR null pointer in module 192.168.121.141
FATAL segfault at address 0x192.168.9.50
FATAL kernel panic
WARN disk usage 192.168.215.207%
INFO user 192.168.82.31 logged in
WARN disk usage 192.168.197.186%
DEBUG entering function foo
WARN retry attempt 192.168.142.104 for 3462
INFO connection established
ERROR auth failure for user 192.168.189.144
INFO connection established
FATAL segfault at address 0x192.168.211.158
FATAL kernel panic
DEBUG cache hit for key=192.168.107.168
FATAL out of memory
WARN disk usage 192.168.197.186%
WARN memory threshold reached: 192.168.39.155MB
ERROR connection timeout 503
INFO request from 192.168.219.168
ERROR file not found: /tmp/192.168.142.104.log
DEBUG entering function foo
WARN slow query: 192.168.107.168ms
DEBUG variable x=192.168.9.50
DEBUG variable x=192.168.141.220
WARN disk usage 192.168.178.215%
FATAL out of memory
ERROR auth failure for user 192.168.219.168
WARN memory threshold reached: 192.168.92.139MB
DEBUG entering function foo
WARN slow query: 192.168.57.185ms
DEBUG entering function foo
DEBUG entering function foo
INFO request from 192.168.178.6
ERROR file not found: /tmp/192.168.197.186.log
WARN retry attempt 192.168.107.168 for 53950
WARN retry attempt 192.168.107.168 for 44653
WARN disk usage 192.168.39.155%
WARN disk usage 192.168.178.6%
ERROR file not found: /tmp/192.168.193.243.log
ERROR null pointer in module 192.168.82.31
FATAL unrecoverable disk error
FATAL kernel panic
FATAL segfault at address 0x192.168.211.158
INFO connection established
WARN slow query: 192.168.107.168ms
WARN slow query: 192.168.178.215ms
INFO user 192.168.121.141 logged in
WARN retry attempt 192.168.193.243 for 54854
WARN memory threshold reached: 192.168.178.215MB
ERROR auth failure for user 192.168.36.209
ERROR connection timeout 503
DEBUG variable x=192.168.57.185
DEBUG variable x=192.168.60.30
INFO user 192.168.82.31 logged in
ERROR file not found: /tmp/192.168.178.215.log
INFO connection established
ERROR connection timeout 503
INFO processed 192.168.39.155 items
DEBUG cache hit for key=192.168.189.144
DEBUG heap size: 192.168.39.155
DEBUG entering function foo
INFO user 192.168.141.220 logged in
INFO connection established
FATAL out of memory
WARN retry attempt 192.168.82.31 for 58858
FATAL segfault at address 0x192.168.197.186
ERROR file not found: /tmp/192.168.215.207.log
ERROR connection timeout 503
INFO processed 192.168.9.50 items
INFO user 192.168.39.155 logged in
FATAL segfault at address 0x192.168.178.6
ERROR file not found: /tmp/192.168.215.207.log
DEBUG cache hit for key=192.168.215.207
DEBUG entering function foo
INFO processed 192.168.82.31 items
FATAL unrecoverable disk error
WARN retry attempt 192.168.57.185 for 11263
FATAL segfault at address 0x192.168.189.144
FATAL segfault at address 0x192.168.211.158
WARN memory threshold reached: 192.168.229.48MB
INFO user 192.168.197.186 logged in
WARN retry attempt 192.168.215.207 for 45574
ERROR null pointer in module 192.168.211.158
FATAL out of memory
FATAL unrecoverable disk error
INFO request from 192.168.219.168
ERROR file not found: /tmp/192.168.39.155.log
ERROR connection timeout 503
INFO user 192.168.178.215 logged in
DEBUG variable x=192.168.197.186
WARN slow query: 192.168.229.48ms
INFO connection established
ERROR null pointer in module 192.168.142.104
ERROR connection timeout 503
WARN slow query: 192.168.219.168ms
ERROR auth failure for user 192.168.141.220
FATAL kernel panic
INFO request from 192.168.193.243
ERROR auth failure for user 192.168.121.141
INFO connection established
WARN disk usage 192.168.121.141%
ERROR file not found: /tmp/192.168.219.168.log
ERROR connection timeout 503
ERROR connection timeout 503
FATAL unrecoverable disk error
DEBUG variable x=192.168.107.168
WARN memory threshold reached: 192.168.215.207MB
DEBUG entering function foo
DEBUG variable x=192.168.178.215
FATAL unrecoverable disk error
INFO request from 192.168.219.168
FATAL unrecoverable disk error
WARN disk usage 192.168.141.220%
DEBUG cache hit for key=192.168.193.243
FATAL unrecoverable disk error
INFO processed 192.168.82.31 items
ERROR auth failure for user 192.168.211.158
WARN memory threshold reached: 192.168.60.30MB
DEBUG entering function foo
FATAL unrecoverable disk error
FATAL kernel panic
ERROR null pointer in module 192.168.39.155
INFO request from 192.168.57.185
DEBUG variable x=192.168.36.209
DEBUG entering function foo
ERROR null pointer in module 192.168.211.158
INFO processed 192.168.39.155 items
DEBUG cache hit for key=192.168.82.31
DEBUG heap size: 192.168.211.158
DEBUG entering function foo
ERROR null pointer in module 192.168.121.141
INFO user 192.168.60.30 logged in
DEBUG heap size: 192.168.39.155
ERROR connection timeout 503
WARN retry attempt 192.168.142.104 for 5849
WARN memory threshold reached: 192.168.82.31MB
WARN slow query: 192.168.193.243ms
DEBUG entering function foo
DEBUG entering function foo
DEBUG variable x=192.168.142.104
ERROR file not found: /tmp/192.168.141.220.log
FATAL kernel panic
ERROR connection timeout 503
WARN slow query: 192.168.215.207ms
WARN disk usage 192.168.92.139%
ERROR auth failure for user 192.168.197.186
ERROR file not found: /tmp/192.168.121.141.log
INFO request from 192.168.92.139
INFO processed 192.168.141.220 items
ERROR null pointer in module 192.168.229.48
INFO connection established
ERROR null pointer in module 192.168.178.215
WARN slow query: 192.168.229.48ms
DEBUG variable x=192.168.107.168
WARN disk usage 192.168.36.209%
FATAL out of memory
ERROR connection timeout 503
INFO user 192.168.36.209 logged in
FATAL kernel panic
INFO connection established
ERROR null pointer in module 192.168.36.209
ERROR connection timeout 503
FATAL kernel panic
ERROR connection timeout 503
DEBUG variable x=192.168.197.186
INFO connection established
DEBUG entering function foo
INFO processed 192.168.107.168 items
ERROR file not found: /tmp/192.168.229.48.log
WARN memory threshold reached: 192.168.229.48MB
ERROR file not found: /tmp/192.168.178.6.log
INFO request from 192.168.36.209
INFO processed 192.168.141.220 items
ERROR auth failure for user 192.168.92.139
INFO processed 192.168.197.186 items
DEBUG variable x=192.168.215.207
DEBUG variable x=192.168.57.185
DEBUG entering function foo
FATAL kernel panic
DEBUG cache hit for key=192.168.82.31
WARN slow query: 192.168.107.168ms
ERROR null pointer in module 192.168.57.185
WARN memory threshold reached: 192.168.215.207MB
ERROR null pointer in module 192.168.142.104
INFO user 192.168.60.30 logged in
WARN slow query: 192.168.178.6ms
FATAL out of memory
INFO connection established
WARN retry attempt 192.168.193.243 for 89381
INFO request from 192.168.178.215
FATAL unrecoverable disk error
ERROR auth failure for user 192.168.189.144
ERROR auth failure for user 192.168.142.104
WARN memory threshold reached: 192.168.219.168MB
FATAL unrecoverable disk error
ERROR auth failure for user 192.168.219.168
WARN retry attempt 192.168.141.220 for 26203
INFO user 192.168.211.158 logged in
WARN memory threshold reached: 192.168.39.155MB
DEBUG variable x=192.168.219.168
DEBUG heap size: 192.168.193.243
INFO connection established
WARN disk usage 192.168.219.168%
INFO user 192.168.60.30 logged in
ERROR null pointer in module 192.168.215.207
WARN retry attempt 192.168.193.243 for 9524
FATAL unrecoverable disk error
WARN retry attempt 192.168.141.220 for 38014
FATAL out of memory
INFO processed 192.168.82.31 items
WARN slow query: 192.168.107.168ms
WARN slow query: 192.168.141.220ms
WARN retry attempt 192.168.39.155 for 93133
DEBUG cache hit for key=192.168.60.30
FATAL out of memory
WARN retry attempt 192.168.82.31 for 67007
DEBUG variable x=192.168.189.144
ERROR null pointer in module 192.168.107.168
DEBUG entering function foo
FATAL unrecoverable disk error
DEBUG variable x=192.168.92.139
ERROR null pointer in module 192.168.178.6
FATAL kernel panic
DEBUG heap size: 192.168.211.158
FATAL out of memory
FATAL segfault at address 0x192.168.60.30
WARN retry attempt 192.168.92.139 for 30780
INFO processed 192.168.215.207 items
WARN disk usage 192.168.189.144%
ERROR file not found: /tmp/192.168.178.6.log
INFO user 192.168.219.168 logged in
FATAL kernel panic
WARN memory threshold reached: 192.168.178.215MB
ERROR auth failure for user 192.168.189.144
ERROR null pointer in module 192.168.107.168
DEBUG entering function foo
WARN retry attempt 192.168.197.186 for 90132
DEBUG heap size: 192.168.178.6
WARN disk usage 192.168.215.207%
WARN disk usage 192.168.197.186%
DEBUG cache hit for key=192.168.82.31
DEBUG variable x=192.168.215.207
DEBUG entering function foo
FATAL kernel panic
FATAL unrecoverable disk error
FATAL out of memory
DEBUG heap size: 192.168.57.185
ERROR auth failure for user 192.168.60.30
WARN retry attempt 192.168.197.186 for 60399
WARN disk usage 192.168.178.6%
WARN slow query: 192.168.9.50ms
WARN disk usage 192.168.197.186%
ERROR connection timeout 503
FATAL kernel panic
WARN slow query: 192.168.36.209ms
INFO processed 192.168.9.50 items
INFO processed 192.168.211.158 items
INFO user 192.168.178.215 logged in
INFO user 192.168.9.50 logged in
WARN memory threshold reached: 192.168.142.104MB
WARN memory threshold reached: 192.168.193.243MB
ERROR connection timeout 503
INFO processed 192.168.121.141 items
ERROR auth failure for user 192.168.82.31
INFO connection established
DEBUG heap size: 192.168.9.50
ERROR null pointer in module 192.168.141.220
FATAL kernel panic
WARN memory threshold reached: 192.168.215.207MB
WARN memory threshold reached: 192.168.36.209MB
INFO request from 192.168.60.30
WARN disk usage 192.168.229.48%
WARN memory threshold reached: 192.168.178.6MB
DEBUG entering function foo
FATAL out of memory
WARN disk usage 192.168.219.168%
WARN retry attempt 192.168.141.220 for 29086
FATAL segfault at address 0x192.168.107.168
WARN memory threshold reached: 192.168.141.220MB
ERROR auth failure for user 192.168.219.168
DEBUG cache hit for key=192.168.57.185
INFO connection established
FATAL out of memory
INFO user 192.168.215.207 logged in
DEBUG heap size: 192.168.60.30
FATAL segfault at address 0x192.168.211.158
DEBUG variable x=192.168.142.104
FATAL segfault at address 0x192.168.219.168
FATAL segfault at address 0x192.168.142.104
FATAL out of memory
FATAL out of memory
ERROR connection timeout 503
WARN retry attempt 192.168.189.144 for 87301
WARN slow query: 192.168.36.209ms
WARN slow query: 192.168.142.104ms
ERROR connection timeout 503
ERROR auth failure for user 192.168.229.48
INFO connection established
WARN retry attempt 192.168.57.185 for 87389
INFO processed 192.168.219.168 items
FATAL out of memory
DEBUG entering function foo
INFO processed 192.168.219.168 items
ERROR null pointer in module 192.168.107.168
ERROR file not found: /tmp/192.168.141.220.log
WARN retry attempt 192.168.178.215 for 56491
DEBUG variable x=192.168.39.155
FATAL unrecoverable disk error
FATAL unrecoverable disk error
INFO connection established
DEBUG entering function foo
INFO processed 192.168.215.207 items
ERROR auth failure for user 192.168.178.215
FATAL kernel panic
ERROR null pointer in module 192.168.229.48
WARN memory threshold reached: 192.168.36.209MB
WARN slow query: 192.168.142.104ms
DEBUG heap size: 192.168.229.48
WARN slow query: 192.168.36.209ms
INFO user 192.168.39.155 logged in
WARN slow query: 192.168.92.139ms
FATAL segfault at address 0x192.168.141.220
WARN retry attempt 192.168.9.50 for 14100
ERROR file not found: /tmp/192.168.39.155.log
DEBUG entering function foo
FATAL unrecoverable disk error
ERROR connection timeout 503
INFO processed 192.168.121.141 items
ERROR null pointer in module 192.168.9.50
WARN disk usage 192.168.142.104%
ERROR connection timeout 503
INFO user 192.168.9.50 logged in
FATAL out of memory
WARN memory threshold reached: 192.168.142.104MB
INFO request from 192.168.219.168
ERROR auth failure for user 192.168.215.207
DEBUG cache hit for key=192.168.178.6
FATAL out of memory
INFO connection established
INFO request from 192.168.178.215
FATAL kernel panic
FATAL segfault at address 0x192.168.178.215
FATAL segfault at address 0x192.168.178.215
ERROR null pointer in module 192.168.215.207
WARN slow query: 192.168.36.209ms
INFO user 192.168.178.6 logged in
ERROR auth failure for user 192.168.82.31
FATAL out of memory
DEBUG variable x=192.168.215.207
ERROR connection timeout 503
INFO user 192.168.219.168 logged in
ERROR connection timeout 503
FATAL unrecoverable disk error
FATAL out of memory
FATAL segfault at address 0x192.168.229.48
FATAL unrecoverable disk error
WARN slow query: 192.168.197.186ms
FATAL segfault at address 0x192.168.39.155
INFO request from 192.168.107.168
INFO request from 192.168.39.155
INFO request from 192.168.193.243
WARN memory threshold reached: 192.168.107.168MB
ERROR null pointer in module 192.168.121.141
WARN memory threshold reached: 192.168.57.185MB
ERROR auth failure for user 192.168.211.158
DEBUG variable x=192.168.9.50
DEBUG variable x=192.168.82.31
DEBUG heap size: 192.168.178.6
DEBUG cache hit for key=192.168.36.209
WARN disk usage 192.168.197.186%
WARN retry attempt 192.168.36.209 for 40013
ERROR connection timeout 503
WARN memory threshold reached: 192.168.219.168MB
WARN disk usage 192.168.215.207%
DEBUG cache hit for key=192.168.121.141
INFO request from 192.168.197.186
DEBUG heap size: 192.168.197.186
ERROR connection timeout 503
WARN memory threshold reached: 192.168.178.215MB
ERROR null pointer in module 192.168.36.209
DEBUG entering function foo
DEBUG heap size: 192.168.197.186
INFO connection established
ERROR null pointer in module 192.168.141.220
DEBUG entering function foo
ERROR auth failure for user 192.168.178.6
ERROR null pointer in module 192.168.57.185
INFO request from 192.168.178.215
DEBUG entering function foo
FATAL unrecoverable disk error
ERROR null pointer in module 192.168.193.243
WARN retry attempt 192.168.92.139 for 83000
ERROR connection timeout 503
DEBUG entering function foo
INFO connection established
ERROR file not found: /tmp/192.168.121.141.log
INFO user 192.168.142.104 logged in
ERROR file not found: /tmp/192.168.82.31.log
INFO request from 192.168.197.186
DEBUG variable x=192.168.211.158
DEBUG entering function foo
WARN retry attempt 192.168.57.185 for 22608
INFO user 192.168.9.50 logged in
INFO connection established
WARN retry attempt 192.168.82.31 for 79241
WARN slow query: 192.168.197.186ms
WARN disk usage 192.168.193.243%
FATAL out of memory
INFO request from 192.168.36.209
DEBUG cache hit for key=192.168.215.207
WARN disk usage 192.168.178.215%
FATAL kernel panic
INFO processed 192.168.178.6 items
DEBUG entering function foo
WARN disk usage 192.168.178.215%
ERROR file not found: /tmp/192.168.82.31.log
FATAL unrecoverable disk error
FATAL out of memory
DEBUG heap size: 192.168.142.104
FATAL unrecoverable disk error
WARN retry attempt 192.168.92.139 for 76705
ERROR auth failure for user 192.168.219.168
DEBUG cache hit for key=192.168.189.144
ERROR connection timeout 503
INFO request from 192.168.39.155
ERROR null pointer in module 192.168.57.185
ERROR auth failure for user 192.168.57.185
DEBUG heap size: 192.168.211.158
ERROR null pointer in module 192.168.189.144
INFO connection established
DEBUG variable x=192.168.57.185
DEBUG variable x=192.168.215.207
DEBUG entering function foo
WARN disk usage 192.168.178.6%
DEBUG variable x=192.168.39.155
WARN retry attempt 192.168.107.168 for 19630
INFO processed 192.168.57.185 items
INFO user 192.168.219.168 logged in
FATAL kernel panic
FATAL out of memory
ERROR file not found: /tmp/192.168.82.31.log
DEBUG entering function foo
INFO processed 192.168.229.48 items
ERROR auth failure for user 192.168.178.6
FATAL kernel panic
FATAL unrecoverable disk error
DEBUG heap size: 192.168.197.186
WARN memory threshold reached: 192.168.60.30MB
INFO processed 192.168.60.30 items
INFO request from 192.168.229.48
DEBUG variable x=192.168.178.215
ERROR connection timeout 503
INFO request from 192.168.219.168
DEBUG heap size: 192.168.82.31
ERROR file not found: /tmp/192.168.121.141.log
INFO request from 192.168.107.168
FATAL out of memory
WARN disk usage 192.168.193.243%
FATAL segfault at address 0x192.168.189.144
DEBUG variable x=192.168.92.139
ERROR connection timeout 503
ERROR connection timeout 503
INFO connection established
DEBUG cache hit for key=192.168.193.243
ERROR connection timeout 503
DEBUG cache hit for key=192.168.60.30
DEBUG cache hit for key=192.168.229.48
WARN memory threshold reached: 192.168.193.243MB
FATAL unrecoverable disk error
WARN memory threshold reached: 192.168.193.243MB
ERROR null pointer in module 192.168.178.215
FATAL segfault at address 0x192.168.9.50
ERROR file not found: /tmp/192.168.229.48.log
INFO user 192.168.215.207 logged in
DEBUG entering function foo
ERROR auth failure for user 192.168.36.209
INFO request from 192.168.82.31
WARN memory threshold reached: 192.168.142.104MB
DEBUG cache hit for key=192.168.178.6
FATAL unrecoverable disk error
INFO connection established
DEBUG cache hit for key=192.168.141.220
FATAL unrecoverable disk error
DEBUG variable x=192.168.36.209
FATAL segfault at address 0x192.168.197.186
INFO connection established
ERROR auth failure for user 192.168.121.141
DEBUG variable x=192.168.215.207
WARN slow query: 192.168.121.141ms
FATAL unrecoverable disk error
FATAL segfault at address 0x192.168.92.139
FATAL out of memory
ERROR null pointer in module 192.168.107.168
INFO processed 192.168.141.220 items
INFO user 192.168.178.215 logged in
ERROR file not found: /tmp/192.168.193.243.log
WARN slow query: 192.168.82.31ms
WARN slow query: 192.168.178.6ms
WARN retry attempt 192.168.107.168 for 58774
INFO processed 192.168.193.243 items
WARN disk usage 192.168.178.215%
ERROR auth failure for user 192.168.178.215
INFO request from 192.168.211.158
INFO processed 192.168.142.104 items
ERROR connection timeout 503
FATAL segfault at address 0x192.168.36.209
ERROR connection timeout 503
DEBUG cache hit for key=192.168.211.158
DEBUG cache hit for key=192.168.219.168
WARN retry attempt 192.168.141.220 for 11047
DEBUG cache hit for key=192.168.193.243
DEBUG entering function foo
WARN slow query: 192.168.121.141ms
WARN memory threshold reached: 192.168.60.30MB
ERROR null pointer in module 192.168.178.6
WARN disk usage 192.168.57.185%
DEBUG heap size: 192.168.211.158
WARN retry attempt 192.168.197.186 for 93560
INFO user 192.168.92.139 logged in
FATAL segfault at address 0x192.168.141.220
FATAL segfault at address 0x192.168.193.243
WARN slow query: 192.168.193.243ms
FATAL kernel panic
FATAL unrecoverable disk error
ERROR auth failure for user 192.168.211.158
INFO request from 192.168.229.48
DEBUG heap size: 192.168.197.186
ERROR connection timeout 503
ERROR connection timeout 503
WARN disk usage 192.168.215.207%
INFO user 192.168.178.6 logged in
DEBUG heap size: 192.168.211.158
INFO processed 192.168.60.30 items
ERROR file not found: /tmp/192.168.197.186.log
WARN disk usage 192.168.121.141%
ERROR null pointer in module 192.168.39.155
INFO request from 192.168.197.186
FATAL out of memory
WARN disk usage 192.168.121.141%
DEBUG heap size: 192.168.9.50
FATAL unrecoverable disk error
ERROR auth failure for user 192.168.219.168
INFO connection established
WARN retry attempt 192.168.92.139 for 84691
INFO request from 192.168.36.209
DEBUG heap size: 192.168.121.141
WARN retry attempt 192.168.92.139 for 7823
DEBUG variable x=192.168.9.50
DEBUG entering function foo
FATAL unrecoverable disk error
FATAL kernel panic
FATAL out of memory
DEBUG cache hit for key=192.168.107.168
FATAL out of memory
WARN retry attempt 192.168.107.168 for 43635
DEBUG variable x=192.168.178.215
ERROR connection timeout 503
WARN slow query: 192.168.92.139ms
WARN retry attempt 192.168.39.155 for 76559
ERROR file not found: /tmp/192.168.92.139.log
WARN slow query: 192.168.36.209ms
INFO request from 192.168.107.168
WARN disk usage 192.168.141.220%
ERROR file not found: /tmp/192.168.229.48.log
INFO request from 192.168.39.155
ERROR connection timeout 503
WARN memory threshold reached: 192.168.141.220MB
ERROR null pointer in module 192.168.9.50
DEBUG cache hit for key=192.168.193.243
INFO request from 192.168.229.48
DEBUG heap size: 192.168.92.139
FATAL kernel panic
DEBUG heap size: 192.168.92.139
DEBUG variable x=192.168.57.185
FATAL kernel panic
FATAL unrecoverable disk error
FATAL unrecoverable disk error
ERROR auth failure for user 192.168.9.50
DEBUG cache hit for key=192.168.9.50
WARN slow query: 192.168.215.207ms
DEBUG variable x=192.168.82.31
DEBUG cache hit for key=192.168.121.141
FATAL unrecoverable disk error
WARN retry attempt 192.168.60.30 for 26571
INFO processed 192.168.121.141 items
INFO user 192.168.107.168 logged in
WARN disk usage 192.168.107.168%
ERROR auth failure for user 192.168.9.50
FATAL out of memory
WARN retry attempt 192.168.9.50 for 87029
WARN disk usage 192.168.36.209%
DEBUG heap size: 192.168.9.50
WARN slow query: 192.168.219.168ms
FATAL unrecoverable disk error
WARN disk usage 192.168.57.185%
ERROR auth failure for user 192.168.229.48
DEBUG heap size: 192.168.57.185
FATAL segfault at address 0x192.168.211.158
DEBUG heap size: 192.168.39.155
DEBUG variable x=192.168.215.207
DEBUG entering function foo
DEBUG heap size: 192.168.189.144
INFO connection established
DEBUG heap size: 192.168.92.139
INFO processed 192.168.193.243 items
FATAL segfault at address 0x192.168.82.31
WARN memory threshold reached: 192.168.121.141MB
INFO processed 192.168.39.155 items
ERROR file not found: /tmp/192.168.189.144.log
WARN memory threshold reached: 192.168.9.50MB
FATAL out of memory
FATAL segfault at address 0x192.168.178.215
INFO connection established
DEBUG heap size: 192.168.215.207
ERROR auth failure for user 192.168.178.215
DEBUG heap size: 192.168.178.6
INFO request from 192.168.60.30
FATAL unrecoverable disk error
ERROR auth failure for user 192.168.178.6
FATAL unrecoverable disk error
WARN retry attempt 192.168.39.155 for 34788
DEBUG variable x=192.168.178.6
DEBUG entering function foo
ERROR connection timeout 503
DEBUG cache hit for key=192.168.211.158
FATAL unrecoverable disk error
DEBUG variable x=192.168.39.155
DEBUG entering function foo
DEBUG entering function foo
FATAL kernel panic
DEBUG heap size: 192.168.219.168
INFO request from 192.168.215.207
ERROR auth failure for user 192.168.121.141
WARN disk usage 192.168.229.48%
ERROR null pointer in module 192.168.39.155
INFO user 192.168.211.158 logged in
FATAL unrecoverable disk error
WARN disk usage 192.168.60.30%
WARN retry attempt 192.168.189.144 for 55689
ERROR null pointer in module 192.168.229.48
ERROR file not found: /tmp/192.168.197.186.log
ERROR null pointer in module 192.168.57.185
DEBUG heap size: 192.168.193.243
DEBUG heap size: 192.168.219.168
ERROR auth failure for user 192.168.39.155
ERROR auth failure for user 192.168.141.220
FATAL segfault at address 0x192.168.219.168
FATAL kernel panic
WARN slow query: 192.168.60.30ms
FATAL out of memory
DEBUG cache hit for key=192.168.197.186
FATAL segfault at address 0x192.168.92.139
ERROR file not found: /tmp/192.168.9.50.log
INFO request from 192.168.107.168
INFO user 192.168.39.155 logged in
FATAL unrecoverable disk error
FATAL segfault at address 0x192.168.193.243
FATAL segfault at address 0x192.168.82.31
ERROR file not found: /tmp/192.168.39.155.log
WARN retry attempt 192.168.36.209 for 40211
ERROR connection timeout 503
INFO request from 192.168.92.139
WARN disk usage 192.168.211.158%
INFO processed 192.168.189.144 items
WARN memory threshold reached: 192.168.92.139MB
DEBUG entering function foo
ERROR file not found: /tmp/192.168.178.6.log
WARN memory threshold reached: 192.168.178.215MB
INFO processed 192.168.142.104 items
DEBUG heap size: 192.168.141.220
INFO connection established
ERROR auth failure for user 192.168.229.48
INFO request from 192.168.107.168
ERROR auth failure for user 192.168.219.168
FATAL segfault at address 0x192.168.107.168
DEBUG entering function foo
DEBUG heap size: 192.168.193.243
ERROR auth failure for user 192.168.141.220
FATAL kernel panic
WARN memory threshold reached: 192.168.211.158MB
FATAL unrecoverable disk error
FATAL unrecoverable disk error
WARN disk usage 192.168.219.168%
INFO connection established
FATAL segfault at address 0x192.168.142.104
ERROR connection timeout 503
WARN slow query: 192.168.60.30ms
INFO processed 192.168.82.31 items
WARN memory threshold reached: 192.168.82.31MB
FATAL segfault at address 0x192.168.60.30
INFO processed 192.168.60.30 items
DEBUG variable x=192.168.107.168
ERROR file not found: /tmp/192.168.215.207.log
INFO processed 192.168.39.155 items
ERROR file not found: /tmp/192.168.39.155.log
INFO connection established
DEBUG entering function foo
INFO connection established
FATAL segfault at address 0x192.168.229.48
FATAL unrecoverable disk error
INFO request from 192.168.121.141
DEBUG cache hit for key=192.168.92.139
DEBUG entering function foo
INFO user 192.168.121.141 logged in
ERROR auth failure for user 192.168.189.144
ERROR file not found: /tmp/192.168.36.209.log
INFO request from 192.168.197.186
WARN slow query: 192.168.60.30ms
DEBUG variable x=192.168.107.168
ERROR auth failure for user 192.168.36.209
INFO connection established
INFO connection established
WARN disk usage 192.168.215.207%
FATAL out of memory
WARN disk usage 192.168.215.207%
INFO processed 192.168.92.139 items
FATAL unrecoverable disk error
ERROR connection timeout 503
FATAL segfault at address 0x192.168.82.31
FATAL out of memory
ERROR auth failure for user 192.168.142.104
FATAL segfault at address 0x192.168.36.209
INFO user 192.168.215.207 logged in
WARN slow query: 192.168.57.185ms
DEBUG entering function foo
FATAL segfault at address 0x192.168.92.139
WARN retry attempt 192.168.121.141 for 69336
ERROR connection timeout 503
DEBUG cache hit for key=192.168.219.168
INFO processed 192.168.92.139 items
FATAL segfault at address 0x192.168.211.158
ERROR auth failure for user 192.168.107.168
FATAL segfault at address 0x192.168.57.185
WARN disk usage 192.168.82.31%
WARN slow query: 192.168.211.158ms
WARN disk usage 192.168.211.158%
WARN slow query: 192.168.178.6ms
FATAL unrecoverable disk error
FATAL segfault at address 0x192.168.229.48
FATAL unrecoverable disk error
WARN disk usage 192.168.92.139%
WARN slow query: 192.168.189.144ms
INFO request from 192.168.197.186
ERROR null pointer in module 192.168.219.168
FATAL unrecoverable disk error
DEBUG entering function foo
FATAL unrecoverable disk error
FATAL unrecoverable disk error
FATAL kernel panic
ERROR connection timeout 503
INFO request from 192.168.178.6
ERROR null pointer in module 192.168.193.243
INFO user 192.168.197.186 logged in
FATAL unrecoverable disk error
WARN slow query: 192.168.141.220ms
FATAL segfault at address 0x192.168.211.158
ERROR null pointer in module 192.168.141.220
WARN memory threshold reached: 192.168.9.50MB
INFO request from 192.168.189.144
FATAL segfault at address 0x192.168.39.155
DEBUG variable x=192.168.178.6
INFO request from 192.168.178.215
FATAL kernel panic
WARN retry attempt 192.168.57.185 for 15349
WARN slow query: 192.168.141.220ms
DEBUG cache hit for key=192.168.92.139
ERROR file not found: /tmp/192.168.178.6.log
WARN slow query: 192.168.141.220ms
INFO user 192.168.229.48 logged in
ERROR connection timeout 503
FATAL segfault at address 0x192.168.107.168
WARN disk usage 192.168.197.186%
ERROR file not found: /tmp/192.168.57.185.log
WARN retry attempt 192.168.219.168 for 46491
FATAL kernel panic
DEBUG entering function foo
FATAL unrecoverable disk error
FATAL segfault at address 0x192.168.57.185
FATAL segfault at address 0x192.168.141.220
DEBUG cache hit for key=192.168.189.144
DEBUG heap size: 192.168.60.30
DEBUG variable x=192.168.215.207
FATAL kernel panic
INFO request from 192.168.82.31
FATAL unrecoverable disk error
INFO processed 192.168.193.243 items
WARN retry attempt 192.168.211.158 for 9959
ERROR file not found: /tmp/192.168.142.104.log
INFO request from 192.168.60.30
INFO request from 192.168.107.168
WARN retry attempt 192.168.9.50 for 54882
WARN retry attempt 192.168.60.30 for 31791
DEBUG entering function foo
WARN disk usage 192.168.197.186%
WARN disk usage 192.168.107.168%
DEBUG variable x=192.168.219.168
WARN slow query: 192.168.57.185ms
INFO processed 192.168.229.48 items
DEBUG cache hit for key=192.168.178.215
DEBUG cache hit for key=192.168.141.220
DEBUG heap size: 192.168.141.220
DEBUG heap size: 192.168.193.243
FATAL unrecoverable disk error
ERROR null pointer in module 192.168.211.158
FATAL kernel panic
DEBUG heap size: 192.168.197.186
INFO processed 192.168.82.31 items
DEBUG cache hit for key=192.168.36.209
ERROR auth failure for user 192.168.211.158
ERROR file not found: /tmp/192.168.57.185.log
ERROR auth failure for user 192.168.211.158
DEBUG heap size: 192.168.142.104
DEBUG cache hit for key=192.168.36.209
FATAL segfault at address 0x192.168.141.220
WARN slow query: 192.168.193.243ms
WARN slow query: 192.168.141.220ms
DEBUG entering function foo
DEBUG variable x=192.168.229.48
ERROR file not found: /tmp/192.168.36.209.log
FATAL segfault at address 0x192.168.193.243
ERROR null pointer in module 192.168.211.158
INFO request from 192.168.219.168
FATAL out of memory
ERROR connection timeout 503
DEBUG variable x=192.168.211.158
INFO user 192.168.121.141 logged in
ERROR auth failure for user 192.168.121.141
DEBUG variable x=192.168.211.158
ERROR auth failure for user 192.168.57.185
WARN retry attempt 192.168.57.185 for 27459
FATAL kernel panic
WARN memory threshold reached: 192.168.57.185MB
DEBUG entering function foo
WARN retry attempt 192.168.39.155 for 30927
WARN retry attempt 192.168.189.144 for 80023
ERROR auth failure for user 192.168.211.158
INFO processed 192.168.9.50 items
ERROR auth failure for user 192.168.141.220
FATAL kernel panic
ERROR null pointer in module 192.168.39.155
INFO connection established
FATAL segfault at address 0x192.168.211.158
WARN disk usage 192.168.193.243%
DEBUG variable x=192.168.36.209
ERROR connection timeout 503
FATAL out of memory
INFO processed 192.168.141.220 items
FATAL segfault at address 0x192.168.178.6
ERROR connection timeout 503
WARN memory threshold reached: 192.168.229.48MB
FATAL out of memory
ERROR null pointer in module 192.168.178.215
ERROR connection timeout 503
WARN slow query: 192.168.229.48ms
ERROR auth failure for user 192.168.92.139
ERROR null pointer in module 192.168.193.243
ERROR null pointer in module 192.168.82.31
INFO user 192.168.229.48 logged in
WARN disk usage 192.168.211.158%
INFO processed 192.168.178.6 items
FATAL unrecoverable disk error
INFO connection established
DEBUG heap size: 192.168.178.6
WARN retry attempt 192.168.57.185 for 85529
DEBUG cache hit for key=192.168.219.168
INFO processed 192.168.121.141 items
ERROR auth failure for user 192.168.219.168
ERROR null pointer in module 192.168.178.215
INFO request from 192.168.9.50
DEBUG entering function foo
ERROR file not found: /tmp/192.168.60.30.log
INFO processed 192.168.60.30 items
FATAL kernel panic
ERROR file not found: /tmp/192.168.107.168.log
INFO connection established
FATAL kernel panic
ERROR file not found: /tmp/192.168.39.155.log
FATAL kernel panic
INFO request from 192.168.142.104
DEBUG entering function foo
WARN retry attempt 192.168.121.141 for 89132
WARN disk usage 192.168.141.220%
ERROR file not found: /tmp/192.168.57.185.log
FATAL segfault at address 0x192.168.178.6
INFO processed 192.168.178.215 items
FATAL unrecoverable disk error
FATAL kernel panic
DEBUG cache hit for key=192.168.121.141
INFO request from 192.168.57.185
DEBUG entering function foo
DEBUG cache hit for key=192.168.193.243
FATAL segfault at address 0x192.168.193.243
INFO user 192.168.178.215 logged in
WARN disk usage 192.168.215.207%
ERROR auth failure for user 192.168.92.139
DEBUG heap size: 192.168.57.185
WARN memory threshold reached: 192.168.141.220MB
DEBUG variable x=192.168.92.139
DEBUG cache hit for key=192.168.215.207
INFO request from 192.168.82.31
INFO processed 192.168.36.209 items
WARN memory threshold reached: 192.168.219.168MB
FATAL kernel panic
INFO processed 192.168.189.144 items
DEBUG entering function foo
DEBUG cache hit for key=192.168.36.209
WARN memory threshold reached: 192.168.229.48MB
ERROR null pointer in module 192.168.189.144
WARN slow query: 192.168.197.186ms
WARN slow query: 192.168.219.168ms
FATAL unrecoverable disk error
DEBUG heap size: 192.168.178.6
INFO user 192.168.57.185 logged in
WARN slow query: 192.168.60.30ms
FATAL segfault at address 0x192.168.215.207
WARN memory threshold reached: 192.168.211.158MB
INFO user 192.168.178.215 logged in
FATAL out of memory
WARN memory threshold reached: 192.168.211.158MB
FATAL out of memory
FATAL unrecoverable disk error
FATAL out of memory
FATAL out of memory
ERROR null pointer in module 192.168.229.48
FATAL unrecoverable disk error
FATAL out of memory
ERROR auth failure for user 192.168.92.139
ERROR connection timeout 503
WARN memory threshold reached: 192.168.211.158MB
DEBUG entering function foo
FATAL kernel panic
DEBUG entering function foo
WARN slow query: 192.168.36.209ms
WARN memory threshold reached: 192.168.193.243MB
FATAL unrecoverable disk error
WARN disk usage 192.168.57.185%
DEBUG variable x=192.168.178.215
WARN memory threshold reached: 192.168.215.207MB
DEBUG variable x=192.168.142.104
DEBUG cache hit for key=192.168.142.104
WARN memory threshold reached: 192.168.107.168MB
DEBUG heap size: 192.168.197.186
ERROR null pointer in module 192.168.142.104
DEBUG variable x=192.168.178.6
DEBUG heap size: 192.168.57.185
ERROR connection timeout 503
WARN retry attempt 192.168.39.155 for 57065
WARN slow query: 192.168.197.186ms
DEBUG heap size: 192.168.57.185
FATAL out of memory
DEBUG variable x=192.168.215.207
WARN slow query: 192.168.82.31ms
DEBUG entering function foo
FATAL out of memory
FATAL kernel panic
ERROR file not found: /tmp/192.168.178.6.log
INFO processed 192.168.141.220 items
INFO user 192.168.9.50 logged in
ERROR file not found: /tmp/192.168.193.243.log
FATAL kernel panic
INFO user 192.168.9.50 logged in
ERROR file not found: /tmp/192.168.178.215.log
ERROR connection timeout 503
ERROR null pointer in module 192.168.141.220
FATAL unrecoverable disk error
FATAL out of memory
DEBUG variable x=192.168.193.243
ERROR null pointer in module 192.168.211.158
INFO user 192.168.36.209 logged in
DEBUG cache hit for key=192.168.219.168
WARN disk usage 192.168.215.207%
WARN retry attempt 192.168.39.155 for 71729
WARN disk usage 192.168.39.155%
INFO processed 192.168.36.209 items
FATAL out of memory
DEBUG heap size: 192.168.36.209
INFO connection established
WARN memory threshold reached: 192.168.211.158MB
FATAL unrecoverable disk error
FATAL out of memory
ERROR connection timeout 503
FATAL unrecoverable disk error
DEBUG entering function foo
ERROR null pointer in module 192.168.178.215
WARN disk usage 192.168.92.139%
ERROR auth failure for user 192.168.92.139
WARN slow query: 192.168.60.30ms
WARN disk usage 192.168.197.186%
ERROR file not found: /tmp/192.168.141.220.log
DEBUG cache hit for key=192.168.219.168
INFO request from 192.168.36.209
FATAL kernel panic
ERROR auth failure for user 192.168.229.48
DEBUG variable x=192.168.211.158
DEBUG cache hit for key=192.168.60.30
ERROR connection timeout 503
DEBUG variable x=192.168.57.185
FATAL unrecoverable disk error
WARN retry attempt 192.168.211.158 for 62758
WARN disk usage 192.168.178.6%
INFO user 192.168.229.48 logged in
WARN disk usage 192.168.9.50%
DEBUG variable x=192.168.229.48
WARN disk usage 192.168.142.104%
INFO processed 192.168.36.209 items
DEBUG variable x=192.168.211.158
WARN disk usage 192.168.219.168%
INFO connection established
WARN memory threshold reached: 192.168.229.48MB
INFO user 192.168.39.155 logged in
ERROR connection timeout 503
DEBUG cache hit for key=192.168.142.104
WARN disk usage 192.168.142.104%
DEBUG heap size: 192.168.82.31
DEBUG variable x=192.168.60.30
INFO user 192.168.82.31 logged in
ERROR null pointer in module 192.168.107.168
INFO processed 192.168.60.30 items
DEBUG entering function foo
FATAL segfault at address 0x192.168.178.6
INFO connection established
DEBUG variable x=192.168.142.104
DEBUG variable x=192.168.57.185
DEBUG heap size: 192.168.178.6
ERROR connection timeout 503
ERROR connection timeout 503
WARN slow query: 192.168.141.220ms
DEBUG entering function foo
WARN retry attempt 192.168.82.31 for 37404
WARN slow query: 192.168.60.30ms
ERROR file not found: /tmp/192.168.178.215.log
DEBUG entering function foo
DEBUG heap size: 192.168.229.48
INFO request from 192.168.178.215
FATAL segfault at address 0x192.168.9.50
DEBUG variable x=192.168.121.141
FATAL out of memory
ERROR auth failure for user 192.168.142.104
WARN disk usage 192.168.193.243%
INFO processed 192.168.60.30 items
FATAL segfault at address 0x192.168.189.144
DEBUG heap size: 192.168.211.158
INFO user 192.168.57.185 logged in
WARN slow query: 192.168.197.186ms
ERROR connection timeout 503
WARN slow query: 192.168.229.48ms
WARN disk usage 192.168.141.220%
WARN retry attempt 192.168.178.215 for 15912
DEBUG entering function foo
INFO processed 192.168.142.104 items
DEBUG variable x=192.168.229.48
ERROR auth failure for user 192.168.36.209
DEBUG heap size: 192.168.39.155
FATAL segfault at address 0x192.168.178.215
INFO processed 192.168.121.141 items
INFO request from 192.168.60.30
ERROR null pointer in module 192.168.142.104
DEBUG cache hit for key=192.168.229.48
FATAL unrecoverable disk error
FATAL unrecoverable disk error
FATAL segfault at address 0x192.168.36.209
ERROR connection timeout 503
INFO processed 192.168.211.158 items
FATAL out of memory
WARN disk usage 192.168.36.209%
WARN disk usage 192.168.189.144%
DEBUG cache hit for key=192.168.36.209
DEBUG variable x=192.168.39.155
INFO processed 192.168.107.168 items
WARN disk usage 192.168.229.48%
FATAL segfault at address 0x192.168.197.186
WARN memory threshold reached: 192.168.142.104MB
ERROR null pointer in module 192.168.178.6
WARN slow query: 192.168.9.50ms
INFO user 192.168.121.141 logged in
DEBUG heap size: 192.168.178.215
DEBUG variable x=192.168.193.243
INFO request from 192.168.9.50
WARN retry attempt 192.168.178.215 for 98344
WARN slow query: 192.168.189.144ms
WARN disk usage 192.168.9.50%
INFO connection established
FATAL segfault at address 0x192.168.82.31
FATAL unrecoverable disk error
WARN memory threshold reached: 192.168.60.30MB
INFO request from 192.168.82.31
FATAL out of memory
INFO connection established
DEBUG cache hit for key=192.168.178.6
ERROR connection timeout 503
DEBUG entering function foo
WARN slow query: 192.168.107.168ms
WARN slow query: 192.168.219.168ms
ERROR null pointer in module 192.168.36.209
DEBUG variable x=192.168.211.158
ERROR connection timeout 503
INFO request from 192.168.215.207
ERROR auth failure for user 192.168.57.185
FATAL kernel panic
WARN retry attempt 192.168.219.168 for 41119
ERROR connection timeout 503
DEBUG heap size: 192.168.189.144
INFO connection established
WARN retry attempt 192.168.57.185 for 8712
INFO user 192.168.36.209 logged in
DEBUG entering function foo
DEBUG entering function foo
ERROR connection timeout 503
ERROR auth failure for user 192.168.60.30
DEBUG heap size: 192.168.215.207
WARN disk usage 192.168.189.144%
WARN slow query: 192.168.219.168ms
ERROR auth failure for user 192.168.60.30
DEBUG cache hit for key=192.168.178.6
DEBUG heap size: 192.168.107.168
WARN slow query: 192.168.189.144ms
ERROR connection timeout 503
DEBUG cache hit for key=192.168.178.215
INFO user 192.168.141.220 logged in
WARN slow query: 192.168.57.185ms
WARN disk usage 192.168.197.186%
ERROR auth failure for user 192.168.60.30
WARN memory threshold reached: 192.168.189.144MB
DEBUG variable x=192.168.36.209
DEBUG cache hit for key=192.168.215.207
FATAL out of memory
INFO request from 192.168.121.141
ERROR auth failure for user 192.168.178.215
ERROR null pointer in module 192.168.39.155
ERROR connection timeout 503
FATAL segfault at address 0x192.168.178.6
WARN memory threshold reached: 192.168.121.141MB
FATAL kernel panic
FATAL segfault at address 0x192.168.178.215
ERROR connection timeout 503
WARN slow query: 192.168.36.209ms
ERROR null pointer in module 192.168.36.209
DEBUG variable x=192.168.178.6
WARN disk usage 192.168.211.158%
FATAL kernel panic
DEBUG variable x=192.168.178.215
WARN slow query: 192.168.211.158ms
INFO connection established
FATAL out of memory
DEBUG variable x=192.168.121.141
INFO user 192.168.197.186 logged in
ERROR file not found: /tmp/192.168.92.139.log
FATAL kernel panic
ERROR null pointer in module 192.168.178.6
INFO processed 192.168.9.50 items
INFO user 192.168.229.48 logged in
ERROR connection timeout 503
WARN retry attempt 192.168.178.6 for 82027
FATAL out of memory
DEBUG variable x=192.168.60.30
WARN disk usage 192.168.82.31%
WARN disk usage 192.168.9.50%
INFO user 192.168.141.220 logged in
INFO request from 192.168.82.31
INFO user 192.168.92.139 logged in
INFO connection established
ERROR connection timeout 503
ERROR null pointer in module 192.168.178.215
FATAL out of memory
DEBUG heap size: 192.168.36.209
DEBUG variable x=192.168.121.141
INFO request from 192.168.36.209
ERROR connection timeout 503
ERROR file not found: /tmp/192.168.57.185.log
FATAL segfault at address 0x192.168.57.185
DEBUG entering function foo
INFO user 192.168.178.215 logged in
FATAL segfault at address 0x192.168.141.220
FATAL kernel panic
WARN retry attempt 192.168.142.104 for 36148
ERROR connection timeout 503
ERROR auth failure for user 192.168.141.220
DEBUG cache hit for key=192.168.142.104
DEBUG variable x=192.168.178.6
DEBUG heap size: 192.168.178.6
DEBUG variable x=192.168.36.209
ERROR null pointer in module 192.168.92.139
DEBUG entering function foo
FATAL out of memory
ERROR null pointer in module 192.168.178.215
DEBUG cache hit for key=192.168.178.6
FATAL unrecoverable disk error
INFO request from 192.168.92.139
ERROR connection timeout 503
FATAL kernel panic
WARN memory threshold reached: 192.168.36.209MB
ERROR file not found: /tmp/192.168.141.220.log
DEBUG variable x=192.168.215.207
FATAL kernel panic
WARN memory threshold reached: 192.168.189.144MB
ERROR null pointer in module 192.168.60.30
FATAL unrecoverable disk error
ERROR connection timeout 503
WARN retry attempt 192.168.107.168 for 90152
ERROR file not found: /tmp/192.168.39.155.log
WARN memory threshold reached: 192.168.178.215MB
FATAL segfault at address 0x192.168.229.48
DEBUG entering function foo
FATAL kernel panic
ERROR auth failure for user 192.168.178.215
ERROR connection timeout 503
INFO connection established
ERROR auth failure for user 192.168.141.220
DEBUG cache hit for key=192.168.229.48
ERROR connection timeout 503
DEBUG cache hit for key=192.168.219.168
ERROR null pointer in module 192.168.9.50
WARN slow query: 192.168.142.104ms
FATAL unrecoverable disk error
INFO user 192.168.92.139 logged in
WARN memory threshold reached: 192.168.197.186MB
INFO request from 192.168.82.31
FATAL unrecoverable disk error
WARN disk usage 192.168.92.139%
FATAL unrecoverable disk error
ERROR auth failure for user 192.168.92.139
WARN disk usage 192.168.121.141%
WARN memory threshold reached: 192.168.178.6MB
WARN retry attempt 192.168.141.220 for 69264
ERROR file not found: /tmp/192.168.9.50.log
INFO request from 192.168.82.31
FATAL unrecoverable disk error
ERROR auth failure for user 192.168.189.144
FATAL segfault at address 0x192.168.36.209
FATAL unrecoverable disk error
ERROR file not found: /tmp/192.168.121.141.log
INFO request from 192.168.197.186
DEBUG entering function foo
DEBUG entering function foo
INFO processed 192.168.189.144 items
ERROR null pointer in module 192.168.36.209
DEBUG entering function foo
FATAL unrecoverable disk error
DEBUG cache hit for key=192.168.142.104
WARN disk usage 192.168.141.220%
FATAL segfault at address 0x192.168.57.185
FATAL unrecoverable disk error
DEBUG variable x=192.168.82.31
WARN retry attempt 192.168.229.48 for 53576
INFO user 192.168.142.104 logged in
INFO connection established
WARN slow query: 192.168.142.104ms
INFO processed 192.168.92.139 items
ERROR file not found: /tmp/192.168.57.185.log
FATAL segfault at address 0x192.168.57.185
INFO connection established
ERROR null pointer in module 192.168.141.220
WARN retry attempt 192.168.39.155 for 50179
FATAL kernel panic
FATAL unrecoverable disk error
INFO request from 192.168.178.215
INFO processed 192.168.219.168 items
INFO user 192.168.107.168 logged in
FATAL out of memory
DEBUG cache hit for key=192.168.193.243
DEBUG cache hit for key=192.168.193.243
ERROR auth failure for user 192.168.60.30
FATAL unrecoverable disk error
DEBUG cache hit for key=192.168.211.158
INFO request from 192.168.189.144
WARN slow query: 192.168.121.141ms
FATAL segfault at address 0x192.168.197.186
FATAL segfault at address 0x192.168.92.139
ERROR auth failure for user 192.168.82.31
INFO connection established
FATAL out of memory
WARN slow query: 192.168.178.215ms
INFO processed 192.168.229.48 items
FATAL kernel panic
INFO processed 192.168.60.30 items
INFO user 192.168.9.50 logged in
ERROR auth failure for user 192.168.189.144
WARN memory threshold reached: 192.168.178.6MB
WARN disk usage 192.168.57.185%
ERROR connection timeout 503
WARN disk usage 192.168.82.31%
DEBUG entering function foo
FATAL out of memory
FATAL out of memory
FATAL out of memory
WARN retry attempt 192.168.82.31 for 84048
WARN disk usage 192.168.211.158%
DEBUG entering function foo
ERROR file not found: /tmp/192.168.229.48.log
DEBUG heap size: 192.168.193.243
ERROR auth failure for user 192.168.219.168
INFO processed 192.168.229.48 items
WARN retry attempt 192.168.57.185 for 42252
DEBUG heap size: 192.168.178.215
ERROR auth failure for user 192.168.82.31
INFO user 192.168.92.139 logged in
INFO user 192.168.189.144 logged in
WARN retry attempt 192.168.107.168 for 36678
FATAL kernel panic
INFO user 192.168.39.155 logged in
WARN memory threshold reached: 192.168.219.168MB
ERROR file not found: /tmp/192.168.211.158.log
INFO user 192.168.92.139 logged in
INFO connection established
ERROR auth failure for user 192.168.178.215
DEBUG variable x=192.168.219.168
INFO connection established
ERROR file not found: /tmp/192.168.92.139.log
INFO processed 192.168.219.168 items
DEBUG heap size: 192.168.57.185
FATAL out of memory
FATAL out of memory
ERROR auth failure for user 192.168.219.168
INFO connection established
WARN disk usage 192.168.57.185%
INFO user 192.168.60.30 logged in
FATAL segfault at address 0x192.168.141.220
INFO request from 192.168.60.30
INFO connection established
FATAL kernel panic
ERROR file not found: /tmp/192.168.193.243.log
ERROR connection timeout 503
FATAL kernel panic
ERROR null pointer in module 192.168.57.185
FATAL kernel panic
DEBUG heap size: 192.168.60.30
ERROR connection timeout 503
WARN slow query: 192.168.193.243ms
DEBUG entering function foo
ERROR null pointer in module 192.168.178.6
ERROR connection timeout 503
INFO user 192.168.82.31 logged in
INFO user 192.168.57.185 logged in
FATAL unrecoverable disk error
WARN retry attempt 192.168.9.50 for 80670
WARN slow query: 192.168.197.186ms
ERROR auth failure for user 192.168.107.168
DEBUG heap size: 192.168.219.168
DEBUG cache hit for key=192.168.211.158
INFO connection established
DEBUG entering function foo
DEBUG heap size: 192.168.215.207
FATAL out of memory
INFO processed 192.168.219.168 items
DEBUG entering function foo
ERROR connection timeout 503
FATAL out of memory
INFO processed 192.168.229.48 items
DEBUG cache hit for key=192.168.141.220
FATAL segfault at address 0x192.168.9.50
WARN retry attempt 192.168.178.215 for 41656
FATAL unrecoverable disk error
INFO request from 192.168.193.243
DEBUG variable x=192.168.107.168
DEBUG cache hit for key=192.168.142.104
DEBUG cache hit for key=192.168.121.141
WARN disk usage 192.168.36.209%
ERROR connection timeout 503
INFO processed 192.168.121.141 items
FATAL out of memory
ERROR file not found: /tmp/192.168.142.104.log
WARN memory threshold reached: 192.168.107.168MB
ERROR null pointer in module 192.168.92.139
INFO request from 192.168.193.243
WARN memory threshold reached: 192.168.142.104MB
ERROR file not found: /tmp/192.168.219.168.log
WARN slow query: 192.168.193.243ms
INFO connection established
DEBUG heap size: 192.168.211.158
INFO connection established
ERROR auth failure for user 192.168.141.220
INFO connection established
WARN retry attempt 192.168.197.186 for 29587
WARN memory threshold reached: 192.168.197.186MB
DEBUG variable x=192.168.57.185
INFO connection established
INFO processed 192.168.9.50 items
DEBUG cache hit for key=192.168.9.50
FATAL segfault at address 0x192.168.189.144
FATAL kernel panic
FATAL kernel panic
WARN retry attempt 192.168.107.168 for 35834
FATAL unrecoverable disk error
INFO processed 192.168.215.207 items
ERROR auth failure for user 192.168.229.48
ERROR null pointer in module 192.168.9.50
WARN memory threshold reached: 192.168.178.215MB
DEBUG heap size: 192.168.39.155
INFO user 192.168.189.144 logged in
INFO request from 192.168.57.185
FATAL unrecoverable disk error
ERROR auth failure for user 192.168.36.209
FATAL unrecoverable disk error
FATAL segfault at address 0x192.168.229.48
ERROR file not found: /tmp/192.168.36.209.log
WARN slow query: 192.168.215.207ms
ERROR auth failure for user 192.168.107.168
INFO request from 192.168.215.207
DEBUG heap size: 192.168.121.141
ERROR file not found: /tmp/192.168.92.139.log
INFO processed 192.168.178.215 items
FATAL unrecoverable disk error
FATAL segfault at address 0x192.168.219.168
INFO connection established
DEBUG cache hit for key=192.168.229.48
WARN retry attempt 192.168.36.209 for 93807
DEBUG heap size: 192.168.121.141
ERROR auth failure for user 192.168.193.243
FATAL unrecoverable disk error
DEBUG entering function foo
DEBUG entering function foo
FATAL out of memory
DEBUG cache hit for key=192.168.82.31
ERROR auth failure for user 192.168.215.207
INFO connection established
FATAL kernel panic
INFO request from 192.168.82.31
INFO connection established
WARN disk usage 192.168.229.48%
ERROR file not found: /tmp/192.168.189.144.log
INFO connection established
FATAL out of memory
INFO request from 192.168.9.50
ERROR auth failure for user 192.168.60.30
FATAL kernel panic
FATAL unrecoverable disk error
DEBUG cache hit for key=192.168.229.48
WARN retry attempt 192.168.39.155 for 13219
ERROR connection timeout 503
INFO connection established
INFO processed 192.168.215.207 items
ERROR null pointer in module 192.168.39.155
WARN memory threshold reached: 192.168.82.31MB
FATAL kernel panic
ERROR file not found: /tmp/192.168.92.139.log
FATAL out of memory
WARN retry attempt 192.168.39.155 for 92148
FATAL segfault at address 0x192.168.39.155
INFO connection established
WARN disk usage 192.168.178.6%
INFO request from 192.168.121.141
DEBUG cache hit for key=192.168.9.50
INFO request from 192.168.92.139
INFO request from 192.168.219.168
FATAL segfault at address 0x192.168.215.207
FATAL unrecoverable disk error
ERROR file not found: /tmp/192.168.189.144.log
ERROR connection timeout 503
ERROR file not found: /tmp/192.168.189.144.log
ERROR file not found: /tmp/192.168.92.139.log
FATAL kernel panic
WARN memory threshold reached: 192.168.60.30MB
ERROR null pointer in module 192.168.142.104
ERROR auth failure for user 192.168.229.48
ERROR file not found: /tmp/192.168.193.243.log
INFO connection established
FATAL segfault at address 0x192.168.60.30
FATAL kernel panic
ERROR auth failure for user 192.168.39.155
FATAL out of memory
FATAL out of memory
DEBUG variable x=192.168.57.185
DEBUG cache hit for key=192.168.36.209
FATAL out of memory
FATAL kernel panic
DEBUG cache hit for key=192.168.92.139
WARN slow query: 192.168.92.139ms
DEBUG cache hit for key=192.168.82.31
WARN disk usage 192.168.229.48%
INFO processed 192.168.189.144 items
FATAL kernel panic
DEBUG cache hit for key=192.168.219.168
DEBUG variable x=192.168.121.141
FATAL kernel panic
FATAL unrecoverable disk error
INFO processed 192.168.107.168 items
FATAL kernel panic
FATAL kernel panic
FATAL kernel panic
DEBUG heap size: 192.168.229.48
ERROR auth failure for user 192.168.82.31
DEBUG entering function foo
DEBUG heap size: 192.168.193.243
DEBUG variable x=192.168.107.168
FATAL out of memory
ERROR connection timeout 503
INFO processed 192.168.193.243 items
ERROR null pointer in module 192.168.215.207
INFO user 192.168.229.48 logged in
INFO request from 192.168.107.168
FATAL segfault at address 0x192.168.211.158
FATAL kernel panic
DEBUG entering function foo
ERROR auth failure for user 192.168.178.6
DEBUG cache hit for key=192.168.178.215
WARN retry attempt 192.168.82.31 for 68193
DEBUG heap size: 192.168.215.207
WARN disk usage 192.168.142.104%
ERROR file not found: /tmp/192.168.57.185.log
DEBUG cache hit for key=192.168.36.209
ERROR connection timeout 503
FATAL unrecoverable disk error
DEBUG entering function foo
FATAL segfault at address 0x192.168.211.158
WARN memory threshold reached: 192.168.178.6MB
FATAL out of memory
DEBUG heap size: 192.168.121.141
DEBUG entering function foo
INFO request from 192.168.9.50
INFO connection established
DEBUG heap size: 192.168.197.186
WARN retry attempt 192.168.141.220 for 98625
FATAL segfault at address 0x192.168.193.243
INFO request from 192.168.193.243
WARN slow query: 192.168.215.207ms
ERROR file not found: /tmp/192.168.36.209.log
WARN slow query: 192.168.60.30ms
DEBUG heap size: 192.168.141.220
ERROR auth failure for user 192.168.82.31
INFO processed 192.168.178.6 items
DEBUG variable x=192.168.121.141
DEBUG heap size: 192.168.219.168
FATAL out of memory
DEBUG cache hit for key=192.168.219.168
FATAL kernel panic
INFO user 192.168.36.209 logged in
DEBUG cache hit for key=192.168.197.186
ERROR connection timeout 503
DEBUG cache hit for key=192.168.197.186
DEBUG cache hit for key=192.168.121.141
ERROR file not found: /tmp/192.168.142.104.log
WARN slow query: 192.168.193.243ms
INFO connection established
ERROR connection timeout 503
WARN memory threshold reached: 192.168.142.104MB
ERROR null pointer in module 192.168.229.48
DEBUG heap size: 192.168.189.144
WARN retry attempt 192.168.197.186 for 56238
WARN disk usage 192.168.107.168%
INFO processed 192.168.57.185 items
ERROR auth failure for user 192.168.121.141
WARN disk usage 192.168.189.144%
DEBUG variable x=192.168.178.6
ERROR null pointer in module 192.168.215.207
DEBUG entering function foo
INFO user 192.168.36.209 logged in
ERROR auth failure for user 192.168.142.104
DEBUG variable x=192.168.178.215
INFO user 192.168.121.141 logged in
WARN retry attempt 192.168.60.30 for 47117
DEBUG entering function foo
INFO connection established
INFO user 192.168.193.243 logged in
DEBUG entering function foo
FATAL segfault at address 0x192.168.92.139
FATAL unrecoverable disk error
ERROR auth failure for user 192.168.141.220
DEBUG variable x=192.168.193.243
INFO user 192.168.219.168 logged in
ERROR auth failure for user 192.168.57.185
INFO connection established
INFO connection established
ERROR connection timeout 503
INFO connection established
DEBUG variable x=192.168.178.215
DEBUG cache hit for key=192.168.92.139
INFO user 192.168.60.30 logged in
FATAL segfault at address 0x192.168.178.215
ERROR null pointer in module 192.168.229.48
DEBUG variable x=192.168.219.168
DEBUG heap size: 192.168.82.31
FATAL kernel panic
FATAL segfault at address 0x192.168.178.6
INFO processed 192.168.211.158 items
WARN disk usage 192.168.219.168%
WARN retry attempt 192.168.178.6 for 51241
WARN memory threshold reached: 192.168.92.139MB
DEBUG variable x=192.168.9.50
FATAL unrecoverable disk error
FATAL kernel panic
ERROR connection timeout 503
WARN memory threshold reached: 192.168.178.6MB
FATAL out of memory
ERROR connection timeout 503
ERROR file not found: /tmp/192.168.9.50.log
INFO processed 192.168.197.186 items
INFO connection established
FATAL out of memory
INFO connection established
WARN retry attempt 192.168.189.144 for 32124
FATAL unrecoverable disk error
INFO request from 192.168.39.155
ERROR null pointer in module 192.168.178.6
ERROR connection timeout 503
DEBUG heap size: 192.168.193.243
INFO connection established
DEBUG heap size: 192.168.9.50
INFO user 192.168.211.158 logged in
INFO processed 192.168.178.6 items
ERROR null pointer in module 192.168.193.243
DEBUG cache hit for key=192.168.142.104
WARN retry attempt 192.168.92.139 for 11395
ERROR null pointer in module 192.168.9.50
WARN slow query: 192.168.189.144ms
ERROR auth failure for user 192.168.82.31
ERROR file not found: /tmp/192.168.82.31.log
DEBUG entering function foo
INFO request from 192.168.92.139
WARN retry attempt 192.168.82.31 for 10215
ERROR connection timeout 503
FATAL unrecoverable disk error
FATAL unrecoverable disk error
WARN memory threshold reached: 192.168.39.155MB
WARN slow query: 192.168.142.104ms
INFO request from 192.168.121.141
DEBUG heap size: 192.168.92.139
INFO connection established
ERROR file not found: /tmp/192.168.92.139.log
INFO processed 192.168.197.186 items
FATAL out of memory
ERROR auth failure for user 192.168.197.186
ERROR connection timeout 503
ERROR null pointer in module 192.168.57.185
FATAL unrecoverable disk error
INFO user 192.168.229.48 logged in
INFO request from 192.168.82.31
ERROR auth failure for user 192.168.189.144
FATAL out of memory
DEBUG cache hit for key=192.168.107.168
ERROR auth failure for user 192.168.178.6
WARN disk usage 192.168.219.168%
DEBUG cache hit for key=192.168.92.139
FATAL out of memory
ERROR connection timeout 503
FATAL out of memory
FATAL unrecoverable disk error
ERROR connection timeout 503
INFO connection established
FATAL kernel panic
ERROR null pointer in module 192.168.215.207
INFO connection established
WARN retry attempt 192.168.215.207 for 21581
WARN disk usage 192.168.107.168%
FATAL segfault at address 0x192.168.197.186
INFO user 192.168.197.186 logged in
WARN retry attempt 192.168.60.30 for 63307
ERROR null pointer in module 192.168.57.185
WARN retry attempt 192.168.178.215 for 18582
FATAL segfault at address 0x192.168.211.158
DEBUG variable x=192.168.193.243
FATAL out of memory
WARN slow query: 192.168.60.30ms
FATAL segfault at address 0x192.168.36.209
WARN disk usage 192.168.215.207%
DEBUG heap size: 192.168.107.168
ERROR auth failure for user 192.168.92.139
FATAL unrecoverable disk error
ERROR connection timeout 503
DEBUG entering function foo
ERROR file not found: /tmp/192.168.189.144.log
INFO processed 192.168.141.220 items
WARN memory threshold reached: 192.168.39.155MB
FATAL kernel panic
FATAL kernel panic
ERROR file not found: /tmp/192.168.178.6.log
WARN disk usage 192.168.193.243%
ERROR connection timeout 503
ERROR null pointer in module 192.168.36.209
WARN slow query: 192.168.178.215ms
FATAL segfault at address 0x192.168.141.220
WARN retry attempt 192.168.178.215 for 11522
DEBUG heap size: 192.168.219.168
DEBUG variable x=192.168.60.30
WARN disk usage 192.168.178.215%
WARN memory threshold reached: 192.168.229.48MB
FATAL out of memory
ERROR auth failure for user 192.168.229.48
FATAL kernel panic
ERROR connection timeout 503
ERROR file not found: /tmp/192.168.141.220.log
WARN memory threshold reached: 192.168.193.243MB
WARN disk usage 192.168.193.243%
ERROR connection timeout 503
INFO user 192.168.141.220 logged in
DEBUG cache hit for key=192.168.178.6
DEBUG entering function foo
DEBUG variable x=192.168.197.186
INFO processed 192.168.178.6 items
FATAL unrecoverable disk error
FATAL out of memory
INFO processed 192.168.229.48 items
FATAL unrecoverable disk error
WARN memory threshold reached: 192.168.107.168MB
FATAL unrecoverable disk error
FATAL segfault at address 0x192.168.39.155
WARN slow query: 192.168.219.168ms
INFO processed 192.168.229.48 items
ERROR auth failure for user 192.168.215.207
INFO processed 192.168.197.186 items
WARN retry attempt 192.168.189.144 for 81212
DEBUG entering function foo
FATAL kernel panic
DEBUG heap size: 192.168.92.139
FATAL kernel panic
INFO processed 192.168.219.168 items
INFO user 192.168.92.139 logged in
DEBUG heap size: 192.168.60.30
DEBUG variable x=192.168.142.104
WARN disk usage 192.168.215.207%
ERROR null pointer in module 192.168.189.144
INFO connection established
WARN slow query: 192.168.141.220ms
FATAL unrecoverable disk error
ERROR null pointer in module 192.168.141.220
DEBUG cache hit for key=192.168.107.168
ERROR file not found: /tmp/192.168.121.141.log
FATAL segfault at address 0x192.168.121.141
DEBUG cache hit for key=192.168.121.141
INFO connection established
DEBUG cache hit for key=192.168.57.185
WARN slow query: 192.168.57.185ms
INFO user 192.168.60.30 logged in
INFO processed 192.168.121.141 items
INFO processed 192.168.92.139 items
WARN memory threshold reached: 192.168.107.168MB
WARN disk usage 192.168.215.207%
WARN disk usage 192.168.178.215%
FATAL kernel panic
DEBUG variable x=192.168.39.155
WARN retry attempt 192.168.121.141 for 33674
DEBUG entering function foo
FATAL kernel panic
ERROR file not found: /tmp/192.168.178.6.log
ERROR null pointer in module 192.168.215.207
DEBUG heap size: 192.168.215.207
ERROR auth failure for user 192.168.57.185
WARN slow query: 192.168.215.207ms
DEBUG cache hit for key=192.168.178.215
FATAL kernel panic
FATAL out of memory
FATAL segfault at address 0x192.168.178.215
ERROR null pointer in module 192.168.39.155
DEBUG heap size: 192.168.178.215
ERROR null pointer in module 192.168.107.168
WARN retry attempt 192.168.121.141 for 34120
DEBUG cache hit for key=192.168.107.168
ERROR auth failure for user 192.168.60.30
DEBUG variable x=192.168.178.215
INFO connection established
WARN slow query: 192.168.215.207ms
DEBUG entering function foo
DEBUG heap size: 192.168.178.6
INFO request from 192.168.9.50
WARN slow query: 192.168.57.185ms
INFO processed 192.168.57.185 items
ERROR auth failure for user 192.168.215.207
INFO request from 192.168.211.158
WARN retry attempt 192.168.229.48 for 46449
DEBUG variable x=192.168.141.220
DEBUG heap size: 192.168.229.48
INFO connection established
DEBUG entering function foo
WARN disk usage 192.168.60.30%
WARN retry attempt 192.168.215.207 for 97771
DEBUG variable x=192.168.9.50
INFO processed 192.168.178.6 items
ERROR null pointer in module 192.168.60.30
ERROR connection timeout 503
ERROR null pointer in module 192.168.57.185
INFO user 192.168.39.155 logged in
FATAL kernel panic
DEBUG variable x=192.168.197.186
DEBUG variable x=192.168.39.155
ERROR null pointer in module 192.168.229.48
WARN slow query: 192.168.178.6ms
WARN retry attempt 192.168.178.215 for 15491
FATAL kernel panic
DEBUG entering function foo
ERROR null pointer in module 192.168.121.141
WARN slow query: 192.168.215.207ms
DEBUG cache hit for key=192.168.229.48
WARN disk usage 192.168.229.48%
DEBUG cache hit for key=192.168.92.139
INFO connection established
INFO connection established
ERROR null pointer in module 192.168.60.30
WARN disk usage 192.168.193.243%
DEBUG heap size: 192.168.92.139
FATAL out of memory
FATAL segfault at address 0x192.168.178.215
FATAL out of memory
DEBUG heap size: 192.168.141.220
FATAL kernel panic
FATAL segfault at address 0x192.168.189.144
WARN retry attempt 192.168.197.186 for 3631
INFO processed 192.168.121.141 items
FATAL segfault at address 0x192.168.215.207
FATAL out of memory
WARN slow query: 192.168.189.144ms
ERROR file not found: /tmp/192.168.193.243.log
WARN slow query: 192.168.92.139ms
DEBUG cache hit for key=192.168.121.141
INFO connection established
DEBUG variable x=192.168.197.186
DEBUG heap size: 192.168.121.141
DEBUG entering function foo
FATAL segfault at address 0x192.168.219.168
INFO request from 192.168.141.220
FATAL out of memory
ERROR connection timeout 503
DEBUG variable x=192.168.107.168
FATAL segfault at address 0x192.168.141.220
INFO processed 192.168.178.6 items
FATAL out of memory
DEBUG variable x=192.168.189.144
DEBUG variable x=192.168.178.6
FATAL unrecoverable disk error
FATAL out of memory
INFO user 192.168.178.215 logged in
FATAL segfault at address 0x192.168.82.31
WARN slow query: 192.168.141.220ms
WARN memory threshold reached: 192.168.197.186MB
DEBUG heap size: 192.168.215.207
WARN slow query: 192.168.211.158ms
ERROR connection timeout 503
INFO request from 192.168.39.155
ERROR auth failure for user 192.168.82.31
ERROR null pointer in module 192.168.193.243
ERROR connection timeout 503
DEBUG entering function foo
INFO user 192.168.60.30 logged in
WARN disk usage 192.168.36.209%
ERROR auth failure for user 192.168.60.30
DEBUG heap size: 192.168.197.186
FATAL unrecoverable disk error
FATAL out of memory
ERROR connection timeout 503
ERROR file not found: /tmp/192.168.197.186.log
FATAL out of memory
ERROR null pointer in module 192.168.57.185
DEBUG cache hit for key=192.168.211.158
ERROR connection timeout 503
ERROR null pointer in module 192.168.121.141
ERROR auth failure for user 192.168.197.186
FATAL out of memory
WARN slow query: 192.168.82.31ms
WARN retry attempt 192.168.36.209 for 27052
ERROR null pointer in module 192.168.229.48
DEBUG cache hit for key=192.168.57.185
DEBUG heap size: 192.168.178.6
FATAL out of memory
DEBUG cache hit for key=192.168.92.139
WARN slow query: 192.168.193.243ms
DEBUG variable x=192.168.141.220
FATAL kernel panic
INFO request from 192.168.229.48
WARN memory threshold reached: 192.168.215.207MB
WARN retry attempt 192.168.92.139 for 6255
FATAL unrecoverable disk error
INFO connection established
ERROR null pointer in module 192.168.215.207
DEBUG variable x=192.168.215.207
FATAL segfault at address 0x192.168.193.243
ERROR auth failure for user 192.168.39.155
DEBUG cache hit for key=192.168.193.243
WARN slow query: 192.168.141.220ms
WARN memory threshold reached: 192.168.142.104MB
ERROR file not found: /tmp/192.168.229.48.log
ERROR connection timeout 503
ERROR auth failure for user 192.168.197.186
FATAL unrecoverable disk error
WARN memory threshold reached: 192.168.39.155MB
FATAL out of memory
FATAL segfault at address 0x192.168.60.30
WARN retry attempt 192.168.215.207 for 9874
ERROR file not found: /tmp/192.168.215.207.log
WARN slow query: 192.168.107.168ms
FATAL segfault at address 0x192.168.36.209
DEBUG heap size: 192.168.57.185
ERROR null pointer in module 192.168.107.168
ERROR auth failure for user 192.168.178.6
ERROR file not found: /tmp/192.168.92.139.log
ERROR auth failure for user 192.168.197.186
WARN disk usage 192.168.121.141%
INFO processed 192.168.36.209 items
FATAL segfault at address 0x192.168.219.168
INFO connection established
ERROR null pointer in module 192.168.82.31
DEBUG variable x=192.168.92.139
INFO processed 192.168.197.186 items
FATAL kernel panic
WARN disk usage 192.168.211.158%
INFO processed 192.168.211.158 items
WARN slow query: 192.168.60.30ms
ERROR auth failure for user 192.168.36.209
ERROR auth failure for user 192.168.57.185
ERROR connection timeout 503
WARN slow query: 192.168.193.243ms
ERROR connection timeout 503
FATAL kernel panic
ERROR auth failure for user 192.168.215.207
INFO request from 192.168.36.209
ERROR connection timeout 503
FATAL segfault at address 0x192.168.189.144
DEBUG heap size: 192.168.197.186
ERROR file not found: /tmp/192.168.215.207.log
DEBUG heap size: 192.168.219.168
DEBUG heap size: 192.168.197.186
INFO processed 192.168.36.209 items
WARN memory threshold reached: 192.168.142.104MB
WARN memory threshold reached: 192.168.60.30MB
FATAL out of memory
WARN retry attempt 192.168.197.186 for 13826
ERROR connection timeout 503
WARN memory threshold reached: 192.168.215.207MB
INFO user 192.168.219.168 logged in
ERROR null pointer in module 192.168.215.207
INFO processed 192.168.57.185 items
FATAL kernel panic
DEBUG heap size: 192.168.57.185
FATAL kernel panic
INFO processed 192.168.60.30 items
FATAL out of memory
INFO connection established
ERROR null pointer in module 192.168.9.50
INFO user 192.168.82.31 logged in
INFO connection established
FATAL unrecoverable disk error
FATAL out of memory
FATAL out of memory
ERROR file not found: /tmp/192.168.142.104.log
DEBUG heap size: 192.168.229.48
INFO user 192.168.57.185 logged in
ERROR null pointer in module 192.168.215.207
WARN retry attempt 192.168.219.168 for 61790
ERROR file not found: /tmp/192.168.141.220.log
INFO request from 192.168.36.209
INFO user 192.168.178.6 logged in
ERROR auth failure for user 192.168.178.215
FATAL segfault at address 0x192.168.39.155
FATAL out of memory
DEBUG entering function foo
FATAL kernel panic
DEBUG heap size: 192.168.142.104
FATAL out of memory
WARN retry attempt 192.168.189.144 for 96229
FATAL out of memory
WARN retry attempt 192.168.189.144 for 15458
INFO connection established
ERROR file not found: /tmp/192.168.39.155.log
ERROR connection timeout 503
WARN disk usage 192.168.82.31%
ERROR connection timeout 503
WARN memory threshold reached: 192.168.193.243MB
ERROR connection timeout 503
WARN retry attempt 192.168.39.155 for 77219
FATAL kernel panic
DEBUG variable x=192.168.215.207
WARN disk usage 192.168.178.215%
ERROR file not found: /tmp/192.168.107.168.log
DEBUG heap size: 192.168.92.139
FATAL kernel panic
FATAL unrecoverable disk error
ERROR file not found: /tmp/192.168.141.220.log
DEBUG cache hit for key=192.168.219.168
FATAL out of memory
FATAL segfault at address 0x192.168.82.31
DEBUG heap size: 192.168.141.220
INFO connection established
WARN retry attempt 192.168.39.155 for 1051
ERROR auth failure for user 192.168.60.30
INFO user 192.168.229.48 logged in
WARN disk usage 192.168.36.209%
DEBUG entering function foo
FATAL segfault at address 0x192.168.60.30
FATAL out of memory
FATAL segfault at address 0x192.168.211.158
ERROR file not found: /tmp/192.168.211.158.log
ERROR file not found: /tmp/192.168.142.104.log
INFO processed 192.168.211.158 items
DEBUG entering function foo
WARN disk usage 192.168.36.209%
WARN memory threshold reached: 192.168.60.30MB
ERROR connection timeout 503
WARN retry attempt 192.168.57.185 for 32864
INFO connection established
ERROR null pointer in module 192.168.229.48
DEBUG entering function foo
FATAL segfault at address 0x192.168.107.168
FATAL kernel panic
FATAL segfault at address 0x192.168.107.168
INFO processed 192.168.142.104 items
WARN slow query: 192.168.142.104ms
ERROR file not found: /tmp/192.168.121.141.log
FATAL unrecoverable disk error
DEBUG heap size: 192.168.121.141
FATAL segfault at address 0x192.168.60.30
FATAL segfault at address 0x192.168.219.168
ERROR auth failure for user 192.168.142.104
ERROR auth failure for user 192.168.178.6
DEBUG entering function foo
INFO connection established
ERROR file not found: /tmp/192.168.229.48.log
INFO user 192.168.229.48 logged in
ERROR file not found: /tmp/192.168.92.139.log
ERROR auth failure for user 192.168.57.185
FATAL unrecoverable disk error
FATAL out of memory
WARN disk usage 192.168.82.31%
INFO user 192.168.215.207 logged in
FATAL unrecoverable disk error
INFO processed 192.168.193.243 items
INFO user 192.168.36.209 logged in
INFO connection established
ERROR null pointer in module 192.168.211.158
ERROR null pointer in module 192.168.178.6
FATAL segfault at address 0x192.168.197.186
FATAL kernel panic
WARN retry attempt 192.168.178.215 for 59930
INFO processed 192.168.142.104 items
FATAL kernel panic
FATAL unrecoverable disk error
INFO user 192.168.92.139 logged in
WARN retry attempt 192.168.60.30 for 90136
ERROR auth failure for user 192.168.219.168
INFO connection established
WARN slow query: 192.168.197.186ms
ERROR null pointer in module 192.168.229.48
FATAL out of memory
WARN memory threshold reached: 192.168.193.243MB
INFO processed 192.168.39.155 items
ERROR null pointer in module 192.168.193.243
WARN memory threshold reached: 192.168.189.144MB
WARN slow query: 192.168.82.31ms
ERROR connection timeout 503
FATAL unrecoverable disk error
INFO request from 192.168.57.185
FATAL unrecoverable disk error
DEBUG variable x=192.168.141.220
FATAL kernel panic
WARN retry attempt 192.168.36.209 for 95410
INFO request from 192.168.141.220
INFO processed 192.168.57.185 items
INFO connection established
INFO request from 192.168.142.104
INFO user 192.168.121.141 logged in
WARN memory threshold reached: 192.168.215.207MB
INFO request from 192.168.141.220
WARN disk usage 192.168.57.185%
DEBUG heap size: 192.168.107.168
FATAL kernel panic
ERROR connection timeout 503
WARN slow query: 192.168.82.31ms
INFO connection established
INFO processed 192.168.39.155 items
WARN slow query: 192.168.211.158ms
WARN retry attempt 192.168.121.141 for 48823
DEBUG heap size: 192.168.60.30
DEBUG variable x=192.168.197.186
DEBUG heap size: 192.168.92.139
WARN retry attempt 192.168.219.168 for 89131
INFO processed 192.168.189.144 items
WARN slow query: 192.168.92.139ms
INFO user 192.168.9.50 logged in
DEBUG entering function foo
WARN slow query: 192.168.121.141ms
FATAL segfault at address 0x192.168.57.185
FATAL segfault at address 0x192.168.219.168
INFO processed 192.168.57.185 items
DEBUG entering function foo
DEBUG cache hit for key=192.168.60.30
ERROR connection timeout 503
FATAL kernel panic
WARN retry attempt 192.168.142.104 for 56960
DEBUG variable x=192.168.197.186
INFO request from 192.168.142.104
FATAL out of memory
INFO user 192.168.142.104 logged in
ERROR file not found: /tmp/192.168.197.186.log
ERROR file not found: /tmp/192.168.107.168.log
ERROR null pointer in module 192.168.193.243
INFO request from 192.168.9.50
ERROR auth failure for user 192.168.121.141
ERROR file not found: /tmp/192.168.92.139.log
FATAL unrecoverable disk error
INFO processed 192.168.60.30 items
ERROR connection timeout 503
INFO user 192.168.229.48 logged in
INFO request from 192.168.107.168
ERROR auth failure for user 192.168.92.139
WARN memory threshold reached: 192.168.9.50MB
WARN retry attempt 192.168.141.220 for 83405
WARN memory threshold reached: 192.168.178.215MB
ERROR auth failure for user 192.168.92.139
INFO processed 192.168.197.186 items
ERROR connection timeout 503
INFO processed 192.168.9.50 items
FATAL kernel panic
ERROR auth failure for user 192.168.9.50
DEBUG entering function foo
ERROR null pointer in module 192.168.107.168
INFO connection established
DEBUG cache hit for key=192.168.141.220
WARN disk usage 192.168.82.31%
INFO user 192.168.121.141 logged in
FATAL segfault at address 0x192.168.211.158
ERROR null pointer in module 192.168.82.31
INFO request from 192.168.211.158
ERROR null pointer in module 192.168.92.139
ERROR connection timeout 503
FATAL out of memory
WARN retry attempt 192.168.36.209 for 37097
ERROR auth failure for user 192.168.178.6
DEBUG heap size: 192.168.189.144
FATAL out of memory
WARN memory threshold reached: 192.168.142.104MB
WARN retry attempt 192.168.9.50 for 9012
WARN slow query: 192.168.142.104ms
INFO processed 192.168.211.158 items
WARN retry attempt 192.168.39.155 for 48198
WARN slow query: 192.168.92.139ms
ERROR connection timeout 503
WARN memory threshold reached: 192.168.121.141MB
WARN slow query: 192.168.193.243ms
DEBUG entering function foo
ERROR null pointer in module 192.168.60.30
DEBUG entering function foo
FATAL unrecoverable disk error
ERROR auth failure for user 192.168.107.168
WARN retry attempt 192.168.92.139 for 95102
INFO connection established
WARN disk usage 192.168.36.209%
FATAL segfault at address 0x192.168.197.186
FATAL segfault at address 0x192.168.60.30
INFO request from 192.168.189.144
ERROR file not found: /tmp/192.168.178.6.log
DEBUG variable x=192.168.82.31
INFO user 192.168.141.220 logged in
ERROR file not found: /tmp/192.168.36.209.log
FATAL unrecoverable disk error
FATAL unrecoverable disk error
ERROR file not found: /tmp/192.168.178.6.log
INFO processed 192.168.107.168 items
ERROR auth failure for user 192.168.39.155
ERROR null pointer in module 192.168.121.141
DEBUG cache hit for key=192.168.9.50
DEBUG variable x=192.168.121.141
FATAL kernel panic
INFO processed 192.168.9.50 items
WARN retry attempt 192.168.211.158 for 52578
FATAL unrecoverable disk error
DEBUG variable x=192.168.9.50
DEBUG heap size: 192.168.229.48
WARN memory threshold reached: 192.168.193.243MB
INFO user 192.168.197.186 logged in
DEBUG variable x=192.168.178.6
DEBUG variable x=192.168.107.168
ERROR null pointer in module 192.168.107.168
DEBUG entering function foo
WARN disk usage 192.168.121.141%
INFO connection established
ERROR connection timeout 503
INFO connection established
INFO request from 192.168.36.209
FATAL unrecoverable disk error
INFO user 192.168.219.168 logged in
DEBUG cache hit for key=192.168.211.158
FATAL segfault at address 0x192.168.178.215
INFO connection established
FATAL segfault at address 0x192.168.189.144
ERROR file not found: /tmp/192.168.189.144.log
WARN slow query: 192.168.189.144ms
WARN slow query: 192.168.178.6ms
FATAL segfault at address 0x192.168.178.6
WARN retry attempt 192.168.9.50 for 36940
INFO connection established
ERROR file not found: /tmp/192.168.229.48.log
DEBUG variable x=192.168.178.6
FATAL kernel panic
DEBUG variable x=192.168.142.104
ERROR auth failure for user 192.168.9.50
FATAL kernel panic
WARN retry attempt 192.168.219.168 for 90473
ERROR connection timeout 503
ERROR auth failure for user 192.168.39.155
WARN slow query: 192.168.178.215ms
FATAL out of memory
WARN slow query: 192.168.229.48ms
ERROR auth failure for user 192.168.193.243
FATAL kernel panic
ERROR auth failure for user 192.168.141.220
ERROR auth failure for user 192.168.9.50
FATAL unrecoverable disk error
ERROR null pointer in module 192.168.189.144
INFO user 192.168.39.155 logged in
INFO user 192.168.215.207 logged in
ERROR file not found: /tmp/192.168.121.141.log
INFO request from 192.168.197.186
ERROR null pointer in module 192.168.193.243
FATAL out of memory
DEBUG cache hit for key=192.168.189.144
WARN disk usage 192.168.141.220%
INFO processed 192.168.211.158 items
ERROR null pointer in module 192.168.229.48
INFO processed 192.168.178.215 items
ERROR null pointer in module 192.168.142.104
INFO connection established
INFO user 192.168.189.144 logged in
INFO request from 192.168.141.220
FATAL unrecoverable disk error
ERROR auth failure for user 192.168.39.155
INFO user 192.168.9.50 logged in
WARN retry attempt 192.168.57.185 for 95077
ERROR null pointer in module 192.168.193.243
FATAL segfault at address 0x192.168.82.31
DEBUG cache hit for key=192.168.60.30
WARN retry attempt 192.168.39.155 for 24606
DEBUG heap size: 192.168.121.141
WARN slow query: 192.168.197.186ms
ERROR connection timeout 503
DEBUG variable x=192.168.107.168
WARN memory threshold reached: 192.168.219.168MB
DEBUG entering function foo
ERROR auth failure for user 192.168.141.220
DEBUG heap size: 192.168.229.48
WARN disk usage 192.168.121.141%
WARN retry attempt 192.168.219.168 for 21581
ERROR auth failure for user 192.168.193.243
FATAL unrecoverable disk error
ERROR file not found: /tmp/192.168.121.141.log
FATAL segfault at address 0x192.168.36.209
WARN slow query: 192.168.211.158ms
FATAL out of memory
ERROR connection timeout 503
ERROR null pointer in module 192.168.107.168
WARN memory threshold reached: 192.168.211.158MB
WARN slow query: 192.168.211.158ms
DEBUG entering function foo
INFO request from 192.168.92.139
DEBUG heap size: 192.168.60.30
WARN memory threshold reached: 192.168.193.243MB
WARN slow query: 192.168.229.48ms
INFO processed 192.168.82.31 items
ERROR null pointer in module 192.168.9.50
DEBUG variable x=192.168.197.186
FATAL segfault at address 0x192.168.92.139
FATAL unrecoverable disk error
FATAL unrecoverable disk error
FATAL kernel panic
DEBUG variable x=192.168.229.48
FATAL out of memory
INFO connection established
ERROR null pointer in module 192.168.107.168
FATAL kernel panic
WARN memory threshold reached: 192.168.107.168MB
WARN disk usage 192.168.39.155%
FATAL kernel panic
ERROR connection timeout 503
INFO user 192.168.178.6 logged in
ERROR file not found: /tmp/192.168.178.6.log
DEBUG heap size: 192.168.197.186
WARN slow query: 192.168.39.155ms
ERROR connection timeout 503
FATAL out of memory
DEBUG variable x=192.168.219.168
ERROR connection timeout 503
DEBUG entering function foo
ERROR null pointer in module 192.168.211.158
INFO user 192.168.219.168 logged in
INFO user 192.168.211.158 logged in
INFO connection established
FATAL unrecoverable disk error
DEBUG entering function foo
FATAL segfault at address 0x192.168.36.209
ERROR file not found: /tmp/192.168.219.168.log
DEBUG cache hit for key=192.168.178.215
WARN memory threshold reached: 192.168.107.168MB
INFO processed 192.168.141.220 items
WARN slow query: 192.168.107.168ms
FATAL segfault at address 0x192.168.60.30
DEBUG entering function foo
WARN retry attempt 192.168.141.220 for 52405
INFO connection established
DEBUG entering function foo
DEBUG variable x=192.168.215.207
INFO user 192.168.39.155 logged in
WARN memory threshold reached: 192.168.215.207MB
ERROR connection timeout 503
INFO user 192.168.178.215 logged in
INFO processed 192.168.60.30 items
DEBUG cache hit for key=192.168.141.220
WARN memory threshold reached: 192.168.9.50MB
INFO connection established
INFO request from 192.168.197.186
WARN memory threshold reached: 192.168.142.104MB
FATAL unrecoverable disk error
WARN disk usage 192.168.219.168%
WARN retry attempt 192.168.121.141 for 48574
FATAL out of memory
DEBUG heap size: 192.168.189.144
INFO request from 192.168.36.209
DEBUG heap size: 192.168.92.139
DEBUG cache hit for key=192.168.141.220
INFO processed 192.168.215.207 items
DEBUG entering function foo
FATAL out of memory
WARN retry attempt 192.168.215.207 for 68878
DEBUG entering function foo
ERROR file not found: /tmp/192.168.36.209.log
DEBUG variable x=192.168.229.48
INFO user 192.168.193.243 logged in
FATAL out of memory
DEBUG entering function foo
FATAL unrecoverable disk error
DEBUG heap size: 192.168.60.30
ERROR file not found: /tmp/192.168.141.220.log
DEBUG variable x=192.168.197.186
ERROR file not found: /tmp/192.168.121.141.log
ERROR file not found: /tmp/192.168.229.48.log
WARN disk usage 192.168.36.209%
DEBUG heap size: 192.168.189.144
INFO processed 192.168.121.141 items
WARN retry attempt 192.168.82.31 for 70176
ERROR auth failure for user 192.168.193.243
DEBUG heap size: 192.168.229.48
ERROR connection timeout 503
WARN retry attempt 192.168.229.48 for 34593
FATAL segfault at address 0x192.168.121.141
WARN retry attempt 192.168.36.209 for 85615
FATAL out of memory
DEBUG cache hit for key=192.168.211.158
ERROR file not found: /tmp/192.168.36.209.log
ERROR connection timeout 503
WARN retry attempt 192.168.193.243 for 72211
ERROR auth failure for user 192.168.82.31
DEBUG cache hit for key=192.168.9.50
ERROR file not found: /tmp/192.168.178.215.log
INFO connection established
WARN memory threshold reached: 192.168.9.50MB
ERROR null pointer in module 192.168.211.158
INFO request from 192.168.82.31
ERROR file not found: /tmp/192.168.189.144.log
WARN slow query: 192.168.36.209ms
DEBUG cache hit for key=192.168.36.209
DEBUG entering function foo
FATAL segfault at address 0x192.168.142.104
WARN retry attempt 192.168.229.48 for 9400
WARN slow query: 192.168.92.139ms
DEBUG heap size: 192.168.215.207
WARN slow query: 192.168.39.155ms
DEBUG cache hit for key=192.168.57.185
FATAL kernel panic
ERROR auth failure for user 192.168.193.243
WARN memory threshold reached: 192.168.82.31MB
INFO request from 192.168.39.155
DEBUG variable x=192.168.197.186
INFO connection established
ERROR file not found: /tmp/192.168.57.185.log
ERROR file not found: /tmp/192.168.215.207.log
INFO request from 192.168.142.104
FATAL segfault at address 0x192.168.215.207
FATAL kernel panic
WARN disk usage 192.168.178.6%
DEBUG entering function foo
FATAL kernel panic
ERROR connection timeout 503
ERROR connection timeout 503
INFO request from 192.168.82.31
ERROR auth failure for user 192.168.107.168
DEBUG heap size: 192.168.92.139
ERROR connection timeout 503
DEBUG entering function foo
ERROR auth failure for user 192.168.39.155
DEBUG cache hit for key=192.168.178.215
ERROR connection timeout 503
INFO user 192.168.211.158 logged in
ERROR auth failure for user 192.168.92.139
ERROR connection timeout 503
WARN slow query: 192.168.36.209ms
WARN disk usage 192.168.178.215%
WARN retry attempt 192.168.92.139 for 97394
DEBUG entering function foo
FATAL segfault at address 0x192.168.229.48
DEBUG variable x=192.168.121.141
INFO user 192.168.121.141 logged in
WARN slow query: 192.168.142.104ms
WARN slow query: 192.168.211.158ms
WARN memory threshold reached: 192.168.60.30MB
INFO user 192.168.57.185 logged in
ERROR null pointer in module 192.168.197.186
WARN retry attempt 192.168.36.209 for 31950
FATAL out of memory
DEBUG entering function foo
ERROR auth failure for user 192.168.215.207
DEBUG cache hit for key=192.168.193.243
DEBUG entering function foo
WARN slow query: 192.168.92.139ms
ERROR connection timeout 503
DEBUG entering function foo
DEBUG cache hit for key=192.168.178.6
DEBUG variable x=192.168.39.155
DEBUG variable x=192.168.39.155
DEBUG entering function foo
WARN slow query: 192.168.215.207ms
WARN disk usage 192.168.178.215%
WARN slow query: 192.168.178.215ms
INFO connection established
WARN slow query: 192.168.36.209ms
INFO connection established
FATAL segfault at address 0x192.168.82.31
FATAL kernel panic
WARN slow query: 192.168.36.209ms
WARN disk usage 192.168.121.141%
ERROR auth failure for user 192.168.219.168
FATAL kernel panic
INFO connection established
FATAL segfault at address 0x192.168.211.158
WARN memory threshold reached: 192.168.229.48MB
DEBUG cache hit for key=192.168.142.104
WARN retry attempt 192.168.178.6 for 76705
FATAL kernel panic
ERROR connection timeout 503
WARN retry attempt 192.168.211.158 for 69880
INFO user 192.168.215.207 logged in
ERROR null pointer in module 192.168.57.185
INFO connection established
ERROR connection timeout 503
DEBUG cache hit for key=192.168.36.209
WARN retry attempt 192.168.211.158 for 55976
ERROR connection timeout 503
ERROR connection timeout 503
WARN disk usage 192.168.39.155%
DEBUG variable x=192.168.178.6
ERROR connection timeout 503
WARN disk usage 192.168.82.31%
FATAL out of memory
FATAL kernel panic
ERROR connection timeout 503
INFO request from 192.168.197.186
DEBUG cache hit for key=192.168.82.31
DEBUG heap size: 192.168.121.141
FATAL out of memory
WARN memory threshold reached: 192.168.219.168MB
INFO user 192.168.178.215 logged in
INFO request from 192.168.60.30
WARN memory threshold reached: 192.168.121.141MB
DEBUG heap size: 192.168.215.207
DEBUG cache hit for key=192.168.142.104
DEBUG heap size: 192.168.57.185
INFO request from 192.168.141.220
FATAL out of memory
WARN memory threshold reached: 192.168.9.50MB
FATAL out of memory
INFO user 192.168.142.104 logged in
FATAL segfault at address 0x192.168.36.209
INFO processed 192.168.60.30 items
INFO user 192.168.107.168 logged in
WARN memory threshold reached: 192.168.9.50MB
WARN disk usage 192.168.211.158%
ERROR null pointer in module 192.168.82.31
ERROR connection timeout 503
ERROR auth failure for user 192.168.193.243
FATAL unrecoverable disk error
WARN disk usage 192.168.57.185%
WARN retry attempt 192.168.219.168 for 4265
ERROR connection timeout 503
INFO processed 192.168.215.207 items
FATAL kernel panic
ERROR auth failure for user 192.168.82.31
INFO user 192.168.197.186 logged in
WARN disk usage 192.168.82.31%
ERROR null pointer in module 192.168.189.144
FATAL segfault at address 0x192.168.57.185
FATAL kernel panic
WARN disk usage 192.168.229.48%
WARN disk usage 192.168.211.158%
ERROR auth failure for user 192.168.215.207
DEBUG cache hit for key=192.168.189.144
WARN slow query: 192.168.197.186ms
WARN slow query: 192.168.92.139ms
ERROR connection timeout 503
INFO connection established
DEBUG heap size: 192.168.178.6
FATAL kernel panic
ERROR null pointer in module 192.168.92.139
INFO request from 192.168.229.48
DEBUG variable x=192.168.141.220
WARN disk usage 192.168.229.48%
WARN slow query: 192.168.229.48ms
WARN disk usage 192.168.229.48%
DEBUG entering function foo
DEBUG heap size: 192.168.60.30
DEBUG entering function foo
DEBUG cache hit for key=192.168.197.186
INFO processed 192.168.9.50 items
ERROR null pointer in module 192.168.39.155
ERROR auth failure for user 192.168.211.158
FATAL unrecoverable disk error
ERROR connection timeout 503
WARN disk usage 192.168.229.48%
ERROR connection timeout 503
WARN slow query: 192.168.57.185ms
INFO user 192.168.178.215 logged in
INFO connection established
FATAL out of memory
FATAL segfault at address 0x192.168.142.104
DEBUG cache hit for key=192.168.211.158
DEBUG cache hit for key=192.168.215.207
DEBUG variable x=192.168.36.209
ERROR connection timeout 503
DEBUG variable x=192.168.60.30
INFO processed 192.168.229.48 items
ERROR file not found: /tmp/192.168.36.209.log
DEBUG variable x=192.168.193.243
WARN disk usage 192.168.178.6%
INFO connection established
FATAL segfault at address 0x192.168.178.215
DEBUG cache hit for key=192.168.211.158
WARN memory threshold reached: 192.168.219.168MB
FATAL kernel panic
DEBUG variable x=192.168.60.30
WARN memory threshold reached: 192.168.178.6MB
FATAL unrecoverable disk error
INFO request from 192.168.178.215
INFO connection established
ERROR null pointer in module 192.168.211.158
WARN disk usage 192.168.229.48%
WARN memory threshold reached: 192.168.141.220MB
ERROR auth failure for user 192.168.39.155
WARN retry attempt 192.168.92.139 for 62607
DEBUG variable x=192.168.178.215
ERROR connection timeout 503
WARN disk usage 192.168.178.6%
INFO processed 192.168.142.104 items
INFO request from 192.168.141.220
DEBUG heap size: 192.168.39.155
INFO processed 192.168.193.243 items
DEBUG heap size: 192.168.9.50
FATAL kernel panic
FATAL unrecoverable disk error
WARN retry attempt 192.168.142.104 for 89916
ERROR auth failure for user 192.168.92.139
FATAL unrecoverable disk error
DEBUG variable x=192.168.189.144
INFO request from 192.168.39.155
WARN retry attempt 192.168.229.48 for 45895
INFO connection established
DEBUG heap size: 192.168.60.30
FATAL unrecoverable disk error
WARN disk usage 192.168.219.168%
DEBUG entering function foo
DEBUG variable x=192.168.229.48
WARN disk usage 192.168.36.209%
WARN retry attempt 192.168.193.243 for 76227
DEBUG cache hit for key=192.168.189.144
WARN slow query: 192.168.82.31ms
FATAL segfault at address 0x192.168.193.243
DEBUG cache hit for key=192.168.36.209
DEBUG heap size: 192.168.189.144
ERROR connection timeout 503
ERROR auth failure for user 192.168.36.209
DEBUG heap size: 192.168.57.185
FATAL segfault at address 0x192.168.82.31
DEBUG variable x=192.168.57.185
INFO processed 192.168.142.104 items
INFO connection established
DEBUG variable x=192.168.9.50
FATAL kernel panic
INFO processed 192.168.197.186 items
FATAL out of memory
WARN memory threshold reached: 192.168.215.207MB
FATAL out of memory
INFO processed 192.168.82.31 items
DEBUG entering function foo
INFO user 192.168.36.209 logged in
ERROR connection timeout 503
WARN retry attempt 192.168.92.139 for 49636
DEBUG variable x=192.168.9.50
ERROR connection timeout 503
FATAL kernel panic
INFO request from 192.168.107.168
WARN slow query: 192.168.219.168ms
ERROR file not found: /tmp/192.168.82.31.log
DEBUG heap size: 192.168.142.104
INFO connection established
DEBUG cache hit for key=192.168.189.144
ERROR auth failure for user 192.168.107.168
DEBUG heap size: 192.168.57.185
WARN slow query: 192.168.60.30ms
ERROR auth failure for user 192.168.36.209
DEBUG entering function foo
WARN retry attempt 192.168.193.243 for 13626
INFO request from 192.168.60.30
FATAL kernel panic
FATAL kernel panic
WARN disk usage 192.168.229.48%
INFO connection established
FATAL segfault at address 0x192.168.193.243
ERROR null pointer in module 192.168.178.6
INFO request from 192.168.39.155
FATAL kernel panic
ERROR auth failure for user 192.168.60.30
INFO connection established
DEBUG variable x=192.168.107.168
FATAL unrecoverable disk error
WARN slow query: 192.168.193.243ms
WARN retry attempt 192.168.92.139 for 58245
ERROR connection timeout 503
FATAL segfault at address 0x192.168.219.168
WARN memory threshold reached: 192.168.92.139MB
ERROR auth failure for user 192.168.211.158
DEBUG heap size: 192.168.121.141
INFO request from 192.168.178.6
DEBUG cache hit for key=192.168.189.144
FATAL kernel panic
ERROR auth failure for user 192.168.60.30
ERROR null pointer in module 192.168.57.185
WARN disk usage 192.168.211.158%
FATAL kernel panic
ERROR auth failure for user 192.168.121.141
DEBUG cache hit for key=192.168.189.144
DEBUG entering function foo
INFO user 192.168.60.30 logged in
FATAL kernel panic
ERROR connection timeout 503
INFO user 192.168.211.158 logged in
DEBUG variable x=192.168.92.139
DEBUG cache hit for key=192.168.197.186
FATAL unrecoverable disk error
ERROR file not found: /tmp/192.168.229.48.log
DEBUG heap size: 192.168.178.215
WARN retry attempt 192.168.193.243 for 83350
FATAL unrecoverable disk error
WARN disk usage 192.168.121.141%
FATAL out of memory
DEBUG variable x=192.168.215.207
INFO user 192.168.121.141 logged in
WARN slow query: 192.168.141.220ms
ERROR file not found: /tmp/192.168.82.31.log
DEBUG cache hit for key=192.168.211.158
WARN slow query: 192.168.215.207ms
DEBUG heap size: 192.168.60.30
FATAL kernel panic
ERROR null pointer in module 192.168.92.139
ERROR file not found: /tmp/192.168.193.243.log
INFO request from 192.168.211.158
DEBUG cache hit for key=192.168.60.30
DEBUG variable x=192.168.121.141
FATAL segfault at address 0x192.168.193.243
DEBUG entering function foo
DEBUG heap size: 192.168.60.30
DEBUG heap size: 192.168.229.48
WARN slow query: 192.168.211.158ms
ERROR auth failure for user 192.168.178.6
WARN retry attempt 192.168.36.209 for 29163
ERROR file not found: /tmp/192.168.142.104.log
WARN memory threshold reached: 192.168.178.6MB
FATAL kernel panic
FATAL out of memory
INFO request from 192.168.92.139
DEBUG cache hit for key=192.168.219.168
FATAL out of memory
INFO user 192.168.215.207 logged in
FATAL segfault at address 0x192.168.215.207
INFO connection established
WARN slow query: 192.168.142.104ms
ERROR connection timeout 503
ERROR connection timeout 503
INFO request from 192.168.178.6
INFO request from 192.168.229.48
INFO processed 192.168.9.50 items
FATAL segfault at address 0x192.168.178.6
ERROR connection timeout 503
ERROR auth failure for user 192.168.215.207
FATAL unrecoverable disk error
FATAL segfault at address 0x192.168.82.31
FATAL segfault at address 0x192.168.107.168
DEBUG cache hit for key=192.168.178.215
ERROR file not found: /tmp/192.168.92.139.log
ERROR auth failure for user 192.168.189.144
ERROR connection timeout 503
INFO request from 192.168.121.141
WARN retry attempt 192.168.36.209 for 14641
FATAL unrecoverable disk error
INFO connection established
ERROR connection timeout 503
WARN slow query: 192.168.92.139ms
INFO connection established
WARN retry attempt 192.168.36.209 for 65148
WARN retry attempt 192.168.229.48 for 69157
ERROR connection timeout 503
DEBUG entering function foo
FATAL out of memory
DEBUG variable x=192.168.178.6
INFO user 192.168.60.30 logged in
WARN memory threshold reached: 192.168.141.220MB
DEBUG variable x=192.168.219.168
FATAL out of memory
WARN retry attempt 192.168.219.168 for 95965
INFO user 192.168.39.155 logged in
INFO user 192.168.178.215 logged in
ERROR connection timeout 503
ERROR connection timeout 503
INFO request from 192.168.82.31
FATAL out of memory
FATAL unrecoverable disk error
WARN memory threshold reached: 192.168.211.158MB
DEBUG heap size: 192.168.229.48
FATAL kernel panic
ERROR file not found: /tmp/192.168.82.31.log
DEBUG entering function foo
FATAL kernel panic
DEBUG entering function foo
INFO request from 192.168.92.139
ERROR connection timeout 503
INFO processed 192.168.92.139 items
DEBUG entering function foo
FATAL kernel panic
INFO user 192.168.211.158 logged in
WARN slow query: 192.168.39.155ms
FATAL unrecoverable disk error
WARN slow query: 192.168.36.209ms
INFO user 192.168.60.30 logged in
ERROR file not found: /tmp/192.168.141.220.log
DEBUG heap size: 192.168.197.186
ERROR connection timeout 503
WARN slow query: 192.168.189.144ms
WARN disk usage 192.168.142.104%
WARN disk usage 192.168.215.207%
FATAL out of memory
INFO processed 192.168.36.209 items
FATAL segfault at address 0x192.168.121.141
DEBUG heap size: 192.168.178.215
INFO user 192.168.215.207 logged in
ERROR connection timeout 503
DEBUG variable x=192.168.92.139
ERROR auth failure for user 192.168.197.186
INFO processed 192.168.142.104 items
DEBUG entering function foo
ERROR file not found: /tmp/192.168.9.50.log
DEBUG cache hit for key=192.168.36.209
WARN disk usage 192.168.9.50%
INFO connection established
DEBUG heap size: 192.168.57.185
WARN disk usage 192.168.178.215%
INFO user 192.168.219.168 logged in
FATAL segfault at address 0x192.168.211.158
INFO processed 192.168.178.6 items
INFO request from 192.168.215.207
INFO processed 192.168.189.144 items
WARN disk usage 192.168.215.207%
FATAL kernel panic
FATAL out of memory
ERROR null pointer in module 192.168.107.168
FATAL out of memory
WARN memory threshold reached: 192.168.193.243MB
INFO processed 192.168.39.155 items
WARN retry attempt 192.168.178.6 for 54552
ERROR null pointer in module 192.168.82.31
DEBUG entering function foo
ERROR null pointer in module 192.168.229.48
WARN slow query: 192.168.57.185ms
ERROR connection timeout 503
WARN memory threshold reached: 192.168.178.6MB
ERROR auth failure for user 192.168.193.243
WARN slow query: 192.168.36.209ms
FATAL unrecoverable disk error
DEBUG entering function foo
ERROR file not found: /tmp/192.168.229.48.log
DEBUG cache hit for key=192.168.178.6
DEBUG entering function foo
INFO processed 192.168.9.50 items
ERROR null pointer in module 192.168.178.6
WARN retry attempt 192.168.189.144 for 38315
ERROR null pointer in module 192.168.60.30
INFO processed 192.168.193.243 items
DEBUG cache hit for key=192.168.197.186
INFO request from 192.168.211.158
ERROR auth failure for user 192.168.178.6
WARN disk usage 192.168.178.215%
INFO request from 192.168.60.30
INFO connection established
INFO processed 192.168.215.207 items
WARN retry attempt 192.168.141.220 for 91733
FATAL kernel panic
INFO request from 192.168.189.144
DEBUG variable x=192.168.82.31
INFO request from 192.168.229.48
FATAL out of memory
DEBUG variable x=192.168.121.141
ERROR connection timeout 503
DEBUG cache hit for key=192.168.142.104
FATAL unrecoverable disk error
FATAL unrecoverable disk error
INFO processed 192.168.141.220 items
FATAL kernel panic
WARN disk usage 192.168.82.31%
WARN memory threshold reached: 192.168.215.207MB
WARN retry attempt 192.168.9.50 for 21115
ERROR null pointer in module 192.168.197.186
WARN disk usage 192.168.121.141%
ERROR connection timeout 503
WARN retry attempt 192.168.107.168 for 62352
INFO request from 192.168.211.158
DEBUG entering function foo
FATAL kernel panic
ERROR file not found: /tmp/192.168.141.220.log
INFO processed 192.168.178.215 items
FATAL segfault at address 0x192.168.39.155
WARN disk usage 192.168.178.215%
FATAL kernel panic
INFO user 192.168.142.104 logged in
INFO request from 192.168.9.50
WARN disk usage 192.168.39.155%
FATAL segfault at address 0x192.168.211.158
WARN memory threshold reached: 192.168.82.31MB
FATAL segfault at address 0x192.168.178.215
FATAL segfault at address 0x192.168.39.155
DEBUG heap size: 192.168.60.30
ERROR connection timeout 503
INFO user 192.168.197.186 logged in
FATAL kernel panic
DEBUG heap size: 192.168.178.6
DEBUG variable x=192.168.211.158
INFO user 192.168.142.104 logged in
WARN retry attempt 192.168.107.168 for 44563
ERROR auth failure for user 192.168.82.31
INFO user 192.168.193.243 logged in
ERROR connection timeout 503
WARN disk usage 192.168.189.144%
DEBUG entering function foo
WARN retry attempt 192.168.60.30 for 90759
FATAL unrecoverable disk error
FATAL segfault at address 0x192.168.141.220
INFO user 192.168.178.215 logged in
ERROR null pointer in module 192.168.141.220
FATAL kernel panic
WARN slow query: 192.168.60.30ms
INFO connection established
ERROR file not found: /tmp/192.168.197.186.log
FATAL segfault at address 0x192.168.60.30
FATAL out of memory
INFO connection established
ERROR auth failure for user 192.168.82.31
FATAL kernel panic
DEBUG entering function foo
DEBUG heap size: 192.168.142.104
FATAL out of memory
WARN slow query: 192.168.189.144ms
INFO processed 192.168.219.168 items
WARN slow query: 192.168.60.30ms
FATAL out of memory
WARN retry attempt 192.168.193.243 for 6294
ERROR auth failure for user 192.168.178.215
ERROR connection timeout 503
ERROR file not found: /tmp/192.168.197.186.log
FATAL out of memory
DEBUG cache hit for key=192.168.82.31
WARN retry attempt 192.168.178.6 for 72303
INFO connection established
INFO connection established
DEBUG variable x=192.168.36.209
ERROR null pointer in module 192.168.36.209
DEBUG heap size: 192.168.219.168
ERROR file not found: /tmp/192.168.39.155.log
INFO user 192.168.92.139 logged in
FATAL segfault at address 0x192.168.142.104
FATAL segfault at address 0x192.168.211.158
ERROR null pointer in module 192.168.92.139
FATAL segfault at address 0x192.168.229.48
INFO connection established
WARN memory threshold reached: 192.168.82.31MB
ERROR null pointer in module 192.168.39.155
WARN slow query: 192.168.219.168ms
WARN memory threshold reached: 192.168.229.48MB
DEBUG cache hit for key=192.168.193.243
ERROR null pointer in module 192.168.197.186
WARN disk usage 192.168.178.6%
DEBUG heap size: 192.168.197.186
FATAL kernel panic
DEBUG heap size: 192.168.142.104
ERROR null pointer in module 192.168.121.141
DEBUG heap size: 192.168.121.141
ERROR connection timeout 503
ERROR null pointer in module 192.168.9.50
FATAL kernel panic
ERROR null pointer in module 192.168.197.186
FATAL out of memory
DEBUG entering function foo
DEBUG cache hit for key=192.168.229.48
ERROR file not found: /tmp/192.168.92.139.log
WARN retry attempt 192.168.9.50 for 13044
INFO connection established
INFO user 192.168.219.168 logged in
ERROR null pointer in module 192.168.36.209
INFO request from 192.168.57.185
WARN disk usage 192.168.36.209%
WARN retry attempt 192.168.215.207 for 30050
WARN retry attempt 192.168.197.186 for 46412
FATAL kernel panic
FATAL unrecoverable disk error
DEBUG heap size: 192.168.121.141
ERROR connection timeout 503
WARN disk usage 192.168.229.48%
INFO user 192.168.219.168 logged in
DEBUG cache hit for key=192.168.92.139
ERROR file not found: /tmp/192.168.92.139.log
FATAL out of memory
ERROR file not found: /tmp/192.168.82.31.log
FATAL out of memory
DEBUG heap size: 192.168.215.207
DEBUG heap size: 192.168.197.186
DEBUG variable x=192.168.39.155
ERROR auth failure for user 192.168.121.141
DEBUG heap size: 192.168.92.139
FATAL out of memory
INFO connection established
DEBUG heap size: 192.168.178.6
INFO processed 192.168.60.30 items
FATAL unrecoverable disk error
WARN memory threshold reached: 192.168.189.144MB
FATAL out of memory
WARN disk usage 192.168.121.141%
WARN disk usage 192.168.36.209%
ERROR auth failure for user 192.168.178.215
ERROR file not found: /tmp/192.168.178.6.log
DEBUG variable x=192.168.219.168
FATAL unrecoverable disk error
WARN memory threshold reached: 192.168.193.243MB
WARN retry attempt 192.168.215.207 for 16958
FATAL kernel panic
FATAL kernel panic
WARN disk usage 192.168.9.50%
INFO connection established
DEBUG cache hit for key=192.168.219.168
DEBUG heap size: 192.168.178.6
INFO request from 192.168.39.155
DEBUG entering function foo
ERROR auth failure for user 192.168.36.209
FATAL unrecoverable disk error
INFO user 192.168.215.207 logged in
INFO processed 192.168.82.31 items
INFO processed 192.168.197.186 items
INFO connection established
WARN memory threshold reached: 192.168.142.104MB
DEBUG variable x=192.168.39.155
WARN retry attempt 192.168.39.155 for 3838
INFO processed 192.168.82.31 items
FATAL segfault at address 0x192.168.193.243
FATAL out of memory
WARN disk usage 192.168.178.6%
DEBUG variable x=192.168.197.186
DEBUG entering function foo
FATAL unrecoverable disk error
INFO connection established
WARN retry attempt 192.168.178.215 for 87741
INFO request from 192.168.82.31
WARN disk usage 192.168.197.186%
WARN disk usage 192.168.178.215%
WARN disk usage 192.168.60.30%
DEBUG variable x=192.168.189.144
ERROR null pointer in module 192.168.60.30
INFO user 192.168.178.6 logged in
FATAL segfault at address 0x192.168.215.207
WARN retry attempt 192.168.229.48 for 73013
WARN disk usage 192.168.92.139%
WARN slow query: 192.168.215.207ms
FATAL kernel panic
INFO user 192.168.57.185 logged in
ERROR auth failure for user 192.168.211.158
INFO connection established
WARN retry attempt 192.168.141.220 for 76201
FATAL out of memory
INFO connection established
DEBUG cache hit for key=192.168.229.48
WARN slow query: 192.168.60.30ms
FATAL kernel panic
FATAL unrecoverable disk error
DEBUG variable x=192.168.178.215
WARN slow query: 192.168.92.139ms
FATAL out of memory
FATAL unrecoverable disk error
ERROR null pointer in module 192.168.229.48
FATAL segfault at address 0x192.168.57.185
WARN slow query: 192.168.229.48ms
FATAL kernel panic
ERROR auth failure for user 192.168.142.104
ERROR null pointer in module 192.168.142.104
WARN retry attempt 192.168.121.141 for 35804
DEBUG heap size: 192.168.82.31
ERROR null pointer in module 192.168.211.158
FATAL out of memory
DEBUG variable x=192.168.197.186
DEBUG heap size: 192.168.178.6
ERROR null pointer in module 192.168.9.50
DEBUG entering function foo
DEBUG variable x=192.168.178.6
INFO connection established
DEBUG heap size: 192.168.9.50
ERROR file not found: /tmp/192.168.197.186.log
INFO processed 192.168.36.209 items
DEBUG entering function foo
FATAL unrecoverable disk error
ERROR file not found: /tmp/192.168.36.209.log
DEBUG cache hit for key=192.168.178.6
WARN disk usage 192.168.229.48%
DEBUG heap size: 192.168.178.215
INFO connection established
WARN disk usage 192.168.197.186%
FATAL out of memory
FATAL out of memory
DEBUG variable x=192.168.211.158
INFO processed 192.168.193.243 items
INFO processed 192.168.178.215 items
ERROR auth failure for user 192.168.39.155
WARN retry attempt 192.168.193.243 for 8563
WARN memory threshold reached: 192.168.219.168MB
INFO user 192.168.142.104 logged in
WARN memory threshold reached: 192.168.39.155MB
ERROR connection timeout 503
FATAL out of memory
INFO processed 192.168.57.185 items
DEBUG entering function foo
INFO processed 192.168.211.158 items
WARN disk usage 192.168.211.158%
WARN disk usage 192.168.215.207%
DEBUG cache hit for key=192.168.219.168
FATAL out of memory
ERROR file not found: /tmp/192.168.189.144.log
WARN memory threshold reached: 192.168.215.207MB
FATAL out of memory
ERROR auth failure for user 192.168.189.144
DEBUG entering function foo
ERROR file not found: /tmp/192.168.57.185.log
FATAL unrecoverable disk error
WARN slow query: 192.168.92.139ms
ERROR auth failure for user 192.168.215.207
INFO processed 192.168.60.30 items
INFO connection established
WARN disk usage 192.168.39.155%
INFO connection established
FATAL out of memory
DEBUG cache hit for key=192.168.82.31
DEBUG variable x=192.168.211.158
FATAL segfault at address 0x192.168.141.220
FATAL segfault at address 0x192.168.92.139
DEBUG heap size: 192.168.211.158
INFO connection established
FATAL unrecoverable disk error
WARN disk usage 192.168.82.31%
FATAL unrecoverable disk error
FATAL segfault at address 0x192.168.219.168
INFO request from 192.168.189.144
FATAL unrecoverable disk error
DEBUG cache hit for key=192.168.229.48
WARN disk usage 192.168.92.139%
DEBUG cache hit for key=192.168.141.220
INFO connection established
WARN disk usage 192.168.9.50%
WARN memory threshold reached: 192.168.107.168MB
WARN disk usage 192.168.189.144%
DEBUG heap size: 192.168.121.141
DEBUG variable x=192.168.107.168
DEBUG variable x=192.168.36.209
WARN retry attempt 192.168.60.30 for 45542
INFO request from 192.168.57.185
WARN slow query: 192.168.215.207ms
FATAL unrecoverable disk error
INFO request from 192.168.36.209
WARN slow query: 192.168.215.207ms
INFO processed 192.168.215.207 items
WARN retry attempt 192.168.229.48 for 15096
DEBUG heap size: 192.168.142.104
DEBUG cache hit for key=192.168.121.141
FATAL segfault at address 0x192.168.178.215
INFO user 192.168.82.31 logged in
FATAL out of memory
FATAL segfault at address 0x192.168.189.144
ERROR null pointer in module 192.168.178.215
WARN memory threshold reached: 192.168.121.141MB
FATAL segfault at address 0x192.168.121.141
ERROR connection timeout 503
WARN memory threshold reached: 192.168.57.185MB
WARN retry attempt 192.168.9.50 for 33189
DEBUG entering function foo
ERROR auth failure for user 192.168.92.139
WARN retry attempt 192.168.9.50 for 52012
DEBUG cache hit for key=192.168.215.207
INFO request from 192.168.211.158
DEBUG entering function foo
FATAL kernel panic
WARN memory threshold reached: 192.168.189.144MB
FATAL kernel panic
ERROR null pointer in module 192.168.142.104
ERROR connection timeout 503
FATAL segfault at address 0x192.168.9.50
WARN disk usage 192.168.39.155%
FATAL unrecoverable disk error
DEBUG variable x=192.168.141.220
DEBUG entering function foo
FATAL out of memory
FATAL out of memory
INFO request from 192.168.193.243
INFO processed 192.168.178.215 items
ERROR file not found: /tmp/192.168.197.186.log
FATAL unrecoverable disk error
ERROR connection timeout 503
INFO connection established
FATAL unrecoverable disk error
WARN slow query: 192.168.189.144ms
INFO connection established
INFO processed 192.168.189.144 items
INFO connection established
WARN disk usage 192.168.215.207%
INFO connection established
ERROR file not found: /tmp/192.168.229.48.log
WARN retry attempt 192.168.92.139 for 71583
DEBUG cache hit for key=192.168.60.30
INFO user 192.168.121.141 logged in
ERROR connection timeout 503
ERROR connection timeout 503
FATAL segfault at address 0x192.168.107.168
ERROR auth failure for user 192.168.178.6
FATAL segfault at address 0x192.168.197.186
ERROR connection timeout 503
WARN retry attempt 192.168.229.48 for 79504
DEBUG entering function foo
ERROR connection timeout 503
FATAL out of memory
ERROR auth failure for user 192.168.215.207
FATAL kernel panic
WARN slow query: 192.168.121.141ms
FATAL segfault at address 0x192.168.39.155
ERROR null pointer in module 192.168.211.158
FATAL unrecoverable disk error
INFO processed 192.168.121.141 items
ERROR file not found: /tmp/192.168.219.168.log
INFO processed 192.168.219.168 items
FATAL unrecoverable disk error
FATAL segfault at address 0x192.168.219.168
FATAL out of memory
WARN memory threshold reached: 192.168.215.207MB
INFO user 192.168.219.168 logged in
DEBUG heap size: 192.168.178.6
ERROR file not found: /tmp/192.168.189.144.log
FATAL kernel panic
FATAL unrecoverable disk error
ERROR connection timeout 503
ERROR file not found: /tmp/192.168.189.144.log
FATAL out of memory
DEBUG heap size: 192.168.211.158
INFO processed 192.168.60.30 items
DEBUG cache hit for key=192.168.178.6
WARN retry attempt 192.168.142.104 for 85517
FATAL out of memory
FATAL unrecoverable disk error
ERROR connection timeout 503
ERROR file not found: /tmp/192.168.211.158.log
FATAL segfault at address 0x192.168.178.215
DEBUG heap size: 192.168.92.139
INFO user 192.168.82.31 logged in
DEBUG entering function foo
INFO connection established
INFO request from 192.168.142.104
INFO request from 192.168.211.158
WARN disk usage 192.168.219.168%
ERROR auth failure for user 192.168.193.243
INFO user 192.168.193.243 logged in
INFO connection established
INFO connection established
FATAL out of memory
FATAL kernel panic
ERROR auth failure for user 192.168.121.141
INFO processed 192.168.36.209 items
ERROR null pointer in module 192.168.121.141
ERROR null pointer in module 192.168.211.158
FATAL segfault at address 0x192.168.82.31
INFO connection established
ERROR auth failure for user 192.168.57.185
DEBUG variable x=192.168.107.168
WARN memory threshold reached: 192.168.141.220MB
INFO connection established
WARN memory threshold reached: 192.168.121.141MB
DEBUG heap size: 192.168.219.168
FATAL segfault at address 0x192.168.92.139
INFO connection established
FATAL segfault at address 0x192.168.178.215
ERROR file not found: /tmp/192.168.142.104.log
DEBUG cache hit for key=192.168.189.144
WARN disk usage 192.168.60.30%
DEBUG cache hit for key=192.168.193.243
INFO processed 192.168.36.209 items
WARN retry attempt 192.168.60.30 for 45274
ERROR connection timeout 503
ERROR file not found: /tmp/192.168.197.186.log
ERROR file not found: /tmp/192.168.178.215.log
FATAL kernel panic
INFO processed 192.168.121.141 items
FATAL unrecoverable disk error
ERROR connection timeout 503
INFO processed 192.168.189.144 items
WARN disk usage 192.168.142.104%
ERROR auth failure for user 192.168.82.31
WARN memory threshold reached: 192.168.178.215MB
DEBUG entering function foo
DEBUG variable x=192.168.60.30
DEBUG entering function foo
INFO user 192.168.197.186 logged in
WARN slow query: 192.168.9.50ms
INFO user 192.168.141.220 logged in
WARN slow query: 192.168.36.209ms
ERROR file not found: /tmp/192.168.60.30.log
WARN retry attempt 192.168.193.243 for 22725
FATAL unrecoverable disk error
ERROR connection timeout 503
ERROR connection timeout 503
DEBUG entering function foo
ERROR connection timeout 503
FATAL segfault at address 0x192.168.189.144
DEBUG cache hit for key=192.168.60.30
WARN slow query: 192.168.211.158ms
WARN slow query: 192.168.178.6ms
INFO connection established
INFO connection established
INFO connection established
WARN memory threshold reached: 192.168.189.144MB
ERROR file not found: /tmp/192.168.229.48.log
INFO processed 192.168.141.220 items
FATAL segfault at address 0x192.168.57.185
ERROR null pointer in module 192.168.193.243
ERROR auth failure for user 192.168.39.155
FATAL kernel panic
INFO user 192.168.60.30 logged in
DEBUG entering function foo
INFO processed 192.168.141.220 items
WARN memory threshold reached: 192.168.193.243MB
WARN retry attempt 192.168.193.243 for 89825
DEBUG variable x=192.168.107.168
INFO request from 192.168.193.243
FATAL out of memory
WARN memory threshold reached: 192.168.121.141MB
ERROR connection timeout 503
DEBUG entering function foo
FATAL unrecoverable disk error
ERROR file not found: /tmp/192.168.36.209.log
INFO user 192.168.142.104 logged in
FATAL out of memory
FATAL segfault at address 0x192.168.178.215
DEBUG entering function foo
WARN disk usage 192.168.107.168%
FATAL segfault at address 0x192.168.57.185
FATAL out of memory
INFO processed 192.168.107.168 items
INFO processed 192.168.189.144 items
ERROR auth failure for user 192.168.197.186
INFO request from 192.168.121.141
WARN slow query: 192.168.178.215ms
INFO processed 192.168.141.220 items
FATAL segfault at address 0x192.168.211.158
FATAL out of memory
FATAL segfault at address 0x192.168.39.155
ERROR connection timeout 503
WARN disk usage 192.168.92.139%
FATAL kernel panic
WARN retry attempt 192.168.193.243 for 51553
ERROR auth failure for user 192.168.92.139
INFO processed 192.168.178.6 items
FATAL unrecoverable disk error
ERROR null pointer in module 192.168.197.186
ERROR file not found: /tmp/192.168.178.215.log
FATAL kernel panic
WARN retry attempt 192.168.215.207 for 50825
WARN disk usage 192.168.197.186%
INFO connection established
FATAL segfault at address 0x192.168.141.220
INFO user 192.168.178.6 logged in
DEBUG variable x=192.168.211.158
INFO processed 192.168.36.209 items
ERROR connection timeout 503
WARN slow query: 192.168.229.48ms
DEBUG cache hit for key=192.168.219.168
INFO connection established
ERROR connection timeout 503
WARN retry attempt 192.168.178.6 for 23946
ERROR connection timeout 503
FATAL out of memory
INFO request from 192.168.57.185
INFO user 192.168.142.104 logged in
ERROR file not found: /tmp/192.168.215.207.log
WARN slow query: 192.168.211.158ms
INFO connection established
WARN slow query: 192.168.229.48ms
DEBUG heap size: 192.168.107.168
ERROR auth failure for user 192.168.215.207
WARN slow query: 192.168.197.186ms
FATAL segfault at address 0x192.168.121.141
ERROR null pointer in module 192.168.82.31
WARN retry attempt 192.168.193.243 for 75812
WARN slow query: 192.168.178.6ms
WARN memory threshold reached: 192.168.39.155MB
INFO request from 192.168.193.243
ERROR null pointer in module 192.168.9.50
FATAL out of memory
DEBUG cache hit for key=192.168.211.158
WARN disk usage 192.168.82.31%
WARN memory threshold reached: 192.168.9.50MB
INFO connection established
INFO connection established
FATAL kernel panic
INFO request from 192.168.219.168
ERROR connection timeout 503
FATAL unrecoverable disk error
DEBUG variable x=192.168.107.168
INFO connection established
ERROR null pointer in module 192.168.215.207
WARN memory threshold reached: 192.168.197.186MB
INFO processed 192.168.60.30 items
DEBUG entering function foo
WARN disk usage 192.168.215.207%
WARN retry attempt 192.168.219.168 for 37216
INFO request from 192.168.141.220
ERROR null pointer in module 192.168.219.168
DEBUG cache hit for key=192.168.197.186
DEBUG cache hit for key=192.168.82.31
ERROR file not found: /tmp/192.168.107.168.log
ERROR file not found: /tmp/192.168.178.6.log
ERROR connection timeout 503
DEBUG variable x=192.168.60.30
WARN memory threshold reached: 192.168.36.209MB
WARN disk usage 192.168.92.139%
WARN memory threshold reached: 192.168.215.207MB
INFO user 192.168.178.215 logged in
DEBUG cache hit for key=192.168.178.6
FATAL kernel panic
FATAL unrecoverable disk error
ERROR null pointer in module 192.168.92.139
WARN slow query: 192.168.193.243ms
DEBUG variable x=192.168.197.186
FATAL segfault at address 0x192.168.189.144
INFO connection established
DEBUG cache hit for key=192.168.121.141
DEBUG cache hit for key=192.168.197.186
FATAL segfault at address 0x192.168.9.50
FATAL segfault at address 0x192.168.211.158
WARN slow query: 192.168.211.158ms
FATAL segfault at address 0x192.168.121.141
INFO connection established
DEBUG cache hit for key=192.168.197.186
INFO processed 192.168.189.144 items
INFO request from 192.168.178.215
DEBUG heap size: 192.168.211.158
ERROR file not found: /tmp/192.168.219.168.log
INFO request from 192.168.142.104
INFO connection established
DEBUG heap size: 192.168.189.144
FATAL unrecoverable disk error
WARN memory threshold reached: 192.168.107.168MB
DEBUG variable x=192.168.121.141
WARN slow query: 192.168.57.185ms
DEBUG entering function foo
INFO processed 192.168.219.168 items
INFO processed 192.168.39.155 items
ERROR null pointer in module 192.168.36.209
INFO processed 192.168.92.139 items
DEBUG heap size: 192.168.189.144
WARN retry attempt 192.168.219.168 for 67716
FATAL segfault at address 0x192.168.82.31
ERROR null pointer in module 192.168.82.31
ERROR file not found: /tmp/192.168.92.139.log
DEBUG variable x=192.168.57.185
INFO user 192.168.193.243 logged in
DEBUG entering function foo
ERROR null pointer in module 192.168.219.168
INFO user 192.168.219.168 logged in
INFO user 192.168.92.139 logged in
WARN slow query: 192.168.211.158ms
FATAL segfault at address 0x192.168.193.243
INFO user 192.168.215.207 logged in
FATAL kernel panic
FATAL kernel panic
ERROR file not found: /tmp/192.168.60.30.log
DEBUG entering function foo
ERROR file not found: /tmp/192.168.39.155.log
INFO processed 192.168.189.144 items
FATAL unrecoverable disk error
DEBUG entering function foo
DEBUG variable x=192.168.229.48
INFO connection established
WARN memory threshold reached: 192.168.121.141MB
FATAL unrecoverable disk error
INFO connection established
WARN memory threshold reached: 192.168.215.207MB
FATAL kernel panic
INFO connection established
DEBUG cache hit for key=192.168.178.215
DEBUG variable x=192.168.215.207
ERROR null pointer in module 192.168.57.185
ERROR auth failure for user 192.168.141.220
FATAL unrecoverable disk error
WARN retry attempt 192.168.178.6 for 34376
WARN retry attempt 192.168.193.243 for 65371
ERROR connection timeout 503
DEBUG heap size: 192.168.121.141
WARN retry attempt 192.168.211.158 for 42170
DEBUG variable x=192.168.193.243
ERROR connection timeout 503
WARN disk usage 192.168.215.207%
DEBUG cache hit for key=192.168.142.104
FATAL kernel panic
FATAL segfault at address 0x192.168.9.50
WARN slow query: 192.168.82.31ms
INFO processed 192.168.178.215 items
ERROR connection timeout 503
FATAL segfault at address 0x192.168.229.48
INFO request from 192.168.60.30
WARN disk usage 192.168.215.207%
WARN retry attempt 192.168.219.168 for 64826
DEBUG entering function foo
DEBUG variable x=192.168.36.209
FATAL unrecoverable disk error
DEBUG heap size: 192.168.121.141
WARN slow query: 192.168.121.141ms
INFO request from 192.168.229.48
FATAL segfault at address 0x192.168.219.168
DEBUG heap size: 192.168.178.215
DEBUG cache hit for key=192.168.215.207
FATAL kernel panic
ERROR auth failure for user 192.168.121.141
INFO request from 192.168.121.141
DEBUG cache hit for key=192.168.178.215
DEBUG entering function foo
FATAL segfault at address 0x192.168.219.168
ERROR file not found: /tmp/192.168.193.243.log
ERROR null pointer in module 192.168.178.6
INFO user 192.168.215.207 logged in
WARN slow query: 192.168.82.31ms
ERROR null pointer in module 192.168.211.158
INFO processed 192.168.193.243 items
FATAL segfault at address 0x192.168.39.155
ERROR connection timeout 503
ERROR connection timeout 503
FATAL unrecoverable disk error
FATAL kernel panic
INFO request from 192.168.189.144
DEBUG cache hit for key=192.168.9.50
FATAL out of memory
INFO user 192.168.178.6 logged in
INFO processed 192.168.9.50 items
FATAL segfault at address 0x192.168.219.168
FATAL segfault at address 0x192.168.9.50
FATAL unrecoverable disk error
INFO request from 192.168.107.168
DEBUG entering function foo
FATAL segfault at address 0x192.168.121.141
INFO request from 192.168.60.30
WARN retry attempt 192.168.60.30 for 91533
DEBUG variable x=192.168.229.48
ERROR null pointer in module 192.168.60.30
WARN memory threshold reached: 192.168.121.141MB
INFO user 192.168.215.207 logged in
INFO processed 192.168.36.209 items
ERROR connection timeout 503
INFO processed 192.168.189.144 items
WARN memory threshold reached: 192.168.178.6MB
WARN memory threshold reached: 192.168.92.139MB
WARN retry attempt 192.168.215.207 for 55366
DEBUG variable x=192.168.121.141
INFO request from 192.168.141.220
ERROR null pointer in module 192.168.193.243
FATAL kernel panic
ERROR auth failure for user 192.168.211.158
WARN disk usage 192.168.178.215%
ERROR auth failure for user 192.168.107.168
FATAL segfault at address 0x192.168.60.30
DEBUG entering function foo
WARN slow query: 192.168.215.207ms
DEBUG variable x=192.168.215.207
FATAL kernel panic
FATAL segfault at address 0x192.168.60.30
ERROR file not found: /tmp/192.168.229.48.log
FATAL segfault at address 0x192.168.211.158
DEBUG cache hit for key=192.168.178.215
WARN retry attempt 192.168.36.209 for 69194
DEBUG heap size: 192.168.197.186
WARN disk usage 192.168.229.48%
FATAL kernel panic
FATAL unrecoverable disk error
ERROR connection timeout 503
FATAL segfault at address 0x192.168.39.155
DEBUG cache hit for key=192.168.189.144
WARN disk usage 192.168.121.141%
INFO request from 192.168.178.6
INFO request from 192.168.178.6
WARN slow query: 192.168.82.31ms
INFO connection established
FATAL unrecoverable disk error
INFO connection established
WARN slow query: 192.168.107.168ms
INFO user 192.168.229.48 logged in
ERROR connection timeout 503
DEBUG heap size: 192.168.57.185
FATAL segfault at address 0x192.168.92.139
WARN slow query: 192.168.178.6ms
INFO processed 192.168.121.141 items
ERROR file not found: /tmp/192.168.82.31.log
WARN slow query: 192.168.197.186ms
DEBUG variable x=192.168.215.207
DEBUG heap size: 192.168.60.30
DEBUG heap size: 192.168.215.207
DEBUG entering function foo
INFO user 192.168.141.220 logged in
WARN disk usage 192.168.219.168%
DEBUG heap size: 192.168.82.31
WARN disk usage 192.168.189.144%
DEBUG variable x=192.168.142.104
DEBUG heap size: 192.168.9.50
WARN slow query: 192.168.193.243ms
FATAL out of memory
WARN disk usage 192.168.189.144%
ERROR connection timeout 503
INFO user 192.168.107.168 logged in
ERROR connection timeout 503
WARN retry attempt 192.168.193.243 for 54226
INFO processed 192.168.57.185 items
INFO connection established
FATAL segfault at address 0x192.168.142.104
WARN disk usage 192.168.178.6%
WARN retry attempt 192.168.107.168 for 28330
FATAL segfault at address 0x192.168.60.30
DEBUG entering function foo
FATAL out of memory
WARN memory threshold reached: 192.168.178.215MB
INFO processed 192.168.36.209 items
INFO connection established
DEBUG variable x=192.168.219.168
ERROR connection timeout 503
WARN disk usage 192.168.107.168%
INFO processed 192.168.107.168 items
ERROR connection timeout 503
DEBUG cache hit for key=192.168.197.186
FATAL kernel panic
FATAL kernel panic
ERROR file not found: /tmp/192.168.36.209.log
INFO user 192.168.193.243 logged in
WARN memory threshold reached: 192.168.193.243MB
INFO connection established
ERROR null pointer in module 192.168.9.50
ERROR null pointer in module 192.168.189.144
FATAL unrecoverable disk error
FATAL out of memory
ERROR file not found: /tmp/192.168.197.186.log
WARN memory threshold reached: 192.168.219.168MB
WARN disk usage 192.168.178.215%
INFO connection established
ERROR auth failure for user 192.168.121.141
ERROR null pointer in module 192.168.107.168
WARN retry attempt 192.168.141.220 for 77484
DEBUG cache hit for key=192.168.178.215
WARN retry attempt 192.168.219.168 for 94474
FATAL out of memory
INFO user 192.168.178.6 logged in
FATAL out of memory
ERROR connection timeout 503
ERROR null pointer in module 192.168.178.215
INFO user 192.168.92.139 logged in
INFO connection established
DEBUG cache hit for key=192.168.60.30
WARN slow query: 192.168.121.141ms
FATAL out of memory
DEBUG variable x=192.168.82.31
ERROR file not found: /tmp/192.168.197.186.log
ERROR auth failure for user 192.168.92.139
ERROR connection timeout 503
INFO request from 192.168.142.104
ERROR file not found: /tmp/192.168.39.155.log
DEBUG variable x=192.168.193.243
FATAL out of memory
ERROR null pointer in module 192.168.189.144
DEBUG heap size: 192.168.178.215
ERROR file not found: /tmp/192.168.107.168.log
ERROR file not found: /tmp/192.168.215.207.log
INFO connection established
WARN retry attempt 192.168.178.6 for 45607
ERROR null pointer in module 192.168.229.48
FATAL unrecoverable disk error
INFO user 192.168.189.144 logged in
FATAL kernel panic
DEBUG variable x=192.168.107.168
DEBUG variable x=192.168.92.139
FATAL out of memory
WARN retry attempt 192.168.82.31 for 15338
DEBUG variable x=192.168.60.30
ERROR connection timeout 503
INFO request from 192.168.36.209
INFO connection established
FATAL unrecoverable disk error
WARN retry attempt 192.168.193.243 for 43245
WARN retry attempt 192.168.92.139 for 10147
WARN slow query: 192.168.219.168ms
WARN disk usage 192.168.92.139%
DEBUG heap size: 192.168.39.155
INFO connection established
ERROR connection timeout 503
ERROR auth failure for user 192.168.9.50
INFO request from 192.168.142.104
FATAL unrecoverable disk error
FATAL out of memory
INFO request from 192.168.178.215
WARN retry attempt 192.168.121.141 for 57979
INFO user 192.168.39.155 logged in
ERROR null pointer in module 192.168.92.139
INFO request from 192.168.215.207
WARN retry attempt 192.168.60.30 for 14441
WARN retry attempt 192.168.197.186 for 69771
WARN retry attempt 192.168.92.139 for 18993
DEBUG cache hit for key=192.168.107.168
INFO connection established
ERROR null pointer in module 192.168.219.168
ERROR null pointer in module 192.168.178.215
INFO processed 192.168.39.155 items
DEBUG heap size: 192.168.197.186
DEBUG heap size: 192.168.39.155
ERROR null pointer in module 192.168.57.185
INFO request from 192.168.178.215
FATAL out of memory
INFO connection established
ERROR auth failure for user 192.168.211.158
WARN slow query: 192.168.193.243ms
DEBUG variable x=192.168.178.215
WARN disk usage 192.168.39.155%
INFO connection established
FATAL out of memory
ERROR null pointer in module 192.168.39.155
WARN memory threshold reached: 192.168.121.141MB
INFO request from 192.168.36.209
DEBUG heap size: 192.168.107.168
ERROR null pointer in module 192.168.60.30
FATAL kernel panic
DEBUG heap size: 192.168.121.141
WARN slow query: 192.168.39.155ms
INFO request from 192.168.141.220
WARN disk usage 192.168.178.6%
INFO processed 192.168.57.185 items
ERROR null pointer in module 192.168.82.31
INFO connection established
WARN memory threshold reached: 192.168.60.30MB
FATAL kernel panic
FATAL segfault at address 0x192.168.57.185
ERROR null pointer in module 192.168.36.209
ERROR auth failure for user 192.168.142.104
ERROR connection timeout 503
WARN memory threshold reached: 192.168.215.207MB
WARN memory threshold reached: 192.168.211.158MB
DEBUG entering function foo
ERROR file not found: /tmp/192.168.92.139.log
DEBUG heap size: 192.168.219.168
ERROR null pointer in module 192.168.197.186
WARN memory threshold reached: 192.168.189.144MB
DEBUG entering function foo
INFO processed 192.168.193.243 items
INFO connection established
FATAL kernel panic
FATAL segfault at address 0x192.168.107.168
INFO processed 192.168.39.155 items
ERROR file not found: /tmp/192.168.142.104.log
DEBUG variable x=192.168.178.6
DEBUG variable x=192.168.215.207
INFO processed 192.168.57.185 items
DEBUG entering function foo
WARN memory threshold reached: 192.168.82.31MB
WARN memory threshold reached: 192.168.141.220MB
INFO processed 192.168.193.243 items
DEBUG heap size: 192.168.211.158
DEBUG variable x=192.168.229.48
FATAL unrecoverable disk error
ERROR connection timeout 503
DEBUG entering function foo
DEBUG cache hit for key=192.168.215.207
FATAL unrecoverable disk error
ERROR file not found: /tmp/192.168.9.50.log
FATAL segfault at address 0x192.168.178.6
FATAL kernel panic
WARN memory threshold reached: 192.168.142.104MB
FATAL out of memory
DEBUG heap size: 192.168.178.215
ERROR auth failure for user 192.168.60.30
WARN disk usage 192.168.142.104%
FATAL unrecoverable disk error
FATAL out of memory
FATAL kernel panic
WARN retry attempt 192.168.107.168 for 94330
DEBUG cache hit for key=192.168.178.6
INFO user 192.168.193.243 logged in
WARN disk usage 192.168.107.168%
WARN slow query: 192.168.211.158ms
WARN disk usage 192.168.219.168%
INFO processed 192.168.82.31 items
DEBUG heap size: 192.168.211.158
WARN retry attempt 192.168.215.207 for 72259
WARN slow query: 192.168.219.168ms
FATAL kernel panic
ERROR file not found: /tmp/192.168.219.168.log
FATAL unrecoverable disk error
INFO user 192.168.178.215 logged in
WARN retry attempt 192.168.36.209 for 84514
WARN retry attempt 192.168.229.48 for 85422
DEBUG cache hit for key=192.168.82.31
ERROR null pointer in module 192.168.121.141
INFO request from 192.168.9.50
ERROR auth failure for user 192.168.141.220
DEBUG heap size: 192.168.121.141
DEBUG heap size: 192.168.107.168
WARN disk usage 192.168.121.141%
INFO connection established
WARN retry attempt 192.168.178.215 for 67504
FATAL kernel panic
ERROR file not found: /tmp/192.168.215.207.log
WARN memory threshold reached: 192.168.197.186MB
DEBUG heap size: 192.168.193.243
INFO user 192.168.82.31 logged in
FATAL segfault at address 0x192.168.107.168
INFO user 192.168.39.155 logged in
FATAL out of memory
INFO user 192.168.121.141 logged in
INFO user 192.168.57.185 logged in
ERROR auth failure for user 192.168.229.48
WARN memory threshold reached: 192.168.219.168MB
ERROR file not found: /tmp/192.168.229.48.log
WARN memory threshold reached: 192.168.107.168MB
WARN slow query: 192.168.121.141ms
DEBUG variable x=192.168.60.30
INFO request from 192.168.92.139
ERROR null pointer in module 192.168.141.220
DEBUG cache hit for key=192.168.107.168
INFO user 192.168.229.48 logged in
WARN slow query: 192.168.189.144ms
ERROR null pointer in module 192.168.57.185
ERROR null pointer in module 192.168.142.104
INFO request from 192.168.60.30
ERROR file not found: /tmp/192.168.197.186.log
WARN retry attempt 192.168.141.220 for 7266
FATAL unrecoverable disk error
DEBUG cache hit for key=192.168.82.31
WARN disk usage 192.168.107.168%
INFO processed 192.168.229.48 items
ERROR auth failure for user 192.168.215.207
WARN memory threshold reached: 192.168.82.31MB
INFO user 192.168.92.139 logged in
DEBUG variable x=192.168.60.30
ERROR null pointer in module 192.168.197.186
WARN disk usage 192.168.178.215%
DEBUG variable x=192.168.197.186
INFO request from 192.168.57.185
INFO request from 192.168.60.30
INFO processed 192.168.141.220 items
FATAL kernel panic
DEBUG entering function foo
WARN disk usage 192.168.121.141%
WARN disk usage 192.168.219.168%
ERROR connection timeout 503
FATAL out of memory
FATAL kernel panic
INFO user 192.168.121.141 logged in
INFO connection established
WARN slow query: 192.168.211.158ms
FATAL out of memory
WARN memory threshold reached: 192.168.193.243MB
ERROR auth failure for user 192.168.215.207
DEBUG heap size: 192.168.121.141
WARN retry attempt 192.168.39.155 for 34361
WARN retry attempt 192.168.82.31 for 67671
INFO processed 192.168.92.139 items
ERROR null pointer in module 192.168.141.220
ERROR auth failure for user 192.168.121.141
WARN disk usage 192.168.82.31%
WARN disk usage 192.168.57.185%
INFO processed 192.168.229.48 items
INFO connection established
WARN disk usage 192.168.219.168%
FATAL kernel panic
DEBUG entering function foo
DEBUG variable x=192.168.229.48
FATAL unrecoverable disk error
WARN memory threshold reached: 192.168.189.144MB
ERROR file not found: /tmp/192.168.193.243.log
FATAL segfault at address 0x192.168.82.31
ERROR auth failure for user 192.168.92.139
WARN memory threshold reached: 192.168.60.30MB
FATAL kernel panic
FATAL out of memory
ERROR auth failure for user 192.168.82.31
ERROR connection timeout 503
DEBUG cache hit for key=192.168.36.209
WARN memory threshold reached: 192.168.107.168MB
DEBUG heap size: 192.168.193.243
DEBUG entering function foo
FATAL kernel panic
DEBUG variable x=192.168.211.158
FATAL out of memory
FATAL segfault at address 0x192.168.189.144
FATAL unrecoverable disk error
ERROR null pointer in module 192.168.178.6
DEBUG entering function foo
DEBUG heap size: 192.168.36.209
INFO request from 192.168.141.220
FATAL kernel panic
FATAL out of memory
FATAL segfault at address 0x192.168.178.215
WARN retry attempt 192.168.193.243 for 55827
FATAL segfault at address 0x192.168.215.207
DEBUG cache hit for key=192.168.92.139
ERROR auth failure for user 192.168.215.207
FATAL segfault at address 0x192.168.219.168
ERROR file not found: /tmp/192.168.57.185.log
INFO connection established
ERROR null pointer in module 192.168.60.30
INFO processed 192.168.193.243 items
ERROR connection timeout 503
FATAL unrecoverable disk error
FATAL kernel panic
INFO processed 192.168.193.243 items
WARN retry attempt 192.168.178.215 for 1077
WARN memory threshold reached: 192.168.193.243MB
INFO request from 192.168.57.185
INFO processed 192.168.39.155 items
INFO connection established
FATAL segfault at address 0x192.168.107.168
DEBUG cache hit for key=192.168.107.168
INFO request from 192.168.60.30
DEBUG entering function foo
FATAL kernel panic
FATAL out of memory
ERROR connection timeout 503
FATAL out of memory
WARN retry attempt 192.168.121.141 for 597
WARN slow query: 192.168.215.207ms
ERROR auth failure for user 192.168.197.186
WARN retry attempt 192.168.215.207 for 75762
WARN slow query: 192.168.107.168ms
ERROR connection timeout 503
WARN slow query: 192.168.219.168ms
DEBUG variable x=192.168.92.139
INFO processed 192.168.57.185 items
WARN disk usage 192.168.142.104%
FATAL segfault at address 0x192.168.197.186
INFO connection established
DEBUG entering function foo
WARN memory threshold reached: 192.168.57.185MB
DEBUG cache hit for key=192.168.178.6
INFO user 192.168.39.155 logged in
INFO request from 192.168.178.215
WARN disk usage 192.168.9.50%
WARN retry attempt 192.168.211.158 for 96716
DEBUG cache hit for key=192.168.121.141
INFO processed 192.168.39.155 items
WARN slow query: 192.168.39.155ms
DEBUG heap size: 192.168.211.158
ERROR null pointer in module 192.168.92.139
ERROR null pointer in module 192.168.141.220
WARN memory threshold reached: 192.168.121.141MB
WARN disk usage 192.168.60.30%
ERROR connection timeout 503
ERROR connection timeout 503
WARN slow query: 192.168.229.48ms
INFO request from 192.168.121.141
INFO processed 192.168.141.220 items
ERROR null pointer in module 192.168.57.185
WARN slow query: 192.168.107.168ms
ERROR null pointer in module 192.168.178.215
WARN retry attempt 192.168.193.243 for 21766
WARN disk usage 192.168.215.207%
WARN retry attempt 192.168.39.155 for 10747
DEBUG heap size: 192.168.178.215
ERROR auth failure for user 192.168.39.155
DEBUG entering function foo
WARN retry attempt 192.168.229.48 for 28385
INFO connection established
DEBUG entering function foo
FATAL segfault at address 0x192.168.107.168
DEBUG entering function foo
FATAL out of memory
DEBUG cache hit for key=192.168.141.220
INFO processed 192.168.36.209 items
INFO processed 192.168.60.30 items
ERROR null pointer in module 192.168.39.155
ERROR auth failure for user 192.168.229.48
INFO processed 192.168.36.209 items
ERROR connection timeout 503
ERROR null pointer in module 192.168.60.30
ERROR null pointer in module 192.168.92.139
INFO processed 192.168.60.30 items
WARN slow query: 192.168.178.215ms
INFO request from 192.168.121.141
INFO request from 192.168.197.186
ERROR null pointer in module 192.168.229.48
ERROR auth failure for user 192.168.229.48
DEBUG heap size: 192.168.107.168
WARN slow query: 192.168.197.186ms
INFO processed 192.168.229.48 items
ERROR null pointer in module 192.168.142.104
FATAL kernel panic
DEBUG cache hit for key=192.168.82.31
FATAL segfault at address 0x192.168.9.50
DEBUG cache hit for key=192.168.215.207
INFO request from 192.168.107.168
FATAL kernel panic
ERROR connection timeout 503
INFO processed 192.168.141.220 items
WARN slow query: 192.168.107.168ms
ERROR null pointer in module 192.168.142.104
ERROR file not found: /tmp/192.168.215.207.log
INFO connection established
FATAL out of memory
WARN disk usage 192.168.229.48%
ERROR null pointer in module 192.168.142.104
FATAL out of memory
WARN disk usage 192.168.36.209%
WARN memory threshold reached: 192.168.178.6MB
DEBUG cache hit for key=192.168.92.139
INFO connection established
ERROR file not found: /tmp/192.168.189.144.log
INFO user 192.168.193.243 logged in
DEBUG cache hit for key=192.168.92.139
FATAL segfault at address 0x192.168.215.207
WARN slow query: 192.168.39.155ms
INFO request from 192.168.9.50
FATAL unrecoverable disk error
INFO processed 192.168.178.6 items
INFO connection established
WARN memory threshold reached: 192.168.189.144MB
INFO user 192.168.39.155 logged in
ERROR auth failure for user 192.168.92.139
FATAL kernel panic
ERROR auth failure for user 192.168.92.139
WARN slow query: 192.168.197.186ms
INFO user 192.168.215.207 logged in
WARN disk usage 192.168.197.186%
ERROR connection timeout 503
DEBUG variable x=192.168.141.220
INFO processed 192.168.60.30 items
WARN retry attempt 192.168.215.207 for 35578
INFO processed 192.168.57.185 items
FATAL unrecoverable disk error
FATAL segfault at address 0x192.168.178.215
DEBUG cache hit for key=192.168.219.168
ERROR null pointer in module 192.168.193.243
WARN disk usage 192.168.229.48%
WARN memory threshold reached: 192.168.229.48MB
DEBUG cache hit for key=192.168.142.104
ERROR file not found: /tmp/192.168.9.50.log
ERROR connection timeout 503
DEBUG entering function foo
ERROR auth failure for user 192.168.197.186
ERROR file not found: /tmp/192.168.60.30.log
ERROR null pointer in module 192.168.215.207
DEBUG variable x=192.168.215.207
WARN slow query: 192.168.215.207ms
ERROR file not found: /tmp/192.168.142.104.log
FATAL kernel panic
WARN disk usage 192.168.82.31%
ERROR file not found: /tmp/192.168.215.207.log
DEBUG heap size: 192.168.189.144
INFO processed 192.168.178.215 items
FATAL segfault at address 0x192.168.219.168
ERROR connection timeout 503
FATAL unrecoverable disk error
INFO user 192.168.39.155 logged in
WARN slow query: 192.168.107.168ms
INFO processed 192.168.142.104 items
INFO request from 192.168.36.209
ERROR auth failure for user 192.168.39.155
INFO processed 192.168.57.185 items
INFO connection established
INFO processed 192.168.141.220 items
ERROR file not found: /tmp/192.168.197.186.log
INFO user 192.168.107.168 logged in
INFO connection established
DEBUG cache hit for key=192.168.142.104
INFO request from 192.168.178.6
FATAL segfault at address 0x192.168.141.220
DEBUG variable x=192.168.142.104
INFO request from 192.168.197.186
ERROR file not found: /tmp/192.168.82.31.log
DEBUG cache hit for key=192.168.189.144
ERROR connection timeout 503
FATAL segfault at address 0x192.168.142.104
DEBUG heap size: 192.168.211.158
FATAL unrecoverable disk error
WARN retry attempt 192.168.60.30 for 87112
FATAL segfault at address 0x192.168.9.50
INFO user 192.168.57.185 logged in
ERROR null pointer in module 192.168.211.158
WARN memory threshold reached: 192.168.107.168MB
ERROR file not found: /tmp/192.168.82.31.log
INFO request from 192.168.211.158
INFO connection established
FATAL unrecoverable disk error
INFO request from 192.168.189.144
INFO processed 192.168.193.243 items
DEBUG variable x=192.168.219.168
FATAL kernel panic
INFO processed 192.168.229.48 items
DEBUG entering function foo
WARN slow query: 192.168.39.155ms
ERROR file not found: /tmp/192.168.229.48.log
DEBUG cache hit for key=192.168.215.207
DEBUG heap size: 192.168.178.6
INFO request from 192.168.121.141
DEBUG cache hit for key=192.168.60.30
INFO request from 192.168.39.155
INFO request from 192.168.178.215
ERROR connection timeout 503
DEBUG entering function foo
INFO connection established
WARN memory threshold reached: 192.168.121.141MB
FATAL unrecoverable disk error
DEBUG entering function foo
FATAL out of memory
FATAL unrecoverable disk error
INFO user 192.168.82.31 logged in
WARN memory threshold reached: 192.168.193.243MB
WARN disk usage 192.168.193.243%
ERROR connection timeout 503
ERROR file not found: /tmp/192.168.189.144.log
DEBUG cache hit for key=192.168.219.168
FATAL out of memory
INFO user 192.168.215.207 logged in
FATAL out of memory
INFO user 192.168.141.220 logged in
WARN retry attempt 192.168.197.186 for 89345
INFO processed 192.168.178.6 items
DEBUG entering function foo
INFO connection established
ERROR null pointer in module 192.168.57.185
FATAL out of memory
INFO processed 192.168.215.207 items
FATAL segfault at address 0x192.168.197.186
ERROR null pointer in module 192.168.57.185
ERROR connection timeout 503
INFO request from 192.168.193.243
ERROR connection timeout 503
FATAL out of memory
ERROR null pointer in module 192.168.193.243
ERROR connection timeout 503
FATAL unrecoverable disk error
ERROR file not found: /tmp/192.168.92.139.log
WARN disk usage 192.168.189.144%
DEBUG cache hit for key=192.168.229.48
WARN disk usage 192.168.141.220%
ERROR file not found: /tmp/192.168.178.215.log
FATAL kernel panic
DEBUG entering function foo
INFO request from 192.168.141.220
WARN disk usage 192.168.36.209%
DEBUG cache hit for key=192.168.107.168
ERROR file not found: /tmp/192.168.215.207.log
WARN retry attempt 192.168.92.139 for 36274
INFO connection established
INFO request from 192.168.197.186
WARN disk usage 192.168.219.168%
WARN retry attempt 192.168.39.155 for 87309
ERROR connection timeout 503
WARN retry attempt 192.168.193.243 for 90658
INFO processed 192.168.219.168 items
DEBUG heap size: 192.168.178.215
DEBUG heap size: 192.168.60.30
INFO request from 192.168.189.144
WARN memory threshold reached: 192.168.197.186MB
DEBUG entering function foo
ERROR connection timeout 503
WARN memory threshold reached: 192.168.107.168MB
ERROR file not found: /tmp/192.168.193.243.log
WARN memory threshold reached: 192.168.211.158MB
ERROR connection timeout 503
INFO request from 192.168.82.31
FATAL segfault at address 0x192.168.39.155
ERROR auth failure for user 192.168.121.141
DEBUG heap size: 192.168.82.31
ERROR file not found: /tmp/192.168.82.31.log
ERROR connection timeout 503
DEBUG variable x=192.168.36.209
FATAL unrecoverable disk error
ERROR null pointer in module 192.168.36.209
ERROR connection timeout 503
ERROR file not found: /tmp/192.168.211.158.log
DEBUG heap size: 192.168.193.243
WARN disk usage 192.168.141.220%
INFO user 192.168.197.186 logged in
INFO user 192.168.197.186 logged in
FATAL unrecoverable disk error
WARN disk usage 192.168.193.243%
ERROR connection timeout 503
WARN slow query: 192.168.141.220ms
INFO connection established
ERROR null pointer in module 192.168.60.30
DEBUG cache hit for key=192.168.211.158
INFO user 192.168.36.209 logged in
FATAL unrecoverable disk error
DEBUG variable x=192.168.60.30
DEBUG entering function foo
INFO connection established
WARN slow query: 192.168.92.139ms
WARN retry attempt 192.168.39.155 for 77775
DEBUG cache hit for key=192.168.92.139
ERROR null pointer in module 192.168.82.31
WARN disk usage 192.168.121.141%
WARN slow query: 192.168.82.31ms
WARN disk usage 192.168.60.30%
INFO user 192.168.219.168 logged in
ERROR null pointer in module 192.168.178.215
ERROR auth failure for user 192.168.82.31
WARN slow query: 192.168.60.30ms
FATAL kernel panic
DEBUG entering function foo
WARN disk usage 192.168.141.220%
DEBUG entering function foo
INFO processed 192.168.211.158 items
WARN slow query: 192.168.189.144ms
WARN slow query: 192.168.39.155ms
DEBUG entering function foo
ERROR connection timeout 503
ERROR file not found: /tmp/192.168.82.31.log
DEBUG heap size: 192.168.107.168
ERROR null pointer in module 192.168.36.209
DEBUG heap size: 192.168.211.158
ERROR auth failure for user 192.168.215.207
FATAL kernel panic
INFO request from 192.168.36.209
WARN memory threshold reached: 192.168.197.186MB
INFO user 192.168.121.141 logged in
WARN disk usage 192.168.107.168%
FATAL segfault at address 0x192.168.197.186
ERROR auth failure for user 192.168.39.155
FATAL unrecoverable disk error
ERROR null pointer in module 192.168.9.50
DEBUG cache hit for key=192.168.141.220
INFO user 192.168.211.158 logged in
INFO processed 192.168.229.48 items
WARN slow query: 192.168.178.215ms
ERROR null pointer in module 192.168.121.141
WARN memory threshold reached: 192.168.60.30MB
INFO request from 192.168.219.168
FATAL segfault at address 0x192.168.197.186
WARN disk usage 192.168.9.50%
INFO processed 192.168.36.209 items
WARN slow query: 192.168.142.104ms
WARN slow query: 192.168.219.168ms
ERROR null pointer in module 192.168.193.243
ERROR file not found: /tmp/192.168.82.31.log
ERROR connection timeout 503
ERROR auth failure for user 192.168.121.141
WARN disk usage 192.168.9.50%
INFO request from 192.168.178.215
FATAL segfault at address 0x192.168.211.158
INFO request from 192.168.82.31
INFO processed 192.168.178.6 items
INFO connection established
WARN disk usage 192.168.82.31%
WARN disk usage 192.168.57.185%
FATAL kernel panic
FATAL kernel panic
WARN disk usage 192.168.107.168%
DEBUG entering function foo
INFO processed 192.168.229.48 items
ERROR connection timeout 503
ERROR auth failure for user 192.168.229.48
FATAL out of memory
DEBUG entering function foo
ERROR auth failure for user 192.168.82.31
FATAL segfault at address 0x192.168.39.155
DEBUG cache hit for key=192.168.36.209
WARN disk usage 192.168.142.104%
ERROR auth failure for user 192.168.57.185
ERROR connection timeout 503
INFO processed 192.168.36.209 items
WARN memory threshold reached: 192.168.107.168MB
ERROR null pointer in module 192.168.178.215
WARN memory threshold reached: 192.168.92.139MB
ERROR connection timeout 503
ERROR null pointer in module 192.168.178.215
INFO connection established
INFO connection established
DEBUG heap size: 192.168.36.209
WARN memory threshold reached: 192.168.197.186MB
DEBUG cache hit for key=192.168.36.209
ERROR connection timeout 503
ERROR file not found: /tmp/192.168.121.141.log
WARN disk usage 192.168.229.48%
INFO processed 192.168.92.139 items
DEBUG entering function foo
WARN slow query: 192.168.57.185ms
DEBUG heap size: 192.168.60.30
FATAL out of memory
INFO processed 192.168.215.207 items
FATAL kernel panic
DEBUG variable x=192.168.189.144
INFO connection established
WARN retry attempt 192.168.211.158 for 48649
FATAL segfault at address 0x192.168.107.168
INFO connection established
WARN disk usage 192.168.39.155%
FATAL segfault at address 0x192.168.211.158
FATAL segfault at address 0x192.168.219.168
WARN disk usage 192.168.219.168%
INFO request from 192.168.219.168
DEBUG heap size: 192.168.39.155
INFO connection established
INFO request from 192.168.211.158
FATAL out of memory
FATAL kernel panic
INFO processed 192.168.82.31 items
WARN disk usage 192.168.36.209%
FATAL out of memory
FATAL segfault at address 0x192.168.178.215
FATAL kernel panic
INFO request from 192.168.141.220
DEBUG cache hit for key=192.168.60.30
FATAL kernel panic
FATAL kernel panic
WARN retry attempt 192.168.141.220 for 42343
WARN disk usage 192.168.215.207%
WARN disk usage 192.168.142.104%
FATAL segfault at address 0x192.168.189.144
WARN retry attempt 192.168.193.243 for 86341
ERROR null pointer in module 192.168.92.139
DEBUG heap size: 192.168.60.30
FATAL kernel panic
DEBUG cache hit for key=192.168.193.243
WARN memory threshold reached: 192.168.189.144MB
ERROR file not found: /tmp/192.168.36.209.log
INFO processed 192.168.39.155 items
WARN retry attempt 192.168.9.50 for 84867
WARN memory threshold reached: 192.168.121.141MB
WARN slow query: 192.168.215.207ms
DEBUG heap size: 192.168.215.207
WARN disk usage 192.168.39.155%
INFO user 192.168.178.6 logged in
DEBUG variable x=192.168.215.207
FATAL unrecoverable disk error
WARN slow query: 192.168.229.48ms
ERROR file not found: /tmp/192.168.60.30.log
FATAL out of memory
INFO user 192.168.229.48 logged in
ERROR auth failure for user 192.168.219.168
FATAL unrecoverable disk error
FATAL unrecoverable disk error
FATAL out of memory
DEBUG cache hit for key=192.168.229.48
DEBUG heap size: 192.168.229.48
DEBUG variable x=192.168.39.155
ERROR file not found: /tmp/192.168.121.141.log
WARN slow query: 192.168.189.144ms
FATAL segfault at address 0x192.168.178.6
INFO connection established
ERROR file not found: /tmp/192.168.178.215.log
FATAL kernel panic
DEBUG variable x=192.168.197.186
INFO request from 192.168.219.168
DEBUG heap size: 192.168.229.48
FATAL segfault at address 0x192.168.142.104
DEBUG variable x=192.168.219.168
WARN slow query: 192.168.92.139ms
FATAL unrecoverable disk error
WARN memory threshold reached: 192.168.193.243MB
ERROR auth failure for user 192.168.229.48
ERROR null pointer in module 192.168.229.48
DEBUG heap size: 192.168.215.207
DEBUG cache hit for key=192.168.219.168
FATAL segfault at address 0x192.168.178.6
DEBUG entering function foo
INFO processed 192.168.178.6 items
FATAL segfault at address 0x192.168.121.141
ERROR auth failure for user 192.168.121.141
INFO processed 192.168.178.215 items
WARN disk usage 192.168.60.30%
DEBUG heap size: 192.168.211.158
INFO request from 192.168.178.215
ERROR auth failure for user 192.168.229.48
DEBUG entering function foo
FATAL kernel panic
WARN retry attempt 192.168.178.215 for 20111
WARN memory threshold reached: 192.168.60.30MB
WARN retry attempt 192.168.178.215 for 58338
ERROR file not found: /tmp/192.168.193.243.log
WARN slow query: 192.168.215.207ms
FATAL unrecoverable disk error
WARN retry attempt 192.168.92.139 for 2564
FATAL unrecoverable disk error
DEBUG cache hit for key=192.168.107.168
ERROR file not found: /tmp/192.168.219.168.log
INFO request from 192.168.107.168
FATAL kernel panic
WARN memory threshold reached: 192.168.82.31MB
INFO user 192.168.82.31 logged in
ERROR null pointer in module 192.168.92.139
INFO connection established
WARN retry attempt 192.168.57.185 for 66051
INFO user 192.168.229.48 logged in
FATAL out of memory
INFO processed 192.168.211.158 items
INFO user 192.168.229.48 logged in
FATAL kernel panic
ERROR auth failure for user 192.168.82.31
INFO connection established
FATAL segfault at address 0x192.168.189.144
DEBUG entering function foo
DEBUG variable x=192.168.178.6
ERROR null pointer in module 192.168.60.30
INFO request from 192.168.211.158
DEBUG entering function foo
INFO connection established
WARN disk usage 192.168.142.104%
INFO connection established
INFO user 192.168.60.30 logged in
ERROR null pointer in module 192.168.193.243
DEBUG variable x=192.168.215.207
WARN disk usage 192.168.92.139%
FATAL segfault at address 0x192.168.142.104
DEBUG entering function foo
INFO request from 192.168.39.155
ERROR file not found: /tmp/192.168.211.158.log
WARN slow query: 192.168.82.31ms
INFO processed 192.168.178.215 items
WARN slow query: 192.168.9.50ms
ERROR connection timeout 503
WARN disk usage 192.168.36.209%
INFO user 192.168.107.168 logged in
ERROR file not found: /tmp/192.168.178.215.log
FATAL out of memory
WARN slow query: 192.168.211.158ms
FATAL segfault at address 0x192.168.141.220
WARN retry attempt 192.168.197.186 for 23777
ERROR null pointer in module 192.168.57.185
ERROR file not found: /tmp/192.168.39.155.log
INFO user 192.168.178.6 logged in
INFO processed 192.168.211.158 items
DEBUG entering function foo
DEBUG heap size: 192.168.178.6
ERROR file not found: /tmp/192.168.92.139.log
DEBUG variable x=192.168.193.243
INFO connection established
DEBUG entering function foo
INFO connection established
ERROR connection timeout 503
INFO request from 192.168.57.185
FATAL unrecoverable disk error
FATAL kernel panic
INFO request from 192.168.211.158
WARN memory threshold reached: 192.168.197.186MB
FATAL kernel panic
ERROR auth failure for user 192.168.9.50
WARN memory threshold reached: 192.168.39.155MB
FATAL kernel panic
DEBUG cache hit for key=192.168.107.168
INFO connection established
FATAL segfault at address 0x192.168.229.48
DEBUG cache hit for key=192.168.142.104
DEBUG entering function foo
DEBUG entering function foo
ERROR connection timeout 503
ERROR auth failure for user 192.168.57.185
WARN retry attempt 192.168.211.158 for 10275
ERROR auth failure for user 192.168.197.186
DEBUG variable x=192.168.193.243
WARN disk usage 192.168.215.207%
WARN disk usage 192.168.121.141%
DEBUG entering function foo
FATAL segfault at address 0x192.168.107.168
FATAL out of memory
WARN disk usage 192.168.178.215%
FATAL kernel panic
ERROR auth failure for user 192.168.189.144
ERROR file not found: /tmp/192.168.121.141.log
ERROR connection timeout 503
DEBUG entering function foo
WARN disk usage 192.168.141.220%
DEBUG variable x=192.168.189.144
WARN memory threshold reached: 192.168.141.220MB
WARN disk usage 192.168.215.207%
FATAL segfault at address 0x192.168.60.30
WARN memory threshold reached: 192.168.189.144MB
INFO connection established
DEBUG variable x=192.168.9.50
WARN retry attempt 192.168.36.209 for 59434
DEBUG entering function foo
INFO request from 192.168.215.207
FATAL out of memory
DEBUG variable x=192.168.211.158
DEBUG entering function foo
WARN retry attempt 192.168.178.6 for 19489
WARN disk usage 192.168.178.215%
FATAL unrecoverable disk error
WARN retry attempt 192.168.178.6 for 84775
DEBUG entering function foo
INFO request from 192.168.219.168
DEBUG variable x=192.168.39.155
WARN slow query: 192.168.92.139ms
ERROR connection timeout 503
FATAL kernel panic
ERROR null pointer in module 192.168.219.168
INFO connection established
FATAL kernel panic
ERROR file not found: /tmp/192.168.189.144.log
WARN disk usage 192.168.142.104%
WARN disk usage 192.168.193.243%
ERROR auth failure for user 192.168.36.209
FATAL unrecoverable disk error
INFO request from 192.168.82.31
WARN slow query: 192.168.39.155ms
INFO connection established
WARN disk usage 192.168.107.168%
WARN memory threshold reached: 192.168.178.6MB
INFO processed 192.168.121.141 items
FATAL out of memory
DEBUG cache hit for key=192.168.92.139
ERROR auth failure for user 192.168.92.139
ERROR null pointer in module 192.168.215.207
INFO request from 192.168.121.141
ERROR connection timeout 503
DEBUG variable x=192.168.121.141
FATAL out of memory
ERROR auth failure for user 192.168.9.50
DEBUG entering function foo
FATAL out of memory
FATAL out of memory
WARN memory threshold reached: 192.168.107.168MB
ERROR connection timeout 503
WARN memory threshold reached: 192.168.9.50MB
ERROR null pointer in module 192.168.178.6
ERROR file not found: /tmp/192.168.82.31.log
DEBUG variable x=192.168.197.186
ERROR null pointer in module 192.168.178.6
DEBUG cache hit for key=192.168.60.30
DEBUG entering function foo
INFO connection established
FATAL segfault at address 0x192.168.219.168
INFO request from 192.168.121.141
WARN memory threshold reached: 192.168.215.207MB
DEBUG cache hit for key=192.168.197.186
INFO request from 192.168.215.207
DEBUG variable x=192.168.178.6
WARN slow query: 192.168.121.141ms
ERROR null pointer in module 192.168.121.141
INFO user 192.168.197.186 logged in
INFO request from 192.168.178.215
DEBUG cache hit for key=192.168.219.168
INFO request from 192.168.107.168
ERROR file not found: /tmp/192.168.215.207.log
INFO user 192.168.57.185 logged in
ERROR null pointer in module 192.168.141.220
ERROR auth failure for user 192.168.229.48
DEBUG entering function foo
WARN slow query: 192.168.141.220ms
ERROR connection timeout 503
INFO processed 192.168.39.155 items
DEBUG cache hit for key=192.168.178.6
WARN disk usage 192.168.121.141%
INFO request from 192.168.39.155
INFO user 192.168.229.48 logged in
INFO request from 192.168.142.104
FATAL unrecoverable disk error
DEBUG heap size: 192.168.57.185
FATAL segfault at address 0x192.168.107.168
ERROR file not found: /tmp/192.168.92.139.log
FATAL unrecoverable disk error
INFO request from 192.168.60.30
WARN disk usage 192.168.197.186%
INFO request from 192.168.219.168
WARN memory threshold reached: 192.168.219.168MB
ERROR connection timeout 503
INFO connection established
WARN retry attempt 192.168.197.186 for 92487
DEBUG variable x=192.168.178.215
FATAL segfault at address 0x192.168.193.243
FATAL segfault at address 0x192.168.39.155
FATAL kernel panic
WARN disk usage 192.168.229.48%
WARN slow query: 192.168.107.168ms
FATAL kernel panic
ERROR connection timeout 503
ERROR auth failure for user 192.168.121.141
ERROR null pointer in module 192.168.36.209
WARN disk usage 192.168.82.31%
WARN slow query: 192.168.92.139ms
INFO processed 192.168.92.139 items
ERROR null pointer in module 192.168.142.104
DEBUG entering function foo
DEBUG variable x=192.168.82.31
WARN slow query: 192.168.36.209ms
WARN retry attempt 192.168.107.168 for 36070
FATAL unrecoverable disk error
DEBUG variable x=192.168.82.31
DEBUG cache hit for key=192.168.9.50
WARN memory threshold reached: 192.168.36.209MB
FATAL out of memory
INFO user 192.168.197.186 logged in
FATAL out of memory
ERROR null pointer in module 192.168.36.209
WARN slow query: 192.168.215.207ms
FATAL kernel panic
INFO request from 192.168.189.144
INFO processed 192.168.197.186 items
INFO user 192.168.193.243 logged in
FATAL unrecoverable disk error
ERROR null pointer in module 192.168.121.141
DEBUG entering function foo
DEBUG cache hit for key=192.168.57.185
ERROR connection timeout 503
FATAL kernel panic
DEBUG heap size: 192.168.178.6
DEBUG entering function foo
DEBUG heap size: 192.168.197.186
INFO processed 192.168.107.168 items
WARN retry attempt 192.168.60.30 for 97093
FATAL kernel panic
ERROR file not found: /tmp/192.168.215.207.log
DEBUG variable x=192.168.9.50
INFO processed 192.168.92.139 items
INFO connection established
INFO user 192.168.92.139 logged in
INFO connection established
WARN retry attempt 192.168.211.158 for 58529
DEBUG heap size: 192.168.92.139
ERROR auth failure for user 192.168.193.243
WARN slow query: 192.168.219.168ms
DEBUG variable x=192.168.211.158
FATAL out of memory
FATAL segfault at address 0x192.168.229.48
FATAL out of memory
INFO processed 192.168.178.6 items
FATAL out of memory
FATAL kernel panic
WARN retry attempt 192.168.219.168 for 28535
WARN memory threshold reached: 192.168.82.31MB
WARN retry attempt 192.168.82.31 for 43832
DEBUG entering function foo
FATAL segfault at address 0x192.168.178.6
ERROR connection timeout 503
ERROR connection timeout 503
WARN disk usage 192.168.193.243%
FATAL unrecoverable disk error
WARN slow query: 192.168.57.185ms
ERROR connection timeout 503
WARN disk usage 192.168.121.141%
INFO processed 192.168.197.186 items
WARN disk usage 192.168.121.141%
FATAL segfault at address 0x192.168.197.186
WARN retry attempt 192.168.36.209 for 80049
ERROR connection timeout 503
INFO processed 192.168.193.243 items
DEBUG cache hit for key=192.168.142.104
DEBUG cache hit for key=192.168.9.50
INFO request from 192.168.178.6
ERROR auth failure for user 192.168.107.168
FATAL out of memory
INFO user 192.168.9.50 logged in
FATAL out of memory
DEBUG entering function foo
WARN disk usage 192.168.121.141%
INFO user 192.168.39.155 logged in
INFO user 192.168.92.139 logged in
WARN memory threshold reached: 192.168.178.6MB
DEBUG cache hit for key=192.168.57.185
DEBUG entering function foo
DEBUG entering function foo
ERROR connection timeout 503
FATAL unrecoverable disk error
FATAL segfault at address 0x192.168.121.141
INFO processed 192.168.92.139 items
INFO connection established
WARN memory threshold reached: 192.168.142.104MB
FATAL segfault at address 0x192.168.197.186
WARN retry attempt 192.168.229.48 for 51665
WARN disk usage 192.168.219.168%
ERROR file not found: /tmp/192.168.36.209.log
ERROR null pointer in module 192.168.197.186
FATAL kernel panic
FATAL unrecoverable disk error
ERROR auth failure for user 192.168.142.104
ERROR null pointer in module 192.168.141.220
ERROR auth failure for user 192.168.57.185
INFO user 192.168.229.48 logged in
FATAL out of memory
ERROR connection timeout 503
ERROR null pointer in module 192.168.197.186
ERROR file not found: /tmp/192.168.229.48.log
WARN memory threshold reached: 192.168.57.185MB
INFO request from 192.168.193.243
ERROR file not found: /tmp/192.168.197.186.log
INFO request from 192.168.60.30
WARN retry attempt 192.168.9.50 for 26494
DEBUG variable x=192.168.141.220
WARN disk usage 192.168.92.139%
WARN retry attempt 192.168.178.215 for 64203
DEBUG variable x=192.168.219.168
WARN slow query: 192.168.229.48ms
WARN slow query: 192.168.178.6ms
FATAL unrecoverable disk error
FATAL segfault at address 0x192.168.215.207
FATAL segfault at address 0x192.168.197.186
ERROR file not found: /tmp/192.168.60.30.log
DEBUG cache hit for key=192.168.92.139
FATAL out of memory
INFO connection established
WARN disk usage 192.168.57.185%
INFO processed 192.168.141.220 items
DEBUG cache hit for key=192.168.197.186
FATAL segfault at address 0x192.168.121.141
WARN retry attempt 192.168.219.168 for 72
FATAL unrecoverable disk error
ERROR null pointer in module 192.168.142.104
INFO processed 192.168.197.186 items
FATAL segfault at address 0x192.168.178.6
FATAL segfault at address 0x192.168.211.158
DEBUG entering function foo
FATAL segfault at address 0x192.168.121.141
DEBUG variable x=192.168.229.48
FATAL kernel panic
WARN disk usage 192.168.39.155%
WARN retry attempt 192.168.193.243 for 91764
FATAL out of memory
FATAL kernel panic
FATAL out of memory
INFO request from 192.168.219.168
INFO connection established
DEBUG heap size: 192.168.215.207
INFO request from 192.168.211.158
FATAL segfault at address 0x192.168.178.215
FATAL segfault at address 0x192.168.39.155
WARN disk usage 192.168.82.31%
WARN memory threshold reached: 192.168.229.48MB
ERROR connection timeout 503
DEBUG cache hit for key=192.168.229.48
ERROR auth failure for user 192.168.60.30
ERROR connection timeout 503
FATAL unrecoverable disk error
ERROR file not found: /tmp/192.168.141.220.log
FATAL kernel panic
DEBUG variable x=192.168.60.30
ERROR null pointer in module 192.168.219.168
DEBUG heap size: 192.168.82.31
ERROR auth failure for user 192.168.215.207
INFO processed 192.168.60.30 items
DEBUG heap size: 192.168.215.207
ERROR auth failure for user 192.168.82.31
FATAL out of memory
WARN disk usage 192.168.57.185%
DEBUG heap size: 192.168.215.207
FATAL kernel panic
FATAL out of memory
DEBUG variable x=192.168.60.30
WARN slow query: 192.168.142.104ms
DEBUG cache hit for key=192.168.197.186
DEBUG variable x=192.168.39.155
WARN disk usage 192.168.57.185%
INFO user 192.168.36.209 logged in
WARN memory threshold reached: 192.168.141.220MB
ERROR auth failure for user 192.168.82.31
FATAL kernel panic
WARN retry attempt 192.168.193.243 for 13884
FATAL kernel panic
INFO processed 192.168.178.6 items
DEBUG entering function foo
ERROR null pointer in module 192.168.229.48
FATAL kernel panic
DEBUG heap size: 192.168.229.48
INFO processed 192.168.197.186 items
WARN memory threshold reached: 192.168.141.220MB
WARN disk usage 192.168.60.30%
DEBUG heap size: 192.168.121.141
DEBUG heap size: 192.168.193.243
ERROR connection timeout 503
WARN retry attempt 192.168.142.104 for 6589
INFO request from 192.168.9.50
DEBUG heap size: 192.168.211.158
INFO connection established
INFO request from 192.168.229.48
ERROR auth failure for user 192.168.211.158
INFO processed 192.168.9.50 items
DEBUG cache hit for key=192.168.39.155
INFO user 192.168.107.168 logged in
WARN disk usage 192.168.92.139%
DEBUG cache hit for key=192.168.107.168
WARN disk usage 192.168.197.186%
WARN memory threshold reached: 192.168.197.186MB
WARN disk usage 192.168.197.186%
ERROR connection timeout 503
INFO user 192.168.57.185 logged in
WARN memory threshold reached: 192.168.142.104MB
FATAL kernel panic
DEBUG heap size: 192.168.189.144
ERROR file not found: /tmp/192.168.107.168.log
INFO user 192.168.215.207 logged in
DEBUG heap size: 192.168.57.185
INFO user 192.168.215.207 logged in
WARN slow query: 192.168.92.139ms
FATAL segfault at address 0x192.168.141.220
DEBUG cache hit for key=192.168.107.168
FATAL segfault at address 0x192.168.82.31
DEBUG entering function foo
ERROR null pointer in module 192.168.82.31
WARN retry attempt 192.168.219.168 for 98473
INFO processed 192.168.36.209 items
INFO processed 192.168.178.215 items
INFO request from 192.168.9.50
DEBUG entering function foo
DEBUG cache hit for key=192.168.9.50
DEBUG entering function foo
ERROR connection timeout 503
INFO processed 192.168.57.185 items
ERROR null pointer in module 192.168.178.215
ERROR null pointer in module 192.168.82.31
DEBUG heap size: 192.168.141.220
FATAL segfault at address 0x192.168.215.207
FATAL segfault at address 0x192.168.82.31
DEBUG variable x=192.168.107.168
INFO processed 192.168.107.168 items
ERROR auth failure for user 192.168.189.144
INFO connection established
WARN disk usage 192.168.193.243%
WARN memory threshold reached: 192.168.107.168MB
INFO request from 192.168.193.243
DEBUG variable x=192.168.189.144
WARN disk usage 192.168.219.168%
ERROR auth failure for user 192.168.60.30
WARN slow query: 192.168.36.209ms
DEBUG entering function foo
DEBUG variable x=192.168.60.30
INFO connection established
DEBUG variable x=192.168.178.6
WARN slow query: 192.168.141.220ms
INFO connection established
WARN disk usage 192.168.178.215%
DEBUG heap size: 192.168.211.158
DEBUG heap size: 192.168.142.104
FATAL unrecoverable disk error
ERROR auth failure for user 192.168.36.209
WARN slow query: 192.168.193.243ms
DEBUG heap size: 192.168.193.243
ERROR auth failure for user 192.168.229.48
FATAL unrecoverable disk error
FATAL unrecoverable disk error
ERROR auth failure for user 192.168.141.220
FATAL out of memory
FATAL segfault at address 0x192.168.142.104
INFO connection established
DEBUG variable x=192.168.60.30
DEBUG entering function foo
WARN slow query: 192.168.39.155ms
ERROR connection timeout 503
INFO processed 192.168.142.104 items
DEBUG cache hit for key=192.168.121.141
ERROR null pointer in module 192.168.178.6
FATAL unrecoverable disk error
FATAL segfault at address 0x192.168.193.243
WARN disk usage 192.168.39.155%
WARN memory threshold reached: 192.168.82.31MB
FATAL kernel panic
ERROR null pointer in module 192.168.193.243
ERROR null pointer in module 192.168.215.207
FATAL segfault at address 0x192.168.82.31
FATAL unrecoverable disk error
WARN retry attempt 192.168.215.207 for 44685
FATAL segfault at address 0x192.168.9.50
WARN retry attempt 192.168.92.139 for 77130
WARN memory threshold reached: 192.168.178.6MB
INFO connection established
INFO connection established
WARN memory threshold reached: 192.168.9.50MB
ERROR connection timeout 503
INFO processed 192.168.178.6 items
INFO user 192.168.193.243 logged in
INFO connection established
DEBUG variable x=192.168.142.104
WARN disk usage 192.168.142.104%
DEBUG cache hit for key=192.168.229.48
WARN memory threshold reached: 192.168.60.30MB
ERROR auth failure for user 192.168.57.185
INFO connection established
WARN slow query: 192.168.82.31ms
DEBUG entering function foo
FATAL unrecoverable disk error
WARN disk usage 192.168.60.30%
INFO connection established
WARN disk usage 192.168.178.6%
WARN slow query: 192.168.107.168ms
ERROR connection timeout 503
FATAL unrecoverable disk error
DEBUG heap size: 192.168.142.104
WARN disk usage 192.168.57.185%
FATAL segfault at address 0x192.168.178.6
INFO processed 192.168.82.31 items
DEBUG entering function foo
INFO request from 192.168.121.141
INFO request from 192.168.189.144
WARN memory threshold reached: 192.168.219.168MB
DEBUG cache hit for key=192.168.107.168
ERROR file not found: /tmp/192.168.107.168.log
WARN retry attempt 192.168.229.48 for 21112
WARN slow query: 192.168.92.139ms
ERROR file not found: /tmp/192.168.197.186.log
INFO connection established
WARN memory threshold reached: 192.168.121.141MB
ERROR auth failure for user 192.168.92.139
WARN slow query: 192.168.107.168ms
WARN retry attempt 192.168.215.207 for 21561
ERROR auth failure for user 192.168.211.158
INFO processed 192.168.9.50 items
WARN disk usage 192.168.39.155%
FATAL unrecoverable disk error
WARN disk usage 192.168.82.31%
FATAL segfault at address 0x192.168.9.50
ERROR file not found: /tmp/192.168.60.30.log
ERROR connection timeout 503
FATAL out of memory
ERROR connection timeout 503
WARN disk usage 192.168.193.243%
ERROR auth failure for user 192.168.219.168
WARN memory threshold reached: 192.168.57.185MB
ERROR auth failure for user 192.168.121.141
WARN slow query: 192.168.39.155ms
DEBUG entering function foo
FATAL out of memory
WARN disk usage 192.168.141.220%
FATAL out of memory
WARN disk usage 192.168.9.50%
FATAL kernel panic
DEBUG cache hit for key=192.168.92.139
INFO user 192.168.189.144 logged in
WARN slow query: 192.168.9.50ms
FATAL unrecoverable disk error
FATAL unrecoverable disk error
FATAL segfault at address 0x192.168.229.48
ERROR auth failure for user 192.168.189.144
WARN memory threshold reached: 192.168.121.141MB
FATAL out of memory
WARN retry attempt 192.168.107.168 for 5511
DEBUG heap size: 192.168.189.144
INFO processed 192.168.229.48 items
INFO request from 192.168.189.144
DEBUG entering function foo
ERROR null pointer in module 192.168.215.207
ERROR null pointer in module 192.168.211.158
WARN disk usage 192.168.211.158%
ERROR file not found: /tmp/192.168.60.30.log
DEBUG cache hit for key=192.168.92.139
FATAL out of memory
INFO connection established
DEBUG cache hit for key=192.168.39.155
FATAL kernel panic
FATAL unrecoverable disk error
INFO connection established
DEBUG heap size: 192.168.82.31
DEBUG cache hit for key=192.168.215.207
DEBUG entering function foo
FATAL out of memory
WARN memory threshold reached: 192.168.211.158MB
WARN retry attempt 192.168.141.220 for 39243
DEBUG cache hit for key=192.168.121.141
ERROR auth failure for user 192.168.211.158
INFO processed 192.168.142.104 items
WARN slow query: 192.168.60.30ms
WARN memory threshold reached: 192.168.178.215MB
INFO request from 192.168.57.185
ERROR null pointer in module 192.168.39.155
DEBUG variable x=192.168.92.139
DEBUG heap size: 192.168.107.168
ERROR null pointer in module 192.168.142.104
ERROR null pointer in module 192.168.107.168
ERROR auth failure for user 192.168.229.48
FATAL unrecoverable disk error
ERROR connection timeout 503
WARN disk usage 192.168.82.31%
DEBUG cache hit for key=192.168.107.168
FATAL segfault at address 0x192.168.92.139
ERROR file not found: /tmp/192.168.57.185.log
DEBUG cache hit for key=192.168.92.139
FATAL segfault at address 0x192.168.39.155
INFO user 192.168.92.139 logged in
DEBUG variable x=192.168.121.141
WARN slow query: 192.168.82.31ms
INFO user 192.168.82.31 logged in
DEBUG heap size: 192.168.229.48
DEBUG heap size: 192.168.219.168
DEBUG cache hit for key=192.168.92.139
INFO user 192.168.82.31 logged in
FATAL unrecoverable disk error
DEBUG entering function foo
WARN memory threshold reached: 192.168.211.158MB
WARN retry attempt 192.168.121.141 for 99770
DEBUG entering function foo
INFO user 192.168.193.243 logged in
INFO connection established
WARN retry attempt 192.168.121.141 for 73838
INFO request from 192.168.57.185
FATAL segfault at address 0x192.168.60.30
WARN retry attempt 192.168.36.209 for 71433
WARN slow query: 192.168.142.104ms
ERROR connection timeout 503
FATAL unrecoverable disk error
DEBUG entering function foo
FATAL unrecoverable disk error
ERROR file not found: /tmp/192.168.36.209.log
FATAL out of memory
WARN retry attempt 192.168.178.6 for 88817
WARN slow query: 192.168.193.243ms
WARN disk usage 192.168.9.50%
DEBUG heap size: 192.168.82.31
FATAL kernel panic
FATAL kernel panic
INFO user 192.168.141.220 logged in
ERROR null pointer in module 192.168.189.144
ERROR connection timeout 503
FATAL out of memory
ERROR null pointer in module 192.168.219.168
DEBUG cache hit for key=192.168.178.6
DEBUG cache hit for key=192.168.107.168
FATAL out of memory
INFO request from 192.168.211.158
WARN slow query: 192.168.141.220ms
INFO connection established
DEBUG entering function foo
WARN retry attempt 192.168.142.104 for 21982
WARN disk usage 192.168.60.30%
INFO user 192.168.60.30 logged in
DEBUG heap size: 192.168.189.144
INFO user 192.168.189.144 logged in
INFO user 192.168.107.168 logged in
DEBUG entering function foo
FATAL kernel panic
DEBUG variable x=192.168.197.186
DEBUG variable x=192.168.141.220
DEBUG heap size: 192.168.229.48
WARN retry attempt 192.168.36.209 for 21368
ERROR connection timeout 503
DEBUG entering function foo
FATAL out of memory
DEBUG heap size: 192.168.215.207
FATAL out of memory
FATAL unrecoverable disk error
INFO connection established
DEBUG entering function foo
WARN slow query: 192.168.219.168ms
WARN disk usage 192.168.215.207%
WARN slow query: 192.168.141.220ms
ERROR null pointer in module 192.168.142.104
FATAL out of memory
INFO user 192.168.197.186 logged in
WARN memory threshold reached: 192.168.121.141MB
INFO connection established
INFO processed 192.168.178.215 items
WARN memory threshold reached: 192.168.215.207MB
ERROR connection timeout 503
WARN slow query: 192.168.215.207ms
ERROR null pointer in module 192.168.141.220
ERROR auth failure for user 192.168.107.168
DEBUG variable x=192.168.142.104
WARN slow query: 192.168.142.104ms
ERROR auth failure for user 192.168.178.6
DEBUG cache hit for key=192.168.215.207
DEBUG variable x=192.168.189.144
ERROR null pointer in module 192.168.215.207
WARN disk usage 192.168.9.50%
ERROR auth failure for user 192.168.215.207
DEBUG cache hit for key=192.168.141.220
INFO user 192.168.211.158 logged in
WARN slow query: 192.168.121.141ms
WARN memory threshold reached: 192.168.121.141MB
INFO request from 192.168.92.139
DEBUG cache hit for key=192.168.197.186
ERROR null pointer in module 192.168.121.141
ERROR connection timeout 503
ERROR null pointer in module 192.168.121.141
DEBUG variable x=192.168.82.31
WARN memory threshold reached: 192.168.36.209MB
ERROR connection timeout 503
INFO user 192.168.142.104 logged in
FATAL unrecoverable disk error
DEBUG variable x=192.168.178.215
ERROR file not found: /tmp/192.168.92.139.log
DEBUG heap size: 192.168.107.168
FATAL unrecoverable disk error
FATAL out of memory
INFO processed 192.168.193.243 items
DEBUG variable x=192.168.39.155
DEBUG cache hit for key=192.168.197.186
INFO request from 192.168.219.168
ERROR connection timeout 503
WARN memory threshold reached: 192.168.82.31MB
DEBUG variable x=192.168.229.48
FATAL kernel panic
ERROR null pointer in module 192.168.141.220
WARN disk usage 192.168.39.155%
DEBUG entering function foo
ERROR file not found: /tmp/192.168.215.207.log
FATAL kernel panic
DEBUG variable x=192.168.219.168
INFO request from 192.168.92.139
INFO user 192.168.178.6 logged in
INFO processed 192.168.9.50 items
ERROR null pointer in module 192.168.197.186
DEBUG entering function foo
INFO request from 192.168.82.31
INFO connection established
INFO connection established
INFO connection established
WARN memory threshold reached: 192.168.9.50MB
FATAL unrecoverable disk error
WARN memory threshold reached: 192.168.92.139MB
DEBUG heap size: 192.168.107.168
WARN retry attempt 192.168.141.220 for 71587
FATAL segfault at address 0x192.168.57.185
ERROR null pointer in module 192.168.193.243
ERROR connection timeout 503
INFO user 192.168.141.220 logged in
ERROR auth failure for user 192.168.107.168
INFO connection established
FATAL unrecoverable disk error
INFO user 192.168.142.104 logged in
FATAL segfault at address 0x192.168.219.168
FATAL kernel panic
INFO connection established
INFO processed 192.168.39.155 items
FATAL unrecoverable disk error
ERROR auth failure for user 192.168.211.158
WARN retry attempt 192.168.229.48 for 29819
ERROR auth failure for user 192.168.178.6
INFO processed 192.168.9.50 items
DEBUG variable x=192.168.92.139
WARN memory threshold reached: 192.168.197.186MB
INFO processed 192.168.178.6 items
INFO request from 192.168.219.168
INFO user 192.168.92.139 logged in
INFO connection established
INFO connection established
FATAL segfault at address 0x192.168.141.220
ERROR file not found: /tmp/192.168.178.6.log
ERROR file not found: /tmp/192.168.92.139.log
FATAL kernel panic
FATAL segfault at address 0x192.168.178.215
INFO processed 192.168.189.144 items
ERROR auth failure for user 192.168.57.185
DEBUG cache hit for key=192.168.141.220
FATAL unrecoverable disk error
WARN slow query: 192.168.36.209ms
WARN retry attempt 192.168.92.139 for 16027
FATAL kernel panic
ERROR auth failure for user 192.168.229.48
WARN memory threshold reached: 192.168.57.185MB
ERROR connection timeout 503
ERROR null pointer in module 192.168.39.155
FATAL kernel panic
WARN retry attempt 192.168.215.207 for 65276
FATAL unrecoverable disk error
ERROR file not found: /tmp/192.168.215.207.log
FATAL out of memory
ERROR auth failure for user 192.168.215.207
DEBUG variable x=192.168.39.155
WARN slow query: 192.168.193.243ms
INFO user 192.168.92.139 logged in
ERROR file not found: /tmp/192.168.219.168.log
DEBUG variable x=192.168.92.139
INFO processed 192.168.39.155 items
INFO processed 192.168.121.141 items
ERROR file not found: /tmp/192.168.211.158.log
FATAL kernel panic
DEBUG entering function foo
FATAL unrecoverable disk error
DEBUG heap size: 192.168.229.48
WARN disk usage 192.168.60.30%
FATAL kernel panic
DEBUG entering function foo
DEBUG variable x=192.168.36.209
INFO request from 192.168.36.209
WARN disk usage 192.168.219.168%
ERROR null pointer in module 192.168.189.144
FATAL out of memory
INFO request from 192.168.36.209
ERROR connection timeout 503
FATAL kernel panic
ERROR file not found: /tmp/192.168.193.243.log
WARN retry attempt 192.168.178.6 for 84263
ERROR connection timeout 503
ERROR connection timeout 503
ERROR connection timeout 503
ERROR file not found: /tmp/192.168.92.139.log
DEBUG entering function foo
FATAL segfault at address 0x192.168.229.48
ERROR null pointer in module 192.168.211.158
INFO processed 192.168.82.31 items
ERROR file not found: /tmp/192.168.142.104.log
FATAL unrecoverable disk error
FATAL out of memory
FATAL out of memory
ERROR file not found: /tmp/192.168.39.155.log
FATAL unrecoverable disk error
DEBUG variable x=192.168.57.185
FATAL out of memory
DEBUG heap size: 192.168.142.104
WARN retry attempt 192.168.197.186 for 89209
ERROR file not found: /tmp/192.168.178.215.log
FATAL out of memory
ERROR connection timeout 503
ERROR null pointer in module 192.168.39.155
INFO connection established
FATAL kernel panic
INFO connection established
ERROR file not found: /tmp/192.168.229.48.log
ERROR auth failure for user 192.168.60.30
WARN memory threshold reached: 192.168.178.215MB
DEBUG entering function foo
ERROR file not found: /tmp/192.168.60.30.log
ERROR connection timeout 503
WARN disk usage 192.168.107.168%
FATAL out of memory
FATAL out of memory
FATAL segfault at address 0x192.168.189.144
ERROR null pointer in module 192.168.9.50
INFO connection established
DEBUG entering function foo
FATAL out of memory
DEBUG cache hit for key=192.168.211.158
DEBUG entering function foo
ERROR auth failure for user 192.168.193.243
INFO connection established
WARN disk usage 192.168.219.168%
FATAL unrecoverable disk error
ERROR null pointer in module 192.168.142.104
DEBUG variable x=192.168.107.168
ERROR connection timeout 503
ERROR auth failure for user 192.168.82.31
ERROR null pointer in module 192.168.9.50
ERROR null pointer in module 192.168.92.139
DEBUG variable x=192.168.229.48
WARN disk usage 192.168.82.31%
INFO user 192.168.197.186 logged in
INFO connection established
FATAL unrecoverable disk error
WARN retry attempt 192.168.142.104 for 15849
WARN slow query: 192.168.215.207ms
ERROR file not found: /tmp/192.168.107.168.log
INFO request from 192.168.229.48
ERROR null pointer in module 192.168.107.168
FATAL unrecoverable disk error
DEBUG heap size: 192.168.142.104
DEBUG entering function foo
WARN disk usage 192.168.197.186%
FATAL unrecoverable disk error
ERROR file not found: /tmp/192.168.82.31.log
INFO user 192.168.39.155 logged in
DEBUG entering function foo
FATAL kernel panic
INFO connection established
WARN slow query: 192.168.107.168ms
ERROR null pointer in module 192.168.178.215
FATAL kernel panic
INFO request from 192.168.60.30
WARN slow query: 192.168.57.185ms
ERROR auth failure for user 192.168.82.31
INFO processed 192.168.189.144 items
FATAL segfault at address 0x192.168.121.141
ERROR null pointer in module 192.168.121.141
ERROR null pointer in module 192.168.189.144
WARN slow query: 192.168.82.31ms
FATAL out of memory
WARN retry attempt 192.168.121.141 for 86015
WARN disk usage 192.168.193.243%
FATAL unrecoverable disk error
ERROR file not found: /tmp/192.168.215.207.log
INFO processed 192.168.142.104 items
DEBUG variable x=192.168.121.141
DEBUG entering function foo
INFO request from 192.168.189.144
FATAL kernel panic
WARN disk usage 192.168.39.155%
FATAL kernel panic
FATAL out of memory
WARN slow query: 192.168.142.104ms
FATAL out of memory
ERROR null pointer in module 192.168.219.168
WARN retry attempt 192.168.178.215 for 56520
FATAL kernel panic
ERROR connection timeout 503
WARN retry attempt 192.168.121.141 for 15117
DEBUG cache hit for key=192.168.193.243
DEBUG variable x=192.168.211.158
INFO processed 192.168.39.155 items
DEBUG entering function foo
WARN slow query: 192.168.142.104ms
WARN disk usage 192.168.92.139%
DEBUG entering function foo
INFO user 192.168.197.186 logged in
WARN retry attempt 192.168.60.30 for 22577
FATAL out of memory
DEBUG heap size: 192.168.57.185
DEBUG entering function foo
INFO processed 192.168.178.6 items
FATAL unrecoverable disk error
ERROR null pointer in module 192.168.211.158
INFO request from 192.168.60.30
FATAL kernel panic
WARN memory threshold reached: 192.168.107.168MB
DEBUG variable x=192.168.219.168
WARN slow query: 192.168.229.48ms
WARN retry attempt 192.168.57.185 for 42715
DEBUG heap size: 192.168.189.144
WARN retry attempt 192.168.107.168 for 11772
INFO processed 192.168.60.30 items
ERROR connection timeout 503
WARN memory threshold reached: 192.168.189.144MB
WARN retry attempt 192.168.121.141 for 74436
INFO connection established
ERROR file not found: /tmp/192.168.39.155.log
WARN retry attempt 192.168.36.209 for 47895
DEBUG cache hit for key=192.168.219.168
DEBUG cache hit for key=192.168.211.158
ERROR auth failure for user 192.168.9.50
WARN disk usage 192.168.82.31%
ERROR connection timeout 503
DEBUG cache hit for key=192.168.197.186
DEBUG heap size: 192.168.121.141
ERROR connection timeout 503
DEBUG entering function foo
WARN memory threshold reached: 192.168.229.48MB
INFO processed 192.168.142.104 items
ERROR null pointer in module 192.168.60.30
ERROR auth failure for user 192.168.193.243
FATAL kernel panic
DEBUG variable x=192.168.193.243
INFO processed 192.168.211.158 items
ERROR connection timeout 503
ERROR connection timeout 503
INFO request from 192.168.211.158
DEBUG heap size: 192.168.229.48
DEBUG entering function foo
FATAL unrecoverable disk error
ERROR file not found: /tmp/192.168.39.155.log
INFO request from 192.168.82.31
WARN memory threshold reached: 192.168.107.168MB
WARN disk usage 192.168.141.220%
WARN memory threshold reached: 192.168.9.50MB
FATAL segfault at address 0x192.168.57.185
DEBUG variable x=192.168.215.207
INFO request from 192.168.215.207
FATAL kernel panic
ERROR file not found: /tmp/192.168.92.139.log
ERROR file not found: /tmp/192.168.107.168.log
DEBUG cache hit for key=192.168.60.30
DEBUG heap size: 192.168.9.50
DEBUG variable x=192.168.193.243
FATAL unrecoverable disk error
ERROR file not found: /tmp/192.168.219.168.log
FATAL kernel panic
WARN disk usage 192.168.92.139%
WARN retry attempt 192.168.211.158 for 51161
WARN retry attempt 192.168.142.104 for 72315
WARN disk usage 192.168.197.186%
WARN retry attempt 192.168.229.48 for 21239
INFO user 192.168.60.30 logged in
WARN disk usage 192.168.197.186%
INFO user 192.168.82.31 logged in
FATAL kernel panic
INFO processed 192.168.39.155 items
ERROR file not found: /tmp/192.168.142.104.log
DEBUG cache hit for key=192.168.107.168
WARN retry attempt 192.168.39.155 for 45725
DEBUG cache hit for key=192.168.82.31
WARN retry attempt 192.168.92.139 for 41180
INFO connection established
FATAL out of memory
ERROR file not found: /tmp/192.168.142.104.log
INFO processed 192.168.219.168 items
ERROR null pointer in module 192.168.178.215
INFO connection established
WARN memory threshold reached: 192.168.189.144MB
WARN memory threshold reached: 192.168.229.48MB
INFO user 192.168.229.48 logged in
INFO processed 192.168.141.220 items
FATAL kernel panic
INFO connection established
FATAL segfault at address 0x192.168.57.185
WARN slow query: 192.168.9.50ms
INFO user 192.168.229.48 logged in
FATAL out of memory
WARN retry attempt 192.168.211.158 for 48839
FATAL out of memory
WARN disk usage 192.168.57.185%
FATAL out of memory
INFO processed 192.168.178.215 items
FATAL segfault at address 0x192.168.107.168
WARN retry attempt 192.168.229.48 for 24065
WARN memory threshold reached: 192.168.211.158MB
ERROR file not found: /tmp/192.168.193.243.log
INFO user 192.168.215.207 logged in
ERROR auth failure for user 192.168.215.207
FATAL unrecoverable disk error
WARN memory threshold reached: 192.168.121.141MB
ERROR auth failure for user 192.168.141.220
ERROR auth failure for user 192.168.36.209
FATAL out of memory
INFO user 192.168.57.185 logged in
FATAL unrecoverable disk error
ERROR file not found: /tmp/192.168.92.139.log
FATAL segfault at address 0x192.168.9.50
WARN memory threshold reached: 192.168.92.139MB
INFO connection established
ERROR file not found: /tmp/192.168.178.6.log
INFO connection established
WARN memory threshold reached: 192.168.141.220MB
INFO user 192.168.211.158 logged in
ERROR connection timeout 503
FATAL segfault at address 0x192.168.141.220
INFO processed 192.168.211.158 items
INFO connection established
DEBUG variable x=192.168.60.30
DEBUG entering function foo
WARN memory threshold reached: 192.168.178.215MB
FATAL kernel panic
ERROR auth failure for user 192.168.39.155
DEBUG heap size: 192.168.189.144
FATAL out of memory
WARN retry attempt 192.168.189.144 for 8181
FATAL kernel panic
INFO request from 192.168.57.185
WARN disk usage 192.168.193.243%
ERROR connection timeout 503
DEBUG entering function foo
ERROR file not found: /tmp/192.168.215.207.log
INFO connection established
WARN memory threshold reached: 192.168.141.220MB
FATAL segfault at address 0x192.168.219.168
DEBUG cache hit for key=192.168.107.168
INFO connection established
ERROR auth failure for user 192.168.92.139
FATAL unrecoverable disk error
FATAL kernel panic
INFO user 192.168.60.30 logged in
WARN memory threshold reached: 192.168.121.141MB
FATAL unrecoverable disk error
WARN slow query: 192.168.229.48ms
ERROR connection timeout 503
ERROR auth failure for user 192.168.215.207
DEBUG cache hit for key=192.168.141.220
INFO processed 192.168.215.207 items
FATAL segfault at address 0x192.168.121.141
WARN disk usage 192.168.189.144%
ERROR auth failure for user 192.168.215.207
FATAL out of memory
DEBUG heap size: 192.168.60.30
ERROR connection timeout 503
DEBUG variable x=192.168.215.207
FATAL kernel panic
FATAL segfault at address 0x192.168.178.215
ERROR null pointer in module 192.168.229.48
FATAL kernel panic
WARN memory threshold reached: 192.168.178.6MB
ERROR file not found: /tmp/192.168.39.155.log
ERROR auth failure for user 192.168.211.158
WARN memory threshold reached: 192.168.219.168MB
ERROR null pointer in module 192.168.178.6
INFO request from 192.168.9.50
ERROR connection timeout 503
FATAL out of memory
INFO request from 192.168.92.139
ERROR auth failure for user 192.168.57.185
ERROR null pointer in module 192.168.197.186
ERROR connection timeout 503
DEBUG cache hit for key=192.168.60.30
DEBUG entering function foo
FATAL segfault at address 0x192.168.219.168
INFO request from 192.168.107.168
DEBUG cache hit for key=192.168.189.144
DEBUG variable x=192.168.82.31
ERROR null pointer in module 192.168.60.30
INFO user 192.168.211.158 logged in
ERROR connection timeout 503
DEBUG cache hit for key=192.168.178.215
ERROR auth failure for user 192.168.92.139
INFO request from 192.168.215.207
ERROR connection timeout 503
INFO connection established
FATAL unrecoverable disk error
DEBUG entering function foo
DEBUG heap size: 192.168.193.243
WARN retry attempt 192.168.219.168 for 2984
INFO connection established
INFO connection established
WARN memory threshold reached: 192.168.178.6MB
FATAL segfault at address 0x192.168.121.141
INFO connection established
ERROR file not found: /tmp/192.168.36.209.log
FATAL out of memory
ERROR auth failure for user 192.168.197.186
WARN memory threshold reached: 192.168.178.6MB
ERROR connection timeout 503
INFO user 192.168.57.185 logged in
INFO connection established
INFO processed 192.168.142.104 items
ERROR connection timeout 503
FATAL kernel panic
FATAL segfault at address 0x192.168.142.104
WARN slow query: 192.168.215.207ms
DEBUG cache hit for key=192.168.121.141
ERROR file not found: /tmp/192.168.215.207.log
FATAL out of memory
INFO connection established
FATAL kernel panic
FATAL unrecoverable disk error
INFO processed 192.168.142.104 items
ERROR file not found: /tmp/192.168.9.50.log
FATAL unrecoverable disk error
ERROR auth failure for user 192.168.57.185
ERROR file not found: /tmp/192.168.142.104.log
FATAL unrecoverable disk error
ERROR auth failure for user 192.168.211.158
ERROR null pointer in module 192.168.57.185
INFO request from 192.168.57.185
ERROR connection timeout 503
DEBUG cache hit for key=192.168.121.141
WARN retry attempt 192.168.189.144 for 90857
INFO user 192.168.229.48 logged in
DEBUG variable x=192.168.189.144
WARN slow query: 192.168.229.48ms
DEBUG entering function foo
WARN memory threshold reached: 192.168.57.185MB
FATAL out of memory
WARN disk usage 192.168.92.139%
INFO connection established
FATAL segfault at address 0x192.168.60.30
FATAL segfault at address 0x192.168.197.186
FATAL unrecoverable disk error
INFO request from 192.168.211.158
INFO processed 192.168.178.215 items
DEBUG cache hit for key=192.168.9.50
INFO user 192.168.197.186 logged in
DEBUG entering function foo
WARN retry attempt 192.168.92.139 for 63102
ERROR null pointer in module 192.168.219.168
WARN retry attempt 192.168.39.155 for 71242
INFO connection established
DEBUG variable x=192.168.215.207
DEBUG entering function foo
FATAL unrecoverable disk error
WARN memory threshold reached: 192.168.215.207MB
FATAL out of memory
WARN retry attempt 192.168.107.168 for 21811
WARN retry attempt 192.168.178.215 for 70747
DEBUG cache hit for key=192.168.211.158
WARN disk usage 192.168.211.158%
WARN slow query: 192.168.82.31ms
WARN slow query: 192.168.39.155ms
INFO processed 192.168.219.168 items
FATAL out of memory
ERROR null pointer in module 192.168.60.30
INFO connection established
WARN retry attempt 192.168.60.30 for 95488
ERROR connection timeout 503
ERROR null pointer in module 192.168.60.30
DEBUG variable x=192.168.178.215
WARN memory threshold reached: 192.168.178.6MB
WARN memory threshold reached: 192.168.197.186MB
DEBUG variable x=192.168.197.186
INFO connection established
FATAL kernel panic
WARN retry attempt 192.168.197.186 for 86526
WARN retry attempt 192.168.36.209 for 82774
INFO connection established
FATAL segfault at address 0x192.168.9.50
FATAL unrecoverable disk error
INFO user 192.168.107.168 logged in
ERROR file not found: /tmp/192.168.141.220.log
FATAL kernel panic
INFO user 192.168.189.144 logged in
ERROR null pointer in module 192.168.60.30
ERROR auth failure for user 192.168.36.209
FATAL unrecoverable disk error
DEBUG entering function foo
DEBUG cache hit for key=192.168.178.215
ERROR file not found: /tmp/192.168.57.185.log
FATAL kernel panic
DEBUG cache hit for key=192.168.82.31
DEBUG heap size: 192.168.211.158
FATAL unrecoverable disk error
WARN slow query: 192.168.9.50ms
FATAL kernel panic
INFO user 192.168.215.207 logged in
DEBUG variable x=192.168.178.215
INFO request from 192.168.229.48
DEBUG cache hit for key=192.168.36.209
ERROR file not found: /tmp/192.168.197.186.log
WARN memory threshold reached: 192.168.141.220MB
ERROR connection timeout 503
FATAL unrecoverable disk error
WARN disk usage 192.168.57.185%
FATAL unrecoverable disk error
DEBUG cache hit for key=192.168.215.207
INFO request from 192.168.36.209
WARN disk usage 192.168.107.168%
FATAL kernel panic
ERROR null pointer in module 192.168.219.168
FATAL unrecoverable disk error
ERROR null pointer in module 192.168.229.48
WARN slow query: 192.168.219.168ms
ERROR auth failure for user 192.168.229.48
DEBUG variable x=192.168.82.31
DEBUG heap size: 192.168.60.30
WARN slow query: 192.168.229.48ms
INFO connection established
DEBUG entering function foo
FATAL out of memory
DEBUG variable x=192.168.92.139
DEBUG cache hit for key=192.168.189.144
WARN retry attempt 192.168.39.155 for 15248
FATAL out of memory
FATAL out of memory
FATAL unrecoverable disk error
INFO request from 192.168.142.104
WARN retry attempt 192.168.197.186 for 148
DEBUG variable x=192.168.178.215
WARN slow query: 192.168.107.168ms
DEBUG variable x=192.168.92.139
WARN memory threshold reached: 192.168.121.141MB
WARN memory threshold reached: 192.168.219.168MB
INFO processed 192.168.219.168 items
WARN disk usage 192.168.189.144%
ERROR auth failure for user 192.168.219.168
ERROR auth failure for user 192.168.197.186
ERROR file not found: /tmp/192.168.39.155.log
INFO processed 192.168.219.168 items
WARN slow query: 192.168.219.168ms
ERROR auth failure for user 192.168.189.144
FATAL kernel panic
INFO processed 192.168.229.48 items
WARN retry attempt 192.168.197.186 for 21737
FATAL unrecoverable disk error
INFO connection established
INFO connection established
WARN slow query: 192.168.219.168ms
WARN slow query: 192.168.178.215ms
WARN disk usage 192.168.219.168%
WARN disk usage 192.168.36.209%
ERROR auth failure for user 192.168.193.243
DEBUG cache hit for key=192.168.142.104
FATAL unrecoverable disk error
WARN retry attempt 192.168.229.48 for 29421
WARN memory threshold reached: 192.168.9.50MB
ERROR connection timeout 503
ERROR connection timeout 503
ERROR auth failure for user 192.168.229.48
ERROR connection timeout 503
ERROR connection timeout 503
DEBUG cache hit for key=192.168.193.243
FATAL segfault at address 0x192.168.39.155
ERROR file not found: /tmp/192.168.39.155.log
FATAL unrecoverable disk error
WARN disk usage 192.168.92.139%
DEBUG heap size: 192.168.82.31
INFO user 192.168.107.168 logged in
INFO user 192.168.193.243 logged in
DEBUG heap size: 192.168.178.6
WARN disk usage 192.168.189.144%
FATAL segfault at address 0x192.168.219.168
INFO user 192.168.178.215 logged in
DEBUG cache hit for key=192.168.57.185
WARN retry attempt 192.168.82.31 for 61360
INFO request from 192.168.60.30
INFO request from 192.168.39.155
ERROR connection timeout 503
ERROR null pointer in module 192.168.141.220
FATAL segfault at address 0x192.168.229.48
ERROR auth failure for user 192.168.229.48
DEBUG heap size: 192.168.39.155
FATAL segfault at address 0x192.168.141.220
FATAL unrecoverable disk error
ERROR file not found: /tmp/192.168.215.207.log
INFO request from 192.168.229.48
DEBUG heap size: 192.168.141.220
FATAL unrecoverable disk error
FATAL unrecoverable disk error
ERROR auth failure for user 192.168.197.186
WARN memory threshold reached: 192.168.9.50MB
INFO connection established
INFO user 192.168.107.168 logged in
DEBUG heap size: 192.168.193.243
ERROR file not found: /tmp/192.168.215.207.log
INFO connection established
FATAL out of memory
ERROR auth failure for user 192.168.178.215
INFO processed 192.168.215.207 items
ERROR null pointer in module 192.168.107.168
WARN slow query: 192.168.82.31ms
WARN retry attempt 192.168.142.104 for 50012
WARN slow query: 192.168.197.186ms
WARN retry attempt 192.168.39.155 for 11610
DEBUG cache hit for key=192.168.189.144
ERROR null pointer in module 192.168.92.139
FATAL unrecoverable disk error
WARN slow query: 192.168.57.185ms
FATAL segfault at address 0x192.168.121.141
ERROR auth failure for user 192.168.197.186
FATAL kernel panic
DEBUG cache hit for key=192.168.82.31
INFO user 192.168.215.207 logged in
ERROR connection timeout 503
ERROR file not found: /tmp/192.168.219.168.log
INFO processed 192.168.219.168 items
ERROR connection timeout 503
ERROR file not found: /tmp/192.168.36.209.log
DEBUG cache hit for key=192.168.9.50
WARN slow query: 192.168.82.31ms
ERROR file not found: /tmp/192.168.9.50.log
FATAL unrecoverable disk error
FATAL unrecoverable disk error
DEBUG heap size: 192.168.36.209
DEBUG entering function foo
DEBUG heap size: 192.168.121.141
INFO processed 192.168.36.209 items
DEBUG variable x=192.168.36.209
ERROR auth failure for user 192.168.36.209
INFO connection established
WARN memory threshold reached: 192.168.9.50MB
ERROR file not found: /tmp/192.168.142.104.log
WARN disk usage 192.168.178.215%
DEBUG cache hit for key=192.168.57.185
ERROR null pointer in module 192.168.178.6
FATAL segfault at address 0x192.168.107.168
ERROR connection timeout 503
ERROR null pointer in module 192.168.193.243
ERROR auth failure for user 192.168.215.207
ERROR auth failure for user 192.168.57.185
DEBUG cache hit for key=192.168.211.158
FATAL segfault at address 0x192.168.36.209
ERROR auth failure for user 192.168.178.6
INFO request from 192.168.178.6
INFO processed 192.168.142.104 items
INFO processed 192.168.219.168 items
INFO request from 192.168.39.155
ERROR null pointer in module 192.168.197.186
FATAL kernel panic
INFO processed 192.168.60.30 items
ERROR null pointer in module 192.168.178.6
INFO user 192.168.197.186 logged in
WARN retry attempt 192.168.219.168 for 44170
INFO connection established
INFO processed 192.168.141.220 items
WARN memory threshold reached: 192.168.189.144MB
ERROR auth failure for user 192.168.215.207
WARN slow query: 192.168.178.6ms
INFO processed 192.168.219.168 items
FATAL segfault at address 0x192.168.197.186
INFO user 192.168.178.215 logged in
ERROR auth failure for user 192.168.60.30
DEBUG entering function foo
ERROR null pointer in module 192.168.9.50
DEBUG heap size: 192.168.189.144
INFO user 192.168.57.185 logged in
INFO connection established
WARN slow query: 192.168.39.155ms
ERROR auth failure for user 192.168.36.209
DEBUG cache hit for key=192.168.229.48
ERROR null pointer in module 192.168.9.50
WARN slow query: 192.168.178.215ms
FATAL unrecoverable disk error
WARN slow query: 192.168.39.155ms
DEBUG variable x=192.168.189.144
DEBUG variable x=192.168.57.185
WARN retry attempt 192.168.121.141 for 37570
DEBUG entering function foo
WARN slow query: 192.168.215.207ms
ERROR file not found: /tmp/192.168.57.185.log
FATAL unrecoverable disk error
ERROR file not found: /tmp/192.168.57.185.log
INFO request from 192.168.215.207
ERROR file not found: /tmp/192.168.36.209.log
INFO user 192.168.211.158 logged in
ERROR connection timeout 503
DEBUG variable x=192.168.60.30
DEBUG entering function foo
DEBUG variable x=192.168.36.209
INFO connection established
FATAL unrecoverable disk error
INFO processed 192.168.39.155 items
WARN slow query: 192.168.219.168ms
ERROR file not found: /tmp/192.168.215.207.log
ERROR auth failure for user 192.168.60.30
ERROR auth failure for user 192.168.193.243
DEBUG heap size: 192.168.141.220
INFO connection established
ERROR null pointer in module 192.168.189.144
FATAL unrecoverable disk error
INFO processed 192.168.57.185 items
FATAL kernel panic
INFO request from 192.168.229.48
WARN slow query: 192.168.121.141ms
ERROR connection timeout 503
ERROR auth failure for user 192.168.215.207
WARN retry attempt 192.168.229.48 for 35736
ERROR null pointer in module 192.168.178.215
DEBUG heap size: 192.168.215.207
INFO connection established
INFO processed 192.168.9.50 items
WARN slow query: 192.168.121.141ms
WARN disk usage 192.168.189.144%
FATAL segfault at address 0x192.168.9.50
FATAL segfault at address 0x192.168.193.243
DEBUG cache hit for key=192.168.178.6
ERROR null pointer in module 192.168.57.185
INFO connection established
WARN memory threshold reached: 192.168.211.158MB
FATAL kernel panic
INFO connection established
FATAL segfault at address 0x192.168.193.243
FATAL segfault at address 0x192.168.197.186
WARN memory threshold reached: 192.168.92.139MB
ERROR null pointer in module 192.168.60.30
INFO user 192.168.178.6 logged in
ERROR connection timeout 503
DEBUG entering function foo
FATAL kernel panic
ERROR file not found: /tmp/192.168.82.31.log
WARN memory threshold reached: 192.168.60.30MB
FATAL segfault at address 0x192.168.36.209
DEBUG cache hit for key=192.168.57.185
WARN slow query: 192.168.57.185ms
ERROR connection timeout 503
INFO connection established
FATAL out of memory
FATAL segfault at address 0x192.168.57.185
WARN disk usage 192.168.229.48%
FATAL segfault at address 0x192.168.9.50
DEBUG variable x=192.168.178.6
DEBUG entering function foo
ERROR null pointer in module 192.168.178.215
FATAL out of memory
FATAL unrecoverable disk error
FATAL unrecoverable disk error
WARN retry attempt 192.168.60.30 for 73777
DEBUG cache hit for key=192.168.39.155
DEBUG variable x=192.168.92.139
WARN retry attempt 192.168.141.220 for 44686
DEBUG entering function foo
DEBUG heap size: 192.168.178.215
ERROR file not found: /tmp/192.168.60.30.log
FATAL out of memory
WARN slow query: 192.168.60.30ms
DEBUG variable x=192.168.178.215
ERROR null pointer in module 192.168.141.220
INFO request from 192.168.211.158
WARN retry attempt 192.168.229.48 for 16068
WARN slow query: 192.168.60.30ms
DEBUG entering function foo
FATAL kernel panic
DEBUG entering function foo
DEBUG heap size: 192.168.178.6
DEBUG heap size: 192.168.36.209
FATAL kernel panic
FATAL segfault at address 0x192.168.121.141
FATAL segfault at address 0x192.168.189.144
INFO connection established
INFO user 192.168.141.220 logged in
ERROR connection timeout 503
WARN disk usage 192.168.9.50%
INFO request from 192.168.197.186
WARN slow query: 192.168.178.215ms
DEBUG cache hit for key=192.168.193.243
WARN memory threshold reached: 192.168.82.31MB
DEBUG entering function foo
DEBUG heap size: 192.168.189.144
DEBUG heap size: 192.168.142.104
INFO connection established
FATAL out of memory
FATAL kernel panic
FATAL kernel panic
FATAL out of memory
DEBUG heap size: 192.168.219.168
WARN slow query: 192.168.189.144ms
INFO request from 192.168.36.209
WARN retry attempt 192.168.178.6 for 18832
WARN memory threshold reached: 192.168.178.6MB
FATAL unrecoverable disk error
ERROR auth failure for user 192.168.178.215
INFO request from 192.168.92.139
DEBUG variable x=192.168.197.186
DEBUG variable x=192.168.178.6
DEBUG variable x=192.168.36.209
INFO processed 192.168.193.243 items
FATAL segfault at address 0x192.168.211.158
WARN retry attempt 192.168.178.6 for 17900
FATAL out of memory
ERROR file not found: /tmp/192.168.178.215.log
DEBUG variable x=192.168.92.139
FATAL kernel panic
FATAL segfault at address 0x192.168.178.6
ERROR auth failure for user 192.168.229.48
WARN slow query: 192.168.211.158ms
INFO request from 192.168.121.141
ERROR connection timeout 503
WARN retry attempt 192.168.178.215 for 41019
ERROR null pointer in module 192.168.197.186
FATAL segfault at address 0x192.168.121.141
WARN disk usage 192.168.107.168%
INFO user 192.168.9.50 logged in
DEBUG variable x=192.168.178.215
FATAL unrecoverable disk error
ERROR connection timeout 503
WARN retry attempt 192.168.211.158 for 63604
INFO request from 192.168.215.207
FATAL out of memory
ERROR connection timeout 503
FATAL out of memory
WARN slow query: 192.168.142.104ms
INFO processed 192.168.142.104 items
WARN slow query: 192.168.211.158ms
INFO request from 192.168.197.186
ERROR auth failure for user 192.168.229.48
WARN retry attempt 192.168.57.185 for 15459
ERROR null pointer in module 192.168.197.186
INFO connection established
FATAL out of memory
DEBUG variable x=192.168.9.50
FATAL out of memory
DEBUG entering function foo
INFO processed 192.168.36.209 items
WARN memory threshold reached: 192.168.9.50MB
DEBUG heap size: 192.168.229.48
INFO processed 192.168.178.6 items
ERROR null pointer in module 192.168.229.48
DEBUG variable x=192.168.141.220
WARN slow query: 192.168.193.243ms
FATAL segfault at address 0x192.168.219.168
DEBUG cache hit for key=192.168.215.207
INFO request from 192.168.211.158
FATAL segfault at address 0x192.168.39.155
WARN slow query: 192.168.211.158ms
WARN retry attempt 192.168.142.104 for 73752
DEBUG entering function foo
FATAL segfault at address 0x192.168.229.48
FATAL kernel panic
ERROR connection timeout 503
WARN slow query: 192.168.36.209ms
DEBUG heap size: 192.168.229.48
FATAL unrecoverable disk error
WARN disk usage 192.168.142.104%
INFO request from 192.168.189.144
WARN memory threshold reached: 192.168.92.139MB
DEBUG heap size: 192.168.60.30
FATAL segfault at address 0x192.168.9.50
DEBUG cache hit for key=192.168.211.158
WARN retry attempt 192.168.141.220 for 17391
DEBUG heap size: 192.168.178.215
WARN disk usage 192.168.36.209%
DEBUG cache hit for key=192.168.39.155
INFO user 192.168.36.209 logged in
ERROR file not found: /tmp/192.168.229.48.log
FATAL out of memory
FATAL unrecoverable disk error
ERROR null pointer in module 192.168.189.144
FATAL segfault at address 0x192.168.189.144
ERROR auth failure for user 192.168.193.243
INFO processed 192.168.39.155 items
ERROR connection timeout 503
WARN slow query: 192.168.82.31ms
FATAL out of memory
DEBUG entering function foo
ERROR file not found: /tmp/192.168.178.6.log
DEBUG entering function foo
FATAL kernel panic
DEBUG heap size: 192.168.193.243
DEBUG cache hit for key=192.168.142.104
WARN slow query: 192.168.36.209ms
INFO connection established
FATAL segfault at address 0x192.168.60.30
DEBUG entering function foo
WARN slow query: 192.168.211.158ms
INFO processed 192.168.215.207 items
FATAL kernel panic
WARN slow query: 192.168.178.6ms
INFO processed 192.168.9.50 items
ERROR connection timeout 503
WARN disk usage 192.168.211.158%
ERROR connection timeout 503
FATAL kernel panic
INFO connection established
WARN disk usage 192.168.178.6%
DEBUG variable x=192.168.92.139
ERROR file not found: /tmp/192.168.193.243.log
DEBUG cache hit for key=192.168.60.30
FATAL unrecoverable disk error
FATAL out of memory
ERROR file not found: /tmp/192.168.178.6.log
INFO user 192.168.178.215 logged in
FATAL out of memory
ERROR null pointer in module 192.168.141.220
ERROR file not found: /tmp/192.168.197.186.log
FATAL out of memory
WARN retry attempt 192.168.121.141 for 46257
WARN slow query: 192.168.36.209ms
WARN disk usage 192.168.211.158%
INFO connection established
INFO connection established
ERROR null pointer in module 192.168.57.185
WARN disk usage 192.168.178.6%
ERROR null pointer in module 192.168.142.104
DEBUG variable x=192.168.219.168
DEBUG heap size: 192.168.36.209
INFO connection established
ERROR file not found: /tmp/192.168.141.220.log
INFO processed 192.168.189.144 items
ERROR null pointer in module 192.168.193.243
DEBUG variable x=192.168.215.207
DEBUG entering function foo
FATAL segfault at address 0x192.168.178.215
FATAL out of memory
FATAL unrecoverable disk error
INFO connection established
WARN memory threshold reached: 192.168.39.155MB
INFO request from 192.168.82.31
DEBUG variable x=192.168.82.31
FATAL out of memory
DEBUG cache hit for key=192.168.193.243
WARN memory threshold reached: 192.168.92.139MB
DEBUG variable x=192.168.229.48
INFO user 192.168.211.158 logged in
DEBUG cache hit for key=192.168.92.139
ERROR auth failure for user 192.168.36.209
WARN memory threshold reached: 192.168.178.6MB
INFO request from 192.168.57.185
DEBUG entering function foo
INFO processed 192.168.197.186 items
FATAL kernel panic
WARN slow query: 192.168.215.207ms
ERROR connection timeout 503
ERROR auth failure for user 192.168.197.186
FATAL out of memory
INFO user 192.168.189.144 logged in
ERROR auth failure for user 192.168.215.207
INFO processed 192.168.107.168 items
ERROR auth failure for user 192.168.178.215
INFO user 192.168.141.220 logged in
INFO user 192.168.215.207 logged in
WARN disk usage 192.168.141.220%
ERROR connection timeout 503
ERROR file not found: /tmp/192.168.121.141.log
FATAL kernel panic
INFO request from 192.168.211.158
ERROR null pointer in module 192.168.82.31
WARN memory threshold reached: 192.168.92.139MB
INFO request from 192.168.57.185
WARN retry attempt 192.168.178.6 for 78455
FATAL out of memory
INFO request from 192.168.121.141
WARN retry attempt 192.168.141.220 for 36261
WARN disk usage 192.168.39.155%
DEBUG entering function foo
WARN retry attempt 192.168.39.155 for 86726
WARN retry attempt 192.168.121.141 for 40435
INFO processed 192.168.142.104 items
INFO user 192.168.121.141 logged in
DEBUG cache hit for key=192.168.9.50
INFO connection established
ERROR file not found: /tmp/192.168.107.168.log
INFO request from 192.168.36.209
WARN retry attempt 192.168.82.31 for 17754
DEBUG cache hit for key=192.168.141.220
WARN memory threshold reached: 192.168.36.209MB
WARN memory threshold reached: 192.168.229.48MB
FATAL unrecoverable disk error
INFO user 192.168.215.207 logged in
ERROR file not found: /tmp/192.168.178.6.log
DEBUG entering function foo
DEBUG cache hit for key=192.168.92.139
FATAL segfault at address 0x192.168.193.243
FATAL segfault at address 0x192.168.60.30
INFO request from 192.168.92.139
INFO request from 192.168.142.104
ERROR file not found: /tmp/192.168.219.168.log
FATAL out of memory
ERROR null pointer in module 192.168.189.144
ERROR auth failure for user 192.168.39.155
ERROR file not found: /tmp/192.168.92.139.log
DEBUG entering function foo
FATAL unrecoverable disk error
INFO connection established
DEBUG cache hit for key=192.168.57.185
ERROR auth failure for user 192.168.57.185
DEBUG cache hit for key=192.168.121.141
INFO connection established
INFO processed 192.168.39.155 items
INFO processed 192.168.142.104 items
DEBUG variable x=192.168.193.243
ERROR null pointer in module 192.168.178.6
WARN slow query: 192.168.178.215ms
WARN disk usage 192.168.215.207%
FATAL unrecoverable disk error
WARN memory threshold reached: 192.168.211.158MB
WARN slow query: 192.168.36.209ms
FATAL kernel panic
WARN retry attempt 192.168.211.158 for 58095
INFO processed 192.168.197.186 items
FATAL unrecoverable disk error
DEBUG cache hit for key=192.168.178.215
WARN retry attempt 192.168.57.185 for 84439
WARN slow query: 192.168.189.144ms
ERROR file not found: /tmp/192.168.121.141.log
INFO processed 192.168.121.141 items
FATAL out of memory
DEBUG variable x=192.168.92.139
INFO connection established
INFO request from 192.168.178.215
INFO connection established
DEBUG variable x=192.168.193.243
ERROR connection timeout 503
INFO request from 192.168.9.50
FATAL kernel panic
DEBUG heap size: 192.168.60.30
ERROR auth failure for user 192.168.57.185
DEBUG variable x=192.168.82.31
WARN disk usage 192.168.82.31%
WARN disk usage 192.168.141.220%
FATAL unrecoverable disk error
INFO request from 192.168.142.104
DEBUG variable x=192.168.36.209
INFO processed 192.168.229.48 items
FATAL segfault at address 0x192.168.107.168
DEBUG cache hit for key=192.168.141.220
INFO request from 192.168.60.30
WARN disk usage 192.168.141.220%
ERROR connection timeout 503
ERROR file not found: /tmp/192.168.107.168.log
ERROR connection timeout 503
FATAL unrecoverable disk error
DEBUG variable x=192.168.178.6
FATAL unrecoverable disk error
WARN disk usage 192.168.229.48%
DEBUG variable x=192.168.229.48
ERROR null pointer in module 192.168.197.186
ERROR file not found: /tmp/192.168.211.158.log
ERROR connection timeout 503
ERROR auth failure for user 192.168.9.50
ERROR null pointer in module 192.168.121.141
WARN disk usage 192.168.229.48%
DEBUG heap size: 192.168.197.186
FATAL out of memory
FATAL segfault at address 0x192.168.107.168
DEBUG variable x=192.168.82.31
WARN slow query: 192.168.211.158ms
DEBUG entering function foo
DEBUG entering function foo
ERROR file not found: /tmp/192.168.197.186.log
ERROR auth failure for user 192.168.178.215
DEBUG heap size: 192.168.39.155
DEBUG cache hit for key=192.168.215.207
WARN memory threshold reached: 192.168.57.185MB
WARN retry attempt 192.168.121.141 for 1296
WARN disk usage 192.168.197.186%
FATAL kernel panic
ERROR connection timeout 503
INFO connection established
WARN retry attempt 192.168.9.50 for 39871
INFO connection established
ERROR file not found: /tmp/192.168.197.186.log
FATAL kernel panic
DEBUG heap size: 192.168.178.215
DEBUG entering function foo
DEBUG variable x=192.168.39.155
DEBUG entering function foo
WARN retry attempt 192.168.141.220 for 21551
FATAL unrecoverable disk error
WARN disk usage 192.168.215.207%
FATAL unrecoverable disk error
INFO user 192.168.178.6 logged in
WARN slow query: 192.168.82.31ms
INFO user 192.168.39.155 logged in
DEBUG heap size: 192.168.219.168
FATAL kernel panic
FATAL segfault at address 0x192.168.219.168
ERROR auth failure for user 192.168.211.158
DEBUG variable x=192.168.121.141
WARN retry attempt 192.168.229.48 for 30207
ERROR null pointer in module 192.168.141.220
DEBUG entering function foo
FATAL kernel panic
WARN disk usage 192.168.141.220%
ERROR null pointer in module 192.168.39.155
ERROR file not found: /tmp/192.168.36.209.log
ERROR connection timeout 503
WARN slow query: 192.168.142.104ms
FATAL kernel panic
FATAL unrecoverable disk error
ERROR null pointer in module 192.168.141.220
ERROR null pointer in module 192.168.39.155
ERROR connection timeout 503
INFO processed 192.168.178.6 items
FATAL kernel panic
DEBUG heap size: 192.168.39.155
ERROR null pointer in module 192.168.82.31
FATAL unrecoverable disk error
INFO processed 192.168.60.30 items
ERROR auth failure for user 192.168.211.158
WARN slow query: 192.168.189.144ms
WARN disk usage 192.168.229.48%
ERROR auth failure for user 192.168.197.186
DEBUG heap size: 192.168.197.186
INFO connection established
DEBUG entering function foo
DEBUG heap size: 192.168.142.104
FATAL out of memory
FATAL out of memory
DEBUG heap size: 192.168.229.48
DEBUG cache hit for key=192.168.215.207
FATAL out of memory
INFO connection established
DEBUG variable x=192.168.142.104
DEBUG cache hit for key=192.168.82.31
INFO connection established
WARN memory threshold reached: 192.168.193.243MB
DEBUG variable x=192.168.39.155
WARN slow query: 192.168.142.104ms
ERROR auth failure for user 192.168.60.30
INFO user 192.168.193.243 logged in
FATAL unrecoverable disk error
INFO connection established
FATAL out of memory
FATAL segfault at address 0x192.168.141.220
FATAL unrecoverable disk error
ERROR connection timeout 503
FATAL segfault at address 0x192.168.60.30
ERROR file not found: /tmp/192.168.36.209.log
ERROR auth failure for user 192.168.142.104
WARN memory threshold reached: 192.168.229.48MB
ERROR file not found: /tmp/192.168.197.186.log
DEBUG cache hit for key=192.168.82.31
WARN memory threshold reached: 192.168.82.31MB
WARN disk usage 192.168.142.104%
WARN slow query: 192.168.39.155ms
ERROR null pointer in module 192.168.9.50
FATAL segfault at address 0x192.168.219.168
INFO connection established
DEBUG cache hit for key=192.168.189.144
ERROR file not found: /tmp/192.168.178.6.log
DEBUG variable x=192.168.229.48
FATAL out of memory
DEBUG variable x=192.168.36.209
DEBUG variable x=192.168.36.209
DEBUG variable x=192.168.107.168
DEBUG entering function foo
WARN disk usage 192.168.219.168%
ERROR null pointer in module 192.168.9.50
INFO connection established
ERROR file not found: /tmp/192.168.57.185.log
ERROR auth failure for user 192.168.57.185
DEBUG entering function foo
DEBUG cache hit for key=192.168.215.207
WARN memory threshold reached: 192.168.178.6MB
ERROR file not found: /tmp/192.168.60.30.log
DEBUG entering function foo
WARN slow query: 192.168.142.104ms
ERROR connection timeout 503
ERROR file not found: /tmp/192.168.211.158.log
WARN retry attempt 192.168.36.209 for 84749
FATAL out of memory
INFO connection established
FATAL out of memory
ERROR null pointer in module 192.168.107.168
DEBUG entering function foo
DEBUG heap size: 192.168.57.185
DEBUG variable x=192.168.39.155
ERROR null pointer in module 192.168.211.158
ERROR file not found: /tmp/192.168.9.50.log
INFO user 192.168.178.215 logged in
WARN disk usage 192.168.82.31%
WARN retry attempt 192.168.197.186 for 71280
INFO request from 192.168.107.168
ERROR null pointer in module 192.168.229.48
INFO user 192.168.189.144 logged in
FATAL unrecoverable disk error
INFO connection established
WARN memory threshold reached: 192.168.178.215MB
WARN memory threshold reached: 192.168.178.215MB
DEBUG heap size: 192.168.107.168
ERROR auth failure for user 192.168.197.186
WARN disk usage 192.168.219.168%
FATAL segfault at address 0x192.168.193.243
DEBUG cache hit for key=192.168.211.158
WARN retry attempt 192.168.92.139 for 49535
WARN memory threshold reached: 192.168.215.207MB
ERROR connection timeout 503
DEBUG entering function foo
DEBUG heap size: 192.168.229.48
ERROR file not found: /tmp/192.168.36.209.log
FATAL unrecoverable disk error
INFO processed 192.168.121.141 items
WARN memory threshold reached: 192.168.141.220MB
DEBUG heap size: 192.168.82.31
INFO request from 192.168.9.50
ERROR connection timeout 503
DEBUG variable x=192.168.211.158
INFO user 192.168.178.215 logged in
FATAL segfault at address 0x192.168.193.243
ERROR file not found: /tmp/192.168.60.30.log
ERROR null pointer in module 192.168.60.30
INFO processed 192.168.211.158 items
FATAL kernel panic
DEBUG heap size: 192.168.121.141
WARN memory threshold reached: 192.168.189.144MB
WARN retry attempt 192.168.39.155 for 29439
WARN memory threshold reached: 192.168.121.141MB
ERROR file not found: /tmp/192.168.82.31.log
WARN retry attempt 192.168.82.31 for 19078
DEBUG heap size: 192.168.219.168
FATAL kernel panic
FATAL segfault at address 0x192.168.36.209
DEBUG heap size: 192.168.57.185
DEBUG heap size: 192.168.229.48
DEBUG variable x=192.168.178.215
ERROR null pointer in module 192.168.82.31
WARN slow query: 192.168.82.31ms
ERROR auth failure for user 192.168.36.209
ERROR auth failure for user 192.168.57.185
FATAL unrecoverable disk error
DEBUG cache hit for key=192.168.57.185
ERROR auth failure for user 192.168.141.220
DEBUG variable x=192.168.36.209
ERROR auth failure for user 192.168.107.168
FATAL kernel panic
FATAL unrecoverable disk error
INFO request from 192.168.189.144
DEBUG variable x=192.168.92.139
WARN disk usage 192.168.60.30%
WARN memory threshold reached: 192.168.178.215MB
ERROR connection timeout 503
FATAL kernel panic
WARN disk usage 192.168.193.243%
FATAL segfault at address 0x192.168.197.186
INFO connection established
DEBUG cache hit for key=192.168.229.48
WARN disk usage 192.168.142.104%
DEBUG cache hit for key=192.168.9.50
DEBUG heap size: 192.168.229.48
FATAL segfault at address 0x192.168.219.168
ERROR connection timeout 503
DEBUG cache hit for key=192.168.211.158
FATAL segfault at address 0x192.168.57.185
INFO request from 192.168.57.185
FATAL kernel panic
ERROR connection timeout 503
INFO user 192.168.57.185 logged in
WARN slow query: 192.168.215.207ms
INFO processed 192.168.9.50 items
ERROR auth failure for user 192.168.82.31
ERROR connection timeout 503
INFO processed 192.168.219.168 items
INFO connection established
ERROR connection timeout 503
FATAL segfault at address 0x192.168.142.104
FATAL unrecoverable disk error
ERROR null pointer in module 192.168.219.168
ERROR auth failure for user 192.168.215.207
WARN disk usage 192.168.178.6%
FATAL kernel panic
ERROR null pointer in module 192.168.229.48
DEBUG heap size: 192.168.215.207
ERROR connection timeout 503
ERROR null pointer in module 192.168.92.139
WARN disk usage 192.168.229.48%
INFO user 192.168.57.185 logged in
WARN disk usage 192.168.215.207%
INFO connection established
WARN retry attempt 192.168.36.209 for 35490
FATAL kernel panic
FATAL segfault at address 0x192.168.178.6
INFO processed 192.168.178.215 items
FATAL unrecoverable disk error
WARN slow query: 192.168.193.243ms
DEBUG heap size: 192.168.197.186
ERROR null pointer in module 192.168.92.139
FATAL unrecoverable disk error
ERROR connection timeout 503
ERROR null pointer in module 192.168.60.30
WARN disk usage 192.168.211.158%
ERROR null pointer in module 192.168.197.186
DEBUG entering function foo
FATAL out of memory
DEBUG heap size: 192.168.219.168
ERROR auth failure for user 192.168.193.243
INFO connection established
DEBUG cache hit for key=192.168.9.50
FATAL kernel panic
INFO processed 192.168.92.139 items
ERROR file not found: /tmp/192.168.141.220.log
ERROR auth failure for user 192.168.178.6
ERROR auth failure for user 192.168.178.6
ERROR auth failure for user 192.168.178.6
DEBUG cache hit for key=192.168.57.185
WARN retry attempt 192.168.215.207 for 12928
DEBUG cache hit for key=192.168.197.186
ERROR null pointer in module 192.168.121.141
INFO processed 192.168.197.186 items
WARN slow query: 192.168.82.31ms
WARN retry attempt 192.168.92.139 for 51560
WARN memory threshold reached: 192.168.107.168MB
ERROR connection timeout 503
DEBUG entering function foo
ERROR null pointer in module 192.168.141.220
ERROR auth failure for user 192.168.193.243
INFO processed 192.168.219.168 items
DEBUG cache hit for key=192.168.107.168
FATAL out of memory
DEBUG heap size: 192.168.189.144
WARN memory threshold reached: 192.168.57.185MB
ERROR null pointer in module 192.168.189.144
FATAL segfault at address 0x192.168.60.30
ERROR auth failure for user 192.168.36.209
WARN memory threshold reached: 192.168.36.209MB
INFO request from 192.168.142.104
FATAL unrecoverable disk error
WARN disk usage 192.168.219.168%
INFO connection established
INFO connection established
FATAL out of memory
INFO connection established
INFO connection established
INFO processed 192.168.178.215 items
FATAL out of memory
WARN slow query: 192.168.60.30ms
ERROR file not found: /tmp/192.168.82.31.log
DEBUG heap size: 192.168.82.31
ERROR file not found: /tmp/192.168.142.104.log
INFO user 192.168.82.31 logged in
DEBUG heap size: 192.168.189.144
FATAL out of memory
DEBUG heap size: 192.168.36.209
WARN slow query: 192.168.211.158ms
INFO processed 192.168.142.104 items
FATAL unrecoverable disk error
DEBUG heap size: 192.168.121.141
DEBUG entering function foo
INFO request from 192.168.107.168
FATAL out of memory
FATAL unrecoverable disk error
DEBUG cache hit for key=192.168.60.30
INFO request from 192.168.92.139
INFO request from 192.168.178.6
FATAL kernel panic
DEBUG entering function foo
DEBUG entering function foo
FATAL kernel panic
DEBUG entering function foo
WARN disk usage 192.168.141.220%
FATAL kernel panic
ERROR file not found: /tmp/192.168.141.220.log
ERROR auth failure for user 192.168.211.158
INFO user 192.168.215.207 logged in
FATAL kernel panic
WARN memory threshold reached: 192.168.215.207MB
ERROR null pointer in module 192.168.178.215
INFO connection established
INFO processed 192.168.229.48 items
INFO processed 192.168.121.141 items
FATAL out of memory
WARN disk usage 192.168.219.168%
DEBUG entering function foo
DEBUG heap size: 192.168.215.207
DEBUG heap size: 192.168.197.186
DEBUG cache hit for key=192.168.60.30
FATAL out of memory
WARN retry attempt 192.168.229.48 for 6605
DEBUG entering function foo
WARN memory threshold reached: 192.168.193.243MB
INFO connection established
DEBUG heap size: 192.168.193.243
FATAL kernel panic
WARN slow query: 192.168.82.31ms
WARN memory threshold reached: 192.168.141.220MB
FATAL unrecoverable disk error
INFO user 192.168.178.6 logged in
INFO connection established
ERROR file not found: /tmp/192.168.178.6.log
INFO processed 192.168.189.144 items
ERROR connection timeout 503
INFO request from 192.168.107.168
FATAL segfault at address 0x192.168.193.243
DEBUG variable x=192.168.141.220
WARN slow query: 192.168.142.104ms
WARN slow query: 192.168.82.31ms
FATAL segfault at address 0x192.168.36.209
FATAL unrecoverable disk error
DEBUG heap size: 192.168.178.215
DEBUG heap size: 192.168.178.215
ERROR file not found: /tmp/192.168.219.168.log
FATAL out of memory
INFO processed 192.168.219.168 items
FATAL unrecoverable disk error
INFO user 192.168.189.144 logged in
INFO connection established
WARN disk usage 192.168.211.158%
INFO user 192.168.60.30 logged in
DEBUG entering function foo
FATAL segfault at address 0x192.168.107.168
ERROR connection timeout 503
DEBUG heap size: 192.168.142.104
WARN disk usage 192.168.39.155%
DEBUG heap size: 192.168.215.207
WARN disk usage 192.168.142.104%
FATAL unrecoverable disk error
ERROR null pointer in module 192.168.92.139
DEBUG heap size: 192.168.57.185
FATAL kernel panic
WARN memory threshold reached: 192.168.9.50MB
FATAL out of memory
FATAL out of memory
ERROR connection timeout 503
DEBUG cache hit for key=192.168.189.144
INFO user 192.168.178.6 logged in
FATAL kernel panic
ERROR connection timeout 503
ERROR auth failure for user 192.168.142.104
ERROR null pointer in module 192.168.39.155
WARN slow query: 192.168.219.168ms
WARN retry attempt 192.168.189.144 for 20610
WARN disk usage 192.168.215.207%
WARN memory threshold reached: 192.168.36.209MB
DEBUG variable x=192.168.142.104
INFO connection established
ERROR connection timeout 503
INFO request from 192.168.178.6
WARN retry attempt 192.168.211.158 for 36367
DEBUG cache hit for key=192.168.82.31
FATAL segfault at address 0x192.168.39.155
FATAL segfault at address 0x192.168.142.104
ERROR null pointer in module 192.168.197.186
DEBUG cache hit for key=192.168.219.168
FATAL unrecoverable disk error
WARN disk usage 192.168.229.48%
INFO user 192.168.141.220 logged in
DEBUG cache hit for key=192.168.219.168
DEBUG entering function foo
WARN slow query: 192.168.82.31ms
WARN memory threshold reached: 192.168.229.48MB
INFO request from 192.168.178.215
DEBUG entering function foo
WARN memory threshold reached: 192.168.189.144MB
DEBUG cache hit for key=192.168.9.50
ERROR auth failure for user 192.168.193.243
INFO user 192.168.107.168 logged in
INFO request from 192.168.57.185
ERROR connection timeout 503
WARN disk usage 192.168.60.30%
DEBUG entering function foo
FATAL segfault at address 0x192.168.36.209
INFO connection established
INFO user 192.168.60.30 logged in
WARN disk usage 192.168.215.207%
FATAL segfault at address 0x192.168.57.185
INFO connection established
DEBUG cache hit for key=192.168.219.168
WARN retry attempt 192.168.215.207 for 67330
DEBUG variable x=192.168.60.30
ERROR connection timeout 503
INFO user 192.168.82.31 logged in
WARN slow query: 192.168.39.155ms
WARN retry attempt 192.168.178.215 for 29337
WARN retry attempt 192.168.193.243 for 32327
INFO processed 192.168.121.141 items
WARN retry attempt 192.168.36.209 for 77644
WARN disk usage 192.168.142.104%
DEBUG cache hit for key=192.168.60.30
WARN memory threshold reached: 192.168.215.207MB
WARN memory threshold reached: 192.168.39.155MB
FATAL kernel panic
DEBUG heap size: 192.168.82.31
FATAL kernel panic
DEBUG heap size: 192.168.9.50
INFO user 192.168.141.220 logged in
WARN slow query: 192.168.121.141ms
ERROR auth failure for user 192.168.141.220
ERROR null pointer in module 192.168.197.186
DEBUG heap size: 192.168.9.50
FATAL out of memory
FATAL segfault at address 0x192.168.141.220
DEBUG heap size: 192.168.60.30
WARN slow query: 192.168.229.48ms
INFO connection established
WARN slow query: 192.168.219.168ms
FATAL out of memory
FATAL out of memory
DEBUG entering function foo
ERROR connection timeout 503
ERROR null pointer in module 192.168.211.158
INFO user 192.168.82.31 logged in
INFO request from 192.168.60.30
ERROR connection timeout 503
INFO processed 192.168.193.243 items
ERROR file not found: /tmp/192.168.121.141.log
FATAL unrecoverable disk error
WARN disk usage 192.168.121.141%
DEBUG entering function foo
ERROR null pointer in module 192.168.215.207
DEBUG entering function foo
WARN memory threshold reached: 192.168.9.50MB
INFO request from 192.168.178.6
INFO processed 192.168.178.215 items
INFO processed 192.168.189.144 items
WARN memory threshold reached: 192.168.193.243MB
INFO connection established
DEBUG heap size: 192.168.178.215
WARN slow query: 192.168.211.158ms
DEBUG entering function foo
FATAL kernel panic
INFO connection established
WARN retry attempt 192.168.60.30 for 53435
ERROR file not found: /tmp/192.168.142.104.log
DEBUG variable x=192.168.39.155
DEBUG variable x=192.168.197.186
FATAL out of memory
WARN disk usage 192.168.219.168%
DEBUG cache hit for key=192.168.229.48
WARN retry attempt 192.168.178.6 for 4424
FATAL unrecoverable disk error
INFO user 192.168.229.48 logged in
DEBUG entering function foo
WARN memory threshold reached: 192.168.141.220MB
ERROR auth failure for user 192.168.193.243
WARN memory threshold reached: 192.168.178.6MB
WARN memory threshold reached: 192.168.219.168MB
DEBUG variable x=192.168.178.6
INFO request from 192.168.229.48
ERROR file not found: /tmp/192.168.9.50.log
FATAL unrecoverable disk error
WARN slow query: 192.168.178.215ms
DEBUG variable x=192.168.141.220
WARN memory threshold reached: 192.168.9.50MB
WARN retry attempt 192.168.107.168 for 34652
ERROR null pointer in module 192.168.36.209
FATAL out of memory
INFO request from 192.168.229.48
FATAL kernel panic
DEBUG cache hit for key=192.168.121.141
INFO processed 192.168.9.50 items
FATAL segfault at address 0x192.168.141.220
ERROR null pointer in module 192.168.215.207
DEBUG entering function foo
DEBUG entering function foo
ERROR connection timeout 503
WARN disk usage 192.168.189.144%
INFO user 192.168.107.168 logged in
WARN retry attempt 192.168.142.104 for 32613
INFO processed 192.168.57.185 items
ERROR auth failure for user 192.168.189.144
ERROR connection timeout 503
FATAL kernel panic
ERROR auth failure for user 192.168.36.209
INFO processed 192.168.211.158 items
ERROR file not found: /tmp/192.168.92.139.log
WARN memory threshold reached: 192.168.92.139MB
DEBUG cache hit for key=192.168.82.31
FATAL segfault at address 0x192.168.142.104
WARN retry attempt 192.168.107.168 for 24948
WARN slow query: 192.168.219.168ms
WARN memory threshold reached: 192.168.36.209MB
INFO connection established
INFO request from 192.168.36.209
INFO request from 192.168.193.243
DEBUG cache hit for key=192.168.57.185
FATAL segfault at address 0x192.168.229.48
ERROR null pointer in module 192.168.178.215
FATAL segfault at address 0x192.168.39.155
FATAL unrecoverable disk error
INFO user 192.168.189.144 logged in
ERROR connection timeout 503
WARN slow query: 192.168.193.243ms
FATAL out of memory
ERROR connection timeout 503
FATAL segfault at address 0x192.168.60.30
FATAL kernel panic
INFO processed 192.168.189.144 items
FATAL segfault at address 0x192.168.142.104
DEBUG variable x=192.168.57.185
FATAL kernel panic
FATAL out of memory
DEBUG cache hit for key=192.168.82.31
INFO connection established
DEBUG variable x=192.168.82.31
FATAL segfault at address 0x192.168.92.139
ERROR file not found: /tmp/192.168.121.141.log
ERROR auth failure for user 192.168.107.168
INFO request from 192.168.121.141
WARN memory threshold reached: 192.168.229.48MB
WARN slow query: 192.168.36.209ms
INFO user 192.168.82.31 logged in
ERROR auth failure for user 192.168.36.209
FATAL kernel panic
ERROR connection timeout 503
WARN retry attempt 192.168.92.139 for 83289
DEBUG heap size: 192.168.107.168
INFO processed 192.168.9.50 items
DEBUG cache hit for key=192.168.219.168
DEBUG entering function foo
INFO processed 192.168.219.168 items
INFO request from 192.168.189.144
WARN memory threshold reached: 192.168.36.209MB
WARN retry attempt 192.168.82.31 for 85988
INFO request from 192.168.57.185
WARN memory threshold reached: 192.168.92.139MB
ERROR null pointer in module 192.168.9.50
WARN disk usage 192.168.142.104%
FATAL unrecoverable disk error
DEBUG variable x=192.168.57.185
ERROR file not found: /tmp/192.168.92.139.log
INFO request from 192.168.121.141
ERROR connection timeout 503
INFO request from 192.168.82.31
FATAL out of memory
ERROR file not found: /tmp/192.168.215.207.log
WARN retry attempt 192.168.193.243 for 74678
DEBUG heap size: 192.168.121.141
FATAL out of memory
WARN slow query: 192.168.197.186ms
ERROR file not found: /tmp/192.168.39.155.log
INFO connection established
WARN retry attempt 192.168.197.186 for 77845
FATAL unrecoverable disk error
WARN slow query: 192.168.9.50ms
WARN retry attempt 192.168.57.185 for 32089
DEBUG entering function foo
FATAL kernel panic
ERROR null pointer in module 192.168.178.6
FATAL segfault at address 0x192.168.9.50
ERROR auth failure for user 192.168.92.139
ERROR auth failure for user 192.168.215.207
FATAL out of memory
ERROR file not found: /tmp/192.168.107.168.log
ERROR connection timeout 503
INFO connection established
INFO user 192.168.141.220 logged in
INFO user 192.168.107.168 logged in
ERROR null pointer in module 192.168.57.185
WARN retry attempt 192.168.36.209 for 20151
ERROR null pointer in module 192.168.178.6
WARN disk usage 192.168.219.168%
INFO connection established
ERROR auth failure for user 192.168.39.155
FATAL segfault at address 0x192.168.60.30
ERROR null pointer in module 192.168.92.139
INFO request from 192.168.215.207
WARN retry attempt 192.168.178.6 for 83381
WARN memory threshold reached: 192.168.141.220MB
DEBUG cache hit for key=192.168.178.215
WARN disk usage 192.168.107.168%
DEBUG variable x=192.168.36.209
WARN disk usage 192.168.142.104%
INFO connection established
FATAL out of memory
WARN slow query: 192.168.197.186ms
WARN retry attempt 192.168.211.158 for 64587
INFO connection established
WARN slow query: 192.168.57.185ms
INFO request from 192.168.142.104
ERROR null pointer in module 192.168.92.139
WARN retry attempt 192.168.39.155 for 56358
ERROR connection timeout 503
ERROR file not found: /tmp/192.168.211.158.log
ERROR null pointer in module 192.168.92.139
ERROR auth failure for user 192.168.9.50
INFO request from 192.168.193.243
DEBUG heap size: 192.168.39.155
INFO user 192.168.39.155 logged in
INFO processed 192.168.229.48 items
FATAL out of memory
FATAL segfault at address 0x192.168.211.158
INFO request from 192.168.121.141
ERROR null pointer in module 192.168.193.243
ERROR auth failure for user 192.168.215.207
ERROR null pointer in module 192.168.141.220
ERROR file not found: /tmp/192.168.189.144.log
FATAL kernel panic
WARN retry attempt 192.168.142.104 for 99788
FATAL out of memory
ERROR auth failure for user 192.168.215.207
INFO request from 192.168.60.30
FATAL unrecoverable disk error
FATAL segfault at address 0x192.168.121.141
WARN disk usage 192.168.219.168%
WARN disk usage 192.168.141.220%
ERROR connection timeout 503
FATAL unrecoverable disk error
INFO request from 192.168.211.158
ERROR null pointer in module 192.168.141.220
WARN retry attempt 192.168.39.155 for 41405
DEBUG cache hit for key=192.168.57.185
INFO connection established
DEBUG cache hit for key=192.168.178.6
FATAL kernel panic
FATAL out of memory
WARN slow query: 192.168.60.30ms
DEBUG heap size: 192.168.197.186
WARN slow query: 192.168.121.141ms
FATAL unrecoverable disk error
INFO user 192.168.107.168 logged in
WARN memory threshold reached: 192.168.197.186MB
ERROR file not found: /tmp/192.168.141.220.log
INFO connection established
FATAL segfault at address 0x192.168.57.185
ERROR auth failure for user 192.168.39.155
ERROR connection timeout 503
FATAL segfault at address 0x192.168.219.168
FATAL segfault at address 0x192.168.197.186
ERROR file not found: /tmp/192.168.9.50.log
FATAL out of memory
FATAL unrecoverable disk error
WARN retry attempt 192.168.215.207 for 61660
DEBUG cache hit for key=192.168.39.155
DEBUG cache hit for key=192.168.219.168
INFO processed 192.168.229.48 items
ERROR file not found: /tmp/192.168.219.168.log
FATAL kernel panic
FATAL kernel panic
INFO processed 192.168.57.185 items
FATAL kernel panic
FATAL out of memory
DEBUG cache hit for key=192.168.211.158
ERROR auth failure for user 192.168.178.215
ERROR connection timeout 503
INFO connection established
INFO request from 192.168.215.207
ERROR null pointer in module 192.168.178.215
INFO user 192.168.57.185 logged in
DEBUG heap size: 192.168.36.209
DEBUG cache hit for key=192.168.107.168
DEBUG heap size: 192.168.9.50
WARN slow query: 192.168.142.104ms
INFO user 192.168.60.30 logged in
WARN memory threshold reached: 192.168.107.168MB
WARN disk usage 192.168.57.185%
ERROR auth failure for user 192.168.39.155
WARN memory threshold reached: 192.168.178.6MB
ERROR connection timeout 503
WARN memory threshold reached: 192.168.178.6MB
ERROR connection timeout 503
DEBUG entering function foo
FATAL out of memory
INFO request from 192.168.57.185
INFO user 192.168.141.220 logged in
DEBUG heap size: 192.168.39.155
WARN memory threshold reached: 192.168.121.141MB
ERROR auth failure for user 192.168.39.155
INFO processed 192.168.229.48 items
INFO processed 192.168.57.185 items
FATAL segfault at address 0x192.168.57.185
INFO request from 192.168.178.215
WARN slow query: 192.168.36.209ms
INFO request from 192.168.142.104
DEBUG heap size: 192.168.219.168
INFO request from 192.168.142.104
DEBUG variable x=192.168.57.185
FATAL segfault at address 0x192.168.121.141
ERROR file not found: /tmp/192.168.107.168.log
DEBUG cache hit for key=192.168.36.209
FATAL out of memory
INFO connection established
FATAL out of memory
FATAL unrecoverable disk error
FATAL out of memory
FATAL kernel panic
FATAL segfault at address 0x192.168.57.185
INFO user 192.168.57.185 logged in
INFO request from 192.168.142.104
FATAL out of memory
FATAL segfault at address 0x192.168.82.31
WARN disk usage 192.168.193.243%
ERROR null pointer in module 192.168.82.31
ERROR null pointer in module 192.168.197.186
FATAL kernel panic
INFO request from 192.168.197.186
ERROR file not found: /tmp/192.168.82.31.log
INFO user 192.168.219.168 logged in
INFO user 192.168.92.139 logged in
INFO connection established
FATAL out of memory
ERROR auth failure for user 192.168.141.220
ERROR connection timeout 503
FATAL segfault at address 0x192.168.197.186
FATAL kernel panic
ERROR connection timeout 503
ERROR null pointer in module 192.168.189.144
ERROR auth failure for user 192.168.142.104
FATAL out of memory
FATAL unrecoverable disk error
FATAL out of memory
FATAL unrecoverable disk error
WARN memory threshold reached: 192.168.92.139MB
FATAL kernel panic
INFO connection established
FATAL out of memory
DEBUG heap size: 192.168.178.215
DEBUG cache hit for key=192.168.219.168
ERROR connection timeout 503
WARN slow query: 192.168.193.243ms
INFO connection established
FATAL out of memory
FATAL kernel panic
DEBUG cache hit for key=192.168.215.207
WARN retry attempt 192.168.121.141 for 91670
DEBUG variable x=192.168.141.220
FATAL kernel panic
INFO user 192.168.39.155 logged in
DEBUG cache hit for key=192.168.60.30
FATAL unrecoverable disk error
INFO request from 192.168.82.31
INFO request from 192.168.82.31
WARN retry attempt 192.168.178.6 for 34962
FATAL kernel panic
DEBUG heap size: 192.168.211.158
DEBUG heap size: 192.168.219.168
FATAL unrecoverable disk error
DEBUG heap size: 192.168.178.215
WARN memory threshold reached: 192.168.229.48MB
INFO connection established
WARN disk usage 192.168.178.6%
INFO user 192.168.197.186 logged in
ERROR connection timeout 503
ERROR file not found: /tmp/192.168.92.139.log
ERROR connection timeout 503
ERROR null pointer in module 192.168.178.6
ERROR file not found: /tmp/192.168.229.48.log
INFO request from 192.168.92.139
DEBUG entering function foo
WARN memory threshold reached: 192.168.178.215MB
ERROR null pointer in module 192.168.60.30
WARN retry attempt 192.168.215.207 for 37119
ERROR auth failure for user 192.168.215.207
DEBUG entering function foo
FATAL segfault at address 0x192.168.57.185
FATAL out of memory
INFO user 192.168.219.168 logged in
ERROR null pointer in module 192.168.211.158
FATAL kernel panic
FATAL segfault at address 0x192.168.142.104
FATAL unrecoverable disk error
WARN retry attempt 192.168.82.31 for 67928
ERROR file not found: /tmp/192.168.121.141.log
DEBUG variable x=192.168.189.144
DEBUG variable x=192.168.57.185
DEBUG variable x=192.168.107.168
DEBUG cache hit for key=192.168.142.104
INFO user 192.168.178.6 logged in
INFO request from 192.168.211.158
ERROR auth failure for user 192.168.229.48
DEBUG cache hit for key=192.168.189.144
FATAL kernel panic
FATAL out of memory
FATAL unrecoverable disk error
DEBUG cache hit for key=192.168.178.215
DEBUG variable x=192.168.60.30
ERROR auth failure for user 192.168.121.141
DEBUG variable x=192.168.82.31
INFO processed 192.168.178.215 items
FATAL kernel panic
DEBUG variable x=192.168.178.6
INFO processed 192.168.197.186 items
DEBUG cache hit for key=192.168.9.50
FATAL kernel panic
FATAL segfault at address 0x192.168.189.144
DEBUG variable x=192.168.189.144
INFO connection established
WARN slow query: 192.168.92.139ms
FATAL out of memory
FATAL out of memory
ERROR file not found: /tmp/192.168.82.31.log
WARN slow query: 192.168.189.144ms
WARN retry attempt 192.168.60.30 for 43186
INFO processed 192.168.142.104 items
WARN disk usage 192.168.193.243%
WARN memory threshold reached: 192.168.189.144MB
WARN retry attempt 192.168.92.139 for 37687
INFO connection established
FATAL unrecoverable disk error
ERROR auth failure for user 192.168.9.50
INFO processed 192.168.141.220 items
DEBUG cache hit for key=192.168.9.50
INFO processed 192.168.107.168 items
ERROR auth failure for user 192.168.60.30
DEBUG cache hit for key=192.168.142.104
ERROR auth failure for user 192.168.189.144
DEBUG heap size: 192.168.178.215
WARN disk usage 192.168.82.31%
ERROR connection timeout 503
ERROR null pointer in module 192.168.60.30
WARN memory threshold reached: 192.168.107.168MB
INFO user 192.168.193.243 logged in
ERROR connection timeout 503
ERROR connection timeout 503
WARN slow query: 192.168.197.186ms
WARN retry attempt 192.168.57.185 for 50000
DEBUG heap size: 192.168.178.215
WARN slow query: 192.168.121.141ms
INFO processed 192.168.92.139 items
DEBUG cache hit for key=192.168.121.141
DEBUG cache hit for key=192.168.60.30
WARN slow query: 192.168.142.104ms
FATAL segfault at address 0x192.168.141.220
WARN retry attempt 192.168.39.155 for 93687
ERROR null pointer in module 192.168.193.243
FATAL kernel panic
INFO processed 192.168.121.141 items
FATAL out of memory
FATAL out of memory
INFO user 192.168.9.50 logged in
DEBUG heap size: 192.168.197.186
INFO connection established
FATAL kernel panic
FATAL unrecoverable disk error
DEBUG entering function foo
ERROR file not found: /tmp/192.168.211.158.log
ERROR file not found: /tmp/192.168.142.104.log
ERROR auth failure for user 192.168.193.243
ERROR file not found: /tmp/192.168.107.168.log
ERROR connection timeout 503
WARN memory threshold reached: 192.168.82.31MB
ERROR connection timeout 503
FATAL unrecoverable disk error
DEBUG cache hit for key=192.168.36.209
WARN retry attempt 192.168.211.158 for 26168
ERROR file not found: /tmp/192.168.92.139.log
WARN retry attempt 192.168.219.168 for 70409
DEBUG entering function foo
INFO user 192.168.36.209 logged in
INFO connection established
INFO processed 192.168.211.158 items
INFO connection established
ERROR auth failure for user 192.168.141.220
WARN memory threshold reached: 192.168.197.186MB
INFO user 192.168.219.168 logged in
FATAL out of memory
DEBUG heap size: 192.168.141.220
FATAL unrecoverable disk error
DEBUG heap size: 192.168.60.30
WARN retry attempt 192.168.141.220 for 16244
FATAL out of memory
ERROR null pointer in module 192.168.219.168
INFO connection established
INFO connection established
INFO request from 192.168.39.155
FATAL kernel panic
INFO request from 192.168.178.6
INFO user 192.168.92.139 logged in
INFO request from 192.168.57.185
INFO request from 192.168.141.220
ERROR auth failure for user 192.168.92.139
FATAL kernel panic
ERROR auth failure for user 192.168.229.48
ERROR connection timeout 503
WARN disk usage 192.168.178.6%
INFO connection established
WARN memory threshold reached: 192.168.215.207MB
ERROR connection timeout 503
WARN disk usage 192.168.189.144%
ERROR file not found: /tmp/192.168.178.215.log
DEBUG entering function foo
DEBUG cache hit for key=192.168.178.6
INFO connection established
WARN memory threshold reached: 192.168.9.50MB
FATAL segfault at address 0x192.168.219.168
FATAL unrecoverable disk error
DEBUG variable x=192.168.189.144
ERROR connection timeout 503
FATAL segfault at address 0x192.168.178.6
FATAL unrecoverable disk error
FATAL unrecoverable disk error
INFO request from 192.168.197.186
ERROR auth failure for user 192.168.211.158
INFO processed 192.168.92.139 items
DEBUG entering function foo
INFO connection established
FATAL unrecoverable disk error
ERROR connection timeout 503
DEBUG cache hit for key=192.168.178.6
FATAL unrecoverable disk error
ERROR auth failure for user 192.168.9.50
ERROR connection timeout 503
FATAL out of memory
FATAL segfault at address 0x192.168.39.155
FATAL kernel panic
DEBUG entering function foo
DEBUG cache hit for key=192.168.141.220
INFO user 192.168.189.144 logged in
DEBUG variable x=192.168.9.50
ERROR connection timeout 503
DEBUG variable x=192.168.211.158
WARN slow query: 192.168.121.141ms
INFO processed 192.168.92.139 items
DEBUG variable x=192.168.229.48
INFO connection established
WARN slow query: 192.168.211.158ms
DEBUG cache hit for key=192.168.142.104
FATAL kernel panic
WARN slow query: 192.168.219.168ms
DEBUG cache hit for key=192.168.211.158
ERROR null pointer in module 192.168.36.209
ERROR null pointer in module 192.168.178.215
ERROR connection timeout 503
INFO processed 192.168.39.155 items
INFO connection established
INFO request from 192.168.82.31
INFO user 192.168.92.139 logged in
FATAL segfault at address 0x192.168.197.186
WARN retry attempt 192.168.197.186 for 9153
FATAL out of memory
FATAL out of memory
WARN slow query: 192.168.9.50ms
INFO connection established
WARN retry attempt 192.168.193.243 for 44158
INFO user 192.168.60.30 logged in
FATAL segfault at address 0x192.168.178.215
INFO user 192.168.92.139 logged in
WARN retry attempt 192.168.107.168 for 80059
WARN retry attempt 192.168.39.155 for 53846
INFO user 192.168.178.6 logged in
FATAL segfault at address 0x192.168.211.158
WARN disk usage 192.168.211.158%
WARN disk usage 192.168.219.168%
ERROR connection timeout 503
INFO connection established
FATAL unrecoverable disk error
DEBUG entering function foo
INFO connection established
INFO user 192.168.178.6 logged in
FATAL unrecoverable disk error
WARN slow query: 192.168.82.31ms
WARN slow query: 192.168.57.185ms
INFO request from 192.168.219.168
INFO processed 192.168.219.168 items
DEBUG entering function foo
FATAL segfault at address 0x192.168.197.186
ERROR connection timeout 503
DEBUG heap size: 192.168.92.139
FATAL unrecoverable disk error
WARN disk usage 192.168.178.6%
DEBUG cache hit for key=192.168.193.243
FATAL unrecoverable disk error
DEBUG heap size: 192.168.57.185
WARN disk usage 192.168.193.243%
INFO user 192.168.141.220 logged in
INFO connection established
WARN slow query: 192.168.57.185ms
FATAL kernel panic
ERROR null pointer in module 192.168.36.209
DEBUG entering function foo
FATAL segfault at address 0x192.168.197.186
ERROR connection timeout 503
ERROR file not found: /tmp/192.168.197.186.log
WARN memory threshold reached: 192.168.193.243MB
WARN retry attempt 192.168.39.155 for 17883
WARN memory threshold reached: 192.168.189.144MB
DEBUG entering function foo
DEBUG entering function foo
ERROR connection timeout 503
WARN disk usage 192.168.197.186%
INFO request from 192.168.142.104
WARN disk usage 192.168.36.209%
ERROR auth failure for user 192.168.178.6
DEBUG cache hit for key=192.168.107.168
FATAL segfault at address 0x192.168.178.215
INFO connection established
ERROR auth failure for user 192.168.215.207
INFO request from 192.168.197.186
WARN slow query: 192.168.36.209ms
INFO request from 192.168.142.104
FATAL unrecoverable disk error
DEBUG cache hit for key=192.168.82.31
FATAL segfault at address 0x192.168.229.48
DEBUG variable x=192.168.211.158
WARN retry attempt 192.168.215.207 for 13344
FATAL segfault at address 0x192.168.9.50
WARN memory threshold reached: 192.168.193.243MB
ERROR file not found: /tmp/192.168.211.158.log
ERROR auth failure for user 192.168.9.50
FATAL segfault at address 0x192.168.57.185
ERROR auth failure for user 192.168.107.168
WARN memory threshold reached: 192.168.121.141MB
INFO connection established
INFO connection established
INFO connection established
FATAL out of memory
ERROR file not found: /tmp/192.168.141.220.log
WARN slow query: 192.168.142.104ms
INFO connection established
INFO connection established
ERROR connection timeout 503
WARN retry attempt 192.168.107.168 for 15933
WARN slow query: 192.168.215.207ms
WARN disk usage 192.168.215.207%
ERROR file not found: /tmp/192.168.9.50.log
DEBUG entering function foo
FATAL out of memory
INFO processed 192.168.9.50 items
INFO connection established
WARN slow query: 192.168.82.31ms
WARN retry attempt 192.168.107.168 for 96996
ERROR null pointer in module 192.168.60.30
FATAL out of memory
ERROR connection timeout 503
ERROR null pointer in module 192.168.211.158
DEBUG entering function foo
FATAL kernel panic
DEBUG variable x=192.168.60.30
FATAL out of memory
FATAL out of memory
INFO connection established
ERROR file not found: /tmp/192.168.211.158.log
ERROR file not found: /tmp/192.168.36.209.log
ERROR auth failure for user 192.168.211.158
FATAL out of memory
FATAL out of memory
DEBUG entering function foo
INFO request from 192.168.36.209
ERROR auth failure for user 192.168.229.48
FATAL unrecoverable disk error
ERROR null pointer in module 192.168.219.168
FATAL segfault at address 0x192.168.193.243
INFO processed 192.168.219.168 items
FATAL kernel panic
ERROR auth failure for user 192.168.57.185
ERROR connection timeout 503
WARN disk usage 192.168.9.50%
DEBUG cache hit for key=192.168.9.50
WARN disk usage 192.168.189.144%
FATAL unrecoverable disk error
DEBUG entering function foo
WARN memory threshold reached: 192.168.107.168MB
FATAL kernel panic
INFO connection established
FATAL segfault at address 0x192.168.211.158
FATAL segfault at address 0x192.168.82.31
DEBUG heap size: 192.168.178.6
INFO request from 192.168.57.185
ERROR file not found: /tmp/192.168.82.31.log
DEBUG heap size: 192.168.178.6
WARN slow query: 192.168.107.168ms
DEBUG entering function foo
ERROR file not found: /tmp/192.168.57.185.log
DEBUG cache hit for key=192.168.193.243
DEBUG cache hit for key=192.168.60.30
WARN slow query: 192.168.211.158ms
INFO request from 192.168.219.168
INFO user 192.168.121.141 logged in
DEBUG variable x=192.168.9.50
INFO user 192.168.229.48 logged in
WARN retry attempt 192.168.178.6 for 10108
DEBUG cache hit for key=192.168.142.104
INFO request from 192.168.82.31
DEBUG entering function foo
FATAL out of memory
ERROR auth failure for user 192.168.178.6
ERROR connection timeout 503
DEBUG entering function foo
WARN memory threshold reached: 192.168.36.209MB
INFO connection established
INFO processed 192.168.36.209 items
INFO request from 192.168.141.220
WARN disk usage 192.168.141.220%
DEBUG variable x=192.168.142.104
INFO connection established
INFO connection established
WARN disk usage 192.168.107.168%
DEBUG entering function foo
WARN disk usage 192.168.189.144%
WARN slow query: 192.168.60.30ms
DEBUG cache hit for key=192.168.142.104
WARN retry attempt 192.168.189.144 for 56180
WARN memory threshold reached: 192.168.178.215MB
FATAL kernel panic
WARN retry attempt 192.168.193.243 for 43123
FATAL kernel panic
ERROR connection timeout 503
INFO user 192.168.215.207 logged in
INFO processed 192.168.142.104 items
FATAL kernel panic
WARN memory threshold reached: 192.168.9.50MB
FATAL kernel panic
FATAL kernel panic
DEBUG variable x=192.168.107.168
ERROR file not found: /tmp/192.168.142.104.log
FATAL out of memory
FATAL segfault at address 0x192.168.9.50
DEBUG entering function foo
INFO processed 192.168.189.144 items
INFO processed 192.168.121.141 items
DEBUG heap size: 192.168.197.186
WARN disk usage 192.168.60.30%
ERROR null pointer in module 192.168.219.168
ERROR file not found: /tmp/192.168.142.104.log
ERROR file not found: /tmp/192.168.107.168.log
WARN disk usage 192.168.121.141%
ERROR connection timeout 503
INFO processed 192.168.60.30 items
INFO connection established
WARN retry attempt 192.168.219.168 for 23767
ERROR file not found: /tmp/192.168.107.168.log
INFO user 192.168.211.158 logged in
INFO user 192.168.142.104 logged in
FATAL kernel panic
FATAL segfault at address 0x192.168.107.168
FATAL kernel panic
ERROR null pointer in module 192.168.197.186
INFO connection established
ERROR auth failure for user 192.168.229.48
INFO processed 192.168.107.168 items
WARN disk usage 192.168.142.104%
DEBUG entering function foo
FATAL kernel panic
DEBUG variable x=192.168.57.185
ERROR null pointer in module 192.168.107.168
ERROR auth failure for user 192.168.197.186
INFO request from 192.168.141.220
DEBUG entering function foo
WARN retry attempt 192.168.197.186 for 88666
ERROR null pointer in module 192.168.229.48
DEBUG entering function foo
ERROR connection timeout 503
WARN disk usage 192.168.219.168%
FATAL out of memory
ERROR auth failure for user 192.168.197.186
ERROR auth failure for user 192.168.142.104
FATAL kernel panic
FATAL kernel panic
WARN slow query: 192.168.142.104ms
FATAL out of memory
ERROR null pointer in module 192.168.107.168
WARN retry attempt 192.168.39.155 for 41284
INFO request from 192.168.121.141
DEBUG entering function foo
FATAL out of memory
INFO processed 192.168.219.168 items
WARN disk usage 192.168.193.243%
DEBUG heap size: 192.168.197.186
DEBUG cache hit for key=192.168.9.50
ERROR null pointer in module 192.168.121.141
WARN disk usage 192.168.141.220%
ERROR file not found: /tmp/192.168.141.220.log
WARN memory threshold reached: 192.168.36.209MB
ERROR null pointer in module 192.168.189.144
INFO user 192.168.60.30 logged in
DEBUG heap size: 192.168.215.207
INFO user 192.168.211.158 logged in
INFO processed 192.168.211.158 items
FATAL out of memory
ERROR auth failure for user 192.168.215.207
INFO processed 192.168.39.155 items
INFO connection established
INFO request from 192.168.193.243
FATAL kernel panic
WARN slow query: 192.168.82.31ms
WARN retry attempt 192.168.36.209 for 89199
FATAL out of memory
ERROR connection timeout 503
INFO connection established
FATAL unrecoverable disk error
ERROR file not found: /tmp/192.168.36.209.log
WARN slow query: 192.168.9.50ms
WARN memory threshold reached: 192.168.197.186MB
DEBUG variable x=192.168.215.207
INFO user 192.168.189.144 logged in
WARN retry attempt 192.168.178.215 for 9025
WARN disk usage 192.168.193.243%
DEBUG entering function foo
WARN memory threshold reached: 192.168.82.31MB
ERROR null pointer in module 192.168.60.30
DEBUG variable x=192.168.39.155
INFO connection established
INFO request from 192.168.219.168
ERROR file not found: /tmp/192.168.189.144.log
WARN slow query: 192.168.229.48ms
FATAL segfault at address 0x192.168.211.158
INFO connection established
FATAL segfault at address 0x192.168.178.6
INFO connection established
FATAL segfault at address 0x192.168.82.31
ERROR auth failure for user 192.168.82.31
INFO connection established
FATAL segfault at address 0x192.168.197.186
INFO user 192.168.36.209 logged in
WARN disk usage 192.168.219.168%
DEBUG entering function foo
FATAL unrecoverable disk error
FATAL out of memory
ERROR file not found: /tmp/192.168.9.50.log
INFO processed 192.168.211.158 items
WARN slow query: 192.168.142.104ms
WARN memory threshold reached: 192.168.142.104MB
FATAL out of memory
DEBUG heap size: 192.168.142.104
INFO request from 192.168.189.144
DEBUG variable x=192.168.193.243
ERROR file not found: /tmp/192.168.219.168.log
INFO request from 192.168.107.168
DEBUG cache hit for key=192.168.215.207
FATAL segfault at address 0x192.168.82.31
DEBUG variable x=192.168.121.141
DEBUG heap size: 192.168.178.215
DEBUG variable x=192.168.193.243
FATAL kernel panic
INFO request from 192.168.142.104
ERROR connection timeout 503
WARN disk usage 192.168.57.185%
DEBUG entering function foo
FATAL unrecoverable disk error
FATAL segfault at address 0x192.168.82.31
WARN disk usage 192.168.60.30%
FATAL kernel panic
FATAL segfault at address 0x192.168.57.185
ERROR file not found: /tmp/192.168.82.31.log
INFO user 192.168.9.50 logged in
ERROR auth failure for user 192.168.57.185
WARN memory threshold reached: 192.168.82.31MB
FATAL unrecoverable disk error
DEBUG variable x=192.168.142.104
WARN retry attempt 192.168.9.50 for 66079
WARN memory threshold reached: 192.168.39.155MB
ERROR null pointer in module 192.168.92.139
ERROR connection timeout 503
INFO processed 192.168.60.30 items
FATAL segfault at address 0x192.168.189.144
FATAL segfault at address 0x192.168.178.215
DEBUG variable x=192.168.229.48
FATAL segfault at address 0x192.168.60.30
ERROR null pointer in module 192.168.178.6
FATAL out of memory
FATAL kernel panic
WARN memory threshold reached: 192.168.121.141MB
ERROR connection timeout 503
WARN retry attempt 192.168.142.104 for 84025
FATAL out of memory
INFO request from 192.168.107.168
WARN memory threshold reached: 192.168.141.220MB
DEBUG variable x=192.168.229.48
WARN slow query: 192.168.189.144ms
DEBUG variable x=192.168.142.104
DEBUG heap size: 192.168.60.30
FATAL out of memory
WARN memory threshold reached: 192.168.57.185MB
ERROR file not found: /tmp/192.168.219.168.log
ERROR connection timeout 503
INFO processed 192.168.60.30 items
DEBUG heap size: 192.168.9.50
WARN slow query: 192.168.142.104ms
ERROR connection timeout 503
WARN retry attempt 192.168.39.155 for 16702
WARN disk usage 192.168.229.48%
INFO request from 192.168.9.50
ERROR file not found: /tmp/192.168.82.31.log
DEBUG variable x=192.168.211.158
DEBUG entering function foo
WARN memory threshold reached: 192.168.36.209MB
INFO request from 192.168.39.155
ERROR auth failure for user 192.168.82.31
FATAL out of memory
DEBUG cache hit for key=192.168.121.141
DEBUG heap size: 192.168.193.243
FATAL kernel panic
WARN disk usage 192.168.9.50%
DEBUG entering function foo
FATAL segfault at address 0x192.168.229.48
WARN slow query: 192.168.142.104ms
FATAL kernel panic
ERROR file not found: /tmp/192.168.36.209.log
FATAL kernel panic
FATAL segfault at address 0x192.168.107.168
FATAL segfault at address 0x192.168.211.158
FATAL out of memory
WARN memory threshold reached: 192.168.121.141MB
DEBUG cache hit for key=192.168.193.243
FATAL segfault at address 0x192.168.178.6
INFO connection established
FATAL out of memory
ERROR file not found: /tmp/192.168.60.30.log
FATAL kernel panic
INFO user 192.168.9.50 logged in
INFO request from 192.168.82.31
WARN memory threshold reached: 192.168.60.30MB
ERROR null pointer in module 192.168.107.168
WARN slow query: 192.168.39.155ms
FATAL segfault at address 0x192.168.141.220
WARN memory threshold reached: 192.168.142.104MB
INFO processed 192.168.229.48 items
DEBUG entering function foo
FATAL unrecoverable disk error
FATAL kernel panic
WARN retry attempt 192.168.60.30 for 10085
DEBUG entering function foo
ERROR auth failure for user 192.168.82.31
ERROR file not found: /tmp/192.168.178.215.log
DEBUG variable x=192.168.141.220
FATAL kernel panic
FATAL out of memory
WARN memory threshold reached: 192.168.82.31MB
INFO connection established
DEBUG cache hit for key=192.168.219.168
WARN disk usage 192.168.82.31%
FATAL out of memory
WARN disk usage 192.168.189.144%
FATAL unrecoverable disk error
INFO connection established
WARN retry attempt 192.168.121.141 for 49571
WARN disk usage 192.168.107.168%
DEBUG cache hit for key=192.168.211.158
INFO processed 192.168.178.215 items
INFO connection established
FATAL unrecoverable disk error
FATAL segfault at address 0x192.168.57.185
DEBUG entering function foo
ERROR connection timeout 503
INFO connection established
DEBUG variable x=192.168.141.220
INFO request from 192.168.36.209
WARN slow query: 192.168.141.220ms
WARN disk usage 192.168.121.141%
WARN slow query: 192.168.178.6ms
INFO connection established
INFO processed 192.168.229.48 items
ERROR file not found: /tmp/192.168.36.209.log
ERROR file not found: /tmp/192.168.193.243.log
FATAL segfault at address 0x192.168.219.168
WARN slow query: 192.168.142.104ms
FATAL unrecoverable disk error
ERROR auth failure for user 192.168.197.186
FATAL kernel panic
ERROR file not found: /tmp/192.168.57.185.log
INFO connection established
INFO processed 192.168.178.6 items
DEBUG heap size: 192.168.197.186
INFO processed 192.168.9.50 items
FATAL out of memory
DEBUG variable x=192.168.82.31
WARN retry attempt 192.168.57.185 for 9736
WARN memory threshold reached: 192.168.36.209MB
WARN memory threshold reached: 192.168.121.141MB
WARN retry attempt 192.168.178.6 for 82341
DEBUG heap size: 192.168.197.186
DEBUG variable x=192.168.36.209
DEBUG variable x=192.168.178.6
INFO request from 192.168.178.6
INFO processed 192.168.219.168 items
WARN memory threshold reached: 192.168.82.31MB
WARN disk usage 192.168.197.186%
FATAL unrecoverable disk error
WARN memory threshold reached: 192.168.193.243MB
INFO connection established
WARN retry attempt 192.168.82.31 for 19796
ERROR connection timeout 503
FATAL segfault at address 0x192.168.57.185
FATAL segfault at address 0x192.168.39.155
FATAL unrecoverable disk error
INFO request from 192.168.197.186
DEBUG heap size: 192.168.121.141
INFO processed 192.168.211.158 items
DEBUG cache hit for key=192.168.141.220
FATAL out of memory
ERROR null pointer in module 192.168.39.155
ERROR null pointer in module 192.168.107.168
INFO connection established
DEBUG variable x=192.168.193.243
INFO request from 192.168.193.243
INFO request from 192.168.215.207
WARN disk usage 192.168.9.50%
DEBUG entering function foo
ERROR connection timeout 503
DEBUG entering function foo
INFO connection established
FATAL segfault at address 0x192.168.82.31
INFO connection established
ERROR null pointer in module 192.168.219.168
FATAL unrecoverable disk error
WARN slow query: 192.168.121.141ms
ERROR connection timeout 503
ERROR null pointer in module 192.168.178.6
FATAL unrecoverable disk error
FATAL out of memory
ERROR auth failure for user 192.168.229.48
DEBUG variable x=192.168.229.48
DEBUG variable x=192.168.178.6
ERROR file not found: /tmp/192.168.141.220.log
FATAL out of memory
INFO request from 192.168.193.243
INFO request from 192.168.229.48
WARN slow query: 192.168.142.104ms
ERROR auth failure for user 192.168.211.158
WARN memory threshold reached: 192.168.193.243MB
DEBUG heap size: 192.168.9.50
INFO connection established
WARN slow query: 192.168.178.6ms
DEBUG cache hit for key=192.168.57.185
ERROR file not found: /tmp/192.168.60.30.log
WARN slow query: 192.168.141.220ms
ERROR auth failure for user 192.168.219.168
INFO request from 192.168.107.168
FATAL kernel panic
WARN memory threshold reached: 192.168.178.6MB
WARN disk usage 192.168.178.215%
FATAL unrecoverable disk error
FATAL unrecoverable disk error
INFO user 192.168.197.186 logged in
INFO user 192.168.92.139 logged in
DEBUG entering function foo
DEBUG entering function foo
ERROR null pointer in module 192.168.142.104
ERROR null pointer in module 192.168.211.158
INFO request from 192.168.219.168
FATAL kernel panic
WARN disk usage 192.168.142.104%
ERROR connection timeout 503
DEBUG variable x=192.168.211.158
INFO connection established
DEBUG cache hit for key=192.168.60.30
WARN retry attempt 192.168.92.139 for 30546
INFO processed 192.168.121.141 items
WARN disk usage 192.168.229.48%
ERROR connection timeout 503
DEBUG entering function foo
FATAL out of memory
INFO connection established
DEBUG entering function foo
DEBUG variable x=192.168.219.168
FATAL kernel panic
ERROR connection timeout 503
INFO request from 192.168.211.158
DEBUG heap size: 192.168.197.186
WARN slow query: 192.168.9.50ms
DEBUG variable x=192.168.9.50
ERROR null pointer in module 192.168.121.141
ERROR auth failure for user 192.168.193.243
DEBUG cache hit for key=192.168.193.243
WARN memory threshold reached: 192.168.197.186MB
DEBUG heap size: 192.168.121.141
ERROR auth failure for user 192.168.107.168
FATAL unrecoverable disk error
FATAL segfault at address 0x192.168.121.141
DEBUG heap size: 192.168.39.155
DEBUG entering function foo
DEBUG entering function foo
INFO request from 192.168.141.220
FATAL unrecoverable disk error
WARN retry attempt 192.168.219.168 for 60155
INFO processed 192.168.39.155 items
INFO connection established
DEBUG entering function foo
FATAL segfault at address 0x192.168.211.158
FATAL segfault at address 0x192.168.107.168
WARN retry attempt 192.168.229.48 for 56445
INFO request from 192.168.121.141
WARN retry attempt 192.168.107.168 for 73223
WARN disk usage 192.168.219.168%
ERROR auth failure for user 192.168.60.30
DEBUG heap size: 192.168.121.141
FATAL out of memory
ERROR auth failure for user 192.168.82.31
WARN disk usage 192.168.121.141%
INFO processed 192.168.193.243 items
INFO request from 192.168.60.30
INFO processed 192.168.9.50 items
FATAL segfault at address 0x192.168.229.48
ERROR connection timeout 503
WARN slow query: 192.168.215.207ms
DEBUG entering function foo
WARN memory threshold reached: 192.168.142.104MB
WARN disk usage 192.168.9.50%
FATAL unrecoverable disk error
DEBUG variable x=192.168.82.31
WARN retry attempt 192.168.178.6 for 46648
FATAL kernel panic
ERROR connection timeout 503
ERROR null pointer in module 192.168.36.209
INFO user 192.168.219.168 logged in
FATAL unrecoverable disk error
DEBUG entering function foo
WARN disk usage 192.168.9.50%
WARN slow query: 192.168.9.50ms
INFO connection established
FATAL unrecoverable disk error
INFO processed 192.168.197.186 items
ERROR null pointer in module 192.168.197.186
WARN disk usage 192.168.229.48%
ERROR auth failure for user 192.168.9.50
ERROR null pointer in module 192.168.36.209
INFO processed 192.168.178.215 items
INFO processed 192.168.189.144 items
DEBUG entering function foo
INFO user 192.168.60.30 logged in
ERROR connection timeout 503
FATAL kernel panic
ERROR connection timeout 503
FATAL out of memory
DEBUG heap size: 192.168.36.209
ERROR auth failure for user 192.168.178.215
WARN slow query: 192.168.229.48ms
DEBUG variable x=192.168.189.144
ERROR auth failure for user 192.168.229.48
FATAL kernel panic
FATAL out of memory
INFO connection established
FATAL unrecoverable disk error
ERROR file not found: /tmp/192.168.107.168.log
INFO connection established
INFO request from 192.168.60.30
DEBUG cache hit for key=192.168.121.141
ERROR null pointer in module 192.168.215.207
WARN memory threshold reached: 192.168.82.31MB
WARN disk usage 192.168.229.48%
INFO processed 192.168.189.144 items
FATAL segfault at address 0x192.168.39.155
DEBUG entering function foo
FATAL out of memory
ERROR connection timeout 503
INFO user 192.168.60.30 logged in
INFO request from 192.168.57.185
ERROR connection timeout 503
DEBUG entering function foo
WARN memory threshold reached: 192.168.142.104MB
DEBUG entering function foo
ERROR null pointer in module 192.168.211.158
DEBUG cache hit for key=192.168.39.155
WARN slow query: 192.168.92.139ms
INFO connection established
DEBUG cache hit for key=192.168.219.168
INFO processed 192.168.178.6 items
INFO user 192.168.229.48 logged in
ERROR file not found: /tmp/192.168.178.6.log
FATAL unrecoverable disk error
INFO request from 192.168.215.207
FATAL out of memory
INFO processed 192.168.229.48 items
WARN retry attempt 192.168.82.31 for 70963
WARN disk usage 192.168.121.141%
ERROR null pointer in module 192.168.82.31
FATAL kernel panic
INFO request from 192.168.229.48
DEBUG variable x=192.168.229.48
DEBUG variable x=192.168.229.48
WARN disk usage 192.168.178.215%
ERROR null pointer in module 192.168.107.168
WARN memory threshold reached: 192.168.39.155MB
FATAL kernel panic
INFO user 192.168.92.139 logged in
INFO processed 192.168.211.158 items
DEBUG entering function foo
WARN retry attempt 192.168.193.243 for 77499
ERROR connection timeout 503
ERROR null pointer in module 192.168.82.31
WARN slow query: 192.168.39.155ms
ERROR file not found: /tmp/192.168.197.186.log
INFO request from 192.168.60.30
INFO request from 192.168.57.185
WARN disk usage 192.168.211.158%
FATAL segfault at address 0x192.168.9.50
WARN retry attempt 192.168.229.48 for 7763
WARN slow query: 192.168.178.215ms
ERROR file not found: /tmp/192.168.107.168.log
DEBUG cache hit for key=192.168.9.50
WARN slow query: 192.168.193.243ms
INFO request from 192.168.9.50
INFO request from 192.168.219.168
DEBUG heap size: 192.168.142.104
WARN slow query: 192.168.60.30ms
DEBUG variable x=192.168.219.168
DEBUG variable x=192.168.178.6
WARN disk usage 192.168.36.209%
FATAL segfault at address 0x192.168.193.243
DEBUG cache hit for key=192.168.39.155
FATAL out of memory
INFO request from 192.168.92.139
ERROR auth failure for user 192.168.60.30
INFO request from 192.168.121.141
WARN disk usage 192.168.39.155%
INFO connection established
DEBUG variable x=192.168.197.186
ERROR null pointer in module 192.168.178.215
DEBUG variable x=192.168.9.50
INFO user 192.168.39.155 logged in
FATAL segfault at address 0x192.168.107.168
DEBUG entering function foo
DEBUG entering function foo
DEBUG cache hit for key=192.168.107.168
ERROR auth failure for user 192.168.189.144
FATAL segfault at address 0x192.168.219.168
FATAL unrecoverable disk error
FATAL unrecoverable disk error
FATAL kernel panic
ERROR file not found: /tmp/192.168.92.139.log
DEBUG heap size: 192.168.215.207
ERROR file not found: /tmp/192.168.142.104.log
ERROR null pointer in module 192.168.107.168
INFO processed 192.168.211.158 items
FATAL segfault at address 0x192.168.215.207
DEBUG cache hit for key=192.168.211.158
FATAL out of memory
INFO connection established
WARN slow query: 192.168.178.6ms
INFO request from 192.168.193.243
INFO user 192.168.215.207 logged in
WARN disk usage 192.168.142.104%
FATAL out of memory
FATAL kernel panic
INFO processed 192.168.211.158 items
INFO connection established
WARN memory threshold reached: 192.168.82.31MB
ERROR auth failure for user 192.168.178.6
FATAL kernel panic
ERROR connection timeout 503
DEBUG variable x=192.168.215.207
DEBUG cache hit for key=192.168.178.6
ERROR auth failure for user 192.168.211.158
WARN memory threshold reached: 192.168.92.139MB
WARN slow query: 192.168.82.31ms
FATAL segfault at address 0x192.168.36.209
WARN memory threshold reached: 192.168.219.168MB
WARN memory threshold reached: 192.168.141.220MB
DEBUG variable x=192.168.92.139
INFO processed 192.168.193.243 items
ERROR null pointer in module 192.168.189.144
FATAL out of memory
INFO user 192.168.215.207 logged in
FATAL out of memory
FATAL segfault at address 0x192.168.178.6
FATAL unrecoverable disk error
INFO request from 192.168.36.209
WARN retry attempt 192.168.39.155 for 23405
ERROR file not found: /tmp/192.168.215.207.log
INFO user 192.168.211.158 logged in
INFO connection established
DEBUG entering function foo
FATAL unrecoverable disk error
ERROR auth failure for user 192.168.193.243
WARN slow query: 192.168.82.31ms
ERROR file not found: /tmp/192.168.178.6.log
INFO user 192.168.189.144 logged in
WARN retry attempt 192.168.121.141 for 13992
WARN slow query: 192.168.189.144ms
INFO request from 192.168.189.144
FATAL out of memory
FATAL unrecoverable disk error
INFO request from 192.168.39.155
ERROR connection timeout 503
DEBUG cache hit for key=192.168.142.104
WARN retry attempt 192.168.82.31 for 47277
FATAL kernel panic
DEBUG heap size: 192.168.60.30
WARN slow query: 192.168.229.48ms
WARN disk usage 192.168.215.207%
WARN disk usage 192.168.193.243%
DEBUG entering function foo
ERROR null pointer in module 192.168.229.48
WARN memory threshold reached: 192.168.215.207MB
INFO connection established
INFO processed 192.168.121.141 items
FATAL out of memory
ERROR file not found: /tmp/192.168.229.48.log
ERROR null pointer in module 192.168.142.104
INFO processed 192.168.57.185 items
INFO processed 192.168.219.168 items
DEBUG heap size: 192.168.82.31
INFO user 192.168.82.31 logged in
FATAL segfault at address 0x192.168.121.141
FATAL unrecoverable disk error
FATAL segfault at address 0x192.168.141.220
ERROR null pointer in module 192.168.82.31
WARN memory threshold reached: 192.168.57.185MB
DEBUG cache hit for key=192.168.211.158
DEBUG cache hit for key=192.168.92.139
DEBUG variable x=192.168.92.139
INFO request from 192.168.36.209
DEBUG heap size: 192.168.193.243
INFO request from 192.168.36.209
ERROR null pointer in module 192.168.92.139
ERROR file not found: /tmp/192.168.121.141.log
INFO user 192.168.229.48 logged in
WARN slow query: 192.168.36.209ms
DEBUG cache hit for key=192.168.39.155
FATAL unrecoverable disk error
INFO request from 192.168.219.168
INFO request from 192.168.211.158
WARN memory threshold reached: 192.168.121.141MB
ERROR null pointer in module 192.168.107.168
WARN retry attempt 192.168.92.139 for 89216
DEBUG cache hit for key=192.168.189.144
FATAL unrecoverable disk error
WARN memory threshold reached: 192.168.142.104MB
DEBUG heap size: 192.168.193.243
DEBUG cache hit for key=192.168.57.185
DEBUG variable x=192.168.219.168
INFO processed 192.168.193.243 items
INFO request from 192.168.193.243
ERROR null pointer in module 192.168.219.168
WARN memory threshold reached: 192.168.178.215MB
WARN slow query: 192.168.219.168ms
FATAL unrecoverable disk error
FATAL kernel panic
DEBUG heap size: 192.168.189.144
INFO connection established
INFO user 192.168.107.168 logged in
FATAL kernel panic
FATAL out of memory
INFO processed 192.168.107.168 items
INFO request from 192.168.178.6
ERROR auth failure for user 192.168.39.155
FATAL unrecoverable disk error
DEBUG cache hit for key=192.168.57.185
DEBUG cache hit for key=192.168.142.104
WARN disk usage 192.168.197.186%
INFO user 192.168.39.155 logged in
ERROR null pointer in module 192.168.142.104
FATAL segfault at address 0x192.168.211.158
WARN slow query: 192.168.141.220ms
ERROR auth failure for user 192.168.39.155
DEBUG cache hit for key=192.168.141.220
DEBUG cache hit for key=192.168.82.31
INFO connection established
INFO user 192.168.141.220 logged in
WARN slow query: 192.168.36.209ms
DEBUG variable x=192.168.82.31
WARN slow query: 192.168.121.141ms
FATAL out of memory
ERROR connection timeout 503
DEBUG variable x=192.168.215.207
ERROR null pointer in module 192.168.142.104
DEBUG variable x=192.168.92.139
FATAL segfault at address 0x192.168.197.186
ERROR auth failure for user 192.168.9.50
INFO processed 192.168.39.155 items
INFO request from 192.168.36.209
FATAL segfault at address 0x192.168.219.168
INFO connection established
FATAL kernel panic
ERROR auth failure for user 192.168.178.215
INFO user 192.168.197.186 logged in
FATAL kernel panic
INFO processed 192.168.229.48 items
WARN memory threshold reached: 192.168.82.31MB
INFO connection established
DEBUG heap size: 192.168.107.168
ERROR null pointer in module 192.168.57.185
ERROR auth failure for user 192.168.215.207
INFO request from 192.168.39.155
DEBUG heap size: 192.168.107.168
DEBUG variable x=192.168.57.185
DEBUG cache hit for key=192.168.60.30
WARN slow query: 192.168.36.209ms
INFO request from 192.168.229.48
ERROR connection timeout 503
INFO processed 192.168.82.31 items
FATAL kernel panic
WARN retry attempt 192.168.82.31 for 33717
WARN disk usage 192.168.189.144%
WARN disk usage 192.168.36.209%
ERROR null pointer in module 192.168.60.30
DEBUG entering function foo
WARN slow query: 192.168.142.104ms
FATAL unrecoverable disk error
INFO request from 192.168.39.155
FATAL segfault at address 0x192.168.215.207
FATAL segfault at address 0x192.168.229.48
INFO user 192.168.107.168 logged in
FATAL segfault at address 0x192.168.178.6
INFO connection established
WARN memory threshold reached: 192.168.121.141MB
WARN slow query: 192.168.178.215ms
FATAL kernel panic
INFO connection established
WARN retry attempt 192.168.142.104 for 26207
INFO connection established
DEBUG variable x=192.168.107.168
ERROR auth failure for user 192.168.39.155
FATAL kernel panic
ERROR null pointer in module 192.168.189.144
FATAL out of memory
DEBUG heap size: 192.168.57.185
WARN disk usage 192.168.219.168%
ERROR file not found: /tmp/192.168.211.158.log
FATAL kernel panic
FATAL out of memory
FATAL segfault at address 0x192.168.219.168
WARN memory threshold reached: 192.168.121.141MB
INFO request from 192.168.141.220
FATAL unrecoverable disk error
WARN memory threshold reached: 192.168.36.209MB
INFO processed 192.168.36.209 items
INFO connection established
ERROR auth failure for user 192.168.142.104
INFO user 192.168.197.186 logged in
ERROR connection timeout 503
FATAL unrecoverable disk error
DEBUG heap size: 192.168.57.185
DEBUG heap size: 192.168.211.158
INFO user 192.168.215.207 logged in
WARN disk usage 192.168.197.186%
ERROR file not found: /tmp/192.168.141.220.log
ERROR null pointer in module 192.168.141.220
DEBUG cache hit for key=192.168.215.207
INFO connection established
DEBUG entering function foo
WARN memory threshold reached: 192.168.107.168MB
DEBUG variable x=192.168.229.48
WARN retry attempt 192.168.36.209 for 79026
ERROR connection timeout 503
FATAL out of memory
FATAL out of memory
ERROR file not found: /tmp/192.168.39.155.log
FATAL kernel panic
FATAL out of memory
FATAL kernel panic
WARN slow query: 192.168.189.144ms
ERROR file not found: /tmp/192.168.121.141.log
INFO user 192.168.107.168 logged in
FATAL unrecoverable disk error
ERROR connection timeout 503
WARN slow query: 192.168.142.104ms
DEBUG variable x=192.168.189.144
INFO user 192.168.9.50 logged in
ERROR connection timeout 503
DEBUG heap size: 192.168.219.168
FATAL unrecoverable disk error
DEBUG cache hit for key=192.168.36.209
ERROR connection timeout 503
DEBUG cache hit for key=192.168.193.243
WARN memory threshold reached: 192.168.39.155MB
FATAL out of memory
DEBUG entering function foo
INFO processed 192.168.36.209 items
FATAL segfault at address 0x192.168.189.144
FATAL out of memory
WARN memory threshold reached: 192.168.121.141MB
WARN memory threshold reached: 192.168.60.30MB
WARN slow query: 192.168.211.158ms
DEBUG variable x=192.168.189.144
FATAL out of memory
INFO connection established
INFO connection established
INFO request from 192.168.36.209
WARN disk usage 192.168.82.31%
ERROR auth failure for user 192.168.197.186
WARN memory threshold reached: 192.168.229.48MB
DEBUG variable x=192.168.215.207
WARN retry attempt 192.168.82.31 for 22000
WARN slow query: 192.168.60.30ms
DEBUG variable x=192.168.219.168
ERROR connection timeout 503
INFO processed 192.168.211.158 items
INFO processed 192.168.189.144 items
INFO user 192.168.211.158 logged in
FATAL out of memory
DEBUG cache hit for key=192.168.219.168
ERROR auth failure for user 192.168.193.243
INFO processed 192.168.60.30 items
ERROR file not found: /tmp/192.168.229.48.log
WARN memory threshold reached: 192.168.215.207MB
INFO request from 192.168.121.141
WARN memory threshold reached: 192.168.142.104MB
DEBUG heap size: 192.168.82.31
FATAL unrecoverable disk error
FATAL out of memory
DEBUG heap size: 192.168.92.139
FATAL kernel panic
DEBUG entering function foo
FATAL out of memory
WARN memory threshold reached: 192.168.178.215MB
INFO request from 192.168.39.155
INFO user 192.168.36.209 logged in
INFO connection established
WARN memory threshold reached: 192.168.39.155MB
ERROR auth failure for user 192.168.197.186
INFO user 192.168.57.185 logged in
INFO processed 192.168.92.139 items
INFO connection established
FATAL kernel panic
DEBUG heap size: 192.168.36.209
INFO request from 192.168.92.139
INFO connection established
INFO request from 192.168.60.30
WARN retry attempt 192.168.36.209 for 62577
DEBUG entering function foo
WARN disk usage 192.168.219.168%
INFO request from 192.168.92.139
WARN retry attempt 192.168.178.6 for 32641
WARN retry attempt 192.168.193.243 for 40526
ERROR file not found: /tmp/192.168.178.6.log
FATAL segfault at address 0x192.168.211.158
ERROR connection timeout 503
INFO user 192.168.141.220 logged in
WARN memory threshold reached: 192.168.189.144MB
DEBUG heap size: 192.168.215.207
FATAL segfault at address 0x192.168.211.158
DEBUG variable x=192.168.178.6
WARN disk usage 192.168.141.220%
FATAL segfault at address 0x192.168.9.50
DEBUG heap size: 192.168.142.104
DEBUG variable x=192.168.9.50
DEBUG variable x=192.168.189.144
WARN retry attempt 192.168.82.31 for 31365
FATAL kernel panic
INFO request from 192.168.189.144
FATAL unrecoverable disk error
FATAL kernel panic
WARN slow query: 192.168.229.48ms
DEBUG cache hit for key=192.168.193.243
FATAL unrecoverable disk error
ERROR auth failure for user 192.168.60.30
DEBUG cache hit for key=192.168.178.215
WARN disk usage 192.168.57.185%
INFO processed 192.168.193.243 items
DEBUG entering function foo
FATAL segfault at address 0x192.168.193.243
ERROR auth failure for user 192.168.92.139
ERROR file not found: /tmp/192.168.229.48.log
DEBUG entering function foo
INFO request from 192.168.189.144
WARN memory threshold reached: 192.168.39.155MB
ERROR auth failure for user 192.168.39.155
INFO user 192.168.57.185 logged in
DEBUG heap size: 192.168.193.243
WARN disk usage 192.168.219.168%
FATAL out of memory
DEBUG cache hit for key=192.168.82.31
DEBUG entering function foo
FATAL unrecoverable disk error
ERROR auth failure for user 192.168.193.243
ERROR auth failure for user 192.168.39.155
ERROR file not found: /tmp/192.168.229.48.log
INFO connection established
INFO request from 192.168.197.186
INFO connection established
WARN memory threshold reached: 192.168.107.168MB
FATAL kernel panic
ERROR auth failure for user 192.168.141.220
DEBUG heap size: 192.168.193.243
INFO processed 192.168.189.144 items
DEBUG entering function foo
FATAL segfault at address 0x192.168.92.139
INFO connection established
DEBUG entering function foo
FATAL kernel panic
ERROR auth failure for user 192.168.219.168
ERROR auth failure for user 192.168.193.243
FATAL out of memory
WARN slow query: 192.168.189.144ms
FATAL segfault at address 0x192.168.9.50
DEBUG entering function foo
WARN disk usage 192.168.121.141%
WARN slow query: 192.168.92.139ms
FATAL segfault at address 0x192.168.60.30
ERROR connection timeout 503
DEBUG cache hit for key=192.168.39.155
WARN slow query: 192.168.121.141ms
DEBUG entering function foo
FATAL out of memory
WARN memory threshold reached: 192.168.36.209MB
ERROR file not found: /tmp/192.168.142.104.log
DEBUG cache hit for key=192.168.219.168
WARN disk usage 192.168.107.168%
FATAL segfault at address 0x192.168.193.243
ERROR connection timeout 503
WARN disk usage 192.168.215.207%
FATAL out of memory
INFO processed 192.168.197.186 items
FATAL unrecoverable disk error
FATAL unrecoverable disk error
ERROR file not found: /tmp/192.168.60.30.log
FATAL segfault at address 0x192.168.215.207
INFO processed 192.168.229.48 items
WARN disk usage 192.168.142.104%
INFO user 192.168.211.158 logged in
FATAL kernel panic
ERROR file not found: /tmp/192.168.39.155.log
FATAL out of memory
ERROR null pointer in module 192.168.178.215
INFO user 192.168.39.155 logged in
ERROR connection timeout 503
INFO request from 192.168.141.220
DEBUG heap size: 192.168.189.144
INFO request from 192.168.189.144
WARN retry attempt 192.168.57.185 for 25411
INFO request from 192.168.178.6
INFO processed 192.168.215.207 items
DEBUG heap size: 192.168.141.220
INFO connection established
INFO request from 192.168.178.6
INFO user 192.168.141.220 logged in
DEBUG cache hit for key=192.168.107.168
ERROR file not found: /tmp/192.168.141.220.log
INFO processed 192.168.107.168 items
INFO user 192.168.60.30 logged in
FATAL kernel panic
FATAL unrecoverable disk error
FATAL kernel panic
DEBUG entering function foo
FATAL unrecoverable disk error
FATAL out of memory
DEBUG variable x=192.168.36.209
DEBUG heap size: 192.168.197.186
DEBUG variable x=192.168.215.207
WARN disk usage 192.168.219.168%
FATAL unrecoverable disk error
FATAL segfault at address 0x192.168.57.185
FATAL segfault at address 0x192.168.9.50
DEBUG heap size: 192.168.9.50
DEBUG variable x=192.168.60.30
DEBUG variable x=192.168.121.141
DEBUG heap size: 192.168.82.31
DEBUG variable x=192.168.193.243
DEBUG cache hit for key=192.168.92.139
WARN disk usage 192.168.189.144%
DEBUG variable x=192.168.178.215
WARN slow query: 192.168.39.155ms
ERROR file not found: /tmp/192.168.82.31.log
INFO connection established
FATAL out of memory
WARN memory threshold reached: 192.168.141.220MB
DEBUG heap size: 192.168.142.104
WARN disk usage 192.168.107.168%
DEBUG entering function foo
WARN disk usage 192.168.142.104%
WARN retry attempt 192.168.142.104 for 12653
FATAL kernel panic
INFO connection established
DEBUG entering function foo
DEBUG cache hit for key=192.168.211.158
ERROR connection timeout 503
INFO user 192.168.39.155 logged in
ERROR connection timeout 503
FATAL segfault at address 0x192.168.9.50
INFO connection established
INFO processed 192.168.121.141 items
ERROR auth failure for user 192.168.60.30
FATAL unrecoverable disk error
FATAL out of memory
DEBUG entering function foo
DEBUG entering function foo
DEBUG variable x=192.168.193.243
DEBUG heap size: 192.168.60.30
DEBUG cache hit for key=192.168.215.207
INFO processed 192.168.82.31 items
INFO user 192.168.197.186 logged in
INFO request from 192.168.57.185
FATAL out of memory
DEBUG entering function foo
DEBUG cache hit for key=192.168.197.186
WARN retry attempt 192.168.9.50 for 70864
WARN slow query: 192.168.178.215ms
FATAL out of memory
ERROR connection timeout 503
DEBUG variable x=192.168.142.104
WARN memory threshold reached: 192.168.178.215MB
FATAL segfault at address 0x192.168.39.155
FATAL segfault at address 0x192.168.178.6
WARN slow query: 192.168.82.31ms
DEBUG entering function foo
FATAL segfault at address 0x192.168.107.168
DEBUG heap size: 192.168.193.243
FATAL segfault at address 0x192.168.178.215
DEBUG variable x=192.168.197.186
ERROR file not found: /tmp/192.168.57.185.log
FATAL unrecoverable disk error
WARN retry attempt 192.168.189.144 for 28532
FATAL unrecoverable disk error
ERROR auth failure for user 192.168.189.144
FATAL unrecoverable disk error
WARN slow query: 192.168.82.31ms
DEBUG heap size: 192.168.229.48
FATAL segfault at address 0x192.168.178.215
WARN slow query: 192.168.107.168ms
WARN memory threshold reached: 192.168.197.186MB
WARN slow query: 192.168.36.209ms
WARN disk usage 192.168.193.243%
INFO connection established
DEBUG heap size: 192.168.82.31
DEBUG cache hit for key=192.168.178.215
FATAL kernel panic
WARN retry attempt 192.168.189.144 for 97758
INFO request from 192.168.57.185
DEBUG cache hit for key=192.168.121.141
WARN slow query: 192.168.189.144ms
FATAL segfault at address 0x192.168.197.186
ERROR auth failure for user 192.168.57.185
DEBUG cache hit for key=192.168.36.209
FATAL segfault at address 0x192.168.197.186
WARN retry attempt 192.168.215.207 for 95840
ERROR auth failure for user 192.168.39.155
DEBUG entering function foo
DEBUG cache hit for key=192.168.60.30
ERROR connection timeout 503
FATAL segfault at address 0x192.168.60.30
FATAL segfault at address 0x192.168.189.144
WARN memory threshold reached: 192.168.121.141MB
DEBUG heap size: 192.168.142.104
ERROR null pointer in module 192.168.178.6
FATAL unrecoverable disk error
WARN disk usage 192.168.142.104%
FATAL unrecoverable disk error
FATAL unrecoverable disk error
WARN slow query: 192.168.219.168ms
INFO connection established
FATAL out of memory
DEBUG entering function foo
WARN memory threshold reached: 192.168.229.48MB
FATAL out of memory
WARN retry attempt 192.168.211.158 for 49419
INFO connection established
ERROR null pointer in module 192.168.219.168
WARN memory threshold reached: 192.168.60.30MB
WARN slow query: 192.168.229.48ms
INFO connection established
DEBUG heap size: 192.168.229.48
ERROR null pointer in module 192.168.107.168
FATAL unrecoverable disk error
DEBUG cache hit for key=192.168.197.186
WARN disk usage 192.168.141.220%
FATAL kernel panic
WARN slow query: 192.168.178.6ms
FATAL kernel panic
WARN disk usage 192.168.142.104%
FATAL out of memory
DEBUG variable x=192.168.197.186
WARN slow query: 192.168.36.209ms
WARN memory threshold reached: 192.168.197.186MB
DEBUG heap size: 192.168.141.220
FATAL out of memory
DEBUG heap size: 192.168.57.185
ERROR connection timeout 503
WARN retry attempt 192.168.82.31 for 6213
FATAL segfault at address 0x192.168.107.168
WARN slow query: 192.168.9.50ms
WARN retry attempt 192.168.92.139 for 35004
ERROR file not found: /tmp/192.168.36.209.log
ERROR file not found: /tmp/192.168.57.185.log
ERROR null pointer in module 192.168.219.168
FATAL kernel panic
WARN memory threshold reached: 192.168.229.48MB
DEBUG heap size: 192.168.142.104
ERROR file not found: /tmp/192.168.229.48.log
WARN memory threshold reached: 192.168.141.220MB
FATAL segfault at address 0x192.168.229.48
FATAL unrecoverable disk error
ERROR connection timeout 503
ERROR connection timeout 503
INFO user 192.168.141.220 logged in
DEBUG variable x=192.168.211.158
ERROR null pointer in module 192.168.39.155
DEBUG cache hit for key=192.168.193.243
INFO request from 192.168.178.6
DEBUG cache hit for key=192.168.141.220
FATAL kernel panic
WARN memory threshold reached: 192.168.36.209MB
DEBUG entering function foo
INFO request from 192.168.178.215
WARN slow query: 192.168.121.141ms
ERROR auth failure for user 192.168.211.158
WARN disk usage 192.168.229.48%
ERROR auth failure for user 192.168.82.31
WARN retry attempt 192.168.141.220 for 86844
INFO request from 192.168.57.185
FATAL out of memory
WARN retry attempt 192.168.39.155 for 18542
FATAL kernel panic
ERROR connection timeout 503
FATAL unrecoverable disk error
INFO processed 192.168.141.220 items
FATAL kernel panic
WARN memory threshold reached: 192.168.36.209MB
FATAL out of memory
ERROR connection timeout 503
DEBUG heap size: 192.168.141.220
DEBUG heap size: 192.168.189.144
WARN memory threshold reached: 192.168.141.220MB
WARN disk usage 192.168.57.185%
FATAL out of memory
FATAL segfault at address 0x192.168.121.141
ERROR null pointer in module 192.168.178.6
DEBUG heap size: 192.168.121.141
ERROR auth failure for user 192.168.215.207
INFO processed 192.168.92.139 items
INFO user 192.168.57.185 logged in
WARN slow query: 192.168.92.139ms
ERROR connection timeout 503
ERROR null pointer in module 192.168.107.168
FATAL out of memory
FATAL segfault at address 0x192.168.141.220
DEBUG heap size: 192.168.189.144
WARN disk usage 192.168.189.144%
ERROR null pointer in module 192.168.141.220
DEBUG cache hit for key=192.168.142.104
ERROR auth failure for user 192.168.229.48
WARN disk usage 192.168.107.168%
DEBUG cache hit for key=192.168.193.243
FATAL unrecoverable disk error
INFO processed 192.168.60.30 items
INFO user 192.168.142.104 logged in
DEBUG variable x=192.168.197.186
FATAL out of memory
DEBUG heap size: 192.168.82.31
DEBUG variable x=192.168.142.104
DEBUG entering function foo
WARN memory threshold reached: 192.168.229.48MB
DEBUG entering function foo
WARN memory threshold reached: 192.168.107.168MB
ERROR connection timeout 503
DEBUG entering function foo
DEBUG cache hit for key=192.168.142.104
INFO user 192.168.219.168 logged in
DEBUG heap size: 192.168.178.215
FATAL unrecoverable disk error
ERROR file not found: /tmp/192.168.82.31.log
ERROR file not found: /tmp/192.168.189.144.log
INFO processed 192.168.92.139 items
ERROR auth failure for user 192.168.92.139
DEBUG cache hit for key=192.168.82.31
DEBUG variable x=192.168.82.31
INFO user 192.168.178.215 logged in
INFO user 192.168.121.141 logged in
ERROR auth failure for user 192.168.9.50
DEBUG variable x=192.168.215.207
INFO user 192.168.215.207 logged in
FATAL kernel panic
DEBUG heap size: 192.168.178.6
FATAL out of memory
INFO connection established
DEBUG entering function foo
FATAL unrecoverable disk error
INFO user 192.168.82.31 logged in
DEBUG heap size: 192.168.178.6
ERROR auth failure for user 192.168.82.31
ERROR null pointer in module 192.168.36.209
INFO connection established
ERROR auth failure for user 192.168.92.139
DEBUG heap size: 192.168.57.185
FATAL unrecoverable disk error
WARN retry attempt 192.168.82.31 for 3862
ERROR connection timeout 503
FATAL kernel panic
INFO user 192.168.189.144 logged in
FATAL unrecoverable disk error
DEBUG variable x=192.168.39.155
WARN disk usage 192.168.141.220%
WARN disk usage 192.168.141.220%
ERROR connection timeout 503
WARN retry attempt 192.168.215.207 for 76677
FATAL out of memory
INFO user 192.168.178.215 logged in
FATAL unrecoverable disk error
ERROR null pointer in module 192.168.107.168
INFO processed 192.168.9.50 items
FATAL out of memory
WARN disk usage 192.168.211.158%
ERROR null pointer in module 192.168.9.50
FATAL out of memory
DEBUG cache hit for key=192.168.197.186
DEBUG variable x=192.168.39.155
DEBUG variable x=192.168.39.155
DEBUG cache hit for key=192.168.60.30
INFO processed 192.168.197.186 items
DEBUG heap size: 192.168.197.186
FATAL unrecoverable disk error
FATAL unrecoverable disk error
FATAL kernel panic
INFO request from 192.168.219.168
ERROR auth failure for user 192.168.107.168
INFO request from 192.168.178.215
DEBUG heap size: 192.168.107.168
ERROR connection timeout 503
DEBUG heap size: 192.168.229.48
FATAL unrecoverable disk error
WARN disk usage 192.168.141.220%
DEBUG heap size: 192.168.82.31
INFO user 192.168.9.50 logged in
ERROR connection timeout 503
DEBUG entering function foo
ERROR auth failure for user 192.168.142.104
DEBUG heap size: 192.168.39.155
DEBUG heap size: 192.168.229.48
FATAL kernel panic
INFO request from 192.168.57.185
WARN retry attempt 192.168.211.158 for 3800
ERROR auth failure for user 192.168.92.139
DEBUG heap size: 192.168.189.144
ERROR connection timeout 503
WARN retry attempt 192.168.219.168 for 84876
INFO connection established
INFO request from 192.168.215.207
DEBUG heap size: 192.168.121.141
INFO request from 192.168.215.207
DEBUG cache hit for key=192.168.211.158
WARN retry attempt 192.168.215.207 for 81920
FATAL kernel panic
WARN slow query: 192.168.57.185ms
FATAL unrecoverable disk error
ERROR file not found: /tmp/192.168.82.31.log
INFO user 192.168.142.104 logged in
WARN disk usage 192.168.92.139%
INFO user 192.168.39.155 logged in
WARN disk usage 192.168.197.186%
ERROR file not found: /tmp/192.168.39.155.log
INFO user 192.168.215.207 logged in
ERROR null pointer in module 192.168.141.220
WARN memory threshold reached: 192.168.60.30MB
INFO connection established
ERROR auth failure for user 192.168.39.155
WARN slow query: 192.168.121.141ms
WARN disk usage 192.168.142.104%
FATAL unrecoverable disk error
WARN disk usage 192.168.229.48%
WARN memory threshold reached: 192.168.9.50MB
DEBUG heap size: 192.168.121.141
INFO connection established
ERROR connection timeout 503
FATAL out of memory
WARN memory threshold reached: 192.168.82.31MB
ERROR file not found: /tmp/192.168.107.168.log
INFO user 192.168.39.155 logged in
INFO user 192.168.215.207 logged in
ERROR file not found: /tmp/192.168.39.155.log
DEBUG variable x=192.168.178.215
WARN memory threshold reached: 192.168.197.186MB
WARN memory threshold reached: 192.168.189.144MB
FATAL unrecoverable disk error
ERROR null pointer in module 192.168.60.30
FATAL kernel panic
ERROR file not found: /tmp/192.168.39.155.log
FATAL out of memory
INFO request from 192.168.215.207
WARN memory threshold reached: 192.168.39.155MB
INFO connection established
WARN disk usage 192.168.211.158%
FATAL kernel panic
WARN retry attempt 192.168.197.186 for 1575
WARN retry attempt 192.168.229.48 for 57137
DEBUG entering function foo
INFO request from 192.168.60.30
WARN retry attempt 192.168.142.104 for 79152
INFO connection established
WARN memory threshold reached: 192.168.39.155MB
DEBUG variable x=192.168.178.6
INFO processed 192.168.219.168 items
WARN retry attempt 192.168.193.243 for 16753
FATAL unrecoverable disk error
DEBUG cache hit for key=192.168.60.30
FATAL unrecoverable disk error
ERROR connection timeout 503
ERROR connection timeout 503
ERROR null pointer in module 192.168.141.220
FATAL segfault at address 0x192.168.107.168
ERROR null pointer in module 192.168.121.141
DEBUG cache hit for key=192.168.178.215
INFO connection established
DEBUG variable x=192.168.121.141
WARN disk usage 192.168.121.141%
INFO request from 192.168.197.186
FATAL out of memory
INFO user 192.168.121.141 logged in
FATAL out of memory
DEBUG variable x=192.168.39.155
ERROR null pointer in module 192.168.121.141
WARN slow query: 192.168.219.168ms
WARN disk usage 192.168.92.139%
DEBUG heap size: 192.168.82.31
FATAL segfault at address 0x192.168.9.50
FATAL unrecoverable disk error
FATAL unrecoverable disk error
WARN slow query: 192.168.219.168ms
FATAL kernel panic
ERROR connection timeout 503
ERROR file not found: /tmp/192.168.215.207.log
ERROR null pointer in module 192.168.121.141
DEBUG heap size: 192.168.142.104
FATAL kernel panic
WARN disk usage 192.168.197.186%
WARN retry attempt 192.168.189.144 for 83554
WARN retry attempt 192.168.121.141 for 94815
DEBUG variable x=192.168.142.104
ERROR connection timeout 503
FATAL unrecoverable disk error
WARN slow query: 192.168.82.31ms
DEBUG cache hit for key=192.168.189.144
DEBUG entering function foo
ERROR null pointer in module 192.168.57.185
WARN disk usage 192.168.92.139%
FATAL kernel panic
WARN memory threshold reached: 192.168.189.144MB
DEBUG variable x=192.168.107.168
INFO user 192.168.57.185 logged in
WARN disk usage 192.168.193.243%
ERROR null pointer in module 192.168.178.215
FATAL kernel panic
DEBUG heap size: 192.168.60.30
DEBUG entering function foo
FATAL kernel panic
DEBUG cache hit for key=192.168.36.209
WARN slow query: 192.168.197.186ms
WARN retry attempt 192.168.107.168 for 49102
ERROR connection timeout 503
FATAL segfault at address 0x192.168.121.141
DEBUG entering function foo
ERROR null pointer in module 192.168.107.168
ERROR connection timeout 503
INFO user 192.168.9.50 logged in
FATAL out of memory
WARN memory threshold reached: 192.168.92.139MB
INFO processed 192.168.107.168 items
FATAL segfault at address 0x192.168.9.50
FATAL unrecoverable disk error
INFO request from 192.168.178.215
INFO request from 192.168.121.141
FATAL kernel panic
FATAL unrecoverable disk error
INFO connection established
WARN memory threshold reached: 192.168.229.48MB
ERROR file not found: /tmp/192.168.142.104.log
ERROR auth failure for user 192.168.215.207
FATAL segfault at address 0x192.168.36.209
INFO request from 192.168.197.186
ERROR null pointer in module 192.168.92.139
FATAL out of memory
WARN slow query: 192.168.107.168ms
INFO connection established
FATAL out of memory
FATAL segfault at address 0x192.168.178.6
INFO processed 192.168.211.158 items
WARN slow query: 192.168.211.158ms
FATAL out of memory
FATAL out of memory
FATAL segfault at address 0x192.168.57.185
WARN disk usage 192.168.141.220%
WARN memory threshold reached: 192.168.36.209MB
FATAL unrecoverable disk error
FATAL unrecoverable disk error
ERROR auth failure for user 192.168.36.209
DEBUG entering function foo
INFO connection established
INFO processed 192.168.197.186 items
ERROR null pointer in module 192.168.178.6
INFO user 192.168.57.185 logged in
DEBUG heap size: 192.168.178.6
WARN slow query: 192.168.36.209ms
DEBUG entering function foo
DEBUG heap size: 192.168.219.168
DEBUG cache hit for key=192.168.60.30
DEBUG heap size: 192.168.39.155
INFO user 192.168.39.155 logged in
FATAL kernel panic
ERROR auth failure for user 192.168.36.209
DEBUG cache hit for key=192.168.142.104
ERROR auth failure for user 192.168.229.48
INFO connection established
FATAL unrecoverable disk error
ERROR null pointer in module 192.168.9.50
DEBUG heap size: 192.168.197.186
DEBUG heap size: 192.168.57.185
ERROR connection timeout 503
DEBUG heap size: 192.168.39.155
INFO processed 192.168.229.48 items
ERROR file not found: /tmp/192.168.92.139.log
FATAL out of memory
WARN memory threshold reached: 192.168.197.186MB
ERROR connection timeout 503
DEBUG cache hit for key=192.168.36.209
DEBUG cache hit for key=192.168.219.168
FATAL out of memory
INFO processed 192.168.9.50 items
INFO user 192.168.107.168 logged in
DEBUG entering function foo
INFO processed 192.168.121.141 items
ERROR null pointer in module 192.168.229.48
FATAL segfault at address 0x192.168.211.158
DEBUG heap size: 192.168.229.48
INFO user 192.168.107.168 logged in
FATAL segfault at address 0x192.168.121.141
INFO processed 192.168.229.48 items
WARN slow query: 192.168.219.168ms
FATAL unrecoverable disk error
INFO connection established
FATAL segfault at address 0x192.168.215.207
INFO user 192.168.57.185 logged in
ERROR auth failure for user 192.168.39.155
INFO connection established
ERROR null pointer in module 192.168.211.158
ERROR connection timeout 503
WARN memory threshold reached: 192.168.219.168MB
FATAL out of memory
ERROR null pointer in module 192.168.219.168
DEBUG heap size: 192.168.39.155
WARN disk usage 192.168.193.243%
WARN retry attempt 192.168.57.185 for 37860
DEBUG variable x=192.168.36.209
ERROR file not found: /tmp/192.168.142.104.log
FATAL unrecoverable disk error
DEBUG entering function foo
FATAL kernel panic
DEBUG heap size: 192.168.229.48
FATAL segfault at address 0x192.168.57.185
WARN memory threshold reached: 192.168.178.6MB
INFO processed 192.168.193.243 items
ERROR auth failure for user 192.168.211.158
ERROR auth failure for user 192.168.141.220
ERROR null pointer in module 192.168.60.30
DEBUG heap size: 192.168.178.6
DEBUG entering function foo
FATAL kernel panic
DEBUG variable x=192.168.36.209
INFO processed 192.168.178.215 items
FATAL kernel panic
INFO user 192.168.178.6 logged in
FATAL unrecoverable disk error
ERROR null pointer in module 192.168.57.185
FATAL kernel panic
FATAL unrecoverable disk error
FATAL kernel panic
WARN disk usage 192.168.178.215%
INFO request from 192.168.178.6
INFO user 192.168.121.141 logged in
WARN slow query: 192.168.60.30ms
WARN retry attempt 192.168.197.186 for 89230
ERROR file not found: /tmp/192.168.141.220.log
DEBUG heap size: 192.168.36.209
FATAL unrecoverable disk error
ERROR connection timeout 503
ERROR connection timeout 503
INFO processed 192.168.9.50 items
FATAL segfault at address 0x192.168.141.220
INFO user 192.168.82.31 logged in
FATAL segfault at address 0x192.168.36.209
FATAL unrecoverable disk error
INFO user 192.168.57.185 logged in
DEBUG entering function foo
WARN disk usage 192.168.9.50%
WARN retry attempt 192.168.215.207 for 68358
FATAL segfault at address 0x192.168.39.155
WARN slow query: 192.168.57.185ms
ERROR null pointer in module 192.168.82.31
ERROR auth failure for user 192.168.211.158
DEBUG variable x=192.168.219.168
FATAL out of memory
DEBUG heap size: 192.168.178.215
INFO user 192.168.193.243 logged in
DEBUG variable x=192.168.121.141
INFO request from 192.168.82.31
WARN retry attempt 192.168.193.243 for 29619
INFO request from 192.168.211.158
FATAL out of memory
FATAL unrecoverable disk error
FATAL kernel panic
WARN retry attempt 192.168.142.104 for 67303
DEBUG heap size: 192.168.142.104
WARN retry attempt 192.168.107.168 for 87993
INFO processed 192.168.178.215 items
ERROR null pointer in module 192.168.36.209
FATAL out of memory
WARN memory threshold reached: 192.168.189.144MB
WARN disk usage 192.168.36.209%
DEBUG cache hit for key=192.168.219.168
ERROR connection timeout 503
ERROR file not found: /tmp/192.168.193.243.log
WARN slow query: 192.168.57.185ms
INFO request from 192.168.215.207
WARN disk usage 192.168.57.185%
WARN disk usage 192.168.82.31%
ERROR auth failure for user 192.168.178.215
INFO connection established
FATAL out of memory
DEBUG cache hit for key=192.168.82.31
INFO request from 192.168.92.139
FATAL kernel panic
INFO connection established
FATAL unrecoverable disk error
DEBUG cache hit for key=192.168.36.209
WARN memory threshold reached: 192.168.39.155MB
ERROR auth failure for user 192.168.219.168
DEBUG entering function foo
WARN memory threshold reached: 192.168.60.30MB
WARN slow query: 192.168.141.220ms
FATAL out of memory
WARN slow query: 192.168.197.186ms
ERROR connection timeout 503
WARN disk usage 192.168.9.50%
FATAL unrecoverable disk error
FATAL out of memory
ERROR connection timeout 503
INFO connection established
WARN retry attempt 192.168.142.104 for 69084
FATAL out of memory
DEBUG heap size: 192.168.60.30
WARN retry attempt 192.168.107.168 for 6403
ERROR file not found: /tmp/192.168.57.185.log
DEBUG heap size: 192.168.142.104
ERROR auth failure for user 192.168.211.158
ERROR null pointer in module 192.168.193.243
DEBUG heap size: 192.168.121.141
INFO user 192.168.60.30 logged in
ERROR file not found: /tmp/192.168.36.209.log
FATAL segfault at address 0x192.168.57.185
INFO connection established
FATAL segfault at address 0x192.168.60.30
ERROR file not found: /tmp/192.168.142.104.log
ERROR auth failure for user 192.168.189.144
INFO request from 192.168.82.31
WARN slow query: 192.168.211.158ms
FATAL out of memory
ERROR file not found: /tmp/192.168.189.144.log
FATAL kernel panic
ERROR null pointer in module 192.168.9.50
FATAL segfault at address 0x192.168.215.207
DEBUG variable x=192.168.189.144
ERROR null pointer in module 192.168.57.185
DEBUG entering function foo
DEBUG heap size: 192.168.189.144
FATAL out of memory
DEBUG variable x=192.168.92.139
WARN disk usage 192.168.197.186%
WARN retry attempt 192.168.36.209 for 97055
FATAL kernel panic
DEBUG entering function foo
ERROR null pointer in module 192.168.197.186
ERROR connection timeout 503
DEBUG variable x=192.168.219.168
DEBUG entering function foo
INFO request from 192.168.141.220
FATAL segfault at address 0x192.168.229.48
DEBUG heap size: 192.168.107.168
INFO processed 192.168.92.139 items
DEBUG entering function foo
DEBUG entering function foo
FATAL kernel panic
WARN disk usage 192.168.107.168%
FATAL kernel panic
ERROR null pointer in module 192.168.142.104
FATAL unrecoverable disk error
FATAL kernel panic
DEBUG variable x=192.168.39.155
ERROR null pointer in module 192.168.60.30
DEBUG entering function foo
WARN memory threshold reached: 192.168.36.209MB
FATAL unrecoverable disk error
DEBUG heap size: 192.168.36.209
WARN slow query: 192.168.189.144ms
INFO request from 192.168.36.209
DEBUG cache hit for key=192.168.36.209
INFO processed 192.168.39.155 items
FATAL out of memory
FATAL kernel panic
DEBUG variable x=192.168.39.155
WARN memory threshold reached: 192.168.107.168MB
DEBUG entering function foo
FATAL segfault at address 0x192.168.39.155
ERROR auth failure for user 192.168.9.50
FATAL unrecoverable disk error
ERROR connection timeout 503
INFO request from 192.168.39.155
FATAL out of memory
INFO user 192.168.189.144 logged in
WARN memory threshold reached: 192.168.57.185MB
DEBUG variable x=192.168.189.144
WARN memory threshold reached: 192.168.211.158MB
INFO request from 192.168.60.30
FATAL kernel panic
INFO connection established
DEBUG entering function foo
WARN slow query: 192.168.39.155ms
FATAL segfault at address 0x192.168.9.50
DEBUG entering function foo
FATAL segfault at address 0x192.168.193.243
ERROR auth failure for user 192.168.193.243
WARN disk usage 192.168.215.207%
FATAL segfault at address 0x192.168.211.158
INFO user 192.168.178.6 logged in
INFO processed 192.168.211.158 items
FATAL unrecoverable disk error
WARN retry attempt 192.168.211.158 for 94573
DEBUG entering function foo
WARN retry attempt 192.168.178.6 for 29214
DEBUG variable x=192.168.215.207
WARN disk usage 192.168.219.168%
INFO user 192.168.57.185 logged in
DEBUG heap size: 192.168.39.155
INFO user 192.168.107.168 logged in
ERROR null pointer in module 192.168.189.144
WARN memory threshold reached: 192.168.193.243MB
INFO processed 192.168.121.141 items
FATAL segfault at address 0x192.168.36.209
FATAL unrecoverable disk error
ERROR auth failure for user 192.168.193.243
FATAL segfault at address 0x192.168.141.220
INFO request from 192.168.178.6
WARN slow query: 192.168.60.30ms
WARN memory threshold reached: 192.168.219.168MB
WARN disk usage 192.168.178.215%
ERROR connection timeout 503
FATAL out of memory
INFO user 192.168.36.209 logged in
ERROR file not found: /tmp/192.168.141.220.log
INFO request from 192.168.197.186
FATAL unrecoverable disk error
INFO request from 192.168.107.168
DEBUG heap size: 192.168.219.168
DEBUG entering function foo
INFO request from 192.168.142.104
DEBUG entering function foo
FATAL unrecoverable disk error
WARN slow query: 192.168.219.168ms
INFO user 192.168.178.215 logged in
INFO connection established
FATAL unrecoverable disk error
INFO user 192.168.107.168 logged in
DEBUG heap size: 192.168.197.186
INFO user 192.168.57.185 logged in
WARN memory threshold reached: 192.168.215.207MB
FATAL kernel panic
FATAL kernel panic
WARN disk usage 192.168.60.30%
INFO request from 192.168.92.139
WARN disk usage 192.168.9.50%
DEBUG cache hit for key=192.168.82.31
INFO processed 192.168.189.144 items
DEBUG cache hit for key=192.168.142.104
ERROR null pointer in module 192.168.142.104
FATAL out of memory
INFO processed 192.168.9.50 items
WARN slow query: 192.168.57.185ms
WARN disk usage 192.168.197.186%
INFO connection established
ERROR file not found: /tmp/192.168.82.31.log
WARN retry attempt 192.168.39.155 for 36212
DEBUG cache hit for key=192.168.178.6
FATAL segfault at address 0x192.168.178.6
WARN slow query: 192.168.142.104ms
DEBUG variable x=192.168.178.215
INFO processed 192.168.107.168 items
WARN retry attempt 192.168.142.104 for 40684
ERROR file not found: /tmp/192.168.178.215.log
WARN disk usage 192.168.141.220%
ERROR auth failure for user 192.168.229.48
ERROR file not found: /tmp/192.168.229.48.log
INFO processed 192.168.39.155 items
DEBUG heap size: 192.168.121.141
INFO processed 192.168.39.155 items
DEBUG variable x=192.168.36.209
INFO processed 192.168.211.158 items
FATAL segfault at address 0x192.168.189.144
DEBUG entering function foo
ERROR file not found: /tmp/192.168.82.31.log
FATAL unrecoverable disk error
FATAL segfault at address 0x192.168.189.144
DEBUG cache hit for key=192.168.39.155
DEBUG cache hit for key=192.168.121.141
WARN slow query: 192.168.211.158ms
FATAL unrecoverable disk error
WARN retry attempt 192.168.142.104 for 4443
WARN disk usage 192.168.82.31%
ERROR auth failure for user 192.168.92.139
WARN slow query: 192.168.197.186ms
FATAL out of memory
ERROR auth failure for user 192.168.36.209
INFO user 192.168.142.104 logged in
INFO connection established
DEBUG entering function foo
ERROR connection timeout 503
INFO user 192.168.57.185 logged in
INFO request from 192.168.219.168
ERROR null pointer in module 192.168.9.50
WARN disk usage 192.168.60.30%
ERROR null pointer in module 192.168.193.243
INFO user 192.168.60.30 logged in
ERROR file not found: /tmp/192.168.211.158.log
FATAL kernel panic
DEBUG variable x=192.168.107.168
ERROR auth failure for user 192.168.9.50
DEBUG heap size: 192.168.178.6
DEBUG cache hit for key=192.168.9.50
ERROR auth failure for user 192.168.121.141
DEBUG heap size: 192.168.92.139
ERROR file not found: /tmp/192.168.39.155.log
DEBUG variable x=192.168.121.141
WARN retry attempt 192.168.57.185 for 41503
DEBUG cache hit for key=192.168.215.207
INFO user 192.168.178.215 logged in
INFO connection established
WARN retry attempt 192.168.92.139 for 52627
DEBUG variable x=192.168.193.243
FATAL segfault at address 0x192.168.107.168
INFO user 192.168.197.186 logged in
FATAL out of memory
WARN memory threshold reached: 192.168.197.186MB
ERROR null pointer in module 192.168.92.139
ERROR auth failure for user 192.168.211.158
FATAL kernel panic
DEBUG variable x=192.168.121.141
DEBUG entering function foo
INFO processed 192.168.219.168 items
FATAL kernel panic
WARN memory threshold reached: 192.168.9.50MB
ERROR connection timeout 503
WARN retry attempt 192.168.189.144 for 22592
WARN retry attempt 192.168.178.215 for 62837
ERROR auth failure for user 192.168.39.155
ERROR connection timeout 503
FATAL out of memory
ERROR file not found: /tmp/192.168.82.31.log
WARN slow query: 192.168.36.209ms
WARN disk usage 192.168.82.31%
INFO processed 192.168.142.104 items
INFO connection established
FATAL unrecoverable disk error
DEBUG cache hit for key=192.168.36.209
INFO connection established
WARN disk usage 192.168.9.50%
DEBUG entering function foo
INFO user 192.168.189.144 logged in
INFO user 192.168.211.158 logged in
INFO connection established
ERROR file not found: /tmp/192.168.197.186.log
ERROR auth failure for user 192.168.36.209
ERROR null pointer in module 192.168.121.141
DEBUG cache hit for key=192.168.57.185
ERROR auth failure for user 192.168.197.186
INFO request from 192.168.92.139
WARN slow query: 192.168.142.104ms
WARN slow query: 192.168.219.168ms
ERROR connection timeout 503
ERROR file not found: /tmp/192.168.215.207.log
DEBUG entering function foo
DEBUG variable x=192.168.39.155
ERROR connection timeout 503
INFO request from 192.168.193.243
WARN retry attempt 192.168.215.207 for 96756
WARN retry attempt 192.168.121.141 for 28835
INFO connection established
FATAL kernel panic
WARN memory threshold reached: 192.168.219.168MB
FATAL segfault at address 0x192.168.107.168
ERROR file not found: /tmp/192.168.193.243.log
FATAL unrecoverable disk error
ERROR file not found: /tmp/192.168.82.31.log
WARN slow query: 192.168.178.215ms
FATAL segfault at address 0x192.168.121.141
WARN slow query: 192.168.82.31ms
ERROR auth failure for user 192.168.121.141
DEBUG variable x=192.168.229.48
INFO connection established
DEBUG heap size: 192.168.215.207
ERROR auth failure for user 192.168.219.168
DEBUG cache hit for key=192.168.189.144
DEBUG cache hit for key=192.168.141.220
FATAL segfault at address 0x192.168.142.104
INFO user 192.168.60.30 logged in
WARN slow query: 192.168.178.215ms
WARN memory threshold reached: 192.168.57.185MB
DEBUG cache hit for key=192.168.197.186
WARN disk usage 192.168.57.185%
WARN slow query: 192.168.189.144ms
FATAL kernel panic
ERROR null pointer in module 192.168.219.168
WARN disk usage 192.168.178.215%
DEBUG entering function foo
ERROR file not found: /tmp/192.168.107.168.log
FATAL kernel panic
FATAL kernel panic
DEBUG entering function foo
FATAL unrecoverable disk error
ERROR null pointer in module 192.168.36.209
INFO request from 192.168.107.168
DEBUG cache hit for key=192.168.121.141
INFO user 192.168.141.220 logged in
ERROR auth failure for user 192.168.9.50
DEBUG heap size: 192.168.36.209
ERROR null pointer in module 192.168.82.31
WARN disk usage 192.168.141.220%
DEBUG entering function foo
FATAL unrecoverable disk error
INFO connection established
WARN retry attempt 192.168.211.158 for 28507
DEBUG entering function foo
INFO request from 192.168.36.209
DEBUG variable x=192.168.219.168
WARN retry attempt 192.168.197.186 for 22717
DEBUG cache hit for key=192.168.36.209
WARN retry attempt 192.168.142.104 for 75632
ERROR file not found: /tmp/192.168.178.6.log
ERROR file not found: /tmp/192.168.9.50.log
DEBUG variable x=192.168.92.139
ERROR file not found: /tmp/192.168.211.158.log
WARN retry attempt 192.168.197.186 for 64740
INFO processed 192.168.178.6 items
ERROR auth failure for user 192.168.211.158
INFO processed 192.168.60.30 items
FATAL unrecoverable disk error
ERROR connection timeout 503
DEBUG heap size: 192.168.141.220
DEBUG entering function foo
ERROR file not found: /tmp/192.168.9.50.log
INFO request from 192.168.189.144
INFO connection established
FATAL out of memory
INFO processed 192.168.178.215 items
ERROR connection timeout 503
FATAL out of memory
FATAL unrecoverable disk error
INFO user 192.168.141.220 logged in
DEBUG entering function foo
INFO connection established
FATAL unrecoverable disk error
DEBUG heap size: 192.168.178.6
ERROR auth failure for user 192.168.39.155
DEBUG heap size: 192.168.215.207
FATAL unrecoverable disk error
FATAL out of memory
INFO user 192.168.211.158 logged in
WARN retry attempt 192.168.36.209 for 30622
FATAL segfault at address 0x192.168.197.186
FATAL unrecoverable disk error
ERROR connection timeout 503
WARN slow query: 192.168.82.31ms
INFO processed 192.168.82.31 items
ERROR null pointer in module 192.168.178.6
INFO user 192.168.193.243 logged in
INFO connection established
DEBUG cache hit for key=192.168.193.243
DEBUG cache hit for key=192.168.193.243
INFO processed 192.168.178.215 items
ERROR auth failure for user 192.168.197.186
FATAL segfault at address 0x192.168.121.141
FATAL out of memory
ERROR auth failure for user 192.168.178.6
ERROR file not found: /tmp/192.168.189.144.log
FATAL out of memory
FATAL unrecoverable disk error
DEBUG variable x=192.168.189.144
DEBUG cache hit for key=192.168.189.144
FATAL kernel panic
INFO connection established
INFO processed 192.168.178.215 items
DEBUG entering function foo
DEBUG entering function foo
WARN slow query: 192.168.197.186ms
WARN retry attempt 192.168.178.215 for 17258
FATAL out of memory
WARN slow query: 192.168.121.141ms
DEBUG entering function foo
WARN memory threshold reached: 192.168.60.30MB
FATAL unrecoverable disk error
WARN disk usage 192.168.121.141%
ERROR connection timeout 503
INFO connection established
ERROR auth failure for user 192.168.219.168
ERROR auth failure for user 192.168.215.207
DEBUG entering function foo
INFO processed 192.168.193.243 items
DEBUG entering function foo
DEBUG entering function foo
ERROR file not found: /tmp/192.168.141.220.log
WARN memory threshold reached: 192.168.60.30MB
WARN retry attempt 192.168.39.155 for 39312
DEBUG variable x=192.168.215.207
FATAL kernel panic
ERROR null pointer in module 192.168.9.50
WARN retry attempt 192.168.197.186 for 51737
ERROR connection timeout 503
DEBUG variable x=192.168.142.104
FATAL out of memory
DEBUG variable x=192.168.92.139
ERROR file not found: /tmp/192.168.178.6.log
FATAL segfault at address 0x192.168.211.158
WARN memory threshold reached: 192.168.57.185MB
FATAL unrecoverable disk error
INFO processed 192.168.189.144 items
DEBUG heap size: 192.168.197.186
ERROR null pointer in module 192.168.36.209
INFO user 192.168.178.215 logged in
INFO user 192.168.189.144 logged in
INFO connection established
DEBUG variable x=192.168.57.185
INFO processed 192.168.193.243 items
INFO connection established
WARN disk usage 192.168.60.30%
DEBUG entering function foo
WARN disk usage 192.168.197.186%
ERROR null pointer in module 192.168.219.168
FATAL segfault at address 0x192.168.215.207
DEBUG cache hit for key=192.168.92.139
DEBUG cache hit for key=192.168.211.158
ERROR null pointer in module 192.168.211.158
INFO user 192.168.82.31 logged in
WARN memory threshold reached: 192.168.141.220MB
DEBUG cache hit for key=192.168.189.144
WARN disk usage 192.168.142.104%
ERROR connection timeout 503
ERROR file not found: /tmp/192.168.36.209.log
WARN memory threshold reached: 192.168.92.139MB
WARN disk usage 192.168.178.6%
FATAL kernel panic
FATAL unrecoverable disk error
WARN memory threshold reached: 192.168.107.168MB
WARN disk usage 192.168.60.30%
ERROR connection timeout 503
WARN slow query: 192.168.107.168ms
WARN disk usage 192.168.107.168%
ERROR auth failure for user 192.168.92.139
DEBUG cache hit for key=192.168.215.207
FATAL segfault at address 0x192.168.189.144
ERROR auth failure for user 192.168.36.209
ERROR connection timeout 503
ERROR null pointer in module 192.168.60.30
INFO connection established
WARN memory threshold reached: 192.168.60.30MB
INFO request from 192.168.39.155
ERROR file not found: /tmp/192.168.121.141.log
WARN slow query: 192.168.178.6ms
ERROR file not found: /tmp/192.168.178.6.log
DEBUG entering function foo
WARN disk usage 192.168.193.243%
INFO connection established
FATAL segfault at address 0x192.168.189.144
ERROR file not found: /tmp/192.168.219.168.log
WARN memory threshold reached: 192.168.197.186MB
DEBUG cache hit for key=192.168.141.220
FATAL kernel panic
INFO connection established
WARN memory threshold reached: 192.168.193.243MB
ERROR connection timeout 503
FATAL out of memory
FATAL out of memory
FATAL out of memory
DEBUG variable x=192.168.189.144
FATAL unrecoverable disk error
INFO connection established
INFO user 192.168.215.207 logged in
DEBUG cache hit for key=192.168.107.168
FATAL unrecoverable disk error
WARN slow query: 192.168.211.158ms
WARN retry attempt 192.168.178.215 for 14266
DEBUG entering function foo
DEBUG entering function foo
ERROR auth failure for user 192.168.57.185
ERROR null pointer in module 192.168.57.185
DEBUG heap size: 192.168.219.168
INFO processed 192.168.107.168 items
INFO processed 192.168.193.243 items
WARN memory threshold reached: 192.168.121.141MB
WARN slow query: 192.168.178.6ms
DEBUG cache hit for key=192.168.142.104
INFO connection established
DEBUG cache hit for key=192.168.121.141
INFO request from 192.168.82.31
WARN memory threshold reached: 192.168.142.104MB
WARN disk usage 192.168.107.168%
WARN retry attempt 192.168.92.139 for 21359
FATAL segfault at address 0x192.168.57.185
FATAL segfault at address 0x192.168.39.155
INFO processed 192.168.92.139 items
DEBUG heap size: 192.168.57.185
DEBUG variable x=192.168.142.104
FATAL unrecoverable disk error
INFO processed 192.168.219.168 items
ERROR null pointer in module 192.168.36.209
WARN memory threshold reached: 192.168.141.220MB
DEBUG variable x=192.168.92.139
DEBUG cache hit for key=192.168.219.168
DEBUG variable x=192.168.57.185
WARN memory threshold reached: 192.168.9.50MB
WARN slow query: 192.168.9.50ms
INFO user 192.168.215.207 logged in
INFO user 192.168.215.207 logged in
FATAL unrecoverable disk error
WARN slow query: 192.168.92.139ms
ERROR auth failure for user 192.168.121.141
WARN disk usage 192.168.36.209%
ERROR connection timeout 503
DEBUG heap size: 192.168.9.50
ERROR file not found: /tmp/192.168.36.209.log
ERROR null pointer in module 192.168.121.141
INFO request from 192.168.178.215
INFO processed 192.168.229.48 items
INFO processed 192.168.193.243 items
WARN disk usage 192.168.121.141%
WARN memory threshold reached: 192.168.141.220MB
ERROR auth failure for user 192.168.189.144
DEBUG cache hit for key=192.168.92.139
ERROR file not found: /tmp/192.168.219.168.log
FATAL kernel panic
FATAL out of memory
FATAL kernel panic
DEBUG entering function foo
ERROR file not found: /tmp/192.168.178.215.log
ERROR auth failure for user 192.168.178.215
WARN disk usage 192.168.178.6%
ERROR auth failure for user 192.168.178.215
DEBUG variable x=192.168.193.243
ERROR null pointer in module 192.168.197.186
ERROR auth failure for user 192.168.215.207
DEBUG entering function foo
INFO user 192.168.60.30 logged in
INFO user 192.168.92.139 logged in
WARN retry attempt 192.168.193.243 for 21075
INFO processed 192.168.92.139 items
ERROR auth failure for user 192.168.92.139
DEBUG variable x=192.168.211.158
ERROR auth failure for user 192.168.193.243
FATAL unrecoverable disk error
INFO user 192.168.60.30 logged in
DEBUG variable x=192.168.142.104
WARN memory threshold reached: 192.168.36.209MB
DEBUG variable x=192.168.211.158
WARN slow query: 192.168.211.158ms
DEBUG variable x=192.168.9.50
DEBUG variable x=192.168.215.207
FATAL kernel panic
ERROR auth failure for user 192.168.60.30
INFO processed 192.168.193.243 items
FATAL segfault at address 0x192.168.141.220
WARN memory threshold reached: 192.168.215.207MB
WARN slow query: 192.168.60.30ms
INFO connection established
ERROR null pointer in module 192.168.82.31
ERROR connection timeout 503
ERROR connection timeout 503
DEBUG heap size: 192.168.60.30
DEBUG heap size: 192.168.215.207
FATAL out of memory
WARN slow query: 192.168.189.144ms
DEBUG cache hit for key=192.168.141.220
WARN disk usage 192.168.36.209%
ERROR file not found: /tmp/192.168.178.215.log
WARN disk usage 192.168.178.215%
INFO request from 192.168.193.243
FATAL segfault at address 0x192.168.57.185
DEBUG heap size: 192.168.121.141
WARN retry attempt 192.168.197.186 for 18582
WARN memory threshold reached: 192.168.178.6MB
ERROR file not found: /tmp/192.168.121.141.log
ERROR null pointer in module 192.168.193.243
DEBUG cache hit for key=192.168.60.30
FATAL unrecoverable disk error
FATAL out of memory
INFO user 192.168.107.168 logged in
ERROR null pointer in module 192.168.60.30
FATAL unrecoverable disk error
WARN disk usage 192.168.60.30%
FATAL kernel panic
FATAL kernel panic
FATAL kernel panic
INFO processed 192.168.107.168 items
WARN disk usage 192.168.219.168%
FATAL unrecoverable disk error
DEBUG entering function foo
ERROR connection timeout 503
WARN memory threshold reached: 192.168.197.186MB
INFO connection established
WARN retry attempt 192.168.211.158 for 99963
ERROR null pointer in module 192.168.121.141
DEBUG cache hit for key=192.168.9.50
FATAL kernel panic
DEBUG variable x=192.168.9.50
DEBUG variable x=192.168.189.144
INFO user 192.168.197.186 logged in
FATAL kernel panic
DEBUG variable x=192.168.141.220
FATAL unrecoverable disk error
FATAL unrecoverable disk error
ERROR auth failure for user 192.168.39.155
WARN slow query: 192.168.215.207ms
WARN retry attempt 192.168.9.50 for 73881
DEBUG entering function foo
DEBUG cache hit for key=192.168.211.158
WARN slow query: 192.168.92.139ms
WARN disk usage 192.168.142.104%
INFO user 192.168.121.141 logged in
DEBUG cache hit for key=192.168.141.220
WARN memory threshold reached: 192.168.107.168MB
ERROR file not found: /tmp/192.168.107.168.log
FATAL segfault at address 0x192.168.39.155
WARN disk usage 192.168.215.207%
ERROR auth failure for user 192.168.39.155
ERROR connection timeout 503
FATAL out of memory
FATAL kernel panic
INFO processed 192.168.193.243 items
FATAL segfault at address 0x192.168.215.207
ERROR connection timeout 503
FATAL segfault at address 0x192.168.121.141
DEBUG heap size: 192.168.92.139
ERROR null pointer in module 192.168.142.104
ERROR auth failure for user 192.168.9.50
INFO connection established
WARN memory threshold reached: 192.168.178.6MB
WARN slow query: 192.168.193.243ms
INFO connection established
WARN slow query: 192.168.141.220ms
FATAL segfault at address 0x192.168.189.144
WARN slow query: 192.168.9.50ms
ERROR null pointer in module 192.168.60.30
WARN slow query: 192.168.178.215ms
DEBUG variable x=192.168.178.215
DEBUG cache hit for key=192.168.229.48
INFO user 192.168.142.104 logged in
DEBUG variable x=192.168.193.243
DEBUG variable x=192.168.141.220
WARN slow query: 192.168.211.158ms
DEBUG entering function foo
WARN retry attempt 192.168.36.209 for 77988
WARN retry attempt 192.168.121.141 for 40288
ERROR null pointer in module 192.168.197.186
INFO user 192.168.57.185 logged in
WARN retry attempt 192.168.141.220 for 49322
FATAL out of memory
DEBUG variable x=192.168.60.30
FATAL kernel panic
DEBUG cache hit for key=192.168.57.185
INFO user 192.168.121.141 logged in
WARN disk usage 192.168.57.185%
ERROR connection timeout 503
INFO connection established
INFO request from 192.168.82.31
DEBUG variable x=192.168.9.50
WARN slow query: 192.168.178.215ms
INFO processed 192.168.178.6 items
FATAL out of memory
DEBUG heap size: 192.168.107.168
WARN disk usage 192.168.92.139%
FATAL out of memory
ERROR file not found: /tmp/192.168.39.155.log
FATAL unrecoverable disk error
INFO connection established
ERROR file not found: /tmp/192.168.9.50.log
FATAL out of memory
DEBUG heap size: 192.168.39.155
ERROR auth failure for user 192.168.189.144
ERROR file not found: /tmp/192.168.229.48.log
INFO processed 192.168.39.155 items
WARN disk usage 192.168.229.48%
DEBUG entering function foo
DEBUG heap size: 192.168.197.186
INFO user 192.168.219.168 logged in
INFO processed 192.168.142.104 items
INFO user 192.168.9.50 logged in
DEBUG variable x=192.168.189.144
ERROR connection timeout 503
DEBUG variable x=192.168.9.50
DEBUG cache hit for key=192.168.219.168
DEBUG variable x=192.168.197.186
ERROR null pointer in module 192.168.107.168
INFO request from 192.168.197.186
WARN disk usage 192.168.219.168%
INFO connection established
DEBUG cache hit for key=192.168.57.185
WARN slow query: 192.168.211.158ms
ERROR connection timeout 503
WARN retry attempt 192.168.211.158 for 23074
FATAL kernel panic
WARN retry attempt 192.168.121.141 for 24233
DEBUG variable x=192.168.39.155
FATAL unrecoverable disk error
WARN retry attempt 192.168.219.168 for 73994
INFO processed 192.168.36.209 items
DEBUG heap size: 192.168.142.104
WARN memory threshold reached: 192.168.178.6MB
FATAL kernel panic
FATAL unrecoverable disk error
FATAL segfault at address 0x192.168.178.6
DEBUG entering function foo
FATAL unrecoverable disk error
ERROR auth failure for user 192.168.39.155
INFO connection established
DEBUG entering function foo
DEBUG cache hit for key=192.168.229.48
FATAL kernel panic
ERROR connection timeout 503
INFO request from 192.168.60.30
DEBUG entering function foo
DEBUG entering function foo
INFO connection established
WARN memory threshold reached: 192.168.189.144MB
ERROR null pointer in module 192.168.57.185
DEBUG cache hit for key=192.168.39.155
ERROR null pointer in module 192.168.57.185
FATAL unrecoverable disk error
INFO processed 192.168.142.104 items
INFO user 192.168.57.185 logged in
ERROR null pointer in module 192.168.9.50
INFO user 192.168.82.31 logged in
DEBUG cache hit for key=192.168.229.48
DEBUG entering function foo
ERROR connection timeout 503
ERROR null pointer in module 192.168.193.243
ERROR connection timeout 503
WARN retry attempt 192.168.193.243 for 56119
INFO processed 192.168.189.144 items
WARN slow query: 192.168.219.168ms
INFO request from 192.168.178.215
ERROR connection timeout 503
DEBUG cache hit for key=192.168.219.168
INFO processed 192.168.121.141 items
ERROR auth failure for user 192.168.197.186
FATAL out of memory
DEBUG heap size: 192.168.215.207
ERROR connection timeout 503
ERROR connection timeout 503
DEBUG variable x=192.168.9.50
WARN retry attempt 192.168.197.186 for 99044
INFO user 192.168.142.104 logged in
WARN memory threshold reached: 192.168.9.50MB
DEBUG heap size: 192.168.178.6
WARN retry attempt 192.168.82.31 for 29778
WARN disk usage 192.168.107.168%
WARN retry attempt 192.168.82.31 for 60420
DEBUG cache hit for key=192.168.9.50
ERROR connection timeout 503
FATAL kernel panic
DEBUG entering function foo
WARN disk usage 192.168.178.215%
DEBUG variable x=192.168.60.30
WARN retry attempt 192.168.178.215 for 24256
INFO processed 192.168.107.168 items
WARN memory threshold reached: 192.168.193.243MB
ERROR file not found: /tmp/192.168.57.185.log
INFO connection established
DEBUG variable x=192.168.36.209
DEBUG entering function foo
DEBUG cache hit for key=192.168.229.48
ERROR file not found: /tmp/192.168.229.48.log
FATAL kernel panic
WARN retry attempt 192.168.229.48 for 69342
DEBUG entering function foo
INFO connection established
WARN retry attempt 192.168.36.209 for 78758
DEBUG heap size: 192.168.211.158
FATAL unrecoverable disk error
ERROR file not found: /tmp/192.168.229.48.log
WARN memory threshold reached: 192.168.82.31MB
FATAL unrecoverable disk error
DEBUG cache hit for key=192.168.141.220
DEBUG heap size: 192.168.142.104
ERROR connection timeout 503
DEBUG heap size: 192.168.193.243
WARN disk usage 192.168.57.185%
INFO user 192.168.121.141 logged in
INFO user 192.168.9.50 logged in
ERROR file not found: /tmp/192.168.229.48.log
WARN disk usage 192.168.121.141%
FATAL segfault at address 0x192.168.121.141
FATAL unrecoverable disk error
FATAL kernel panic
FATAL out of memory
FATAL kernel panic
ERROR auth failure for user 192.168.141.220
ERROR connection timeout 503
INFO request from 192.168.211.158
DEBUG variable x=192.168.121.141
ERROR null pointer in module 192.168.211.158
DEBUG heap size: 192.168.178.6
DEBUG entering function foo
FATAL out of memory
FATAL out of memory
DEBUG variable x=192.168.142.104
WARN memory threshold reached: 192.168.193.243MB
ERROR file not found: /tmp/192.168.60.30.log
DEBUG variable x=192.168.178.215
WARN retry attempt 192.168.211.158 for 1100
FATAL segfault at address 0x192.168.121.141
ERROR null pointer in module 192.168.60.30
WARN disk usage 192.168.107.168%
DEBUG heap size: 192.168.107.168
WARN slow query: 192.168.178.6ms
INFO connection established
WARN slow query: 192.168.82.31ms
ERROR connection timeout 503
INFO processed 192.168.82.31 items
FATAL out of memory
WARN disk usage 192.168.82.31%
WARN disk usage 192.168.189.144%
INFO request from 192.168.57.185
FATAL segfault at address 0x192.168.229.48
ERROR file not found: /tmp/192.168.193.243.log
ERROR null pointer in module 192.168.197.186
ERROR connection timeout 503
ERROR null pointer in module 192.168.189.144
FATAL out of memory
DEBUG variable x=192.168.60.30
INFO request from 192.168.9.50
WARN memory threshold reached: 192.168.57.185MB
ERROR null pointer in module 192.168.60.30
ERROR file not found: /tmp/192.168.229.48.log
FATAL unrecoverable disk error
INFO user 192.168.82.31 logged in
ERROR null pointer in module 192.168.92.139
INFO request from 192.168.82.31
DEBUG entering function foo
ERROR null pointer in module 192.168.39.155
DEBUG heap size: 192.168.57.185
WARN slow query: 192.168.197.186ms
DEBUG variable x=192.168.92.139
INFO processed 192.168.121.141 items
FATAL unrecoverable disk error
FATAL unrecoverable disk error
INFO processed 192.168.39.155 items
FATAL kernel panic
INFO processed 192.168.193.243 items
DEBUG variable x=192.168.178.6
FATAL unrecoverable disk error
FATAL unrecoverable disk error
INFO connection established
ERROR connection timeout 503
FATAL unrecoverable disk error
ERROR null pointer in module 192.168.219.168
FATAL out of memory
WARN slow query: 192.168.197.186ms
ERROR null pointer in module 192.168.57.185
ERROR file not found: /tmp/192.168.82.31.log
FATAL out of memory
FATAL unrecoverable disk error
ERROR connection timeout 503
WARN retry attempt 192.168.9.50 for 66669
ERROR file not found: /tmp/192.168.60.30.log
WARN slow query: 192.168.39.155ms
ERROR null pointer in module 192.168.107.168
FATAL unrecoverable disk error
DEBUG cache hit for key=192.168.215.207
WARN disk usage 192.168.39.155%
WARN memory threshold reached: 192.168.197.186MB
DEBUG variable x=192.168.142.104
FATAL kernel panic
ERROR file not found: /tmp/192.168.142.104.log
ERROR file not found: /tmp/192.168.219.168.log
DEBUG heap size: 192.168.121.141
WARN memory threshold reached: 192.168.82.31MB
DEBUG variable x=192.168.39.155
DEBUG variable x=192.168.57.185
WARN memory threshold reached: 192.168.39.155MB
FATAL kernel panic
ERROR connection timeout 503
FATAL kernel panic
ERROR auth failure for user 192.168.229.48
WARN retry attempt 192.168.197.186 for 77960
ERROR file not found: /tmp/192.168.197.186.log
ERROR file not found: /tmp/192.168.107.168.log
ERROR null pointer in module 192.168.107.168
DEBUG heap size: 192.168.189.144
ERROR auth failure for user 192.168.142.104
INFO processed 192.168.121.141 items
WARN retry attempt 192.168.92.139 for 14339
WARN disk usage 192.168.197.186%
FATAL kernel panic
ERROR null pointer in module 192.168.92.139
DEBUG cache hit for key=192.168.82.31
DEBUG heap size: 192.168.142.104
ERROR file not found: /tmp/192.168.121.141.log
DEBUG cache hit for key=192.168.229.48
DEBUG cache hit for key=192.168.215.207
FATAL kernel panic
DEBUG entering function foo
INFO processed 192.168.60.30 items
ERROR file not found: /tmp/192.168.107.168.log
ERROR auth failure for user 192.168.141.220
FATAL out of memory
FATAL segfault at address 0x192.168.193.243
INFO processed 192.168.60.30 items
WARN disk usage 192.168.82.31%
ERROR auth failure for user 192.168.189.144
FATAL unrecoverable disk error
INFO processed 192.168.60.30 items
DEBUG variable x=192.168.229.48
ERROR connection timeout 503
DEBUG variable x=192.168.60.30
ERROR connection timeout 503
ERROR null pointer in module 192.168.178.215
INFO connection established
WARN disk usage 192.168.121.141%
WARN retry attempt 192.168.121.141 for 12396
DEBUG cache hit for key=192.168.197.186
INFO processed 192.168.39.155 items
DEBUG entering function foo
ERROR connection timeout 503
INFO request from 192.168.82.31
DEBUG heap size: 192.168.193.243
DEBUG entering function foo
DEBUG entering function foo
DEBUG entering function foo
INFO processed 192.168.211.158 items
INFO connection established
WARN retry attempt 192.168.189.144 for 94616
ERROR auth failure for user 192.168.189.144
FATAL segfault at address 0x192.168.9.50
ERROR auth failure for user 192.168.9.50
DEBUG cache hit for key=192.168.82.31
INFO connection established
ERROR connection timeout 503
INFO connection established
INFO user 192.168.107.168 logged in
WARN disk usage 192.168.193.243%
ERROR null pointer in module 192.168.211.158
INFO connection established
INFO connection established
ERROR null pointer in module 192.168.178.6
FATAL out of memory
WARN retry attempt 192.168.229.48 for 46637
INFO request from 192.168.9.50
INFO request from 192.168.215.207
WARN memory threshold reached: 192.168.92.139MB
FATAL kernel panic
ERROR file not found: /tmp/192.168.36.209.log
DEBUG heap size: 192.168.121.141
INFO user 192.168.60.30 logged in
FATAL kernel panic
WARN disk usage 192.168.36.209%
ERROR null pointer in module 192.168.39.155
INFO connection established
DEBUG entering function foo
FATAL unrecoverable disk error
DEBUG variable x=192.168.178.6
FATAL kernel panic
DEBUG cache hit for key=192.168.189.144
ERROR auth failure for user 192.168.229.48
DEBUG cache hit for key=192.168.121.141
ERROR connection timeout 503
DEBUG entering function foo
FATAL out of memory
DEBUG variable x=192.168.121.141
FATAL unrecoverable disk error
DEBUG cache hit for key=192.168.142.104
FATAL kernel panic
ERROR file not found: /tmp/192.168.215.207.log
INFO connection established
DEBUG heap size: 192.168.36.209
INFO user 192.168.57.185 logged in
ERROR connection timeout 503
DEBUG heap size: 192.168.178.6
ERROR connection timeout 503
FATAL segfault at address 0x192.168.9.50
ERROR file not found: /tmp/192.168.193.243.log
DEBUG heap size: 192.168.121.141
INFO user 192.168.197.186 logged in
ERROR connection timeout 503
ERROR file not found: /tmp/192.168.142.104.log
DEBUG variable x=192.168.178.6
DEBUG cache hit for key=192.168.211.158
FATAL segfault at address 0x192.168.189.144
ERROR file not found: /tmp/192.168.211.158.log
INFO connection established
DEBUG variable x=192.168.141.220
FATAL kernel panic
INFO request from 192.168.178.6
WARN slow query: 192.168.121.141ms
ERROR null pointer in module 192.168.60.30
FATAL kernel panic
WARN slow query: 192.168.39.155ms
ERROR connection timeout 503
DEBUG entering function foo
DEBUG cache hit for key=192.168.107.168
DEBUG cache hit for key=192.168.178.215
WARN retry attempt 192.168.229.48 for 97141
ERROR auth failure for user 192.168.215.207
FATAL unrecoverable disk error
FATAL out of memory
ERROR auth failure for user 192.168.82.31
INFO connection established
ERROR file not found: /tmp/192.168.57.185.log
WARN slow query: 192.168.36.209ms
WARN retry attempt 192.168.121.141 for 71981
INFO user 192.168.92.139 logged in
DEBUG entering function foo
FATAL segfault at address 0x192.168.57.185
DEBUG cache hit for key=192.168.36.209
FATAL kernel panic
ERROR null pointer in module 192.168.92.139
WARN retry attempt 192.168.219.168 for 40604
INFO processed 192.168.142.104 items
WARN memory threshold reached: 192.168.189.144MB
DEBUG entering function foo
ERROR connection timeout 503
WARN slow query: 192.168.92.139ms
WARN disk usage 192.168.141.220%
WARN slow query: 192.168.92.139ms
DEBUG variable x=192.168.178.215
INFO processed 192.168.36.209 items
WARN disk usage 192.168.92.139%
ERROR null pointer in module 192.168.57.185
FATAL out of memory
WARN disk usage 192.168.178.6%
ERROR file not found: /tmp/192.168.219.168.log
DEBUG variable x=192.168.141.220
INFO user 192.168.229.48 logged in
DEBUG heap size: 192.168.229.48
ERROR auth failure for user 192.168.229.48
DEBUG heap size: 192.168.9.50
FATAL kernel panic
ERROR connection timeout 503
WARN memory threshold reached: 192.168.121.141MB
FATAL out of memory
INFO request from 192.168.82.31
DEBUG heap size: 192.168.197.186
WARN memory threshold reached: 192.168.107.168MB
WARN slow query: 192.168.121.141ms
INFO user 192.168.92.139 logged in
WARN slow query: 192.168.36.209ms
ERROR file not found: /tmp/192.168.197.186.log
DEBUG cache hit for key=192.168.9.50
INFO processed 192.168.36.209 items
FATAL segfault at address 0x192.168.141.220
WARN slow query: 192.168.107.168ms
FATAL segfault at address 0x192.168.229.48
FATAL kernel panic
INFO processed 192.168.197.186 items
DEBUG cache hit for key=192.168.60.30
INFO processed 192.168.142.104 items
ERROR auth failure for user 192.168.39.155
ERROR null pointer in module 192.168.219.168
FATAL out of memory
ERROR file not found: /tmp/192.168.57.185.log
WARN memory threshold reached: 192.168.107.168MB
ERROR auth failure for user 192.168.229.48
FATAL kernel panic
DEBUG entering function foo
FATAL kernel panic
WARN disk usage 192.168.178.6%
DEBUG variable x=192.168.197.186
WARN disk usage 192.168.141.220%
ERROR auth failure for user 192.168.107.168
INFO connection established
INFO request from 192.168.60.30
DEBUG entering function foo
FATAL segfault at address 0x192.168.57.185
DEBUG heap size: 192.168.36.209
ERROR connection timeout 503
INFO user 192.168.189.144 logged in
FATAL out of memory
FATAL kernel panic
FATAL segfault at address 0x192.168.82.31
WARN retry attempt 192.168.121.141 for 38757
ERROR null pointer in module 192.168.197.186
WARN memory threshold reached: 192.168.211.158MB
FATAL segfault at address 0x192.168.215.207
FATAL out of memory
DEBUG cache hit for key=192.168.57.185
WARN disk usage 192.168.39.155%
INFO user 192.168.82.31 logged in
FATAL unrecoverable disk error
WARN memory threshold reached: 192.168.121.141MB
INFO user 192.168.178.215 logged in
DEBUG cache hit for key=192.168.178.215
FATAL kernel panic
ERROR auth failure for user 192.168.178.215
WARN retry attempt 192.168.82.31 for 60609
ERROR connection timeout 503
FATAL out of memory
ERROR auth failure for user 192.168.178.215
INFO request from 192.168.215.207
DEBUG heap size: 192.168.107.168
INFO user 192.168.178.215 logged in
ERROR null pointer in module 192.168.142.104
WARN retry attempt 192.168.39.155 for 33606
DEBUG cache hit for key=192.168.229.48
INFO user 192.168.189.144 logged in
DEBUG cache hit for key=192.168.229.48
INFO user 192.168.197.186 logged in
WARN memory threshold reached: 192.168.57.185MB
ERROR null pointer in module 192.168.107.168
FATAL out of memory
ERROR connection timeout 503
INFO connection established
ERROR auth failure for user 192.168.142.104
ERROR connection timeout 503
WARN memory threshold reached: 192.168.219.168MB
FATAL out of memory
FATAL unrecoverable disk error
ERROR file not found: /tmp/192.168.189.144.log
ERROR auth failure for user 192.168.211.158
FATAL segfault at address 0x192.168.57.185
FATAL kernel panic
FATAL out of memory
DEBUG variable x=192.168.178.215
ERROR null pointer in module 192.168.193.243
ERROR auth failure for user 192.168.57.185
INFO user 192.168.60.30 logged in
DEBUG variable x=192.168.121.141
FATAL out of memory
INFO processed 192.168.229.48 items
FATAL unrecoverable disk error
WARN slow query: 192.168.178.215ms
ERROR file not found: /tmp/192.168.82.31.log
DEBUG variable x=192.168.121.141
FATAL out of memory
INFO user 192.168.178.6 logged in
DEBUG heap size: 192.168.36.209
FATAL segfault at address 0x192.168.229.48
ERROR null pointer in module 192.168.178.215
DEBUG cache hit for key=192.168.107.168
INFO user 192.168.178.6 logged in
WARN slow query: 192.168.189.144ms
ERROR null pointer in module 192.168.178.215
INFO request from 192.168.121.141
INFO processed 192.168.178.6 items
WARN memory threshold reached: 192.168.178.6MB
ERROR auth failure for user 192.168.82.31
INFO processed 192.168.57.185 items
INFO processed 192.168.39.155 items
WARN disk usage 192.168.197.186%
INFO request from 192.168.36.209
FATAL kernel panic
WARN memory threshold reached: 192.168.178.215MB
FATAL out of memory
ERROR file not found: /tmp/192.168.211.158.log
ERROR connection timeout 503
INFO request from 192.168.39.155
ERROR connection timeout 503
WARN disk usage 192.168.189.144%
DEBUG cache hit for key=192.168.9.50
WARN retry attempt 192.168.39.155 for 69764
INFO processed 192.168.141.220 items
WARN memory threshold reached: 192.168.57.185MB
FATAL kernel panic
FATAL unrecoverable disk error
ERROR auth failure for user 192.168.189.144
DEBUG entering function foo
FATAL unrecoverable disk error
WARN slow query: 192.168.82.31ms
FATAL unrecoverable disk error
FATAL kernel panic
FATAL unrecoverable disk error
FATAL segfault at address 0x192.168.229.48
ERROR file not found: /tmp/192.168.121.141.log
ERROR connection timeout 503
WARN retry attempt 192.168.193.243 for 4522
WARN slow query: 192.168.60.30ms
ERROR null pointer in module 192.168.215.207
INFO request from 192.168.229.48
DEBUG entering function foo
WARN memory threshold reached: 192.168.211.158MB
WARN retry attempt 192.168.82.31 for 16008
WARN retry attempt 192.168.107.168 for 47227
ERROR auth failure for user 192.168.121.141
DEBUG heap size: 192.168.142.104
DEBUG variable x=192.168.215.207
INFO processed 192.168.178.6 items
WARN slow query: 192.168.197.186ms
INFO connection established
INFO processed 192.168.57.185 items
INFO connection established
WARN slow query: 192.168.82.31ms
INFO connection established
INFO connection established
DEBUG heap size: 192.168.178.215
WARN slow query: 192.168.142.104ms
FATAL out of memory
INFO processed 192.168.82.31 items
FATAL unrecoverable disk error
FATAL unrecoverable disk error
FATAL unrecoverable disk error
INFO user 192.168.92.139 logged in
WARN retry attempt 192.168.82.31 for 60987
DEBUG heap size: 192.168.215.207
FATAL unrecoverable disk error
WARN slow query: 192.168.60.30ms
DEBUG heap size: 192.168.107.168
ERROR file not found: /tmp/192.168.197.186.log
DEBUG entering function foo
FATAL kernel panic
WARN disk usage 192.168.229.48%
FATAL segfault at address 0x192.168.189.144
DEBUG entering function foo
FATAL kernel panic
ERROR connection timeout 503
FATAL out of memory
DEBUG heap size: 192.168.197.186
INFO processed 192.168.9.50 items
WARN memory threshold reached: 192.168.60.30MB
DEBUG cache hit for key=192.168.142.104
INFO request from 192.168.219.168
ERROR file not found: /tmp/192.168.92.139.log
ERROR null pointer in module 192.168.39.155
DEBUG variable x=192.168.9.50
ERROR null pointer in module 192.168.219.168
DEBUG heap size: 192.168.82.31
ERROR auth failure for user 192.168.121.141
DEBUG variable x=192.168.178.6
DEBUG heap size: 192.168.178.215
ERROR auth failure for user 192.168.60.30
WARN slow query: 192.168.178.6ms
ERROR file not found: /tmp/192.168.107.168.log
INFO request from 192.168.107.168
ERROR null pointer in module 192.168.60.30
ERROR null pointer in module 192.168.107.168
ERROR auth failure for user 192.168.178.215
ERROR file not found: /tmp/192.168.92.139.log
ERROR file not found: /tmp/192.168.178.215.log
WARN disk usage 192.168.193.243%
DEBUG heap size: 192.168.193.243
INFO request from 192.168.107.168
INFO processed 192.168.229.48 items
ERROR connection timeout 503
FATAL segfault at address 0x192.168.57.185
FATAL segfault at address 0x192.168.121.141
INFO processed 192.168.82.31 items
FATAL kernel panic
FATAL out of memory
DEBUG variable x=192.168.82.31
WARN retry attempt 192.168.193.243 for 5393
FATAL kernel panic
INFO request from 192.168.197.186
DEBUG variable x=192.168.9.50
INFO processed 192.168.39.155 items
INFO processed 192.168.9.50 items
ERROR connection timeout 503
WARN memory threshold reached: 192.168.9.50MB
DEBUG cache hit for key=192.168.178.215
INFO user 192.168.82.31 logged in
FATAL unrecoverable disk error
WARN slow query: 192.168.107.168ms
DEBUG variable x=192.168.57.185
FATAL out of memory
DEBUG heap size: 192.168.121.141
FATAL kernel panic
FATAL segfault at address 0x192.168.39.155
DEBUG entering function foo
INFO user 192.168.142.104 logged in
WARN disk usage 192.168.9.50%
ERROR file not found: /tmp/192.168.9.50.log
FATAL kernel panic
DEBUG variable x=192.168.219.168
ERROR null pointer in module 192.168.193.243
INFO user 192.168.142.104 logged in
DEBUG variable x=192.168.215.207
ERROR file not found: /tmp/192.168.60.30.log
WARN memory threshold reached: 192.168.178.215MB
FATAL segfault at address 0x192.168.178.6
WARN memory threshold reached: 192.168.107.168MB
FATAL kernel panic
INFO user 192.168.211.158 logged in
FATAL segfault at address 0x192.168.193.243
INFO processed 192.168.39.155 items
DEBUG entering function foo
FATAL unrecoverable disk error
WARN slow query: 192.168.193.243ms
FATAL kernel panic
FATAL unrecoverable disk error
WARN memory threshold reached: 192.168.142.104MB
WARN disk usage 192.168.9.50%
WARN slow query: 192.168.57.185ms
ERROR null pointer in module 192.168.229.48
WARN retry attempt 192.168.197.186 for 39053
INFO request from 192.168.178.6
INFO user 192.168.9.50 logged in
WARN retry attempt 192.168.193.243 for 74348
ERROR connection timeout 503
FATAL kernel panic
FATAL segfault at address 0x192.168.193.243
WARN slow query: 192.168.189.144ms
ERROR file not found: /tmp/192.168.178.215.log
INFO processed 192.168.219.168 items
INFO user 192.168.121.141 logged in
WARN disk usage 192.168.197.186%
ERROR auth failure for user 192.168.219.168
DEBUG cache hit for key=192.168.215.207
INFO processed 192.168.92.139 items
FATAL unrecoverable disk error
DEBUG cache hit for key=192.168.178.215
DEBUG variable x=192.168.57.185
WARN slow query: 192.168.197.186ms
INFO processed 192.168.36.209 items
FATAL segfault at address 0x192.168.178.6
WARN disk usage 192.168.92.139%
INFO connection established
DEBUG cache hit for key=192.168.211.158
ERROR null pointer in module 192.168.36.209
WARN memory threshold reached: 192.168.197.186MB
DEBUG cache hit for key=192.168.92.139
DEBUG cache hit for key=192.168.82.31
DEBUG cache hit for key=192.168.197.186
WARN memory threshold reached: 192.168.82.31MB
FATAL unrecoverable disk error
DEBUG heap size: 192.168.215.207
FATAL segfault at address 0x192.168.107.168
INFO connection established
FATAL out of memory
WARN memory threshold reached: 192.168.121.141MB
WARN memory threshold reached: 192.168.121.141MB
DEBUG entering function foo
DEBUG heap size: 192.168.39.155
FATAL unrecoverable disk error
INFO connection established
DEBUG entering function foo
DEBUG entering function foo
DEBUG heap size: 192.168.107.168
ERROR null pointer in module 192.168.142.104
ERROR null pointer in module 192.168.219.168
FATAL unrecoverable disk error
FATAL unrecoverable disk error
WARN memory threshold reached: 192.168.141.220MB
DEBUG cache hit for key=192.168.197.186
DEBUG entering function foo
FATAL segfault at address 0x192.168.211.158
INFO user 192.168.189.144 logged in
DEBUG heap size: 192.168.121.141
INFO user 192.168.36.209 logged in
DEBUG entering function foo
INFO request from 192.168.211.158
WARN disk usage 192.168.219.168%
INFO connection established
DEBUG entering function foo
WARN retry attempt 192.168.215.207 for 31095
FATAL unrecoverable disk error
DEBUG variable x=192.168.141.220
FATAL unrecoverable disk error
INFO connection established
DEBUG variable x=192.168.142.104
ERROR null pointer in module 192.168.141.220
FATAL segfault at address 0x192.168.211.158
WARN disk usage 192.168.92.139%
WARN retry attempt 192.168.9.50 for 66613
ERROR auth failure for user 192.168.178.6
DEBUG variable x=192.168.219.168
WARN memory threshold reached: 192.168.178.6MB
DEBUG cache hit for key=192.168.107.168
DEBUG cache hit for key=192.168.189.144
FATAL out of memory
INFO request from 192.168.141.220
WARN disk usage 192.168.178.215%
INFO connection established
INFO connection established
DEBUG heap size: 192.168.107.168
DEBUG entering function foo
DEBUG cache hit for key=192.168.229.48
INFO request from 192.168.178.6
INFO user 192.168.178.6 logged in
DEBUG cache hit for key=192.168.107.168
DEBUG variable x=192.168.57.185
DEBUG entering function foo
FATAL unrecoverable disk error
WARN disk usage 192.168.219.168%
DEBUG cache hit for key=192.168.82.31
ERROR null pointer in module 192.168.215.207
FATAL out of memory
DEBUG cache hit for key=192.168.211.158
FATAL segfault at address 0x192.168.57.185
INFO user 192.168.141.220 logged in
WARN retry attempt 192.168.193.243 for 13109
WARN slow query: 192.168.9.50ms
DEBUG variable x=192.168.141.220
FATAL out of memory
ERROR null pointer in module 192.168.107.168
DEBUG entering function foo
WARN retry attempt 192.168.57.185 for 10380
FATAL kernel panic
WARN retry attempt 192.168.229.48 for 14518
ERROR connection timeout 503
WARN retry attempt 192.168.178.6 for 68540
ERROR file not found: /tmp/192.168.92.139.log
WARN disk usage 192.168.60.30%
FATAL segfault at address 0x192.168.121.141
INFO connection established
ERROR connection timeout 503
WARN memory threshold reached: 192.168.229.48MB
DEBUG heap size: 192.168.211.158
FATAL unrecoverable disk error
FATAL unrecoverable disk error
FATAL out of memory
INFO connection established
WARN retry attempt 192.168.189.144 for 6655
WARN disk usage 192.168.215.207%
ERROR connection timeout 503
INFO connection established
FATAL kernel panic
ERROR file not found: /tmp/192.168.142.104.log
ERROR file not found: /tmp/192.168.82.31.log
ERROR file not found: /tmp/192.168.9.50.log
FATAL kernel panic
INFO user 192.168.193.243 logged in
WARN slow query: 192.168.57.185ms
ERROR null pointer in module 192.168.178.6
FATAL segfault at address 0x192.168.197.186
WARN retry attempt 192.168.229.48 for 5054
DEBUG cache hit for key=192.168.107.168
INFO user 192.168.92.139 logged in
DEBUG variable x=192.168.57.185
FATAL unrecoverable disk error
WARN memory threshold reached: 192.168.178.215MB
INFO user 192.168.39.155 logged in
ERROR null pointer in module 192.168.107.168
WARN memory threshold reached: 192.168.193.243MB
WARN retry attempt 192.168.229.48 for 38769
WARN memory threshold reached: 192.168.142.104MB
ERROR file not found: /tmp/192.168.57.185.log
INFO user 192.168.141.220 logged in
INFO connection established
ERROR auth failure for user 192.168.229.48
ERROR file not found: /tmp/192.168.82.31.log
INFO connection established
INFO connection established
WARN retry attempt 192.168.211.158 for 98912
ERROR connection timeout 503
DEBUG cache hit for key=192.168.36.209
DEBUG heap size: 192.168.219.168
WARN memory threshold reached: 192.168.197.186MB
WARN memory threshold reached: 192.168.193.243MB
ERROR auth failure for user 192.168.107.168
WARN memory threshold reached: 192.168.9.50MB
DEBUG cache hit for key=192.168.121.141
FATAL unrecoverable disk error
DEBUG entering function foo
WARN slow query: 192.168.36.209ms
FATAL segfault at address 0x192.168.82.31
ERROR auth failure for user 192.168.36.209
FATAL segfault at address 0x192.168.229.48
WARN memory threshold reached: 192.168.107.168MB
FATAL unrecoverable disk error
WARN disk usage 192.168.60.30%
INFO user 192.168.197.186 logged in
ERROR file not found: /tmp/192.168.121.141.log
ERROR connection timeout 503
WARN retry attempt 192.168.178.6 for 73911
FATAL kernel panic
WARN slow query: 192.168.178.6ms
WARN slow query: 192.168.178.215ms
INFO request from 192.168.57.185
FATAL kernel panic
ERROR file not found: /tmp/192.168.141.220.log
FATAL segfault at address 0x192.168.39.155
FATAL out of memory
INFO connection established
INFO processed 192.168.60.30 items
INFO request from 192.168.82.31
FATAL segfault at address 0x192.168.82.31
WARN disk usage 192.168.82.31%
DEBUG cache hit for key=192.168.219.168
FATAL out of memory
FATAL unrecoverable disk error
FATAL segfault at address 0x192.168.197.186
INFO user 192.168.215.207 logged in
ERROR connection timeout 503
DEBUG entering function foo
WARN retry attempt 192.168.57.185 for 20917
FATAL kernel panic
FATAL segfault at address 0x192.168.229.48
WARN retry attempt 192.168.211.158 for 62024
INFO user 192.168.142.104 logged in
FATAL segfault at address 0x192.168.178.6
DEBUG cache hit for key=192.168.197.186
WARN disk usage 192.168.39.155%
ERROR file not found: /tmp/192.168.193.243.log
FATAL kernel panic
INFO request from 192.168.60.30
WARN memory threshold reached: 192.168.142.104MB
WARN retry attempt 192.168.36.209 for 50194
ERROR auth failure for user 192.168.142.104
INFO user 192.168.178.215 logged in
ERROR file not found: /tmp/192.168.178.6.log
ERROR file not found: /tmp/192.168.197.186.log
INFO user 192.168.57.185 logged in
DEBUG cache hit for key=192.168.141.220
DEBUG entering function foo
FATAL kernel panic
FATAL segfault at address 0x192.168.215.207
WARN retry attempt 192.168.39.155 for 85827
ERROR connection timeout 503
INFO processed 192.168.219.168 items
DEBUG entering function foo
INFO user 192.168.219.168 logged in
ERROR connection timeout 503
ERROR auth failure for user 192.168.215.207
ERROR null pointer in module 192.168.57.185
WARN disk usage 192.168.219.168%
WARN disk usage 192.168.39.155%
INFO request from 192.168.229.48
INFO processed 192.168.211.158 items
FATAL unrecoverable disk error
ERROR file not found: /tmp/192.168.211.158.log
WARN memory threshold reached: 192.168.107.168MB
ERROR connection timeout 503
INFO processed 192.168.92.139 items
DEBUG entering function foo
ERROR file not found: /tmp/192.168.121.141.log
ERROR auth failure for user 192.168.141.220
FATAL unrecoverable disk error
WARN slow query: 192.168.39.155ms
WARN memory threshold reached: 192.168.107.168MB
WARN slow query: 192.168.60.30ms
WARN disk usage 192.168.92.139%
INFO connection established
WARN memory threshold reached: 192.168.189.144MB
INFO request from 192.168.193.243
DEBUG variable x=192.168.60.30
INFO processed 192.168.189.144 items
DEBUG entering function foo
ERROR connection timeout 503
ERROR auth failure for user 192.168.39.155
FATAL kernel panic
FATAL kernel panic
DEBUG entering function foo
INFO processed 192.168.229.48 items
DEBUG cache hit for key=192.168.60.30
ERROR connection timeout 503
ERROR connection timeout 503
ERROR file not found: /tmp/192.168.82.31.log
INFO connection established
WARN memory threshold reached: 192.168.178.215MB
WARN slow query: 192.168.82.31ms
DEBUG cache hit for key=192.168.92.139
DEBUG entering function foo
FATAL unrecoverable disk error
FATAL kernel panic
WARN retry attempt 192.168.36.209 for 66744
ERROR auth failure for user 192.168.193.243
FATAL unrecoverable disk error
DEBUG cache hit for key=192.168.9.50
FATAL out of memory
DEBUG heap size: 192.168.229.48
ERROR connection timeout 503
DEBUG variable x=192.168.215.207
DEBUG variable x=192.168.178.6
FATAL kernel panic
DEBUG cache hit for key=192.168.215.207
INFO request from 192.168.219.168
FATAL segfault at address 0x192.168.107.168
INFO connection established
DEBUG cache hit for key=192.168.92.139
ERROR connection timeout 503
FATAL segfault at address 0x192.168.57.185
ERROR auth failure for user 192.168.142.104
DEBUG entering function foo
INFO processed 192.168.82.31 items
INFO request from 192.168.36.209
WARN disk usage 192.168.142.104%
WARN disk usage 192.168.189.144%
ERROR null pointer in module 192.168.178.6
DEBUG variable x=192.168.142.104
FATAL unrecoverable disk error
WARN retry attempt 192.168.82.31 for 32324
DEBUG heap size: 192.168.60.30
INFO user 192.168.178.6 logged in
WARN memory threshold reached: 192.168.60.30MB
ERROR connection timeout 503
WARN retry attempt 192.168.197.186 for 31815
INFO connection established
INFO connection established
ERROR connection timeout 503
DEBUG variable x=192.168.60.30
DEBUG heap size: 192.168.36.209
ERROR file not found: /tmp/192.168.142.104.log
FATAL kernel panic
ERROR null pointer in module 192.168.197.186
INFO processed 192.168.215.207 items
INFO processed 192.168.193.243 items
INFO request from 192.168.178.6
DEBUG variable x=192.168.82.31
WARN retry attempt 192.168.189.144 for 38913
INFO request from 192.168.215.207
ERROR null pointer in module 192.168.121.141
WARN slow query: 192.168.193.243ms
WARN disk usage 192.168.229.48%
INFO request from 192.168.229.48
ERROR file not found: /tmp/192.168.178.6.log
WARN retry attempt 192.168.141.220 for 1420
WARN slow query: 192.168.60.30ms
ERROR auth failure for user 192.168.39.155
WARN disk usage 192.168.229.48%
INFO processed 192.168.219.168 items
ERROR auth failure for user 192.168.142.104
ERROR file not found: /tmp/192.168.219.168.log
ERROR null pointer in module 192.168.229.48
DEBUG cache hit for key=192.168.141.220
FATAL segfault at address 0x192.168.9.50
FATAL kernel panic
INFO processed 192.168.121.141 items
WARN memory threshold reached: 192.168.229.48MB
WARN disk usage 192.168.189.144%
DEBUG heap size: 192.168.107.168
ERROR null pointer in module 192.168.9.50
INFO user 192.168.189.144 logged in
ERROR connection timeout 503
ERROR connection timeout 503
DEBUG cache hit for key=192.168.82.31
DEBUG variable x=192.168.189.144
DEBUG heap size: 192.168.39.155
ERROR file not found: /tmp/192.168.92.139.log
DEBUG cache hit for key=192.168.178.6
ERROR null pointer in module 192.168.57.185
FATAL kernel panic
WARN retry attempt 192.168.178.215 for 85014
INFO request from 192.168.189.144
DEBUG cache hit for key=192.168.211.158
DEBUG entering function foo
FATAL kernel panic
DEBUG variable x=192.168.142.104
WARN retry attempt 192.168.219.168 for 33566
INFO connection established
DEBUG entering function foo
ERROR auth failure for user 192.168.121.141
INFO user 192.168.60.30 logged in
DEBUG entering function foo
DEBUG cache hit for key=192.168.219.168
FATAL kernel panic
INFO user 192.168.107.168 logged in
FATAL unrecoverable disk error
ERROR auth failure for user 192.168.141.220
WARN retry attempt 192.168.57.185 for 37634
ERROR connection timeout 503
ERROR auth failure for user 192.168.82.31
INFO user 192.168.9.50 logged in
ERROR auth failure for user 192.168.39.155
ERROR null pointer in module 192.168.107.168
ERROR connection timeout 503
INFO user 192.168.92.139 logged in
ERROR null pointer in module 192.168.92.139
ERROR null pointer in module 192.168.82.31
INFO connection established
WARN retry attempt 192.168.9.50 for 16576
ERROR connection timeout 503
FATAL kernel panic
FATAL out of memory
INFO connection established
DEBUG entering function foo
DEBUG cache hit for key=192.168.121.141
ERROR file not found: /tmp/192.168.229.48.log
ERROR file not found: /tmp/192.168.60.30.log
FATAL unrecoverable disk error
INFO user 192.168.142.104 logged in
WARN memory threshold reached: 192.168.215.207MB
FATAL unrecoverable disk error
ERROR auth failure for user 192.168.82.31
INFO user 192.168.189.144 logged in
FATAL kernel panic
INFO user 192.168.142.104 logged in
WARN slow query: 192.168.229.48ms
FATAL segfault at address 0x192.168.60.30
INFO user 192.168.219.168 logged in
FATAL segfault at address 0x192.168.142.104
WARN slow query: 192.168.178.215ms
FATAL unrecoverable disk error
WARN memory threshold reached: 192.168.229.48MB
FATAL out of memory
DEBUG entering function foo
WARN disk usage 192.168.219.168%
INFO request from 192.168.178.215
WARN memory threshold reached: 192.168.193.243MB
FATAL out of memory
DEBUG variable x=192.168.211.158
ERROR file not found: /tmp/192.168.211.158.log
DEBUG entering function foo
ERROR connection timeout 503
FATAL segfault at address 0x192.168.82.31
FATAL unrecoverable disk error
ERROR connection timeout 503
DEBUG cache hit for key=192.168.178.215
INFO connection established
INFO processed 192.168.60.30 items
DEBUG heap size: 192.168.9.50
WARN slow query: 192.168.92.139ms
WARN disk usage 192.168.36.209%
FATAL kernel panic
DEBUG variable x=192.168.142.104
WARN memory threshold reached: 192.168.107.168MB
FATAL kernel panic
INFO request from 192.168.219.168
DEBUG variable x=192.168.57.185
INFO request from 192.168.36.209
DEBUG cache hit for key=192.168.92.139
WARN slow query: 192.168.57.185ms
ERROR null pointer in module 192.168.229.48
ERROR connection timeout 503
WARN slow query: 192.168.178.215ms
INFO connection established
INFO user 192.168.178.215 logged in
ERROR null pointer in module 192.168.39.155
WARN disk usage 192.168.178.215%
FATAL segfault at address 0x192.168.57.185
DEBUG entering function foo
FATAL segfault at address 0x192.168.92.139
WARN slow query: 192.168.178.6ms
DEBUG variable x=192.168.142.104
FATAL unrecoverable disk error
FATAL segfault at address 0x192.168.9.50
WARN retry attempt 192.168.193.243 for 89368
FATAL segfault at address 0x192.168.39.155
DEBUG cache hit for key=192.168.211.158
FATAL segfault at address 0x192.168.142.104
DEBUG heap size: 192.168.107.168
WARN retry attempt 192.168.82.31 for 4991
WARN retry attempt 192.168.60.30 for 31491
WARN retry attempt 192.168.9.50 for 20258
FATAL out of memory
WARN memory threshold reached: 192.168.82.31MB
FATAL out of memory
INFO processed 192.168.215.207 items
DEBUG variable x=192.168.60.30
INFO processed 192.168.178.215 items
ERROR auth failure for user 192.168.178.6
DEBUG cache hit for key=192.168.82.31
FATAL out of memory
INFO user 192.168.178.215 logged in
FATAL out of memory
INFO processed 192.168.178.6 items
INFO connection established
INFO processed 192.168.229.48 items
INFO processed 192.168.92.139 items
DEBUG heap size: 192.168.121.141
ERROR null pointer in module 192.168.178.215
DEBUG variable x=192.168.9.50
INFO connection established
DEBUG cache hit for key=192.168.178.215
FATAL kernel panic
FATAL segfault at address 0x192.168.193.243
FATAL kernel panic
FATAL unrecoverable disk error
FATAL segfault at address 0x192.168.107.168
ERROR auth failure for user 192.168.107.168
DEBUG cache hit for key=192.168.82.31
FATAL out of memory
WARN memory threshold reached: 192.168.193.243MB
DEBUG heap size: 192.168.9.50
FATAL segfault at address 0x192.168.60.30
WARN retry attempt 192.168.57.185 for 56611
WARN slow query: 192.168.211.158ms
INFO request from 192.168.178.215
ERROR auth failure for user 192.168.142.104
FATAL out of memory
WARN disk usage 192.168.36.209%
INFO connection established
INFO connection established
ERROR file not found: /tmp/192.168.178.6.log
WARN retry attempt 192.168.142.104 for 76537
DEBUG entering function foo
WARN disk usage 192.168.36.209%
WARN retry attempt 192.168.178.6 for 86917
DEBUG heap size: 192.168.9.50
FATAL out of memory
WARN disk usage 192.168.189.144%
INFO connection established
ERROR file not found: /tmp/192.168.141.220.log
WARN retry attempt 192.168.82.31 for 91321
DEBUG entering function foo
FATAL kernel panic
FATAL segfault at address 0x192.168.178.6
FATAL kernel panic
ERROR file not found: /tmp/192.168.197.186.log
INFO processed 192.168.121.141 items
FATAL out of memory
WARN retry attempt 192.168.60.30 for 22616
INFO processed 192.168.215.207 items
ERROR auth failure for user 192.168.142.104
ERROR auth failure for user 192.168.39.155
FATAL out of memory
WARN slow query: 192.168.60.30ms
DEBUG entering function foo
ERROR file not found: /tmp/192.168.82.31.log
INFO processed 192.168.9.50 items
ERROR file not found: /tmp/192.168.178.6.log
INFO connection established
FATAL out of memory
DEBUG entering function foo
FATAL unrecoverable disk error
INFO processed 192.168.121.141 items
INFO request from 192.168.178.215
INFO connection established
WARN retry attempt 192.168.211.158 for 72153
ERROR connection timeout 503
FATAL segfault at address 0x192.168.92.139
ERROR file not found: /tmp/192.168.60.30.log
INFO connection established
FATAL segfault at address 0x192.168.60.30
FATAL unrecoverable disk error
WARN slow query: 192.168.92.139ms
INFO connection established
DEBUG heap size: 192.168.82.31
DEBUG entering function foo
INFO connection established
DEBUG heap size: 192.168.92.139
WARN disk usage 192.168.36.209%
ERROR file not found: /tmp/192.168.197.186.log
ERROR null pointer in module 192.168.178.6
INFO processed 192.168.121.141 items
ERROR connection timeout 503
WARN memory threshold reached: 192.168.193.243MB
FATAL segfault at address 0x192.168.39.155
DEBUG entering function foo
ERROR null pointer in module 192.168.178.215
WARN memory threshold reached: 192.168.57.185MB
FATAL unrecoverable disk error
DEBUG variable x=192.168.57.185
FATAL out of memory
FATAL kernel panic
DEBUG cache hit for key=192.168.36.209
INFO connection established
WARN slow query: 192.168.211.158ms
INFO request from 192.168.229.48
DEBUG entering function foo
ERROR connection timeout 503
DEBUG entering function foo
ERROR null pointer in module 192.168.107.168
WARN disk usage 192.168.39.155%
ERROR file not found: /tmp/192.168.60.30.log
INFO request from 192.168.107.168
INFO connection established
ERROR connection timeout 503
ERROR null pointer in module 192.168.82.31
DEBUG cache hit for key=192.168.36.209
FATAL kernel panic
WARN slow query: 192.168.215.207ms
ERROR auth failure for user 192.168.219.168
INFO connection established
ERROR connection timeout 503
ERROR null pointer in module 192.168.60.30
ERROR auth failure for user 192.168.219.168
FATAL kernel panic
FATAL out of memory
WARN slow query: 192.168.39.155ms
DEBUG cache hit for key=192.168.215.207
DEBUG variable x=192.168.178.6
WARN disk usage 192.168.107.168%
INFO request from 192.168.57.185
INFO request from 192.168.92.139
INFO user 192.168.178.6 logged in
FATAL unrecoverable disk error
DEBUG cache hit for key=192.168.219.168
INFO connection established
ERROR file not found: /tmp/192.168.215.207.log
DEBUG variable x=192.168.60.30
DEBUG heap size: 192.168.178.6
WARN disk usage 192.168.82.31%
INFO request from 192.168.92.139
ERROR connection timeout 503
FATAL out of memory
WARN retry attempt 192.168.197.186 for 64898
DEBUG entering function foo
DEBUG heap size: 192.168.9.50
ERROR auth failure for user 192.168.229.48
INFO connection established
ERROR auth failure for user 192.168.9.50
ERROR auth failure for user 192.168.189.144
FATAL out of memory
FATAL kernel panic
DEBUG variable x=192.168.211.158
WARN slow query: 192.168.142.104ms
FATAL unrecoverable disk error
FATAL out of memory
FATAL kernel panic
ERROR connection timeout 503
INFO connection established
DEBUG variable x=192.168.189.144
INFO processed 192.168.178.6 items
WARN disk usage 192.168.107.168%
ERROR auth failure for user 192.168.142.104
WARN retry attempt 192.168.92.139 for 97952
FATAL unrecoverable disk error
DEBUG variable x=192.168.197.186
ERROR connection timeout 503
FATAL unrecoverable disk error
FATAL out of memory
WARN slow query: 192.168.215.207ms
INFO processed 192.168.36.209 items
WARN memory threshold reached: 192.168.178.6MB
DEBUG cache hit for key=192.168.60.30
ERROR auth failure for user 192.168.178.215
WARN memory threshold reached: 192.168.193.243MB
WARN disk usage 192.168.82.31%
INFO user 192.168.215.207 logged in
ERROR connection timeout 503
INFO request from 192.168.197.186
INFO connection established
DEBUG heap size: 192.168.107.168
INFO processed 192.168.57.185 items
DEBUG variable x=192.168.57.185
ERROR connection timeout 503
FATAL segfault at address 0x192.168.229.48
ERROR auth failure for user 192.168.211.158
INFO processed 192.168.189.144 items
INFO processed 192.168.57.185 items
ERROR file not found: /tmp/192.168.193.243.log
INFO processed 192.168.82.31 items
WARN retry attempt 192.168.36.209 for 49135
WARN memory threshold reached: 192.168.60.30MB
ERROR auth failure for user 192.168.229.48
DEBUG variable x=192.168.82.31
DEBUG variable x=192.168.211.158
WARN memory threshold reached: 192.168.229.48MB
INFO request from 192.168.9.50
ERROR auth failure for user 192.168.178.6
INFO request from 192.168.57.185
WARN memory threshold reached: 192.168.92.139MB
WARN memory threshold reached: 192.168.82.31MB
INFO connection established
FATAL out of memory
DEBUG heap size: 192.168.60.30
FATAL segfault at address 0x192.168.82.31
INFO user 192.168.219.168 logged in
ERROR connection timeout 503
WARN disk usage 192.168.9.50%
INFO processed 192.168.60.30 items
WARN memory threshold reached: 192.168.107.168MB
INFO request from 192.168.178.215
WARN memory threshold reached: 192.168.229.48MB
ERROR auth failure for user 192.168.219.168
FATAL unrecoverable disk error
INFO user 192.168.197.186 logged in
INFO processed 192.168.211.158 items
INFO processed 192.168.193.243 items
ERROR null pointer in module 192.168.92.139
WARN slow query: 192.168.193.243ms
FATAL unrecoverable disk error
DEBUG cache hit for key=192.168.219.168
FATAL out of memory
INFO request from 192.168.178.215
WARN retry attempt 192.168.215.207 for 70131
WARN memory threshold reached: 192.168.141.220MB
INFO request from 192.168.219.168
DEBUG entering function foo
INFO request from 192.168.107.168
WARN slow query: 192.168.60.30ms
ERROR null pointer in module 192.168.178.215
FATAL out of memory
FATAL kernel panic
INFO request from 192.168.211.158
DEBUG entering function foo
INFO user 192.168.197.186 logged in
DEBUG heap size: 192.168.60.30
DEBUG heap size: 192.168.57.185
INFO connection established
DEBUG entering function foo
ERROR null pointer in module 192.168.107.168
FATAL unrecoverable disk error
WARN memory threshold reached: 192.168.197.186MB
INFO connection established
DEBUG entering function foo
DEBUG variable x=192.168.215.207
DEBUG variable x=192.168.178.215
ERROR null pointer in module 192.168.36.209
INFO request from 192.168.60.30
ERROR auth failure for user 192.168.121.141
DEBUG variable x=192.168.121.141
WARN memory threshold reached: 192.168.189.144MB
FATAL unrecoverable disk error
ERROR file not found: /tmp/192.168.82.31.log
DEBUG entering function foo
DEBUG cache hit for key=192.168.211.158
DEBUG cache hit for key=192.168.229.48
INFO user 192.168.211.158 logged in
ERROR connection timeout 503
ERROR auth failure for user 192.168.178.215
FATAL unrecoverable disk error
ERROR connection timeout 503
DEBUG cache hit for key=192.168.219.168
DEBUG variable x=192.168.9.50
DEBUG entering function foo
ERROR auth failure for user 192.168.121.141
ERROR auth failure for user 192.168.215.207
DEBUG heap size: 192.168.92.139
DEBUG entering function foo
DEBUG cache hit for key=192.168.142.104
INFO request from 192.168.193.243
WARN slow query: 192.168.178.6ms
DEBUG cache hit for key=192.168.92.139
DEBUG entering function foo
ERROR null pointer in module 192.168.197.186
WARN disk usage 192.168.39.155%
INFO connection established
INFO processed 192.168.229.48 items
ERROR null pointer in module 192.168.82.31
ERROR null pointer in module 192.168.189.144
ERROR connection timeout 503
WARN slow query: 192.168.39.155ms
FATAL out of memory
FATAL unrecoverable disk error
WARN retry attempt 192.168.219.168 for 93917
DEBUG entering function foo
FATAL kernel panic
INFO processed 192.168.189.144 items
ERROR connection timeout 503
DEBUG entering function foo
INFO connection established
DEBUG variable x=192.168.121.141
ERROR connection timeout 503
ERROR connection timeout 503
FATAL unrecoverable disk error
ERROR null pointer in module 192.168.197.186
ERROR auth failure for user 192.168.229.48
FATAL out of memory
WARN disk usage 192.168.178.215%
WARN disk usage 192.168.219.168%
WARN retry attempt 192.168.107.168 for 76519
INFO connection established
ERROR auth failure for user 192.168.107.168
FATAL segfault at address 0x192.168.9.50
ERROR null pointer in module 192.168.36.209
DEBUG entering function foo
FATAL kernel panic
INFO user 192.168.121.141 logged in
FATAL kernel panic
ERROR connection timeout 503
FATAL out of memory
FATAL out of memory
INFO processed 192.168.92.139 items
ERROR null pointer in module 192.168.229.48
ERROR connection timeout 503
INFO user 192.168.211.158 logged in
WARN memory threshold reached: 192.168.39.155MB
INFO connection established
DEBUG heap size: 192.168.60.30
WARN disk usage 192.168.229.48%
DEBUG heap size: 192.168.219.168
ERROR null pointer in module 192.168.141.220
INFO user 192.168.92.139 logged in
DEBUG heap size: 192.168.57.185
WARN memory threshold reached: 192.168.178.6MB
ERROR file not found: /tmp/192.168.193.243.log
ERROR null pointer in module 192.168.178.6
INFO processed 192.168.178.215 items
DEBUG entering function foo
INFO connection established
INFO connection established
FATAL out of memory
WARN memory threshold reached: 192.168.82.31MB
WARN slow query: 192.168.219.168ms
FATAL segfault at address 0x192.168.193.243
FATAL unrecoverable disk error
FATAL segfault at address 0x192.168.178.6
ERROR connection timeout 503
FATAL kernel panic
WARN memory threshold reached: 192.168.39.155MB
FATAL unrecoverable disk error
INFO processed 192.168.9.50 items
ERROR auth failure for user 192.168.82.31
INFO user 192.168.57.185 logged in
WARN disk usage 192.168.107.168%
ERROR file not found: /tmp/192.168.178.215.log
DEBUG cache hit for key=192.168.60.30
WARN retry attempt 192.168.107.168 for 23292
INFO processed 192.168.60.30 items
DEBUG entering function foo
INFO request from 192.168.9.50
FATAL out of memory
DEBUG variable x=192.168.219.168
FATAL unrecoverable disk error
ERROR connection timeout 503
DEBUG cache hit for key=192.168.193.243
INFO user 192.168.141.220 logged in
ERROR auth failure for user 192.168.92.139
INFO connection established
ERROR connection timeout 503
FATAL unrecoverable disk error
ERROR connection timeout 503
ERROR connection timeout 503
DEBUG cache hit for key=192.168.57.185
INFO user 192.168.142.104 logged in
INFO request from 192.168.215.207
WARN disk usage 192.168.60.30%
INFO user 192.168.39.155 logged in
ERROR null pointer in module 192.168.82.31
WARN retry attempt 192.168.141.220 for 29692
DEBUG cache hit for key=192.168.215.207
ERROR null pointer in module 192.168.39.155
FATAL segfault at address 0x192.168.178.6
INFO user 192.168.9.50 logged in
FATAL segfault at address 0x192.168.178.6
WARN slow query: 192.168.9.50ms
ERROR auth failure for user 192.168.211.158
INFO processed 192.168.215.207 items
INFO user 192.168.92.139 logged in
DEBUG variable x=192.168.211.158
WARN memory threshold reached: 192.168.142.104MB
INFO user 192.168.141.220 logged in
INFO user 192.168.107.168 logged in
WARN slow query: 192.168.178.215ms
INFO request from 192.168.92.139
DEBUG heap size: 192.168.142.104
ERROR auth failure for user 192.168.121.141
DEBUG entering function foo
ERROR auth failure for user 192.168.142.104
DEBUG heap size: 192.168.211.158
INFO user 192.168.92.139 logged in
DEBUG entering function foo
ERROR null pointer in module 192.168.211.158
FATAL unrecoverable disk error
INFO request from 192.168.107.168
FATAL kernel panic
INFO user 192.168.82.31 logged in
DEBUG entering function foo
FATAL unrecoverable disk error
INFO processed 192.168.197.186 items
FATAL kernel panic
WARN memory threshold reached: 192.168.107.168MB
DEBUG entering function foo
DEBUG cache hit for key=192.168.211.158
DEBUG variable x=192.168.82.31
DEBUG cache hit for key=192.168.211.158
FATAL out of memory
FATAL segfault at address 0x192.168.229.48
FATAL kernel panic
ERROR auth failure for user 192.168.36.209
INFO processed 192.168.9.50 items
WARN disk usage 192.168.142.104%
WARN retry attempt 192.168.9.50 for 9438
INFO user 192.168.141.220 logged in
WARN slow query: 192.168.211.158ms
INFO user 192.168.211.158 logged in
FATAL unrecoverable disk error
FATAL kernel panic
FATAL kernel panic
WARN retry attempt 192.168.215.207 for 8281
FATAL out of memory
FATAL out of memory
DEBUG variable x=192.168.82.31
INFO connection established
INFO user 192.168.36.209 logged in
WARN disk usage 192.168.193.243%
INFO user 192.168.178.6 logged in
DEBUG heap size: 192.168.36.209
FATAL out of memory
DEBUG cache hit for key=192.168.178.6
INFO connection established
INFO processed 192.168.107.168 items
DEBUG variable x=192.168.211.158
DEBUG variable x=192.168.121.141
WARN slow query: 192.168.92.139ms
WARN disk usage 192.168.197.186%
FATAL segfault at address 0x192.168.193.243
FATAL out of memory
FATAL segfault at address 0x192.168.193.243
FATAL unrecoverable disk error
ERROR connection timeout 503
ERROR auth failure for user 192.168.107.168
ERROR connection timeout 503
WARN disk usage 192.168.197.186%
INFO request from 192.168.121.141
FATAL segfault at address 0x192.168.219.168
INFO processed 192.168.178.6 items
INFO processed 192.168.219.168 items
DEBUG entering function foo
ERROR auth failure for user 192.168.92.139
INFO user 192.168.215.207 logged in
FATAL segfault at address 0x192.168.178.6
WARN slow query: 192.168.215.207ms
FATAL kernel panic
ERROR null pointer in module 192.168.92.139
ERROR null pointer in module 192.168.141.220
INFO processed 192.168.142.104 items
FATAL segfault at address 0x192.168.36.209
FATAL kernel panic
FATAL unrecoverable disk error
WARN disk usage 192.168.229.48%
INFO user 192.168.215.207 logged in
WARN memory threshold reached: 192.168.219.168MB
INFO connection established
INFO request from 192.168.189.144
FATAL segfault at address 0x192.168.178.6
DEBUG variable x=192.168.189.144
ERROR null pointer in module 192.168.121.141
FATAL unrecoverable disk error
FATAL kernel panic
FATAL out of memory
WARN retry attempt 192.168.92.139 for 41532
DEBUG cache hit for key=192.168.178.6
DEBUG heap size: 192.168.178.6
WARN disk usage 192.168.107.168%
FATAL kernel panic
WARN slow query: 192.168.39.155ms
WARN retry attempt 192.168.9.50 for 38205
DEBUG entering function foo
ERROR auth failure for user 192.168.60.30
INFO processed 192.168.36.209 items
INFO processed 192.168.219.168 items
INFO user 192.168.121.141 logged in
WARN slow query: 192.168.36.209ms
WARN slow query: 192.168.82.31ms
WARN disk usage 192.168.141.220%
ERROR auth failure for user 192.168.193.243
DEBUG heap size: 192.168.121.141
INFO user 192.168.178.6 logged in
DEBUG entering function foo
FATAL unrecoverable disk error
INFO user 192.168.107.168 logged in
ERROR file not found: /tmp/192.168.57.185.log
DEBUG cache hit for key=192.168.189.144
WARN slow query: 192.168.178.215ms
INFO processed 192.168.219.168 items
DEBUG entering function foo
ERROR null pointer in module 192.168.141.220
FATAL kernel panic
INFO request from 192.168.219.168
FATAL segfault at address 0x192.168.215.207
ERROR auth failure for user 192.168.82.31
FATAL segfault at address 0x192.168.189.144
WARN memory threshold reached: 192.168.92.139MB
WARN memory threshold reached: 192.168.211.158MB
WARN memory threshold reached: 192.168.36.209MB
ERROR auth failure for user 192.168.36.209
WARN slow query: 192.168.219.168ms
DEBUG heap size: 192.168.141.220
ERROR file not found: /tmp/192.168.39.155.log
WARN slow query: 192.168.36.209ms
DEBUG cache hit for key=192.168.189.144
WARN memory threshold reached: 192.168.92.139MB
FATAL out of memory
WARN memory threshold reached: 192.168.178.215MB
WARN disk usage 192.168.215.207%
INFO request from 192.168.215.207
FATAL out of memory
DEBUG variable x=192.168.121.141
INFO connection established
DEBUG entering function foo
FATAL out of memory
ERROR null pointer in module 192.168.178.6
FATAL kernel panic
INFO connection established
DEBUG cache hit for key=192.168.39.155
INFO user 192.168.193.243 logged in
ERROR null pointer in module 192.168.57.185
ERROR file not found: /tmp/192.168.189.144.log
WARN retry attempt 192.168.121.141 for 80790
WARN memory threshold reached: 192.168.121.141MB
ERROR connection timeout 503
DEBUG variable x=192.168.215.207
ERROR file not found: /tmp/192.168.107.168.log
INFO request from 192.168.36.209
WARN retry attempt 192.168.178.215 for 70874
DEBUG cache hit for key=192.168.178.6
ERROR connection timeout 503
FATAL unrecoverable disk error
WARN slow query: 192.168.36.209ms
ERROR connection timeout 503
WARN memory threshold reached: 192.168.39.155MB
FATAL unrecoverable disk error
ERROR auth failure for user 192.168.178.215
DEBUG heap size: 192.168.141.220
DEBUG variable x=192.168.141.220
INFO connection established
DEBUG heap size: 192.168.229.48
INFO processed 192.168.92.139 items
ERROR auth failure for user 192.168.142.104
INFO request from 192.168.92.139
ERROR null pointer in module 192.168.178.6
DEBUG entering function foo
WARN retry attempt 192.168.9.50 for 20169
FATAL unrecoverable disk error
INFO connection established
ERROR auth failure for user 192.168.219.168
FATAL segfault at address 0x192.168.92.139
WARN slow query: 192.168.219.168ms
FATAL kernel panic
FATAL kernel panic
FATAL segfault at address 0x192.168.229.48
INFO processed 192.168.178.6 items
DEBUG heap size: 192.168.215.207
INFO request from 192.168.36.209
WARN disk usage 192.168.121.141%
FATAL kernel panic
INFO processed 192.168.9.50 items
INFO connection established
FATAL out of memory
FATAL segfault at address 0x192.168.219.168
ERROR connection timeout 503
ERROR file not found: /tmp/192.168.82.31.log
FATAL segfault at address 0x192.168.141.220
WARN disk usage 192.168.141.220%
FATAL segfault at address 0x192.168.36.209
ERROR auth failure for user 192.168.141.220
FATAL out of memory
ERROR file not found: /tmp/192.168.9.50.log
INFO request from 192.168.92.139
INFO user 192.168.121.141 logged in
FATAL unrecoverable disk error
ERROR null pointer in module 192.168.60.30
DEBUG variable x=192.168.142.104
FATAL kernel panic
FATAL kernel panic
ERROR auth failure for user 192.168.39.155
ERROR file not found: /tmp/192.168.60.30.log
DEBUG variable x=192.168.39.155
FATAL out of memory
FATAL kernel panic
DEBUG variable x=192.168.141.220
FATAL kernel panic
FATAL kernel panic
ERROR connection timeout 503
DEBUG heap size: 192.168.36.209
WARN retry attempt 192.168.142.104 for 38430
DEBUG entering function foo
FATAL unrecoverable disk error
DEBUG cache hit for key=192.168.9.50
FATAL kernel panic
ERROR connection timeout 503
FATAL unrecoverable disk error
DEBUG entering function foo
ERROR file not found: /tmp/192.168.229.48.log
ERROR auth failure for user 192.168.142.104
FATAL kernel panic
WARN slow query: 192.168.57.185ms
WARN retry attempt 192.168.141.220 for 53868
WARN disk usage 192.168.36.209%
ERROR null pointer in module 192.168.39.155
WARN slow query: 192.168.141.220ms
DEBUG heap size: 192.168.92.139
DEBUG variable x=192.168.92.139
DEBUG entering function foo
ERROR connection timeout 503
WARN disk usage 192.168.141.220%
DEBUG heap size: 192.168.39.155
INFO request from 192.168.215.207
WARN disk usage 192.168.189.144%
DEBUG entering function foo
FATAL kernel panic
ERROR connection timeout 503
INFO connection established
WARN memory threshold reached: 192.168.142.104MB
FATAL unrecoverable disk error
DEBUG variable x=192.168.141.220
FATAL unrecoverable disk error
DEBUG variable x=192.168.57.185
WARN retry attempt 192.168.178.6 for 28992
ERROR null pointer in module 192.168.141.220
INFO request from 192.168.107.168
FATAL kernel panic
ERROR null pointer in module 192.168.121.141
DEBUG heap size: 192.168.211.158
WARN disk usage 192.168.142.104%
DEBUG cache hit for key=192.168.229.48
FATAL out of memory
FATAL kernel panic
DEBUG cache hit for key=192.168.92.139
WARN disk usage 192.168.142.104%
FATAL unrecoverable disk error
INFO processed 192.168.215.207 items
WARN retry attempt 192.168.92.139 for 86565
INFO processed 192.168.178.6 items
WARN retry attempt 192.168.57.185 for 40744
ERROR connection timeout 503
FATAL unrecoverable disk error
FATAL kernel panic
FATAL unrecoverable disk error
WARN disk usage 192.168.229.48%
FATAL kernel panic
WARN retry attempt 192.168.60.30 for 84657
INFO request from 192.168.121.141
WARN disk usage 192.168.9.50%
INFO user 192.168.121.141 logged in
DEBUG variable x=192.168.229.48
DEBUG cache hit for key=192.168.229.48
INFO request from 192.168.219.168
WARN disk usage 192.168.197.186%
INFO processed 192.168.82.31 items
INFO user 192.168.229.48 logged in
WARN memory threshold reached: 192.168.82.31MB
DEBUG heap size: 192.168.36.209
ERROR null pointer in module 192.168.9.50
WARN memory threshold reached: 192.168.141.220MB
INFO user 192.168.57.185 logged in
DEBUG cache hit for key=192.168.141.220
FATAL out of memory
INFO user 192.168.193.243 logged in
ERROR connection timeout 503
FATAL unrecoverable disk error
DEBUG heap size: 192.168.141.220
ERROR auth failure for user 192.168.215.207
WARN retry attempt 192.168.178.215 for 84115
ERROR file not found: /tmp/192.168.36.209.log
DEBUG heap size: 192.168.197.186
DEBUG variable x=192.168.82.31
ERROR auth failure for user 192.168.211.158
FATAL out of memory
FATAL out of memory
WARN retry attempt 192.168.36.209 for 98851
INFO processed 192.168.197.186 items
FATAL out of memory
FATAL unrecoverable disk error
FATAL kernel panic
ERROR null pointer in module 192.168.178.6
WARN slow query: 192.168.107.168ms
WARN retry attempt 192.168.219.168 for 63325
FATAL out of memory
WARN memory threshold reached: 192.168.57.185MB
DEBUG entering function foo
FATAL unrecoverable disk error
INFO user 192.168.60.30 logged in
DEBUG entering function foo
FATAL kernel panic
FATAL kernel panic
FATAL unrecoverable disk error
ERROR auth failure for user 192.168.215.207
ERROR file not found: /tmp/192.168.39.155.log
ERROR null pointer in module 192.168.178.215
INFO processed 192.168.189.144 items
WARN memory threshold reached: 192.168.57.185MB
WARN memory threshold reached: 192.168.178.6MB
INFO user 192.168.121.141 logged in
ERROR auth failure for user 192.168.39.155
ERROR null pointer in module 192.168.107.168
ERROR auth failure for user 192.168.36.209
DEBUG cache hit for key=192.168.82.31
DEBUG cache hit for key=192.168.211.158
FATAL out of memory
WARN memory threshold reached: 192.168.9.50MB
INFO request from 192.168.215.207
FATAL out of memory
ERROR connection timeout 503
INFO processed 192.168.193.243 items
FATAL out of memory
FATAL kernel panic
INFO user 192.168.92.139 logged in
ERROR file not found: /tmp/192.168.60.30.log
ERROR null pointer in module 192.168.60.30
FATAL kernel panic
ERROR connection timeout 503
WARN disk usage 192.168.215.207%
DEBUG variable x=192.168.197.186
ERROR file not found: /tmp/192.168.142.104.log
DEBUG variable x=192.168.92.139
WARN disk usage 192.168.107.168%
ERROR auth failure for user 192.168.178.215
INFO connection established
ERROR file not found: /tmp/192.168.211.158.log
FATAL unrecoverable disk error
DEBUG cache hit for key=192.168.36.209
WARN slow query: 192.168.82.31ms
INFO request from 192.168.82.31
DEBUG heap size: 192.168.178.215
WARN disk usage 192.168.189.144%
FATAL unrecoverable disk error
FATAL unrecoverable disk error
WARN slow query: 192.168.178.215ms
ERROR null pointer in module 192.168.215.207
ERROR file not found: /tmp/192.168.219.168.log
INFO request from 192.168.92.139
FATAL out of memory
DEBUG variable x=192.168.197.186
INFO connection established
WARN memory threshold reached: 192.168.197.186MB
WARN slow query: 192.168.142.104ms
DEBUG cache hit for key=192.168.219.168
INFO connection established
FATAL segfault at address 0x192.168.211.158
DEBUG entering function foo
ERROR file not found: /tmp/192.168.219.168.log
ERROR file not found: /tmp/192.168.9.50.log
WARN retry attempt 192.168.197.186 for 77148
FATAL out of memory
WARN disk usage 192.168.219.168%
ERROR connection timeout 503
DEBUG variable x=192.168.178.215
DEBUG heap size: 192.168.121.141
ERROR connection timeout 503
ERROR connection timeout 503
WARN memory threshold reached: 192.168.211.158MB
FATAL segfault at address 0x192.168.39.155
WARN disk usage 192.168.142.104%
ERROR null pointer in module 192.168.82.31
FATAL kernel panic
INFO user 192.168.229.48 logged in
WARN disk usage 192.168.57.185%
DEBUG variable x=192.168.57.185
INFO connection established
WARN retry attempt 192.168.9.50 for 43079
ERROR null pointer in module 192.168.193.243
ERROR null pointer in module 192.168.215.207
ERROR auth failure for user 192.168.82.31
WARN disk usage 192.168.197.186%
INFO user 192.168.193.243 logged in
ERROR connection timeout 503
WARN slow query: 192.168.60.30ms
ERROR null pointer in module 192.168.219.168
FATAL unrecoverable disk error
ERROR file not found: /tmp/192.168.9.50.log
FATAL kernel panic
INFO user 192.168.36.209 logged in
WARN retry attempt 192.168.142.104 for 34497
ERROR auth failure for user 192.168.229.48
DEBUG cache hit for key=192.168.229.48
WARN memory threshold reached: 192.168.178.6MB
FATAL unrecoverable disk error
ERROR connection timeout 503
INFO connection established
WARN disk usage 192.168.82.31%
ERROR connection timeout 503
ERROR connection timeout 503
INFO connection established
WARN memory threshold reached: 192.168.36.209MB
WARN disk usage 192.168.121.141%
INFO user 192.168.57.185 logged in
ERROR auth failure for user 192.168.60.30
FATAL out of memory
INFO request from 192.168.82.31
DEBUG variable x=192.168.82.31
FATAL kernel panic
INFO processed 192.168.57.185 items
ERROR auth failure for user 192.168.36.209
DEBUG cache hit for key=192.168.211.158
WARN slow query: 192.168.9.50ms
DEBUG heap size: 192.168.92.139
DEBUG cache hit for key=192.168.36.209
FATAL out of memory
INFO connection established
WARN memory threshold reached: 192.168.197.186MB
INFO connection established
WARN disk usage 192.168.178.6%
INFO request from 192.168.92.139
WARN slow query: 192.168.193.243ms
DEBUG heap size: 192.168.107.168
INFO request from 192.168.107.168
FATAL kernel panic
WARN disk usage 192.168.9.50%
FATAL unrecoverable disk error
ERROR file not found: /tmp/192.168.219.168.log
DEBUG entering function foo
FATAL unrecoverable disk error
DEBUG heap size: 192.168.92.139
FATAL unrecoverable disk error
ERROR connection timeout 503
INFO user 192.168.219.168 logged in
ERROR file not found: /tmp/192.168.142.104.log
INFO user 192.168.121.141 logged in
DEBUG cache hit for key=192.168.92.139
DEBUG cache hit for key=192.168.142.104
INFO request from 192.168.178.215
ERROR connection timeout 503
FATAL kernel panic
DEBUG entering function foo
ERROR file not found: /tmp/192.168.60.30.log
DEBUG cache hit for key=192.168.178.215
INFO connection established
DEBUG heap size: 192.168.141.220
ERROR null pointer in module 192.168.39.155
DEBUG heap size: 192.168.82.31
FATAL out of memory
DEBUG cache hit for key=192.168.178.6
ERROR auth failure for user 192.168.215.207
FATAL out of memory
DEBUG entering function foo
DEBUG heap size: 192.168.57.185
ERROR file not found: /tmp/192.168.229.48.log
DEBUG heap size: 192.168.178.6
WARN slow query: 192.168.141.220ms
WARN slow query: 192.168.219.168ms
ERROR connection timeout 503
ERROR file not found: /tmp/192.168.82.31.log
INFO user 192.168.39.155 logged in
DEBUG cache hit for key=192.168.9.50
FATAL out of memory
FATAL kernel panic
INFO user 192.168.107.168 logged in
FATAL segfault at address 0x192.168.189.144
ERROR null pointer in module 192.168.197.186
INFO user 192.168.211.158 logged in
FATAL segfault at address 0x192.168.193.243
WARN slow query: 192.168.178.6ms
ERROR null pointer in module 192.168.215.207
ERROR file not found: /tmp/192.168.178.215.log
WARN slow query: 192.168.82.31ms
DEBUG heap size: 192.168.82.31
WARN memory threshold reached: 192.168.9.50MB
WARN slow query: 192.168.92.139ms
DEBUG cache hit for key=192.168.189.144
INFO connection established
ERROR file not found: /tmp/192.168.39.155.log
INFO request from 192.168.219.168
WARN retry attempt 192.168.197.186 for 35466
ERROR auth failure for user 192.168.219.168
DEBUG variable x=192.168.36.209
FATAL out of memory
INFO processed 192.168.178.6 items
INFO connection established
ERROR connection timeout 503
DEBUG cache hit for key=192.168.121.141
FATAL unrecoverable disk error
INFO user 192.168.178.215 logged in
WARN retry attempt 192.168.39.155 for 91678
WARN slow query: 192.168.178.215ms
WARN disk usage 192.168.141.220%
INFO user 192.168.178.6 logged in
INFO request from 192.168.215.207
ERROR null pointer in module 192.168.121.141
WARN retry attempt 192.168.82.31 for 6209
ERROR null pointer in module 192.168.9.50
ERROR null pointer in module 192.168.219.168
WARN retry attempt 192.168.178.6 for 85648
WARN retry attempt 192.168.36.209 for 15965
DEBUG entering function foo
DEBUG variable x=192.168.211.158
ERROR auth failure for user 192.168.121.141
ERROR null pointer in module 192.168.82.31
ERROR file not found: /tmp/192.168.39.155.log
ERROR null pointer in module 192.168.193.243
DEBUG variable x=192.168.189.144
ERROR file not found: /tmp/192.168.211.158.log
WARN disk usage 192.168.215.207%
DEBUG variable x=192.168.9.50
DEBUG entering function foo
INFO connection established
INFO user 192.168.141.220 logged in
ERROR null pointer in module 192.168.178.6
INFO request from 192.168.92.139
INFO processed 192.168.193.243 items
INFO connection established
FATAL segfault at address 0x192.168.197.186
WARN slow query: 192.168.197.186ms
DEBUG cache hit for key=192.168.60.30
WARN disk usage 192.168.60.30%
DEBUG entering function foo
INFO processed 192.168.189.144 items
DEBUG cache hit for key=192.168.219.168
WARN slow query: 192.168.92.139ms
INFO processed 192.168.57.185 items
DEBUG cache hit for key=192.168.229.48
ERROR file not found: /tmp/192.168.57.185.log
FATAL segfault at address 0x192.168.142.104
FATAL out of memory
FATAL out of memory
INFO connection established
INFO user 192.168.82.31 logged in
WARN retry attempt 192.168.219.168 for 10339
INFO processed 192.168.92.139 items
WARN retry attempt 192.168.39.155 for 27494
DEBUG variable x=192.168.36.209
FATAL out of memory
DEBUG heap size: 192.168.39.155
FATAL segfault at address 0x192.168.193.243
DEBUG variable x=192.168.57.185
WARN disk usage 192.168.178.6%
INFO request from 192.168.39.155
INFO user 192.168.82.31 logged in
ERROR null pointer in module 192.168.178.215
INFO request from 192.168.215.207
WARN retry attempt 192.168.219.168 for 93471
DEBUG heap size: 192.168.121.141
INFO connection established
DEBUG heap size: 192.168.60.30
INFO user 192.168.193.243 logged in
INFO processed 192.168.142.104 items
FATAL unrecoverable disk error
WARN retry attempt 192.168.215.207 for 88042
FATAL kernel panic
WARN slow query: 192.168.92.139ms
FATAL kernel panic
WARN memory threshold reached: 192.168.193.243MB
ERROR auth failure for user 192.168.141.220
DEBUG entering function foo
DEBUG variable x=192.168.229.48
WARN memory threshold reached: 192.168.60.30MB
INFO processed 192.168.178.6 items
INFO processed 192.168.82.31 items
WARN memory threshold reached: 192.168.92.139MB
DEBUG heap size: 192.168.229.48
DEBUG entering function foo
DEBUG heap size: 192.168.57.185
FATAL kernel panic
ERROR null pointer in module 192.168.107.168
WARN memory threshold reached: 192.168.215.207MB
FATAL kernel panic
ERROR connection timeout 503
FATAL kernel panic
WARN slow query: 192.168.215.207ms
WARN memory threshold reached: 192.168.57.185MB
INFO connection established
ERROR auth failure for user 192.168.178.215
DEBUG cache hit for key=192.168.211.158
DEBUG variable x=192.168.92.139
WARN disk usage 192.168.142.104%
INFO processed 192.168.39.155 items
DEBUG cache hit for key=192.168.215.207
DEBUG variable x=192.168.211.158
ERROR connection timeout 503
INFO user 192.168.142.104 logged in
WARN disk usage 192.168.60.30%
ERROR auth failure for user 192.168.178.6
WARN memory threshold reached: 192.168.142.104MB
WARN disk usage 192.168.189.144%
DEBUG cache hit for key=192.168.197.186
WARN disk usage 192.168.92.139%
WARN disk usage 192.168.229.48%
ERROR file not found: /tmp/192.168.9.50.log
FATAL out of memory
INFO user 192.168.178.6 logged in
INFO processed 192.168.92.139 items
DEBUG cache hit for key=192.168.82.31
ERROR null pointer in module 192.168.9.50
DEBUG entering function foo
ERROR auth failure for user 192.168.178.215
DEBUG heap size: 192.168.197.186
ERROR auth failure for user 192.168.229.48
ERROR connection timeout 503
INFO processed 192.168.141.220 items
ERROR null pointer in module 192.168.60.30
WARN retry attempt 192.168.107.168 for 66733
ERROR null pointer in module 192.168.107.168
WARN retry attempt 192.168.107.168 for 56314
INFO request from 192.168.178.215
DEBUG variable x=192.168.229.48
INFO request from 192.168.142.104
INFO connection established
WARN slow query: 192.168.60.30ms
ERROR auth failure for user 192.168.189.144
DEBUG cache hit for key=192.168.39.155
FATAL kernel panic
DEBUG heap size: 192.168.197.186
DEBUG heap size: 192.168.36.209
FATAL segfault at address 0x192.168.141.220
FATAL kernel panic
WARN disk usage 192.168.82.31%
DEBUG variable x=192.168.193.243
WARN retry attempt 192.168.142.104 for 94702
DEBUG cache hit for key=192.168.141.220
FATAL kernel panic
INFO processed 192.168.107.168 items
WARN retry attempt 192.168.107.168 for 1263
WARN slow query: 192.168.36.209ms
DEBUG heap size: 192.168.178.6
DEBUG entering function foo
FATAL unrecoverable disk error
DEBUG heap size: 192.168.57.185
DEBUG variable x=192.168.215.207
DEBUG entering function foo
INFO request from 192.168.178.6
DEBUG cache hit for key=192.168.57.185
ERROR file not found: /tmp/192.168.178.215.log
FATAL unrecoverable disk error
INFO processed 192.168.57.185 items
WARN retry attempt 192.168.121.141 for 45014
FATAL segfault at address 0x192.168.9.50
WARN memory threshold reached: 192.168.219.168MB
DEBUG heap size: 192.168.193.243
INFO processed 192.168.215.207 items
INFO connection established
WARN memory threshold reached: 192.168.215.207MB
DEBUG heap size: 192.168.215.207
DEBUG heap size: 192.168.193.243
INFO user 192.168.36.209 logged in
ERROR connection timeout 503
ERROR file not found: /tmp/192.168.189.144.log
DEBUG entering function foo
WARN memory threshold reached: 192.168.211.158MB
WARN disk usage 192.168.215.207%
ERROR auth failure for user 192.168.178.6
WARN memory threshold reached: 192.168.219.168MB
ERROR null pointer in module 192.168.60.30
INFO request from 192.168.229.48
WARN disk usage 192.168.82.31%
WARN retry attempt 192.168.219.168 for 56088
WARN memory threshold reached: 192.168.178.6MB
WARN disk usage 192.168.189.144%
DEBUG heap size: 192.168.9.50
FATAL kernel panic
WARN retry attempt 192.168.107.168 for 1740
FATAL out of memory
FATAL out of memory
INFO connection established
ERROR null pointer in module 192.168.121.141
WARN memory threshold reached: 192.168.92.139MB
ERROR auth failure for user 192.168.39.155
WARN retry attempt 192.168.142.104 for 93347
ERROR null pointer in module 192.168.178.6
FATAL kernel panic
DEBUG cache hit for key=192.168.107.168
DEBUG entering function foo
FATAL segfault at address 0x192.168.229.48
INFO processed 192.168.121.141 items
INFO connection established
WARN slow query: 192.168.189.144ms
ERROR auth failure for user 192.168.39.155
WARN slow query: 192.168.92.139ms
DEBUG heap size: 192.168.57.185
DEBUG variable x=192.168.36.209
DEBUG entering function foo
ERROR auth failure for user 192.168.189.144
ERROR connection timeout 503
ERROR null pointer in module 192.168.178.6
INFO request from 192.168.178.6
INFO processed 192.168.215.207 items
FATAL unrecoverable disk error
FATAL kernel panic
FATAL out of memory
DEBUG entering function foo
ERROR null pointer in module 192.168.178.215
WARN memory threshold reached: 192.168.229.48MB
WARN slow query: 192.168.193.243ms
FATAL kernel panic
ERROR null pointer in module 192.168.92.139
DEBUG cache hit for key=192.168.57.185
INFO processed 192.168.57.185 items
INFO user 192.168.178.215 logged in
INFO connection established
DEBUG variable x=192.168.178.6
DEBUG cache hit for key=192.168.229.48
WARN retry attempt 192.168.142.104 for 85664
INFO connection established
DEBUG variable x=192.168.39.155
DEBUG variable x=192.168.229.48
DEBUG entering function foo
INFO connection established
DEBUG cache hit for key=192.168.92.139
DEBUG entering function foo
ERROR auth failure for user 192.168.211.158
FATAL segfault at address 0x192.168.82.31
FATAL segfault at address 0x192.168.107.168
DEBUG heap size: 192.168.82.31
DEBUG variable x=192.168.82.31
DEBUG heap size: 192.168.92.139
DEBUG variable x=192.168.82.31
INFO user 192.168.9.50 logged in
FATAL kernel panic
INFO user 192.168.189.144 logged in
DEBUG cache hit for key=192.168.189.144
DEBUG variable x=192.168.178.6
ERROR connection timeout 503
INFO request from 192.168.141.220
ERROR file not found: /tmp/192.168.211.158.log
WARN disk usage 192.168.178.6%
WARN disk usage 192.168.107.168%
FATAL unrecoverable disk error
INFO user 192.168.229.48 logged in
INFO user 192.168.189.144 logged in
ERROR file not found: /tmp/192.168.9.50.log
INFO request from 192.168.215.207
WARN slow query: 192.168.39.155ms
DEBUG variable x=192.168.82.31
FATAL unrecoverable disk error
ERROR auth failure for user 192.168.197.186
WARN retry attempt 192.168.57.185 for 81482
ERROR null pointer in module 192.168.82.31
ERROR null pointer in module 192.168.178.215
FATAL out of memory
FATAL unrecoverable disk error
DEBUG entering function foo
INFO request from 192.168.229.48
ERROR file not found: /tmp/192.168.107.168.log
INFO user 192.168.215.207 logged in
ERROR null pointer in module 192.168.219.168
ERROR auth failure for user 192.168.215.207
DEBUG variable x=192.168.229.48
ERROR auth failure for user 192.168.121.141
FATAL out of memory
FATAL unrecoverable disk error
ERROR file not found: /tmp/192.168.121.141.log
ERROR auth failure for user 192.168.178.6
INFO connection established
WARN disk usage 192.168.9.50%
WARN disk usage 192.168.92.139%
FATAL unrecoverable disk error
ERROR connection timeout 503
WARN slow query: 192.168.57.185ms
INFO user 192.168.141.220 logged in
INFO processed 192.168.215.207 items
INFO user 192.168.215.207 logged in
INFO connection established
WARN disk usage 192.168.82.31%
FATAL kernel panic
ERROR connection timeout 503
FATAL out of memory
FATAL out of memory
INFO user 192.168.229.48 logged in
ERROR auth failure for user 192.168.39.155
ERROR file not found: /tmp/192.168.141.220.log
ERROR null pointer in module 192.168.215.207
ERROR auth failure for user 192.168.219.168
DEBUG cache hit for key=192.168.178.6
DEBUG heap size: 192.168.92.139
INFO request from 192.168.57.185
DEBUG entering function foo
ERROR file not found: /tmp/192.168.189.144.log
ERROR connection timeout 503
DEBUG entering function foo
WARN disk usage 192.168.9.50%
WARN retry attempt 192.168.107.168 for 19292
INFO user 192.168.39.155 logged in
INFO processed 192.168.197.186 items
FATAL segfault at address 0x192.168.36.209
INFO user 192.168.60.30 logged in
WARN memory threshold reached: 192.168.211.158MB
WARN retry attempt 192.168.39.155 for 49717
FATAL kernel panic
INFO connection established
DEBUG heap size: 192.168.142.104
INFO user 192.168.219.168 logged in
FATAL out of memory
WARN slow query: 192.168.189.144ms
FATAL out of memory
WARN retry attempt 192.168.193.243 for 47793
WARN retry attempt 192.168.219.168 for 22407
INFO user 192.168.189.144 logged in
WARN disk usage 192.168.142.104%
FATAL kernel panic
ERROR file not found: /tmp/192.168.219.168.log
ERROR null pointer in module 192.168.57.185
FATAL unrecoverable disk error
ERROR file not found: /tmp/192.168.36.209.log
DEBUG entering function foo
INFO user 192.168.39.155 logged in
FATAL segfault at address 0x192.168.178.215
ERROR connection timeout 503
FATAL segfault at address 0x192.168.82.31
ERROR null pointer in module 192.168.9.50
DEBUG entering function foo
WARN memory threshold reached: 192.168.229.48MB
WARN memory threshold reached: 192.168.215.207MB
WARN slow query: 192.168.9.50ms
DEBUG cache hit for key=192.168.82.31
DEBUG cache hit for key=192.168.197.186
DEBUG heap size: 192.168.211.158
ERROR null pointer in module 192.168.193.243
ERROR auth failure for user 192.168.121.141
DEBUG cache hit for key=192.168.142.104
INFO processed 192.168.36.209 items
ERROR file not found: /tmp/192.168.229.48.log
DEBUG variable x=192.168.57.185
ERROR connection timeout 503
WARN memory threshold reached: 192.168.9.50MB
DEBUG variable x=192.168.229.48
DEBUG variable x=192.168.215.207
DEBUG entering function foo
DEBUG variable x=192.168.92.139
ERROR auth failure for user 192.168.39.155
DEBUG heap size: 192.168.215.207
ERROR connection timeout 503
DEBUG entering function foo
ERROR auth failure for user 192.168.142.104
DEBUG cache hit for key=192.168.92.139
FATAL out of memory
WARN retry attempt 192.168.36.209 for 82428
ERROR file not found: /tmp/192.168.92.139.log
DEBUG heap size: 192.168.82.31
DEBUG heap size: 192.168.9.50
WARN disk usage 192.168.82.31%
ERROR file not found: /tmp/192.168.36.209.log
INFO request from 192.168.178.215
INFO user 192.168.60.30 logged in
ERROR file not found: /tmp/192.168.141.220.log
ERROR file not found: /tmp/192.168.121.141.log
DEBUG cache hit for key=192.168.178.6
FATAL segfault at address 0x192.168.36.209
WARN retry attempt 192.168.178.215 for 70053
WARN memory threshold reached: 192.168.219.168MB
INFO processed 192.168.189.144 items
WARN memory threshold reached: 192.168.92.139MB
FATAL unrecoverable disk error
WARN memory threshold reached: 192.168.36.209MB
ERROR null pointer in module 192.168.178.215
INFO connection established
ERROR null pointer in module 192.168.197.186
INFO connection established
FATAL segfault at address 0x192.168.141.220
FATAL kernel panic
INFO request from 192.168.36.209
FATAL segfault at address 0x192.168.36.209
ERROR null pointer in module 192.168.178.215
FATAL out of memory
WARN slow query: 192.168.36.209ms
INFO request from 192.168.60.30
FATAL kernel panic
ERROR auth failure for user 192.168.211.158
WARN retry attempt 192.168.229.48 for 96294
WARN disk usage 192.168.60.30%
WARN disk usage 192.168.193.243%
FATAL segfault at address 0x192.168.82.31
INFO processed 192.168.189.144 items
ERROR file not found: /tmp/192.168.193.243.log
FATAL out of memory
INFO request from 192.168.211.158
DEBUG variable x=192.168.107.168
INFO request from 192.168.141.220
WARN retry attempt 192.168.36.209 for 51890
ERROR connection timeout 503
FATAL kernel panic
INFO connection established
DEBUG cache hit for key=192.168.197.186
INFO connection established
DEBUG variable x=192.168.9.50
DEBUG heap size: 192.168.178.6
FATAL out of memory
DEBUG heap size: 192.168.57.185
FATAL out of memory
WARN memory threshold reached: 192.168.36.209MB
DEBUG variable x=192.168.197.186
ERROR null pointer in module 192.168.219.168
DEBUG heap size: 192.168.178.215
INFO connection established
WARN disk usage 192.168.219.168%
INFO connection established
INFO request from 192.168.57.185
WARN retry attempt 192.168.121.141 for 40704
WARN memory threshold reached: 192.168.215.207MB
FATAL out of memory
FATAL out of memory
DEBUG entering function foo
ERROR auth failure for user 192.168.82.31
DEBUG variable x=192.168.82.31
INFO processed 192.168.36.209 items
FATAL out of memory
ERROR auth failure for user 192.168.193.243
INFO user 192.168.9.50 logged in
WARN retry attempt 192.168.229.48 for 90039
INFO request from 192.168.57.185
INFO user 192.168.211.158 logged in
WARN memory threshold reached: 192.168.92.139MB
FATAL unrecoverable disk error
FATAL unrecoverable disk error
ERROR connection timeout 503
WARN slow query: 192.168.178.6ms
INFO processed 192.168.92.139 items
WARN slow query: 192.168.57.185ms
ERROR file not found: /tmp/192.168.219.168.log
INFO request from 192.168.211.158
INFO user 192.168.178.215 logged in
FATAL kernel panic
WARN disk usage 192.168.107.168%
FATAL unrecoverable disk error
DEBUG entering function foo
WARN memory threshold reached: 192.168.107.168MB
ERROR auth failure for user 192.168.219.168
DEBUG variable x=192.168.141.220
INFO user 192.168.121.141 logged in
FATAL segfault at address 0x192.168.121.141
INFO request from 192.168.197.186
INFO processed 192.168.36.209 items
INFO connection established
ERROR null pointer in module 192.168.141.220
ERROR null pointer in module 192.168.142.104
FATAL kernel panic
ERROR null pointer in module 192.168.189.144
ERROR file not found: /tmp/192.168.211.158.log
FATAL segfault at address 0x192.168.215.207
INFO user 192.168.60.30 logged in
ERROR null pointer in module 192.168.178.6
DEBUG cache hit for key=192.168.215.207
ERROR file not found: /tmp/192.168.178.215.log
DEBUG cache hit for key=192.168.229.48
INFO connection established
INFO request from 192.168.197.186
FATAL kernel panic
FATAL segfault at address 0x192.168.60.30
FATAL out of memory
DEBUG variable x=192.168.189.144
ERROR null pointer in module 192.168.178.215
FATAL unrecoverable disk error
WARN retry attempt 192.168.60.30 for 89173
FATAL segfault at address 0x192.168.142.104
FATAL out of memory
DEBUG variable x=192.168.107.168
ERROR null pointer in module 192.168.178.6
DEBUG cache hit for key=192.168.82.31
FATAL unrecoverable disk error
DEBUG entering function foo
INFO processed 192.168.9.50 items
DEBUG entering function foo
DEBUG variable x=192.168.92.139
WARN retry attempt 192.168.57.185 for 1870
ERROR auth failure for user 192.168.197.186
DEBUG cache hit for key=192.168.142.104
ERROR null pointer in module 192.168.60.30
FATAL out of memory
DEBUG heap size: 192.168.92.139
DEBUG heap size: 192.168.211.158
FATAL kernel panic
DEBUG cache hit for key=192.168.39.155
INFO connection established
WARN memory threshold reached: 192.168.215.207MB
FATAL kernel panic
DEBUG heap size: 192.168.39.155
DEBUG heap size: 192.168.141.220
INFO processed 192.168.57.185 items
DEBUG entering function foo
FATAL out of memory
WARN slow query: 192.168.178.6ms
FATAL out of memory
INFO user 192.168.39.155 logged in
DEBUG heap size: 192.168.82.31
WARN retry attempt 192.168.92.139 for 4446
DEBUG cache hit for key=192.168.142.104
ERROR file not found: /tmp/192.168.9.50.log
WARN disk usage 192.168.82.31%
DEBUG entering function foo
INFO user 192.168.211.158 logged in
INFO processed 192.168.142.104 items
ERROR file not found: /tmp/192.168.36.209.log
FATAL out of memory
DEBUG variable x=192.168.141.220
INFO user 192.168.9.50 logged in
FATAL unrecoverable disk error
DEBUG heap size: 192.168.197.186
DEBUG cache hit for key=192.168.36.209
INFO user 192.168.219.168 logged in
ERROR connection timeout 503
ERROR auth failure for user 192.168.211.158
ERROR connection timeout 503
WARN slow query: 192.168.92.139ms
DEBUG variable x=192.168.215.207
WARN memory threshold reached: 192.168.36.209MB
INFO request from 192.168.211.158
FATAL kernel panic
INFO request from 192.168.107.168
INFO processed 192.168.92.139 items
WARN slow query: 192.168.178.215ms
WARN disk usage 192.168.142.104%
INFO connection established
WARN disk usage 192.168.141.220%
INFO user 192.168.9.50 logged in
INFO request from 192.168.178.6
ERROR connection timeout 503
INFO request from 192.168.189.144
ERROR null pointer in module 192.168.189.144
FATAL unrecoverable disk error
WARN slow query: 192.168.121.141ms
DEBUG entering function foo
WARN slow query: 192.168.60.30ms
FATAL kernel panic
DEBUG entering function foo
ERROR file not found: /tmp/192.168.92.139.log
ERROR file not found: /tmp/192.168.219.168.log
INFO processed 192.168.107.168 items
FATAL out of memory
DEBUG heap size: 192.168.60.30
DEBUG entering function foo
INFO processed 192.168.39.155 items
INFO connection established
WARN disk usage 192.168.60.30%
FATAL unrecoverable disk error
INFO request from 192.168.215.207
INFO user 192.168.219.168 logged in
DEBUG entering function foo
ERROR auth failure for user 192.168.60.30
ERROR auth failure for user 192.168.178.215
ERROR null pointer in module 192.168.92.139
FATAL out of memory
INFO processed 192.168.219.168 items
WARN disk usage 192.168.215.207%
WARN memory threshold reached: 192.168.82.31MB
DEBUG heap size: 192.168.121.141
FATAL out of memory
INFO connection established
INFO user 192.168.178.215 logged in
ERROR auth failure for user 192.168.107.168
FATAL kernel panic
INFO connection established
INFO request from 192.168.121.141
ERROR connection timeout 503
ERROR file not found: /tmp/192.168.211.158.log
INFO request from 192.168.57.185
FATAL out of memory
DEBUG heap size: 192.168.121.141
ERROR file not found: /tmp/192.168.9.50.log
WARN disk usage 192.168.193.243%
ERROR null pointer in module 192.168.219.168
WARN disk usage 192.168.215.207%
DEBUG cache hit for key=192.168.189.144
DEBUG heap size: 192.168.178.215
WARN memory threshold reached: 192.168.178.6MB
FATAL kernel panic
ERROR auth failure for user 192.168.197.186
INFO processed 192.168.60.30 items
FATAL out of memory
FATAL out of memory
FATAL unrecoverable disk error
WARN slow query: 192.168.189.144ms
INFO user 192.168.189.144 logged in
WARN retry attempt 192.168.229.48 for 63133
ERROR file not found: /tmp/192.168.229.48.log
ERROR file not found: /tmp/192.168.82.31.log
WARN memory threshold reached: 192.168.229.48MB
DEBUG variable x=192.168.219.168
INFO processed 192.168.39.155 items
FATAL kernel panic
INFO connection established
FATAL out of memory
DEBUG cache hit for key=192.168.92.139
WARN slow query: 192.168.107.168ms
WARN disk usage 192.168.142.104%
INFO user 192.168.57.185 logged in
INFO processed 192.168.211.158 items
WARN disk usage 192.168.197.186%
WARN disk usage 192.168.211.158%
FATAL unrecoverable disk error
WARN retry attempt 192.168.178.215 for 70011
DEBUG variable x=192.168.9.50
DEBUG variable x=192.168.197.186
FATAL out of memory
ERROR auth failure for user 192.168.39.155
ERROR null pointer in module 192.168.36.209
INFO processed 192.168.141.220 items
FATAL segfault at address 0x192.168.92.139
WARN disk usage 192.168.142.104%
DEBUG cache hit for key=192.168.178.6
WARN memory threshold reached: 192.168.82.31MB
ERROR file not found: /tmp/192.168.142.104.log
WARN disk usage 192.168.107.168%
WARN disk usage 192.168.107.168%
ERROR null pointer in module 192.168.215.207
ERROR connection timeout 503
INFO user 192.168.189.144 logged in
DEBUG cache hit for key=192.168.39.155
ERROR null pointer in module 192.168.92.139
INFO user 192.168.36.209 logged in
WARN slow query: 192.168.92.139ms
INFO processed 192.168.193.243 items
FATAL kernel panic
DEBUG entering function foo
ERROR connection timeout 503
INFO user 192.168.142.104 logged in
DEBUG heap size: 192.168.197.186
DEBUG cache hit for key=192.168.215.207
FATAL unrecoverable disk error
DEBUG cache hit for key=192.168.219.168
FATAL out of memory
FATAL unrecoverable disk error
WARN slow query: 192.168.92.139ms
INFO connection established
ERROR auth failure for user 192.168.211.158
FATAL segfault at address 0x192.168.193.243
FATAL unrecoverable disk error
ERROR connection timeout 503
DEBUG entering function foo
INFO request from 192.168.178.6
DEBUG variable x=192.168.197.186
WARN retry attempt 192.168.211.158 for 59443
INFO connection established
WARN disk usage 192.168.215.207%
INFO user 192.168.36.209 logged in
WARN memory threshold reached: 192.168.92.139MB
DEBUG variable x=192.168.215.207
DEBUG variable x=192.168.193.243
WARN slow query: 192.168.9.50ms
FATAL out of memory
INFO request from 192.168.39.155
INFO user 192.168.193.243 logged in
FATAL segfault at address 0x192.168.215.207
ERROR file not found: /tmp/192.168.219.168.log
INFO user 192.168.215.207 logged in
DEBUG cache hit for key=192.168.107.168
WARN slow query: 192.168.219.168ms
FATAL out of memory
INFO processed 192.168.215.207 items
INFO user 192.168.193.243 logged in
ERROR null pointer in module 192.168.57.185
WARN disk usage 192.168.189.144%
FATAL unrecoverable disk error
INFO request from 192.168.229.48
DEBUG cache hit for key=192.168.229.48
FATAL segfault at address 0x192.168.36.209
FATAL unrecoverable disk error
WARN slow query: 192.168.178.215ms
DEBUG variable x=192.168.178.6
INFO processed 192.168.39.155 items
FATAL segfault at address 0x192.168.178.6
FATAL segfault at address 0x192.168.121.141
INFO processed 192.168.229.48 items
WARN retry attempt 192.168.121.141 for 93534
FATAL out of memory
DEBUG variable x=192.168.82.31
FATAL unrecoverable disk error
DEBUG variable x=192.168.60.30
INFO connection established
INFO connection established
FATAL unrecoverable disk error
INFO connection established
ERROR file not found: /tmp/192.168.9.50.log
FATAL segfault at address 0x192.168.215.207
WARN memory threshold reached: 192.168.142.104MB
FATAL segfault at address 0x192.168.82.31
ERROR file not found: /tmp/192.168.197.186.log
FATAL kernel panic
INFO connection established
INFO request from 192.168.60.30
WARN slow query: 192.168.197.186ms
INFO connection established
INFO processed 192.168.178.215 items
ERROR file not found: /tmp/192.168.193.243.log
INFO request from 192.168.36.209
DEBUG variable x=192.168.107.168
INFO processed 192.168.60.30 items
DEBUG entering function foo
WARN retry attempt 192.168.229.48 for 89365
DEBUG variable x=192.168.189.144
WARN disk usage 192.168.60.30%
ERROR auth failure for user 192.168.193.243
DEBUG entering function foo
INFO processed 192.168.178.215 items
ERROR connection timeout 503
WARN retry attempt 192.168.178.215 for 69892
INFO connection established
DEBUG cache hit for key=192.168.92.139
FATAL unrecoverable disk error
FATAL kernel panic
ERROR file not found: /tmp/192.168.141.220.log
FATAL segfault at address 0x192.168.82.31
FATAL kernel panic
FATAL unrecoverable disk error
FATAL out of memory
FATAL kernel panic
ERROR file not found: /tmp/192.168.229.48.log
FATAL out of memory
DEBUG variable x=192.168.178.6
INFO user 192.168.211.158 logged in
INFO connection established
WARN slow query: 192.168.121.141ms
WARN memory threshold reached: 192.168.121.141MB
DEBUG heap size: 192.168.82.31
WARN retry attempt 192.168.9.50 for 88396
WARN slow query: 192.168.107.168ms
ERROR null pointer in module 192.168.178.215
ERROR file not found: /tmp/192.168.189.144.log
DEBUG variable x=192.168.36.209
WARN slow query: 192.168.60.30ms
ERROR auth failure for user 192.168.92.139
INFO processed 192.168.60.30 items
DEBUG entering function foo
DEBUG heap size: 192.168.39.155
DEBUG heap size: 192.168.142.104
WARN retry attempt 192.168.39.155 for 51513
INFO user 192.168.9.50 logged in
DEBUG variable x=192.168.121.141
INFO request from 192.168.178.215
FATAL out of memory
INFO user 192.168.142.104 logged in
DEBUG variable x=192.168.219.168
INFO connection established
DEBUG entering function foo
ERROR file not found: /tmp/192.168.82.31.log
FATAL kernel panic
DEBUG entering function foo
INFO processed 192.168.82.31 items
INFO connection established
DEBUG variable x=192.168.178.215
DEBUG cache hit for key=192.168.36.209
INFO processed 192.168.219.168 items
FATAL segfault at address 0x192.168.211.158
INFO request from 192.168.211.158
FATAL out of memory
ERROR null pointer in module 192.168.189.144
FATAL out of memory
ERROR null pointer in module 192.168.211.158
INFO processed 192.168.193.243 items
DEBUG cache hit for key=192.168.39.155
WARN disk usage 192.168.229.48%
WARN retry attempt 192.168.141.220 for 75216
DEBUG heap size: 192.168.36.209
DEBUG cache hit for key=192.168.197.186
DEBUG cache hit for key=192.168.121.141
FATAL segfault at address 0x192.168.219.168
FATAL segfault at address 0x192.168.178.6
DEBUG entering function foo
FATAL segfault at address 0x192.168.57.185
DEBUG entering function foo
INFO request from 192.168.57.185
INFO user 192.168.39.155 logged in
DEBUG variable x=192.168.107.168
WARN disk usage 192.168.121.141%
INFO processed 192.168.219.168 items
FATAL out of memory
DEBUG heap size: 192.168.57.185
INFO processed 192.168.215.207 items
FATAL unrecoverable disk error
WARN memory threshold reached: 192.168.178.6MB
DEBUG entering function foo
DEBUG heap size: 192.168.82.31
WARN slow query: 192.168.229.48ms
DEBUG cache hit for key=192.168.189.144
FATAL unrecoverable disk error
INFO user 192.168.121.141 logged in
ERROR null pointer in module 192.168.193.243
WARN retry attempt 192.168.141.220 for 20631
ERROR null pointer in module 192.168.36.209
INFO connection established
FATAL kernel panic
WARN retry attempt 192.168.197.186 for 81504
WARN slow query: 192.168.9.50ms
FATAL kernel panic
FATAL segfault at address 0x192.168.178.215
INFO user 192.168.229.48 logged in
INFO request from 192.168.189.144
ERROR auth failure for user 192.168.39.155
FATAL kernel panic
WARN disk usage 192.168.121.141%
INFO request from 192.168.178.6
WARN retry attempt 192.168.215.207 for 20566
INFO connection established
WARN slow query: 192.168.142.104ms
DEBUG entering function foo
DEBUG variable x=192.168.197.186
FATAL kernel panic
DEBUG entering function foo
INFO request from 192.168.141.220
FATAL unrecoverable disk error
WARN disk usage 192.168.193.243%
ERROR file not found: /tmp/192.168.142.104.log
FATAL out of memory
INFO user 192.168.142.104 logged in
INFO processed 192.168.219.168 items
INFO user 192.168.107.168 logged in
DEBUG variable x=192.168.9.50
DEBUG heap size: 192.168.215.207
ERROR auth failure for user 192.168.197.186
ERROR connection timeout 503
FATAL kernel panic
DEBUG variable x=192.168.92.139
FATAL out of memory
ERROR file not found: /tmp/192.168.9.50.log
WARN disk usage 192.168.178.6%
INFO processed 192.168.211.158 items
WARN disk usage 192.168.36.209%
WARN slow query: 192.168.189.144ms
FATAL unrecoverable disk error
WARN memory threshold reached: 192.168.121.141MB
DEBUG variable x=192.168.142.104
WARN disk usage 192.168.92.139%
FATAL segfault at address 0x192.168.60.30
DEBUG variable x=192.168.215.207
ERROR connection timeout 503
ERROR auth failure for user 192.168.121.141
INFO user 192.168.215.207 logged in
FATAL kernel panic
FATAL segfault at address 0x192.168.219.168
FATAL kernel panic
INFO request from 192.168.9.50
DEBUG variable x=192.168.178.6
FATAL out of memory
INFO connection established
DEBUG variable x=192.168.178.6
ERROR auth failure for user 192.168.229.48
WARN disk usage 192.168.193.243%
FATAL out of memory
INFO request from 192.168.229.48
ERROR connection timeout 503
DEBUG heap size: 192.168.178.215
WARN retry attempt 192.168.178.215 for 64312
WARN slow query: 192.168.193.243ms
ERROR connection timeout 503
WARN disk usage 192.168.141.220%
INFO processed 192.168.36.209 items
ERROR file not found: /tmp/192.168.142.104.log
INFO processed 192.168.178.6 items
WARN disk usage 192.168.178.215%
ERROR connection timeout 503
FATAL segfault at address 0x192.168.121.141
INFO processed 192.168.219.168 items
FATAL out of memory
FATAL kernel panic
WARN disk usage 192.168.219.168%
ERROR null pointer in module 192.168.178.6
WARN memory threshold reached: 192.168.9.50MB
WARN slow query: 192.168.142.104ms
FATAL unrecoverable disk error
FATAL out of memory
INFO request from 192.168.57.185
DEBUG variable x=192.168.178.215
ERROR auth failure for user 192.168.121.141
ERROR connection timeout 503
INFO processed 192.168.189.144 items
INFO user 192.168.121.141 logged in
FATAL unrecoverable disk error
INFO user 192.168.189.144 logged in
DEBUG cache hit for key=192.168.178.6
DEBUG heap size: 192.168.39.155
WARN memory threshold reached: 192.168.215.207MB
DEBUG entering function foo
INFO user 192.168.141.220 logged in
DEBUG cache hit for key=192.168.211.158
INFO user 192.168.60.30 logged in
DEBUG cache hit for key=192.168.178.215
FATAL unrecoverable disk error
DEBUG heap size: 192.168.142.104
FATAL unrecoverable disk error
FATAL out of memory
FATAL segfault at address 0x192.168.211.158
ERROR connection timeout 503
INFO user 192.168.193.243 logged in
ERROR file not found: /tmp/192.168.193.243.log
ERROR connection timeout 503
FATAL unrecoverable disk error
FATAL kernel panic
FATAL segfault at address 0x192.168.142.104
ERROR null pointer in module 192.168.60.30
ERROR auth failure for user 192.168.57.185
WARN disk usage 192.168.178.6%
WARN memory threshold reached: 192.168.36.209MB
INFO connection established
FATAL out of memory
ERROR null pointer in module 192.168.141.220
ERROR null pointer in module 192.168.39.155
ERROR null pointer in module 192.168.178.215
DEBUG cache hit for key=192.168.9.50
FATAL out of memory
INFO user 192.168.215.207 logged in
INFO request from 192.168.82.31
INFO request from 192.168.121.141
FATAL out of memory
ERROR connection timeout 503
INFO request from 192.168.121.141
WARN disk usage 192.168.197.186%
ERROR file not found: /tmp/192.168.9.50.log
INFO connection established
INFO user 192.168.60.30 logged in
INFO user 192.168.107.168 logged in
FATAL kernel panic
DEBUG heap size: 192.168.178.6
WARN slow query: 192.168.189.144ms
WARN retry attempt 192.168.178.215 for 98984
ERROR file not found: /tmp/192.168.142.104.log
FATAL segfault at address 0x192.168.197.186
ERROR auth failure for user 192.168.36.209
DEBUG variable x=192.168.60.30
INFO processed 192.168.219.168 items
ERROR file not found: /tmp/192.168.39.155.log
FATAL segfault at address 0x192.168.9.50
INFO request from 192.168.141.220
INFO connection established
DEBUG heap size: 192.168.178.6
ERROR connection timeout 503
DEBUG variable x=192.168.211.158
ERROR auth failure for user 192.168.178.215
DEBUG cache hit for key=192.168.215.207
WARN memory threshold reached: 192.168.107.168MB
INFO connection established
INFO user 192.168.82.31 logged in
WARN memory threshold reached: 192.168.92.139MB
DEBUG heap size: 192.168.197.186
DEBUG variable x=192.168.178.6
WARN retry attempt 192.168.215.207 for 77615
FATAL segfault at address 0x192.168.121.141
INFO processed 192.168.39.155 items
ERROR auth failure for user 192.168.121.141
DEBUG entering function foo
DEBUG variable x=192.168.107.168
DEBUG heap size: 192.168.57.185
FATAL unrecoverable disk error
INFO processed 192.168.121.141 items
ERROR null pointer in module 192.168.178.215
ERROR file not found: /tmp/192.168.57.185.log
WARN memory threshold reached: 192.168.60.30MB
ERROR null pointer in module 192.168.211.158
FATAL kernel panic
DEBUG heap size: 192.168.107.168
ERROR connection timeout 503
INFO processed 192.168.92.139 items
ERROR connection timeout 503
DEBUG cache hit for key=192.168.82.31
ERROR file not found: /tmp/192.168.39.155.log
FATAL out of memory
FATAL kernel panic
WARN retry attempt 192.168.39.155 for 34989
DEBUG variable x=192.168.178.6
WARN slow query: 192.168.219.168ms
INFO request from 192.168.57.185
WARN disk usage 192.168.141.220%
WARN memory threshold reached: 192.168.193.243MB
ERROR null pointer in module 192.168.142.104
ERROR auth failure for user 192.168.215.207
ERROR connection timeout 503
WARN retry attempt 192.168.92.139 for 2449
INFO request from 192.168.178.215
INFO user 192.168.189.144 logged in
ERROR connection timeout 503
DEBUG variable x=192.168.178.215
INFO user 192.168.197.186 logged in
WARN slow query: 192.168.197.186ms
FATAL unrecoverable disk error
WARN slow query: 192.168.9.50ms
WARN memory threshold reached: 192.168.9.50MB
ERROR null pointer in module 192.168.178.215
FATAL out of memory
WARN retry attempt 192.168.178.6 for 31663
ERROR file not found: /tmp/192.168.39.155.log
INFO processed 192.168.57.185 items
ERROR auth failure for user 192.168.197.186
FATAL unrecoverable disk error
WARN disk usage 192.168.9.50%
ERROR connection timeout 503
INFO request from 192.168.82.31
FATAL segfault at address 0x192.168.9.50
INFO request from 192.168.229.48
INFO request from 192.168.121.141
ERROR file not found: /tmp/192.168.57.185.log
WARN disk usage 192.168.189.144%
FATAL out of memory
FATAL out of memory
INFO processed 192.168.178.215 items
WARN disk usage 192.168.189.144%
WARN retry attempt 192.168.57.185 for 5309
WARN memory threshold reached: 192.168.141.220MB
DEBUG variable x=192.168.193.243
FATAL segfault at address 0x192.168.219.168
ERROR connection timeout 503
WARN disk usage 192.168.215.207%
ERROR auth failure for user 192.168.107.168
WARN memory threshold reached: 192.168.178.6MB
ERROR null pointer in module 192.168.39.155
ERROR null pointer in module 192.168.36.209
WARN retry attempt 192.168.193.243 for 39871
ERROR auth failure for user 192.168.57.185
DEBUG cache hit for key=192.168.229.48
DEBUG heap size: 192.168.189.144
ERROR null pointer in module 192.168.39.155
DEBUG heap size: 192.168.121.141
FATAL kernel panic
INFO processed 192.168.60.30 items
ERROR connection timeout 503
DEBUG variable x=192.168.36.209
INFO user 192.168.60.30 logged in
ERROR null pointer in module 192.168.107.168
ERROR connection timeout 503
DEBUG variable x=192.168.92.139
DEBUG variable x=192.168.82.31
FATAL out of memory
FATAL unrecoverable disk error
ERROR file not found: /tmp/192.168.9.50.log
DEBUG entering function foo
INFO processed 192.168.142.104 items
ERROR file not found: /tmp/192.168.9.50.log
FATAL kernel panic
WARN memory threshold reached: 192.168.219.168MB
DEBUG entering function foo
ERROR null pointer in module 192.168.141.220
DEBUG variable x=192.168.178.215
FATAL kernel panic
FATAL out of memory
ERROR auth failure for user 192.168.178.215
FATAL out of memory
ERROR file not found: /tmp/192.168.36.209.log
DEBUG entering function foo
DEBUG heap size: 192.168.229.48
WARN disk usage 192.168.178.6%
INFO processed 192.168.219.168 items
FATAL out of memory
ERROR file not found: /tmp/192.168.142.104.log
ERROR connection timeout 503
DEBUG entering function foo
FATAL segfault at address 0x192.168.36.209
INFO connection established
DEBUG cache hit for key=192.168.121.141
WARN disk usage 192.168.36.209%
ERROR file not found: /tmp/192.168.107.168.log
WARN slow query: 192.168.219.168ms
WARN memory threshold reached: 192.168.82.31MB
ERROR null pointer in module 192.168.211.158
INFO processed 192.168.142.104 items
FATAL unrecoverable disk error
FATAL kernel panic
WARN disk usage 192.168.39.155%
INFO processed 192.168.36.209 items
ERROR auth failure for user 192.168.189.144
FATAL segfault at address 0x192.168.107.168
ERROR file not found: /tmp/192.168.82.31.log
ERROR file not found: /tmp/192.168.178.6.log
FATAL out of memory
INFO processed 192.168.229.48 items
DEBUG variable x=192.168.141.220
INFO processed 192.168.141.220 items
WARN memory threshold reached: 192.168.178.215MB
INFO processed 192.168.107.168 items
WARN slow query: 192.168.36.209ms
WARN retry attempt 192.168.193.243 for 87908
FATAL kernel panic
DEBUG heap size: 192.168.82.31
DEBUG variable x=192.168.141.220
INFO processed 192.168.141.220 items
ERROR connection timeout 503
DEBUG variable x=192.168.141.220
WARN slow query: 192.168.178.215ms
WARN disk usage 192.168.60.30%
INFO processed 192.168.219.168 items
DEBUG variable x=192.168.9.50
INFO connection established
FATAL out of memory
INFO processed 192.168.60.30 items
FATAL unrecoverable disk error
INFO processed 192.168.82.31 items
FATAL out of memory
INFO connection established
FATAL unrecoverable disk error
WARN disk usage 192.168.9.50%
ERROR null pointer in module 192.168.229.48
ERROR connection timeout 503
FATAL segfault at address 0x192.168.189.144
FATAL kernel panic
ERROR null pointer in module 192.168.197.186
WARN slow query: 192.168.60.30ms
DEBUG entering function foo
WARN slow query: 192.168.60.30ms
INFO request from 192.168.57.185
INFO connection established
ERROR file not found: /tmp/192.168.197.186.log
ERROR null pointer in module 192.168.82.31
FATAL out of memory
FATAL segfault at address 0x192.168.107.168
WARN slow query: 192.168.178.215ms
WARN slow query: 192.168.211.158ms
FATAL segfault at address 0x192.168.211.158
ERROR null pointer in module 192.168.121.141
WARN retry attempt 192.168.121.141 for 58038
INFO processed 192.168.39.155 items
DEBUG entering function foo
DEBUG heap size: 192.168.57.185
INFO request from 192.168.107.168
INFO processed 192.168.178.6 items
DEBUG heap size: 192.168.215.207
WARN retry attempt 192.168.39.155 for 62055
DEBUG entering function foo
DEBUG variable x=192.168.229.48
DEBUG variable x=192.168.178.6
ERROR auth failure for user 192.168.39.155
DEBUG variable x=192.168.142.104
ERROR file not found: /tmp/192.168.36.209.log
ERROR auth failure for user 192.168.39.155
WARN retry attempt 192.168.107.168 for 18488
ERROR file not found: /tmp/192.168.189.144.log
WARN disk usage 192.168.141.220%
INFO connection established
FATAL unrecoverable disk error
FATAL unrecoverable disk error
FATAL unrecoverable disk error
WARN disk usage 192.168.178.215%
INFO user 192.168.39.155 logged in
ERROR auth failure for user 192.168.60.30
WARN memory threshold reached: 192.168.215.207MB
FATAL kernel panic
ERROR file not found: /tmp/192.168.219.168.log
FATAL segfault at address 0x192.168.141.220
INFO request from 192.168.92.139
FATAL out of memory
INFO connection established
INFO user 192.168.229.48 logged in
DEBUG entering function foo
FATAL unrecoverable disk error
INFO connection established
FATAL segfault at address 0x192.168.82.31
ERROR null pointer in module 192.168.57.185
ERROR file not found: /tmp/192.168.189.144.log
DEBUG variable x=192.168.92.139
ERROR auth failure for user 192.168.193.243
FATAL unrecoverable disk error
INFO request from 192.168.178.215
DEBUG heap size: 192.168.142.104
FATAL out of memory
WARN disk usage 192.168.57.185%
DEBUG variable x=192.168.92.139
WARN memory threshold reached: 192.168.141.220MB
WARN retry attempt 192.168.36.209 for 23368
FATAL unrecoverable disk error
FATAL out of memory
ERROR file not found: /tmp/192.168.92.139.log
WARN slow query: 192.168.178.215ms
INFO processed 192.168.121.141 items
DEBUG heap size: 192.168.121.141
DEBUG cache hit for key=192.168.219.168
FATAL out of memory
ERROR null pointer in module 192.168.193.243
ERROR null pointer in module 192.168.92.139
FATAL kernel panic
ERROR null pointer in module 192.168.229.48
DEBUG variable x=192.168.57.185
INFO processed 192.168.9.50 items
DEBUG cache hit for key=192.168.197.186
ERROR file not found: /tmp/192.168.193.243.log
DEBUG variable x=192.168.60.30
INFO processed 192.168.39.155 items
FATAL segfault at address 0x192.168.82.31
WARN retry attempt 192.168.229.48 for 12844
ERROR auth failure for user 192.168.60.30
WARN memory threshold reached: 192.168.211.158MB
WARN disk usage 192.168.60.30%
INFO connection established
ERROR null pointer in module 192.168.219.168
ERROR auth failure for user 192.168.57.185
WARN retry attempt 192.168.107.168 for 55035
ERROR auth failure for user 192.168.92.139
ERROR file not found: /tmp/192.168.142.104.log
INFO request from 192.168.215.207
INFO user 192.168.39.155 logged in
WARN memory threshold reached: 192.168.229.48MB
INFO request from 192.168.60.30
DEBUG variable x=192.168.57.185
INFO connection established
WARN retry attempt 192.168.197.186 for 71451
FATAL segfault at address 0x192.168.142.104
INFO request from 192.168.229.48
FATAL out of memory
DEBUG heap size: 192.168.9.50
FATAL segfault at address 0x192.168.189.144
INFO user 192.168.178.6 logged in
WARN disk usage 192.168.82.31%
WARN retry attempt 192.168.215.207 for 97708
WARN memory threshold reached: 192.168.178.6MB
INFO processed 192.168.178.6 items
INFO user 192.168.189.144 logged in
WARN retry attempt 192.168.197.186 for 1524
ERROR auth failure for user 192.168.60.30
INFO connection established
WARN slow query: 192.168.215.207ms
FATAL segfault at address 0x192.168.229.48
WARN retry attempt 192.168.219.168 for 93601
DEBUG cache hit for key=192.168.215.207
INFO request from 192.168.121.141
ERROR null pointer in module 192.168.197.186
FATAL kernel panic
DEBUG entering function foo
ERROR auth failure for user 192.168.178.6
FATAL out of memory
INFO processed 192.168.178.6 items
WARN slow query: 192.168.142.104ms
DEBUG heap size: 192.168.92.139
ERROR null pointer in module 192.168.107.168
WARN memory threshold reached: 192.168.57.185MB
ERROR null pointer in module 192.168.60.30
FATAL unrecoverable disk error
DEBUG entering function foo
WARN retry attempt 192.168.60.30 for 68372
DEBUG variable x=192.168.189.144
ERROR connection timeout 503
DEBUG variable x=192.168.193.243
FATAL unrecoverable disk error
ERROR file not found: /tmp/192.168.9.50.log
ERROR auth failure for user 192.168.107.168
ERROR auth failure for user 192.168.92.139
WARN slow query: 192.168.215.207ms
WARN memory threshold reached: 192.168.107.168MB
DEBUG entering function foo
INFO request from 192.168.229.48
WARN retry attempt 192.168.178.215 for 91146
ERROR null pointer in module 192.168.215.207
DEBUG cache hit for key=192.168.82.31
ERROR connection timeout 503
INFO user 192.168.57.185 logged in
ERROR auth failure for user 192.168.178.6
WARN memory threshold reached: 192.168.121.141MB
DEBUG entering function foo
WARN disk usage 192.168.189.144%
DEBUG cache hit for key=192.168.36.209
FATAL out of memory
WARN retry attempt 192.168.36.209 for 56891
INFO processed 192.168.142.104 items
ERROR connection timeout 503
DEBUG heap size: 192.168.107.168
ERROR connection timeout 503
WARN disk usage 192.168.193.243%
WARN slow query: 192.168.189.144ms
DEBUG variable x=192.168.211.158
WARN slow query: 192.168.189.144ms
WARN slow query: 192.168.36.209ms
FATAL unrecoverable disk error
FATAL segfault at address 0x192.168.178.215
WARN memory threshold reached: 192.168.193.243MB
INFO user 192.168.9.50 logged in
WARN slow query: 192.168.39.155ms
FATAL out of memory
WARN disk usage 192.168.211.158%
INFO connection established
ERROR connection timeout 503
ERROR connection timeout 503
ERROR file not found: /tmp/192.168.107.168.log
INFO user 192.168.142.104 logged in
WARN retry attempt 192.168.193.243 for 58037
INFO processed 192.168.82.31 items
DEBUG heap size: 192.168.189.144
DEBUG cache hit for key=192.168.9.50
INFO processed 192.168.219.168 items
WARN memory threshold reached: 192.168.211.158MB
ERROR null pointer in module 192.168.92.139
INFO user 192.168.36.209 logged in
WARN slow query: 192.168.211.158ms
FATAL out of memory
ERROR connection timeout 503
DEBUG entering function foo
INFO user 192.168.211.158 logged in
WARN memory threshold reached: 192.168.60.30MB
ERROR connection timeout 503
DEBUG variable x=192.168.189.144
FATAL unrecoverable disk error
FATAL kernel panic
INFO processed 192.168.197.186 items
DEBUG variable x=192.168.82.31
FATAL kernel panic
DEBUG entering function foo
INFO processed 192.168.229.48 items
DEBUG cache hit for key=192.168.197.186
WARN retry attempt 192.168.189.144 for 54612
DEBUG entering function foo
FATAL out of memory
DEBUG heap size: 192.168.39.155
WARN disk usage 192.168.39.155%
FATAL unrecoverable disk error
FATAL segfault at address 0x192.168.229.48
WARN disk usage 192.168.39.155%
WARN disk usage 192.168.215.207%
DEBUG variable x=192.168.211.158
INFO processed 192.168.141.220 items
FATAL kernel panic
WARN retry attempt 192.168.141.220 for 18769
WARN disk usage 192.168.189.144%
DEBUG cache hit for key=192.168.189.144
INFO user 192.168.57.185 logged in
ERROR null pointer in module 192.168.215.207
FATAL unrecoverable disk error
ERROR file not found: /tmp/192.168.92.139.log
FATAL kernel panic
INFO request from 192.168.141.220
ERROR connection timeout 503
WARN memory threshold reached: 192.168.219.168MB
WARN slow query: 192.168.189.144ms
ERROR null pointer in module 192.168.193.243
ERROR null pointer in module 192.168.142.104
DEBUG heap size: 192.168.178.215
INFO user 192.168.229.48 logged in
FATAL out of memory
INFO user 192.168.82.31 logged in
DEBUG variable x=192.168.107.168
ERROR null pointer in module 192.168.178.215
FATAL kernel panic
DEBUG cache hit for key=192.168.178.6
DEBUG heap size: 192.168.82.31
DEBUG variable x=192.168.211.158
DEBUG entering function foo
DEBUG variable x=192.168.57.185
WARN slow query: 192.168.211.158ms
ERROR file not found: /tmp/192.168.121.141.log
INFO connection established
FATAL out of memory
DEBUG cache hit for key=192.168.121.141
DEBUG cache hit for key=192.168.178.215
FATAL kernel panic
INFO user 192.168.178.6 logged in
DEBUG variable x=192.168.92.139
ERROR file not found: /tmp/192.168.178.6.log
WARN disk usage 192.168.211.158%
WARN slow query: 192.168.197.186ms
DEBUG cache hit for key=192.168.215.207
FATAL unrecoverable disk error
INFO request from 192.168.57.185
ERROR file not found: /tmp/192.168.215.207.log
ERROR file not found: /tmp/192.168.211.158.log
INFO connection established
FATAL unrecoverable disk error
WARN slow query: 192.168.142.104ms
FATAL kernel panic
INFO connection established
ERROR auth failure for user 192.168.9.50
ERROR connection timeout 503
FATAL out of memory
FATAL kernel panic
DEBUG variable x=192.168.215.207
DEBUG variable x=192.168.193.243
FATAL segfault at address 0x192.168.219.168
DEBUG variable x=192.168.178.215
WARN memory threshold reached: 192.168.193.243MB
INFO request from 192.168.215.207
ERROR connection timeout 503
DEBUG cache hit for key=192.168.229.48
ERROR auth failure for user 192.168.178.215
DEBUG entering function foo
WARN slow query: 192.168.189.144ms
WARN disk usage 192.168.57.185%
FATAL out of memory
FATAL kernel panic
WARN disk usage 192.168.178.6%
ERROR connection timeout 503
ERROR auth failure for user 192.168.82.31
INFO user 192.168.82.31 logged in
ERROR null pointer in module 192.168.36.209
ERROR null pointer in module 192.168.178.215
FATAL segfault at address 0x192.168.178.215
DEBUG heap size: 192.168.39.155
DEBUG heap size: 192.168.57.185
DEBUG heap size: 192.168.107.168
FATAL segfault at address 0x192.168.141.220
INFO request from 192.168.82.31
DEBUG cache hit for key=192.168.39.155
ERROR connection timeout 503
DEBUG heap size: 192.168.189.144
INFO request from 192.168.9.50
FATAL out of memory
ERROR connection timeout 503
WARN slow query: 192.168.219.168ms
DEBUG heap size: 192.168.178.6
DEBUG entering function foo
ERROR file not found: /tmp/192.168.197.186.log
WARN retry attempt 192.168.57.185 for 88501
DEBUG cache hit for key=192.168.82.31
INFO request from 192.168.36.209
DEBUG entering function foo
DEBUG entering function foo
WARN retry attempt 192.168.211.158 for 44129
ERROR null pointer in module 192.168.178.215
WARN disk usage 192.168.82.31%
WARN disk usage 192.168.215.207%
WARN disk usage 192.168.178.6%
WARN retry attempt 192.168.229.48 for 33496
FATAL out of memory
WARN retry attempt 192.168.121.141 for 62327
FATAL unrecoverable disk error
DEBUG entering function foo
ERROR null pointer in module 192.168.9.50
DEBUG heap size: 192.168.36.209
WARN disk usage 192.168.219.168%
ERROR file not found: /tmp/192.168.193.243.log
ERROR connection timeout 503
FATAL out of memory
INFO processed 192.168.215.207 items
DEBUG entering function foo
INFO user 192.168.178.6 logged in
INFO user 192.168.142.104 logged in
INFO request from 192.168.215.207
DEBUG cache hit for key=192.168.193.243
DEBUG variable x=192.168.82.31
DEBUG entering function foo
ERROR null pointer in module 192.168.211.158
WARN slow query: 192.168.121.141ms
ERROR connection timeout 503
WARN disk usage 192.168.197.186%
ERROR file not found: /tmp/192.168.211.158.log
WARN slow query: 192.168.197.186ms
INFO request from 192.168.178.6
ERROR file not found: /tmp/192.168.39.155.log
FATAL segfault at address 0x192.168.215.207
INFO request from 192.168.215.207
WARN slow query: 192.168.141.220ms
DEBUG entering function foo
WARN slow query: 192.168.107.168ms
ERROR connection timeout 503
FATAL unrecoverable disk error
DEBUG heap size: 192.168.9.50
FATAL kernel panic
ERROR null pointer in module 192.168.178.6
WARN disk usage 192.168.215.207%
WARN disk usage 192.168.189.144%
WARN retry attempt 192.168.178.215 for 97269
INFO connection established
WARN slow query: 192.168.121.141ms
DEBUG entering function foo
WARN slow query: 192.168.178.215ms
DEBUG heap size: 192.168.57.185
ERROR null pointer in module 192.168.215.207
FATAL segfault at address 0x192.168.57.185
ERROR auth failure for user 192.168.57.185
WARN disk usage 192.168.193.243%
FATAL segfault at address 0x192.168.215.207
FATAL kernel panic
INFO connection established
INFO processed 192.168.107.168 items
FATAL out of memory
ERROR connection timeout 503
WARN memory threshold reached: 192.168.178.6MB
INFO user 192.168.57.185 logged in
DEBUG entering function foo
DEBUG cache hit for key=192.168.193.243
ERROR null pointer in module 192.168.193.243
DEBUG entering function foo
INFO processed 192.168.36.209 items
FATAL kernel panic
ERROR auth failure for user 192.168.178.6
INFO processed 192.168.215.207 items
INFO user 192.168.82.31 logged in
DEBUG heap size: 192.168.178.215
INFO connection established
INFO user 192.168.215.207 logged in
INFO request from 192.168.57.185
ERROR file not found: /tmp/192.168.9.50.log
INFO connection established
DEBUG entering function foo
WARN retry attempt 192.168.121.141 for 7870
WARN memory threshold reached: 192.168.142.104MB
WARN disk usage 192.168.178.6%
WARN retry attempt 192.168.36.209 for 72047
INFO request from 192.168.57.185
INFO user 192.168.39.155 logged in
WARN retry attempt 192.168.60.30 for 83563
FATAL kernel panic
WARN memory threshold reached: 192.168.193.243MB
WARN retry attempt 192.168.82.31 for 12494
WARN slow query: 192.168.219.168ms
FATAL segfault at address 0x192.168.215.207
DEBUG variable x=192.168.178.6
WARN retry attempt 192.168.92.139 for 68282
FATAL unrecoverable disk error
FATAL unrecoverable disk error
ERROR connection timeout 503
WARN retry attempt 192.168.141.220 for 43568
ERROR file not found: /tmp/192.168.219.168.log
ERROR auth failure for user 192.168.215.207
INFO request from 192.168.219.168
INFO request from 192.168.60.30
INFO processed 192.168.219.168 items
ERROR file not found: /tmp/192.168.142.104.log
INFO request from 192.168.189.144
FATAL out of memory
WARN memory threshold reached: 192.168.178.215MB
WARN slow query: 192.168.121.141ms
ERROR connection timeout 503
INFO connection established
DEBUG entering function foo
ERROR file not found: /tmp/192.168.219.168.log
WARN memory threshold reached: 192.168.107.168MB
INFO processed 192.168.219.168 items
WARN disk usage 192.168.60.30%
DEBUG cache hit for key=192.168.121.141
WARN retry attempt 192.168.197.186 for 24702
INFO connection established
ERROR null pointer in module 192.168.9.50
ERROR null pointer in module 192.168.60.30
INFO request from 192.168.107.168
INFO processed 192.168.229.48 items
DEBUG entering function foo
ERROR file not found: /tmp/192.168.39.155.log
DEBUG variable x=192.168.142.104
FATAL segfault at address 0x192.168.57.185
INFO connection established
FATAL segfault at address 0x192.168.107.168
ERROR file not found: /tmp/192.168.57.185.log
DEBUG cache hit for key=192.168.36.209
INFO request from 192.168.215.207
INFO request from 192.168.60.30
DEBUG heap size: 192.168.92.139
INFO request from 192.168.178.6
FATAL unrecoverable disk error
DEBUG entering function foo
ERROR auth failure for user 192.168.229.48
INFO request from 192.168.211.158
ERROR auth failure for user 192.168.107.168
FATAL unrecoverable disk error
DEBUG variable x=192.168.197.186
FATAL segfault at address 0x192.168.82.31
INFO request from 192.168.142.104
INFO user 192.168.107.168 logged in
ERROR auth failure for user 192.168.178.6
INFO processed 192.168.219.168 items
WARN memory threshold reached: 192.168.60.30MB
DEBUG cache hit for key=192.168.229.48
DEBUG entering function foo
DEBUG heap size: 192.168.178.6
DEBUG cache hit for key=192.168.197.186
WARN slow query: 192.168.142.104ms
ERROR connection timeout 503
DEBUG heap size: 192.168.36.209
FATAL out of memory
WARN slow query: 192.168.229.48ms
FATAL kernel panic
INFO connection established
INFO request from 192.168.141.220
WARN disk usage 192.168.189.144%
DEBUG heap size: 192.168.211.158
FATAL kernel panic
WARN slow query: 192.168.57.185ms
DEBUG entering function foo
DEBUG entering function foo
FATAL segfault at address 0x192.168.107.168
DEBUG entering function foo
ERROR auth failure for user 192.168.193.243
FATAL kernel panic
WARN disk usage 192.168.219.168%
FATAL segfault at address 0x192.168.60.30
INFO processed 192.168.189.144 items
INFO connection established
WARN memory threshold reached: 192.168.229.48MB
INFO connection established
FATAL out of memory
DEBUG variable x=192.168.189.144
WARN slow query: 192.168.215.207ms
INFO processed 192.168.215.207 items
DEBUG variable x=192.168.92.139
FATAL unrecoverable disk error
WARN memory threshold reached: 192.168.189.144MB
INFO connection established
DEBUG entering function foo
ERROR null pointer in module 192.168.219.168
DEBUG variable x=192.168.189.144
FATAL kernel panic
WARN retry attempt 192.168.39.155 for 99499
WARN disk usage 192.168.219.168%
FATAL unrecoverable disk error
DEBUG heap size: 192.168.229.48
INFO processed 192.168.215.207 items
FATAL out of memory
ERROR null pointer in module 192.168.193.243
FATAL kernel panic
FATAL kernel panic
ERROR auth failure for user 192.168.121.141
DEBUG variable x=192.168.9.50
DEBUG entering function foo
WARN slow query: 192.168.142.104ms
WARN retry attempt 192.168.229.48 for 78255
DEBUG heap size: 192.168.92.139
WARN memory threshold reached: 192.168.92.139MB
WARN slow query: 192.168.60.30ms
INFO connection established
DEBUG variable x=192.168.178.6
DEBUG cache hit for key=192.168.142.104
ERROR connection timeout 503
FATAL out of memory
FATAL out of memory
WARN memory threshold reached: 192.168.39.155MB
INFO processed 192.168.82.31 items
FATAL segfault at address 0x192.168.107.168
DEBUG cache hit for key=192.168.178.6
FATAL out of memory
ERROR file not found: /tmp/192.168.141.220.log
ERROR connection timeout 503
FATAL segfault at address 0x192.168.219.168
WARN retry attempt 192.168.193.243 for 91143
INFO request from 192.168.178.215
INFO processed 192.168.193.243 items
FATAL segfault at address 0x192.168.107.168
DEBUG variable x=192.168.57.185
ERROR auth failure for user 192.168.178.215
WARN retry attempt 192.168.215.207 for 35944
ERROR auth failure for user 192.168.57.185
WARN disk usage 192.168.92.139%
INFO connection established
DEBUG heap size: 192.168.142.104
INFO user 192.168.142.104 logged in
WARN slow query: 192.168.197.186ms
FATAL out of memory
INFO request from 192.168.215.207
ERROR connection timeout 503
INFO connection established
WARN slow query: 192.168.92.139ms
FATAL segfault at address 0x192.168.142.104
ERROR file not found: /tmp/192.168.57.185.log
DEBUG entering function foo
WARN retry attempt 192.168.178.215 for 15815
WARN slow query: 192.168.219.168ms
ERROR auth failure for user 192.168.215.207
DEBUG variable x=192.168.107.168
DEBUG entering function foo
FATAL segfault at address 0x192.168.92.139
FATAL unrecoverable disk error
WARN memory threshold reached: 192.168.92.139MB
DEBUG entering function foo
DEBUG variable x=192.168.229.48
WARN slow query: 192.168.36.209ms
WARN retry attempt 192.168.121.141 for 54269
FATAL unrecoverable disk error
ERROR null pointer in module 192.168.107.168
INFO request from 192.168.215.207
INFO connection established
ERROR file not found: /tmp/192.168.82.31.log
WARN retry attempt 192.168.178.6 for 54178
FATAL kernel panic
WARN slow query: 192.168.107.168ms
ERROR auth failure for user 192.168.9.50
ERROR file not found: /tmp/192.168.211.158.log
INFO user 192.168.92.139 logged in
ERROR null pointer in module 192.168.82.31
DEBUG variable x=192.168.229.48
ERROR connection timeout 503
WARN memory threshold reached: 192.168.121.141MB
FATAL segfault at address 0x192.168.178.215
FATAL segfault at address 0x192.168.211.158
FATAL segfault at address 0x192.168.60.30
DEBUG cache hit for key=192.168.36.209
ERROR file not found: /tmp/192.168.142.104.log
ERROR connection timeout 503
FATAL out of memory
FATAL out of memory
ERROR connection timeout 503
DEBUG heap size: 192.168.9.50
WARN slow query: 192.168.142.104ms
DEBUG heap size: 192.168.189.144
DEBUG variable x=192.168.107.168
WARN retry attempt 192.168.193.243 for 24632
INFO connection established
INFO connection established
WARN disk usage 192.168.219.168%
INFO user 192.168.107.168 logged in
WARN disk usage 192.168.60.30%
ERROR connection timeout 503
ERROR null pointer in module 192.168.189.144
DEBUG entering function foo
WARN slow query: 192.168.178.6ms
FATAL unrecoverable disk error
INFO request from 192.168.36.209
INFO request from 192.168.121.141
DEBUG heap size: 192.168.219.168
FATAL unrecoverable disk error
DEBUG variable x=192.168.229.48
FATAL unrecoverable disk error
WARN disk usage 192.168.142.104%
ERROR connection timeout 503
DEBUG variable x=192.168.39.155
DEBUG entering function foo
INFO processed 192.168.178.6 items
DEBUG cache hit for key=192.168.92.139
WARN memory threshold reached: 192.168.141.220MB
ERROR connection timeout 503
INFO connection established
DEBUG variable x=192.168.60.30
INFO user 192.168.178.215 logged in
INFO user 192.168.178.215 logged in
FATAL unrecoverable disk error
FATAL unrecoverable disk error
WARN disk usage 192.168.215.207%
ERROR connection timeout 503
FATAL segfault at address 0x192.168.57.185
FATAL out of memory
FATAL out of memory
INFO request from 192.168.189.144
INFO connection established
INFO connection established
ERROR auth failure for user 192.168.36.209
WARN retry attempt 192.168.229.48 for 62692
FATAL segfault at address 0x192.168.178.6
DEBUG heap size: 192.168.193.243
ERROR auth failure for user 192.168.178.6
INFO request from 192.168.189.144
ERROR file not found: /tmp/192.168.229.48.log
WARN disk usage 192.168.178.6%
WARN slow query: 192.168.211.158ms
ERROR auth failure for user 192.168.36.209
DEBUG heap size: 192.168.178.215
FATAL out of memory
DEBUG heap size: 192.168.211.158
ERROR null pointer in module 192.168.219.168
DEBUG variable x=192.168.193.243
DEBUG variable x=192.168.178.6
DEBUG heap size: 192.168.215.207
ERROR null pointer in module 192.168.141.220
WARN disk usage 192.168.197.186%
DEBUG heap size: 192.168.36.209
INFO user 192.168.215.207 logged in
DEBUG variable x=192.168.211.158
DEBUG entering function foo
INFO processed 192.168.121.141 items
DEBUG variable x=192.168.178.6
WARN slow query: 192.168.121.141ms
ERROR connection timeout 503
FATAL kernel panic
INFO request from 192.168.211.158
DEBUG entering function foo
DEBUG entering function foo
DEBUG variable x=192.168.39.155
FATAL out of memory
INFO user 192.168.229.48 logged in
ERROR auth failure for user 192.168.92.139
DEBUG heap size: 192.168.39.155
WARN slow query: 192.168.107.168ms
INFO processed 192.168.229.48 items
FATAL out of memory
WARN slow query: 192.168.82.31ms
FATAL segfault at address 0x192.168.197.186
DEBUG variable x=192.168.142.104
INFO connection established
DEBUG cache hit for key=192.168.229.48
DEBUG variable x=192.168.142.104
WARN disk usage 192.168.189.144%
ERROR connection timeout 503
DEBUG cache hit for key=192.168.36.209
DEBUG variable x=192.168.39.155
WARN disk usage 192.168.178.6%
FATAL unrecoverable disk error
INFO connection established
INFO connection established
ERROR null pointer in module 192.168.193.243
ERROR connection timeout 503
WARN disk usage 192.168.193.243%
DEBUG variable x=192.168.193.243
FATAL unrecoverable disk error
ERROR file not found: /tmp/192.168.92.139.log
WARN retry attempt 192.168.189.144 for 18134
DEBUG entering function foo
WARN slow query: 192.168.57.185ms
INFO connection established
INFO processed 192.168.36.209 items
WARN retry attempt 192.168.189.144 for 98162
WARN slow query: 192.168.57.185ms
WARN disk usage 192.168.189.144%
DEBUG variable x=192.168.39.155
DEBUG heap size: 192.168.82.31
INFO connection established
INFO user 192.168.197.186 logged in
ERROR null pointer in module 192.168.142.104
DEBUG cache hit for key=192.168.215.207
DEBUG variable x=192.168.193.243
DEBUG variable x=192.168.197.186
ERROR connection timeout 503
DEBUG cache hit for key=192.168.229.48
ERROR auth failure for user 192.168.229.48
FATAL out of memory
ERROR auth failure for user 192.168.36.209
ERROR auth failure for user 192.168.211.158
ERROR connection timeout 503
ERROR file not found: /tmp/192.168.197.186.log
ERROR null pointer in module 192.168.36.209
DEBUG variable x=192.168.121.141
WARN memory threshold reached: 192.168.36.209MB
INFO processed 192.168.36.209 items
ERROR connection timeout 503
INFO user 192.168.189.144 logged in
ERROR auth failure for user 192.168.178.6
DEBUG entering function foo
DEBUG cache hit for key=192.168.60.30
FATAL unrecoverable disk error
FATAL out of memory
FATAL out of memory
FATAL kernel panic
INFO processed 192.168.57.185 items
INFO user 192.168.229.48 logged in
FATAL unrecoverable disk error
ERROR auth failure for user 192.168.60.30
INFO request from 192.168.82.31
ERROR file not found: /tmp/192.168.107.168.log
WARN retry attempt 192.168.193.243 for 96243
DEBUG entering function foo
FATAL unrecoverable disk error
WARN memory threshold reached: 192.168.82.31MB
INFO user 192.168.142.104 logged in
DEBUG variable x=192.168.57.185
ERROR connection timeout 503
DEBUG heap size: 192.168.178.215
WARN retry attempt 192.168.60.30 for 323
FATAL out of memory
INFO processed 192.168.9.50 items
INFO request from 192.168.107.168
ERROR null pointer in module 192.168.141.220
FATAL kernel panic
INFO user 192.168.211.158 logged in
INFO user 192.168.141.220 logged in
FATAL unrecoverable disk error
INFO processed 192.168.92.139 items
INFO request from 192.168.215.207
INFO request from 192.168.215.207
DEBUG entering function foo
INFO request from 192.168.39.155
WARN slow query: 192.168.82.31ms
WARN disk usage 192.168.36.209%
FATAL out of memory
ERROR null pointer in module 192.168.121.141
FATAL out of memory
INFO connection established
WARN slow query: 192.168.189.144ms
WARN disk usage 192.168.107.168%
DEBUG variable x=192.168.189.144
INFO processed 192.168.189.144 items
FATAL unrecoverable disk error
DEBUG cache hit for key=192.168.121.141
ERROR file not found: /tmp/192.168.107.168.log
INFO processed 192.168.178.215 items
INFO processed 192.168.142.104 items
ERROR file not found: /tmp/192.168.193.243.log
FATAL unrecoverable disk error
FATAL unrecoverable disk error
INFO request from 192.168.60.30
FATAL kernel panic
WARN disk usage 192.168.121.141%
FATAL unrecoverable disk error
WARN retry attempt 192.168.215.207 for 60679
DEBUG cache hit for key=192.168.39.155
DEBUG cache hit for key=192.168.142.104
ERROR auth failure for user 192.168.193.243
DEBUG heap size: 192.168.229.48
INFO request from 192.168.92.139
WARN slow query: 192.168.121.141ms
FATAL unrecoverable disk error
WARN disk usage 192.168.193.243%
WARN slow query: 192.168.219.168ms
DEBUG cache hit for key=192.168.121.141
FATAL segfault at address 0x192.168.92.139
FATAL unrecoverable disk error
ERROR null pointer in module 192.168.219.168
INFO processed 192.168.60.30 items
ERROR null pointer in module 192.168.9.50
DEBUG cache hit for key=192.168.229.48
ERROR connection timeout 503
FATAL unrecoverable disk error
WARN disk usage 192.168.121.141%
DEBUG entering function foo
WARN slow query: 192.168.178.6ms
ERROR auth failure for user 192.168.36.209
FATAL out of memory
DEBUG heap size: 192.168.215.207
WARN retry attempt 192.168.215.207 for 60109
INFO connection established
FATAL unrecoverable disk error
INFO processed 192.168.178.6 items
WARN slow query: 192.168.107.168ms
DEBUG variable x=192.168.215.207
ERROR null pointer in module 192.168.107.168
INFO request from 192.168.60.30
ERROR connection timeout 503
FATAL kernel panic
DEBUG heap size: 192.168.121.141
ERROR file not found: /tmp/192.168.229.48.log
DEBUG cache hit for key=192.168.60.30
ERROR auth failure for user 192.168.39.155
DEBUG variable x=192.168.193.243
ERROR auth failure for user 192.168.197.186
FATAL segfault at address 0x192.168.178.215
INFO connection established
FATAL out of memory
ERROR null pointer in module 192.168.60.30
DEBUG heap size: 192.168.193.243
ERROR null pointer in module 192.168.82.31
DEBUG entering function foo
FATAL kernel panic
FATAL unrecoverable disk error
WARN memory threshold reached: 192.168.219.168MB
DEBUG cache hit for key=192.168.60.30
ERROR null pointer in module 192.168.121.141
FATAL segfault at address 0x192.168.197.186
FATAL segfault at address 0x192.168.92.139
FATAL segfault at address 0x192.168.178.6
FATAL out of memory
DEBUG heap size: 192.168.215.207
WARN slow query: 192.168.142.104ms
FATAL segfault at address 0x192.168.121.141
ERROR null pointer in module 192.168.189.144
FATAL out of memory
ERROR null pointer in module 192.168.211.158
ERROR null pointer in module 192.168.197.186
ERROR auth failure for user 192.168.229.48
INFO request from 192.168.215.207
DEBUG variable x=192.168.178.215
INFO user 192.168.189.144 logged in
INFO connection established
DEBUG variable x=192.168.107.168
DEBUG heap size: 192.168.39.155
WARN slow query: 192.168.197.186ms
INFO request from 192.168.9.50
WARN retry attempt 192.168.92.139 for 24276
FATAL unrecoverable disk error
DEBUG entering function foo
FATAL unrecoverable disk error
ERROR connection timeout 503
ERROR auth failure for user 192.168.82.31
WARN disk usage 192.168.178.215%
DEBUG cache hit for key=192.168.142.104
FATAL kernel panic
WARN slow query: 192.168.197.186ms
FATAL unrecoverable disk error
WARN disk usage 192.168.9.50%
WARN retry attempt 192.168.215.207 for 80585
INFO processed 192.168.36.209 items
ERROR auth failure for user 192.168.9.50
INFO connection established
ERROR auth failure for user 192.168.215.207
WARN slow query: 192.168.36.209ms
ERROR connection timeout 503
INFO user 192.168.197.186 logged in
FATAL out of memory
INFO user 192.168.82.31 logged in
ERROR connection timeout 503
INFO user 192.168.193.243 logged in
ERROR null pointer in module 192.168.107.168
ERROR null pointer in module 192.168.142.104
FATAL segfault at address 0x192.168.82.31
WARN slow query: 192.168.178.215ms
FATAL out of memory
FATAL unrecoverable disk error
ERROR file not found: /tmp/192.168.219.168.log
ERROR connection timeout 503
WARN disk usage 192.168.60.30%
WARN disk usage 192.168.229.48%
WARN memory threshold reached: 192.168.215.207MB
WARN memory threshold reached: 192.168.141.220MB
WARN slow query: 192.168.219.168ms
ERROR auth failure for user 192.168.107.168
WARN retry attempt 192.168.60.30 for 62700
INFO request from 192.168.197.186
WARN retry attempt 192.168.193.243 for 93998
DEBUG heap size: 192.168.142.104
DEBUG variable x=192.168.107.168
DEBUG cache hit for key=192.168.36.209
ERROR auth failure for user 192.168.215.207
FATAL segfault at address 0x192.168.82.31
WARN memory threshold reached: 192.168.178.6MB
INFO request from 192.168.9.50
ERROR connection timeout 503
ERROR auth failure for user 192.168.178.6
INFO connection established
WARN retry attempt 192.168.107.168 for 75304
FATAL kernel panic
DEBUG variable x=192.168.229.48
FATAL out of memory
FATAL out of memory
DEBUG entering function foo
FATAL out of memory
INFO user 192.168.197.186 logged in
ERROR connection timeout 503
FATAL segfault at address 0x192.168.141.220
INFO connection established
INFO request from 192.168.121.141
WARN memory threshold reached: 192.168.142.104MB
WARN disk usage 192.168.121.141%
DEBUG entering function foo
INFO processed 192.168.39.155 items
DEBUG variable x=192.168.142.104
FATAL kernel panic
DEBUG cache hit for key=192.168.197.186
FATAL segfault at address 0x192.168.121.141
ERROR file not found: /tmp/192.168.36.209.log
FATAL out of memory
ERROR auth failure for user 192.168.193.243
DEBUG variable x=192.168.107.168
ERROR file not found: /tmp/192.168.211.158.log
FATAL out of memory
FATAL kernel panic
WARN memory threshold reached: 192.168.229.48MB
FATAL segfault at address 0x192.168.92.139
DEBUG variable x=192.168.82.31
INFO request from 192.168.215.207
DEBUG heap size: 192.168.211.158
WARN memory threshold reached: 192.168.219.168MB
ERROR connection timeout 503
FATAL out of memory
WARN memory threshold reached: 192.168.39.155MB
DEBUG cache hit for key=192.168.141.220
FATAL out of memory
INFO request from 192.168.141.220
FATAL unrecoverable disk error
FATAL segfault at address 0x192.168.36.209
INFO user 192.168.229.48 logged in
DEBUG cache hit for key=192.168.197.186
INFO request from 192.168.189.144
WARN slow query: 192.168.39.155ms
WARN slow query: 192.168.36.209ms
WARN memory threshold reached: 192.168.215.207MB
FATAL out of memory
FATAL unrecoverable disk error
DEBUG entering function foo
ERROR null pointer in module 192.168.107.168
INFO request from 192.168.60.30
FATAL out of memory
FATAL unrecoverable disk error
FATAL kernel panic
WARN slow query: 192.168.219.168ms
FATAL unrecoverable disk error
ERROR file not found: /tmp/192.168.141.220.log
FATAL kernel panic
DEBUG cache hit for key=192.168.107.168
FATAL segfault at address 0x192.168.82.31
INFO request from 192.168.215.207
WARN memory threshold reached: 192.168.39.155MB
WARN disk usage 192.168.121.141%
INFO processed 192.168.142.104 items
WARN slow query: 192.168.219.168ms
INFO processed 192.168.142.104 items
INFO processed 192.168.193.243 items
INFO processed 192.168.215.207 items
WARN retry attempt 192.168.211.158 for 60480
WARN disk usage 192.168.178.215%
FATAL out of memory
INFO request from 192.168.197.186
ERROR auth failure for user 192.168.178.215
DEBUG variable x=192.168.107.168
DEBUG heap size: 192.168.60.30
FATAL segfault at address 0x192.168.142.104
DEBUG cache hit for key=192.168.189.144
INFO connection established
WARN memory threshold reached: 192.168.178.6MB
ERROR auth failure for user 192.168.57.185
ERROR auth failure for user 192.168.215.207
DEBUG entering function foo
WARN memory threshold reached: 192.168.92.139MB
FATAL kernel panic
WARN slow query: 192.168.121.141ms
FATAL unrecoverable disk error
DEBUG variable x=192.168.121.141
FATAL unrecoverable disk error
DEBUG heap size: 192.168.211.158
FATAL kernel panic
INFO user 192.168.57.185 logged in
DEBUG entering function foo
DEBUG heap size: 192.168.107.168
ERROR null pointer in module 192.168.178.6
INFO connection established
ERROR auth failure for user 192.168.178.6
DEBUG variable x=192.168.39.155
DEBUG entering function foo
ERROR auth failure for user 192.168.193.243
DEBUG variable x=192.168.92.139
INFO processed 192.168.60.30 items
INFO request from 192.168.9.50
FATAL segfault at address 0x192.168.215.207
WARN memory threshold reached: 192.168.9.50MB
ERROR file not found: /tmp/192.168.82.31.log
WARN slow query: 192.168.178.215ms
INFO user 192.168.92.139 logged in
FATAL out of memory
WARN slow query: 192.168.60.30ms
DEBUG variable x=192.168.142.104
ERROR auth failure for user 192.168.39.155
DEBUG entering function foo
FATAL kernel panic
ERROR file not found: /tmp/192.168.36.209.log
ERROR auth failure for user 192.168.178.215
INFO request from 192.168.60.30
INFO processed 192.168.229.48 items
FATAL segfault at address 0x192.168.219.168
ERROR file not found: /tmp/192.168.197.186.log
ERROR null pointer in module 192.168.121.141
FATAL segfault at address 0x192.168.142.104
FATAL unrecoverable disk error
INFO connection established
ERROR auth failure for user 192.168.121.141
WARN slow query: 192.168.229.48ms
INFO connection established
FATAL kernel panic
ERROR connection timeout 503
ERROR auth failure for user 192.168.219.168
DEBUG heap size: 192.168.219.168
WARN slow query: 192.168.39.155ms
WARN slow query: 192.168.142.104ms
INFO processed 192.168.197.186 items
ERROR null pointer in module 192.168.197.186
DEBUG variable x=192.168.189.144
FATAL out of memory
DEBUG entering function foo
INFO request from 192.168.178.215
DEBUG heap size: 192.168.9.50
DEBUG cache hit for key=192.168.141.220
WARN memory threshold reached: 192.168.189.144MB
WARN memory threshold reached: 192.168.141.220MB
DEBUG heap size: 192.168.219.168
DEBUG heap size: 192.168.57.185
DEBUG variable x=192.168.142.104
FATAL segfault at address 0x192.168.189.144
ERROR auth failure for user 192.168.178.6
INFO processed 192.168.141.220 items
DEBUG entering function foo
INFO request from 192.168.141.220
WARN slow query: 192.168.121.141ms
WARN retry attempt 192.168.92.139 for 67465
ERROR file not found: /tmp/192.168.142.104.log
FATAL out of memory
INFO connection established
WARN memory threshold reached: 192.168.215.207MB
FATAL segfault at address 0x192.168.229.48
INFO processed 192.168.142.104 items
INFO user 192.168.215.207 logged in
WARN memory threshold reached: 192.168.193.243MB
FATAL out of memory
WARN memory threshold reached: 192.168.178.215MB
INFO processed 192.168.193.243 items
INFO request from 192.168.219.168
FATAL out of memory
WARN disk usage 192.168.215.207%
FATAL unrecoverable disk error
INFO request from 192.168.197.186
FATAL kernel panic
FATAL kernel panic
FATAL segfault at address 0x192.168.36.209
ERROR null pointer in module 192.168.92.139
FATAL out of memory
INFO connection established
FATAL out of memory
WARN disk usage 192.168.60.30%
ERROR null pointer in module 192.168.193.243
FATAL out of memory
ERROR null pointer in module 192.168.219.168
INFO processed 192.168.211.158 items
WARN disk usage 192.168.197.186%
INFO request from 192.168.178.215
WARN retry attempt 192.168.197.186 for 78301
ERROR connection timeout 503
ERROR connection timeout 503
INFO request from 192.168.9.50
ERROR null pointer in module 192.168.211.158
INFO connection established
DEBUG cache hit for key=192.168.121.141
DEBUG cache hit for key=192.168.39.155
WARN retry attempt 192.168.39.155 for 7439
ERROR auth failure for user 192.168.178.6
INFO processed 192.168.36.209 items
FATAL out of memory
INFO connection established
INFO user 192.168.219.168 logged in
INFO connection established
FATAL unrecoverable disk error
ERROR auth failure for user 192.168.178.215
DEBUG heap size: 192.168.215.207
WARN memory threshold reached: 192.168.92.139MB
ERROR file not found: /tmp/192.168.107.168.log
ERROR file not found: /tmp/192.168.92.139.log
INFO connection established
ERROR auth failure for user 192.168.121.141
DEBUG entering function foo
FATAL out of memory
DEBUG cache hit for key=192.168.60.30
ERROR file not found: /tmp/192.168.197.186.log
DEBUG cache hit for key=192.168.197.186
DEBUG heap size: 192.168.92.139
WARN memory threshold reached: 192.168.211.158MB
WARN retry attempt 192.168.9.50 for 25996
ERROR file not found: /tmp/192.168.141.220.log
INFO user 192.168.178.6 logged in
DEBUG heap size: 192.168.39.155
INFO request from 192.168.60.30
ERROR file not found: /tmp/192.168.189.144.log
DEBUG variable x=192.168.141.220
ERROR file not found: /tmp/192.168.215.207.log
DEBUG variable x=192.168.229.48
ERROR auth failure for user 192.168.178.6
INFO processed 192.168.197.186 items
ERROR auth failure for user 192.168.92.139
WARN slow query: 192.168.39.155ms
FATAL kernel panic
WARN disk usage 192.168.57.185%
WARN slow query: 192.168.60.30ms
ERROR null pointer in module 192.168.229.48
FATAL out of memory
INFO connection established
INFO connection established
FATAL kernel panic
WARN memory threshold reached: 192.168.107.168MB
WARN memory threshold reached: 192.168.178.215MB
INFO connection established
INFO user 192.168.193.243 logged in
ERROR connection timeout 503
DEBUG variable x=192.168.36.209
INFO connection established
DEBUG entering function foo
FATAL kernel panic
DEBUG heap size: 192.168.197.186
FATAL kernel panic
DEBUG entering function foo
INFO processed 192.168.142.104 items
DEBUG heap size: 192.168.178.215
DEBUG heap size: 192.168.211.158
ERROR connection timeout 503
WARN memory threshold reached: 192.168.197.186MB
DEBUG cache hit for key=192.168.142.104
DEBUG variable x=192.168.92.139
ERROR auth failure for user 192.168.189.144
FATAL out of memory
WARN disk usage 192.168.57.185%
WARN retry attempt 192.168.197.186 for 94132
FATAL segfault at address 0x192.168.178.215
DEBUG entering function foo
WARN slow query: 192.168.60.30ms
WARN memory threshold reached: 192.168.215.207MB
INFO user 192.168.178.215 logged in
DEBUG cache hit for key=192.168.92.139
DEBUG variable x=192.168.178.215
DEBUG entering function foo
FATAL kernel panic
FATAL out of memory
FATAL segfault at address 0x192.168.211.158
WARN disk usage 192.168.121.141%
FATAL unrecoverable disk error
WARN disk usage 192.168.189.144%
ERROR null pointer in module 192.168.142.104
INFO connection established
INFO processed 192.168.92.139 items
FATAL segfault at address 0x192.168.178.215
WARN memory threshold reached: 192.168.197.186MB
DEBUG entering function foo
FATAL segfault at address 0x192.168.193.243
ERROR file not found: /tmp/192.168.107.168.log
ERROR auth failure for user 192.168.215.207
WARN retry attempt 192.168.215.207 for 46784
DEBUG entering function foo
WARN memory threshold reached: 192.168.211.158MB
ERROR file not found: /tmp/192.168.82.31.log
WARN memory threshold reached: 192.168.57.185MB
INFO request from 192.168.39.155
WARN retry attempt 192.168.82.31 for 70254
ERROR auth failure for user 192.168.121.141
INFO connection established
INFO request from 192.168.178.6
DEBUG heap size: 192.168.9.50
INFO user 192.168.36.209 logged in
INFO connection established
WARN memory threshold reached: 192.168.197.186MB
FATAL kernel panic
DEBUG entering function foo
INFO user 192.168.215.207 logged in
INFO connection established
FATAL kernel panic
INFO processed 192.168.82.31 items
ERROR auth failure for user 192.168.211.158
INFO request from 192.168.178.6
INFO request from 192.168.211.158
DEBUG cache hit for key=192.168.211.158
DEBUG variable x=192.168.229.48
INFO user 192.168.215.207 logged in
WARN slow query: 192.168.219.168ms
ERROR null pointer in module 192.168.189.144
DEBUG entering function foo
DEBUG heap size: 192.168.141.220
INFO user 192.168.36.209 logged in
INFO user 192.168.9.50 logged in
DEBUG heap size: 192.168.9.50
WARN retry attempt 192.168.141.220 for 29755
ERROR file not found: /tmp/192.168.39.155.log
WARN retry attempt 192.168.39.155 for 76746
DEBUG heap size: 192.168.219.168
DEBUG cache hit for key=192.168.82.31
DEBUG cache hit for key=192.168.178.6
ERROR file not found: /tmp/192.168.142.104.log
INFO processed 192.168.178.6 items
INFO request from 192.168.178.215
WARN memory threshold reached: 192.168.92.139MB
FATAL unrecoverable disk error
WARN disk usage 192.168.178.6%
DEBUG cache hit for key=192.168.142.104
FATAL segfault at address 0x192.168.92.139
DEBUG heap size: 192.168.178.6
DEBUG cache hit for key=192.168.36.209
WARN disk usage 192.168.178.215%
DEBUG cache hit for key=192.168.121.141
INFO request from 192.168.178.215
ERROR connection timeout 503
INFO request from 192.168.189.144
FATAL unrecoverable disk error
ERROR null pointer in module 192.168.193.243
FATAL segfault at address 0x192.168.82.31
WARN retry attempt 192.168.39.155 for 60615
FATAL segfault at address 0x192.168.178.6
ERROR auth failure for user 192.168.193.243
WARN disk usage 192.168.39.155%
ERROR file not found: /tmp/192.168.197.186.log
INFO connection established
WARN disk usage 192.168.9.50%
FATAL kernel panic
WARN slow query: 192.168.60.30ms
WARN retry attempt 192.168.229.48 for 92766
DEBUG heap size: 192.168.9.50
DEBUG cache hit for key=192.168.141.220
WARN memory threshold reached: 192.168.57.185MB
FATAL out of memory
ERROR file not found: /tmp/192.168.229.48.log
INFO connection established
FATAL segfault at address 0x192.168.142.104
INFO request from 192.168.60.30
FATAL kernel panic
FATAL unrecoverable disk error
FATAL segfault at address 0x192.168.215.207
FATAL out of memory
FATAL unrecoverable disk error
FATAL kernel panic
FATAL unrecoverable disk error
DEBUG cache hit for key=192.168.211.158
DEBUG entering function foo
WARN slow query: 192.168.189.144ms
WARN slow query: 192.168.229.48ms
WARN memory threshold reached: 192.168.197.186MB
INFO request from 192.168.9.50
INFO processed 192.168.57.185 items
INFO connection established
INFO request from 192.168.9.50
DEBUG heap size: 192.168.229.48
WARN retry attempt 192.168.60.30 for 1554
DEBUG heap size: 192.168.189.144
INFO processed 192.168.107.168 items
ERROR file not found: /tmp/192.168.36.209.log
INFO processed 192.168.9.50 items
FATAL out of memory
ERROR file not found: /tmp/192.168.57.185.log
FATAL unrecoverable disk error
INFO connection established
ERROR auth failure for user 192.168.229.48
DEBUG entering function foo
WARN slow query: 192.168.39.155ms
INFO user 192.168.82.31 logged in
INFO connection established
WARN memory threshold reached: 192.168.82.31MB
ERROR file not found: /tmp/192.168.215.207.log
FATAL unrecoverable disk error
ERROR auth failure for user 192.168.57.185
WARN retry attempt 192.168.121.141 for 24811
WARN slow query: 192.168.189.144ms
WARN disk usage 192.168.142.104%
WARN slow query: 192.168.215.207ms
ERROR null pointer in module 192.168.60.30
DEBUG heap size: 192.168.141.220
INFO request from 192.168.39.155
DEBUG heap size: 192.168.178.215
ERROR auth failure for user 192.168.193.243
WARN slow query: 192.168.178.6ms
WARN disk usage 192.168.189.144%
ERROR file not found: /tmp/192.168.215.207.log
DEBUG variable x=192.168.9.50
FATAL out of memory
FATAL unrecoverable disk error
DEBUG heap size: 192.168.211.158
ERROR null pointer in module 192.168.215.207
WARN memory threshold reached: 192.168.36.209MB
WARN memory threshold reached: 192.168.178.6MB
FATAL out of memory
INFO connection established
DEBUG variable x=192.168.9.50
WARN slow query: 192.168.229.48ms
INFO processed 192.168.178.6 items
INFO request from 192.168.215.207
ERROR connection timeout 503
FATAL segfault at address 0x192.168.215.207
FATAL kernel panic
ERROR file not found: /tmp/192.168.39.155.log
DEBUG variable x=192.168.219.168
WARN retry attempt 192.168.36.209 for 47268
FATAL out of memory
DEBUG cache hit for key=192.168.215.207
FATAL out of memory
FATAL unrecoverable disk error
DEBUG variable x=192.168.36.209
ERROR auth failure for user 192.168.36.209
DEBUG entering function foo
ERROR file not found: /tmp/192.168.142.104.log
WARN retry attempt 192.168.189.144 for 24446
DEBUG cache hit for key=192.168.82.31
DEBUG cache hit for key=192.168.219.168
ERROR null pointer in module 192.168.193.243
ERROR file not found: /tmp/192.168.142.104.log
FATAL out of memory
DEBUG cache hit for key=192.168.142.104
WARN slow query: 192.168.219.168ms
ERROR file not found: /tmp/192.168.189.144.log
INFO user 192.168.36.209 logged in
WARN slow query: 192.168.211.158ms
FATAL out of memory
DEBUG variable x=192.168.121.141
DEBUG entering function foo
INFO processed 192.168.82.31 items
ERROR connection timeout 503
WARN memory threshold reached: 192.168.229.48MB
DEBUG entering function foo
DEBUG heap size: 192.168.92.139
INFO connection established
FATAL segfault at address 0x192.168.178.6
ERROR file not found: /tmp/192.168.215.207.log
WARN retry attempt 192.168.219.168 for 84109
ERROR null pointer in module 192.168.211.158
WARN disk usage 192.168.141.220%
FATAL unrecoverable disk error
INFO connection established
FATAL out of memory
FATAL kernel panic
ERROR file not found: /tmp/192.168.178.215.log
WARN slow query: 192.168.60.30ms
WARN memory threshold reached: 192.168.229.48MB
INFO connection established
DEBUG cache hit for key=192.168.193.243
INFO user 192.168.211.158 logged in
INFO request from 192.168.197.186
DEBUG variable x=192.168.39.155
ERROR connection timeout 503
WARN slow query: 192.168.36.209ms
INFO processed 192.168.141.220 items
FATAL segfault at address 0x192.168.121.141
DEBUG variable x=192.168.178.215
DEBUG variable x=192.168.197.186
INFO processed 192.168.229.48 items
WARN retry attempt 192.168.36.209 for 43929
ERROR auth failure for user 192.168.229.48
WARN memory threshold reached: 192.168.39.155MB
ERROR file not found: /tmp/192.168.229.48.log
DEBUG cache hit for key=192.168.142.104
WARN retry attempt 192.168.107.168 for 85828
DEBUG entering function foo
DEBUG cache hit for key=192.168.107.168
ERROR null pointer in module 192.168.82.31
FATAL segfault at address 0x192.168.229.48
INFO connection established
WARN memory threshold reached: 192.168.39.155MB
INFO request from 192.168.92.139
DEBUG heap size: 192.168.9.50
FATAL kernel panic
FATAL unrecoverable disk error
FATAL out of memory
WARN retry attempt 192.168.229.48 for 75585
INFO request from 192.168.36.209
WARN retry attempt 192.168.60.30 for 12621
FATAL out of memory
ERROR auth failure for user 192.168.219.168
WARN slow query: 192.168.193.243ms
DEBUG variable x=192.168.82.31
ERROR null pointer in module 192.168.142.104
ERROR file not found: /tmp/192.168.197.186.log
WARN disk usage 192.168.92.139%
ERROR auth failure for user 192.168.178.6
WARN slow query: 192.168.178.6ms
INFO user 192.168.193.243 logged in
FATAL unrecoverable disk error
INFO request from 192.168.178.215
DEBUG entering function foo
DEBUG heap size: 192.168.92.139
ERROR auth failure for user 192.168.141.220
ERROR connection timeout 503
FATAL segfault at address 0x192.168.107.168
WARN retry attempt 192.168.142.104 for 20525
FATAL kernel panic
FATAL out of memory
INFO connection established
ERROR file not found: /tmp/192.168.107.168.log
ERROR file not found: /tmp/192.168.121.141.log
DEBUG cache hit for key=192.168.9.50
ERROR auth failure for user 192.168.92.139
ERROR auth failure for user 192.168.121.141
DEBUG variable x=192.168.121.141
DEBUG variable x=192.168.57.185
WARN memory threshold reached: 192.168.197.186MB
ERROR null pointer in module 192.168.178.6
DEBUG entering function foo
FATAL unrecoverable disk error
ERROR connection timeout 503
WARN slow query: 192.168.39.155ms
INFO processed 192.168.189.144 items
INFO connection established
ERROR auth failure for user 192.168.215.207
INFO user 192.168.9.50 logged in
DEBUG entering function foo
ERROR file not found: /tmp/192.168.141.220.log
FATAL unrecoverable disk error
ERROR connection timeout 503
ERROR null pointer in module 192.168.219.168
INFO connection established
FATAL kernel panic
INFO connection established
INFO request from 192.168.121.141
ERROR connection timeout 503
WARN disk usage 192.168.107.168%
ERROR null pointer in module 192.168.178.6
INFO request from 192.168.82.31
WARN disk usage 192.168.36.209%
DEBUG variable x=192.168.121.141
FATAL out of memory
WARN disk usage 192.168.36.209%
FATAL kernel panic
WARN retry attempt 192.168.178.6 for 25575
ERROR auth failure for user 192.168.9.50
WARN retry attempt 192.168.219.168 for 1087
DEBUG variable x=192.168.82.31
DEBUG heap size: 192.168.60.30
WARN slow query: 192.168.36.209ms
WARN memory threshold reached: 192.168.197.186MB
FATAL out of memory
DEBUG entering function foo
INFO user 192.168.9.50 logged in
FATAL kernel panic
DEBUG variable x=192.168.219.168
INFO request from 192.168.39.155
INFO request from 192.168.36.209
INFO connection established
DEBUG cache hit for key=192.168.211.158
INFO connection established
INFO processed 192.168.229.48 items
DEBUG entering function foo
WARN disk usage 192.168.197.186%
WARN retry attempt 192.168.121.141 for 12775
INFO connection established
DEBUG variable x=192.168.178.6
WARN memory threshold reached: 192.168.189.144MB
INFO user 192.168.197.186 logged in
DEBUG entering function foo
INFO user 192.168.229.48 logged in
INFO user 192.168.219.168 logged in
FATAL unrecoverable disk error
DEBUG heap size: 192.168.39.155
WARN retry attempt 192.168.229.48 for 14291
DEBUG variable x=192.168.107.168
INFO request from 192.168.193.243
WARN memory threshold reached: 192.168.197.186MB
DEBUG heap size: 192.168.82.31
DEBUG heap size: 192.168.60.30
DEBUG cache hit for key=192.168.189.144
WARN slow query: 192.168.215.207ms
WARN disk usage 192.168.197.186%
DEBUG variable x=192.168.189.144
FATAL segfault at address 0x192.168.193.243
INFO user 192.168.107.168 logged in
WARN slow query: 192.168.141.220ms
INFO request from 192.168.107.168
FATAL out of memory
INFO connection established
DEBUG cache hit for key=192.168.193.243
WARN slow query: 192.168.57.185ms
DEBUG heap size: 192.168.215.207
INFO processed 192.168.211.158 items
DEBUG variable x=192.168.141.220
DEBUG entering function foo
WARN retry attempt 192.168.57.185 for 27539
DEBUG cache hit for key=192.168.178.6
DEBUG entering function foo
DEBUG variable x=192.168.107.168
DEBUG heap size: 192.168.39.155
INFO request from 192.168.36.209
DEBUG cache hit for key=192.168.9.50
DEBUG variable x=192.168.215.207
DEBUG heap size: 192.168.189.144
FATAL unrecoverable disk error
WARN retry attempt 192.168.211.158 for 16677
INFO processed 192.168.141.220 items
ERROR file not found: /tmp/192.168.197.186.log
ERROR connection timeout 503
FATAL kernel panic
DEBUG variable x=192.168.229.48
INFO request from 192.168.9.50
INFO request from 192.168.142.104
FATAL kernel panic
ERROR file not found: /tmp/192.168.39.155.log
FATAL segfault at address 0x192.168.219.168
INFO processed 192.168.197.186 items
INFO request from 192.168.178.215
WARN disk usage 192.168.211.158%
INFO user 192.168.121.141 logged in
WARN slow query: 192.168.9.50ms
FATAL kernel panic
ERROR file not found: /tmp/192.168.178.215.log
INFO user 192.168.229.48 logged in
FATAL kernel panic
INFO processed 192.168.178.215 items
WARN memory threshold reached: 192.168.9.50MB
INFO request from 192.168.39.155
WARN retry attempt 192.168.219.168 for 92717
WARN memory threshold reached: 192.168.189.144MB
ERROR connection timeout 503
DEBUG heap size: 192.168.215.207
FATAL out of memory
WARN memory threshold reached: 192.168.107.168MB
DEBUG variable x=192.168.82.31
INFO request from 192.168.229.48
FATAL kernel panic
FATAL segfault at address 0x192.168.178.215
INFO processed 192.168.92.139 items
ERROR connection timeout 503
WARN retry attempt 192.168.178.6 for 9510
ERROR auth failure for user 192.168.142.104
FATAL kernel panic
ERROR file not found: /tmp/192.168.39.155.log
FATAL unrecoverable disk error
ERROR connection timeout 503
WARN slow query: 192.168.229.48ms
DEBUG variable x=192.168.60.30
FATAL out of memory
DEBUG cache hit for key=192.168.121.141
DEBUG heap size: 192.168.211.158
FATAL out of memory
ERROR file not found: /tmp/192.168.121.141.log
WARN disk usage 192.168.219.168%
FATAL out of memory
WARN memory threshold reached: 192.168.178.215MB
ERROR connection timeout 503
ERROR null pointer in module 192.168.215.207
DEBUG heap size: 192.168.197.186
DEBUG variable x=192.168.141.220
INFO request from 192.168.189.144
INFO request from 192.168.9.50
FATAL kernel panic
INFO user 192.168.142.104 logged in
FATAL out of memory
DEBUG heap size: 192.168.229.48
FATAL kernel panic
DEBUG variable x=192.168.60.30
ERROR null pointer in module 192.168.229.48
ERROR connection timeout 503
WARN retry attempt 192.168.60.30 for 85559
FATAL unrecoverable disk error
INFO processed 192.168.178.215 items
DEBUG variable x=192.168.107.168
FATAL kernel panic
INFO connection established
DEBUG variable x=192.168.57.185
FATAL unrecoverable disk error
WARN retry attempt 192.168.92.139 for 22743
FATAL kernel panic
ERROR auth failure for user 192.168.215.207
DEBUG cache hit for key=192.168.39.155
INFO user 192.168.178.215 logged in
FATAL kernel panic
WARN retry attempt 192.168.57.185 for 3734
DEBUG cache hit for key=192.168.142.104
DEBUG heap size: 192.168.39.155
FATAL unrecoverable disk error
WARN memory threshold reached: 192.168.60.30MB
WARN retry attempt 192.168.107.168 for 15876
ERROR connection timeout 503
FATAL kernel panic
ERROR null pointer in module 192.168.60.30
DEBUG entering function foo
ERROR null pointer in module 192.168.229.48
INFO processed 192.168.219.168 items
ERROR null pointer in module 192.168.36.209
FATAL kernel panic
INFO connection established
INFO request from 192.168.92.139
ERROR null pointer in module 192.168.189.144
WARN retry attempt 192.168.189.144 for 70889
FATAL unrecoverable disk error
DEBUG entering function foo
ERROR file not found: /tmp/192.168.57.185.log
DEBUG cache hit for key=192.168.60.30
WARN slow query: 192.168.107.168ms
FATAL segfault at address 0x192.168.219.168
WARN retry attempt 192.168.36.209 for 10098
DEBUG heap size: 192.168.82.31
FATAL segfault at address 0x192.168.141.220
FATAL segfault at address 0x192.168.215.207
WARN retry attempt 192.168.215.207 for 15599
INFO user 192.168.121.141 logged in
ERROR file not found: /tmp/192.168.60.30.log
DEBUG cache hit for key=192.168.57.185
DEBUG cache hit for key=192.168.9.50
DEBUG cache hit for key=192.168.229.48
WARN memory threshold reached: 192.168.141.220MB
INFO user 192.168.82.31 logged in
WARN retry attempt 192.168.215.207 for 39607
DEBUG variable x=192.168.82.31
FATAL unrecoverable disk error
DEBUG variable x=192.168.229.48
WARN retry attempt 192.168.121.141 for 86693
WARN memory threshold reached: 192.168.178.215MB
INFO connection established
ERROR null pointer in module 192.168.107.168
DEBUG variable x=192.168.9.50
DEBUG cache hit for key=192.168.178.6
ERROR null pointer in module 192.168.197.186
FATAL segfault at address 0x192.168.178.6
ERROR null pointer in module 192.168.211.158
DEBUG cache hit for key=192.168.178.6
DEBUG cache hit for key=192.168.197.186
ERROR connection timeout 503
INFO connection established
DEBUG cache hit for key=192.168.197.186
DEBUG entering function foo
ERROR file not found: /tmp/192.168.178.215.log
INFO processed 192.168.193.243 items
FATAL segfault at address 0x192.168.211.158
INFO processed 192.168.9.50 items
INFO request from 192.168.219.168
WARN slow query: 192.168.142.104ms
WARN retry attempt 192.168.57.185 for 63612
INFO user 192.168.36.209 logged in
DEBUG entering function foo
DEBUG variable x=192.168.211.158
INFO connection established
FATAL segfault at address 0x192.168.178.215
ERROR auth failure for user 192.168.229.48
INFO user 192.168.211.158 logged in
WARN retry attempt 192.168.60.30 for 21752
ERROR file not found: /tmp/192.168.82.31.log
WARN memory threshold reached: 192.168.215.207MB
INFO user 192.168.121.141 logged in
ERROR auth failure for user 192.168.36.209
ERROR file not found: /tmp/192.168.219.168.log
ERROR file not found: /tmp/192.168.211.158.log
ERROR connection timeout 503
INFO connection established
FATAL unrecoverable disk error
WARN retry attempt 192.168.219.168 for 83391
DEBUG variable x=192.168.39.155
FATAL out of memory
WARN retry attempt 192.168.60.30 for 49731
INFO request from 192.168.211.158
DEBUG heap size: 192.168.121.141
DEBUG heap size: 192.168.178.6
DEBUG entering function foo
ERROR file not found: /tmp/192.168.178.215.log
DEBUG cache hit for key=192.168.39.155
ERROR auth failure for user 192.168.39.155
WARN slow query: 192.168.107.168ms
FATAL segfault at address 0x192.168.193.243
WARN retry attempt 192.168.107.168 for 16718
DEBUG entering function foo
ERROR connection timeout 503
INFO request from 192.168.211.158
FATAL segfault at address 0x192.168.178.215
INFO connection established
WARN disk usage 192.168.121.141%
WARN slow query: 192.168.197.186ms
WARN disk usage 192.168.229.48%
ERROR null pointer in module 192.168.211.158
WARN slow query: 192.168.39.155ms
INFO user 192.168.193.243 logged in
FATAL kernel panic
ERROR file not found: /tmp/192.168.197.186.log
WARN slow query: 192.168.178.215ms
ERROR file not found: /tmp/192.168.60.30.log
WARN memory threshold reached: 192.168.57.185MB
WARN retry attempt 192.168.82.31 for 57627
FATAL segfault at address 0x192.168.178.6
INFO connection established
WARN slow query: 192.168.9.50ms
INFO request from 192.168.197.186
DEBUG entering function foo
DEBUG variable x=192.168.211.158
ERROR file not found: /tmp/192.168.211.158.log
INFO connection established
INFO request from 192.168.141.220
ERROR null pointer in module 192.168.107.168
ERROR file not found: /tmp/192.168.219.168.log
FATAL unrecoverable disk error
WARN disk usage 192.168.211.158%
FATAL kernel panic
FATAL out of memory
INFO processed 192.168.39.155 items
INFO connection established
INFO request from 192.168.121.141
WARN memory threshold reached: 192.168.219.168MB
FATAL unrecoverable disk error
INFO user 192.168.107.168 logged in
WARN memory threshold reached: 192.168.60.30MB
ERROR auth failure for user 192.168.178.6
FATAL segfault at address 0x192.168.107.168
ERROR null pointer in module 192.168.57.185
FATAL segfault at address 0x192.168.39.155
DEBUG heap size: 192.168.57.185
INFO user 192.168.9.50 logged in
FATAL out of memory
DEBUG cache hit for key=192.168.9.50
WARN disk usage 192.168.178.215%
DEBUG entering function foo
INFO connection established
DEBUG heap size: 192.168.107.168
ERROR null pointer in module 192.168.142.104
DEBUG variable x=192.168.92.139
FATAL segfault at address 0x192.168.121.141
DEBUG entering function foo
ERROR null pointer in module 192.168.219.168
FATAL out of memory
FATAL out of memory
ERROR file not found: /tmp/192.168.178.6.log
ERROR null pointer in module 192.168.121.141
DEBUG entering function foo
INFO processed 192.168.36.209 items
WARN slow query: 192.168.215.207ms
WARN slow query: 192.168.229.48ms
WARN slow query: 192.168.215.207ms
INFO connection established
INFO request from 192.168.211.158
FATAL unrecoverable disk error
INFO connection established
FATAL segfault at address 0x192.168.36.209
DEBUG variable x=192.168.60.30
INFO processed 192.168.141.220 items
INFO processed 192.168.141.220 items
FATAL unrecoverable disk error
FATAL unrecoverable disk error
ERROR file not found: /tmp/192.168.197.186.log
DEBUG entering function foo
DEBUG variable x=192.168.60.30
FATAL unrecoverable disk error
INFO request from 192.168.9.50
DEBUG variable x=192.168.36.209
FATAL out of memory
ERROR connection timeout 503
DEBUG heap size: 192.168.121.141
INFO user 192.168.189.144 logged in
ERROR connection timeout 503
DEBUG entering function foo
FATAL kernel panic
DEBUG cache hit for key=192.168.92.139
DEBUG entering function foo
WARN retry attempt 192.168.9.50 for 75045
INFO user 192.168.229.48 logged in
ERROR auth failure for user 192.168.219.168
FATAL segfault at address 0x192.168.142.104
INFO user 192.168.193.243 logged in
WARN memory threshold reached: 192.168.229.48MB
WARN disk usage 192.168.229.48%
WARN disk usage 192.168.82.31%
INFO connection established
WARN slow query: 192.168.92.139ms
FATAL kernel panic
DEBUG heap size: 192.168.211.158
FATAL unrecoverable disk error
ERROR auth failure for user 192.168.193.243
DEBUG variable x=192.168.57.185
INFO processed 192.168.215.207 items
WARN memory threshold reached: 192.168.193.243MB
ERROR auth failure for user 192.168.57.185
ERROR connection timeout 503
ERROR null pointer in module 192.168.9.50
FATAL segfault at address 0x192.168.36.209
INFO processed 192.168.142.104 items
ERROR file not found: /tmp/192.168.215.207.log
DEBUG variable x=192.168.211.158
DEBUG heap size: 192.168.193.243
FATAL unrecoverable disk error
FATAL segfault at address 0x192.168.9.50
ERROR file not found: /tmp/192.168.215.207.log
INFO processed 192.168.197.186 items
WARN retry attempt 192.168.219.168 for 65764
WARN retry attempt 192.168.219.168 for 45115
INFO user 192.168.142.104 logged in
INFO request from 192.168.178.215
DEBUG heap size: 192.168.39.155
WARN retry attempt 192.168.60.30 for 63613
WARN slow query: 192.168.142.104ms
DEBUG entering function foo
FATAL segfault at address 0x192.168.141.220
WARN slow query: 192.168.92.139ms
WARN retry attempt 192.168.189.144 for 46814
WARN retry attempt 192.168.121.141 for 64927
ERROR file not found: /tmp/192.168.141.220.log
DEBUG variable x=192.168.92.139
FATAL segfault at address 0x192.168.197.186
DEBUG variable x=192.168.60.30
FATAL unrecoverable disk error
DEBUG variable x=192.168.178.6
FATAL unrecoverable disk error
WARN disk usage 192.168.197.186%
DEBUG cache hit for key=192.168.121.141
WARN retry attempt 192.168.178.6 for 2421
FATAL out of memory
INFO user 192.168.82.31 logged in
FATAL segfault at address 0x192.168.82.31
WARN memory threshold reached: 192.168.92.139MB
FATAL segfault at address 0x192.168.211.158
ERROR null pointer in module 192.168.189.144
ERROR null pointer in module 192.168.229.48
INFO processed 192.168.197.186 items
FATAL unrecoverable disk error
FATAL kernel panic
DEBUG variable x=192.168.57.185
ERROR connection timeout 503
DEBUG cache hit for key=192.168.178.6
WARN memory threshold reached: 192.168.178.215MB
INFO user 192.168.39.155 logged in
ERROR connection timeout 503
WARN slow query: 192.168.57.185ms
DEBUG entering function foo
WARN retry attempt 192.168.39.155 for 68710
DEBUG cache hit for key=192.168.197.186
FATAL unrecoverable disk error
INFO connection established
ERROR null pointer in module 192.168.219.168
INFO processed 192.168.178.215 items
INFO processed 192.168.178.6 items
DEBUG cache hit for key=192.168.107.168
INFO connection established
WARN retry attempt 192.168.211.158 for 50228
WARN disk usage 192.168.57.185%
DEBUG cache hit for key=192.168.141.220
DEBUG cache hit for key=192.168.219.168
DEBUG cache hit for key=192.168.178.215
ERROR file not found: /tmp/192.168.193.243.log
ERROR file not found: /tmp/192.168.211.158.log
ERROR connection timeout 503
WARN slow query: 192.168.39.155ms
WARN disk usage 192.168.57.185%
WARN retry attempt 192.168.82.31 for 13116
WARN memory threshold reached: 192.168.211.158MB
WARN memory threshold reached: 192.168.57.185MB
WARN retry attempt 192.168.178.215 for 92081
INFO connection established
FATAL kernel panic
FATAL unrecoverable disk error
DEBUG variable x=192.168.141.220
INFO processed 192.168.107.168 items
WARN retry attempt 192.168.57.185 for 42984
INFO user 192.168.9.50 logged in
DEBUG heap size: 192.168.92.139
FATAL unrecoverable disk error
FATAL kernel panic
DEBUG heap size: 192.168.142.104
FATAL unrecoverable disk error
ERROR connection timeout 503
DEBUG heap size: 192.168.92.139
INFO request from 192.168.178.215
FATAL unrecoverable disk error
ERROR connection timeout 503
DEBUG cache hit for key=192.168.36.209
FATAL kernel panic
WARN slow query: 192.168.189.144ms
WARN retry attempt 192.168.92.139 for 25230
DEBUG variable x=192.168.219.168
DEBUG heap size: 192.168.57.185
ERROR auth failure for user 192.168.60.30
FATAL segfault at address 0x192.168.219.168
WARN slow query: 192.168.178.6ms
INFO processed 192.168.107.168 items
WARN slow query: 192.168.215.207ms
FATAL unrecoverable disk error
DEBUG cache hit for key=192.168.82.31
WARN memory threshold reached: 192.168.142.104MB
FATAL kernel panic
FATAL out of memory
WARN memory threshold reached: 192.168.9.50MB
DEBUG variable x=192.168.219.168
DEBUG cache hit for key=192.168.211.158
WARN memory threshold reached: 192.168.141.220MB
DEBUG variable x=192.168.82.31
FATAL out of memory
WARN slow query: 192.168.121.141ms
ERROR null pointer in module 192.168.193.243
FATAL out of memory
FATAL unrecoverable disk error
INFO request from 192.168.219.168
ERROR file not found: /tmp/192.168.9.50.log
ERROR auth failure for user 192.168.121.141
WARN memory threshold reached: 192.168.193.243MB
INFO processed 192.168.57.185 items
DEBUG heap size: 192.168.107.168
INFO connection established
WARN retry attempt 192.168.215.207 for 4172
ERROR null pointer in module 192.168.39.155
ERROR file not found: /tmp/192.168.193.243.log
WARN disk usage 192.168.189.144%
FATAL segfault at address 0x192.168.141.220
INFO connection established
ERROR file not found: /tmp/192.168.39.155.log
ERROR connection timeout 503
WARN disk usage 192.168.215.207%
DEBUG variable x=192.168.211.158
WARN slow query: 192.168.219.168ms
INFO processed 192.168.107.168 items
FATAL out of memory
WARN disk usage 192.168.142.104%
FATAL out of memory
WARN slow query: 192.168.178.215ms
DEBUG heap size: 192.168.92.139
WARN slow query: 192.168.92.139ms
DEBUG variable x=192.168.197.186
DEBUG entering function foo
FATAL segfault at address 0x192.168.121.141
WARN memory threshold reached: 192.168.107.168MB
FATAL unrecoverable disk error
DEBUG heap size: 192.168.92.139
WARN disk usage 192.168.211.158%
WARN memory threshold reached: 192.168.92.139MB
INFO user 192.168.92.139 logged in
WARN disk usage 192.168.141.220%
WARN disk usage 192.168.142.104%
FATAL unrecoverable disk error
INFO user 192.168.39.155 logged in
ERROR file not found: /tmp/192.168.60.30.log
WARN retry attempt 192.168.141.220 for 33896
DEBUG entering function foo
DEBUG cache hit for key=192.168.121.141
ERROR null pointer in module 192.168.107.168
ERROR auth failure for user 192.168.193.243
INFO processed 192.168.197.186 items
INFO processed 192.168.82.31 items
DEBUG heap size: 192.168.82.31
FATAL kernel panic
FATAL unrecoverable disk error
FATAL out of memory
DEBUG entering function foo
WARN slow query: 192.168.39.155ms
WARN disk usage 192.168.57.185%
ERROR auth failure for user 192.168.219.168
FATAL segfault at address 0x192.168.211.158
INFO connection established
WARN slow query: 192.168.229.48ms
FATAL kernel panic
DEBUG entering function foo
ERROR null pointer in module 192.168.39.155
FATAL segfault at address 0x192.168.107.168
INFO processed 192.168.142.104 items
DEBUG heap size: 192.168.215.207
DEBUG cache hit for key=192.168.142.104
DEBUG cache hit for key=192.168.121.141
INFO connection established
INFO user 192.168.193.243 logged in
ERROR connection timeout 503
DEBUG entering function foo
INFO user 192.168.193.243 logged in
WARN memory threshold reached: 192.168.141.220MB
INFO connection established
WARN disk usage 192.168.219.168%
INFO connection established
FATAL unrecoverable disk error
DEBUG heap size: 192.168.57.185
FATAL kernel panic
DEBUG variable x=192.168.9.50
DEBUG variable x=192.168.82.31
ERROR null pointer in module 192.168.141.220
INFO processed 192.168.219.168 items
DEBUG heap size: 192.168.39.155
WARN retry attempt 192.168.189.144 for 37371
ERROR auth failure for user 192.168.215.207
FATAL unrecoverable disk error
DEBUG entering function foo
WARN memory threshold reached: 192.168.141.220MB
DEBUG entering function foo
INFO processed 192.168.36.209 items
FATAL segfault at address 0x192.168.197.186
INFO request from 192.168.121.141
FATAL kernel panic
INFO request from 192.168.92.139
WARN slow query: 192.168.141.220ms
ERROR auth failure for user 192.168.39.155
ERROR file not found: /tmp/192.168.211.158.log
FATAL segfault at address 0x192.168.36.209
FATAL unrecoverable disk error
ERROR file not found: /tmp/192.168.178.215.log
ERROR null pointer in module 192.168.57.185
ERROR file not found: /tmp/192.168.57.185.log
ERROR connection timeout 503
WARN memory threshold reached: 192.168.215.207MB
DEBUG cache hit for key=192.168.197.186
INFO processed 192.168.121.141 items
FATAL segfault at address 0x192.168.211.158
WARN slow query: 192.168.142.104ms
WARN memory threshold reached: 192.168.193.243MB
ERROR auth failure for user 192.168.141.220
INFO request from 192.168.211.158
DEBUG cache hit for key=192.168.57.185
INFO connection established
WARN disk usage 192.168.189.144%
WARN retry attempt 192.168.60.30 for 57528
WARN disk usage 192.168.178.215%
ERROR null pointer in module 192.168.178.215
FATAL segfault at address 0x192.168.215.207
DEBUG variable x=192.168.219.168
DEBUG cache hit for key=192.168.215.207
ERROR auth failure for user 192.168.107.168
WARN memory threshold reached: 192.168.215.207MB
WARN disk usage 192.168.178.215%
ERROR auth failure for user 192.168.57.185
FATAL out of memory
DEBUG entering function foo
INFO user 192.168.36.209 logged in
DEBUG entering function foo
ERROR file not found: /tmp/192.168.121.141.log
WARN memory threshold reached: 192.168.142.104MB
DEBUG cache hit for key=192.168.219.168
ERROR connection timeout 503
DEBUG cache hit for key=192.168.189.144
FATAL out of memory
WARN memory threshold reached: 192.168.215.207MB
INFO processed 192.168.229.48 items
INFO request from 192.168.39.155
INFO request from 192.168.142.104
INFO user 192.168.229.48 logged in
INFO request from 192.168.92.139
ERROR connection timeout 503
INFO request from 192.168.39.155
FATAL out of memory
WARN memory threshold reached: 192.168.57.185MB
INFO processed 192.168.178.6 items
WARN slow query: 192.168.193.243ms
DEBUG variable x=192.168.92.139
FATAL out of memory
FATAL segfault at address 0x192.168.178.6
INFO connection established
INFO connection established
WARN retry attempt 192.168.178.6 for 80512
WARN memory threshold reached: 192.168.36.209MB
INFO user 192.168.215.207 logged in
INFO request from 192.168.60.30
WARN slow query: 192.168.142.104ms
FATAL kernel panic
ERROR file not found: /tmp/192.168.189.144.log
INFO processed 192.168.229.48 items
ERROR file not found: /tmp/192.168.82.31.log
WARN retry attempt 192.168.92.139 for 97392
DEBUG variable x=192.168.141.220
WARN slow query: 192.168.178.6ms
DEBUG heap size: 192.168.229.48
WARN slow query: 192.168.36.209ms
DEBUG heap size: 192.168.197.186
WARN disk usage 192.168.9.50%
INFO processed 192.168.229.48 items
FATAL segfault at address 0x192.168.189.144
FATAL unrecoverable disk error
DEBUG variable x=192.168.107.168
FATAL out of memory
ERROR file not found: /tmp/192.168.107.168.log
DEBUG entering function foo
INFO user 192.168.178.215 logged in
ERROR auth failure for user 192.168.193.243
DEBUG cache hit for key=192.168.215.207
DEBUG heap size: 192.168.60.30
DEBUG heap size: 192.168.39.155
FATAL unrecoverable disk error
FATAL unrecoverable disk error
INFO request from 192.168.178.6
ERROR connection timeout 503
INFO connection established
WARN memory threshold reached: 192.168.178.215MB
FATAL out of memory
FATAL kernel panic
WARN retry attempt 192.168.36.209 for 99282
FATAL kernel panic
FATAL out of memory
INFO connection established
ERROR file not found: /tmp/192.168.142.104.log
ERROR null pointer in module 192.168.142.104
FATAL out of memory
DEBUG variable x=192.168.178.215
ERROR null pointer in module 192.168.189.144
FATAL segfault at address 0x192.168.193.243
INFO user 192.168.197.186 logged in
FATAL out of memory
ERROR auth failure for user 192.168.92.139
INFO user 192.168.178.6 logged in
WARN memory threshold reached: 192.168.39.155MB
INFO connection established
FATAL out of memory
FATAL out of memory
FATAL out of memory
INFO processed 192.168.39.155 items
WARN disk usage 192.168.142.104%
WARN slow query: 192.168.82.31ms
INFO connection established
ERROR connection timeout 503
INFO processed 192.168.39.155 items
DEBUG heap size: 192.168.211.158
ERROR connection timeout 503
FATAL unrecoverable disk error
DEBUG entering function foo
INFO processed 192.168.82.31 items
FATAL unrecoverable disk error
INFO processed 192.168.229.48 items
DEBUG entering function foo
DEBUG entering function foo
ERROR null pointer in module 192.168.229.48
INFO processed 192.168.9.50 items
WARN memory threshold reached: 192.168.219.168MB
INFO user 192.168.178.215 logged in
INFO user 192.168.36.209 logged in
DEBUG entering function foo
FATAL unrecoverable disk error
INFO connection established
INFO processed 192.168.36.209 items
WARN memory threshold reached: 192.168.107.168MB
ERROR connection timeout 503
FATAL kernel panic
WARN slow query: 192.168.193.243ms
WARN memory threshold reached: 192.168.60.30MB
WARN retry attempt 192.168.121.141 for 60721
WARN slow query: 192.168.215.207ms
DEBUG variable x=192.168.215.207
INFO connection established
ERROR null pointer in module 192.168.178.6
INFO request from 192.168.121.141
ERROR connection timeout 503
FATAL kernel panic
FATAL unrecoverable disk error
DEBUG entering function foo
FATAL unrecoverable disk error
WARN disk usage 192.168.193.243%
WARN disk usage 192.168.189.144%
INFO request from 192.168.39.155
DEBUG heap size: 192.168.197.186
ERROR file not found: /tmp/192.168.107.168.log
FATAL kernel panic
ERROR auth failure for user 192.168.229.48
DEBUG cache hit for key=192.168.92.139
ERROR connection timeout 503
INFO processed 192.168.92.139 items
INFO processed 192.168.142.104 items
ERROR connection timeout 503
INFO request from 192.168.178.215
WARN retry attempt 192.168.142.104 for 90959
DEBUG heap size: 192.168.121.141
WARN memory threshold reached: 192.168.197.186MB
WARN memory threshold reached: 192.168.193.243MB
FATAL kernel panic
WARN memory threshold reached: 192.168.36.209MB
DEBUG entering function foo
DEBUG cache hit for key=192.168.178.215
DEBUG cache hit for key=192.168.189.144
DEBUG heap size: 192.168.141.220
WARN memory threshold reached: 192.168.211.158MB
WARN slow query: 192.168.211.158ms
ERROR null pointer in module 192.168.82.31
FATAL out of memory
INFO user 192.168.211.158 logged in
WARN memory threshold reached: 192.168.197.186MB
FATAL kernel panic
ERROR auth failure for user 192.168.142.104
DEBUG cache hit for key=192.168.178.6
FATAL out of memory
INFO processed 192.168.141.220 items
ERROR connection timeout 503
FATAL unrecoverable disk error
DEBUG cache hit for key=192.168.107.168
DEBUG cache hit for key=192.168.219.168
FATAL kernel panic
FATAL out of memory
FATAL unrecoverable disk error
DEBUG variable x=192.168.36.209
ERROR connection timeout 503
DEBUG entering function foo
ERROR file not found: /tmp/192.168.36.209.log
WARN slow query: 192.168.92.139ms
ERROR null pointer in module 192.168.57.185
ERROR file not found: /tmp/192.168.229.48.log
FATAL out of memory
DEBUG cache hit for key=192.168.211.158
DEBUG entering function foo
WARN slow query: 192.168.197.186ms
FATAL out of memory
DEBUG variable x=192.168.39.155
INFO user 192.168.178.6 logged in
DEBUG heap size: 192.168.229.48
ERROR null pointer in module 192.168.193.243
INFO connection established
ERROR auth failure for user 192.168.229.48
INFO processed 192.168.189.144 items
DEBUG cache hit for key=192.168.82.31
WARN memory threshold reached: 192.168.60.30MB
DEBUG entering function foo
FATAL unrecoverable disk error
FATAL unrecoverable disk error
INFO user 192.168.9.50 logged in
ERROR file not found: /tmp/192.168.121.141.log
DEBUG variable x=192.168.121.141
FATAL kernel panic
ERROR null pointer in module 192.168.219.168
DEBUG variable x=192.168.9.50
INFO processed 192.168.215.207 items
DEBUG heap size: 192.168.82.31
ERROR auth failure for user 192.168.178.215
DEBUG heap size: 192.168.36.209
FATAL out of memory
INFO processed 192.168.215.207 items
INFO user 192.168.197.186 logged in
INFO request from 192.168.189.144
ERROR auth failure for user 192.168.82.31
WARN memory threshold reached: 192.168.178.6MB
INFO request from 192.168.193.243
WARN slow query: 192.168.142.104ms
INFO user 192.168.121.141 logged in
WARN slow query: 192.168.121.141ms
INFO user 192.168.142.104 logged in
INFO connection established
INFO connection established
FATAL unrecoverable disk error
FATAL out of memory
INFO request from 192.168.141.220
INFO connection established
WARN slow query: 192.168.92.139ms
DEBUG variable x=192.168.229.48
FATAL out of memory
INFO request from 192.168.121.141
DEBUG cache hit for key=192.168.57.185
INFO user 192.168.36.209 logged in
INFO request from 192.168.107.168
INFO connection established
DEBUG cache hit for key=192.168.9.50
FATAL kernel panic
WARN slow query: 192.168.39.155ms
DEBUG heap size: 192.168.141.220
DEBUG entering function foo
INFO request from 192.168.60.30
FATAL kernel panic
INFO request from 192.168.219.168
FATAL unrecoverable disk error
INFO connection established
INFO request from 192.168.193.243
INFO request from 192.168.229.48
INFO connection established
INFO user 192.168.57.185 logged in
INFO processed 192.168.141.220 items
WARN retry attempt 192.168.178.6 for 25592
ERROR connection timeout 503
FATAL unrecoverable disk error
WARN slow query: 192.168.9.50ms
DEBUG heap size: 192.168.141.220
ERROR auth failure for user 192.168.189.144
DEBUG variable x=192.168.60.30
DEBUG heap size: 192.168.107.168
FATAL segfault at address 0x192.168.60.30
DEBUG variable x=192.168.9.50
INFO connection established
FATAL segfault at address 0x192.168.229.48
DEBUG variable x=192.168.36.209
WARN memory threshold reached: 192.168.229.48MB
ERROR connection timeout 503
INFO user 192.168.193.243 logged in
ERROR null pointer in module 192.168.142.104
FATAL kernel panic
DEBUG variable x=192.168.193.243
ERROR null pointer in module 192.168.39.155
INFO processed 192.168.57.185 items
FATAL unrecoverable disk error
WARN memory threshold reached: 192.168.193.243MB
DEBUG cache hit for key=192.168.178.215
DEBUG heap size: 192.168.178.6
INFO processed 192.168.189.144 items
INFO request from 192.168.9.50
WARN memory threshold reached: 192.168.142.104MB
ERROR auth failure for user 192.168.219.168
INFO user 192.168.57.185 logged in
DEBUG heap size: 192.168.141.220
INFO connection established
ERROR connection timeout 503
ERROR auth failure for user 192.168.60.30
ERROR null pointer in module 192.168.211.158
FATAL out of memory
FATAL kernel panic
DEBUG entering function foo
INFO connection established
INFO request from 192.168.141.220
INFO connection established
FATAL kernel panic
DEBUG cache hit for key=192.168.142.104
FATAL kernel panic
FATAL kernel panic
WARN disk usage 192.168.178.215%
FATAL kernel panic
INFO request from 192.168.189.144
DEBUG entering function foo
WARN memory threshold reached: 192.168.82.31MB
DEBUG entering function foo
FATAL out of memory
ERROR auth failure for user 192.168.219.168
INFO processed 192.168.215.207 items
WARN disk usage 192.168.219.168%
WARN slow query: 192.168.107.168ms
FATAL unrecoverable disk error
INFO connection established
INFO user 192.168.57.185 logged in
DEBUG entering function foo
FATAL kernel panic
WARN slow query: 192.168.60.30ms
DEBUG cache hit for key=192.168.121.141
DEBUG entering function foo
DEBUG cache hit for key=192.168.36.209
ERROR file not found: /tmp/192.168.141.220.log
FATAL kernel panic
INFO connection established
FATAL out of memory
ERROR auth failure for user 192.168.57.185
ERROR null pointer in module 192.168.193.243
FATAL kernel panic
FATAL kernel panic
DEBUG entering function foo
WARN retry attempt 192.168.215.207 for 41351
ERROR null pointer in module 192.168.178.6
INFO processed 192.168.39.155 items
DEBUG variable x=192.168.121.141
WARN slow query: 192.168.39.155ms
FATAL kernel panic
FATAL kernel panic
FATAL unrecoverable disk error
FATAL segfault at address 0x192.168.39.155
DEBUG entering function foo
WARN slow query: 192.168.178.6ms
INFO user 192.168.141.220 logged in
DEBUG variable x=192.168.211.158
ERROR auth failure for user 192.168.178.215
INFO connection established
FATAL out of memory
FATAL unrecoverable disk error
INFO request from 192.168.189.144
ERROR auth failure for user 192.168.142.104
ERROR connection timeout 503
DEBUG variable x=192.168.142.104
INFO processed 192.168.142.104 items
WARN retry attempt 192.168.215.207 for 11507
DEBUG variable x=192.168.60.30
ERROR file not found: /tmp/192.168.57.185.log
FATAL unrecoverable disk error
DEBUG heap size: 192.168.178.6
INFO user 192.168.141.220 logged in
FATAL segfault at address 0x192.168.178.215
WARN retry attempt 192.168.92.139 for 40141
WARN slow query: 192.168.229.48ms
ERROR null pointer in module 192.168.141.220
ERROR file not found: /tmp/192.168.107.168.log
DEBUG entering function foo
ERROR auth failure for user 192.168.193.243
WARN memory threshold reached: 192.168.189.144MB
DEBUG cache hit for key=192.168.92.139
INFO user 192.168.107.168 logged in
ERROR null pointer in module 192.168.107.168
ERROR connection timeout 503
INFO processed 192.168.9.50 items
WARN memory threshold reached: 192.168.107.168MB
INFO request from 192.168.189.144
DEBUG entering function foo
DEBUG heap size: 192.168.193.243
ERROR connection timeout 503
ERROR file not found: /tmp/192.168.107.168.log
INFO request from 192.168.193.243
DEBUG variable x=192.168.189.144
FATAL kernel panic
WARN memory threshold reached: 192.168.211.158MB
DEBUG heap size: 192.168.36.209
WARN retry attempt 192.168.197.186 for 21276
WARN memory threshold reached: 192.168.121.141MB
WARN slow query: 192.168.219.168ms
FATAL segfault at address 0x192.168.121.141
WARN disk usage 192.168.92.139%
FATAL segfault at address 0x192.168.9.50
WARN disk usage 192.168.178.215%
FATAL segfault at address 0x192.168.178.6
WARN memory threshold reached: 192.168.39.155MB
FATAL out of memory
FATAL out of memory
WARN retry attempt 192.168.178.6 for 60794
WARN retry attempt 192.168.60.30 for 69535
DEBUG entering function foo
INFO connection established
DEBUG entering function foo
ERROR null pointer in module 192.168.215.207
WARN disk usage 192.168.219.168%
INFO request from 192.168.92.139
FATAL kernel panic
FATAL segfault at address 0x192.168.178.6
WARN retry attempt 192.168.215.207 for 88701
FATAL out of memory
FATAL unrecoverable disk error
DEBUG cache hit for key=192.168.92.139
INFO connection established
DEBUG variable x=192.168.142.104
FATAL kernel panic
ERROR null pointer in module 192.168.178.6
DEBUG variable x=192.168.197.186
INFO user 192.168.39.155 logged in
FATAL kernel panic
WARN memory threshold reached: 192.168.121.141MB
WARN disk usage 192.168.39.155%
WARN retry attempt 192.168.197.186 for 71012
WARN retry attempt 192.168.141.220 for 74187
WARN memory threshold reached: 192.168.142.104MB
DEBUG entering function foo
INFO user 192.168.215.207 logged in
DEBUG cache hit for key=192.168.92.139
INFO user 192.168.60.30 logged in
ERROR auth failure for user 192.168.229.48
WARN retry attempt 192.168.57.185 for 76823
INFO connection established
DEBUG variable x=192.168.60.30
ERROR connection timeout 503
DEBUG entering function foo
INFO processed 192.168.82.31 items
WARN disk usage 192.168.142.104%
DEBUG cache hit for key=192.168.193.243
DEBUG variable x=192.168.215.207
INFO connection established
WARN memory threshold reached: 192.168.178.6MB
WARN memory threshold reached: 192.168.197.186MB
WARN retry attempt 192.168.92.139 for 84470
FATAL unrecoverable disk error
FATAL out of memory
WARN memory threshold reached: 192.168.9.50MB
DEBUG variable x=192.168.60.30
ERROR connection timeout 503
DEBUG entering function foo
ERROR null pointer in module 192.168.178.6
WARN disk usage 192.168.178.215%
FATAL out of memory
FATAL unrecoverable disk error
FATAL segfault at address 0x192.168.60.30
WARN slow query: 192.168.92.139ms
FATAL out of memory
DEBUG cache hit for key=192.168.178.215
INFO processed 192.168.141.220 items
DEBUG cache hit for key=192.168.142.104
INFO processed 192.168.107.168 items
ERROR connection timeout 503
INFO request from 192.168.189.144
INFO connection established
INFO connection established
DEBUG variable x=192.168.178.215
WARN slow query: 192.168.193.243ms
FATAL out of memory
WARN slow query: 192.168.36.209ms
WARN retry attempt 192.168.215.207 for 7320
ERROR null pointer in module 192.168.36.209
ERROR connection timeout 503
ERROR file not found: /tmp/192.168.9.50.log
INFO request from 192.168.36.209
ERROR file not found: /tmp/192.168.107.168.log
WARN memory threshold reached: 192.168.141.220MB
FATAL segfault at address 0x192.168.9.50
WARN retry attempt 192.168.9.50 for 71124
INFO user 192.168.92.139 logged in
INFO request from 192.168.178.6
DEBUG variable x=192.168.142.104
FATAL unrecoverable disk error
FATAL segfault at address 0x192.168.229.48
INFO user 192.168.229.48 logged in
FATAL kernel panic
INFO request from 192.168.178.6
DEBUG cache hit for key=192.168.193.243
DEBUG entering function foo
DEBUG heap size: 192.168.107.168
FATAL out of memory
FATAL unrecoverable disk error
WARN disk usage 192.168.229.48%
ERROR file not found: /tmp/192.168.215.207.log
DEBUG entering function foo
FATAL out of memory
FATAL kernel panic
WARN retry attempt 192.168.121.141 for 38064
DEBUG entering function foo
FATAL kernel panic
FATAL out of memory
ERROR null pointer in module 192.168.211.158
FATAL out of memory
DEBUG entering function foo
WARN disk usage 192.168.178.6%
WARN slow query: 192.168.211.158ms
FATAL kernel panic
DEBUG heap size: 192.168.60.30
FATAL out of memory
WARN disk usage 192.168.215.207%
WARN disk usage 192.168.229.48%
INFO request from 192.168.60.30
FATAL segfault at address 0x192.168.219.168
INFO processed 192.168.92.139 items
FATAL kernel panic
DEBUG entering function foo
WARN retry attempt 192.168.142.104 for 35740
INFO processed 192.168.142.104 items
INFO connection established
INFO processed 192.168.107.168 items
ERROR null pointer in module 192.168.60.30
FATAL kernel panic
WARN memory threshold reached: 192.168.57.185MB
FATAL segfault at address 0x192.168.82.31
INFO request from 192.168.39.155
FATAL unrecoverable disk error
INFO processed 192.168.142.104 items
INFO connection established
FATAL unrecoverable disk error
FATAL unrecoverable disk error
FATAL unrecoverable disk error
INFO connection established
WARN memory threshold reached: 192.168.107.168MB
DEBUG cache hit for key=192.168.189.144
DEBUG heap size: 192.168.39.155
WARN retry attempt 192.168.9.50 for 91042
DEBUG heap size: 192.168.197.186
ERROR null pointer in module 192.168.142.104
FATAL segfault at address 0x192.168.36.209
INFO user 192.168.141.220 logged in
FATAL kernel panic
ERROR auth failure for user 192.168.229.48
DEBUG cache hit for key=192.168.193.243
FATAL unrecoverable disk error
FATAL unrecoverable disk error
ERROR connection timeout 503
FATAL out of memory
WARN disk usage 192.168.219.168%
WARN memory threshold reached: 192.168.107.168MB
WARN disk usage 192.168.197.186%
ERROR connection timeout 503
WARN slow query: 192.168.107.168ms
ERROR null pointer in module 192.168.197.186
DEBUG entering function foo
FATAL unrecoverable disk error
DEBUG entering function foo
FATAL unrecoverable disk error
INFO user 192.168.178.6 logged in
ERROR auth failure for user 192.168.229.48
FATAL unrecoverable disk error
DEBUG heap size: 192.168.39.155
ERROR auth failure for user 192.168.141.220
FATAL unrecoverable disk error
DEBUG heap size: 192.168.193.243
INFO connection established
INFO user 192.168.189.144 logged in
ERROR auth failure for user 192.168.121.141
FATAL out of memory
INFO user 192.168.9.50 logged in
DEBUG entering function foo
INFO user 192.168.92.139 logged in
INFO connection established
INFO connection established
INFO connection established
DEBUG variable x=192.168.141.220
INFO user 192.168.60.30 logged in
INFO request from 192.168.178.6
WARN retry attempt 192.168.178.215 for 89415
FATAL segfault at address 0x192.168.215.207
ERROR file not found: /tmp/192.168.57.185.log
DEBUG entering function foo
WARN memory threshold reached: 192.168.219.168MB
DEBUG variable x=192.168.211.158
INFO request from 192.168.36.209
INFO connection established
ERROR connection timeout 503
FATAL kernel panic
ERROR file not found: /tmp/192.168.229.48.log
INFO request from 192.168.60.30
DEBUG cache hit for key=192.168.92.139
FATAL unrecoverable disk error
INFO user 192.168.178.215 logged in
ERROR connection timeout 503
INFO processed 192.168.82.31 items
ERROR connection timeout 503
DEBUG heap size: 192.168.229.48
ERROR file not found: /tmp/192.168.189.144.log
ERROR auth failure for user 192.168.215.207
FATAL kernel panic
DEBUG entering function foo
WARN retry attempt 192.168.39.155 for 81536
WARN disk usage 192.168.57.185%
WARN slow query: 192.168.197.186ms
INFO user 192.168.197.186 logged in
DEBUG cache hit for key=192.168.141.220
INFO user 192.168.82.31 logged in
INFO user 192.168.141.220 logged in
INFO processed 192.168.189.144 items
FATAL kernel panic
DEBUG variable x=192.168.82.31
FATAL segfault at address 0x192.168.229.48
DEBUG variable x=192.168.60.30
FATAL kernel panic
INFO connection established
FATAL segfault at address 0x192.168.229.48
WARN memory threshold reached: 192.168.57.185MB
ERROR null pointer in module 192.168.142.104
WARN memory threshold reached: 192.168.197.186MB
ERROR null pointer in module 192.168.121.141
FATAL kernel panic
WARN disk usage 192.168.141.220%
WARN slow query: 192.168.229.48ms
DEBUG entering function foo
WARN retry attempt 192.168.39.155 for 37692
ERROR auth failure for user 192.168.141.220
INFO user 192.168.193.243 logged in
WARN disk usage 192.168.121.141%
WARN retry attempt 192.168.229.48 for 20090
DEBUG heap size: 192.168.142.104
FATAL unrecoverable disk error
ERROR connection timeout 503
INFO processed 192.168.229.48 items
ERROR connection timeout 503
ERROR null pointer in module 192.168.141.220
WARN retry attempt 192.168.9.50 for 98962
ERROR connection timeout 503
ERROR connection timeout 503
DEBUG variable x=192.168.229.48
WARN memory threshold reached: 192.168.178.215MB
FATAL segfault at address 0x192.168.39.155
FATAL out of memory
FATAL segfault at address 0x192.168.39.155
DEBUG cache hit for key=192.168.219.168
ERROR auth failure for user 192.168.189.144
WARN disk usage 192.168.9.50%
INFO request from 192.168.189.144
FATAL segfault at address 0x192.168.178.6
FATAL unrecoverable disk error
FATAL kernel panic
DEBUG variable x=192.168.92.139
DEBUG variable x=192.168.215.207
FATAL segfault at address 0x192.168.178.6
ERROR connection timeout 503
WARN slow query: 192.168.121.141ms
WARN disk usage 192.168.178.6%
INFO user 192.168.39.155 logged in
INFO request from 192.168.178.6
DEBUG entering function foo
WARN slow query: 192.168.178.215ms
FATAL kernel panic
FATAL out of memory
DEBUG variable x=192.168.57.185
FATAL kernel panic
DEBUG heap size: 192.168.36.209
FATAL segfault at address 0x192.168.189.144
WARN retry attempt 192.168.219.168 for 75846
INFO processed 192.168.178.215 items
WARN slow query: 192.168.39.155ms
INFO user 192.168.60.30 logged in
INFO connection established
INFO connection established
ERROR connection timeout 503
INFO user 192.168.178.215 logged in
FATAL segfault at address 0x192.168.229.48
DEBUG variable x=192.168.121.141
FATAL out of memory
FATAL kernel panic
FATAL segfault at address 0x192.168.215.207
ERROR auth failure for user 192.168.121.141
ERROR auth failure for user 192.168.178.215
INFO user 192.168.60.30 logged in
WARN retry attempt 192.168.215.207 for 8905
WARN retry attempt 192.168.193.243 for 52662
DEBUG entering function foo
FATAL segfault at address 0x192.168.189.144
WARN slow query: 192.168.57.185ms
FATAL kernel panic
INFO request from 192.168.82.31
WARN memory threshold reached: 192.168.178.215MB
DEBUG cache hit for key=192.168.219.168
INFO connection established
DEBUG heap size: 192.168.178.6
DEBUG variable x=192.168.82.31
FATAL kernel panic
FATAL out of memory
WARN retry attempt 192.168.178.6 for 19417
WARN disk usage 192.168.189.144%
FATAL segfault at address 0x192.168.229.48
FATAL segfault at address 0x192.168.39.155
FATAL kernel panic
INFO processed 192.168.141.220 items
FATAL out of memory
ERROR auth failure for user 192.168.107.168
FATAL segfault at address 0x192.168.178.6
FATAL unrecoverable disk error
ERROR connection timeout 503
FATAL kernel panic
FATAL kernel panic
ERROR file not found: /tmp/192.168.178.215.log
FATAL out of memory
ERROR auth failure for user 192.168.189.144
ERROR null pointer in module 192.168.219.168
WARN memory threshold reached: 192.168.9.50MB
DEBUG cache hit for key=192.168.178.6
ERROR null pointer in module 192.168.178.6
FATAL out of memory
FATAL unrecoverable disk error
ERROR null pointer in module 192.168.36.209
ERROR auth failure for user 192.168.82.31
FATAL out of memory
INFO user 192.168.215.207 logged in
DEBUG heap size: 192.168.229.48
DEBUG entering function foo
DEBUG heap size: 192.168.211.158
DEBUG heap size: 192.168.121.141
INFO processed 192.168.82.31 items
DEBUG entering function foo
DEBUG entering function foo
INFO request from 192.168.178.215
FATAL segfault at address 0x192.168.39.155
INFO request from 192.168.189.144
INFO user 192.168.60.30 logged in
FATAL kernel panic
INFO connection established
WARN disk usage 192.168.229.48%
FATAL segfault at address 0x192.168.193.243
WARN retry attempt 192.168.215.207 for 62741
WARN memory threshold reached: 192.168.57.185MB
INFO processed 192.168.39.155 items
ERROR file not found: /tmp/192.168.211.158.log
FATAL segfault at address 0x192.168.36.209
WARN memory threshold reached: 192.168.57.185MB
DEBUG entering function foo
DEBUG variable x=192.168.211.158
ERROR null pointer in module 192.168.193.243
DEBUG variable x=192.168.197.186
ERROR auth failure for user 192.168.219.168
WARN retry attempt 192.168.82.31 for 6997
INFO request from 192.168.36.209
INFO processed 192.168.9.50 items
FATAL out of memory
FATAL out of memory
FATAL unrecoverable disk error
INFO processed 192.168.215.207 items
DEBUG cache hit for key=192.168.215.207
WARN retry attempt 192.168.211.158 for 5455
WARN disk usage 192.168.178.215%
ERROR null pointer in module 192.168.92.139
DEBUG variable x=192.168.9.50
ERROR null pointer in module 192.168.107.168
INFO request from 192.168.189.144
DEBUG heap size: 192.168.193.243
WARN retry attempt 192.168.193.243 for 51993
ERROR file not found: /tmp/192.168.141.220.log
INFO processed 192.168.60.30 items
DEBUG variable x=192.168.178.215
INFO request from 192.168.141.220
FATAL kernel panic
DEBUG variable x=192.168.57.185
FATAL segfault at address 0x192.168.142.104
FATAL kernel panic
ERROR connection timeout 503
FATAL out of memory
WARN slow query: 192.168.82.31ms
WARN memory threshold reached: 192.168.189.144MB
FATAL out of memory
WARN retry attempt 192.168.57.185 for 60268
WARN disk usage 192.168.229.48%
WARN retry attempt 192.168.215.207 for 73496
INFO connection established
DEBUG entering function foo
INFO processed 192.168.82.31 items
DEBUG cache hit for key=192.168.189.144
FATAL unrecoverable disk error
DEBUG entering function foo
INFO connection established
INFO processed 192.168.57.185 items
FATAL unrecoverable disk error
DEBUG variable x=192.168.142.104
FATAL segfault at address 0x192.168.9.50
WARN slow query: 192.168.189.144ms
DEBUG cache hit for key=192.168.36.209
DEBUG heap size: 192.168.57.185
INFO processed 192.168.178.215 items
FATAL out of memory
ERROR auth failure for user 192.168.82.31
ERROR auth failure for user 192.168.121.141
FATAL segfault at address 0x192.168.107.168
ERROR auth failure for user 192.168.215.207
ERROR file not found: /tmp/192.168.178.6.log
DEBUG variable x=192.168.178.6
INFO processed 192.168.197.186 items
DEBUG variable x=192.168.82.31
INFO connection established
ERROR null pointer in module 192.168.92.139
WARN disk usage 192.168.211.158%
INFO connection established
WARN retry attempt 192.168.211.158 for 55179
DEBUG variable x=192.168.178.215
DEBUG variable x=192.168.121.141
INFO user 192.168.39.155 logged in
ERROR null pointer in module 192.168.36.209
ERROR auth failure for user 192.168.82.31
FATAL kernel panic
WARN memory threshold reached: 192.168.142.104MB
DEBUG heap size: 192.168.189.144
ERROR auth failure for user 192.168.39.155
INFO processed 192.168.121.141 items
WARN disk usage 192.168.82.31%
DEBUG heap size: 192.168.229.48
INFO connection established
ERROR auth failure for user 192.168.215.207
FATAL unrecoverable disk error
INFO processed 192.168.178.215 items
FATAL segfault at address 0x192.168.215.207
DEBUG cache hit for key=192.168.141.220
DEBUG entering function foo
INFO processed 192.168.178.215 items
INFO request from 192.168.92.139
FATAL out of memory
WARN disk usage 192.168.141.220%
INFO request from 192.168.82.31
DEBUG cache hit for key=192.168.39.155
FATAL out of memory
WARN slow query: 192.168.178.215ms
INFO user 192.168.215.207 logged in
DEBUG variable x=192.168.141.220
DEBUG cache hit for key=192.168.60.30
DEBUG cache hit for key=192.168.178.6
ERROR auth failure for user 192.168.107.168
INFO user 192.168.121.141 logged in
WARN retry attempt 192.168.142.104 for 69365
DEBUG heap size: 192.168.219.168
WARN retry attempt 192.168.229.48 for 62662
ERROR auth failure for user 192.168.219.168
INFO request from 192.168.107.168
FATAL out of memory
INFO request from 192.168.211.158
DEBUG entering function foo
INFO request from 192.168.197.186
INFO processed 192.168.178.215 items
ERROR auth failure for user 192.168.57.185
WARN memory threshold reached: 192.168.121.141MB
INFO user 192.168.57.185 logged in
FATAL segfault at address 0x192.168.60.30
ERROR file not found: /tmp/192.168.36.209.log
ERROR auth failure for user 192.168.215.207
ERROR auth failure for user 192.168.197.186
INFO connection established
ERROR null pointer in module 192.168.178.215
FATAL segfault at address 0x192.168.193.243
WARN slow query: 192.168.107.168ms
DEBUG entering function foo
INFO request from 192.168.215.207
FATAL out of memory
WARN memory threshold reached: 192.168.141.220MB
FATAL out of memory
ERROR auth failure for user 192.168.57.185
WARN disk usage 192.168.60.30%
DEBUG cache hit for key=192.168.178.215
INFO user 192.168.178.215 logged in
DEBUG cache hit for key=192.168.82.31
WARN memory threshold reached: 192.168.229.48MB
ERROR null pointer in module 192.168.178.215
DEBUG cache hit for key=192.168.211.158
DEBUG heap size: 192.168.107.168
FATAL unrecoverable disk error
FATAL out of memory
ERROR auth failure for user 192.168.193.243
FATAL segfault at address 0x192.168.92.139
DEBUG entering function foo
FATAL kernel panic
ERROR null pointer in module 192.168.197.186
WARN slow query: 192.168.229.48ms
FATAL unrecoverable disk error
FATAL segfault at address 0x192.168.60.30
INFO user 192.168.141.220 logged in
INFO user 192.168.9.50 logged in
ERROR null pointer in module 192.168.9.50
WARN slow query: 192.168.60.30ms
ERROR connection timeout 503
ERROR connection timeout 503
INFO user 192.168.92.139 logged in
ERROR auth failure for user 192.168.229.48
ERROR connection timeout 503
INFO processed 192.168.219.168 items
FATAL unrecoverable disk error
FATAL segfault at address 0x192.168.211.158
FATAL unrecoverable disk error
ERROR file not found: /tmp/192.168.141.220.log
FATAL unrecoverable disk error
INFO processed 192.168.36.209 items
INFO processed 192.168.9.50 items
INFO connection established
WARN slow query: 192.168.142.104ms
WARN retry attempt 192.168.211.158 for 47820
DEBUG heap size: 192.168.142.104
FATAL out of memory
FATAL unrecoverable disk error
DEBUG entering function foo
FATAL unrecoverable disk error
FATAL segfault at address 0x192.168.219.168
ERROR file not found: /tmp/192.168.215.207.log
FATAL kernel panic
WARN slow query: 192.168.60.30ms
ERROR connection timeout 503
WARN slow query: 192.168.36.209ms
ERROR connection timeout 503
INFO user 192.168.39.155 logged in
WARN slow query: 192.168.82.31ms
FATAL out of memory
WARN memory threshold reached: 192.168.82.31MB
FATAL segfault at address 0x192.168.193.243
ERROR file not found: /tmp/192.168.60.30.log
ERROR file not found: /tmp/192.168.121.141.log
DEBUG heap size: 192.168.60.30
ERROR connection timeout 503
FATAL unrecoverable disk error
ERROR null pointer in module 192.168.211.158
DEBUG cache hit for key=192.168.193.243
INFO processed 192.168.141.220 items
WARN slow query: 192.168.92.139ms
ERROR file not found: /tmp/192.168.36.209.log
WARN disk usage 192.168.60.30%
DEBUG cache hit for key=192.168.39.155
FATAL kernel panic
INFO request from 192.168.189.144
FATAL kernel panic
INFO processed 192.168.193.243 items
DEBUG heap size: 192.168.219.168
ERROR auth failure for user 192.168.189.144
ERROR auth failure for user 192.168.121.141
DEBUG cache hit for key=192.168.60.30
FATAL unrecoverable disk error
INFO request from 192.168.178.215
DEBUG entering function foo
DEBUG cache hit for key=192.168.60.30
INFO user 192.168.193.243 logged in
DEBUG entering function foo
ERROR null pointer in module 192.168.193.243
WARN slow query: 192.168.57.185ms
DEBUG heap size: 192.168.9.50
INFO connection established
FATAL out of memory
DEBUG variable x=192.168.178.215
DEBUG variable x=192.168.189.144
ERROR auth failure for user 192.168.178.6
DEBUG heap size: 192.168.92.139
FATAL unrecoverable disk error
ERROR connection timeout 503
WARN retry attempt 192.168.36.209 for 89599
INFO request from 192.168.178.6
DEBUG heap size: 192.168.197.186
DEBUG cache hit for key=192.168.178.6
DEBUG entering function foo
ERROR auth failure for user 192.168.142.104
ERROR auth failure for user 192.168.82.31
DEBUG heap size: 192.168.39.155
WARN slow query: 192.168.178.215ms
WARN retry attempt 192.168.219.168 for 38664
DEBUG cache hit for key=192.168.9.50
FATAL segfault at address 0x192.168.219.168
WARN memory threshold reached: 192.168.215.207MB
WARN memory threshold reached: 192.168.39.155MB
WARN slow query: 192.168.142.104ms
ERROR auth failure for user 192.168.215.207
DEBUG cache hit for key=192.168.189.144
FATAL out of memory
FATAL segfault at address 0x192.168.178.215
DEBUG variable x=192.168.215.207
ERROR auth failure for user 192.168.57.185
ERROR file not found: /tmp/192.168.215.207.log
FATAL segfault at address 0x192.168.219.168
FATAL out of memory
INFO request from 192.168.189.144
FATAL kernel panic
WARN disk usage 192.168.178.6%
INFO connection established
INFO processed 192.168.193.243 items
DEBUG cache hit for key=192.168.121.141
WARN slow query: 192.168.36.209ms
FATAL kernel panic
DEBUG heap size: 192.168.107.168
FATAL segfault at address 0x192.168.57.185
WARN memory threshold reached: 192.168.211.158MB
DEBUG variable x=192.168.178.6
INFO user 192.168.121.141 logged in
WARN disk usage 192.168.211.158%
INFO processed 192.168.197.186 items
ERROR file not found: /tmp/192.168.193.243.log
INFO request from 192.168.189.144
DEBUG entering function foo
INFO connection established
DEBUG heap size: 192.168.197.186
ERROR file not found: /tmp/192.168.219.168.log
ERROR file not found: /tmp/192.168.197.186.log
WARN disk usage 192.168.193.243%
FATAL segfault at address 0x192.168.39.155
WARN slow query: 192.168.229.48ms
ERROR null pointer in module 192.168.9.50
FATAL segfault at address 0x192.168.219.168
FATAL segfault at address 0x192.168.211.158
INFO user 192.168.219.168 logged in
ERROR file not found: /tmp/192.168.211.158.log
DEBUG cache hit for key=192.168.107.168
FATAL segfault at address 0x192.168.82.31
WARN memory threshold reached: 192.168.36.209MB
INFO user 192.168.219.168 logged in
WARN slow query: 192.168.142.104ms
FATAL kernel panic
FATAL unrecoverable disk error
WARN memory threshold reached: 192.168.193.243MB
DEBUG heap size: 192.168.189.144
INFO user 192.168.193.243 logged in
ERROR null pointer in module 192.168.36.209
WARN disk usage 192.168.92.139%
INFO request from 192.168.92.139
ERROR null pointer in module 192.168.141.220
INFO processed 192.168.121.141 items
DEBUG heap size: 192.168.60.30
DEBUG entering function foo
INFO connection established
ERROR auth failure for user 192.168.60.30
FATAL kernel panic
DEBUG variable x=192.168.219.168
WARN slow query: 192.168.189.144ms
INFO connection established
FATAL unrecoverable disk error
WARN retry attempt 192.168.178.6 for 56361
FATAL out of memory
WARN memory threshold reached: 192.168.9.50MB
FATAL out of memory
WARN memory threshold reached: 192.168.9.50MB
INFO connection established
INFO user 192.168.189.144 logged in
WARN retry attempt 192.168.197.186 for 58450
FATAL out of memory
INFO connection established
INFO user 192.168.219.168 logged in
INFO user 192.168.219.168 logged in
INFO processed 192.168.178.6 items
FATAL kernel panic
WARN slow query: 192.168.178.6ms
WARN retry attempt 192.168.229.48 for 43437
WARN memory threshold reached: 192.168.92.139MB
FATAL kernel panic
INFO user 192.168.219.168 logged in
FATAL kernel panic
INFO connection established
DEBUG cache hit for key=192.168.215.207
DEBUG heap size: 192.168.193.243
WARN retry attempt 192.168.39.155 for 30938
INFO user 192.168.219.168 logged in
FATAL unrecoverable disk error
FATAL out of memory
INFO connection established
DEBUG variable x=192.168.36.209
WARN retry attempt 192.168.107.168 for 67760
FATAL segfault at address 0x192.168.178.6
DEBUG entering function foo
ERROR connection timeout 503
WARN memory threshold reached: 192.168.9.50MB
ERROR connection timeout 503
WARN disk usage 192.168.39.155%
ERROR file not found: /tmp/192.168.141.220.log
FATAL segfault at address 0x192.168.92.139
FATAL unrecoverable disk error
DEBUG cache hit for key=192.168.39.155
FATAL kernel panic
FATAL out of memory
ERROR file not found: /tmp/192.168.211.158.log
DEBUG variable x=192.168.57.185
DEBUG heap size: 192.168.193.243
WARN memory threshold reached: 192.168.82.31MB
DEBUG entering function foo
WARN memory threshold reached: 192.168.215.207MB
DEBUG heap size: 192.168.141.220
FATAL segfault at address 0x192.168.107.168
DEBUG cache hit for key=192.168.141.220
INFO processed 192.168.9.50 items
WARN memory threshold reached: 192.168.39.155MB
DEBUG variable x=192.168.121.141
WARN retry attempt 192.168.107.168 for 6773
WARN memory threshold reached: 192.168.197.186MB
INFO connection established
DEBUG entering function foo
DEBUG entering function foo
DEBUG entering function foo
FATAL segfault at address 0x192.168.60.30
FATAL unrecoverable disk error
FATAL segfault at address 0x192.168.142.104
WARN disk usage 192.168.121.141%
FATAL kernel panic
FATAL out of memory
WARN slow query: 192.168.142.104ms
INFO connection established
ERROR connection timeout 503
ERROR connection timeout 503
ERROR auth failure for user 192.168.193.243
DEBUG cache hit for key=192.168.193.243
WARN memory threshold reached: 192.168.9.50MB
FATAL kernel panic
ERROR connection timeout 503
INFO request from 192.168.142.104
INFO processed 192.168.39.155 items
DEBUG entering function foo
WARN disk usage 192.168.92.139%
DEBUG variable x=192.168.211.158
WARN disk usage 192.168.178.215%
DEBUG variable x=192.168.178.215
ERROR connection timeout 503
FATAL out of memory
INFO request from 192.168.219.168
ERROR file not found: /tmp/192.168.121.141.log
WARN retry attempt 192.168.229.48 for 19334
WARN disk usage 192.168.193.243%
FATAL unrecoverable disk error
WARN slow query: 192.168.39.155ms
WARN memory threshold reached: 192.168.60.30MB
ERROR null pointer in module 192.168.121.141
ERROR file not found: /tmp/192.168.178.6.log
ERROR file not found: /tmp/192.168.211.158.log
INFO connection established
FATAL kernel panic
WARN retry attempt 192.168.57.185 for 73695
FATAL segfault at address 0x192.168.121.141
WARN slow query: 192.168.121.141ms
FATAL kernel panic
INFO connection established
ERROR auth failure for user 192.168.193.243
FATAL unrecoverable disk error
DEBUG cache hit for key=192.168.193.243
ERROR auth failure for user 192.168.142.104
WARN slow query: 192.168.36.209ms
ERROR file not found: /tmp/192.168.211.158.log
ERROR auth failure for user 192.168.189.144
DEBUG variable x=192.168.92.139
FATAL unrecoverable disk error
ERROR file not found: /tmp/192.168.229.48.log
INFO request from 192.168.229.48
ERROR auth failure for user 192.168.197.186
INFO request from 192.168.39.155
WARN memory threshold reached: 192.168.39.155MB
WARN memory threshold reached: 192.168.39.155MB
DEBUG entering function foo
DEBUG entering function foo
WARN slow query: 192.168.197.186ms
INFO request from 192.168.178.215
INFO user 192.168.141.220 logged in
FATAL kernel panic
DEBUG heap size: 192.168.219.168
DEBUG cache hit for key=192.168.57.185
ERROR connection timeout 503
ERROR auth failure for user 192.168.219.168
WARN disk usage 192.168.197.186%
FATAL unrecoverable disk error
FATAL out of memory
WARN slow query: 192.168.215.207ms
FATAL out of memory
DEBUG variable x=192.168.219.168
FATAL out of memory
WARN memory threshold reached: 192.168.57.185MB
FATAL segfault at address 0x192.168.39.155
DEBUG entering function foo
FATAL unrecoverable disk error
FATAL segfault at address 0x192.168.82.31
INFO user 192.168.107.168 logged in
FATAL unrecoverable disk error
FATAL kernel panic
DEBUG variable x=192.168.193.243
FATAL kernel panic
INFO processed 192.168.92.139 items
DEBUG variable x=192.168.178.215
DEBUG cache hit for key=192.168.193.243
DEBUG variable x=192.168.39.155
WARN disk usage 192.168.60.30%
INFO user 192.168.92.139 logged in
DEBUG heap size: 192.168.197.186
INFO request from 192.168.60.30
FATAL kernel panic
FATAL segfault at address 0x192.168.197.186
INFO processed 192.168.9.50 items
ERROR auth failure for user 192.168.229.48
WARN retry attempt 192.168.121.141 for 562
INFO request from 192.168.57.185
WARN retry attempt 192.168.9.50 for 80394
INFO connection established
INFO user 192.168.9.50 logged in
DEBUG entering function foo
ERROR connection timeout 503
ERROR null pointer in module 192.168.36.209
DEBUG variable x=192.168.215.207
INFO connection established
INFO user 192.168.219.168 logged in
WARN slow query: 192.168.229.48ms
INFO user 192.168.9.50 logged in
ERROR auth failure for user 192.168.178.215
WARN memory threshold reached: 192.168.39.155MB
INFO user 192.168.229.48 logged in
FATAL unrecoverable disk error
WARN retry attempt 192.168.219.168 for 92032
WARN disk usage 192.168.39.155%
INFO connection established
FATAL unrecoverable disk error
INFO connection established
INFO user 192.168.229.48 logged in
FATAL unrecoverable disk error
WARN slow query: 192.168.178.6ms
DEBUG cache hit for key=192.168.219.168
WARN memory threshold reached: 192.168.141.220MB
DEBUG cache hit for key=192.168.215.207
WARN disk usage 192.168.189.144%
DEBUG cache hit for key=192.168.189.144
FATAL kernel panic
ERROR auth failure for user 192.168.107.168
WARN memory threshold reached: 192.168.142.104MB
ERROR connection timeout 503
INFO user 192.168.211.158 logged in
FATAL out of memory
FATAL out of memory
DEBUG variable x=192.168.215.207
WARN disk usage 192.168.197.186%
WARN disk usage 192.168.219.168%
INFO user 192.168.82.31 logged in
DEBUG entering function foo
DEBUG variable x=192.168.141.220
WARN memory threshold reached: 192.168.9.50MB
WARN memory threshold reached: 192.168.141.220MB
INFO connection established
ERROR null pointer in module 192.168.197.186
ERROR null pointer in module 192.168.211.158
DEBUG variable x=192.168.121.141
INFO request from 192.168.92.139
ERROR connection timeout 503
INFO connection established
FATAL unrecoverable disk error
DEBUG heap size: 192.168.121.141
ERROR null pointer in module 192.168.39.155
ERROR file not found: /tmp/192.168.142.104.log
INFO connection established
INFO processed 192.168.60.30 items
ERROR file not found: /tmp/192.168.211.158.log
ERROR file not found: /tmp/192.168.142.104.log
INFO user 192.168.178.6 logged in
DEBUG cache hit for key=192.168.121.141
FATAL kernel panic
INFO user 192.168.219.168 logged in
WARN retry attempt 192.168.197.186 for 56323
WARN slow query: 192.168.215.207ms
INFO processed 192.168.107.168 items
WARN slow query: 192.168.82.31ms
ERROR file not found: /tmp/192.168.36.209.log
DEBUG entering function foo
DEBUG cache hit for key=192.168.36.209
DEBUG cache hit for key=192.168.121.141
FATAL out of memory
WARN slow query: 192.168.39.155ms
ERROR file not found: /tmp/192.168.178.215.log
WARN retry attempt 192.168.142.104 for 63340
WARN slow query: 192.168.189.144ms
ERROR connection timeout 503
INFO processed 192.168.142.104 items
INFO user 192.168.39.155 logged in
FATAL out of memory
INFO request from 192.168.142.104
WARN retry attempt 192.168.92.139 for 72958
ERROR null pointer in module 192.168.121.141
FATAL unrecoverable disk error
INFO processed 192.168.197.186 items
ERROR null pointer in module 192.168.178.6
FATAL unrecoverable disk error
ERROR file not found: /tmp/192.168.60.30.log
INFO request from 192.168.189.144
WARN memory threshold reached: 192.168.121.141MB
WARN retry attempt 192.168.197.186 for 14751
WARN memory threshold reached: 192.168.229.48MB
INFO processed 192.168.189.144 items
ERROR null pointer in module 192.168.178.215
INFO connection established
DEBUG entering function foo
INFO connection established
FATAL unrecoverable disk error
FATAL out of memory
WARN memory threshold reached: 192.168.121.141MB
WARN memory threshold reached: 192.168.82.31MB
FATAL kernel panic
DEBUG variable x=192.168.107.168
FATAL segfault at address 0x192.168.178.215
FATAL segfault at address 0x192.168.82.31
WARN disk usage 192.168.229.48%
FATAL kernel panic
FATAL unrecoverable disk error
DEBUG variable x=192.168.178.6
DEBUG cache hit for key=192.168.39.155
FATAL unrecoverable disk error
WARN retry attempt 192.168.215.207 for 42148
INFO user 192.168.39.155 logged in
INFO request from 192.168.9.50
FATAL segfault at address 0x192.168.193.243
FATAL segfault at address 0x192.168.229.48
DEBUG variable x=192.168.197.186
ERROR connection timeout 503
INFO connection established
DEBUG variable x=192.168.197.186
INFO request from 192.168.82.31
FATAL kernel panic
INFO user 192.168.178.215 logged in
WARN slow query: 192.168.197.186ms
WARN slow query: 192.168.121.141ms
WARN slow query: 192.168.121.141ms
WARN retry attempt 192.168.142.104 for 40755
ERROR null pointer in module 192.168.92.139
DEBUG variable x=192.168.36.209
WARN retry attempt 192.168.193.243 for 73236
FATAL segfault at address 0x192.168.178.6
DEBUG entering function foo
WARN memory threshold reached: 192.168.121.141MB
ERROR file not found: /tmp/192.168.92.139.log
FATAL kernel panic
INFO user 192.168.229.48 logged in
FATAL out of memory
DEBUG cache hit for key=192.168.229.48
INFO connection established
ERROR null pointer in module 192.168.211.158
INFO connection established
FATAL unrecoverable disk error
WARN memory threshold reached: 192.168.36.209MB
DEBUG variable x=192.168.142.104
DEBUG heap size: 192.168.121.141
ERROR connection timeout 503
DEBUG cache hit for key=192.168.92.139
DEBUG cache hit for key=192.168.36.209
DEBUG cache hit for key=192.168.60.30
FATAL kernel panic
DEBUG cache hit for key=192.168.9.50
ERROR null pointer in module 192.168.219.168
INFO user 192.168.211.158 logged in
WARN retry attempt 192.168.229.48 for 40843
ERROR file not found: /tmp/192.168.141.220.log
INFO request from 192.168.121.141
DEBUG variable x=192.168.57.185
DEBUG variable x=192.168.219.168
FATAL kernel panic
WARN retry attempt 192.168.121.141 for 87819
DEBUG cache hit for key=192.168.142.104
ERROR null pointer in module 192.168.142.104
ERROR connection timeout 503
WARN retry attempt 192.168.178.215 for 40703
DEBUG entering function foo
ERROR file not found: /tmp/192.168.92.139.log
ERROR null pointer in module 192.168.178.215
WARN memory threshold reached: 192.168.197.186MB
WARN disk usage 192.168.92.139%
WARN retry attempt 192.168.141.220 for 50996
WARN memory threshold reached: 192.168.219.168MB
ERROR connection timeout 503
INFO request from 192.168.215.207
WARN disk usage 192.168.178.215%
ERROR auth failure for user 192.168.36.209
DEBUG cache hit for key=192.168.36.209
FATAL segfault at address 0x192.168.211.158
WARN slow query: 192.168.57.185ms
WARN memory threshold reached: 192.168.229.48MB
INFO user 192.168.107.168 logged in
INFO processed 192.168.141.220 items
WARN disk usage 192.168.60.30%
INFO user 192.168.141.220 logged in
ERROR null pointer in module 192.168.142.104
ERROR null pointer in module 192.168.60.30
FATAL segfault at address 0x192.168.39.155
INFO user 192.168.219.168 logged in
FATAL kernel panic
ERROR auth failure for user 192.168.142.104
FATAL segfault at address 0x192.168.36.209
FATAL segfault at address 0x192.168.215.207
DEBUG heap size: 192.168.211.158
FATAL unrecoverable disk error
ERROR auth failure for user 192.168.92.139
WARN disk usage 192.168.9.50%
ERROR file not found: /tmp/192.168.121.141.log
ERROR connection timeout 503
FATAL kernel panic
WARN disk usage 192.168.57.185%
INFO connection established
DEBUG entering function foo
DEBUG cache hit for key=192.168.229.48
WARN disk usage 192.168.36.209%
DEBUG variable x=192.168.219.168
WARN slow query: 192.168.178.215ms
ERROR file not found: /tmp/192.168.178.6.log
DEBUG entering function foo
INFO connection established
FATAL kernel panic
INFO request from 192.168.211.158
ERROR connection timeout 503
INFO user 192.168.189.144 logged in
DEBUG entering function foo
ERROR null pointer in module 192.168.193.243
DEBUG variable x=192.168.39.155
FATAL out of memory
WARN disk usage 192.168.178.6%
WARN memory threshold reached: 192.168.92.139MB
ERROR file not found: /tmp/192.168.229.48.log
DEBUG variable x=192.168.178.215
FATAL segfault at address 0x192.168.57.185
INFO connection established
INFO connection established
INFO request from 192.168.178.6
ERROR null pointer in module 192.168.211.158
ERROR auth failure for user 192.168.92.139
ERROR connection timeout 503
INFO processed 192.168.211.158 items
FATAL out of memory
FATAL out of memory
WARN slow query: 192.168.36.209ms
FATAL unrecoverable disk error
FATAL unrecoverable disk error
DEBUG entering function foo
WARN retry attempt 192.168.193.243 for 99174
ERROR auth failure for user 192.168.178.6
ERROR auth failure for user 192.168.60.30
ERROR connection timeout 503
INFO request from 192.168.215.207
INFO user 192.168.178.6 logged in
DEBUG variable x=192.168.9.50
FATAL segfault at address 0x192.168.57.185
DEBUG heap size: 192.168.60.30
DEBUG cache hit for key=192.168.141.220
WARN memory threshold reached: 192.168.142.104MB
ERROR connection timeout 503
DEBUG variable x=192.168.92.139
ERROR null pointer in module 192.168.219.168
FATAL kernel panic
ERROR null pointer in module 192.168.141.220
FATAL out of memory
FATAL segfault at address 0x192.168.36.209
DEBUG heap size: 192.168.193.243
INFO user 192.168.141.220 logged in
FATAL out of memory
WARN slow query: 192.168.92.139ms
INFO request from 192.168.141.220
INFO connection established
ERROR file not found: /tmp/192.168.92.139.log
INFO processed 192.168.178.215 items
INFO user 192.168.39.155 logged in
FATAL unrecoverable disk error
ERROR connection timeout 503
WARN disk usage 192.168.189.144%
WARN slow query: 192.168.142.104ms
ERROR file not found: /tmp/192.168.142.104.log
DEBUG cache hit for key=192.168.197.186
ERROR auth failure for user 192.168.189.144
INFO request from 192.168.229.48
DEBUG entering function foo
ERROR connection timeout 503
WARN retry attempt 192.168.36.209 for 35929
ERROR auth failure for user 192.168.215.207
WARN retry attempt 192.168.141.220 for 5890
ERROR connection timeout 503
WARN slow query: 192.168.92.139ms
ERROR auth failure for user 192.168.215.207
FATAL out of memory
FATAL out of memory
WARN slow query: 192.168.57.185ms
INFO user 192.168.189.144 logged in
INFO connection established
FATAL kernel panic
INFO processed 192.168.229.48 items
FATAL segfault at address 0x192.168.60.30
INFO user 192.168.142.104 logged in
INFO connection established
FATAL out of memory
FATAL kernel panic
INFO processed 192.168.36.209 items
WARN disk usage 192.168.9.50%
WARN memory threshold reached: 192.168.178.6MB
WARN disk usage 192.168.197.186%
FATAL kernel panic
FATAL kernel panic
INFO connection established
FATAL unrecoverable disk error
FATAL out of memory
FATAL kernel panic
DEBUG variable x=192.168.39.155
DEBUG entering function foo
FATAL unrecoverable disk error
WARN disk usage 192.168.57.185%
FATAL unrecoverable disk error
FATAL segfault at address 0x192.168.219.168
WARN disk usage 192.168.36.209%
DEBUG cache hit for key=192.168.142.104
WARN slow query: 192.168.9.50ms
INFO user 192.168.39.155 logged in
DEBUG entering function foo
WARN disk usage 192.168.229.48%
INFO connection established
INFO user 192.168.215.207 logged in
WARN slow query: 192.168.219.168ms
ERROR connection timeout 503
INFO user 192.168.92.139 logged in
INFO request from 192.168.219.168
INFO request from 192.168.219.168
FATAL kernel panic
WARN slow query: 192.168.39.155ms
FATAL segfault at address 0x192.168.107.168
INFO connection established
DEBUG entering function foo
WARN retry attempt 192.168.142.104 for 86892
WARN slow query: 192.168.39.155ms
FATAL kernel panic
DEBUG variable x=192.168.215.207
ERROR auth failure for user 192.168.189.144
FATAL unrecoverable disk error
DEBUG cache hit for key=192.168.229.48
WARN slow query: 192.168.189.144ms
WARN retry attempt 192.168.211.158 for 5969
WARN retry attempt 192.168.178.215 for 15188
FATAL unrecoverable disk error
WARN slow query: 192.168.121.141ms
FATAL out of memory
DEBUG variable x=192.168.107.168
INFO processed 192.168.60.30 items
DEBUG variable x=192.168.189.144
INFO user 192.168.178.215 logged in
ERROR file not found: /tmp/192.168.82.31.log
ERROR null pointer in module 192.168.92.139
FATAL unrecoverable disk error
DEBUG entering function foo
WARN slow query: 192.168.121.141ms
INFO user 192.168.92.139 logged in
ERROR connection timeout 503
FATAL unrecoverable disk error
INFO user 192.168.121.141 logged in
INFO processed 192.168.178.215 items
DEBUG cache hit for key=192.168.215.207
INFO processed 192.168.229.48 items
INFO user 192.168.92.139 logged in
DEBUG entering function foo
ERROR file not found: /tmp/192.168.178.6.log
WARN memory threshold reached: 192.168.36.209MB
ERROR null pointer in module 192.168.82.31
INFO user 192.168.39.155 logged in
ERROR file not found: /tmp/192.168.178.215.log
ERROR connection timeout 503
FATAL unrecoverable disk error
ERROR auth failure for user 192.168.211.158
INFO user 192.168.107.168 logged in
WARN slow query: 192.168.215.207ms
WARN memory threshold reached: 192.168.60.30MB
ERROR null pointer in module 192.168.82.31
DEBUG variable x=192.168.178.6
ERROR auth failure for user 192.168.92.139
DEBUG cache hit for key=192.168.39.155
FATAL unrecoverable disk error
WARN memory threshold reached: 192.168.193.243MB
FATAL unrecoverable disk error
ERROR auth failure for user 192.168.229.48
INFO processed 192.168.211.158 items
INFO connection established
ERROR connection timeout 503
INFO processed 192.168.92.139 items
INFO processed 192.168.121.141 items
ERROR connection timeout 503
INFO request from 192.168.229.48
INFO connection established
FATAL out of memory
WARN retry attempt 192.168.219.168 for 19340
INFO processed 192.168.197.186 items
FATAL segfault at address 0x192.168.121.141
ERROR auth failure for user 192.168.197.186
INFO request from 192.168.82.31
ERROR auth failure for user 192.168.178.6
DEBUG variable x=192.168.193.243
ERROR connection timeout 503
ERROR file not found: /tmp/192.168.178.6.log
INFO user 192.168.92.139 logged in
WARN retry attempt 192.168.141.220 for 58003
FATAL unrecoverable disk error
FATAL out of memory
INFO user 192.168.107.168 logged in
WARN memory threshold reached: 192.168.60.30MB
WARN disk usage 192.168.141.220%
WARN slow query: 192.168.36.209ms
DEBUG cache hit for key=192.168.193.243
WARN retry attempt 192.168.197.186 for 34648
DEBUG variable x=192.168.121.141
WARN retry attempt 192.168.193.243 for 55106
INFO request from 192.168.215.207
WARN memory threshold reached: 192.168.9.50MB
ERROR connection timeout 503
INFO processed 192.168.92.139 items
FATAL out of memory
FATAL unrecoverable disk error
FATAL out of memory
FATAL kernel panic
WARN memory threshold reached: 192.168.60.30MB
WARN retry attempt 192.168.141.220 for 10620
INFO user 192.168.229.48 logged in
FATAL segfault at address 0x192.168.215.207
INFO processed 192.168.39.155 items
WARN slow query: 192.168.141.220ms
INFO connection established
WARN retry attempt 192.168.142.104 for 39724
ERROR null pointer in module 192.168.107.168
FATAL kernel panic
WARN retry attempt 192.168.57.185 for 75320
WARN memory threshold reached: 192.168.178.6MB
ERROR auth failure for user 192.168.197.186
INFO processed 192.168.189.144 items
WARN disk usage 192.168.178.6%
DEBUG variable x=192.168.215.207
FATAL unrecoverable disk error
WARN slow query: 192.168.57.185ms
ERROR connection timeout 503
INFO request from 192.168.211.158
ERROR connection timeout 503
WARN disk usage 192.168.193.243%
FATAL out of memory
INFO user 192.168.107.168 logged in
DEBUG entering function foo
INFO user 192.168.142.104 logged in
WARN memory threshold reached: 192.168.36.209MB
INFO request from 192.168.178.6
ERROR auth failure for user 192.168.142.104
ERROR connection timeout 503
DEBUG variable x=192.168.57.185
FATAL segfault at address 0x192.168.211.158
DEBUG entering function foo
WARN retry attempt 192.168.121.141 for 50777
FATAL segfault at address 0x192.168.121.141
INFO processed 192.168.60.30 items
INFO user 192.168.39.155 logged in
FATAL kernel panic
FATAL segfault at address 0x192.168.141.220
DEBUG variable x=192.168.219.168
ERROR null pointer in module 192.168.178.215
WARN memory threshold reached: 192.168.39.155MB
INFO user 192.168.57.185 logged in
ERROR connection timeout 503
INFO connection established
WARN retry attempt 192.168.39.155 for 80477
DEBUG entering function foo
ERROR connection timeout 503
WARN disk usage 192.168.9.50%
WARN slow query: 192.168.197.186ms
FATAL unrecoverable disk error
FATAL segfault at address 0x192.168.82.31
WARN retry attempt 192.168.39.155 for 24692
FATAL segfault at address 0x192.168.215.207
FATAL kernel panic
INFO user 192.168.36.209 logged in
FATAL unrecoverable disk error
WARN disk usage 192.168.57.185%
INFO request from 192.168.189.144
ERROR auth failure for user 192.168.178.6
FATAL unrecoverable disk error
ERROR auth failure for user 192.168.9.50
FATAL out of memory
DEBUG entering function foo
FATAL unrecoverable disk error
DEBUG cache hit for key=192.168.178.215
WARN disk usage 192.168.215.207%
ERROR file not found: /tmp/192.168.193.243.log
FATAL kernel panic
DEBUG heap size: 192.168.9.50
FATAL segfault at address 0x192.168.39.155
WARN memory threshold reached: 192.168.141.220MB
FATAL segfault at address 0x192.168.193.243
ERROR connection timeout 503
DEBUG heap size: 192.168.9.50
DEBUG cache hit for key=192.168.193.243
ERROR connection timeout 503
DEBUG cache hit for key=192.168.141.220
FATAL out of memory
FATAL unrecoverable disk error
INFO processed 192.168.215.207 items
ERROR null pointer in module 192.168.197.186
WARN memory threshold reached: 192.168.197.186MB
WARN slow query: 192.168.39.155ms
INFO processed 192.168.229.48 items
INFO connection established
INFO user 192.168.215.207 logged in
DEBUG heap size: 192.168.82.31
FATAL out of memory
DEBUG heap size: 192.168.219.168
DEBUG heap size: 192.168.211.158
FATAL segfault at address 0x192.168.57.185
ERROR file not found: /tmp/192.168.9.50.log
DEBUG entering function foo
INFO request from 192.168.189.144
WARN retry attempt 192.168.193.243 for 67017
DEBUG cache hit for key=192.168.178.6
WARN memory threshold reached: 192.168.189.144MB
DEBUG cache hit for key=192.168.193.243
WARN disk usage 192.168.107.168%
FATAL out of memory
INFO connection established
FATAL out of memory
FATAL out of memory
DEBUG cache hit for key=192.168.229.48
ERROR connection timeout 503
WARN memory threshold reached: 192.168.193.243MB
WARN disk usage 192.168.39.155%
FATAL kernel panic
INFO connection established
DEBUG variable x=192.168.189.144
DEBUG cache hit for key=192.168.92.139
DEBUG heap size: 192.168.60.30
ERROR auth failure for user 192.168.60.30
WARN slow query: 192.168.121.141ms
WARN retry attempt 192.168.229.48 for 31978
INFO request from 192.168.219.168
DEBUG variable x=192.168.57.185
INFO processed 192.168.211.158 items
INFO processed 192.168.197.186 items
FATAL kernel panic
DEBUG cache hit for key=192.168.193.243
ERROR null pointer in module 192.168.107.168
INFO request from 192.168.9.50
WARN slow query: 192.168.9.50ms
WARN memory threshold reached: 192.168.178.215MB
WARN memory threshold reached: 192.168.9.50MB
DEBUG heap size: 192.168.189.144
INFO user 192.168.189.144 logged in
DEBUG entering function foo
FATAL unrecoverable disk error
ERROR null pointer in module 192.168.178.215
DEBUG entering function foo
FATAL kernel panic
DEBUG cache hit for key=192.168.142.104
ERROR null pointer in module 192.168.36.209
WARN slow query: 192.168.141.220ms
INFO user 192.168.107.168 logged in
DEBUG variable x=192.168.197.186
INFO request from 192.168.121.141
ERROR connection timeout 503
ERROR connection timeout 503
DEBUG entering function foo
DEBUG heap size: 192.168.211.158
INFO user 192.168.107.168 logged in
WARN memory threshold reached: 192.168.60.30MB
INFO request from 192.168.197.186
FATAL unrecoverable disk error
ERROR file not found: /tmp/192.168.219.168.log
ERROR connection timeout 503
FATAL kernel panic
INFO connection established
WARN slow query: 192.168.193.243ms
DEBUG entering function foo
WARN memory threshold reached: 192.168.121.141MB
WARN slow query: 192.168.60.30ms
WARN memory threshold reached: 192.168.141.220MB
WARN disk usage 192.168.36.209%
FATAL unrecoverable disk error
FATAL segfault at address 0x192.168.193.243
WARN slow query: 192.168.193.243ms
DEBUG heap size: 192.168.189.144
ERROR file not found: /tmp/192.168.57.185.log
FATAL segfault at address 0x192.168.197.186
INFO request from 192.168.193.243
WARN slow query: 192.168.82.31ms
INFO connection established
FATAL kernel panic
DEBUG cache hit for key=192.168.219.168
FATAL segfault at address 0x192.168.178.215
FATAL segfault at address 0x192.168.92.139
ERROR file not found: /tmp/192.168.121.141.log
WARN disk usage 192.168.36.209%
FATAL segfault at address 0x192.168.57.185
ERROR file not found: /tmp/192.168.92.139.log
WARN slow query: 192.168.142.104ms
ERROR auth failure for user 192.168.82.31
WARN disk usage 192.168.9.50%
WARN slow query: 192.168.57.185ms
ERROR connection timeout 503
INFO user 192.168.193.243 logged in
WARN slow query: 192.168.219.168ms
WARN retry attempt 192.168.215.207 for 70406
FATAL out of memory
DEBUG heap size: 192.168.9.50
WARN retry attempt 192.168.189.144 for 10204
WARN memory threshold reached: 192.168.178.6MB
INFO processed 192.168.121.141 items
INFO processed 192.168.178.6 items
ERROR auth failure for user 192.168.229.48
DEBUG cache hit for key=192.168.142.104
DEBUG entering function foo
FATAL segfault at address 0x192.168.57.185
ERROR null pointer in module 192.168.142.104
WARN disk usage 192.168.211.158%
ERROR null pointer in module 192.168.178.215
FATAL out of memory
FATAL unrecoverable disk error
DEBUG heap size: 192.168.60.30
ERROR null pointer in module 192.168.82.31
FATAL unrecoverable disk error
ERROR connection timeout 503
ERROR connection timeout 503
ERROR file not found: /tmp/192.168.107.168.log
FATAL unrecoverable disk error
ERROR connection timeout 503
FATAL segfault at address 0x192.168.107.168
FATAL unrecoverable disk error
ERROR null pointer in module 192.168.141.220
DEBUG heap size: 192.168.82.31
ERROR file not found: /tmp/192.168.229.48.log
WARN disk usage 192.168.82.31%
WARN slow query: 192.168.141.220ms
FATAL kernel panic
ERROR connection timeout 503
DEBUG cache hit for key=192.168.36.209
DEBUG variable x=192.168.211.158
INFO user 192.168.197.186 logged in
ERROR null pointer in module 192.168.193.243
ERROR connection timeout 503
WARN slow query: 192.168.219.168ms
DEBUG cache hit for key=192.168.60.30
WARN retry attempt 192.168.57.185 for 56514
WARN memory threshold reached: 192.168.142.104MB
INFO processed 192.168.219.168 items
ERROR null pointer in module 192.168.36.209
DEBUG entering function foo
INFO processed 192.168.193.243 items
INFO processed 192.168.189.144 items
DEBUG cache hit for key=192.168.92.139
INFO connection established
INFO processed 192.168.82.31 items
INFO connection established
FATAL segfault at address 0x192.168.219.168
WARN retry attempt 192.168.121.141 for 47347
INFO user 192.168.178.215 logged in
WARN disk usage 192.168.215.207%
WARN slow query: 192.168.39.155ms
INFO request from 192.168.193.243
DEBUG variable x=192.168.121.141
WARN disk usage 192.168.142.104%
ERROR null pointer in module 192.168.82.31
ERROR auth failure for user 192.168.229.48
WARN retry attempt 192.168.121.141 for 65859
FATAL segfault at address 0x192.168.92.139
WARN slow query: 192.168.215.207ms
DEBUG entering function foo
DEBUG entering function foo
DEBUG cache hit for key=192.168.107.168
DEBUG cache hit for key=192.168.57.185
INFO connection established
WARN retry attempt 192.168.178.215 for 29701
FATAL out of memory
INFO processed 192.168.60.30 items
WARN slow query: 192.168.193.243ms
WARN disk usage 192.168.193.243%
ERROR connection timeout 503
WARN disk usage 192.168.142.104%
WARN slow query: 192.168.9.50ms
FATAL kernel panic
FATAL kernel panic
WARN retry attempt 192.168.178.6 for 26240
WARN memory threshold reached: 192.168.82.31MB
INFO processed 192.168.9.50 items
INFO connection established
INFO request from 192.168.142.104
FATAL unrecoverable disk error
FATAL segfault at address 0x192.168.57.185
WARN slow query: 192.168.57.185ms
FATAL segfault at address 0x192.168.215.207
INFO request from 192.168.197.186
WARN retry attempt 192.168.9.50 for 62970
INFO processed 192.168.229.48 items
FATAL out of memory
FATAL segfault at address 0x192.168.107.168
WARN retry attempt 192.168.178.215 for 70797
FATAL kernel panic
WARN slow query: 192.168.178.215ms
ERROR connection timeout 503
FATAL segfault at address 0x192.168.107.168
INFO user 192.168.57.185 logged in
INFO user 192.168.92.139 logged in
FATAL out of memory
DEBUG variable x=192.168.60.30
INFO connection established
FATAL unrecoverable disk error
INFO connection established
DEBUG variable x=192.168.121.141
DEBUG heap size: 192.168.107.168
FATAL segfault at address 0x192.168.211.158
INFO request from 192.168.211.158
DEBUG entering function foo
WARN disk usage 192.168.39.155%
ERROR file not found: /tmp/192.168.9.50.log
WARN memory threshold reached: 192.168.60.30MB
WARN retry attempt 192.168.178.6 for 95959
WARN retry attempt 192.168.36.209 for 91884
FATAL unrecoverable disk error
FATAL kernel panic
DEBUG cache hit for key=192.168.178.6
INFO user 192.168.60.30 logged in
WARN slow query: 192.168.82.31ms
ERROR connection timeout 503
DEBUG variable x=192.168.121.141
FATAL out of memory
FATAL out of memory
DEBUG cache hit for key=192.168.57.185
DEBUG cache hit for key=192.168.36.209
DEBUG cache hit for key=192.168.92.139
INFO request from 192.168.197.186
DEBUG heap size: 192.168.189.144
INFO processed 192.168.211.158 items
INFO processed 192.168.121.141 items
DEBUG heap size: 192.168.229.48
WARN slow query: 192.168.219.168ms
WARN disk usage 192.168.219.168%
WARN memory threshold reached: 192.168.178.6MB
FATAL unrecoverable disk error
FATAL segfault at address 0x192.168.193.243
INFO user 192.168.178.6 logged in
ERROR auth failure for user 192.168.9.50
ERROR null pointer in module 192.168.107.168
INFO connection established
INFO connection established
FATAL out of memory
FATAL kernel panic
INFO request from 192.168.57.185
WARN disk usage 192.168.178.6%
ERROR connection timeout 503
FATAL segfault at address 0x192.168.9.50
ERROR connection timeout 503
FATAL unrecoverable disk error
ERROR file not found: /tmp/192.168.92.139.log
ERROR null pointer in module 192.168.141.220
WARN memory threshold reached: 192.168.121.141MB
INFO user 192.168.229.48 logged in
ERROR file not found: /tmp/192.168.57.185.log
DEBUG cache hit for key=192.168.189.144
DEBUG cache hit for key=192.168.141.220
INFO request from 192.168.141.220
ERROR file not found: /tmp/192.168.193.243.log
FATAL kernel panic
INFO user 192.168.219.168 logged in
FATAL segfault at address 0x192.168.39.155
INFO request from 192.168.121.141
ERROR file not found: /tmp/192.168.92.139.log
DEBUG entering function foo
FATAL out of memory
ERROR file not found: /tmp/192.168.178.215.log
FATAL kernel panic
INFO user 192.168.142.104 logged in
FATAL kernel panic
ERROR null pointer in module 192.168.82.31
FATAL kernel panic
INFO user 192.168.229.48 logged in
DEBUG variable x=192.168.219.168
DEBUG entering function foo
ERROR connection timeout 503
FATAL out of memory
ERROR auth failure for user 192.168.36.209
DEBUG cache hit for key=192.168.57.185
WARN disk usage 192.168.57.185%
FATAL out of memory
ERROR null pointer in module 192.168.82.31
DEBUG cache hit for key=192.168.121.141
WARN memory threshold reached: 192.168.178.215MB
WARN memory threshold reached: 192.168.178.6MB
DEBUG cache hit for key=192.168.219.168
ERROR null pointer in module 192.168.189.144
WARN disk usage 192.168.178.6%
ERROR null pointer in module 192.168.215.207
DEBUG entering function foo
WARN disk usage 192.168.141.220%
FATAL segfault at address 0x192.168.60.30
ERROR file not found: /tmp/192.168.215.207.log
FATAL unrecoverable disk error
FATAL unrecoverable disk error
ERROR null pointer in module 192.168.215.207
INFO request from 192.168.9.50
FATAL segfault at address 0x192.168.215.207
FATAL unrecoverable disk error
ERROR null pointer in module 192.168.57.185
INFO user 192.168.39.155 logged in
FATAL segfault at address 0x192.168.92.139
FATAL out of memory
ERROR null pointer in module 192.168.211.158
FATAL out of memory
WARN slow query: 192.168.141.220ms
DEBUG cache hit for key=192.168.92.139
INFO request from 192.168.121.141
ERROR auth failure for user 192.168.39.155
WARN slow query: 192.168.197.186ms
DEBUG entering function foo
WARN memory threshold reached: 192.168.92.139MB
WARN memory threshold reached: 192.168.215.207MB
DEBUG cache hit for key=192.168.141.220
DEBUG heap size: 192.168.92.139
WARN retry attempt 192.168.142.104 for 83228
DEBUG cache hit for key=192.168.121.141
ERROR null pointer in module 192.168.121.141
FATAL out of memory
INFO user 192.168.211.158 logged in
WARN memory threshold reached: 192.168.60.30MB
WARN memory threshold reached: 192.168.57.185MB
ERROR connection timeout 503
INFO user 192.168.197.186 logged in
INFO request from 192.168.142.104
ERROR null pointer in module 192.168.193.243
ERROR null pointer in module 192.168.36.209
DEBUG cache hit for key=192.168.193.243
DEBUG entering function foo
INFO connection established
ERROR null pointer in module 192.168.92.139
ERROR auth failure for user 192.168.36.209
INFO user 192.168.211.158 logged in
WARN slow query: 192.168.197.186ms
ERROR auth failure for user 192.168.82.31
ERROR file not found: /tmp/192.168.215.207.log
ERROR file not found: /tmp/192.168.219.168.log
WARN memory threshold reached: 192.168.141.220MB
INFO user 192.168.121.141 logged in
WARN slow query: 192.168.36.209ms
FATAL kernel panic
FATAL unrecoverable disk error
DEBUG variable x=192.168.39.155
ERROR null pointer in module 192.168.36.209
FATAL out of memory
FATAL kernel panic
FATAL out of memory
DEBUG heap size: 192.168.60.30
INFO user 192.168.121.141 logged in
DEBUG variable x=192.168.39.155
WARN retry attempt 192.168.211.158 for 46890
DEBUG entering function foo
INFO request from 192.168.36.209
FATAL unrecoverable disk error
DEBUG variable x=192.168.178.6
ERROR auth failure for user 192.168.39.155
ERROR null pointer in module 192.168.197.186
INFO user 192.168.178.215 logged in
DEBUG heap size: 192.168.197.186
DEBUG entering function foo
WARN retry attempt 192.168.92.139 for 22283
FATAL unrecoverable disk error
WARN slow query: 192.168.107.168ms
ERROR file not found: /tmp/192.168.197.186.log
DEBUG cache hit for key=192.168.92.139
FATAL kernel panic
FATAL unrecoverable disk error
ERROR file not found: /tmp/192.168.229.48.log
WARN disk usage 192.168.211.158%
WARN retry attempt 192.168.57.185 for 29690
DEBUG cache hit for key=192.168.178.215
FATAL segfault at address 0x192.168.178.6
WARN disk usage 192.168.211.158%
ERROR file not found: /tmp/192.168.92.139.log
DEBUG variable x=192.168.219.168
DEBUG variable x=192.168.219.168
FATAL segfault at address 0x192.168.142.104
INFO connection established
DEBUG entering function foo
INFO user 192.168.60.30 logged in
WARN memory threshold reached: 192.168.178.215MB
FATAL unrecoverable disk error
DEBUG variable x=192.168.121.141
DEBUG heap size: 192.168.229.48
DEBUG variable x=192.168.229.48
INFO request from 192.168.82.31
FATAL segfault at address 0x192.168.178.6
INFO request from 192.168.57.185
DEBUG entering function foo
DEBUG cache hit for key=192.168.178.215
INFO processed 192.168.178.6 items
DEBUG entering function foo
WARN memory threshold reached: 192.168.92.139MB
WARN slow query: 192.168.229.48ms
INFO request from 192.168.60.30
FATAL segfault at address 0x192.168.57.185
ERROR null pointer in module 192.168.82.31
DEBUG variable x=192.168.92.139
INFO request from 192.168.92.139
INFO request from 192.168.193.243
DEBUG heap size: 192.168.211.158
INFO user 192.168.141.220 logged in
FATAL kernel panic
INFO connection established
DEBUG cache hit for key=192.168.60.30
INFO request from 192.168.178.215
ERROR connection timeout 503
ERROR file not found: /tmp/192.168.57.185.log
DEBUG cache hit for key=192.168.39.155
WARN disk usage 192.168.197.186%
DEBUG entering function foo
WARN retry attempt 192.168.142.104 for 84489
DEBUG cache hit for key=192.168.36.209
ERROR null pointer in module 192.168.197.186
INFO processed 192.168.92.139 items
ERROR connection timeout 503
FATAL kernel panic
FATAL out of memory
ERROR auth failure for user 192.168.121.141
ERROR file not found: /tmp/192.168.82.31.log
DEBUG heap size: 192.168.92.139
WARN slow query: 192.168.107.168ms
ERROR null pointer in module 192.168.60.30
INFO user 192.168.178.215 logged in
DEBUG entering function foo
INFO user 192.168.193.243 logged in
INFO connection established
FATAL segfault at address 0x192.168.229.48
FATAL unrecoverable disk error
DEBUG entering function foo
INFO request from 192.168.215.207
ERROR file not found: /tmp/192.168.121.141.log
DEBUG variable x=192.168.178.215
INFO processed 192.168.82.31 items
FATAL out of memory
WARN disk usage 192.168.121.141%
INFO request from 192.168.178.215
ERROR auth failure for user 192.168.121.141
INFO connection established
DEBUG entering function foo
DEBUG entering function foo
ERROR connection timeout 503
WARN disk usage 192.168.211.158%
FATAL segfault at address 0x192.168.193.243
WARN disk usage 192.168.211.158%
DEBUG entering function foo
ERROR null pointer in module 192.168.178.215
WARN disk usage 192.168.9.50%
INFO connection established
FATAL kernel panic
WARN disk usage 192.168.141.220%
INFO processed 192.168.92.139 items
DEBUG entering function foo
INFO user 192.168.9.50 logged in
WARN retry attempt 192.168.178.6 for 30463
DEBUG cache hit for key=192.168.193.243
DEBUG entering function foo
INFO request from 192.168.193.243
DEBUG variable x=192.168.193.243
INFO processed 192.168.39.155 items
INFO processed 192.168.197.186 items
INFO connection established
WARN retry attempt 192.168.219.168 for 36704
WARN retry attempt 192.168.36.209 for 55129
WARN retry attempt 192.168.178.6 for 53769
INFO request from 192.168.141.220
DEBUG heap size: 192.168.142.104
ERROR file not found: /tmp/192.168.57.185.log
INFO processed 192.168.215.207 items
WARN retry attempt 192.168.178.6 for 97009
DEBUG cache hit for key=192.168.193.243
INFO connection established
WARN memory threshold reached: 192.168.121.141MB
FATAL kernel panic
ERROR null pointer in module 192.168.197.186
WARN retry attempt 192.168.107.168 for 65874
INFO user 192.168.57.185 logged in
DEBUG cache hit for key=192.168.57.185
ERROR auth failure for user 192.168.39.155
DEBUG heap size: 192.168.36.209
ERROR auth failure for user 192.168.211.158
FATAL unrecoverable disk error
WARN slow query: 192.168.141.220ms
DEBUG entering function foo
FATAL kernel panic
INFO user 192.168.178.6 logged in
ERROR auth failure for user 192.168.178.215
ERROR file not found: /tmp/192.168.178.215.log
INFO user 192.168.215.207 logged in
ERROR connection timeout 503
WARN memory threshold reached: 192.168.219.168MB
DEBUG cache hit for key=192.168.178.215
INFO processed 192.168.142.104 items
FATAL out of memory
FATAL out of memory
ERROR file not found: /tmp/192.168.141.220.log
WARN slow query: 192.168.211.158ms
WARN memory threshold reached: 192.168.141.220MB
FATAL segfault at address 0x192.168.60.30
WARN memory threshold reached: 192.168.36.209MB
DEBUG variable x=192.168.107.168
WARN disk usage 192.168.141.220%
INFO request from 192.168.193.243
WARN retry attempt 192.168.142.104 for 47643
ERROR connection timeout 503
INFO processed 192.168.121.141 items
FATAL out of memory
WARN memory threshold reached: 192.168.211.158MB
ERROR file not found: /tmp/192.168.92.139.log
ERROR null pointer in module 192.168.9.50
WARN retry attempt 192.168.121.141 for 10136
FATAL segfault at address 0x192.168.211.158
ERROR null pointer in module 192.168.60.30
WARN disk usage 192.168.211.158%
WARN slow query: 192.168.215.207ms
WARN disk usage 192.168.39.155%
INFO connection established
WARN retry attempt 192.168.39.155 for 32353
DEBUG cache hit for key=192.168.142.104
FATAL unrecoverable disk error
WARN retry attempt 192.168.211.158 for 76484
DEBUG heap size: 192.168.215.207
ERROR file not found: /tmp/192.168.82.31.log
WARN slow query: 192.168.215.207ms
ERROR connection timeout 503
ERROR null pointer in module 192.168.39.155
FATAL segfault at address 0x192.168.36.209
WARN memory threshold reached: 192.168.9.50MB
FATAL kernel panic
DEBUG cache hit for key=192.168.36.209
WARN retry attempt 192.168.141.220 for 89175
WARN disk usage 192.168.211.158%
INFO user 192.168.193.243 logged in
FATAL segfault at address 0x192.168.178.215
FATAL segfault at address 0x192.168.197.186
INFO connection established
WARN slow query: 192.168.9.50ms
ERROR auth failure for user 192.168.141.220
INFO processed 192.168.211.158 items
DEBUG heap size: 192.168.211.158
WARN disk usage 192.168.39.155%
DEBUG entering function foo
DEBUG variable x=192.168.82.31
DEBUG entering function foo
DEBUG cache hit for key=192.168.9.50
FATAL kernel panic
FATAL segfault at address 0x192.168.215.207
ERROR auth failure for user 192.168.142.104
ERROR null pointer in module 192.168.36.209
ERROR auth failure for user 192.168.193.243
FATAL out of memory
ERROR null pointer in module 192.168.107.168
FATAL out of memory
WARN slow query: 192.168.39.155ms
INFO connection established
DEBUG entering function foo
DEBUG cache hit for key=192.168.39.155
FATAL kernel panic
ERROR connection timeout 503
ERROR auth failure for user 192.168.39.155
WARN disk usage 192.168.57.185%
INFO processed 192.168.193.243 items
WARN memory threshold reached: 192.168.57.185MB
DEBUG heap size: 192.168.178.215
WARN slow query: 192.168.219.168ms
FATAL out of memory
WARN memory threshold reached: 192.168.189.144MB
FATAL unrecoverable disk error
DEBUG variable x=192.168.121.141
WARN slow query: 192.168.178.215ms
FATAL kernel panic
FATAL kernel panic
DEBUG entering function foo
FATAL unrecoverable disk error
DEBUG variable x=192.168.107.168
ERROR null pointer in module 192.168.178.6
DEBUG entering function foo
WARN slow query: 192.168.229.48ms
WARN disk usage 192.168.189.144%
FATAL out of memory
FATAL unrecoverable disk error
DEBUG variable x=192.168.142.104
FATAL out of memory
DEBUG entering function foo
WARN memory threshold reached: 192.168.39.155MB
INFO processed 192.168.57.185 items
DEBUG heap size: 192.168.121.141
WARN memory threshold reached: 192.168.197.186MB
DEBUG heap size: 192.168.211.158
FATAL out of memory
DEBUG variable x=192.168.197.186
FATAL kernel panic
DEBUG cache hit for key=192.168.178.6
FATAL out of memory
WARN retry attempt 192.168.189.144 for 69459
ERROR connection timeout 503
FATAL out of memory
FATAL kernel panic
FATAL unrecoverable disk error
DEBUG entering function foo
ERROR file not found: /tmp/192.168.142.104.log
DEBUG entering function foo
INFO request from 192.168.178.215
FATAL unrecoverable disk error
INFO user 192.168.141.220 logged in
INFO processed 192.168.193.243 items
ERROR connection timeout 503
WARN memory threshold reached: 192.168.193.243MB
FATAL segfault at address 0x192.168.36.209
DEBUG entering function foo
WARN memory threshold reached: 192.168.215.207MB
FATAL segfault at address 0x192.168.121.141
WARN slow query: 192.168.60.30ms
WARN slow query: 192.168.215.207ms
FATAL kernel panic
INFO user 192.168.219.168 logged in
ERROR file not found: /tmp/192.168.142.104.log
ERROR file not found: /tmp/192.168.189.144.log
DEBUG entering function foo
ERROR null pointer in module 192.168.193.243
FATAL out of memory
WARN memory threshold reached: 192.168.141.220MB
INFO processed 192.168.178.215 items
FATAL segfault at address 0x192.168.92.139
FATAL out of memory
INFO processed 192.168.141.220 items
INFO processed 192.168.82.31 items
FATAL out of memory
FATAL unrecoverable disk error
FATAL kernel panic
INFO request from 192.168.193.243
INFO processed 192.168.9.50 items
FATAL unrecoverable disk error
FATAL kernel panic
INFO user 192.168.60.30 logged in
DEBUG cache hit for key=192.168.189.144
INFO connection established
DEBUG entering function foo
FATAL out of memory
INFO processed 192.168.178.215 items
INFO request from 192.168.57.185
WARN memory threshold reached: 192.168.60.30MB
ERROR null pointer in module 192.168.107.168
DEBUG variable x=192.168.229.48
FATAL out of memory
INFO processed 192.168.36.209 items
WARN slow query: 192.168.82.31ms
ERROR connection timeout 503
WARN memory threshold reached: 192.168.107.168MB
WARN disk usage 192.168.60.30%
FATAL kernel panic
WARN retry attempt 192.168.141.220 for 57811
WARN retry attempt 192.168.60.30 for 16007
INFO processed 192.168.189.144 items
FATAL segfault at address 0x192.168.211.158
INFO user 192.168.57.185 logged in
ERROR null pointer in module 192.168.121.141
FATAL segfault at address 0x192.168.82.31
WARN slow query: 192.168.211.158ms
WARN disk usage 192.168.36.209%
ERROR null pointer in module 192.168.107.168
DEBUG heap size: 192.168.211.158
FATAL unrecoverable disk error
DEBUG heap size: 192.168.121.141
FATAL unrecoverable disk error
INFO connection established
ERROR auth failure for user 192.168.60.30
DEBUG heap size: 192.168.141.220
FATAL segfault at address 0x192.168.193.243
DEBUG variable x=192.168.121.141
FATAL out of memory
INFO processed 192.168.36.209 items
FATAL out of memory
FATAL out of memory
FATAL kernel panic
DEBUG cache hit for key=192.168.121.141
ERROR null pointer in module 192.168.219.168
ERROR file not found: /tmp/192.168.9.50.log
FATAL segfault at address 0x192.168.178.6
INFO processed 192.168.178.215 items
ERROR connection timeout 503
DEBUG entering function foo
ERROR null pointer in module 192.168.229.48
DEBUG cache hit for key=192.168.121.141
WARN disk usage 192.168.219.168%
ERROR connection timeout 503
ERROR auth failure for user 192.168.215.207
DEBUG variable x=192.168.36.209
WARN retry attempt 192.168.178.215 for 68607
FATAL kernel panic
ERROR auth failure for user 192.168.219.168
WARN retry attempt 192.168.121.141 for 81820
DEBUG entering function foo
DEBUG heap size: 192.168.9.50
WARN disk usage 192.168.229.48%
FATAL unrecoverable disk error
DEBUG entering function foo
DEBUG entering function foo
INFO connection established
INFO user 192.168.36.209 logged in
FATAL unrecoverable disk error
WARN memory threshold reached: 192.168.197.186MB
ERROR connection timeout 503
WARN memory threshold reached: 192.168.142.104MB
WARN retry attempt 192.168.92.139 for 15564
ERROR auth failure for user 192.168.142.104
INFO user 192.168.141.220 logged in
WARN memory threshold reached: 192.168.36.209MB
DEBUG entering function foo
WARN disk usage 192.168.107.168%
ERROR file not found: /tmp/192.168.178.6.log
INFO connection established
WARN memory threshold reached: 192.168.39.155MB
FATAL out of memory
DEBUG entering function foo
FATAL segfault at address 0x192.168.9.50
ERROR file not found: /tmp/192.168.39.155.log
ERROR connection timeout 503
WARN slow query: 192.168.9.50ms
ERROR file not found: /tmp/192.168.57.185.log
ERROR auth failure for user 192.168.92.139
WARN disk usage 192.168.9.50%
WARN slow query: 192.168.178.6ms
ERROR file not found: /tmp/192.168.141.220.log
ERROR auth failure for user 192.168.197.186
FATAL kernel panic
INFO request from 192.168.60.30
FATAL unrecoverable disk error
ERROR connection timeout 503
INFO processed 192.168.211.158 items
FATAL unrecoverable disk error
DEBUG entering function foo
DEBUG cache hit for key=192.168.60.30
FATAL unrecoverable disk error
WARN slow query: 192.168.107.168ms
INFO user 192.168.82.31 logged in
DEBUG cache hit for key=192.168.211.158
WARN disk usage 192.168.39.155%
INFO processed 192.168.141.220 items
INFO request from 192.168.215.207
DEBUG cache hit for key=192.168.178.6
INFO request from 192.168.57.185
WARN retry attempt 192.168.92.139 for 38969
ERROR file not found: /tmp/192.168.57.185.log
ERROR null pointer in module 192.168.215.207
ERROR connection timeout 503
DEBUG entering function foo
ERROR connection timeout 503
INFO user 192.168.9.50 logged in
INFO processed 192.168.39.155 items
ERROR file not found: /tmp/192.168.36.209.log
WARN retry attempt 192.168.215.207 for 87281
FATAL out of memory
FATAL unrecoverable disk error
ERROR null pointer in module 192.168.219.168
FATAL segfault at address 0x192.168.197.186
ERROR auth failure for user 192.168.107.168
INFO connection established
DEBUG heap size: 192.168.107.168
FATAL kernel panic
FATAL segfault at address 0x192.168.142.104
FATAL unrecoverable disk error
WARN slow query: 192.168.39.155ms
DEBUG variable x=192.168.107.168
DEBUG cache hit for key=192.168.60.30
DEBUG heap size: 192.168.57.185
FATAL out of memory
ERROR null pointer in module 192.168.178.215
DEBUG cache hit for key=192.168.36.209
WARN slow query: 192.168.178.215ms
INFO processed 192.168.229.48 items
ERROR null pointer in module 192.168.107.168
DEBUG cache hit for key=192.168.189.144
WARN memory threshold reached: 192.168.60.30MB
FATAL unrecoverable disk error
DEBUG entering function foo
FATAL kernel panic
INFO user 192.168.178.215 logged in
FATAL segfault at address 0x192.168.193.243
ERROR null pointer in module 192.168.82.31
DEBUG entering function foo
DEBUG entering function foo
FATAL unrecoverable disk error
FATAL kernel panic
ERROR connection timeout 503
DEBUG heap size: 192.168.142.104
FATAL kernel panic
DEBUG entering function foo
ERROR null pointer in module 192.168.193.243
WARN memory threshold reached: 192.168.9.50MB
WARN disk usage 192.168.215.207%
ERROR auth failure for user 192.168.219.168
FATAL kernel panic
DEBUG heap size: 192.168.193.243
FATAL unrecoverable disk error
INFO user 192.168.189.144 logged in
WARN retry attempt 192.168.9.50 for 20229
INFO request from 192.168.189.144
INFO request from 192.168.57.185
FATAL segfault at address 0x192.168.36.209
WARN retry attempt 192.168.142.104 for 51107
DEBUG variable x=192.168.197.186
INFO processed 192.168.178.215 items
ERROR auth failure for user 192.168.215.207
FATAL segfault at address 0x192.168.121.141
WARN slow query: 192.168.142.104ms
FATAL unrecoverable disk error
ERROR connection timeout 503
WARN disk usage 192.168.211.158%
WARN memory threshold reached: 192.168.36.209MB
WARN disk usage 192.168.57.185%
WARN disk usage 192.168.57.185%
ERROR auth failure for user 192.168.215.207
FATAL unrecoverable disk error
DEBUG entering function foo
WARN disk usage 192.168.92.139%
FATAL kernel panic
WARN memory threshold reached: 192.168.142.104MB
INFO connection established
ERROR null pointer in module 192.168.9.50
DEBUG cache hit for key=192.168.193.243
INFO connection established
WARN disk usage 192.168.141.220%
FATAL unrecoverable disk error
WARN retry attempt 192.168.92.139 for 69001
ERROR file not found: /tmp/192.168.36.209.log
WARN disk usage 192.168.193.243%
INFO connection established
DEBUG cache hit for key=192.168.107.168
FATAL segfault at address 0x192.168.107.168
FATAL segfault at address 0x192.168.215.207
ERROR null pointer in module 192.168.215.207
ERROR null pointer in module 192.168.178.6
DEBUG cache hit for key=192.168.60.30
DEBUG entering function foo
INFO connection established
DEBUG cache hit for key=192.168.189.144
ERROR null pointer in module 192.168.178.6
FATAL unrecoverable disk error
ERROR connection timeout 503
DEBUG variable x=192.168.92.139
FATAL segfault at address 0x192.168.36.209
WARN slow query: 192.168.142.104ms
FATAL kernel panic
INFO request from 192.168.211.158
FATAL unrecoverable disk error
ERROR file not found: /tmp/192.168.142.104.log
FATAL kernel panic
ERROR connection timeout 503
FATAL unrecoverable disk error
WARN memory threshold reached: 192.168.60.30MB
ERROR null pointer in module 192.168.215.207
WARN disk usage 192.168.219.168%
WARN memory threshold reached: 192.168.36.209MB
FATAL kernel panic
FATAL out of memory
WARN disk usage 192.168.142.104%
DEBUG cache hit for key=192.168.142.104
FATAL kernel panic
WARN memory threshold reached: 192.168.39.155MB
DEBUG variable x=192.168.219.168
WARN memory threshold reached: 192.168.36.209MB
FATAL out of memory
DEBUG variable x=192.168.193.243
WARN slow query: 192.168.39.155ms
INFO user 192.168.141.220 logged in
ERROR file not found: /tmp/192.168.142.104.log
FATAL out of memory
INFO processed 192.168.193.243 items
WARN slow query: 192.168.197.186ms
DEBUG heap size: 192.168.57.185
WARN retry attempt 192.168.229.48 for 40493
INFO processed 192.168.39.155 items
FATAL segfault at address 0x192.168.197.186
DEBUG cache hit for key=192.168.197.186
FATAL unrecoverable disk error
WARN memory threshold reached: 192.168.82.31MB
DEBUG entering function foo
WARN memory threshold reached: 192.168.9.50MB
FATAL segfault at address 0x192.168.215.207
FATAL out of memory
INFO connection established
WARN disk usage 192.168.229.48%
FATAL unrecoverable disk error
FATAL unrecoverable disk error
ERROR file not found: /tmp/192.168.197.186.log
WARN memory threshold reached: 192.168.178.6MB
ERROR null pointer in module 192.168.189.144
WARN retry attempt 192.168.211.158 for 29227
ERROR connection timeout 503
WARN memory threshold reached: 192.168.142.104MB
INFO processed 192.168.92.139 items
WARN disk usage 192.168.82.31%
DEBUG entering function foo
ERROR file not found: /tmp/192.168.82.31.log
INFO connection established
INFO processed 192.168.211.158 items
DEBUG entering function foo
ERROR auth failure for user 192.168.36.209
DEBUG cache hit for key=192.168.57.185
FATAL segfault at address 0x192.168.107.168
FATAL segfault at address 0x192.168.229.48
WARN memory threshold reached: 192.168.193.243MB
WARN disk usage 192.168.39.155%
DEBUG variable x=192.168.215.207
FATAL kernel panic
DEBUG entering function foo
ERROR file not found: /tmp/192.168.60.30.log
DEBUG variable x=192.168.229.48
DEBUG cache hit for key=192.168.9.50
INFO connection established
INFO request from 192.168.178.215
INFO request from 192.168.178.215
ERROR file not found: /tmp/192.168.141.220.log
INFO connection established
WARN retry attempt 192.168.189.144 for 71154
WARN slow query: 192.168.211.158ms
WARN slow query: 192.168.121.141ms
FATAL segfault at address 0x192.168.9.50
INFO user 192.168.229.48 logged in
INFO request from 192.168.215.207
FATAL out of memory
INFO user 192.168.9.50 logged in
WARN disk usage 192.168.9.50%
DEBUG entering function foo
DEBUG cache hit for key=192.168.121.141
ERROR null pointer in module 192.168.121.141
ERROR null pointer in module 192.168.193.243
ERROR file not found: /tmp/192.168.197.186.log
INFO user 192.168.229.48 logged in
WARN disk usage 192.168.57.185%
WARN retry attempt 192.168.193.243 for 12959
FATAL unrecoverable disk error
ERROR null pointer in module 192.168.178.6
WARN memory threshold reached: 192.168.211.158MB
DEBUG heap size: 192.168.121.141
DEBUG cache hit for key=192.168.189.144
DEBUG heap size: 192.168.39.155
INFO connection established
FATAL out of memory
WARN retry attempt 192.168.215.207 for 54985
INFO user 192.168.60.30 logged in
ERROR file not found: /tmp/192.168.197.186.log
INFO connection established
WARN retry attempt 192.168.229.48 for 34662
ERROR connection timeout 503
FATAL unrecoverable disk error
DEBUG entering function foo
DEBUG entering function foo
WARN slow query: 192.168.189.144ms
DEBUG variable x=192.168.141.220
DEBUG cache hit for key=192.168.219.168
FATAL unrecoverable disk error
DEBUG cache hit for key=192.168.39.155
DEBUG heap size: 192.168.92.139
ERROR null pointer in module 192.168.189.144
DEBUG entering function foo
FATAL segfault at address 0x192.168.57.185
INFO connection established
FATAL out of memory
ERROR null pointer in module 192.168.211.158
ERROR file not found: /tmp/192.168.141.220.log
DEBUG cache hit for key=192.168.229.48
FATAL kernel panic
FATAL kernel panic
WARN slow query: 192.168.121.141ms
INFO user 192.168.57.185 logged in
INFO request from 192.168.107.168
DEBUG entering function foo
INFO request from 192.168.189.144
DEBUG cache hit for key=192.168.142.104
DEBUG variable x=192.168.107.168
DEBUG variable x=192.168.9.50
ERROR null pointer in module 192.168.178.215
FATAL segfault at address 0x192.168.189.144
ERROR connection timeout 503
ERROR null pointer in module 192.168.193.243
WARN slow query: 192.168.197.186ms
WARN retry attempt 192.168.197.186 for 2656
FATAL segfault at address 0x192.168.9.50
DEBUG cache hit for key=192.168.9.50
ERROR auth failure for user 192.168.189.144
DEBUG cache hit for key=192.168.92.139
INFO user 192.168.141.220 logged in
WARN slow query: 192.168.219.168ms
DEBUG heap size: 192.168.107.168
INFO processed 192.168.193.243 items
FATAL kernel panic
FATAL kernel panic
ERROR null pointer in module 192.168.178.6
WARN retry attempt 192.168.60.30 for 74866
ERROR auth failure for user 192.168.215.207
ERROR connection timeout 503
DEBUG cache hit for key=192.168.107.168
WARN disk usage 192.168.92.139%
DEBUG heap size: 192.168.92.139
ERROR file not found: /tmp/192.168.36.209.log
ERROR auth failure for user 192.168.39.155
ERROR null pointer in module 192.168.178.215
FATAL out of memory
ERROR null pointer in module 192.168.121.141
INFO connection established
WARN disk usage 192.168.141.220%
WARN slow query: 192.168.189.144ms
FATAL kernel panic
INFO request from 192.168.178.215
DEBUG variable x=192.168.121.141
WARN retry attempt 192.168.92.139 for 54589
INFO user 192.168.107.168 logged in
INFO processed 192.168.178.215 items
ERROR connection timeout 503
DEBUG variable x=192.168.229.48
WARN slow query: 192.168.82.31ms
FATAL kernel panic
FATAL out of memory
FATAL out of memory
FATAL unrecoverable disk error
FATAL out of memory
INFO processed 192.168.60.30 items
ERROR auth failure for user 192.168.39.155
INFO connection established
WARN slow query: 192.168.39.155ms
INFO connection established
DEBUG cache hit for key=192.168.197.186
WARN slow query: 192.168.178.215ms
FATAL unrecoverable disk error
DEBUG cache hit for key=192.168.39.155
DEBUG entering function foo
DEBUG heap size: 192.168.121.141
WARN memory threshold reached: 192.168.178.215MB
INFO connection established
DEBUG cache hit for key=192.168.39.155
FATAL kernel panic
ERROR file not found: /tmp/192.168.197.186.log
WARN slow query: 192.168.211.158ms
WARN memory threshold reached: 192.168.39.155MB
DEBUG heap size: 192.168.82.31
ERROR file not found: /tmp/192.168.197.186.log
WARN retry attempt 192.168.211.158 for 7214
DEBUG cache hit for key=192.168.121.141
WARN slow query: 192.168.36.209ms
DEBUG variable x=192.168.178.215
FATAL out of memory
WARN retry attempt 192.168.178.6 for 91840
WARN slow query: 192.168.142.104ms
DEBUG heap size: 192.168.9.50
ERROR connection timeout 503
WARN slow query: 192.168.178.6ms
WARN slow query: 192.168.9.50ms
INFO processed 192.168.142.104 items
DEBUG heap size: 192.168.189.144
ERROR null pointer in module 192.168.121.141
INFO user 192.168.107.168 logged in
DEBUG cache hit for key=192.168.193.243
INFO request from 192.168.141.220
ERROR null pointer in module 192.168.107.168
ERROR connection timeout 503
FATAL segfault at address 0x192.168.189.144
DEBUG entering function foo
INFO request from 192.168.121.141
ERROR auth failure for user 192.168.57.185
INFO request from 192.168.121.141
WARN memory threshold reached: 192.168.178.6MB
WARN slow query: 192.168.215.207ms
ERROR file not found: /tmp/192.168.141.220.log
INFO connection established
WARN retry attempt 192.168.9.50 for 75226
DEBUG variable x=192.168.39.155
INFO request from 192.168.82.31
INFO connection established
INFO processed 192.168.36.209 items
WARN retry attempt 192.168.121.141 for 65153
FATAL unrecoverable disk error
ERROR auth failure for user 192.168.57.185
FATAL segfault at address 0x192.168.39.155
ERROR auth failure for user 192.168.9.50
INFO request from 192.168.121.141
WARN memory threshold reached: 192.168.215.207MB
DEBUG heap size: 192.168.197.186
INFO processed 192.168.39.155 items
FATAL out of memory
FATAL kernel panic
ERROR file not found: /tmp/192.168.211.158.log
INFO request from 192.168.107.168
INFO connection established
INFO request from 192.168.219.168
INFO request from 192.168.9.50
WARN slow query: 192.168.189.144ms
FATAL segfault at address 0x192.168.92.139
ERROR connection timeout 503
DEBUG cache hit for key=192.168.142.104
INFO connection established
INFO request from 192.168.82.31
WARN disk usage 192.168.121.141%
DEBUG variable x=192.168.107.168
ERROR null pointer in module 192.168.121.141
INFO request from 192.168.193.243
FATAL unrecoverable disk error
INFO user 192.168.193.243 logged in
INFO request from 192.168.60.30
WARN memory threshold reached: 192.168.82.31MB
WARN slow query: 192.168.60.30ms
INFO user 192.168.189.144 logged in
INFO processed 192.168.107.168 items
FATAL out of memory
DEBUG entering function foo
FATAL out of memory
DEBUG variable x=192.168.229.48
ERROR connection timeout 503
DEBUG cache hit for key=192.168.211.158
INFO processed 192.168.57.185 items
FATAL segfault at address 0x192.168.36.209
DEBUG variable x=192.168.229.48
WARN slow query: 192.168.36.209ms
FATAL out of memory
FATAL out of memory
ERROR connection timeout 503
INFO connection established
WARN slow query: 192.168.57.185ms
DEBUG cache hit for key=192.168.178.215
FATAL segfault at address 0x192.168.178.215
ERROR null pointer in module 192.168.60.30
FATAL segfault at address 0x192.168.121.141
FATAL out of memory
FATAL kernel panic
DEBUG cache hit for key=192.168.141.220
ERROR connection timeout 503
ERROR connection timeout 503
FATAL segfault at address 0x192.168.107.168
INFO processed 192.168.39.155 items
WARN memory threshold reached: 192.168.178.215MB
WARN retry attempt 192.168.193.243 for 75094
DEBUG heap size: 192.168.229.48
INFO connection established
FATAL kernel panic
FATAL out of memory
WARN slow query: 192.168.193.243ms
WARN memory threshold reached: 192.168.39.155MB
DEBUG entering function foo
INFO user 192.168.193.243 logged in
WARN retry attempt 192.168.121.141 for 19729
FATAL unrecoverable disk error
DEBUG variable x=192.168.39.155
DEBUG heap size: 192.168.92.139
WARN slow query: 192.168.189.144ms
FATAL segfault at address 0x192.168.92.139
DEBUG entering function foo
DEBUG variable x=192.168.219.168
DEBUG entering function foo
ERROR auth failure for user 192.168.60.30
WARN retry attempt 192.168.215.207 for 43776
WARN memory threshold reached: 192.168.215.207MB
WARN memory threshold reached: 192.168.9.50MB
FATAL unrecoverable disk error
WARN memory threshold reached: 192.168.178.215MB
DEBUG entering function foo
DEBUG cache hit for key=192.168.141.220
FATAL out of memory
FATAL out of memory
WARN disk usage 192.168.92.139%
FATAL unrecoverable disk error
WARN retry attempt 192.168.193.243 for 44949
ERROR connection timeout 503
DEBUG cache hit for key=192.168.121.141
WARN slow query: 192.168.9.50ms
WARN disk usage 192.168.92.139%
WARN retry attempt 192.168.189.144 for 73541
DEBUG variable x=192.168.229.48
ERROR file not found: /tmp/192.168.141.220.log
WARN retry attempt 192.168.82.31 for 55662
ERROR connection timeout 503
WARN slow query: 192.168.193.243ms
WARN retry attempt 192.168.36.209 for 9984
FATAL segfault at address 0x192.168.215.207
FATAL out of memory
ERROR file not found: /tmp/192.168.141.220.log
DEBUG variable x=192.168.229.48
FATAL segfault at address 0x192.168.92.139
WARN slow query: 192.168.219.168ms
ERROR file not found: /tmp/192.168.142.104.log
WARN retry attempt 192.168.211.158 for 49723
ERROR auth failure for user 192.168.39.155
FATAL unrecoverable disk error
FATAL kernel panic
ERROR file not found: /tmp/192.168.193.243.log
FATAL kernel panic
DEBUG cache hit for key=192.168.219.168
ERROR file not found: /tmp/192.168.36.209.log
WARN memory threshold reached: 192.168.219.168MB
ERROR auth failure for user 192.168.36.209
ERROR null pointer in module 192.168.57.185
ERROR null pointer in module 192.168.189.144
WARN slow query: 192.168.57.185ms
DEBUG entering function foo
INFO connection established
WARN memory threshold reached: 192.168.57.185MB
FATAL unrecoverable disk error
DEBUG variable x=192.168.178.6
INFO processed 192.168.9.50 items
ERROR connection timeout 503
INFO processed 192.168.141.220 items
DEBUG heap size: 192.168.82.31
DEBUG cache hit for key=192.168.178.6
WARN memory threshold reached: 192.168.178.215MB
FATAL out of memory
DEBUG heap size: 192.168.211.158
INFO user 192.168.60.30 logged in
DEBUG entering function foo
INFO request from 192.168.189.144
DEBUG heap size: 192.168.229.48
FATAL kernel panic
ERROR connection timeout 503
DEBUG variable x=192.168.107.168
WARN memory threshold reached: 192.168.197.186MB
FATAL out of memory
WARN slow query: 192.168.60.30ms
INFO request from 192.168.197.186
ERROR file not found: /tmp/192.168.39.155.log
DEBUG entering function foo
DEBUG cache hit for key=192.168.57.185
WARN slow query: 192.168.219.168ms
DEBUG entering function foo
FATAL segfault at address 0x192.168.211.158
ERROR null pointer in module 192.168.36.209
FATAL unrecoverable disk error
FATAL kernel panic
FATAL out of memory
INFO connection established
DEBUG heap size: 192.168.36.209
WARN slow query: 192.168.60.30ms
ERROR file not found: /tmp/192.168.82.31.log
INFO connection established
ERROR auth failure for user 192.168.36.209
ERROR null pointer in module 192.168.142.104
DEBUG variable x=192.168.36.209
INFO user 192.168.57.185 logged in
FATAL out of memory
WARN slow query: 192.168.178.6ms
WARN memory threshold reached: 192.168.193.243MB
FATAL kernel panic
WARN retry attempt 192.168.82.31 for 51259
WARN disk usage 192.168.57.185%
FATAL out of memory
INFO user 192.168.193.243 logged in
DEBUG cache hit for key=192.168.57.185
DEBUG heap size: 192.168.107.168
DEBUG heap size: 192.168.39.155
WARN memory threshold reached: 192.168.9.50MB
DEBUG variable x=192.168.229.48
ERROR null pointer in module 192.168.189.144
FATAL kernel panic
FATAL segfault at address 0x192.168.141.220
ERROR auth failure for user 192.168.39.155
WARN disk usage 192.168.9.50%
WARN retry attempt 192.168.189.144 for 20712
DEBUG cache hit for key=192.168.57.185
INFO connection established
ERROR null pointer in module 192.168.141.220
FATAL out of memory
FATAL kernel panic
WARN slow query: 192.168.141.220ms
ERROR file not found: /tmp/192.168.107.168.log
INFO user 192.168.178.6 logged in
INFO connection established
ERROR null pointer in module 192.168.107.168
ERROR connection timeout 503
INFO request from 192.168.57.185
INFO connection established
FATAL kernel panic
DEBUG entering function foo
FATAL unrecoverable disk error
WARN retry attempt 192.168.215.207 for 51871
WARN memory threshold reached: 192.168.39.155MB
WARN memory threshold reached: 192.168.193.243MB
INFO request from 192.168.60.30
WARN retry attempt 192.168.39.155 for 46746
INFO user 192.168.9.50 logged in
WARN disk usage 192.168.142.104%
WARN memory threshold reached: 192.168.178.215MB
WARN slow query: 192.168.211.158ms
ERROR auth failure for user 192.168.142.104
DEBUG variable x=192.168.82.31
WARN slow query: 192.168.193.243ms
DEBUG entering function foo
FATAL kernel panic
WARN retry attempt 192.168.121.141 for 28708
FATAL kernel panic
WARN slow query: 192.168.9.50ms
INFO request from 192.168.197.186
FATAL out of memory
DEBUG variable x=192.168.141.220
INFO user 192.168.229.48 logged in
DEBUG variable x=192.168.36.209
FATAL out of memory
WARN retry attempt 192.168.219.168 for 36097
INFO request from 192.168.211.158
INFO processed 192.168.211.158 items
WARN slow query: 192.168.178.6ms
ERROR null pointer in module 192.168.141.220
FATAL unrecoverable disk error
INFO user 192.168.229.48 logged in
ERROR connection timeout 503
FATAL unrecoverable disk error
DEBUG heap size: 192.168.39.155
WARN retry attempt 192.168.142.104 for 48598
INFO request from 192.168.178.6
DEBUG heap size: 192.168.178.215
WARN disk usage 192.168.107.168%
DEBUG heap size: 192.168.178.215
WARN retry attempt 192.168.121.141 for 97933
INFO connection established
INFO request from 192.168.60.30
FATAL out of memory
INFO user 192.168.57.185 logged in
DEBUG heap size: 192.168.142.104
INFO user 192.168.189.144 logged in
ERROR null pointer in module 192.168.107.168
WARN slow query: 192.168.189.144ms
FATAL kernel panic
DEBUG cache hit for key=192.168.215.207
FATAL segfault at address 0x192.168.229.48
DEBUG entering function foo
WARN memory threshold reached: 192.168.121.141MB
WARN retry attempt 192.168.211.158 for 92031
INFO request from 192.168.107.168
INFO connection established
FATAL segfault at address 0x192.168.229.48
ERROR connection timeout 503
INFO connection established
FATAL unrecoverable disk error
WARN slow query: 192.168.229.48ms
INFO connection established
ERROR auth failure for user 192.168.60.30
INFO user 192.168.189.144 logged in
WARN memory threshold reached: 192.168.211.158MB
ERROR file not found: /tmp/192.168.197.186.log
ERROR null pointer in module 192.168.178.6
FATAL segfault at address 0x192.168.60.30
WARN slow query: 192.168.107.168ms
DEBUG entering function foo
FATAL kernel panic
FATAL segfault at address 0x192.168.9.50
WARN memory threshold reached: 192.168.92.139MB
FATAL unrecoverable disk error
INFO request from 192.168.142.104
FATAL unrecoverable disk error
DEBUG heap size: 192.168.39.155
FATAL out of memory
ERROR null pointer in module 192.168.9.50
DEBUG variable x=192.168.39.155
ERROR auth failure for user 192.168.193.243
WARN slow query: 192.168.39.155ms
WARN retry attempt 192.168.193.243 for 8554
DEBUG entering function foo
WARN retry attempt 192.168.142.104 for 13502
FATAL out of memory
WARN slow query: 192.168.211.158ms
WARN memory threshold reached: 192.168.219.168MB
WARN retry attempt 192.168.121.141 for 3365
ERROR connection timeout 503
DEBUG entering function foo
FATAL out of memory
ERROR null pointer in module 192.168.107.168
INFO request from 192.168.211.158
FATAL segfault at address 0x192.168.39.155
ERROR null pointer in module 192.168.178.215
INFO user 192.168.178.215 logged in
WARN retry attempt 192.168.60.30 for 3356
WARN disk usage 192.168.197.186%
ERROR null pointer in module 192.168.178.215
ERROR file not found: /tmp/192.168.39.155.log
INFO request from 192.168.211.158
WARN retry attempt 192.168.36.209 for 49183
INFO user 192.168.9.50 logged in
INFO user 192.168.189.144 logged in
WARN retry attempt 192.168.121.141 for 87522
FATAL out of memory
ERROR file not found: /tmp/192.168.92.139.log
FATAL kernel panic
FATAL kernel panic
ERROR auth failure for user 192.168.92.139
INFO connection established
INFO user 192.168.107.168 logged in
WARN memory threshold reached: 192.168.92.139MB
WARN retry attempt 192.168.92.139 for 11506
INFO request from 192.168.57.185
INFO user 192.168.193.243 logged in
WARN retry attempt 192.168.82.31 for 17031
DEBUG heap size: 192.168.9.50
DEBUG variable x=192.168.9.50
DEBUG cache hit for key=192.168.9.50
FATAL out of memory
ERROR connection timeout 503
DEBUG entering function foo
INFO processed 192.168.36.209 items
INFO connection established
WARN slow query: 192.168.215.207ms
FATAL segfault at address 0x192.168.142.104
DEBUG entering function foo
DEBUG cache hit for key=192.168.141.220
DEBUG entering function foo
DEBUG variable x=192.168.178.215
ERROR connection timeout 503
WARN retry attempt 192.168.92.139 for 44795
DEBUG entering function foo
WARN memory threshold reached: 192.168.82.31MB
WARN retry attempt 192.168.229.48 for 87850
FATAL unrecoverable disk error
ERROR auth failure for user 192.168.215.207
WARN slow query: 192.168.219.168ms
DEBUG entering function foo
FATAL kernel panic
DEBUG entering function foo
FATAL out of memory
INFO request from 192.168.189.144
FATAL segfault at address 0x192.168.193.243
DEBUG heap size: 192.168.36.209
INFO request from 192.168.142.104
DEBUG heap size: 192.168.82.31
WARN memory threshold reached: 192.168.193.243MB
INFO processed 192.168.211.158 items
INFO connection established
FATAL unrecoverable disk error
DEBUG heap size: 192.168.178.215
ERROR file not found: /tmp/192.168.107.168.log
DEBUG heap size: 192.168.142.104
WARN retry attempt 192.168.189.144 for 97483
WARN slow query: 192.168.178.215ms
ERROR connection timeout 503
WARN slow query: 192.168.189.144ms
FATAL kernel panic
WARN retry attempt 192.168.39.155 for 90354
ERROR file not found: /tmp/192.168.215.207.log
WARN memory threshold reached: 192.168.178.6MB
ERROR file not found: /tmp/192.168.193.243.log
DEBUG heap size: 192.168.141.220
INFO processed 192.168.107.168 items
DEBUG heap size: 192.168.121.141
WARN retry attempt 192.168.219.168 for 61519
INFO user 192.168.60.30 logged in
ERROR auth failure for user 192.168.141.220
FATAL out of memory
WARN disk usage 192.168.9.50%
WARN slow query: 192.168.57.185ms
ERROR connection timeout 503
INFO request from 192.168.36.209
DEBUG heap size: 192.168.39.155
INFO connection established
WARN slow query: 192.168.39.155ms
INFO request from 192.168.141.220
FATAL segfault at address 0x192.168.197.186
ERROR auth failure for user 192.168.92.139
INFO request from 192.168.82.31
DEBUG variable x=192.168.229.48
ERROR connection timeout 503
ERROR file not found: /tmp/192.168.189.144.log
INFO request from 192.168.141.220
WARN disk usage 192.168.211.158%
WARN retry attempt 192.168.141.220 for 12753
INFO user 192.168.82.31 logged in
FATAL unrecoverable disk error
INFO processed 192.168.57.185 items
INFO processed 192.168.178.6 items
ERROR null pointer in module 192.168.178.215
INFO request from 192.168.193.243
DEBUG heap size: 192.168.39.155
FATAL segfault at address 0x192.168.121.141
INFO request from 192.168.107.168
INFO request from 192.168.193.243
ERROR connection timeout 503
DEBUG cache hit for key=192.168.178.215
ERROR file not found: /tmp/192.168.92.139.log
FATAL segfault at address 0x192.168.141.220
DEBUG heap size: 192.168.82.31
DEBUG entering function foo
INFO request from 192.168.36.209
INFO processed 192.168.178.6 items
WARN disk usage 192.168.178.6%
ERROR connection timeout 503
ERROR file not found: /tmp/192.168.178.6.log
WARN memory threshold reached: 192.168.121.141MB
INFO user 192.168.39.155 logged in
WARN disk usage 192.168.142.104%
ERROR null pointer in module 192.168.193.243
ERROR null pointer in module 192.168.57.185
INFO connection established
INFO connection established
INFO request from 192.168.9.50
FATAL segfault at address 0x192.168.197.186
ERROR null pointer in module 192.168.178.6
DEBUG heap size: 192.168.215.207
WARN retry attempt 192.168.229.48 for 85979
ERROR file not found: /tmp/192.168.9.50.log
INFO user 192.168.178.215 logged in
WARN memory threshold reached: 192.168.57.185MB
WARN memory threshold reached: 192.168.142.104MB
DEBUG entering function foo
DEBUG cache hit for key=192.168.219.168
INFO request from 192.168.107.168
FATAL unrecoverable disk error
FATAL segfault at address 0x192.168.121.141
DEBUG heap size: 192.168.142.104
DEBUG entering function foo
WARN slow query: 192.168.60.30ms
INFO processed 192.168.57.185 items
ERROR null pointer in module 192.168.215.207
ERROR null pointer in module 192.168.215.207
ERROR auth failure for user 192.168.215.207
INFO user 192.168.60.30 logged in
WARN slow query: 192.168.229.48ms
INFO connection established
INFO request from 192.168.193.243
ERROR auth failure for user 192.168.142.104
ERROR auth failure for user 192.168.178.215
DEBUG cache hit for key=192.168.36.209
DEBUG heap size: 192.168.57.185
WARN slow query: 192.168.9.50ms
WARN slow query: 192.168.57.185ms
DEBUG entering function foo
INFO connection established
INFO processed 192.168.211.158 items
FATAL out of memory
INFO connection established
DEBUG cache hit for key=192.168.36.209
ERROR auth failure for user 192.168.197.186
INFO request from 192.168.36.209
INFO request from 192.168.142.104
INFO user 192.168.36.209 logged in
INFO request from 192.168.219.168
FATAL segfault at address 0x192.168.141.220
DEBUG variable x=192.168.178.215
ERROR auth failure for user 192.168.92.139
INFO connection established
DEBUG variable x=192.168.193.243
ERROR null pointer in module 192.168.39.155
ERROR auth failure for user 192.168.178.6
ERROR auth failure for user 192.168.178.6
WARN memory threshold reached: 192.168.219.168MB
WARN retry attempt 192.168.82.31 for 99886
FATAL kernel panic
WARN memory threshold reached: 192.168.193.243MB
DEBUG variable x=192.168.121.141
DEBUG variable x=192.168.107.168
WARN disk usage 192.168.9.50%
FATAL out of memory
INFO user 192.168.36.209 logged in
WARN slow query: 192.168.92.139ms
FATAL segfault at address 0x192.168.141.220
INFO connection established
INFO request from 192.168.92.139
FATAL kernel panic
INFO user 192.168.189.144 logged in
DEBUG cache hit for key=192.168.142.104
ERROR file not found: /tmp/192.168.229.48.log
FATAL segfault at address 0x192.168.215.207
WARN disk usage 192.168.211.158%
DEBUG cache hit for key=192.168.197.186
INFO processed 192.168.219.168 items
DEBUG cache hit for key=192.168.92.139
WARN disk usage 192.168.36.209%
FATAL segfault at address 0x192.168.197.186
INFO processed 192.168.229.48 items
FATAL unrecoverable disk error
FATAL unrecoverable disk error
DEBUG entering function foo
WARN memory threshold reached: 192.168.215.207MB
WARN memory threshold reached: 192.168.141.220MB
FATAL unrecoverable disk error
ERROR auth failure for user 192.168.60.30
DEBUG entering function foo
WARN slow query: 192.168.36.209ms
INFO user 192.168.229.48 logged in
DEBUG cache hit for key=192.168.36.209
FATAL segfault at address 0x192.168.39.155
ERROR connection timeout 503
INFO processed 192.168.92.139 items
FATAL kernel panic
WARN slow query: 192.168.211.158ms
ERROR null pointer in module 192.168.193.243
INFO request from 192.168.219.168
WARN retry attempt 192.168.189.144 for 43616
FATAL kernel panic
DEBUG entering function foo
FATAL kernel panic
WARN disk usage 192.168.193.243%
INFO processed 192.168.141.220 items
WARN memory threshold reached: 192.168.107.168MB
ERROR null pointer in module 192.168.121.141
INFO processed 192.168.178.6 items
ERROR auth failure for user 192.168.178.215
ERROR file not found: /tmp/192.168.60.30.log
INFO request from 192.168.193.243
WARN retry attempt 192.168.36.209 for 83620
ERROR auth failure for user 192.168.229.48
ERROR auth failure for user 192.168.9.50
DEBUG entering function foo
INFO request from 192.168.60.30
WARN retry attempt 192.168.57.185 for 5932
DEBUG variable x=192.168.197.186
INFO processed 192.168.121.141 items
INFO processed 192.168.197.186 items
FATAL kernel panic
ERROR null pointer in module 192.168.229.48
FATAL out of memory
INFO user 192.168.92.139 logged in
INFO request from 192.168.178.215
FATAL kernel panic
ERROR file not found: /tmp/192.168.215.207.log
WARN slow query: 192.168.219.168ms
DEBUG cache hit for key=192.168.57.185
FATAL out of memory
WARN retry attempt 192.168.39.155 for 29298
INFO processed 192.168.60.30 items
DEBUG cache hit for key=192.168.211.158
ERROR null pointer in module 192.168.189.144
FATAL out of memory
WARN disk usage 192.168.82.31%
WARN memory threshold reached: 192.168.211.158MB
ERROR connection timeout 503
FATAL segfault at address 0x192.168.211.158
ERROR auth failure for user 192.168.57.185
WARN disk usage 192.168.57.185%
FATAL out of memory
FATAL segfault at address 0x192.168.178.215
FATAL out of memory
INFO connection established
ERROR auth failure for user 192.168.121.141
DEBUG cache hit for key=192.168.178.6
WARN memory threshold reached: 192.168.60.30MB
WARN slow query: 192.168.141.220ms
INFO user 192.168.229.48 logged in
WARN disk usage 192.168.189.144%
FATAL kernel panic
FATAL kernel panic
WARN slow query: 192.168.197.186ms
INFO user 192.168.211.158 logged in
FATAL segfault at address 0x192.168.197.186
DEBUG cache hit for key=192.168.36.209
DEBUG cache hit for key=192.168.57.185
INFO connection established
ERROR null pointer in module 192.168.39.155
DEBUG heap size: 192.168.189.144
FATAL segfault at address 0x192.168.219.168
DEBUG entering function foo
WARN retry attempt 192.168.36.209 for 144
ERROR auth failure for user 192.168.121.141
ERROR connection timeout 503
WARN retry attempt 192.168.189.144 for 83620
FATAL segfault at address 0x192.168.142.104
ERROR connection timeout 503
FATAL kernel panic
INFO user 192.168.211.158 logged in
WARN disk usage 192.168.82.31%
ERROR connection timeout 503
ERROR file not found: /tmp/192.168.178.6.log
WARN disk usage 192.168.178.6%
WARN disk usage 192.168.57.185%
FATAL segfault at address 0x192.168.60.30
FATAL segfault at address 0x192.168.219.168
FATAL out of memory
DEBUG variable x=192.168.178.215
WARN retry attempt 192.168.121.141 for 96023
DEBUG variable x=192.168.9.50
INFO request from 192.168.211.158
ERROR null pointer in module 192.168.121.141
ERROR auth failure for user 192.168.36.209
DEBUG entering function foo
FATAL unrecoverable disk error
DEBUG entering function foo
WARN slow query: 192.168.57.185ms
ERROR auth failure for user 192.168.178.6
WARN retry attempt 192.168.57.185 for 29935
FATAL out of memory
FATAL kernel panic
DEBUG cache hit for key=192.168.193.243
INFO request from 192.168.82.31
DEBUG heap size: 192.168.178.6
ERROR auth failure for user 192.168.39.155
ERROR null pointer in module 192.168.36.209
ERROR connection timeout 503
ERROR auth failure for user 192.168.92.139
ERROR file not found: /tmp/192.168.178.215.log
DEBUG heap size: 192.168.142.104
WARN memory threshold reached: 192.168.92.139MB
INFO connection established
ERROR null pointer in module 192.168.82.31
INFO request from 192.168.107.168
ERROR auth failure for user 192.168.57.185
FATAL segfault at address 0x192.168.82.31
DEBUG heap size: 192.168.82.31
DEBUG cache hit for key=192.168.9.50
WARN disk usage 192.168.211.158%
FATAL kernel panic
WARN memory threshold reached: 192.168.219.168MB
DEBUG variable x=192.168.82.31
WARN slow query: 192.168.39.155ms
FATAL out of memory
DEBUG cache hit for key=192.168.39.155
FATAL segfault at address 0x192.168.92.139
WARN disk usage 192.168.60.30%
WARN memory threshold reached: 192.168.178.6MB
FATAL kernel panic
WARN disk usage 192.168.82.31%
WARN disk usage 192.168.36.209%
INFO connection established
WARN disk usage 192.168.193.243%
ERROR connection timeout 503
ERROR null pointer in module 192.168.60.30
ERROR auth failure for user 192.168.92.139
INFO connection established
FATAL out of memory
DEBUG heap size: 192.168.9.50
WARN slow query: 192.168.39.155ms
FATAL segfault at address 0x192.168.36.209
ERROR auth failure for user 192.168.107.168
INFO user 192.168.215.207 logged in
ERROR file not found: /tmp/192.168.92.139.log
ERROR auth failure for user 192.168.193.243
FATAL segfault at address 0x192.168.197.186
INFO connection established
WARN slow query: 192.168.178.215ms
WARN retry attempt 192.168.36.209 for 77051
FATAL segfault at address 0x192.168.107.168
ERROR null pointer in module 192.168.193.243
INFO user 192.168.141.220 logged in
FATAL out of memory
FATAL out of memory
INFO connection established
DEBUG heap size: 192.168.36.209
WARN disk usage 192.168.141.220%
DEBUG variable x=192.168.197.186
WARN disk usage 192.168.82.31%
DEBUG entering function foo
WARN disk usage 192.168.211.158%
INFO processed 192.168.57.185 items
FATAL out of memory
WARN disk usage 192.168.60.30%
INFO user 192.168.107.168 logged in
INFO processed 192.168.197.186 items
WARN retry attempt 192.168.211.158 for 80325
WARN retry attempt 192.168.141.220 for 9463
INFO request from 192.168.57.185
ERROR null pointer in module 192.168.82.31
INFO request from 192.168.9.50
FATAL unrecoverable disk error
FATAL unrecoverable disk error
FATAL segfault at address 0x192.168.9.50
ERROR connection timeout 503
WARN disk usage 192.168.82.31%
FATAL segfault at address 0x192.168.9.50
INFO processed 192.168.9.50 items
INFO request from 192.168.215.207
DEBUG entering function foo
ERROR file not found: /tmp/192.168.57.185.log
ERROR file not found: /tmp/192.168.36.209.log
FATAL unrecoverable disk error
FATAL kernel panic
FATAL out of memory
WARN memory threshold reached: 192.168.178.6MB
DEBUG heap size: 192.168.189.144
INFO request from 192.168.107.168
INFO connection established
INFO processed 192.168.219.168 items
ERROR connection timeout 503
INFO processed 192.168.189.144 items
FATAL out of memory
WARN retry attempt 192.168.219.168 for 30221
FATAL unrecoverable disk error
INFO request from 192.168.36.209
INFO request from 192.168.60.30
FATAL segfault at address 0x192.168.193.243
DEBUG variable x=192.168.107.168
WARN slow query: 192.168.107.168ms
WARN disk usage 192.168.178.6%
DEBUG heap size: 192.168.189.144
FATAL unrecoverable disk error
WARN slow query: 192.168.121.141ms
ERROR file not found: /tmp/192.168.9.50.log
WARN disk usage 192.168.189.144%
FATAL segfault at address 0x192.168.215.207
DEBUG entering function foo
WARN slow query: 192.168.57.185ms
FATAL unrecoverable disk error
FATAL unrecoverable disk error
INFO processed 192.168.142.104 items
ERROR file not found: /tmp/192.168.82.31.log
WARN slow query: 192.168.82.31ms
INFO user 192.168.92.139 logged in
FATAL segfault at address 0x192.168.142.104
DEBUG cache hit for key=192.168.39.155
INFO processed 192.168.36.209 items
ERROR null pointer in module 192.168.229.48
DEBUG heap size: 192.168.229.48
WARN disk usage 192.168.189.144%
ERROR file not found: /tmp/192.168.60.30.log
DEBUG cache hit for key=192.168.142.104
WARN disk usage 192.168.82.31%
FATAL segfault at address 0x192.168.107.168
FATAL unrecoverable disk error
DEBUG entering function foo
DEBUG heap size: 192.168.107.168
DEBUG heap size: 192.168.36.209
ERROR null pointer in module 192.168.193.243
INFO connection established
INFO request from 192.168.229.48
DEBUG entering function foo
WARN disk usage 192.168.60.30%
ERROR auth failure for user 192.168.189.144
FATAL segfault at address 0x192.168.141.220
ERROR file not found: /tmp/192.168.219.168.log
DEBUG cache hit for key=192.168.215.207
WARN retry attempt 192.168.36.209 for 6825
WARN retry attempt 192.168.197.186 for 31835
INFO user 192.168.178.215 logged in
FATAL segfault at address 0x192.168.229.48
WARN slow query: 192.168.57.185ms
ERROR connection timeout 503
WARN retry attempt 192.168.193.243 for 87548
FATAL segfault at address 0x192.168.229.48
WARN memory threshold reached: 192.168.9.50MB
INFO user 192.168.92.139 logged in
FATAL out of memory
ERROR connection timeout 503
INFO processed 192.168.229.48 items
WARN memory threshold reached: 192.168.193.243MB
DEBUG entering function foo
WARN retry attempt 192.168.193.243 for 77139
WARN disk usage 192.168.60.30%
FATAL kernel panic
FATAL segfault at address 0x192.168.9.50
WARN slow query: 192.168.107.168ms
WARN disk usage 192.168.57.185%
ERROR connection timeout 503
WARN slow query: 192.168.215.207ms
INFO user 192.168.9.50 logged in
ERROR auth failure for user 192.168.219.168
DEBUG entering function foo
INFO request from 192.168.229.48
FATAL out of memory
ERROR null pointer in module 192.168.82.31
DEBUG heap size: 192.168.9.50
INFO request from 192.168.178.6
ERROR null pointer in module 192.168.82.31
DEBUG variable x=192.168.36.209
WARN disk usage 192.168.121.141%
ERROR auth failure for user 192.168.82.31
ERROR connection timeout 503
FATAL segfault at address 0x192.168.107.168
ERROR file not found: /tmp/192.168.193.243.log
WARN memory threshold reached: 192.168.142.104MB
FATAL unrecoverable disk error
WARN retry attempt 192.168.215.207 for 59847
DEBUG heap size: 192.168.82.31
WARN retry attempt 192.168.92.139 for 11422
FATAL kernel panic
INFO processed 192.168.60.30 items
WARN memory threshold reached: 192.168.60.30MB
DEBUG cache hit for key=192.168.178.6
INFO processed 192.168.211.158 items
WARN memory threshold reached: 192.168.60.30MB
DEBUG variable x=192.168.60.30
INFO processed 192.168.60.30 items
ERROR file not found: /tmp/192.168.60.30.log
FATAL segfault at address 0x192.168.215.207
FATAL kernel panic
ERROR null pointer in module 192.168.82.31
INFO request from 192.168.219.168
INFO connection established
DEBUG entering function foo
WARN memory threshold reached: 192.168.178.215MB
INFO user 192.168.229.48 logged in
DEBUG variable x=192.168.92.139
DEBUG variable x=192.168.141.220
FATAL segfault at address 0x192.168.142.104
INFO processed 192.168.82.31 items
DEBUG cache hit for key=192.168.39.155
INFO user 192.168.197.186 logged in
INFO request from 192.168.211.158
FATAL unrecoverable disk error
DEBUG entering function foo
ERROR null pointer in module 192.168.193.243
INFO request from 192.168.36.209
DEBUG variable x=192.168.142.104
ERROR null pointer in module 192.168.60.30
INFO processed 192.168.215.207 items
WARN disk usage 192.168.197.186%
FATAL segfault at address 0x192.168.178.215
INFO processed 192.168.178.215 items
INFO connection established
WARN disk usage 192.168.82.31%
INFO user 192.168.197.186 logged in
DEBUG heap size: 192.168.193.243
INFO request from 192.168.82.31
FATAL kernel panic
WARN memory threshold reached: 192.168.141.220MB
ERROR null pointer in module 192.168.107.168
FATAL unrecoverable disk error
FATAL unrecoverable disk error
DEBUG heap size: 192.168.39.155
ERROR file not found: /tmp/192.168.189.144.log
ERROR connection timeout 503
INFO request from 192.168.189.144
WARN slow query: 192.168.36.209ms
DEBUG entering function foo
FATAL out of memory
INFO user 192.168.82.31 logged in
DEBUG heap size: 192.168.107.168
FATAL kernel panic
DEBUG cache hit for key=192.168.57.185
INFO request from 192.168.189.144
INFO processed 192.168.82.31 items
ERROR connection timeout 503
WARN retry attempt 192.168.36.209 for 99277
ERROR file not found: /tmp/192.168.92.139.log
DEBUG entering function foo
DEBUG cache hit for key=192.168.39.155
INFO processed 192.168.189.144 items
FATAL out of memory
ERROR connection timeout 503
FATAL out of memory
WARN slow query: 192.168.211.158ms
FATAL kernel panic
WARN retry attempt 192.168.121.141 for 53872
INFO request from 192.168.197.186
ERROR null pointer in module 192.168.215.207
ERROR connection timeout 503
WARN slow query: 192.168.193.243ms
FATAL out of memory
INFO processed 192.168.215.207 items
DEBUG cache hit for key=192.168.189.144
FATAL unrecoverable disk error
INFO processed 192.168.36.209 items
DEBUG cache hit for key=192.168.178.215
FATAL segfault at address 0x192.168.215.207
FATAL segfault at address 0x192.168.92.139
ERROR connection timeout 503
WARN slow query: 192.168.92.139ms
FATAL out of memory
WARN disk usage 192.168.60.30%
WARN slow query: 192.168.36.209ms
DEBUG cache hit for key=192.168.197.186
INFO user 192.168.193.243 logged in
WARN memory threshold reached: 192.168.82.31MB
FATAL segfault at address 0x192.168.197.186
FATAL unrecoverable disk error
DEBUG variable x=192.168.39.155
ERROR auth failure for user 192.168.193.243
FATAL unrecoverable disk error
DEBUG entering function foo
WARN retry attempt 192.168.229.48 for 97927
WARN retry attempt 192.168.121.141 for 93843
INFO processed 192.168.189.144 items
ERROR null pointer in module 192.168.57.185
ERROR auth failure for user 192.168.39.155
FATAL kernel panic
FATAL kernel panic
INFO connection established
WARN disk usage 192.168.36.209%
DEBUG cache hit for key=192.168.193.243
WARN retry attempt 192.168.57.185 for 90949
ERROR file not found: /tmp/192.168.9.50.log
FATAL segfault at address 0x192.168.229.48
FATAL unrecoverable disk error
FATAL out of memory
INFO processed 192.168.57.185 items
WARN memory threshold reached: 192.168.39.155MB
ERROR null pointer in module 192.168.92.139
WARN disk usage 192.168.39.155%
WARN retry attempt 192.168.92.139 for 57113
FATAL kernel panic
ERROR null pointer in module 192.168.36.209
WARN slow query: 192.168.211.158ms
WARN disk usage 192.168.197.186%
FATAL kernel panic
FATAL segfault at address 0x192.168.219.168
FATAL segfault at address 0x192.168.57.185
INFO processed 192.168.9.50 items
INFO request from 192.168.219.168
DEBUG cache hit for key=192.168.60.30
DEBUG variable x=192.168.197.186
WARN memory threshold reached: 192.168.60.30MB
FATAL kernel panic
FATAL segfault at address 0x192.168.107.168
INFO processed 192.168.39.155 items
FATAL out of memory
FATAL kernel panic
INFO request from 192.168.215.207
FATAL segfault at address 0x192.168.57.185
INFO processed 192.168.219.168 items
FATAL unrecoverable disk error
INFO user 192.168.82.31 logged in
ERROR connection timeout 503
WARN slow query: 192.168.189.144ms
ERROR connection timeout 503
INFO connection established
DEBUG variable x=192.168.57.185
INFO connection established
INFO connection established
WARN retry attempt 192.168.107.168 for 57431
WARN retry attempt 192.168.215.207 for 76327
WARN disk usage 192.168.57.185%
ERROR null pointer in module 192.168.57.185
INFO processed 192.168.141.220 items
INFO user 192.168.215.207 logged in
DEBUG heap size: 192.168.36.209
WARN slow query: 192.168.121.141ms
DEBUG variable x=192.168.178.6
ERROR connection timeout 503
ERROR connection timeout 503
FATAL segfault at address 0x192.168.142.104
WARN disk usage 192.168.82.31%
FATAL unrecoverable disk error
WARN slow query: 192.168.197.186ms
ERROR auth failure for user 192.168.178.215
INFO processed 192.168.178.6 items
FATAL kernel panic
DEBUG heap size: 192.168.189.144
ERROR file not found: /tmp/192.168.189.144.log
ERROR null pointer in module 192.168.39.155
DEBUG cache hit for key=192.168.229.48
WARN disk usage 192.168.82.31%
FATAL out of memory
WARN memory threshold reached: 192.168.121.141MB
DEBUG entering function foo
INFO user 192.168.107.168 logged in
ERROR connection timeout 503
INFO connection established
DEBUG cache hit for key=192.168.107.168
FATAL segfault at address 0x192.168.229.48
FATAL kernel panic
ERROR file not found: /tmp/192.168.36.209.log
ERROR file not found: /tmp/192.168.141.220.log
DEBUG cache hit for key=192.168.141.220
DEBUG entering function foo
DEBUG entering function foo
ERROR auth failure for user 192.168.107.168
DEBUG variable x=192.168.141.220
WARN retry attempt 192.168.211.158 for 36643
FATAL segfault at address 0x192.168.189.144
ERROR connection timeout 503
WARN disk usage 192.168.141.220%
DEBUG entering function foo
WARN retry attempt 192.168.189.144 for 74683
FATAL out of memory
INFO user 192.168.142.104 logged in
ERROR connection timeout 503
WARN memory threshold reached: 192.168.39.155MB
ERROR connection timeout 503
ERROR connection timeout 503
INFO request from 192.168.9.50
ERROR file not found: /tmp/192.168.121.141.log
WARN disk usage 192.168.229.48%
WARN memory threshold reached: 192.168.82.31MB
ERROR null pointer in module 192.168.107.168
DEBUG variable x=192.168.178.215
FATAL segfault at address 0x192.168.36.209
WARN retry attempt 192.168.178.6 for 98265
WARN slow query: 192.168.193.243ms
WARN retry attempt 192.168.141.220 for 28183
WARN disk usage 192.168.36.209%
FATAL unrecoverable disk error
FATAL out of memory
DEBUG cache hit for key=192.168.60.30
ERROR connection timeout 503
DEBUG heap size: 192.168.82.31
WARN memory threshold reached: 192.168.57.185MB
INFO connection established
DEBUG entering function foo
WARN disk usage 192.168.107.168%
FATAL out of memory
DEBUG heap size: 192.168.178.6
FATAL kernel panic
FATAL out of memory
ERROR null pointer in module 192.168.178.215
ERROR file not found: /tmp/192.168.60.30.log
ERROR auth failure for user 192.168.57.185
WARN memory threshold reached: 192.168.57.185MB
ERROR auth failure for user 192.168.189.144
INFO user 192.168.142.104 logged in
WARN slow query: 192.168.193.243ms
DEBUG entering function foo
FATAL segfault at address 0x192.168.82.31
INFO user 192.168.57.185 logged in
DEBUG variable x=192.168.39.155
INFO processed 192.168.107.168 items
FATAL out of memory
DEBUG variable x=192.168.36.209
WARN slow query: 192.168.9.50ms
INFO request from 192.168.107.168
ERROR null pointer in module 192.168.92.139
DEBUG heap size: 192.168.229.48
WARN disk usage 192.168.92.139%
WARN slow query: 192.168.82.31ms
FATAL segfault at address 0x192.168.219.168
FATAL unrecoverable disk error
ERROR null pointer in module 192.168.142.104
DEBUG cache hit for key=192.168.178.215
INFO connection established
FATAL out of memory
WARN memory threshold reached: 192.168.178.215MB
FATAL segfault at address 0x192.168.36.209
INFO connection established
INFO connection established
WARN slow query: 192.168.36.209ms
FATAL out of memory
WARN retry attempt 192.168.121.141 for 7635
INFO request from 192.168.211.158
INFO request from 192.168.36.209
WARN disk usage 192.168.178.6%
INFO user 192.168.178.215 logged in
ERROR auth failure for user 192.168.36.209
ERROR connection timeout 503
DEBUG entering function foo
INFO connection established
INFO request from 192.168.178.6
FATAL segfault at address 0x192.168.107.168
WARN memory threshold reached: 192.168.219.168MB
INFO request from 192.168.219.168
ERROR null pointer in module 192.168.142.104
FATAL unrecoverable disk error
INFO connection established
ERROR null pointer in module 192.168.197.186
DEBUG variable x=192.168.189.144
FATAL out of memory
DEBUG variable x=192.168.229.48
ERROR auth failure for user 192.168.197.186
FATAL kernel panic
INFO user 192.168.211.158 logged in
ERROR file not found: /tmp/192.168.189.144.log
FATAL unrecoverable disk error
FATAL kernel panic
ERROR connection timeout 503
INFO connection established
INFO processed 192.168.39.155 items
WARN memory threshold reached: 192.168.197.186MB
WARN disk usage 192.168.36.209%
DEBUG heap size: 192.168.189.144
DEBUG variable x=192.168.107.168
FATAL kernel panic
DEBUG entering function foo
WARN memory threshold reached: 192.168.36.209MB
ERROR null pointer in module 192.168.107.168
WARN memory threshold reached: 192.168.36.209MB
FATAL out of memory
INFO user 192.168.142.104 logged in
DEBUG heap size: 192.168.82.31
INFO connection established
WARN retry attempt 192.168.219.168 for 68276
ERROR connection timeout 503
WARN disk usage 192.168.178.6%
DEBUG heap size: 192.168.211.158
DEBUG entering function foo
FATAL segfault at address 0x192.168.9.50
WARN slow query: 192.168.60.30ms
FATAL kernel panic
FATAL kernel panic
ERROR auth failure for user 192.168.57.185
FATAL kernel panic
FATAL kernel panic
ERROR connection timeout 503
FATAL out of memory
DEBUG cache hit for key=192.168.121.141
ERROR auth failure for user 192.168.107.168
INFO connection established
WARN disk usage 192.168.141.220%
DEBUG variable x=192.168.178.6
WARN disk usage 192.168.141.220%
ERROR file not found: /tmp/192.168.142.104.log
DEBUG entering function foo
WARN retry attempt 192.168.189.144 for 60948
DEBUG heap size: 192.168.219.168
DEBUG variable x=192.168.229.48
FATAL segfault at address 0x192.168.189.144
FATAL kernel panic
FATAL out of memory
FATAL kernel panic
FATAL kernel panic
DEBUG cache hit for key=192.168.142.104
DEBUG variable x=192.168.189.144
FATAL segfault at address 0x192.168.193.243
INFO processed 192.168.36.209 items
WARN retry attempt 192.168.60.30 for 59143
DEBUG entering function foo
DEBUG heap size: 192.168.39.155
DEBUG variable x=192.168.141.220
FATAL unrecoverable disk error
INFO request from 192.168.219.168
INFO connection established
WARN slow query: 192.168.9.50ms
INFO processed 192.168.193.243 items
FATAL kernel panic
FATAL unrecoverable disk error
FATAL segfault at address 0x192.168.178.6
ERROR auth failure for user 192.168.57.185
FATAL unrecoverable disk error
INFO processed 192.168.219.168 items
ERROR file not found: /tmp/192.168.229.48.log
WARN disk usage 192.168.9.50%
ERROR connection timeout 503
INFO connection established
WARN memory threshold reached: 192.168.229.48MB
FATAL unrecoverable disk error
INFO user 192.168.107.168 logged in
INFO user 192.168.189.144 logged in
INFO request from 192.168.142.104
DEBUG variable x=192.168.193.243
WARN slow query: 192.168.178.215ms
INFO request from 192.168.189.144
FATAL unrecoverable disk error
INFO user 192.168.219.168 logged in
WARN slow query: 192.168.215.207ms
WARN disk usage 192.168.141.220%
FATAL segfault at address 0x192.168.193.243
INFO processed 192.168.57.185 items
ERROR connection timeout 503
FATAL out of memory
DEBUG heap size: 192.168.215.207
DEBUG variable x=192.168.178.215
ERROR null pointer in module 192.168.39.155
ERROR connection timeout 503
WARN memory threshold reached: 192.168.229.48MB
WARN memory threshold reached: 192.168.107.168MB
FATAL segfault at address 0x192.168.178.215
FATAL unrecoverable disk error
ERROR connection timeout 503
FATAL out of memory
WARN memory threshold reached: 192.168.178.6MB
WARN memory threshold reached: 192.168.39.155MB
INFO user 192.168.92.139 logged in
DEBUG variable x=192.168.219.168
WARN disk usage 192.168.141.220%
ERROR file not found: /tmp/192.168.178.6.log
DEBUG variable x=192.168.57.185
DEBUG cache hit for key=192.168.215.207
ERROR file not found: /tmp/192.168.197.186.log
DEBUG entering function foo
WARN slow query: 192.168.219.168ms
ERROR file not found: /tmp/192.168.82.31.log
INFO request from 192.168.82.31
DEBUG variable x=192.168.197.186
DEBUG heap size: 192.168.141.220
WARN disk usage 192.168.197.186%
DEBUG variable x=192.168.189.144
DEBUG entering function foo
DEBUG entering function foo
WARN disk usage 192.168.121.141%
WARN retry attempt 192.168.121.141 for 56086
DEBUG variable x=192.168.141.220
FATAL out of memory
ERROR auth failure for user 192.168.178.6
FATAL out of memory
WARN disk usage 192.168.193.243%
FATAL unrecoverable disk error
ERROR connection timeout 503
FATAL unrecoverable disk error
FATAL out of memory
DEBUG cache hit for key=192.168.211.158
FATAL kernel panic
FATAL segfault at address 0x192.168.219.168
INFO connection established
FATAL segfault at address 0x192.168.142.104
FATAL out of memory
ERROR file not found: /tmp/192.168.107.168.log
WARN slow query: 192.168.219.168ms
INFO connection established
ERROR null pointer in module 192.168.178.215
INFO request from 192.168.107.168
WARN retry attempt 192.168.219.168 for 14727
ERROR file not found: /tmp/192.168.142.104.log
FATAL out of memory
WARN disk usage 192.168.197.186%
WARN disk usage 192.168.57.185%
INFO user 192.168.39.155 logged in
DEBUG cache hit for key=192.168.57.185
FATAL unrecoverable disk error
ERROR null pointer in module 192.168.60.30
DEBUG heap size: 192.168.215.207
ERROR connection timeout 503
INFO processed 192.168.215.207 items
WARN retry attempt 192.168.189.144 for 3109
DEBUG variable x=192.168.60.30
ERROR file not found: /tmp/192.168.193.243.log
WARN slow query: 192.168.107.168ms
INFO user 192.168.141.220 logged in
INFO connection established
FATAL out of memory
FATAL segfault at address 0x192.168.178.215
DEBUG entering function foo
WARN memory threshold reached: 192.168.39.155MB
DEBUG entering function foo
WARN retry attempt 192.168.229.48 for 46951
WARN memory threshold reached: 192.168.178.215MB
DEBUG cache hit for key=192.168.121.141
DEBUG heap size: 192.168.141.220
ERROR file not found: /tmp/192.168.219.168.log
ERROR null pointer in module 192.168.142.104
INFO user 192.168.178.6 logged in
DEBUG heap size: 192.168.197.186
DEBUG variable x=192.168.9.50
DEBUG heap size: 192.168.57.185
FATAL segfault at address 0x192.168.215.207
WARN disk usage 192.168.219.168%
WARN memory threshold reached: 192.168.107.168MB
FATAL segfault at address 0x192.168.215.207
WARN slow query: 192.168.211.158ms
WARN slow query: 192.168.60.30ms
INFO user 192.168.92.139 logged in
ERROR file not found: /tmp/192.168.189.144.log
DEBUG entering function foo
INFO user 192.168.189.144 logged in
WARN slow query: 192.168.60.30ms
WARN retry attempt 192.168.107.168 for 67245
INFO user 192.168.57.185 logged in
FATAL unrecoverable disk error
INFO user 192.168.60.30 logged in
FATAL out of memory
FATAL segfault at address 0x192.168.229.48
DEBUG heap size: 192.168.141.220
FATAL kernel panic
INFO connection established
INFO user 192.168.197.186 logged in
ERROR null pointer in module 192.168.178.6
INFO request from 192.168.197.186
DEBUG heap size: 192.168.193.243
WARN disk usage 192.168.197.186%
INFO request from 192.168.92.139
INFO user 192.168.229.48 logged in
DEBUG heap size: 192.168.215.207
ERROR null pointer in module 192.168.36.209
DEBUG cache hit for key=192.168.36.209
WARN slow query: 192.168.92.139ms
WARN memory threshold reached: 192.168.39.155MB
WARN slow query: 192.168.193.243ms
WARN disk usage 192.168.219.168%
WARN disk usage 192.168.215.207%
WARN retry attempt 192.168.178.6 for 34680
INFO user 192.168.215.207 logged in
ERROR null pointer in module 192.168.211.158
ERROR auth failure for user 192.168.39.155
WARN slow query: 192.168.178.6ms
WARN slow query: 192.168.178.6ms
ERROR null pointer in module 192.168.215.207
DEBUG entering function foo
WARN disk usage 192.168.215.207%
INFO user 192.168.121.141 logged in
INFO processed 192.168.36.209 items
WARN memory threshold reached: 192.168.178.215MB
FATAL segfault at address 0x192.168.57.185
WARN slow query: 192.168.57.185ms
FATAL out of memory
FATAL kernel panic
ERROR auth failure for user 192.168.229.48
FATAL unrecoverable disk error
INFO user 192.168.215.207 logged in
FATAL unrecoverable disk error
INFO processed 192.168.197.186 items
DEBUG variable x=192.168.92.139
DEBUG heap size: 192.168.189.144
DEBUG heap size: 192.168.197.186
DEBUG heap size: 192.168.9.50
DEBUG entering function foo
WARN retry attempt 192.168.107.168 for 25662
FATAL kernel panic
WARN memory threshold reached: 192.168.82.31MB
ERROR file not found: /tmp/192.168.142.104.log
DEBUG heap size: 192.168.178.215
WARN disk usage 192.168.215.207%
WARN disk usage 192.168.211.158%
WARN memory threshold reached: 192.168.229.48MB
DEBUG entering function foo
WARN slow query: 192.168.219.168ms
ERROR null pointer in module 192.168.39.155
ERROR null pointer in module 192.168.189.144
WARN disk usage 192.168.92.139%
DEBUG heap size: 192.168.193.243
WARN disk usage 192.168.60.30%
FATAL segfault at address 0x192.168.107.168
DEBUG variable x=192.168.82.31
FATAL unrecoverable disk error
WARN slow query: 192.168.82.31ms
INFO connection established
DEBUG heap size: 192.168.219.168
DEBUG heap size: 192.168.189.144
INFO connection established
WARN memory threshold reached: 192.168.197.186MB
ERROR null pointer in module 192.168.229.48
ERROR auth failure for user 192.168.141.220
WARN retry attempt 192.168.82.31 for 14683
DEBUG cache hit for key=192.168.57.185
FATAL kernel panic
INFO user 192.168.92.139 logged in
ERROR connection timeout 503
INFO connection established
INFO processed 192.168.92.139 items
DEBUG cache hit for key=192.168.142.104
INFO processed 192.168.197.186 items
DEBUG entering function foo
WARN disk usage 192.168.193.243%
DEBUG variable x=192.168.82.31
DEBUG cache hit for key=192.168.60.30
FATAL kernel panic
ERROR auth failure for user 192.168.92.139
INFO processed 192.168.9.50 items
INFO user 192.168.141.220 logged in
FATAL segfault at address 0x192.168.9.50
FATAL unrecoverable disk error
WARN slow query: 192.168.178.215ms
DEBUG heap size: 192.168.36.209
FATAL segfault at address 0x192.168.9.50
INFO connection established
INFO user 192.168.178.6 logged in
WARN retry attempt 192.168.9.50 for 74125
FATAL unrecoverable disk error
DEBUG entering function foo
DEBUG cache hit for key=192.168.92.139
ERROR null pointer in module 192.168.121.141
ERROR null pointer in module 192.168.142.104
ERROR null pointer in module 192.168.197.186
FATAL segfault at address 0x192.168.92.139
WARN disk usage 192.168.215.207%
DEBUG heap size: 192.168.107.168
DEBUG heap size: 192.168.60.30
INFO processed 192.168.178.6 items
WARN slow query: 192.168.189.144ms
DEBUG entering function foo
WARN slow query: 192.168.107.168ms
ERROR auth failure for user 192.168.178.215
ERROR file not found: /tmp/192.168.178.6.log
ERROR connection timeout 503
FATAL unrecoverable disk error
INFO user 192.168.107.168 logged in
ERROR null pointer in module 192.168.178.6
DEBUG variable x=192.168.121.141
ERROR file not found: /tmp/192.168.107.168.log
INFO request from 192.168.142.104
FATAL unrecoverable disk error
FATAL unrecoverable disk error
WARN disk usage 192.168.57.185%
DEBUG entering function foo
DEBUG cache hit for key=192.168.142.104
INFO request from 192.168.60.30
INFO processed 192.168.82.31 items
WARN disk usage 192.168.189.144%
WARN slow query: 192.168.36.209ms
ERROR file not found: /tmp/192.168.82.31.log
WARN retry attempt 192.168.211.158 for 88874
DEBUG variable x=192.168.142.104
FATAL kernel panic
WARN disk usage 192.168.197.186%
WARN memory threshold reached: 192.168.36.209MB
INFO request from 192.168.178.215
WARN retry attempt 192.168.219.168 for 27147
DEBUG cache hit for key=192.168.211.158
INFO request from 192.168.229.48
INFO request from 192.168.141.220
ERROR connection timeout 503
INFO connection established
INFO connection established
DEBUG heap size: 192.168.92.139
WARN disk usage 192.168.142.104%
FATAL kernel panic
WARN disk usage 192.168.39.155%
INFO processed 192.168.211.158 items
FATAL unrecoverable disk error
DEBUG heap size: 192.168.39.155
FATAL segfault at address 0x192.168.36.209
FATAL kernel panic
ERROR file not found: /tmp/192.168.219.168.log
ERROR auth failure for user 192.168.193.243
INFO user 192.168.229.48 logged in
WARN memory threshold reached: 192.168.219.168MB
ERROR connection timeout 503
FATAL out of memory
FATAL out of memory
FATAL kernel panic
INFO processed 192.168.92.139 items
WARN slow query: 192.168.178.215ms
ERROR connection timeout 503
INFO connection established
WARN memory threshold reached: 192.168.178.215MB
FATAL segfault at address 0x192.168.121.141
ERROR connection timeout 503
ERROR auth failure for user 192.168.9.50
FATAL out of memory
DEBUG variable x=192.168.57.185
WARN memory threshold reached: 192.168.178.6MB
FATAL kernel panic
ERROR connection timeout 503
ERROR file not found: /tmp/192.168.215.207.log
ERROR null pointer in module 192.168.141.220
FATAL unrecoverable disk error
ERROR null pointer in module 192.168.39.155
ERROR null pointer in module 192.168.141.220
ERROR connection timeout 503
WARN memory threshold reached: 192.168.219.168MB
ERROR auth failure for user 192.168.141.220
FATAL out of memory
ERROR null pointer in module 192.168.178.6
ERROR file not found: /tmp/192.168.142.104.log
INFO request from 192.168.36.209
DEBUG variable x=192.168.82.31
FATAL out of memory
INFO user 192.168.142.104 logged in
ERROR file not found: /tmp/192.168.36.209.log
ERROR auth failure for user 192.168.60.30
ERROR connection timeout 503
WARN slow query: 192.168.219.168ms
DEBUG variable x=192.168.141.220
WARN retry attempt 192.168.107.168 for 53156
WARN retry attempt 192.168.107.168 for 81470
WARN memory threshold reached: 192.168.142.104MB
FATAL out of memory
DEBUG entering function foo
WARN memory threshold reached: 192.168.193.243MB
WARN disk usage 192.168.178.215%
FATAL unrecoverable disk error
FATAL segfault at address 0x192.168.178.215
INFO user 192.168.60.30 logged in
ERROR null pointer in module 192.168.57.185
WARN disk usage 192.168.193.243%
DEBUG variable x=192.168.82.31
DEBUG cache hit for key=192.168.121.141
FATAL unrecoverable disk error
FATAL segfault at address 0x192.168.36.209
WARN retry attempt 192.168.60.30 for 69186
DEBUG entering function foo
FATAL out of memory
ERROR auth failure for user 192.168.189.144
DEBUG entering function foo
WARN slow query: 192.168.193.243ms
INFO user 192.168.57.185 logged in
FATAL segfault at address 0x192.168.82.31
ERROR file not found: /tmp/192.168.178.6.log
INFO connection established
DEBUG heap size: 192.168.82.31
INFO connection established
FATAL out of memory
ERROR file not found: /tmp/192.168.211.158.log
ERROR connection timeout 503
INFO processed 192.168.92.139 items
FATAL kernel panic
ERROR file not found: /tmp/192.168.92.139.log
DEBUG cache hit for key=192.168.142.104
DEBUG heap size: 192.168.39.155
FATAL out of memory
FATAL segfault at address 0x192.168.92.139
FATAL unrecoverable disk error
WARN retry attempt 192.168.57.185 for 42313
DEBUG variable x=192.168.141.220
DEBUG entering function foo
FATAL kernel panic
FATAL segfault at address 0x192.168.36.209
DEBUG variable x=192.168.9.50
WARN retry attempt 192.168.39.155 for 78187
WARN memory threshold reached: 192.168.215.207MB
FATAL kernel panic
ERROR auth failure for user 192.168.9.50
WARN slow query: 192.168.107.168ms
ERROR auth failure for user 192.168.82.31
ERROR connection timeout 503
INFO connection established
ERROR auth failure for user 192.168.229.48
DEBUG heap size: 192.168.219.168
INFO request from 192.168.82.31
INFO connection established
ERROR file not found: /tmp/192.168.82.31.log
INFO processed 192.168.211.158 items
WARN retry attempt 192.168.215.207 for 50931
FATAL segfault at address 0x192.168.197.186
DEBUG entering function foo
INFO processed 192.168.211.158 items
DEBUG cache hit for key=192.168.39.155
INFO connection established
ERROR connection timeout 503
ERROR connection timeout 503
FATAL kernel panic
WARN slow query: 192.168.229.48ms
DEBUG entering function foo
FATAL segfault at address 0x192.168.121.141
ERROR auth failure for user 192.168.39.155
INFO request from 192.168.178.6
INFO processed 192.168.178.6 items
WARN slow query: 192.168.229.48ms
WARN slow query: 192.168.215.207ms
FATAL unrecoverable disk error
WARN memory threshold reached: 192.168.178.6MB
FATAL kernel panic
INFO processed 192.168.121.141 items
INFO processed 192.168.57.185 items
DEBUG heap size: 192.168.36.209
ERROR connection timeout 503
DEBUG variable x=192.168.57.185
INFO request from 192.168.189.144
INFO processed 192.168.92.139 items
INFO processed 192.168.60.30 items
WARN retry attempt 192.168.197.186 for 68991
INFO request from 192.168.178.215
DEBUG heap size: 192.168.141.220
DEBUG cache hit for key=192.168.193.243
FATAL out of memory
INFO connection established
DEBUG entering function foo
WARN disk usage 192.168.141.220%
DEBUG variable x=192.168.9.50
DEBUG entering function foo
WARN slow query: 192.168.107.168ms
WARN retry attempt 192.168.178.215 for 12330
FATAL unrecoverable disk error
ERROR file not found: /tmp/192.168.215.207.log
DEBUG variable x=192.168.121.141
INFO connection established
DEBUG variable x=192.168.229.48
DEBUG variable x=192.168.193.243
FATAL segfault at address 0x192.168.142.104
DEBUG heap size: 192.168.142.104
FATAL unrecoverable disk error
WARN retry attempt 192.168.36.209 for 87519
DEBUG heap size: 192.168.215.207
WARN disk usage 192.168.178.215%
WARN retry attempt 192.168.142.104 for 79958
FATAL kernel panic
FATAL kernel panic
FATAL out of memory
ERROR connection timeout 503
FATAL kernel panic
ERROR null pointer in module 192.168.197.186
DEBUG entering function foo
FATAL out of memory
DEBUG cache hit for key=192.168.215.207
FATAL out of memory
FATAL kernel panic
ERROR file not found: /tmp/192.168.36.209.log
FATAL segfault at address 0x192.168.82.31
ERROR auth failure for user 192.168.178.215
ERROR file not found: /tmp/192.168.215.207.log
ERROR connection timeout 503
INFO user 192.168.189.144 logged in
INFO connection established
WARN slow query: 192.168.178.6ms
DEBUG cache hit for key=192.168.197.186
INFO processed 192.168.9.50 items
ERROR null pointer in module 192.168.178.215
DEBUG variable x=192.168.121.141
DEBUG heap size: 192.168.193.243
FATAL out of memory
FATAL out of memory
ERROR connection timeout 503
DEBUG variable x=192.168.36.209
DEBUG variable x=192.168.92.139
WARN slow query: 192.168.82.31ms
INFO request from 192.168.229.48
DEBUG variable x=192.168.107.168
WARN disk usage 192.168.121.141%
WARN slow query: 192.168.39.155ms
WARN disk usage 192.168.82.31%
INFO request from 192.168.36.209
DEBUG cache hit for key=192.168.60.30
WARN memory threshold reached: 192.168.60.30MB
ERROR null pointer in module 192.168.189.144
INFO processed 192.168.211.158 items
ERROR connection timeout 503
INFO connection established
WARN memory threshold reached: 192.168.36.209MB
WARN memory threshold reached: 192.168.107.168MB
WARN retry attempt 192.168.39.155 for 53247
INFO user 192.168.193.243 logged in
DEBUG cache hit for key=192.168.141.220
ERROR auth failure for user 192.168.178.215
ERROR null pointer in module 192.168.178.6
WARN retry attempt 192.168.215.207 for 24305
DEBUG cache hit for key=192.168.141.220
WARN disk usage 192.168.229.48%
FATAL unrecoverable disk error
ERROR file not found: /tmp/192.168.193.243.log
WARN retry attempt 192.168.82.31 for 90690
INFO request from 192.168.82.31
ERROR file not found: /tmp/192.168.92.139.log
DEBUG variable x=192.168.57.185
ERROR file not found: /tmp/192.168.60.30.log
WARN disk usage 192.168.215.207%
DEBUG heap size: 192.168.9.50
ERROR auth failure for user 192.168.107.168
DEBUG entering function foo
INFO processed 192.168.142.104 items
FATAL kernel panic
ERROR connection timeout 503
INFO request from 192.168.121.141
WARN retry attempt 192.168.107.168 for 6969
DEBUG heap size: 192.168.92.139
FATAL kernel panic
WARN slow query: 192.168.193.243ms
FATAL out of memory
ERROR file not found: /tmp/192.168.36.209.log
DEBUG heap size: 192.168.211.158
INFO request from 192.168.219.168
DEBUG heap size: 192.168.92.139
WARN memory threshold reached: 192.168.82.31MB
INFO user 192.168.36.209 logged in
WARN retry attempt 192.168.215.207 for 61959
FATAL out of memory
INFO connection established
DEBUG cache hit for key=192.168.189.144
ERROR connection timeout 503
WARN memory threshold reached: 192.168.197.186MB
DEBUG entering function foo
DEBUG entering function foo
ERROR auth failure for user 192.168.36.209
INFO processed 192.168.211.158 items
INFO user 192.168.193.243 logged in
DEBUG entering function foo
ERROR null pointer in module 192.168.211.158
DEBUG entering function foo
FATAL segfault at address 0x192.168.9.50
DEBUG entering function foo
DEBUG cache hit for key=192.168.92.139
FATAL unrecoverable disk error
FATAL unrecoverable disk error
WARN retry attempt 192.168.178.6 for 96953
FATAL unrecoverable disk error
FATAL kernel panic
FATAL segfault at address 0x192.168.121.141
FATAL out of memory
INFO request from 192.168.107.168
ERROR auth failure for user 192.168.189.144
WARN slow query: 192.168.141.220ms
INFO request from 192.168.178.215
WARN memory threshold reached: 192.168.215.207MB
WARN retry attempt 192.168.178.6 for 76690
FATAL out of memory
ERROR null pointer in module 192.168.92.139
FATAL out of memory
INFO processed 192.168.39.155 items
INFO user 192.168.39.155 logged in
INFO connection established
DEBUG variable x=192.168.57.185
WARN disk usage 192.168.189.144%
ERROR file not found: /tmp/192.168.92.139.log
INFO processed 192.168.141.220 items
DEBUG heap size: 192.168.229.48
FATAL out of memory
INFO connection established
WARN memory threshold reached: 192.168.92.139MB
FATAL kernel panic
DEBUG variable x=192.168.121.141
ERROR connection timeout 503
FATAL out of memory
DEBUG cache hit for key=192.168.92.139
DEBUG cache hit for key=192.168.178.6
FATAL unrecoverable disk error
DEBUG heap size: 192.168.121.141
ERROR null pointer in module 192.168.121.141
ERROR file not found: /tmp/192.168.189.144.log
ERROR null pointer in module 192.168.39.155
DEBUG variable x=192.168.60.30
ERROR file not found: /tmp/192.168.197.186.log
ERROR file not found: /tmp/192.168.36.209.log
FATAL segfault at address 0x192.168.141.220
DEBUG variable x=192.168.215.207
WARN retry attempt 192.168.141.220 for 78762
DEBUG entering function foo
FATAL unrecoverable disk error
DEBUG cache hit for key=192.168.193.243
FATAL kernel panic
ERROR auth failure for user 192.168.9.50
DEBUG entering function foo
DEBUG heap size: 192.168.92.139
FATAL kernel panic
WARN memory threshold reached: 192.168.229.48MB
WARN slow query: 192.168.36.209ms
DEBUG cache hit for key=192.168.121.141
INFO processed 192.168.107.168 items
FATAL unrecoverable disk error
WARN disk usage 192.168.211.158%
WARN slow query: 192.168.82.31ms
FATAL segfault at address 0x192.168.141.220
DEBUG entering function foo
ERROR connection timeout 503
ERROR auth failure for user 192.168.189.144
DEBUG heap size: 192.168.215.207
WARN retry attempt 192.168.36.209 for 94171
FATAL unrecoverable disk error
DEBUG heap size: 192.168.142.104
DEBUG entering function foo
FATAL out of memory
FATAL out of memory
DEBUG entering function foo
WARN memory threshold reached: 192.168.141.220MB
DEBUG entering function foo
WARN memory threshold reached: 192.168.60.30MB
DEBUG cache hit for key=192.168.82.31
DEBUG heap size: 192.168.215.207
INFO connection established
DEBUG entering function foo
WARN retry attempt 192.168.141.220 for 43942
WARN retry attempt 192.168.57.185 for 17568
WARN retry attempt 192.168.107.168 for 66575
WARN disk usage 192.168.82.31%
DEBUG cache hit for key=192.168.197.186
WARN disk usage 192.168.107.168%
DEBUG entering function foo
FATAL out of memory
FATAL out of memory
INFO processed 192.168.36.209 items
FATAL segfault at address 0x192.168.211.158
DEBUG cache hit for key=192.168.36.209
WARN disk usage 192.168.57.185%
WARN retry attempt 192.168.178.215 for 42556
FATAL out of memory
ERROR auth failure for user 192.168.121.141
FATAL unrecoverable disk error
ERROR connection timeout 503
INFO connection established
ERROR null pointer in module 192.168.82.31
INFO processed 192.168.211.158 items
FATAL unrecoverable disk error
FATAL out of memory
FATAL out of memory
WARN memory threshold reached: 192.168.92.139MB
ERROR auth failure for user 192.168.215.207
WARN slow query: 192.168.92.139ms
DEBUG heap size: 192.168.82.31
ERROR auth failure for user 192.168.121.141
FATAL unrecoverable disk error
FATAL segfault at address 0x192.168.82.31
INFO connection established
WARN memory threshold reached: 192.168.215.207MB
WARN disk usage 192.168.82.31%
WARN retry attempt 192.168.141.220 for 4599
ERROR null pointer in module 192.168.215.207
ERROR auth failure for user 192.168.9.50
INFO connection established
WARN slow query: 192.168.197.186ms
ERROR auth failure for user 192.168.107.168
DEBUG cache hit for key=192.168.141.220
ERROR null pointer in module 192.168.121.141
WARN memory threshold reached: 192.168.121.141MB
WARN retry attempt 192.168.215.207 for 96628
ERROR connection timeout 503
WARN disk usage 192.168.178.215%
INFO processed 192.168.57.185 items
FATAL out of memory
WARN retry attempt 192.168.178.6 for 67205
INFO connection established
DEBUG heap size: 192.168.82.31
ERROR auth failure for user 192.168.215.207
WARN retry attempt 192.168.229.48 for 54767
DEBUG cache hit for key=192.168.36.209
DEBUG variable x=192.168.57.185
ERROR auth failure for user 192.168.92.139
ERROR connection timeout 503
ERROR null pointer in module 192.168.215.207
INFO processed 192.168.219.168 items
ERROR connection timeout 503
ERROR file not found: /tmp/192.168.219.168.log
DEBUG cache hit for key=192.168.215.207
FATAL kernel panic
DEBUG cache hit for key=192.168.36.209
WARN memory threshold reached: 192.168.92.139MB
ERROR auth failure for user 192.168.39.155
WARN retry attempt 192.168.36.209 for 66777
INFO user 192.168.57.185 logged in
WARN retry attempt 192.168.142.104 for 37554
ERROR null pointer in module 192.168.9.50
FATAL out of memory
ERROR connection timeout 503
FATAL out of memory
WARN disk usage 192.168.82.31%
FATAL unrecoverable disk error
FATAL out of memory
WARN disk usage 192.168.36.209%
INFO request from 192.168.211.158
ERROR connection timeout 503
DEBUG cache hit for key=192.168.121.141
FATAL segfault at address 0x192.168.9.50
WARN memory threshold reached: 192.168.9.50MB
ERROR auth failure for user 192.168.197.186
ERROR null pointer in module 192.168.141.220
INFO processed 192.168.229.48 items
INFO user 192.168.82.31 logged in
WARN retry attempt 192.168.9.50 for 15192
ERROR file not found: /tmp/192.168.141.220.log
WARN retry attempt 192.168.197.186 for 9060
INFO user 192.168.178.215 logged in
INFO user 192.168.39.155 logged in
INFO processed 192.168.178.215 items
INFO connection established
ERROR file not found: /tmp/192.168.107.168.log
DEBUG cache hit for key=192.168.107.168
ERROR null pointer in module 192.168.193.243
DEBUG entering function foo
FATAL segfault at address 0x192.168.189.144
DEBUG cache hit for key=192.168.57.185
INFO processed 192.168.229.48 items
FATAL kernel panic
INFO connection established
FATAL out of memory
FATAL segfault at address 0x192.168.36.209
ERROR connection timeout 503
WARN slow query: 192.168.36.209ms
WARN slow query: 192.168.107.168ms
DEBUG variable x=192.168.36.209
DEBUG heap size: 192.168.189.144
DEBUG entering function foo
INFO connection established
FATAL kernel panic
INFO request from 192.168.229.48
FATAL kernel panic
INFO connection established
DEBUG variable x=192.168.229.48
INFO request from 192.168.92.139
WARN memory threshold reached: 192.168.36.209MB
DEBUG cache hit for key=192.168.178.215
WARN disk usage 192.168.178.215%
INFO user 192.168.92.139 logged in
ERROR file not found: /tmp/192.168.107.168.log
WARN memory threshold reached: 192.168.39.155MB
DEBUG entering function foo
DEBUG entering function foo
WARN slow query: 192.168.107.168ms
FATAL segfault at address 0x192.168.215.207
INFO request from 192.168.36.209
FATAL unrecoverable disk error
ERROR null pointer in module 192.168.219.168
DEBUG variable x=192.168.229.48
ERROR file not found: /tmp/192.168.229.48.log
FATAL unrecoverable disk error
WARN memory threshold reached: 192.168.141.220MB
FATAL unrecoverable disk error
FATAL unrecoverable disk error
ERROR file not found: /tmp/192.168.60.30.log
FATAL unrecoverable disk error
WARN slow query: 192.168.178.215ms
ERROR connection timeout 503
FATAL kernel panic
DEBUG entering function foo
DEBUG entering function foo
DEBUG variable x=192.168.82.31
ERROR file not found: /tmp/192.168.107.168.log
WARN slow query: 192.168.211.158ms
WARN retry attempt 192.168.211.158 for 97950
ERROR connection timeout 503
INFO processed 192.168.39.155 items
WARN memory threshold reached: 192.168.219.168MB
INFO processed 192.168.193.243 items
FATAL out of memory
ERROR null pointer in module 192.168.142.104
ERROR null pointer in module 192.168.82.31
ERROR file not found: /tmp/192.168.107.168.log
WARN memory threshold reached: 192.168.9.50MB
FATAL segfault at address 0x192.168.193.243
FATAL segfault at address 0x192.168.60.30
INFO processed 192.168.82.31 items
ERROR connection timeout 503
DEBUG cache hit for key=192.168.211.158
DEBUG entering function foo
DEBUG variable x=192.168.189.144
DEBUG variable x=192.168.142.104
FATAL out of memory
FATAL out of memory
DEBUG entering function foo
WARN slow query: 192.168.9.50ms
WARN memory threshold reached: 192.168.215.207MB
DEBUG variable x=192.168.178.215
DEBUG heap size: 192.168.57.185
WARN retry attempt 192.168.142.104 for 97601
DEBUG heap size: 192.168.82.31
DEBUG entering function foo
ERROR null pointer in module 192.168.142.104
INFO user 192.168.141.220 logged in
WARN memory threshold reached: 192.168.229.48MB
ERROR file not found: /tmp/192.168.229.48.log
FATAL segfault at address 0x192.168.107.168
ERROR auth failure for user 192.168.178.6
ERROR auth failure for user 192.168.82.31
DEBUG variable x=192.168.39.155
ERROR null pointer in module 192.168.197.186
ERROR null pointer in module 192.168.57.185
ERROR file not found: /tmp/192.168.211.158.log
FATAL kernel panic
ERROR auth failure for user 192.168.36.209
WARN memory threshold reached: 192.168.121.141MB
FATAL out of memory
FATAL segfault at address 0x192.168.121.141
DEBUG entering function foo
FATAL kernel panic
WARN memory threshold reached: 192.168.215.207MB
DEBUG cache hit for key=192.168.229.48
FATAL kernel panic
WARN retry attempt 192.168.141.220 for 80245
ERROR auth failure for user 192.168.142.104
DEBUG cache hit for key=192.168.9.50
INFO request from 192.168.219.168
FATAL out of memory
INFO processed 192.168.82.31 items
DEBUG heap size: 192.168.92.139
DEBUG cache hit for key=192.168.36.209
INFO processed 192.168.107.168 items
WARN retry attempt 192.168.39.155 for 95281
INFO connection established
INFO request from 192.168.60.30
ERROR file not found: /tmp/192.168.39.155.log
FATAL out of memory
FATAL kernel panic
DEBUG variable x=192.168.189.144
WARN disk usage 192.168.57.185%
ERROR file not found: /tmp/192.168.178.6.log
DEBUG cache hit for key=192.168.57.185
DEBUG heap size: 192.168.57.185
WARN disk usage 192.168.39.155%
INFO connection established
INFO connection established
INFO request from 192.168.219.168
DEBUG heap size: 192.168.121.141
INFO user 192.168.229.48 logged in
ERROR null pointer in module 192.168.107.168
INFO request from 192.168.219.168
DEBUG cache hit for key=192.168.197.186
ERROR auth failure for user 192.168.229.48
WARN slow query: 192.168.178.6ms
FATAL out of memory
INFO request from 192.168.9.50
WARN retry attempt 192.168.219.168 for 98942
FATAL out of memory
DEBUG cache hit for key=192.168.193.243
DEBUG entering function foo
INFO connection established
INFO processed 192.168.215.207 items
ERROR connection timeout 503
DEBUG heap size: 192.168.57.185
ERROR file not found: /tmp/192.168.107.168.log
ERROR null pointer in module 192.168.9.50
FATAL out of memory
FATAL kernel panic
INFO connection established
INFO connection established
DEBUG heap size: 192.168.121.141
ERROR file not found: /tmp/192.168.9.50.log
WARN disk usage 192.168.219.168%
FATAL kernel panic
DEBUG variable x=192.168.36.209
ERROR auth failure for user 192.168.189.144
INFO user 192.168.178.215 logged in
DEBUG entering function foo
WARN retry attempt 192.168.178.215 for 14823
INFO processed 192.168.211.158 items
INFO request from 192.168.82.31
WARN retry attempt 192.168.197.186 for 58306
ERROR connection timeout 503
FATAL unrecoverable disk error
DEBUG cache hit for key=192.168.197.186
INFO connection established
FATAL out of memory
WARN retry attempt 192.168.178.215 for 79248
INFO request from 192.168.193.243
INFO request from 192.168.197.186
FATAL unrecoverable disk error
WARN slow query: 192.168.36.209ms
FATAL unrecoverable disk error
INFO processed 192.168.141.220 items
DEBUG variable x=192.168.193.243
DEBUG entering function foo
DEBUG entering function foo
ERROR auth failure for user 192.168.141.220
INFO processed 192.168.178.215 items
WARN retry attempt 192.168.211.158 for 64501
DEBUG variable x=192.168.215.207
WARN memory threshold reached: 192.168.215.207MB
INFO connection established
DEBUG cache hit for key=192.168.142.104
DEBUG entering function foo
ERROR auth failure for user 192.168.141.220
WARN retry attempt 192.168.178.6 for 59117
ERROR file not found: /tmp/192.168.141.220.log
WARN retry attempt 192.168.141.220 for 80626
ERROR connection timeout 503
DEBUG heap size: 192.168.92.139
INFO connection established
WARN memory threshold reached: 192.168.193.243MB
INFO request from 192.168.215.207
DEBUG entering function foo
FATAL unrecoverable disk error
INFO connection established
WARN disk usage 192.168.215.207%
FATAL out of memory
ERROR auth failure for user 192.168.178.215
FATAL segfault at address 0x192.168.9.50
DEBUG variable x=192.168.178.6
DEBUG heap size: 192.168.141.220
WARN memory threshold reached: 192.168.39.155MB
FATAL unrecoverable disk error
DEBUG entering function foo
WARN retry attempt 192.168.107.168 for 31093
INFO user 192.168.141.220 logged in
INFO user 192.168.178.6 logged in
ERROR connection timeout 503
DEBUG variable x=192.168.215.207
FATAL segfault at address 0x192.168.92.139
FATAL segfault at address 0x192.168.142.104
WARN memory threshold reached: 192.168.197.186MB
INFO connection established
DEBUG cache hit for key=192.168.82.31
ERROR null pointer in module 192.168.178.215
WARN slow query: 192.168.39.155ms
INFO request from 192.168.193.243
DEBUG entering function foo
DEBUG heap size: 192.168.107.168
FATAL segfault at address 0x192.168.60.30
FATAL kernel panic
ERROR null pointer in module 192.168.142.104
FATAL segfault at address 0x192.168.219.168
DEBUG heap size: 192.168.229.48
INFO user 192.168.178.6 logged in
FATAL out of memory
DEBUG heap size: 192.168.193.243
WARN slow query: 192.168.193.243ms
FATAL out of memory
ERROR file not found: /tmp/192.168.107.168.log
FATAL out of memory
ERROR auth failure for user 192.168.57.185
INFO request from 192.168.36.209
WARN disk usage 192.168.92.139%
FATAL segfault at address 0x192.168.215.207
DEBUG heap size: 192.168.193.243
DEBUG variable x=192.168.229.48
DEBUG entering function foo
WARN retry attempt 192.168.9.50 for 87732
DEBUG cache hit for key=192.168.107.168
WARN slow query: 192.168.229.48ms
ERROR null pointer in module 192.168.197.186
ERROR file not found: /tmp/192.168.57.185.log
WARN memory threshold reached: 192.168.92.139MB
FATAL segfault at address 0x192.168.92.139
ERROR null pointer in module 192.168.189.144
FATAL kernel panic
FATAL kernel panic
DEBUG variable x=192.168.197.186
DEBUG cache hit for key=192.168.219.168
FATAL kernel panic
INFO user 192.168.178.215 logged in
INFO user 192.168.178.6 logged in
WARN slow query: 192.168.36.209ms
ERROR auth failure for user 192.168.178.6
FATAL segfault at address 0x192.168.178.6
DEBUG heap size: 192.168.189.144
INFO request from 192.168.189.144
FATAL kernel panic
DEBUG variable x=192.168.211.158
INFO connection established
INFO request from 192.168.92.139
WARN slow query: 192.168.92.139ms
ERROR file not found: /tmp/192.168.211.158.log
WARN memory threshold reached: 192.168.211.158MB
INFO user 192.168.193.243 logged in
FATAL unrecoverable disk error
WARN memory threshold reached: 192.168.189.144MB
FATAL segfault at address 0x192.168.121.141
FATAL segfault at address 0x192.168.197.186
WARN memory threshold reached: 192.168.121.141MB
INFO user 192.168.107.168 logged in
INFO request from 192.168.92.139
FATAL out of memory
WARN slow query: 192.168.197.186ms
FATAL kernel panic
DEBUG heap size: 192.168.189.144
WARN retry attempt 192.168.82.31 for 56036
INFO user 192.168.211.158 logged in
DEBUG entering function foo
INFO processed 192.168.141.220 items
FATAL segfault at address 0x192.168.39.155
ERROR file not found: /tmp/192.168.189.144.log
DEBUG variable x=192.168.60.30
FATAL kernel panic
WARN slow query: 192.168.39.155ms
FATAL unrecoverable disk error
FATAL kernel panic
FATAL out of memory
WARN memory threshold reached: 192.168.92.139MB
INFO connection established
WARN disk usage 192.168.82.31%
WARN slow query: 192.168.229.48ms
DEBUG variable x=192.168.39.155
DEBUG variable x=192.168.121.141
ERROR file not found: /tmp/192.168.39.155.log
INFO processed 192.168.211.158 items
WARN retry attempt 192.168.215.207 for 49195
FATAL unrecoverable disk error
WARN retry attempt 192.168.60.30 for 69840
INFO user 192.168.107.168 logged in
WARN retry attempt 192.168.121.141 for 60565
FATAL segfault at address 0x192.168.36.209
DEBUG heap size: 192.168.57.185
WARN memory threshold reached: 192.168.9.50MB
WARN retry attempt 192.168.36.209 for 7801
DEBUG entering function foo
DEBUG heap size: 192.168.121.141
FATAL kernel panic
FATAL segfault at address 0x192.168.142.104
ERROR file not found: /tmp/192.168.36.209.log
WARN retry attempt 192.168.82.31 for 56719
DEBUG cache hit for key=192.168.211.158
ERROR connection timeout 503
DEBUG variable x=192.168.82.31
WARN memory threshold reached: 192.168.229.48MB
FATAL kernel panic
INFO user 192.168.142.104 logged in
ERROR auth failure for user 192.168.141.220
ERROR file not found: /tmp/192.168.9.50.log
WARN memory threshold reached: 192.168.9.50MB
ERROR file not found: /tmp/192.168.219.168.log
FATAL unrecoverable disk error
INFO user 192.168.219.168 logged in
INFO user 192.168.9.50 logged in
ERROR connection timeout 503
WARN retry attempt 192.168.193.243 for 36932
INFO request from 192.168.92.139
ERROR auth failure for user 192.168.39.155
INFO request from 192.168.178.215
ERROR file not found: /tmp/192.168.178.6.log
FATAL kernel panic
WARN memory threshold reached: 192.168.141.220MB
ERROR connection timeout 503
WARN disk usage 192.168.57.185%
INFO user 192.168.92.139 logged in
INFO request from 192.168.39.155
FATAL out of memory
INFO request from 192.168.60.30
FATAL out of memory
DEBUG cache hit for key=192.168.142.104
ERROR file not found: /tmp/192.168.141.220.log
ERROR connection timeout 503
ERROR file not found: /tmp/192.168.215.207.log
WARN retry attempt 192.168.39.155 for 88866
DEBUG cache hit for key=192.168.142.104
WARN memory threshold reached: 192.168.197.186MB
INFO connection established
DEBUG variable x=192.168.219.168
WARN slow query: 192.168.39.155ms
ERROR null pointer in module 192.168.60.30
DEBUG variable x=192.168.57.185
WARN retry attempt 192.168.107.168 for 17840
ERROR null pointer in module 192.168.60.30
DEBUG heap size: 192.168.193.243
INFO processed 192.168.142.104 items
DEBUG entering function foo
DEBUG heap size: 192.168.229.48
DEBUG variable x=192.168.142.104
WARN retry attempt 192.168.141.220 for 68301
ERROR file not found: /tmp/192.168.107.168.log
INFO processed 192.168.92.139 items
DEBUG entering function foo
INFO user 192.168.229.48 logged in
INFO user 192.168.9.50 logged in
WARN slow query: 192.168.142.104ms
INFO user 192.168.215.207 logged in
DEBUG variable x=192.168.36.209
DEBUG variable x=192.168.9.50
DEBUG variable x=192.168.141.220
DEBUG variable x=192.168.141.220
FATAL out of memory
ERROR file not found: /tmp/192.168.197.186.log
ERROR auth failure for user 192.168.229.48
ERROR auth failure for user 192.168.142.104
INFO user 192.168.211.158 logged in
ERROR null pointer in module 192.168.39.155
ERROR null pointer in module 192.168.197.186
DEBUG entering function foo
WARN memory threshold reached: 192.168.36.209MB
WARN memory threshold reached: 192.168.229.48MB
FATAL unrecoverable disk error
INFO connection established
DEBUG cache hit for key=192.168.57.185
FATAL kernel panic
FATAL segfault at address 0x192.168.57.185
FATAL segfault at address 0x192.168.141.220
INFO processed 192.168.219.168 items
DEBUG heap size: 192.168.36.209
INFO processed 192.168.36.209 items
WARN disk usage 192.168.215.207%
DEBUG entering function foo
WARN memory threshold reached: 192.168.219.168MB
INFO user 192.168.215.207 logged in
DEBUG variable x=192.168.36.209
DEBUG variable x=192.168.141.220
FATAL unrecoverable disk error
INFO request from 192.168.39.155
DEBUG cache hit for key=192.168.142.104
DEBUG entering function foo
INFO connection established
INFO connection established
DEBUG variable x=192.168.82.31
ERROR file not found: /tmp/192.168.142.104.log
FATAL segfault at address 0x192.168.189.144
DEBUG cache hit for key=192.168.142.104
DEBUG cache hit for key=192.168.82.31
INFO user 192.168.92.139 logged in
WARN slow query: 192.168.9.50ms
WARN retry attempt 192.168.60.30 for 88380
FATAL unrecoverable disk error
ERROR auth failure for user 192.168.9.50
INFO user 192.168.219.168 logged in
WARN disk usage 192.168.121.141%
WARN retry attempt 192.168.215.207 for 57489
DEBUG cache hit for key=192.168.57.185
FATAL unrecoverable disk error
DEBUG entering function foo
DEBUG cache hit for key=192.168.121.141
INFO processed 192.168.193.243 items
ERROR auth failure for user 192.168.229.48
INFO connection established
ERROR connection timeout 503
ERROR connection timeout 503
INFO user 192.168.82.31 logged in
DEBUG variable x=192.168.60.30
DEBUG heap size: 192.168.189.144
DEBUG entering function foo
DEBUG entering function foo
FATAL segfault at address 0x192.168.189.144
ERROR null pointer in module 192.168.82.31
INFO user 192.168.57.185 logged in
FATAL segfault at address 0x192.168.215.207
WARN slow query: 192.168.36.209ms
DEBUG heap size: 192.168.57.185
WARN disk usage 192.168.36.209%
FATAL unrecoverable disk error
INFO request from 192.168.193.243
WARN memory threshold reached: 192.168.178.6MB
ERROR file not found: /tmp/192.168.60.30.log
DEBUG cache hit for key=192.168.189.144
DEBUG entering function foo
WARN slow query: 192.168.9.50ms
INFO processed 192.168.39.155 items
ERROR connection timeout 503
DEBUG cache hit for key=192.168.121.141
DEBUG variable x=192.168.57.185
ERROR connection timeout 503
FATAL out of memory
WARN memory threshold reached: 192.168.121.141MB
DEBUG heap size: 192.168.107.168
DEBUG cache hit for key=192.168.229.48
INFO processed 192.168.82.31 items
FATAL kernel panic
WARN disk usage 192.168.178.215%
DEBUG cache hit for key=192.168.57.185
FATAL unrecoverable disk error
ERROR connection timeout 503
FATAL unrecoverable disk error
INFO processed 192.168.211.158 items
INFO processed 192.168.189.144 items
INFO connection established
DEBUG entering function foo
FATAL kernel panic
DEBUG cache hit for key=192.168.141.220
WARN memory threshold reached: 192.168.229.48MB
DEBUG entering function foo
ERROR null pointer in module 192.168.107.168
FATAL out of memory
FATAL segfault at address 0x192.168.189.144
WARN retry attempt 192.168.142.104 for 57611
DEBUG entering function foo
DEBUG cache hit for key=192.168.92.139
WARN slow query: 192.168.9.50ms
WARN disk usage 192.168.36.209%
WARN memory threshold reached: 192.168.142.104MB
WARN slow query: 192.168.9.50ms
DEBUG heap size: 192.168.60.30
FATAL kernel panic
FATAL unrecoverable disk error
WARN retry attempt 192.168.189.144 for 99761
FATAL segfault at address 0x192.168.121.141
FATAL unrecoverable disk error
INFO processed 192.168.197.186 items
DEBUG cache hit for key=192.168.178.215
INFO user 192.168.121.141 logged in
ERROR auth failure for user 192.168.142.104
INFO request from 192.168.121.141
DEBUG cache hit for key=192.168.39.155
WARN disk usage 192.168.197.186%
WARN slow query: 192.168.211.158ms
INFO processed 192.168.178.6 items
FATAL unrecoverable disk error
DEBUG entering function foo
WARN slow query: 192.168.107.168ms
FATAL unrecoverable disk error
WARN disk usage 192.168.178.215%
INFO connection established
FATAL out of memory
INFO user 192.168.60.30 logged in
WARN slow query: 192.168.193.243ms
INFO request from 192.168.211.158
FATAL out of memory
INFO connection established
FATAL kernel panic
INFO request from 192.168.193.243
FATAL out of memory
WARN disk usage 192.168.178.6%
DEBUG cache hit for key=192.168.121.141
FATAL segfault at address 0x192.168.229.48
INFO processed 192.168.121.141 items
WARN memory threshold reached: 192.168.211.158MB
WARN disk usage 192.168.219.168%
FATAL out of memory
DEBUG heap size: 192.168.107.168
WARN memory threshold reached: 192.168.39.155MB
DEBUG entering function foo
DEBUG entering function foo
ERROR connection timeout 503
ERROR auth failure for user 192.168.197.186
ERROR null pointer in module 192.168.229.48
WARN memory threshold reached: 192.168.178.215MB
FATAL segfault at address 0x192.168.219.168
FATAL unrecoverable disk error
ERROR connection timeout 503
FATAL unrecoverable disk error
FATAL kernel panic
ERROR file not found: /tmp/192.168.57.185.log
WARN memory threshold reached: 192.168.229.48MB
DEBUG entering function foo
INFO processed 192.168.60.30 items
WARN retry attempt 192.168.189.144 for 25548
DEBUG heap size: 192.168.215.207
DEBUG heap size: 192.168.121.141
ERROR file not found: /tmp/192.168.189.144.log
ERROR file not found: /tmp/192.168.107.168.log
INFO processed 192.168.215.207 items
FATAL kernel panic
DEBUG cache hit for key=192.168.82.31
WARN slow query: 192.168.82.31ms
ERROR null pointer in module 192.168.229.48
DEBUG cache hit for key=192.168.193.243
FATAL kernel panic
WARN slow query: 192.168.57.185ms
WARN memory threshold reached: 192.168.36.209MB
FATAL out of memory
ERROR auth failure for user 192.168.178.6
DEBUG heap size: 192.168.178.215
FATAL out of memory
WARN retry attempt 192.168.229.48 for 40019
ERROR file not found: /tmp/192.168.121.141.log
DEBUG entering function foo
INFO connection established
INFO request from 192.168.36.209
DEBUG entering function foo
INFO request from 192.168.215.207
WARN retry attempt 192.168.121.141 for 67318
WARN disk usage 192.168.229.48%
WARN disk usage 192.168.60.30%
FATAL segfault at address 0x192.168.82.31
FATAL out of memory
ERROR file not found: /tmp/192.168.193.243.log
WARN disk usage 192.168.92.139%
ERROR file not found: /tmp/192.168.107.168.log
ERROR connection timeout 503
WARN slow query: 192.168.60.30ms
ERROR connection timeout 503
WARN slow query: 192.168.39.155ms
WARN disk usage 192.168.107.168%
INFO request from 192.168.39.155
FATAL kernel panic
ERROR auth failure for user 192.168.107.168
WARN retry attempt 192.168.219.168 for 82951
DEBUG variable x=192.168.121.141
ERROR auth failure for user 192.168.92.139
FATAL kernel panic
ERROR auth failure for user 192.168.60.30
DEBUG heap size: 192.168.82.31
INFO user 192.168.219.168 logged in
DEBUG variable x=192.168.107.168
ERROR connection timeout 503
WARN memory threshold reached: 192.168.193.243MB
ERROR null pointer in module 192.168.121.141
INFO user 192.168.142.104 logged in
INFO processed 192.168.178.6 items
DEBUG entering function foo
DEBUG variable x=192.168.82.31
ERROR auth failure for user 192.168.82.31
ERROR connection timeout 503
FATAL unrecoverable disk error
WARN disk usage 192.168.39.155%
DEBUG entering function foo
ERROR null pointer in module 192.168.197.186
FATAL out of memory
DEBUG entering function foo
ERROR null pointer in module 192.168.229.48
WARN retry attempt 192.168.211.158 for 20603
FATAL segfault at address 0x192.168.219.168
DEBUG cache hit for key=192.168.121.141
ERROR connection timeout 503
ERROR auth failure for user 192.168.121.141
WARN memory threshold reached: 192.168.211.158MB
ERROR null pointer in module 192.168.9.50
ERROR auth failure for user 192.168.107.168
ERROR connection timeout 503
WARN disk usage 192.168.141.220%
WARN retry attempt 192.168.39.155 for 81426
INFO request from 192.168.215.207
ERROR null pointer in module 192.168.215.207
INFO user 192.168.215.207 logged in
WARN disk usage 192.168.178.215%
ERROR file not found: /tmp/192.168.121.141.log
ERROR file not found: /tmp/192.168.60.30.log
INFO user 192.168.142.104 logged in
WARN retry attempt 192.168.211.158 for 57328
ERROR connection timeout 503
INFO connection established
INFO user 192.168.215.207 logged in
ERROR connection timeout 503
ERROR null pointer in module 192.168.178.215
FATAL segfault at address 0x192.168.193.243
INFO user 192.168.178.215 logged in
FATAL out of memory
DEBUG heap size: 192.168.9.50
DEBUG entering function foo
ERROR connection timeout 503
DEBUG entering function foo
DEBUG variable x=192.168.92.139
FATAL segfault at address 0x192.168.39.155
ERROR null pointer in module 192.168.82.31
FATAL out of memory
ERROR null pointer in module 192.168.57.185
ERROR auth failure for user 192.168.9.50
DEBUG variable x=192.168.92.139
INFO user 192.168.178.6 logged in
ERROR connection timeout 503
ERROR null pointer in module 192.168.211.158
ERROR null pointer in module 192.168.178.215
INFO request from 192.168.141.220
DEBUG entering function foo
ERROR null pointer in module 192.168.142.104
WARN retry attempt 192.168.178.6 for 48133
INFO user 192.168.82.31 logged in
INFO user 192.168.229.48 logged in
INFO request from 192.168.215.207
FATAL out of memory
FATAL out of memory
INFO user 192.168.9.50 logged in
ERROR file not found: /tmp/192.168.82.31.log
DEBUG heap size: 192.168.193.243
ERROR file not found: /tmp/192.168.57.185.log
DEBUG entering function foo
WARN memory threshold reached: 192.168.39.155MB
ERROR file not found: /tmp/192.168.219.168.log
FATAL segfault at address 0x192.168.178.215
FATAL unrecoverable disk error
WARN memory threshold reached: 192.168.178.6MB
FATAL segfault at address 0x192.168.141.220
DEBUG entering function foo
DEBUG heap size: 192.168.142.104
DEBUG entering function foo
FATAL kernel panic
FATAL segfault at address 0x192.168.229.48
INFO user 192.168.197.186 logged in
FATAL out of memory
FATAL segfault at address 0x192.168.189.144
DEBUG variable x=192.168.39.155
ERROR file not found: /tmp/192.168.211.158.log
DEBUG heap size: 192.168.215.207
ERROR file not found: /tmp/192.168.60.30.log
ERROR null pointer in module 192.168.107.168
DEBUG heap size: 192.168.193.243
ERROR auth failure for user 192.168.229.48
INFO request from 192.168.197.186
INFO request from 192.168.229.48
WARN memory threshold reached: 192.168.82.31MB
ERROR connection timeout 503
FATAL unrecoverable disk error
DEBUG variable x=192.168.197.186
INFO processed 192.168.39.155 items
FATAL kernel panic
ERROR connection timeout 503
ERROR connection timeout 503
ERROR file not found: /tmp/192.168.141.220.log
FATAL unrecoverable disk error
INFO processed 192.168.197.186 items
FATAL kernel panic
ERROR null pointer in module 192.168.193.243
INFO request from 192.168.193.243
WARN disk usage 192.168.219.168%
ERROR null pointer in module 192.168.211.158
ERROR auth failure for user 192.168.121.141
INFO request from 192.168.121.141
WARN memory threshold reached: 192.168.197.186MB
ERROR connection timeout 503
FATAL kernel panic
INFO processed 192.168.107.168 items
ERROR auth failure for user 192.168.197.186
FATAL out of memory
ERROR file not found: /tmp/192.168.107.168.log
DEBUG entering function foo
INFO connection established
ERROR connection timeout 503
INFO processed 192.168.92.139 items
ERROR null pointer in module 192.168.211.158
DEBUG heap size: 192.168.39.155
WARN slow query: 192.168.229.48ms
FATAL segfault at address 0x192.168.229.48
ERROR auth failure for user 192.168.193.243
DEBUG entering function foo
WARN retry attempt 192.168.82.31 for 42549
ERROR connection timeout 503
WARN slow query: 192.168.82.31ms
WARN slow query: 192.168.39.155ms
INFO user 192.168.197.186 logged in
DEBUG heap size: 192.168.107.168
DEBUG entering function foo
FATAL unrecoverable disk error
WARN retry attempt 192.168.189.144 for 42667
FATAL unrecoverable disk error
INFO user 192.168.107.168 logged in
WARN disk usage 192.168.178.6%
WARN retry attempt 192.168.197.186 for 39523
DEBUG entering function foo
INFO connection established
DEBUG heap size: 192.168.189.144
WARN retry attempt 192.168.121.141 for 61367
ERROR connection timeout 503
WARN retry attempt 192.168.178.6 for 60866
INFO request from 192.168.92.139
DEBUG variable x=192.168.141.220
ERROR file not found: /tmp/192.168.193.243.log
FATAL kernel panic
DEBUG entering function foo
DEBUG entering function foo
FATAL out of memory
INFO processed 192.168.36.209 items
DEBUG variable x=192.168.9.50
INFO request from 192.168.9.50
DEBUG heap size: 192.168.219.168
ERROR null pointer in module 192.168.189.144
WARN retry attempt 192.168.57.185 for 26090
INFO request from 192.168.141.220
ERROR connection timeout 503
WARN retry attempt 192.168.60.30 for 21682
WARN slow query: 192.168.178.215ms
ERROR file not found: /tmp/192.168.178.6.log
DEBUG entering function foo
FATAL out of memory
WARN retry attempt 192.168.189.144 for 25773
ERROR null pointer in module 192.168.229.48
FATAL out of memory
ERROR null pointer in module 192.168.219.168
INFO request from 192.168.219.168
DEBUG heap size: 192.168.178.6
ERROR null pointer in module 192.168.189.144
ERROR auth failure for user 192.168.36.209
INFO user 192.168.219.168 logged in
WARN retry attempt 192.168.178.6 for 67955
FATAL unrecoverable disk error
DEBUG entering function foo
FATAL kernel panic
INFO request from 192.168.178.215
WARN memory threshold reached: 192.168.39.155MB
FATAL out of memory
FATAL unrecoverable disk error
DEBUG cache hit for key=192.168.107.168
WARN retry attempt 192.168.92.139 for 95842
FATAL segfault at address 0x192.168.211.158
WARN memory threshold reached: 192.168.92.139MB
FATAL segfault at address 0x192.168.215.207
WARN slow query: 192.168.197.186ms
WARN slow query: 192.168.219.168ms
FATAL segfault at address 0x192.168.92.139
FATAL kernel panic
WARN memory threshold reached: 192.168.82.31MB
FATAL out of memory
FATAL out of memory
FATAL segfault at address 0x192.168.197.186
WARN retry attempt 192.168.178.215 for 47254
FATAL kernel panic
INFO processed 192.168.193.243 items
ERROR file not found: /tmp/192.168.92.139.log
ERROR auth failure for user 192.168.189.144
FATAL out of memory
ERROR null pointer in module 192.168.219.168
FATAL kernel panic
DEBUG heap size: 192.168.142.104
ERROR auth failure for user 192.168.219.168
ERROR auth failure for user 192.168.211.158
ERROR file not found: /tmp/192.168.92.139.log
WARN memory threshold reached: 192.168.141.220MB
WARN memory threshold reached: 192.168.193.243MB
INFO processed 192.168.141.220 items
DEBUG cache hit for key=192.168.211.158
FATAL kernel panic
INFO processed 192.168.121.141 items
FATAL segfault at address 0x192.168.189.144
WARN disk usage 192.168.178.215%
ERROR auth failure for user 192.168.107.168
INFO request from 192.168.36.209
INFO request from 192.168.178.6
FATAL out of memory
WARN retry attempt 192.168.211.158 for 84741
FATAL segfault at address 0x192.168.189.144
DEBUG variable x=192.168.39.155
DEBUG entering function foo
INFO connection established
DEBUG entering function foo
DEBUG entering function foo
WARN retry attempt 192.168.229.48 for 56837
ERROR connection timeout 503
WARN disk usage 192.168.211.158%
DEBUG heap size: 192.168.39.155
WARN disk usage 192.168.219.168%
DEBUG cache hit for key=192.168.178.6
INFO processed 192.168.229.48 items
WARN disk usage 192.168.193.243%
ERROR auth failure for user 192.168.121.141
ERROR null pointer in module 192.168.107.168
ERROR null pointer in module 192.168.141.220
ERROR null pointer in module 192.168.215.207
FATAL kernel panic
DEBUG heap size: 192.168.142.104
DEBUG cache hit for key=192.168.121.141
INFO user 192.168.121.141 logged in
DEBUG entering function foo
WARN disk usage 192.168.57.185%
ERROR file not found: /tmp/192.168.229.48.log
WARN retry attempt 192.168.189.144 for 38780
ERROR null pointer in module 192.168.178.215
FATAL unrecoverable disk error
DEBUG variable x=192.168.9.50
WARN retry attempt 192.168.36.209 for 34797
WARN retry attempt 192.168.189.144 for 27938
DEBUG variable x=192.168.92.139
FATAL out of memory
INFO processed 192.168.36.209 items
ERROR auth failure for user 192.168.9.50
ERROR connection timeout 503
ERROR auth failure for user 192.168.121.141
INFO processed 192.168.92.139 items
ERROR null pointer in module 192.168.121.141
INFO processed 192.168.178.215 items
DEBUG heap size: 192.168.107.168
DEBUG entering function foo
DEBUG cache hit for key=192.168.9.50
DEBUG cache hit for key=192.168.193.243
ERROR auth failure for user 192.168.211.158
ERROR null pointer in module 192.168.178.215
WARN slow query: 192.168.197.186ms
WARN disk usage 192.168.197.186%
INFO user 192.168.189.144 logged in
INFO user 192.168.92.139 logged in
WARN memory threshold reached: 192.168.197.186MB
WARN retry attempt 192.168.229.48 for 7252
FATAL segfault at address 0x192.168.36.209
ERROR null pointer in module 192.168.141.220
INFO user 192.168.178.6 logged in
WARN retry attempt 192.168.60.30 for 80434
WARN retry attempt 192.168.141.220 for 46897
ERROR auth failure for user 192.168.39.155
DEBUG entering function foo
WARN slow query: 192.168.142.104ms
FATAL unrecoverable disk error
INFO user 192.168.178.215 logged in
ERROR file not found: /tmp/192.168.107.168.log
INFO user 192.168.178.215 logged in
ERROR file not found: /tmp/192.168.178.215.log
INFO user 192.168.9.50 logged in
INFO user 192.168.60.30 logged in
INFO connection established
INFO request from 192.168.197.186
FATAL unrecoverable disk error
WARN slow query: 192.168.189.144ms
ERROR auth failure for user 192.168.215.207
INFO connection established
INFO processed 192.168.178.215 items
ERROR auth failure for user 192.168.141.220
WARN disk usage 192.168.229.48%
FATAL unrecoverable disk error
WARN disk usage 192.168.211.158%
INFO user 192.168.82.31 logged in
WARN disk usage 192.168.60.30%
WARN memory threshold reached: 192.168.9.50MB
FATAL out of memory
FATAL out of memory
WARN slow query: 192.168.60.30ms
DEBUG entering function foo
WARN memory threshold reached: 192.168.36.209MB
FATAL unrecoverable disk error
FATAL out of memory
WARN retry attempt 192.168.82.31 for 96333
INFO user 192.168.219.168 logged in
ERROR null pointer in module 192.168.57.185
FATAL out of memory
WARN memory threshold reached: 192.168.178.215MB
FATAL unrecoverable disk error
DEBUG cache hit for key=192.168.219.168
WARN disk usage 192.168.193.243%
WARN retry attempt 192.168.92.139 for 95199
DEBUG variable x=192.168.219.168
FATAL unrecoverable disk error
WARN slow query: 192.168.189.144ms
INFO user 192.168.39.155 logged in
FATAL out of memory
WARN retry attempt 192.168.193.243 for 6720
ERROR file not found: /tmp/192.168.92.139.log
DEBUG variable x=192.168.178.6
DEBUG cache hit for key=192.168.219.168
ERROR file not found: /tmp/192.168.107.168.log
WARN disk usage 192.168.39.155%
INFO request from 192.168.57.185
INFO connection established
DEBUG heap size: 192.168.189.144
DEBUG heap size: 192.168.229.48
ERROR connection timeout 503
INFO connection established
WARN slow query: 192.168.36.209ms
ERROR null pointer in module 192.168.193.243
WARN slow query: 192.168.82.31ms
ERROR connection timeout 503
INFO user 192.168.142.104 logged in
ERROR file not found: /tmp/192.168.36.209.log
DEBUG variable x=192.168.178.6
ERROR null pointer in module 192.168.215.207
WARN memory threshold reached: 192.168.142.104MB
WARN slow query: 192.168.219.168ms
WARN retry attempt 192.168.215.207 for 10962
WARN memory threshold reached: 192.168.60.30MB
ERROR connection timeout 503
INFO connection established
INFO processed 192.168.39.155 items
ERROR null pointer in module 192.168.57.185
WARN memory threshold reached: 192.168.57.185MB
FATAL segfault at address 0x192.168.219.168
DEBUG entering function foo
FATAL kernel panic
ERROR file not found: /tmp/192.168.82.31.log
WARN disk usage 192.168.197.186%
ERROR connection timeout 503
INFO connection established
WARN retry attempt 192.168.142.104 for 53174
FATAL unrecoverable disk error
DEBUG entering function foo
ERROR connection timeout 503
INFO processed 192.168.121.141 items
DEBUG heap size: 192.168.82.31
DEBUG entering function foo
DEBUG heap size: 192.168.107.168
INFO user 192.168.215.207 logged in
WARN retry attempt 192.168.9.50 for 97449
WARN memory threshold reached: 192.168.92.139MB
ERROR file not found: /tmp/192.168.229.48.log
ERROR file not found: /tmp/192.168.193.243.log
INFO user 192.168.60.30 logged in
INFO processed 192.168.60.30 items
WARN disk usage 192.168.9.50%
INFO connection established
DEBUG variable x=192.168.9.50
ERROR connection timeout 503
WARN retry attempt 192.168.197.186 for 25327
ERROR file not found: /tmp/192.168.92.139.log
DEBUG heap size: 192.168.178.215
FATAL out of memory
DEBUG variable x=192.168.36.209
INFO request from 192.168.141.220
FATAL out of memory
WARN retry attempt 192.168.229.48 for 58907
INFO processed 192.168.82.31 items
WARN disk usage 192.168.193.243%
DEBUG variable x=192.168.57.185
FATAL kernel panic
FATAL out of memory
INFO user 192.168.9.50 logged in
ERROR connection timeout 503
ERROR file not found: /tmp/192.168.121.141.log
ERROR connection timeout 503
DEBUG entering function foo
INFO processed 192.168.141.220 items
DEBUG heap size: 192.168.9.50
INFO request from 192.168.107.168
DEBUG entering function foo
DEBUG heap size: 192.168.189.144
INFO user 192.168.211.158 logged in
DEBUG variable x=192.168.39.155
WARN retry attempt 192.168.215.207 for 68486
ERROR auth failure for user 192.168.9.50
DEBUG heap size: 192.168.211.158
FATAL segfault at address 0x192.168.197.186
DEBUG cache hit for key=192.168.229.48
ERROR null pointer in module 192.168.107.168
ERROR file not found: /tmp/192.168.57.185.log
WARN memory threshold reached: 192.168.36.209MB
WARN memory threshold reached: 192.168.178.215MB
WARN disk usage 192.168.57.185%
DEBUG heap size: 192.168.39.155
WARN memory threshold reached: 192.168.142.104MB
INFO connection established
DEBUG variable x=192.168.211.158
ERROR auth failure for user 192.168.107.168
FATAL kernel panic
ERROR null pointer in module 192.168.39.155
INFO connection established
ERROR connection timeout 503
ERROR file not found: /tmp/192.168.9.50.log
WARN memory threshold reached: 192.168.142.104MB
WARN slow query: 192.168.82.31ms
ERROR connection timeout 503
ERROR connection timeout 503
INFO connection established
ERROR null pointer in module 192.168.142.104
DEBUG entering function foo
FATAL kernel panic
INFO user 192.168.141.220 logged in
FATAL unrecoverable disk error
INFO request from 192.168.211.158
WARN retry attempt 192.168.107.168 for 37123
FATAL out of memory
ERROR null pointer in module 192.168.92.139
FATAL out of memory
ERROR connection timeout 503
ERROR null pointer in module 192.168.141.220
WARN disk usage 192.168.36.209%
DEBUG heap size: 192.168.82.31
ERROR null pointer in module 192.168.60.30
DEBUG variable x=192.168.229.48
FATAL segfault at address 0x192.168.178.6
DEBUG entering function foo
DEBUG entering function foo
WARN retry attempt 192.168.107.168 for 79538
ERROR connection timeout 503
ERROR null pointer in module 192.168.229.48
FATAL segfault at address 0x192.168.57.185
FATAL segfault at address 0x192.168.121.141
WARN disk usage 192.168.219.168%
ERROR file not found: /tmp/192.168.215.207.log
ERROR null pointer in module 192.168.219.168
INFO processed 192.168.197.186 items
WARN retry attempt 192.168.142.104 for 82560
ERROR connection timeout 503
WARN memory threshold reached: 192.168.215.207MB
WARN retry attempt 192.168.36.209 for 4855
DEBUG variable x=192.168.178.6
DEBUG cache hit for key=192.168.178.215
INFO connection established
ERROR null pointer in module 192.168.215.207
FATAL segfault at address 0x192.168.193.243
WARN memory threshold reached: 192.168.60.30MB
FATAL unrecoverable disk error
INFO processed 192.168.178.215 items
INFO connection established
FATAL kernel panic
INFO request from 192.168.121.141
ERROR null pointer in module 192.168.57.185
INFO connection established
ERROR file not found: /tmp/192.168.193.243.log
FATAL unrecoverable disk error
WARN memory threshold reached: 192.168.211.158MB
DEBUG heap size: 192.168.211.158
WARN retry attempt 192.168.211.158 for 4747
INFO request from 192.168.215.207
INFO connection established
FATAL segfault at address 0x192.168.219.168
DEBUG cache hit for key=192.168.215.207
FATAL segfault at address 0x192.168.197.186
WARN memory threshold reached: 192.168.141.220MB
FATAL segfault at address 0x192.168.215.207
ERROR auth failure for user 192.168.60.30
WARN disk usage 192.168.178.215%
WARN retry attempt 192.168.9.50 for 13023
DEBUG entering function foo
INFO request from 192.168.219.168
WARN memory threshold reached: 192.168.141.220MB
DEBUG variable x=192.168.39.155
DEBUG heap size: 192.168.178.215
FATAL kernel panic
INFO processed 192.168.178.6 items
FATAL unrecoverable disk error
ERROR auth failure for user 192.168.142.104
ERROR null pointer in module 192.168.142.104
INFO processed 192.168.215.207 items
WARN memory threshold reached: 192.168.36.209MB
WARN retry attempt 192.168.215.207 for 58285
DEBUG variable x=192.168.178.6
ERROR file not found: /tmp/192.168.215.207.log
WARN retry attempt 192.168.211.158 for 96690
WARN slow query: 192.168.9.50ms
DEBUG heap size: 192.168.107.168
DEBUG cache hit for key=192.168.193.243
INFO connection established
WARN slow query: 192.168.229.48ms
INFO user 192.168.178.6 logged in
FATAL unrecoverable disk error
FATAL unrecoverable disk error
INFO request from 192.168.229.48
FATAL out of memory
ERROR file not found: /tmp/192.168.229.48.log
DEBUG cache hit for key=192.168.211.158
FATAL kernel panic
ERROR connection timeout 503
FATAL segfault at address 0x192.168.36.209
INFO processed 192.168.36.209 items
WARN retry attempt 192.168.141.220 for 37133
DEBUG cache hit for key=192.168.121.141
ERROR file not found: /tmp/192.168.189.144.log
ERROR auth failure for user 192.168.60.30
INFO request from 192.168.178.215
ERROR connection timeout 503
WARN retry attempt 192.168.39.155 for 41588
DEBUG heap size: 192.168.107.168
INFO connection established
ERROR file not found: /tmp/192.168.60.30.log
FATAL segfault at address 0x192.168.60.30
DEBUG variable x=192.168.60.30
INFO request from 192.168.36.209
ERROR null pointer in module 192.168.229.48
INFO request from 192.168.57.185
DEBUG entering function foo
WARN memory threshold reached: 192.168.215.207MB
WARN retry attempt 192.168.60.30 for 5935
WARN slow query: 192.168.57.185ms
INFO request from 192.168.107.168
FATAL unrecoverable disk error
WARN memory threshold reached: 192.168.229.48MB
WARN disk usage 192.168.107.168%
ERROR null pointer in module 192.168.229.48
WARN memory threshold reached: 192.168.60.30MB
WARN slow query: 192.168.178.6ms
WARN memory threshold reached: 192.168.178.6MB
FATAL kernel panic
WARN retry attempt 192.168.142.104 for 27002
WARN disk usage 192.168.60.30%
FATAL unrecoverable disk error
WARN memory threshold reached: 192.168.229.48MB
DEBUG variable x=192.168.57.185
FATAL segfault at address 0x192.168.219.168
WARN slow query: 192.168.121.141ms
DEBUG variable x=192.168.189.144
INFO connection established
FATAL kernel panic
INFO request from 192.168.121.141
WARN slow query: 192.168.141.220ms
FATAL unrecoverable disk error
DEBUG heap size: 192.168.142.104
WARN disk usage 192.168.178.215%
ERROR null pointer in module 192.168.219.168
WARN retry attempt 192.168.211.158 for 56419
WARN memory threshold reached: 192.168.39.155MB
INFO connection established
ERROR file not found: /tmp/192.168.219.168.log
INFO processed 192.168.82.31 items
ERROR auth failure for user 192.168.92.139
DEBUG cache hit for key=192.168.60.30
DEBUG variable x=192.168.107.168
FATAL kernel panic
FATAL segfault at address 0x192.168.9.50
DEBUG variable x=192.168.121.141
ERROR null pointer in module 192.168.82.31
FATAL segfault at address 0x192.168.92.139
ERROR connection timeout 503
FATAL kernel panic
FATAL unrecoverable disk error
FATAL unrecoverable disk error
WARN disk usage 192.168.57.185%
ERROR file not found: /tmp/192.168.141.220.log
WARN slow query: 192.168.197.186ms
ERROR auth failure for user 192.168.39.155
DEBUG entering function foo
WARN memory threshold reached: 192.168.193.243MB
DEBUG entering function foo
WARN retry attempt 192.168.121.141 for 26239
DEBUG variable x=192.168.39.155
INFO processed 192.168.189.144 items
INFO user 192.168.193.243 logged in
WARN retry attempt 192.168.36.209 for 5404
FATAL kernel panic
WARN retry attempt 192.168.9.50 for 78928
DEBUG heap size: 192.168.82.31
DEBUG cache hit for key=192.168.141.220
ERROR file not found: /tmp/192.168.215.207.log
DEBUG variable x=192.168.36.209
ERROR null pointer in module 192.168.36.209
INFO connection established
ERROR auth failure for user 192.168.92.139
INFO user 192.168.219.168 logged in
ERROR file not found: /tmp/192.168.219.168.log
ERROR auth failure for user 192.168.178.215
ERROR connection timeout 503
ERROR auth failure for user 192.168.121.141
WARN retry attempt 192.168.193.243 for 20412
WARN slow query: 192.168.60.30ms
ERROR null pointer in module 192.168.197.186
ERROR auth failure for user 192.168.57.185
ERROR file not found: /tmp/192.168.60.30.log
ERROR file not found: /tmp/192.168.193.243.log
ERROR auth failure for user 192.168.229.48
ERROR file not found: /tmp/192.168.39.155.log
ERROR file not found: /tmp/192.168.121.141.log
INFO connection established
FATAL out of memory
INFO user 192.168.92.139 logged in
INFO processed 192.168.219.168 items
WARN slow query: 192.168.92.139ms
INFO connection established
WARN memory threshold reached: 192.168.229.48MB
WARN disk usage 192.168.229.48%
ERROR file not found: /tmp/192.168.211.158.log
ERROR connection timeout 503
FATAL unrecoverable disk error
DEBUG heap size: 192.168.193.243
ERROR null pointer in module 192.168.178.6
WARN slow query: 192.168.92.139ms
ERROR connection timeout 503
WARN slow query: 192.168.211.158ms
WARN memory threshold reached: 192.168.9.50MB
ERROR auth failure for user 192.168.39.155
ERROR null pointer in module 192.168.211.158
WARN memory threshold reached: 192.168.57.185MB
FATAL unrecoverable disk error
WARN disk usage 192.168.211.158%
INFO user 192.168.39.155 logged in
DEBUG heap size: 192.168.178.215
FATAL out of memory
INFO request from 192.168.107.168
FATAL kernel panic
ERROR auth failure for user 192.168.193.243
ERROR auth failure for user 192.168.121.141
DEBUG entering function foo
FATAL segfault at address 0x192.168.39.155
FATAL unrecoverable disk error
INFO user 192.168.141.220 logged in
INFO processed 192.168.219.168 items
WARN memory threshold reached: 192.168.215.207MB
INFO user 192.168.57.185 logged in
ERROR auth failure for user 192.168.92.139
WARN disk usage 192.168.219.168%
WARN disk usage 192.168.141.220%
INFO user 192.168.215.207 logged in
INFO processed 192.168.60.30 items
DEBUG cache hit for key=192.168.215.207
ERROR null pointer in module 192.168.189.144
ERROR connection timeout 503
WARN disk usage 192.168.60.30%
FATAL kernel panic
FATAL out of memory
FATAL unrecoverable disk error
WARN disk usage 192.168.141.220%
WARN memory threshold reached: 192.168.229.48MB
WARN disk usage 192.168.189.144%
ERROR null pointer in module 192.168.178.215
ERROR connection timeout 503
WARN disk usage 192.168.229.48%
DEBUG cache hit for key=192.168.178.215
FATAL kernel panic
INFO processed 192.168.141.220 items
WARN retry attempt 192.168.197.186 for 66002
WARN slow query: 192.168.107.168ms
FATAL segfault at address 0x192.168.57.185
ERROR file not found: /tmp/192.168.121.141.log
WARN retry attempt 192.168.211.158 for 57133
FATAL unrecoverable disk error
WARN memory threshold reached: 192.168.57.185MB
ERROR connection timeout 503
INFO request from 192.168.215.207
ERROR auth failure for user 192.168.57.185
WARN memory threshold reached: 192.168.60.30MB
DEBUG entering function foo
ERROR auth failure for user 192.168.92.139
ERROR auth failure for user 192.168.9.50
FATAL kernel panic
INFO request from 192.168.121.141
ERROR null pointer in module 192.168.82.31
WARN retry attempt 192.168.215.207 for 69007
ERROR auth failure for user 192.168.178.215
DEBUG variable x=192.168.142.104
FATAL out of memory
WARN memory threshold reached: 192.168.9.50MB
INFO user 192.168.60.30 logged in
WARN disk usage 192.168.189.144%
ERROR connection timeout 503
FATAL segfault at address 0x192.168.82.31
FATAL out of memory
DEBUG heap size: 192.168.219.168
INFO connection established
DEBUG variable x=192.168.57.185
INFO processed 192.168.215.207 items
FATAL unrecoverable disk error
DEBUG variable x=192.168.92.139
FATAL out of memory
INFO user 192.168.215.207 logged in
ERROR auth failure for user 192.168.178.6
ERROR connection timeout 503
WARN memory threshold reached: 192.168.57.185MB
FATAL segfault at address 0x192.168.57.185
INFO request from 192.168.229.48
WARN retry attempt 192.168.189.144 for 84190
WARN memory threshold reached: 192.168.39.155MB
DEBUG cache hit for key=192.168.60.30
FATAL out of memory
INFO request from 192.168.36.209
FATAL unrecoverable disk error
WARN slow query: 192.168.178.215ms
FATAL out of memory
FATAL kernel panic
INFO processed 192.168.178.6 items
DEBUG heap size: 192.168.229.48
WARN retry attempt 192.168.57.185 for 70276
ERROR null pointer in module 192.168.82.31
ERROR auth failure for user 192.168.82.31
WARN memory threshold reached: 192.168.178.6MB
WARN memory threshold reached: 192.168.107.168MB
DEBUG variable x=192.168.141.220
ERROR auth failure for user 192.168.92.139
FATAL segfault at address 0x192.168.121.141
FATAL unrecoverable disk error
DEBUG entering function foo
INFO connection established
DEBUG variable x=192.168.229.48
WARN retry attempt 192.168.57.185 for 48999
INFO processed 192.168.82.31 items
DEBUG cache hit for key=192.168.219.168
WARN slow query: 192.168.107.168ms
ERROR connection timeout 503
ERROR file not found: /tmp/192.168.178.6.log
WARN disk usage 192.168.219.168%
ERROR connection timeout 503
DEBUG variable x=192.168.60.30
ERROR file not found: /tmp/192.168.36.209.log
FATAL out of memory
ERROR file not found: /tmp/192.168.229.48.log
FATAL kernel panic
FATAL out of memory
INFO connection established
WARN retry attempt 192.168.211.158 for 63795
ERROR null pointer in module 192.168.36.209
INFO user 192.168.141.220 logged in
WARN disk usage 192.168.193.243%
INFO processed 192.168.178.215 items
INFO request from 192.168.82.31
WARN slow query: 192.168.107.168ms
INFO connection established
DEBUG heap size: 192.168.189.144
FATAL unrecoverable disk error
WARN memory threshold reached: 192.168.121.141MB
DEBUG heap size: 192.168.189.144
WARN slow query: 192.168.193.243ms
FATAL out of memory
WARN retry attempt 192.168.36.209 for 37606
ERROR auth failure for user 192.168.39.155
WARN memory threshold reached: 192.168.121.141MB
ERROR auth failure for user 192.168.92.139
ERROR file not found: /tmp/192.168.92.139.log
FATAL segfault at address 0x192.168.211.158
DEBUG variable x=192.168.57.185
DEBUG variable x=192.168.219.168
DEBUG cache hit for key=192.168.57.185
INFO user 192.168.107.168 logged in
ERROR auth failure for user 192.168.211.158
FATAL kernel panic
WARN retry attempt 192.168.229.48 for 20339
FATAL kernel panic
DEBUG entering function foo
DEBUG variable x=192.168.60.30
DEBUG variable x=192.168.39.155
FATAL segfault at address 0x192.168.9.50
WARN retry attempt 192.168.219.168 for 88425
WARN slow query: 192.168.39.155ms
DEBUG entering function foo
FATAL out of memory
WARN memory threshold reached: 192.168.107.168MB
FATAL unrecoverable disk error
INFO processed 192.168.211.158 items
FATAL segfault at address 0x192.168.178.215
INFO request from 192.168.82.31
ERROR file not found: /tmp/192.168.39.155.log
FATAL segfault at address 0x192.168.193.243
FATAL unrecoverable disk error
WARN disk usage 192.168.189.144%
ERROR file not found: /tmp/192.168.193.243.log
FATAL out of memory
WARN slow query: 192.168.36.209ms
INFO processed 192.168.141.220 items
FATAL kernel panic
WARN disk usage 192.168.193.243%
INFO request from 192.168.121.141
INFO processed 192.168.219.168 items
INFO user 192.168.142.104 logged in
FATAL out of memory
FATAL segfault at address 0x192.168.178.215
WARN disk usage 192.168.142.104%
WARN memory threshold reached: 192.168.107.168MB
INFO processed 192.168.193.243 items
INFO processed 192.168.178.6 items
WARN memory threshold reached: 192.168.57.185MB
FATAL kernel panic
ERROR auth failure for user 192.168.142.104
WARN disk usage 192.168.36.209%
DEBUG variable x=192.168.219.168
WARN memory threshold reached: 192.168.189.144MB
DEBUG cache hit for key=192.168.189.144
DEBUG heap size: 192.168.39.155
INFO user 192.168.215.207 logged in
ERROR file not found: /tmp/192.168.193.243.log
DEBUG entering function foo
ERROR auth failure for user 192.168.36.209
INFO connection established
INFO processed 192.168.121.141 items
WARN slow query: 192.168.197.186ms
INFO user 192.168.121.141 logged in
FATAL unrecoverable disk error
INFO processed 192.168.211.158 items
DEBUG cache hit for key=192.168.178.215
ERROR connection timeout 503
DEBUG heap size: 192.168.219.168
INFO processed 192.168.92.139 items
ERROR file not found: /tmp/192.168.9.50.log
FATAL kernel panic
INFO user 192.168.36.209 logged in
ERROR connection timeout 503
FATAL out of memory
INFO connection established
WARN slow query: 192.168.39.155ms
WARN retry attempt 192.168.193.243 for 88557
ERROR null pointer in module 192.168.219.168
FATAL segfault at address 0x192.168.60.30
ERROR connection timeout 503
WARN disk usage 192.168.229.48%
WARN retry attempt 192.168.211.158 for 19788
DEBUG cache hit for key=192.168.142.104
DEBUG variable x=192.168.82.31
DEBUG entering function foo
DEBUG heap size: 192.168.142.104
INFO user 192.168.121.141 logged in
DEBUG cache hit for key=192.168.219.168
ERROR connection timeout 503
DEBUG variable x=192.168.60.30
INFO request from 192.168.197.186
FATAL kernel panic
INFO connection established
WARN retry attempt 192.168.82.31 for 87053
DEBUG entering function foo
FATAL kernel panic
DEBUG entering function foo
ERROR file not found: /tmp/192.168.142.104.log
FATAL unrecoverable disk error
INFO user 192.168.36.209 logged in
WARN retry attempt 192.168.193.243 for 69346
FATAL kernel panic
FATAL unrecoverable disk error
ERROR auth failure for user 192.168.178.215
ERROR auth failure for user 192.168.215.207
INFO connection established
INFO user 192.168.215.207 logged in
ERROR connection timeout 503
WARN slow query: 192.168.92.139ms
INFO processed 192.168.92.139 items
FATAL unrecoverable disk error
FATAL out of memory
FATAL out of memory
WARN memory threshold reached: 192.168.36.209MB
ERROR file not found: /tmp/192.168.229.48.log
WARN slow query: 192.168.39.155ms
INFO user 192.168.57.185 logged in
INFO connection established
INFO user 192.168.193.243 logged in
WARN memory threshold reached: 192.168.219.168MB
ERROR auth failure for user 192.168.219.168
INFO request from 192.168.141.220
DEBUG heap size: 192.168.36.209
INFO request from 192.168.39.155
ERROR file not found: /tmp/192.168.107.168.log
INFO processed 192.168.36.209 items
FATAL kernel panic
WARN retry attempt 192.168.189.144 for 14133
ERROR connection timeout 503
INFO user 192.168.82.31 logged in
ERROR null pointer in module 192.168.193.243
FATAL unrecoverable disk error
INFO processed 192.168.178.215 items
DEBUG variable x=192.168.229.48
WARN memory threshold reached: 192.168.219.168MB
INFO user 192.168.141.220 logged in
ERROR null pointer in module 192.168.219.168
INFO user 192.168.57.185 logged in
ERROR connection timeout 503
INFO connection established
INFO user 192.168.189.144 logged in
INFO connection established
DEBUG heap size: 192.168.36.209
INFO connection established
INFO connection established
INFO request from 192.168.107.168
WARN disk usage 192.168.60.30%
ERROR file not found: /tmp/192.168.189.144.log
DEBUG cache hit for key=192.168.193.243
INFO processed 192.168.92.139 items
WARN retry attempt 192.168.9.50 for 38548
DEBUG variable x=192.168.39.155
DEBUG variable x=192.168.141.220
ERROR auth failure for user 192.168.178.6
FATAL out of memory
WARN retry attempt 192.168.121.141 for 30204
FATAL segfault at address 0x192.168.107.168
FATAL segfault at address 0x192.168.57.185
FATAL out of memory
INFO request from 192.168.229.48
INFO processed 192.168.92.139 items
DEBUG variable x=192.168.39.155
WARN disk usage 192.168.229.48%
DEBUG heap size: 192.168.215.207
FATAL out of memory
DEBUG entering function foo
INFO request from 192.168.178.6
INFO connection established
INFO connection established
WARN disk usage 192.168.215.207%
DEBUG heap size: 192.168.82.31
ERROR file not found: /tmp/192.168.92.139.log
FATAL segfault at address 0x192.168.107.168
ERROR file not found: /tmp/192.168.82.31.log
ERROR null pointer in module 192.168.178.6
WARN memory threshold reached: 192.168.39.155MB
FATAL out of memory
ERROR auth failure for user 192.168.215.207
WARN memory threshold reached: 192.168.142.104MB
DEBUG heap size: 192.168.107.168
WARN disk usage 192.168.107.168%
FATAL segfault at address 0x192.168.229.48
WARN slow query: 192.168.193.243ms
ERROR auth failure for user 192.168.57.185
FATAL segfault at address 0x192.168.142.104
INFO connection established
DEBUG cache hit for key=192.168.39.155
INFO request from 192.168.60.30
WARN memory threshold reached: 192.168.36.209MB
DEBUG entering function foo
ERROR null pointer in module 192.168.39.155
ERROR file not found: /tmp/192.168.229.48.log
DEBUG entering function foo
DEBUG heap size: 192.168.92.139
WARN memory threshold reached: 192.168.178.215MB
ERROR auth failure for user 192.168.60.30
INFO user 192.168.178.6 logged in
ERROR auth failure for user 192.168.121.141
DEBUG variable x=192.168.82.31
WARN slow query: 192.168.92.139ms
ERROR file not found: /tmp/192.168.141.220.log
WARN disk usage 192.168.121.141%
WARN disk usage 192.168.197.186%
FATAL out of memory
ERROR file not found: /tmp/192.168.142.104.log
ERROR connection timeout 503
FATAL segfault at address 0x192.168.219.168
DEBUG cache hit for key=192.168.219.168
DEBUG entering function foo
INFO user 192.168.142.104 logged in
DEBUG cache hit for key=192.168.121.141
FATAL unrecoverable disk error
WARN retry attempt 192.168.142.104 for 56964
FATAL unrecoverable disk error
ERROR null pointer in module 192.168.107.168
INFO connection established
FATAL segfault at address 0x192.168.57.185
DEBUG cache hit for key=192.168.189.144
INFO request from 192.168.229.48
ERROR auth failure for user 192.168.92.139
WARN slow query: 192.168.9.50ms
DEBUG entering function foo
WARN slow query: 192.168.215.207ms
WARN slow query: 192.168.36.209ms
ERROR connection timeout 503
INFO user 192.168.121.141 logged in
DEBUG heap size: 192.168.39.155
FATAL segfault at address 0x192.168.178.6
INFO connection established
ERROR connection timeout 503
DEBUG variable x=192.168.193.243
INFO user 192.168.197.186 logged in
WARN disk usage 192.168.178.215%
WARN disk usage 192.168.189.144%
INFO request from 192.168.60.30
DEBUG entering function foo
INFO connection established
INFO connection established
WARN slow query: 192.168.219.168ms
ERROR file not found: /tmp/192.168.142.104.log
FATAL kernel panic
FATAL segfault at address 0x192.168.9.50
INFO request from 192.168.178.6
ERROR null pointer in module 192.168.36.209
WARN memory threshold reached: 192.168.121.141MB
INFO request from 192.168.92.139
INFO processed 192.168.82.31 items
INFO user 192.168.215.207 logged in
WARN disk usage 192.168.39.155%
ERROR auth failure for user 192.168.36.209
ERROR auth failure for user 192.168.9.50
ERROR connection timeout 503
DEBUG variable x=192.168.189.144
ERROR auth failure for user 192.168.92.139
FATAL unrecoverable disk error
ERROR null pointer in module 192.168.215.207
DEBUG heap size: 192.168.219.168
DEBUG cache hit for key=192.168.39.155
ERROR file not found: /tmp/192.168.193.243.log
WARN disk usage 192.168.215.207%
INFO request from 192.168.92.139
WARN retry attempt 192.168.178.215 for 81727
DEBUG entering function foo
FATAL kernel panic
DEBUG variable x=192.168.121.141
ERROR file not found: /tmp/192.168.121.141.log
DEBUG variable x=192.168.107.168
INFO user 192.168.141.220 logged in
ERROR connection timeout 503
INFO request from 192.168.107.168
FATAL segfault at address 0x192.168.60.30
ERROR auth failure for user 192.168.57.185
INFO processed 192.168.92.139 items
WARN retry attempt 192.168.92.139 for 7333
ERROR auth failure for user 192.168.215.207
WARN memory threshold reached: 192.168.57.185MB
FATAL unrecoverable disk error
ERROR file not found: /tmp/192.168.107.168.log
WARN retry attempt 192.168.36.209 for 10947
WARN slow query: 192.168.229.48ms
ERROR auth failure for user 192.168.121.141
INFO request from 192.168.82.31
FATAL out of memory
ERROR file not found: /tmp/192.168.9.50.log
ERROR null pointer in module 192.168.141.220
WARN disk usage 192.168.60.30%
WARN slow query: 192.168.142.104ms
ERROR null pointer in module 192.168.178.215
ERROR auth failure for user 192.168.82.31
DEBUG variable x=192.168.142.104
FATAL unrecoverable disk error
INFO user 192.168.57.185 logged in
INFO connection established
DEBUG heap size: 192.168.197.186
ERROR null pointer in module 192.168.193.243
DEBUG heap size: 192.168.211.158
INFO user 192.168.178.215 logged in
ERROR auth failure for user 192.168.141.220
FATAL out of memory
FATAL segfault at address 0x192.168.178.215
WARN memory threshold reached: 192.168.142.104MB
ERROR connection timeout 503
FATAL unrecoverable disk error
WARN disk usage 192.168.82.31%
FATAL out of memory
DEBUG cache hit for key=192.168.92.139
INFO request from 192.168.178.6
ERROR auth failure for user 192.168.57.185
DEBUG cache hit for key=192.168.9.50
ERROR connection timeout 503
INFO processed 192.168.82.31 items
WARN slow query: 192.168.60.30ms
DEBUG heap size: 192.168.197.186
ERROR connection timeout 503
FATAL kernel panic
WARN disk usage 192.168.57.185%
DEBUG variable x=192.168.193.243
WARN memory threshold reached: 192.168.178.215MB
WARN slow query: 192.168.189.144ms
DEBUG cache hit for key=192.168.219.168
DEBUG heap size: 192.168.189.144
INFO user 192.168.211.158 logged in
INFO connection established
ERROR null pointer in module 192.168.9.50
WARN retry attempt 192.168.197.186 for 60023
INFO request from 192.168.60.30
INFO user 192.168.142.104 logged in
FATAL unrecoverable disk error
ERROR file not found: /tmp/192.168.107.168.log
ERROR null pointer in module 192.168.229.48
FATAL out of memory
ERROR connection timeout 503
WARN memory threshold reached: 192.168.219.168MB
INFO request from 192.168.60.30
WARN slow query: 192.168.189.144ms
WARN slow query: 192.168.57.185ms
DEBUG heap size: 192.168.178.6
FATAL segfault at address 0x192.168.107.168
INFO connection established
WARN disk usage 192.168.189.144%
DEBUG variable x=192.168.141.220
ERROR auth failure for user 192.168.92.139
DEBUG cache hit for key=192.168.57.185
WARN retry attempt 192.168.197.186 for 48312
DEBUG entering function foo
WARN disk usage 192.168.178.215%
INFO user 192.168.36.209 logged in
FATAL unrecoverable disk error
ERROR null pointer in module 192.168.219.168
INFO processed 192.168.193.243 items
ERROR auth failure for user 192.168.178.215
DEBUG entering function foo
FATAL segfault at address 0x192.168.189.144
FATAL segfault at address 0x192.168.178.6
WARN slow query: 192.168.211.158ms
DEBUG entering function foo
INFO connection established
DEBUG entering function foo
ERROR auth failure for user 192.168.60.30
INFO processed 192.168.142.104 items
DEBUG variable x=192.168.82.31
INFO connection established
INFO connection established
WARN memory threshold reached: 192.168.178.215MB
FATAL segfault at address 0x192.168.142.104
DEBUG cache hit for key=192.168.197.186
WARN disk usage 192.168.215.207%
WARN slow query: 192.168.121.141ms
WARN disk usage 192.168.141.220%
INFO user 192.168.36.209 logged in
WARN memory threshold reached: 192.168.189.144MB
INFO processed 192.168.193.243 items
FATAL unrecoverable disk error
WARN slow query: 192.168.121.141ms
ERROR null pointer in module 192.168.197.186
INFO connection established
FATAL unrecoverable disk error
INFO user 192.168.9.50 logged in
FATAL segfault at address 0x192.168.211.158
WARN retry attempt 192.168.141.220 for 39844
DEBUG heap size: 192.168.57.185
WARN memory threshold reached: 192.168.60.30MB
DEBUG variable x=192.168.189.144
FATAL segfault at address 0x192.168.189.144
ERROR auth failure for user 192.168.60.30
ERROR file not found: /tmp/192.168.197.186.log
DEBUG variable x=192.168.121.141
INFO user 192.168.219.168 logged in
WARN retry attempt 192.168.39.155 for 1479
WARN slow query: 192.168.178.215ms
INFO processed 192.168.36.209 items
FATAL segfault at address 0x192.168.215.207
DEBUG heap size: 192.168.107.168
WARN retry attempt 192.168.178.215 for 77720
DEBUG variable x=192.168.142.104
FATAL segfault at address 0x192.168.142.104
INFO request from 192.168.36.209
FATAL out of memory
DEBUG heap size: 192.168.189.144
FATAL out of memory
WARN slow query: 192.168.142.104ms
DEBUG cache hit for key=192.168.141.220
ERROR null pointer in module 192.168.39.155
FATAL kernel panic
FATAL kernel panic
FATAL kernel panic
WARN memory threshold reached: 192.168.189.144MB
DEBUG entering function foo
ERROR connection timeout 503
FATAL kernel panic
WARN disk usage 192.168.92.139%
INFO request from 192.168.189.144
FATAL segfault at address 0x192.168.82.31
WARN retry attempt 192.168.211.158 for 16664
ERROR file not found: /tmp/192.168.211.158.log
FATAL unrecoverable disk error
INFO request from 192.168.215.207
ERROR file not found: /tmp/192.168.211.158.log
INFO request from 192.168.229.48
DEBUG cache hit for key=192.168.197.186
ERROR auth failure for user 192.168.142.104
ERROR file not found: /tmp/192.168.82.31.log
WARN retry attempt 192.168.57.185 for 29201
WARN disk usage 192.168.92.139%
WARN disk usage 192.168.197.186%
DEBUG cache hit for key=192.168.9.50
INFO request from 192.168.39.155
DEBUG entering function foo
WARN retry attempt 192.168.189.144 for 73505
FATAL out of memory
DEBUG entering function foo
FATAL out of memory
WARN memory threshold reached: 192.168.107.168MB
DEBUG entering function foo
ERROR null pointer in module 192.168.193.243
FATAL segfault at address 0x192.168.142.104
WARN memory threshold reached: 192.168.142.104MB
INFO request from 192.168.229.48
INFO processed 192.168.121.141 items
INFO processed 192.168.211.158 items
WARN slow query: 192.168.219.168ms
DEBUG variable x=192.168.107.168
WARN memory threshold reached: 192.168.215.207MB
ERROR file not found: /tmp/192.168.142.104.log
DEBUG heap size: 192.168.141.220
FATAL out of memory
FATAL unrecoverable disk error
DEBUG entering function foo
DEBUG entering function foo
DEBUG cache hit for key=192.168.197.186
WARN disk usage 192.168.142.104%
FATAL out of memory
ERROR auth failure for user 192.168.178.6
DEBUG variable x=192.168.178.6
FATAL unrecoverable disk error
WARN memory threshold reached: 192.168.36.209MB
INFO request from 192.168.92.139
FATAL unrecoverable disk error
DEBUG cache hit for key=192.168.197.186
DEBUG variable x=192.168.197.186
ERROR connection timeout 503
DEBUG entering function foo
FATAL out of memory
INFO user 192.168.107.168 logged in
DEBUG entering function foo
DEBUG entering function foo
INFO user 192.168.193.243 logged in
ERROR null pointer in module 192.168.142.104
INFO request from 192.168.107.168
INFO processed 192.168.229.48 items
WARN retry attempt 192.168.178.215 for 43133
FATAL segfault at address 0x192.168.121.141
WARN memory threshold reached: 192.168.193.243MB
WARN slow query: 192.168.107.168ms
INFO processed 192.168.39.155 items
ERROR file not found: /tmp/192.168.121.141.log
FATAL out of memory
DEBUG variable x=192.168.121.141
DEBUG variable x=192.168.189.144
WARN slow query: 192.168.142.104ms
WARN disk usage 192.168.57.185%
WARN disk usage 192.168.178.215%
DEBUG cache hit for key=192.168.197.186
WARN slow query: 192.168.211.158ms
ERROR file not found: /tmp/192.168.197.186.log
DEBUG variable x=192.168.193.243
INFO request from 192.168.142.104
FATAL segfault at address 0x192.168.211.158
FATAL kernel panic
ERROR auth failure for user 192.168.57.185
FATAL unrecoverable disk error
WARN disk usage 192.168.141.220%
WARN memory threshold reached: 192.168.36.209MB
DEBUG heap size: 192.168.197.186
INFO request from 192.168.39.155
DEBUG heap size: 192.168.211.158
INFO processed 192.168.141.220 items
ERROR null pointer in module 192.168.57.185
WARN memory threshold reached: 192.168.92.139MB
ERROR connection timeout 503
ERROR file not found: /tmp/192.168.197.186.log
INFO user 192.168.9.50 logged in
DEBUG cache hit for key=192.168.57.185
DEBUG cache hit for key=192.168.219.168
DEBUG variable x=192.168.229.48
FATAL out of memory
DEBUG heap size: 192.168.219.168
WARN memory threshold reached: 192.168.57.185MB
FATAL unrecoverable disk error
ERROR null pointer in module 192.168.82.31
INFO request from 192.168.82.31
INFO request from 192.168.92.139
DEBUG cache hit for key=192.168.142.104
WARN retry attempt 192.168.178.6 for 19566
WARN disk usage 192.168.82.31%
DEBUG variable x=192.168.141.220
INFO user 192.168.141.220 logged in
ERROR connection timeout 503
FATAL out of memory
WARN slow query: 192.168.178.215ms
DEBUG cache hit for key=192.168.197.186
DEBUG heap size: 192.168.92.139
ERROR connection timeout 503
WARN slow query: 192.168.219.168ms
ERROR connection timeout 503
FATAL kernel panic
INFO processed 192.168.178.6 items
DEBUG heap size: 192.168.141.220
INFO user 192.168.121.141 logged in
WARN disk usage 192.168.211.158%
DEBUG cache hit for key=192.168.197.186
WARN retry attempt 192.168.107.168 for 36999
DEBUG cache hit for key=192.168.9.50
DEBUG heap size: 192.168.193.243
WARN retry attempt 192.168.9.50 for 74904
WARN retry attempt 192.168.215.207 for 23097
WARN disk usage 192.168.229.48%
INFO user 192.168.9.50 logged in
WARN memory threshold reached: 192.168.9.50MB
ERROR null pointer in module 192.168.121.141
INFO connection established
ERROR null pointer in module 192.168.141.220
FATAL out of memory
FATAL out of memory
INFO processed 192.168.193.243 items
FATAL out of memory
INFO processed 192.168.92.139 items
INFO request from 192.168.219.168
INFO connection established
ERROR null pointer in module 192.168.215.207
ERROR auth failure for user 192.168.9.50
INFO request from 192.168.9.50
INFO processed 192.168.82.31 items
FATAL unrecoverable disk error
FATAL out of memory
INFO processed 192.168.178.6 items
DEBUG cache hit for key=192.168.219.168
ERROR file not found: /tmp/192.168.36.209.log
ERROR auth failure for user 192.168.141.220
WARN retry attempt 192.168.142.104 for 93894
FATAL kernel panic
FATAL unrecoverable disk error
WARN disk usage 192.168.189.144%
INFO request from 192.168.92.139
DEBUG entering function foo
DEBUG entering function foo
FATAL kernel panic
WARN disk usage 192.168.193.243%
INFO request from 192.168.92.139
DEBUG entering function foo
INFO user 192.168.229.48 logged in
FATAL out of memory
DEBUG variable x=192.168.219.168
ERROR connection timeout 503
ERROR connection timeout 503
ERROR auth failure for user 192.168.141.220
INFO connection established
INFO request from 192.168.229.48
ERROR null pointer in module 192.168.82.31
WARN slow query: 192.168.142.104ms
DEBUG entering function foo
WARN disk usage 192.168.60.30%
WARN slow query: 192.168.121.141ms
DEBUG cache hit for key=192.168.9.50
WARN retry attempt 192.168.197.186 for 61461
ERROR auth failure for user 192.168.121.141
ERROR auth failure for user 192.168.189.144
WARN memory threshold reached: 192.168.215.207MB
INFO request from 192.168.189.144
DEBUG entering function foo
INFO request from 192.168.107.168
ERROR null pointer in module 192.168.82.31
INFO request from 192.168.92.139
INFO connection established
DEBUG variable x=192.168.9.50
WARN retry attempt 192.168.36.209 for 75779
DEBUG variable x=192.168.92.139
ERROR file not found: /tmp/192.168.215.207.log
WARN disk usage 192.168.219.168%
FATAL kernel panic
ERROR auth failure for user 192.168.92.139
ERROR connection timeout 503
ERROR null pointer in module 192.168.189.144
ERROR auth failure for user 192.168.215.207
FATAL kernel panic
FATAL kernel panic
INFO request from 192.168.178.6
ERROR auth failure for user 192.168.57.185
DEBUG entering function foo
ERROR auth failure for user 192.168.141.220
ERROR file not found: /tmp/192.168.215.207.log
WARN memory threshold reached: 192.168.60.30MB
ERROR file not found: /tmp/192.168.178.6.log
INFO user 192.168.9.50 logged in
FATAL kernel panic
INFO connection established
FATAL out of memory
ERROR auth failure for user 192.168.36.209
ERROR file not found: /tmp/192.168.60.30.log
FATAL kernel panic
INFO processed 192.168.39.155 items
INFO user 192.168.197.186 logged in
ERROR null pointer in module 192.168.39.155
FATAL segfault at address 0x192.168.189.144
WARN memory threshold reached: 192.168.39.155MB
DEBUG heap size: 192.168.141.220
WARN memory threshold reached: 192.168.178.215MB
WARN retry attempt 192.168.107.168 for 8074
INFO processed 192.168.57.185 items
ERROR auth failure for user 192.168.39.155
WARN retry attempt 192.168.189.144 for 40244
FATAL out of memory
DEBUG heap size: 192.168.92.139
INFO request from 192.168.39.155
DEBUG variable x=192.168.229.48
FATAL segfault at address 0x192.168.229.48
WARN disk usage 192.168.178.6%
WARN disk usage 192.168.107.168%
WARN disk usage 192.168.57.185%
ERROR auth failure for user 192.168.121.141
FATAL out of memory
WARN memory threshold reached: 192.168.215.207MB
FATAL out of memory
ERROR file not found: /tmp/192.168.193.243.log
WARN disk usage 192.168.92.139%
FATAL out of memory
FATAL out of memory
FATAL unrecoverable disk error
FATAL unrecoverable disk error
INFO connection established
WARN disk usage 192.168.60.30%
ERROR connection timeout 503
DEBUG variable x=192.168.211.158
WARN slow query: 192.168.9.50ms
ERROR file not found: /tmp/192.168.92.139.log
WARN disk usage 192.168.9.50%
WARN slow query: 192.168.39.155ms
ERROR connection timeout 503
INFO user 192.168.107.168 logged in
WARN memory threshold reached: 192.168.107.168MB
DEBUG entering function foo
DEBUG cache hit for key=192.168.121.141
INFO request from 192.168.60.30
FATAL kernel panic
WARN memory threshold reached: 192.168.121.141MB
INFO user 192.168.82.31 logged in
DEBUG variable x=192.168.39.155
ERROR auth failure for user 192.168.211.158
WARN slow query: 192.168.215.207ms
FATAL segfault at address 0x192.168.92.139
DEBUG heap size: 192.168.197.186
WARN retry attempt 192.168.178.6 for 88119
DEBUG cache hit for key=192.168.197.186
FATAL out of memory
ERROR file not found: /tmp/192.168.39.155.log
DEBUG cache hit for key=192.168.178.215
WARN memory threshold reached: 192.168.9.50MB
DEBUG variable x=192.168.211.158
WARN memory threshold reached: 192.168.215.207MB
INFO connection established
WARN memory threshold reached: 192.168.215.207MB
FATAL out of memory
FATAL out of memory
INFO connection established
INFO connection established
DEBUG cache hit for key=192.168.141.220
FATAL unrecoverable disk error
INFO request from 192.168.215.207
FATAL unrecoverable disk error
ERROR connection timeout 503
INFO processed 192.168.197.186 items
ERROR file not found: /tmp/192.168.193.243.log
DEBUG heap size: 192.168.178.6
FATAL kernel panic
WARN retry attempt 192.168.142.104 for 35854
INFO request from 192.168.178.215
DEBUG heap size: 192.168.219.168
INFO processed 192.168.219.168 items
WARN slow query: 192.168.107.168ms
INFO processed 192.168.211.158 items
FATAL unrecoverable disk error
DEBUG variable x=192.168.215.207
INFO processed 192.168.229.48 items
ERROR auth failure for user 192.168.57.185
WARN retry attempt 192.168.229.48 for 43069
WARN disk usage 192.168.211.158%
FATAL out of memory
FATAL kernel panic
WARN retry attempt 192.168.215.207 for 92576
WARN memory threshold reached: 192.168.9.50MB
ERROR null pointer in module 192.168.60.30
FATAL unrecoverable disk error
FATAL out of memory
DEBUG heap size: 192.168.197.186
WARN memory threshold reached: 192.168.219.168MB
FATAL out of memory
FATAL out of memory
INFO request from 192.168.121.141
FATAL segfault at address 0x192.168.197.186
WARN slow query: 192.168.60.30ms
WARN slow query: 192.168.189.144ms
INFO request from 192.168.121.141
INFO processed 192.168.60.30 items
ERROR file not found: /tmp/192.168.121.141.log
FATAL out of memory
DEBUG variable x=192.168.39.155
FATAL unrecoverable disk error
FATAL segfault at address 0x192.168.82.31
WARN memory threshold reached: 192.168.141.220MB
FATAL out of memory
WARN slow query: 192.168.197.186ms
WARN memory threshold reached: 192.168.121.141MB
WARN retry attempt 192.168.9.50 for 42828
FATAL segfault at address 0x192.168.211.158
FATAL segfault at address 0x192.168.9.50
INFO request from 192.168.189.144
DEBUG cache hit for key=192.168.57.185
WARN memory threshold reached: 192.168.60.30MB
WARN retry attempt 192.168.60.30 for 52277
ERROR file not found: /tmp/192.168.36.209.log
ERROR file not found: /tmp/192.168.178.215.log
FATAL segfault at address 0x192.168.107.168
WARN memory threshold reached: 192.168.141.220MB
WARN slow query: 192.168.219.168ms
FATAL out of memory
DEBUG cache hit for key=192.168.197.186
ERROR connection timeout 503
INFO connection established
WARN retry attempt 192.168.142.104 for 61780
FATAL unrecoverable disk error
FATAL unrecoverable disk error
WARN retry attempt 192.168.219.168 for 927
INFO processed 192.168.36.209 items
FATAL kernel panic
DEBUG variable x=192.168.189.144
WARN slow query: 192.168.60.30ms
FATAL kernel panic
DEBUG heap size: 192.168.219.168
DEBUG entering function foo
DEBUG variable x=192.168.211.158
DEBUG entering function foo
WARN disk usage 192.168.121.141%
ERROR null pointer in module 192.168.82.31
ERROR file not found: /tmp/192.168.178.215.log
INFO request from 192.168.229.48
ERROR connection timeout 503
WARN slow query: 192.168.142.104ms
WARN slow query: 192.168.107.168ms
FATAL segfault at address 0x192.168.107.168
INFO connection established
INFO connection established
WARN slow query: 192.168.107.168ms
DEBUG variable x=192.168.178.6
WARN disk usage 192.168.215.207%
ERROR file not found: /tmp/192.168.211.158.log
WARN slow query: 192.168.178.215ms
INFO user 192.168.178.215 logged in
FATAL unrecoverable disk error
WARN slow query: 192.168.92.139ms
DEBUG variable x=192.168.197.186
FATAL segfault at address 0x192.168.211.158
ERROR auth failure for user 192.168.107.168
DEBUG variable x=192.168.60.30
INFO request from 192.168.178.215
WARN disk usage 192.168.193.243%
WARN retry attempt 192.168.57.185 for 32884
WARN memory threshold reached: 192.168.178.215MB
FATAL out of memory
FATAL kernel panic
WARN disk usage 192.168.57.185%
FATAL out of memory
FATAL segfault at address 0x192.168.211.158
FATAL segfault at address 0x192.168.36.209
FATAL unrecoverable disk error
INFO processed 192.168.82.31 items
WARN slow query: 192.168.92.139ms
ERROR connection timeout 503
DEBUG entering function foo
FATAL segfault at address 0x192.168.211.158
WARN disk usage 192.168.142.104%
WARN slow query: 192.168.82.31ms
INFO request from 192.168.92.139
INFO connection established
ERROR auth failure for user 192.168.178.215
ERROR auth failure for user 192.168.193.243
FATAL segfault at address 0x192.168.178.215
INFO request from 192.168.229.48
INFO connection established
INFO user 192.168.36.209 logged in
FATAL out of memory
DEBUG variable x=192.168.229.48
INFO connection established
DEBUG variable x=192.168.121.141
WARN memory threshold reached: 192.168.60.30MB
WARN memory threshold reached: 192.168.193.243MB
ERROR null pointer in module 192.168.178.215
FATAL segfault at address 0x192.168.39.155
FATAL kernel panic
DEBUG heap size: 192.168.142.104
INFO connection established
INFO processed 192.168.36.209 items
DEBUG variable x=192.168.121.141
ERROR auth failure for user 192.168.107.168
FATAL out of memory
INFO processed 192.168.141.220 items
FATAL out of memory
ERROR auth failure for user 192.168.189.144
DEBUG entering function foo
INFO connection established
WARN retry attempt 192.168.82.31 for 28493
DEBUG variable x=192.168.142.104
FATAL segfault at address 0x192.168.121.141
WARN slow query: 192.168.36.209ms
DEBUG entering function foo
DEBUG cache hit for key=192.168.9.50
WARN retry attempt 192.168.178.215 for 68742
WARN disk usage 192.168.197.186%
INFO processed 192.168.9.50 items
DEBUG entering function foo
FATAL unrecoverable disk error
WARN memory threshold reached: 192.168.57.185MB
ERROR null pointer in module 192.168.121.141
ERROR file not found: /tmp/192.168.121.141.log
INFO user 192.168.39.155 logged in
FATAL segfault at address 0x192.168.189.144
ERROR null pointer in module 192.168.197.186
FATAL out of memory
INFO connection established
WARN memory threshold reached: 192.168.92.139MB
FATAL unrecoverable disk error
FATAL out of memory
ERROR null pointer in module 192.168.197.186
DEBUG heap size: 192.168.141.220
WARN memory threshold reached: 192.168.107.168MB
ERROR null pointer in module 192.168.142.104
FATAL segfault at address 0x192.168.215.207
ERROR connection timeout 503
WARN retry attempt 192.168.142.104 for 89983
DEBUG heap size: 192.168.82.31
DEBUG cache hit for key=192.168.57.185
ERROR null pointer in module 192.168.219.168
INFO connection established
DEBUG cache hit for key=192.168.178.215
ERROR file not found: /tmp/192.168.142.104.log
WARN disk usage 192.168.215.207%
WARN slow query: 192.168.229.48ms
FATAL kernel panic
WARN disk usage 192.168.189.144%
ERROR connection timeout 503
DEBUG entering function foo
ERROR null pointer in module 192.168.141.220
FATAL out of memory
INFO processed 192.168.121.141 items
INFO connection established
INFO request from 192.168.92.139
DEBUG cache hit for key=192.168.9.50
INFO connection established
DEBUG cache hit for key=192.168.197.186
FATAL out of memory
DEBUG entering function foo
FATAL segfault at address 0x192.168.178.215
DEBUG entering function foo
FATAL kernel panic
WARN disk usage 192.168.121.141%
DEBUG cache hit for key=192.168.9.50
FATAL unrecoverable disk error
ERROR null pointer in module 192.168.211.158
WARN slow query: 192.168.178.215ms
INFO connection established
FATAL out of memory
FATAL segfault at address 0x192.168.215.207
INFO connection established
INFO user 192.168.215.207 logged in
ERROR file not found: /tmp/192.168.9.50.log
INFO connection established
WARN memory threshold reached: 192.168.36.209MB
INFO connection established
INFO request from 192.168.82.31
DEBUG cache hit for key=192.168.178.215
DEBUG variable x=192.168.229.48
DEBUG entering function foo
WARN memory threshold reached: 192.168.36.209MB
ERROR auth failure for user 192.168.9.50
INFO connection established
ERROR connection timeout 503
DEBUG cache hit for key=192.168.92.139
ERROR null pointer in module 192.168.82.31
ERROR connection timeout 503
WARN memory threshold reached: 192.168.193.243MB
WARN slow query: 192.168.57.185ms
DEBUG entering function foo
ERROR auth failure for user 192.168.142.104
WARN slow query: 192.168.9.50ms
DEBUG cache hit for key=192.168.60.30
WARN memory threshold reached: 192.168.193.243MB
INFO user 192.168.189.144 logged in
DEBUG heap size: 192.168.178.6
DEBUG variable x=192.168.215.207
DEBUG cache hit for key=192.168.215.207
FATAL unrecoverable disk error
INFO processed 192.168.193.243 items
DEBUG entering function foo
DEBUG cache hit for key=192.168.178.215
INFO request from 192.168.60.30
INFO user 192.168.92.139 logged in
WARN memory threshold reached: 192.168.107.168MB
WARN memory threshold reached: 192.168.178.6MB
ERROR auth failure for user 192.168.197.186
ERROR auth failure for user 192.168.60.30
ERROR null pointer in module 192.168.211.158
DEBUG cache hit for key=192.168.197.186
DEBUG variable x=192.168.92.139
WARN memory threshold reached: 192.168.142.104MB
WARN disk usage 192.168.142.104%
ERROR null pointer in module 192.168.215.207
ERROR null pointer in module 192.168.197.186
WARN memory threshold reached: 192.168.142.104MB
ERROR file not found: /tmp/192.168.57.185.log
WARN slow query: 192.168.229.48ms
WARN disk usage 192.168.215.207%
DEBUG variable x=192.168.189.144
INFO user 192.168.197.186 logged in
INFO processed 192.168.92.139 items
INFO connection established
DEBUG entering function foo
WARN retry attempt 192.168.82.31 for 75611
INFO processed 192.168.121.141 items
ERROR auth failure for user 192.168.121.141
INFO connection established
FATAL out of memory
ERROR null pointer in module 192.168.107.168
WARN slow query: 192.168.82.31ms
INFO user 192.168.9.50 logged in
INFO request from 192.168.92.139
INFO request from 192.168.82.31
DEBUG heap size: 192.168.141.220
FATAL segfault at address 0x192.168.121.141
INFO processed 192.168.107.168 items
DEBUG variable x=192.168.229.48
DEBUG variable x=192.168.141.220
ERROR connection timeout 503
FATAL unrecoverable disk error
DEBUG heap size: 192.168.229.48
INFO user 192.168.39.155 logged in
DEBUG entering function foo
FATAL unrecoverable disk error
FATAL segfault at address 0x192.168.197.186
DEBUG cache hit for key=192.168.107.168
FATAL out of memory
FATAL unrecoverable disk error
WARN retry attempt 192.168.39.155 for 60299
FATAL segfault at address 0x192.168.142.104
DEBUG cache hit for key=192.168.107.168
DEBUG entering function foo
DEBUG cache hit for key=192.168.121.141
INFO request from 192.168.219.168
WARN retry attempt 192.168.197.186 for 90768
FATAL kernel panic
FATAL unrecoverable disk error
FATAL kernel panic
WARN retry attempt 192.168.211.158 for 15576
ERROR connection timeout 503
FATAL segfault at address 0x192.168.229.48
ERROR connection timeout 503
DEBUG heap size: 192.168.82.31
DEBUG variable x=192.168.82.31
DEBUG cache hit for key=192.168.189.144
INFO connection established
FATAL out of memory
WARN disk usage 192.168.193.243%
ERROR connection timeout 503
FATAL kernel panic
WARN retry attempt 192.168.219.168 for 66223
FATAL unrecoverable disk error
FATAL kernel panic
ERROR connection timeout 503
DEBUG entering function foo
FATAL unrecoverable disk error
WARN memory threshold reached: 192.168.9.50MB
ERROR auth failure for user 192.168.82.31
FATAL unrecoverable disk error
INFO processed 192.168.189.144 items
WARN memory threshold reached: 192.168.142.104MB
FATAL segfault at address 0x192.168.211.158
INFO processed 192.168.92.139 items
WARN disk usage 192.168.57.185%
DEBUG entering function foo
DEBUG cache hit for key=192.168.141.220
DEBUG variable x=192.168.121.141
FATAL segfault at address 0x192.168.9.50
WARN slow query: 192.168.9.50ms
INFO processed 192.168.82.31 items
ERROR connection timeout 503
WARN retry attempt 192.168.215.207 for 7987
FATAL segfault at address 0x192.168.219.168
INFO request from 192.168.189.144
FATAL unrecoverable disk error
INFO request from 192.168.215.207
DEBUG variable x=192.168.36.209
DEBUG variable x=192.168.9.50
DEBUG cache hit for key=192.168.229.48
FATAL out of memory
INFO connection established
INFO request from 192.168.9.50
DEBUG cache hit for key=192.168.121.141
ERROR connection timeout 503
ERROR auth failure for user 192.168.197.186
DEBUG cache hit for key=192.168.215.207
ERROR null pointer in module 192.168.189.144
DEBUG heap size: 192.168.211.158
FATAL unrecoverable disk error
DEBUG variable x=192.168.197.186
ERROR null pointer in module 192.168.141.220
DEBUG entering function foo
ERROR auth failure for user 192.168.107.168
FATAL out of memory
ERROR connection timeout 503
INFO request from 192.168.39.155
ERROR auth failure for user 192.168.215.207
INFO processed 192.168.9.50 items
INFO user 192.168.189.144 logged in
INFO request from 192.168.219.168
WARN disk usage 192.168.9.50%
FATAL segfault at address 0x192.168.39.155
INFO processed 192.168.189.144 items
WARN disk usage 192.168.193.243%
WARN disk usage 192.168.36.209%
DEBUG cache hit for key=192.168.142.104
DEBUG cache hit for key=192.168.82.31
DEBUG heap size: 192.168.57.185
ERROR auth failure for user 192.168.215.207
ERROR file not found: /tmp/192.168.178.215.log
FATAL segfault at address 0x192.168.92.139
INFO request from 192.168.60.30
FATAL segfault at address 0x192.168.82.31
ERROR auth failure for user 192.168.189.144
ERROR file not found: /tmp/192.168.189.144.log
ERROR auth failure for user 192.168.229.48
DEBUG heap size: 192.168.141.220
WARN slow query: 192.168.92.139ms
WARN memory threshold reached: 192.168.211.158MB
WARN disk usage 192.168.36.209%
ERROR null pointer in module 192.168.215.207
WARN memory threshold reached: 192.168.107.168MB
FATAL segfault at address 0x192.168.92.139
INFO request from 192.168.141.220
WARN disk usage 192.168.178.215%
DEBUG heap size: 192.168.178.6
WARN disk usage 192.168.107.168%
FATAL out of memory
WARN retry attempt 192.168.36.209 for 33675
INFO processed 192.168.9.50 items
INFO request from 192.168.219.168
WARN retry attempt 192.168.107.168 for 45545
FATAL unrecoverable disk error
ERROR file not found: /tmp/192.168.197.186.log
WARN memory threshold reached: 192.168.82.31MB
WARN disk usage 192.168.57.185%
DEBUG entering function foo
INFO request from 192.168.39.155
WARN retry attempt 192.168.60.30 for 26650
ERROR null pointer in module 192.168.189.144
FATAL kernel panic
ERROR auth failure for user 192.168.57.185
FATAL segfault at address 0x192.168.92.139
FATAL out of memory
WARN disk usage 192.168.142.104%
ERROR auth failure for user 192.168.193.243
FATAL unrecoverable disk error
DEBUG heap size: 192.168.57.185
DEBUG heap size: 192.168.141.220
DEBUG variable x=192.168.215.207
FATAL kernel panic
ERROR auth failure for user 192.168.229.48
FATAL out of memory
WARN disk usage 192.168.39.155%
INFO request from 192.168.142.104
INFO request from 192.168.57.185
DEBUG cache hit for key=192.168.211.158
ERROR connection timeout 503
WARN slow query: 192.168.107.168ms
WARN slow query: 192.168.36.209ms
FATAL kernel panic
FATAL kernel panic
DEBUG variable x=192.168.178.6
DEBUG heap size: 192.168.39.155
INFO processed 192.168.57.185 items
FATAL segfault at address 0x192.168.229.48
ERROR auth failure for user 192.168.92.139
ERROR file not found: /tmp/192.168.178.6.log
INFO user 192.168.9.50 logged in
ERROR auth failure for user 192.168.57.185
DEBUG variable x=192.168.92.139
WARN memory threshold reached: 192.168.197.186MB
DEBUG heap size: 192.168.39.155
ERROR connection timeout 503
WARN memory threshold reached: 192.168.82.31MB
WARN slow query: 192.168.57.185ms
ERROR null pointer in module 192.168.57.185
WARN retry attempt 192.168.82.31 for 61702
INFO user 192.168.178.6 logged in
FATAL unrecoverable disk error
INFO user 192.168.9.50 logged in
INFO processed 192.168.82.31 items
WARN retry attempt 192.168.36.209 for 97604
WARN retry attempt 192.168.178.215 for 93189
ERROR file not found: /tmp/192.168.178.215.log
WARN disk usage 192.168.193.243%
ERROR null pointer in module 192.168.197.186
FATAL segfault at address 0x192.168.60.30
ERROR auth failure for user 192.168.219.168
DEBUG entering function foo
ERROR auth failure for user 192.168.107.168
DEBUG heap size: 192.168.193.243
DEBUG heap size: 192.168.189.144
WARN retry attempt 192.168.215.207 for 44311
DEBUG heap size: 192.168.107.168
INFO connection established
WARN slow query: 192.168.189.144ms
INFO request from 192.168.60.30
ERROR auth failure for user 192.168.92.139
WARN retry attempt 192.168.121.141 for 44768
FATAL kernel panic
DEBUG variable x=192.168.39.155
DEBUG entering function foo
ERROR file not found: /tmp/192.168.107.168.log
DEBUG cache hit for key=192.168.211.158
INFO processed 192.168.178.215 items
WARN retry attempt 192.168.36.209 for 99867
INFO connection established
FATAL kernel panic
DEBUG cache hit for key=192.168.189.144
ERROR null pointer in module 192.168.92.139
FATAL segfault at address 0x192.168.107.168
DEBUG entering function foo
ERROR file not found: /tmp/192.168.82.31.log
FATAL kernel panic
WARN memory threshold reached: 192.168.142.104MB
DEBUG heap size: 192.168.92.139
ERROR null pointer in module 192.168.57.185
INFO connection established
FATAL kernel panic
INFO request from 192.168.229.48
ERROR connection timeout 503
ERROR auth failure for user 192.168.229.48
FATAL out of memory
INFO processed 192.168.142.104 items
INFO processed 192.168.39.155 items
INFO user 192.168.215.207 logged in
INFO processed 192.168.197.186 items
DEBUG cache hit for key=192.168.141.220
FATAL unrecoverable disk error
DEBUG variable x=192.168.60.30
FATAL kernel panic
WARN memory threshold reached: 192.168.219.168MB
INFO user 192.168.142.104 logged in
INFO connection established
FATAL segfault at address 0x192.168.229.48
FATAL segfault at address 0x192.168.197.186
WARN memory threshold reached: 192.168.60.30MB
ERROR connection timeout 503
DEBUG cache hit for key=192.168.211.158
DEBUG entering function foo
ERROR connection timeout 503
WARN slow query: 192.168.121.141ms
WARN memory threshold reached: 192.168.60.30MB
DEBUG cache hit for key=192.168.107.168
FATAL unrecoverable disk error
DEBUG variable x=192.168.107.168
INFO connection established
INFO request from 192.168.92.139
WARN retry attempt 192.168.36.209 for 22401
FATAL unrecoverable disk error
DEBUG cache hit for key=192.168.36.209
WARN retry attempt 192.168.92.139 for 70990
WARN slow query: 192.168.229.48ms
FATAL segfault at address 0x192.168.189.144
DEBUG variable x=192.168.142.104
DEBUG cache hit for key=192.168.178.6
WARN disk usage 192.168.178.6%
DEBUG variable x=192.168.178.215
INFO processed 192.168.229.48 items
WARN slow query: 192.168.121.141ms
WARN slow query: 192.168.39.155ms
DEBUG variable x=192.168.9.50
ERROR auth failure for user 192.168.211.158
DEBUG cache hit for key=192.168.92.139
ERROR file not found: /tmp/192.168.229.48.log
WARN slow query: 192.168.92.139ms
INFO user 192.168.107.168 logged in
WARN slow query: 192.168.121.141ms
INFO connection established
ERROR connection timeout 503
ERROR auth failure for user 192.168.229.48
ERROR file not found: /tmp/192.168.82.31.log
FATAL segfault at address 0x192.168.36.209
FATAL unrecoverable disk error
ERROR auth failure for user 192.168.121.141
FATAL unrecoverable disk error
WARN memory threshold reached: 192.168.193.243MB
INFO connection established
FATAL out of memory
INFO connection established
DEBUG entering function foo
WARN slow query: 192.168.193.243ms
DEBUG cache hit for key=192.168.36.209
WARN retry attempt 192.168.121.141 for 8830
DEBUG heap size: 192.168.36.209
INFO connection established
ERROR auth failure for user 192.168.9.50
ERROR null pointer in module 192.168.189.144
WARN retry attempt 192.168.178.6 for 80746
ERROR auth failure for user 192.168.141.220
FATAL out of memory
WARN slow query: 192.168.178.215ms
INFO user 192.168.142.104 logged in
INFO request from 192.168.178.215
ERROR auth failure for user 192.168.193.243
ERROR connection timeout 503
DEBUG heap size: 192.168.39.155
FATAL kernel panic
INFO request from 192.168.197.186
INFO connection established
WARN disk usage 192.168.178.6%
WARN memory threshold reached: 192.168.142.104MB
DEBUG entering function foo
FATAL unrecoverable disk error
DEBUG variable x=192.168.92.139
INFO user 192.168.189.144 logged in
INFO processed 192.168.39.155 items
FATAL segfault at address 0x192.168.39.155
FATAL kernel panic
WARN disk usage 192.168.178.215%
DEBUG entering function foo
WARN memory threshold reached: 192.168.193.243MB
WARN slow query: 192.168.219.168ms
WARN slow query: 192.168.82.31ms
DEBUG cache hit for key=192.168.82.31
WARN memory threshold reached: 192.168.107.168MB
INFO user 192.168.36.209 logged in
WARN memory threshold reached: 192.168.107.168MB
FATAL unrecoverable disk error
FATAL kernel panic
DEBUG entering function foo
FATAL segfault at address 0x192.168.121.141
WARN slow query: 192.168.193.243ms
WARN retry attempt 192.168.121.141 for 57000
DEBUG entering function foo
ERROR file not found: /tmp/192.168.141.220.log
ERROR connection timeout 503
ERROR connection timeout 503
ERROR connection timeout 503
DEBUG variable x=192.168.121.141
FATAL segfault at address 0x192.168.215.207
ERROR connection timeout 503
WARN disk usage 192.168.211.158%
INFO processed 192.168.107.168 items
WARN memory threshold reached: 192.168.121.141MB
ERROR auth failure for user 192.168.82.31
FATAL segfault at address 0x192.168.121.141
DEBUG heap size: 192.168.60.30
ERROR connection timeout 503
WARN retry attempt 192.168.39.155 for 61723
ERROR auth failure for user 192.168.141.220
DEBUG entering function foo
WARN memory threshold reached: 192.168.142.104MB
INFO user 192.168.60.30 logged in
DEBUG entering function foo
FATAL unrecoverable disk error
INFO request from 192.168.9.50
ERROR null pointer in module 192.168.107.168
ERROR file not found: /tmp/192.168.9.50.log
ERROR connection timeout 503
INFO processed 192.168.178.6 items
INFO connection established
INFO connection established
INFO connection established
ERROR auth failure for user 192.168.193.243
WARN slow query: 192.168.57.185ms
ERROR file not found: /tmp/192.168.141.220.log
INFO user 192.168.219.168 logged in
ERROR file not found: /tmp/192.168.215.207.log
ERROR null pointer in module 192.168.60.30
INFO user 192.168.36.209 logged in
WARN retry attempt 192.168.178.6 for 71594
ERROR file not found: /tmp/192.168.57.185.log
ERROR file not found: /tmp/192.168.215.207.log
DEBUG variable x=192.168.57.185
WARN memory threshold reached: 192.168.107.168MB
INFO user 192.168.82.31 logged in
DEBUG heap size: 192.168.141.220
FATAL segfault at address 0x192.168.193.243
DEBUG entering function foo
INFO user 192.168.142.104 logged in
INFO user 192.168.178.215 logged in
FATAL out of memory
INFO processed 192.168.92.139 items
FATAL out of memory
WARN memory threshold reached: 192.168.178.215MB
ERROR connection timeout 503
ERROR null pointer in module 192.168.121.141
WARN slow query: 192.168.92.139ms
ERROR connection timeout 503
FATAL unrecoverable disk error
INFO processed 192.168.189.144 items
WARN memory threshold reached: 192.168.36.209MB
INFO user 192.168.142.104 logged in
WARN slow query: 192.168.39.155ms
ERROR file not found: /tmp/192.168.57.185.log
ERROR null pointer in module 192.168.57.185
ERROR file not found: /tmp/192.168.121.141.log
WARN memory threshold reached: 192.168.82.31MB
WARN retry attempt 192.168.142.104 for 23499
ERROR null pointer in module 192.168.229.48
FATAL unrecoverable disk error
INFO processed 192.168.60.30 items
FATAL unrecoverable disk error
WARN memory threshold reached: 192.168.9.50MB
DEBUG cache hit for key=192.168.107.168
WARN memory threshold reached: 192.168.215.207MB
INFO request from 192.168.229.48
ERROR auth failure for user 192.168.219.168
INFO connection established
ERROR file not found: /tmp/192.168.60.30.log
ERROR null pointer in module 192.168.215.207
ERROR file not found: /tmp/192.168.36.209.log
FATAL segfault at address 0x192.168.60.30
INFO request from 192.168.229.48
INFO processed 192.168.219.168 items
FATAL unrecoverable disk error
INFO request from 192.168.39.155
ERROR connection timeout 503
FATAL kernel panic
INFO processed 192.168.92.139 items
DEBUG variable x=192.168.178.6
INFO processed 192.168.107.168 items
FATAL out of memory
WARN memory threshold reached: 192.168.57.185MB
DEBUG heap size: 192.168.193.243
INFO connection established
FATAL out of memory
ERROR file not found: /tmp/192.168.141.220.log
FATAL kernel panic
INFO processed 192.168.229.48 items
ERROR file not found: /tmp/192.168.229.48.log
DEBUG cache hit for key=192.168.178.6
WARN slow query: 192.168.92.139ms
FATAL kernel panic
DEBUG heap size: 192.168.107.168
WARN slow query: 192.168.57.185ms
FATAL unrecoverable disk error
WARN retry attempt 192.168.36.209 for 90049
ERROR connection timeout 503
DEBUG entering function foo
ERROR file not found: /tmp/192.168.215.207.log
INFO processed 192.168.197.186 items
FATAL out of memory
ERROR connection timeout 503
ERROR null pointer in module 192.168.9.50
FATAL segfault at address 0x192.168.229.48
INFO connection established
FATAL kernel panic
WARN slow query: 192.168.39.155ms
WARN memory threshold reached: 192.168.211.158MB
ERROR null pointer in module 192.168.121.141
DEBUG heap size: 192.168.107.168
FATAL segfault at address 0x192.168.82.31
FATAL unrecoverable disk error
DEBUG cache hit for key=192.168.219.168
FATAL kernel panic
DEBUG variable x=192.168.107.168
FATAL segfault at address 0x192.168.178.6
FATAL out of memory
WARN retry attempt 192.168.193.243 for 39918
DEBUG cache hit for key=192.168.211.158
INFO processed 192.168.39.155 items
ERROR auth failure for user 192.168.211.158
DEBUG heap size: 192.168.211.158
ERROR auth failure for user 192.168.107.168
FATAL segfault at address 0x192.168.39.155
FATAL segfault at address 0x192.168.121.141
ERROR auth failure for user 192.168.178.6
INFO connection established
ERROR file not found: /tmp/192.168.82.31.log
ERROR connection timeout 503
ERROR auth failure for user 192.168.215.207
ERROR connection timeout 503
DEBUG heap size: 192.168.211.158
DEBUG entering function foo
FATAL unrecoverable disk error
WARN slow query: 192.168.36.209ms
DEBUG heap size: 192.168.141.220
WARN disk usage 192.168.92.139%
DEBUG heap size: 192.168.9.50
INFO request from 192.168.178.215
FATAL kernel panic
INFO request from 192.168.121.141
DEBUG cache hit for key=192.168.189.144
DEBUG entering function foo
WARN disk usage 192.168.60.30%
WARN memory threshold reached: 192.168.215.207MB
WARN memory threshold reached: 192.168.107.168MB
WARN retry attempt 192.168.219.168 for 2252
WARN disk usage 192.168.215.207%
FATAL kernel panic
ERROR auth failure for user 192.168.36.209
FATAL segfault at address 0x192.168.82.31
WARN memory threshold reached: 192.168.36.209MB
INFO request from 192.168.215.207
INFO request from 192.168.141.220
WARN slow query: 192.168.215.207ms
WARN disk usage 192.168.197.186%
WARN disk usage 192.168.36.209%
DEBUG cache hit for key=192.168.229.48
ERROR auth failure for user 192.168.178.6
INFO processed 192.168.178.215 items
INFO user 192.168.178.6 logged in
INFO request from 192.168.82.31
DEBUG variable x=192.168.211.158
DEBUG variable x=192.168.178.215
ERROR auth failure for user 192.168.211.158
DEBUG variable x=192.168.107.168
INFO user 192.168.107.168 logged in
WARN slow query: 192.168.141.220ms
INFO request from 192.168.57.185
FATAL out of memory
WARN retry attempt 192.168.229.48 for 43962
DEBUG variable x=192.168.141.220
INFO request from 192.168.197.186
FATAL out of memory
FATAL segfault at address 0x192.168.141.220
FATAL unrecoverable disk error
DEBUG variable x=192.168.57.185
FATAL unrecoverable disk error
INFO user 192.168.82.31 logged in
ERROR connection timeout 503
FATAL segfault at address 0x192.168.189.144
FATAL kernel panic
INFO connection established
WARN retry attempt 192.168.60.30 for 20242
INFO request from 192.168.82.31
WARN slow query: 192.168.39.155ms
INFO processed 192.168.92.139 items
WARN slow query: 192.168.197.186ms
DEBUG variable x=192.168.141.220
WARN slow query: 192.168.219.168ms
ERROR null pointer in module 192.168.142.104
DEBUG entering function foo
FATAL kernel panic
FATAL segfault at address 0x192.168.9.50
ERROR connection timeout 503
ERROR auth failure for user 192.168.197.186
FATAL out of memory
FATAL out of memory
WARN memory threshold reached: 192.168.215.207MB
DEBUG entering function foo
DEBUG variable x=192.168.211.158
DEBUG heap size: 192.168.121.141
DEBUG variable x=192.168.229.48
WARN slow query: 192.168.178.215ms
WARN slow query: 192.168.219.168ms
INFO request from 192.168.211.158
DEBUG entering function foo
FATAL out of memory
DEBUG heap size: 192.168.107.168
WARN retry attempt 192.168.142.104 for 79740
DEBUG heap size: 192.168.197.186
WARN memory threshold reached: 192.168.178.215MB
ERROR null pointer in module 192.168.229.48
WARN retry attempt 192.168.39.155 for 99062
DEBUG cache hit for key=192.168.229.48
DEBUG heap size: 192.168.60.30
FATAL kernel panic
ERROR connection timeout 503
WARN disk usage 192.168.178.215%
INFO processed 192.168.215.207 items
WARN memory threshold reached: 192.168.142.104MB
ERROR connection timeout 503
WARN disk usage 192.168.229.48%
ERROR connection timeout 503
FATAL segfault at address 0x192.168.142.104
FATAL kernel panic
INFO connection established
FATAL out of memory
DEBUG entering function foo
ERROR file not found: /tmp/192.168.9.50.log
INFO user 192.168.92.139 logged in
ERROR file not found: /tmp/192.168.39.155.log
WARN retry attempt 192.168.193.243 for 59672
ERROR file not found: /tmp/192.168.141.220.log
DEBUG heap size: 192.168.60.30
FATAL segfault at address 0x192.168.229.48
DEBUG heap size: 192.168.211.158
ERROR file not found: /tmp/192.168.39.155.log
FATAL out of memory
ERROR null pointer in module 192.168.141.220
FATAL kernel panic
DEBUG variable x=192.168.107.168
WARN slow query: 192.168.141.220ms
ERROR auth failure for user 192.168.178.6
WARN memory threshold reached: 192.168.121.141MB
INFO connection established
INFO request from 192.168.107.168
ERROR file not found: /tmp/192.168.39.155.log
FATAL kernel panic
ERROR null pointer in module 192.168.36.209
WARN disk usage 192.168.178.6%
FATAL unrecoverable disk error
FATAL kernel panic
INFO processed 192.168.178.215 items
DEBUG variable x=192.168.141.220
ERROR auth failure for user 192.168.60.30
FATAL segfault at address 0x192.168.178.6
INFO user 192.168.36.209 logged in
FATAL kernel panic
DEBUG cache hit for key=192.168.215.207
INFO processed 192.168.39.155 items
WARN disk usage 192.168.121.141%
WARN slow query: 192.168.82.31ms
FATAL segfault at address 0x192.168.215.207
FATAL segfault at address 0x192.168.36.209
WARN memory threshold reached: 192.168.211.158MB
ERROR auth failure for user 192.168.193.243
FATAL unrecoverable disk error
INFO request from 192.168.92.139
FATAL out of memory
WARN disk usage 192.168.39.155%
INFO request from 192.168.9.50
ERROR auth failure for user 192.168.215.207
FATAL unrecoverable disk error
ERROR file not found: /tmp/192.168.193.243.log
WARN slow query: 192.168.178.6ms
WARN memory threshold reached: 192.168.215.207MB
INFO connection established
FATAL kernel panic
DEBUG variable x=192.168.197.186
INFO request from 192.168.211.158
INFO processed 192.168.189.144 items
ERROR connection timeout 503
ERROR file not found: /tmp/192.168.189.144.log
DEBUG entering function foo
INFO processed 192.168.82.31 items
DEBUG heap size: 192.168.211.158
FATAL unrecoverable disk error
WARN memory threshold reached: 192.168.142.104MB
DEBUG heap size: 192.168.215.207
DEBUG cache hit for key=192.168.219.168
DEBUG variable x=192.168.39.155
DEBUG entering function foo
WARN disk usage 192.168.92.139%
WARN slow query: 192.168.219.168ms
WARN disk usage 192.168.60.30%
DEBUG entering function foo
WARN retry attempt 192.168.141.220 for 86656
ERROR null pointer in module 192.168.142.104
INFO processed 192.168.215.207 items
DEBUG heap size: 192.168.36.209
ERROR file not found: /tmp/192.168.142.104.log
FATAL segfault at address 0x192.168.229.48
WARN retry attempt 192.168.219.168 for 33973
INFO connection established
ERROR file not found: /tmp/192.168.39.155.log
ERROR file not found: /tmp/192.168.197.186.log
WARN retry attempt 192.168.57.185 for 19178
FATAL segfault at address 0x192.168.9.50
DEBUG heap size: 192.168.197.186
INFO user 192.168.197.186 logged in
ERROR file not found: /tmp/192.168.121.141.log
ERROR connection timeout 503
WARN slow query: 192.168.229.48ms
INFO request from 192.168.92.139
FATAL out of memory
ERROR auth failure for user 192.168.215.207
WARN retry attempt 192.168.36.209 for 71859
WARN slow query: 192.168.141.220ms
INFO request from 192.168.82.31
FATAL segfault at address 0x192.168.219.168
DEBUG cache hit for key=192.168.178.6
ERROR connection timeout 503
DEBUG heap size: 192.168.229.48
WARN disk usage 192.168.121.141%
WARN disk usage 192.168.193.243%
INFO request from 192.168.36.209
WARN slow query: 192.168.178.215ms
FATAL kernel panic
INFO user 192.168.107.168 logged in
FATAL kernel panic
ERROR connection timeout 503
DEBUG entering function foo
DEBUG cache hit for key=192.168.219.168
DEBUG entering function foo
INFO request from 192.168.197.186
INFO request from 192.168.107.168
ERROR null pointer in module 192.168.211.158
DEBUG variable x=192.168.39.155
DEBUG heap size: 192.168.141.220
ERROR null pointer in module 192.168.9.50
INFO processed 192.168.219.168 items
ERROR null pointer in module 192.168.197.186
DEBUG heap size: 192.168.121.141
INFO connection established
FATAL segfault at address 0x192.168.121.141
WARN retry attempt 192.168.60.30 for 5985
ERROR file not found: /tmp/192.168.211.158.log
WARN disk usage 192.168.178.215%
WARN disk usage 192.168.197.186%
WARN retry attempt 192.168.141.220 for 73932
ERROR null pointer in module 192.168.57.185
DEBUG cache hit for key=192.168.178.215
FATAL segfault at address 0x192.168.36.209
FATAL out of memory
FATAL out of memory
WARN slow query: 192.168.229.48ms
FATAL segfault at address 0x192.168.178.215
WARN slow query: 192.168.60.30ms
WARN memory threshold reached: 192.168.189.144MB
WARN slow query: 192.168.189.144ms
FATAL out of memory
FATAL segfault at address 0x192.168.141.220
INFO user 192.168.178.6 logged in
FATAL unrecoverable disk error
ERROR auth failure for user 192.168.121.141
DEBUG variable x=192.168.189.144
DEBUG variable x=192.168.39.155
DEBUG variable x=192.168.141.220
DEBUG variable x=192.168.92.139
ERROR file not found: /tmp/192.168.178.215.log
WARN disk usage 192.168.178.6%
FATAL out of memory
FATAL unrecoverable disk error
INFO user 192.168.178.6 logged in
ERROR null pointer in module 192.168.215.207
WARN memory threshold reached: 192.168.211.158MB
FATAL out of memory
INFO processed 192.168.219.168 items
ERROR null pointer in module 192.168.215.207
WARN disk usage 192.168.142.104%
INFO user 192.168.229.48 logged in
WARN disk usage 192.168.178.6%
DEBUG variable x=192.168.92.139
ERROR file not found: /tmp/192.168.197.186.log
ERROR file not found: /tmp/192.168.39.155.log
DEBUG heap size: 192.168.141.220
WARN disk usage 192.168.9.50%
INFO user 192.168.211.158 logged in
INFO request from 192.168.178.215
INFO connection established
DEBUG entering function foo
ERROR file not found: /tmp/192.168.142.104.log
ERROR file not found: /tmp/192.168.193.243.log
INFO user 192.168.215.207 logged in
INFO user 192.168.60.30 logged in
INFO user 192.168.193.243 logged in
INFO processed 192.168.121.141 items
FATAL unrecoverable disk error
WARN disk usage 192.168.178.215%
ERROR null pointer in module 192.168.211.158
DEBUG entering function foo
WARN memory threshold reached: 192.168.193.243MB
WARN memory threshold reached: 192.168.229.48MB
DEBUG entering function foo
INFO processed 192.168.189.144 items
DEBUG variable x=192.168.178.215
INFO connection established
DEBUG cache hit for key=192.168.121.141
INFO request from 192.168.215.207
FATAL kernel panic
FATAL kernel panic
FATAL unrecoverable disk error
FATAL unrecoverable disk error
WARN retry attempt 192.168.229.48 for 97891
DEBUG variable x=192.168.107.168
DEBUG cache hit for key=192.168.178.215
FATAL kernel panic
DEBUG entering function foo
DEBUG heap size: 192.168.57.185
WARN memory threshold reached: 192.168.215.207MB
FATAL segfault at address 0x192.168.193.243
INFO processed 192.168.92.139 items
INFO user 192.168.92.139 logged in
INFO connection established
WARN slow query: 192.168.9.50ms
WARN disk usage 192.168.60.30%
WARN retry attempt 192.168.193.243 for 56840
WARN disk usage 192.168.60.30%
DEBUG cache hit for key=192.168.142.104
FATAL segfault at address 0x192.168.178.6
INFO connection established
DEBUG variable x=192.168.92.139
FATAL segfault at address 0x192.168.193.243
WARN disk usage 192.168.178.215%
DEBUG variable x=192.168.142.104
DEBUG heap size: 192.168.142.104
INFO user 192.168.178.6 logged in
WARN slow query: 192.168.197.186ms
ERROR null pointer in module 192.168.57.185
ERROR null pointer in module 192.168.36.209
WARN slow query: 192.168.215.207ms
FATAL unrecoverable disk error
INFO user 192.168.92.139 logged in
DEBUG cache hit for key=192.168.57.185
WARN memory threshold reached: 192.168.197.186MB
FATAL out of memory
WARN retry attempt 192.168.215.207 for 83770
INFO connection established
ERROR connection timeout 503
INFO user 192.168.229.48 logged in
INFO processed 192.168.193.243 items
DEBUG cache hit for key=192.168.60.30
INFO user 192.168.141.220 logged in
FATAL segfault at address 0x192.168.211.158
ERROR file not found: /tmp/192.168.107.168.log
INFO processed 192.168.197.186 items
DEBUG variable x=192.168.60.30
INFO connection established
DEBUG entering function foo
DEBUG cache hit for key=192.168.39.155
WARN memory threshold reached: 192.168.229.48MB
ERROR auth failure for user 192.168.193.243
WARN memory threshold reached: 192.168.229.48MB
INFO user 192.168.219.168 logged in
ERROR null pointer in module 192.168.215.207
FATAL out of memory
FATAL kernel panic
FATAL out of memory
INFO processed 192.168.121.141 items
WARN memory threshold reached: 192.168.107.168MB
INFO request from 192.168.39.155
WARN disk usage 192.168.82.31%
INFO request from 192.168.39.155
DEBUG entering function foo
INFO request from 192.168.189.144
ERROR auth failure for user 192.168.36.209
ERROR connection timeout 503
FATAL segfault at address 0x192.168.60.30
DEBUG cache hit for key=192.168.9.50
DEBUG entering function foo
WARN slow query: 192.168.57.185ms
INFO connection established
ERROR null pointer in module 192.168.211.158
ERROR file not found: /tmp/192.168.219.168.log
DEBUG variable x=192.168.121.141
WARN memory threshold reached: 192.168.178.215MB
ERROR auth failure for user 192.168.142.104
INFO request from 192.168.189.144
DEBUG cache hit for key=192.168.36.209
WARN disk usage 192.168.107.168%
INFO processed 192.168.219.168 items
DEBUG cache hit for key=192.168.121.141
FATAL out of memory
WARN slow query: 192.168.57.185ms
INFO user 192.168.82.31 logged in
WARN memory threshold reached: 192.168.197.186MB
INFO request from 192.168.57.185
ERROR auth failure for user 192.168.57.185
WARN memory threshold reached: 192.168.141.220MB
FATAL kernel panic
INFO connection established
ERROR auth failure for user 192.168.107.168
DEBUG cache hit for key=192.168.197.186
INFO processed 192.168.189.144 items
ERROR connection timeout 503
DEBUG cache hit for key=192.168.82.31
FATAL segfault at address 0x192.168.39.155
INFO connection established
INFO processed 192.168.229.48 items
FATAL unrecoverable disk error
WARN memory threshold reached: 192.168.121.141MB
FATAL out of memory
ERROR auth failure for user 192.168.36.209
FATAL out of memory
INFO user 192.168.141.220 logged in
WARN slow query: 192.168.229.48ms
INFO user 192.168.229.48 logged in
DEBUG cache hit for key=192.168.39.155
WARN disk usage 192.168.197.186%
ERROR connection timeout 503
FATAL segfault at address 0x192.168.189.144
INFO user 192.168.197.186 logged in
FATAL out of memory
FATAL unrecoverable disk error
WARN memory threshold reached: 192.168.215.207MB
INFO user 192.168.211.158 logged in
WARN memory threshold reached: 192.168.219.168MB
INFO processed 192.168.142.104 items
WARN disk usage 192.168.60.30%
WARN memory threshold reached: 192.168.82.31MB
ERROR file not found: /tmp/192.168.36.209.log
INFO connection established
DEBUG entering function foo
WARN disk usage 192.168.39.155%
DEBUG cache hit for key=192.168.193.243
DEBUG entering function foo
WARN retry attempt 192.168.92.139 for 66624
WARN slow query: 192.168.142.104ms
FATAL out of memory
DEBUG heap size: 192.168.57.185
ERROR file not found: /tmp/192.168.211.158.log
INFO user 192.168.229.48 logged in
FATAL unrecoverable disk error
FATAL unrecoverable disk error
DEBUG variable x=192.168.193.243
ERROR null pointer in module 192.168.219.168
FATAL out of memory
DEBUG heap size: 192.168.211.158
WARN disk usage 192.168.215.207%
ERROR connection timeout 503
FATAL unrecoverable disk error
ERROR connection timeout 503
ERROR connection timeout 503
WARN retry attempt 192.168.36.209 for 32842
INFO request from 192.168.121.141
WARN disk usage 192.168.229.48%
FATAL unrecoverable disk error
DEBUG cache hit for key=192.168.82.31
WARN memory threshold reached: 192.168.178.6MB
DEBUG cache hit for key=192.168.197.186
INFO request from 192.168.142.104
DEBUG cache hit for key=192.168.60.30
WARN disk usage 192.168.57.185%
ERROR connection timeout 503
FATAL unrecoverable disk error
WARN memory threshold reached: 192.168.229.48MB
FATAL unrecoverable disk error
ERROR auth failure for user 192.168.141.220
WARN slow query: 192.168.39.155ms
DEBUG entering function foo
ERROR file not found: /tmp/192.168.57.185.log
ERROR connection timeout 503
DEBUG entering function foo
WARN retry attempt 192.168.92.139 for 1229
ERROR null pointer in module 192.168.142.104
WARN memory threshold reached: 192.168.219.168MB
FATAL kernel panic
FATAL kernel panic
FATAL segfault at address 0x192.168.121.141
FATAL unrecoverable disk error
ERROR file not found: /tmp/192.168.60.30.log
INFO connection established
WARN slow query: 192.168.39.155ms
DEBUG heap size: 192.168.9.50
DEBUG variable x=192.168.178.6
WARN memory threshold reached: 192.168.219.168MB
INFO connection established
WARN disk usage 192.168.9.50%
ERROR null pointer in module 192.168.178.6
INFO request from 192.168.193.243
INFO request from 192.168.9.50
ERROR connection timeout 503
INFO processed 192.168.57.185 items
ERROR auth failure for user 192.168.121.141
ERROR file not found: /tmp/192.168.92.139.log
WARN slow query: 192.168.215.207ms
FATAL unrecoverable disk error
FATAL out of memory
WARN disk usage 192.168.197.186%
INFO user 192.168.189.144 logged in
DEBUG cache hit for key=192.168.92.139
WARN retry attempt 192.168.142.104 for 16662
ERROR connection timeout 503
WARN memory threshold reached: 192.168.57.185MB
DEBUG variable x=192.168.107.168
INFO request from 192.168.178.215
INFO processed 192.168.178.6 items
WARN retry attempt 192.168.36.209 for 97354
WARN retry attempt 192.168.197.186 for 37005
WARN retry attempt 192.168.211.158 for 89282
ERROR auth failure for user 192.168.141.220
WARN disk usage 192.168.193.243%
DEBUG entering function foo
WARN retry attempt 192.168.9.50 for 69987
INFO user 192.168.193.243 logged in
WARN retry attempt 192.168.211.158 for 89183
DEBUG heap size: 192.168.36.209
WARN slow query: 192.168.189.144ms
ERROR auth failure for user 192.168.229.48
FATAL unrecoverable disk error
FATAL out of memory
FATAL out of memory
WARN slow query: 192.168.36.209ms
DEBUG variable x=192.168.197.186
FATAL unrecoverable disk error
INFO user 192.168.36.209 logged in
WARN disk usage 192.168.211.158%
WARN slow query: 192.168.211.158ms
WARN memory threshold reached: 192.168.178.215MB
FATAL kernel panic
FATAL segfault at address 0x192.168.57.185
ERROR null pointer in module 192.168.211.158
INFO user 192.168.178.6 logged in
ERROR connection timeout 503
FATAL unrecoverable disk error
FATAL out of memory
INFO processed 192.168.189.144 items
INFO user 192.168.142.104 logged in
INFO user 192.168.82.31 logged in
DEBUG entering function foo
ERROR null pointer in module 192.168.211.158
FATAL out of memory
WARN retry attempt 192.168.36.209 for 80522
WARN slow query: 192.168.36.209ms
FATAL unrecoverable disk error
FATAL out of memory
WARN disk usage 192.168.9.50%
INFO processed 192.168.82.31 items
DEBUG variable x=192.168.178.215
WARN memory threshold reached: 192.168.9.50MB
DEBUG variable x=192.168.107.168
WARN disk usage 192.168.60.30%
DEBUG heap size: 192.168.141.220
DEBUG cache hit for key=192.168.9.50
WARN slow query: 192.168.82.31ms
DEBUG cache hit for key=192.168.189.144
INFO user 192.168.229.48 logged in
WARN memory threshold reached: 192.168.193.243MB
ERROR file not found: /tmp/192.168.178.215.log
ERROR auth failure for user 192.168.57.185
WARN retry attempt 192.168.178.215 for 34983
ERROR connection timeout 503
WARN retry attempt 192.168.211.158 for 66029
INFO processed 192.168.219.168 items
DEBUG entering function foo
FATAL kernel panic
DEBUG entering function foo
INFO request from 192.168.178.6
INFO processed 192.168.92.139 items
DEBUG variable x=192.168.141.220
DEBUG cache hit for key=192.168.82.31
WARN disk usage 192.168.142.104%
DEBUG cache hit for key=192.168.141.220
FATAL out of memory
INFO request from 192.168.36.209
FATAL out of memory
WARN slow query: 192.168.189.144ms
WARN disk usage 192.168.121.141%
DEBUG variable x=192.168.141.220
DEBUG cache hit for key=192.168.121.141
WARN disk usage 192.168.211.158%
INFO user 192.168.193.243 logged in
WARN memory threshold reached: 192.168.215.207MB
FATAL unrecoverable disk error
ERROR null pointer in module 192.168.229.48
INFO processed 192.168.219.168 items
WARN disk usage 192.168.121.141%
DEBUG cache hit for key=192.168.60.30
INFO connection established
WARN memory threshold reached: 192.168.141.220MB
INFO processed 192.168.107.168 items
DEBUG cache hit for key=192.168.229.48
INFO user 192.168.193.243 logged in
FATAL out of memory
ERROR connection timeout 503
INFO connection established
INFO connection established
FATAL out of memory
ERROR null pointer in module 192.168.229.48
FATAL kernel panic
ERROR connection timeout 503
ERROR connection timeout 503
WARN memory threshold reached: 192.168.142.104MB
INFO processed 192.168.215.207 items
WARN disk usage 192.168.39.155%
WARN memory threshold reached: 192.168.36.209MB
ERROR file not found: /tmp/192.168.219.168.log
DEBUG entering function foo
ERROR file not found: /tmp/192.168.211.158.log
ERROR null pointer in module 192.168.9.50
WARN slow query: 192.168.92.139ms
WARN slow query: 192.168.82.31ms
DEBUG variable x=192.168.229.48
DEBUG cache hit for key=192.168.57.185
DEBUG cache hit for key=192.168.193.243
INFO user 192.168.141.220 logged in
DEBUG heap size: 192.168.60.30
INFO user 192.168.107.168 logged in
INFO request from 192.168.229.48
DEBUG variable x=192.168.229.48
ERROR file not found: /tmp/192.168.92.139.log
ERROR connection timeout 503
FATAL kernel panic
INFO request from 192.168.36.209
INFO processed 192.168.197.186 items
WARN disk usage 192.168.36.209%
DEBUG cache hit for key=192.168.92.139
FATAL unrecoverable disk error
FATAL unrecoverable disk error
INFO request from 192.168.215.207
DEBUG entering function foo
DEBUG entering function foo
ERROR file not found: /tmp/192.168.142.104.log
INFO connection established
DEBUG cache hit for key=192.168.36.209
DEBUG variable x=192.168.189.144
ERROR auth failure for user 192.168.82.31
ERROR auth failure for user 192.168.197.186
DEBUG variable x=192.168.219.168
ERROR connection timeout 503
WARN disk usage 192.168.36.209%
ERROR auth failure for user 192.168.92.139
DEBUG entering function foo
FATAL unrecoverable disk error
INFO processed 192.168.178.6 items
WARN disk usage 192.168.215.207%
DEBUG variable x=192.168.215.207
FATAL out of memory
FATAL out of memory
WARN disk usage 192.168.215.207%
FATAL out of memory
FATAL kernel panic
FATAL out of memory
WARN retry attempt 192.168.141.220 for 65361
WARN memory threshold reached: 192.168.36.209MB
INFO connection established
DEBUG entering function foo
DEBUG cache hit for key=192.168.92.139
WARN retry attempt 192.168.215.207 for 20267
WARN disk usage 192.168.57.185%
DEBUG variable x=192.168.39.155
DEBUG cache hit for key=192.168.197.186
DEBUG cache hit for key=192.168.211.158
FATAL kernel panic
INFO user 192.168.178.215 logged in
WARN disk usage 192.168.178.6%
INFO processed 192.168.57.185 items
DEBUG heap size: 192.168.39.155
FATAL out of memory
DEBUG heap size: 192.168.57.185
ERROR null pointer in module 192.168.229.48
ERROR auth failure for user 192.168.215.207
INFO processed 192.168.178.6 items
INFO user 192.168.215.207 logged in
ERROR file not found: /tmp/192.168.197.186.log
FATAL segfault at address 0x192.168.142.104
WARN memory threshold reached: 192.168.215.207MB
INFO request from 192.168.36.209
ERROR null pointer in module 192.168.121.141
ERROR auth failure for user 192.168.36.209
DEBUG heap size: 192.168.189.144
INFO connection established
INFO processed 192.168.219.168 items
ERROR auth failure for user 192.168.92.139
INFO processed 192.168.178.215 items
FATAL unrecoverable disk error
FATAL out of memory
ERROR file not found: /tmp/192.168.215.207.log
FATAL segfault at address 0x192.168.9.50
INFO user 192.168.82.31 logged in
FATAL segfault at address 0x192.168.193.243
INFO processed 192.168.39.155 items
FATAL segfault at address 0x192.168.82.31
WARN slow query: 192.168.178.6ms
ERROR null pointer in module 192.168.9.50
DEBUG variable x=192.168.215.207
DEBUG entering function foo
FATAL segfault at address 0x192.168.57.185
DEBUG cache hit for key=192.168.107.168
INFO connection established
ERROR file not found: /tmp/192.168.121.141.log
ERROR auth failure for user 192.168.39.155
INFO request from 192.168.178.215
FATAL segfault at address 0x192.168.121.141
INFO user 192.168.92.139 logged in
INFO connection established
WARN slow query: 192.168.178.215ms
INFO connection established
FATAL out of memory
INFO processed 192.168.189.144 items
FATAL kernel panic
FATAL segfault at address 0x192.168.197.186
FATAL kernel panic
ERROR null pointer in module 192.168.121.141
WARN retry attempt 192.168.178.6 for 77434
INFO user 192.168.141.220 logged in
ERROR connection timeout 503
INFO user 192.168.219.168 logged in
FATAL kernel panic
FATAL kernel panic
ERROR connection timeout 503
INFO connection established
FATAL unrecoverable disk error
ERROR connection timeout 503
FATAL unrecoverable disk error
FATAL kernel panic
ERROR auth failure for user 192.168.197.186
INFO request from 192.168.142.104
ERROR null pointer in module 192.168.36.209
INFO processed 192.168.219.168 items
DEBUG heap size: 192.168.121.141
DEBUG entering function foo
ERROR file not found: /tmp/192.168.178.6.log
DEBUG variable x=192.168.9.50
FATAL segfault at address 0x192.168.36.209
ERROR connection timeout 503
ERROR auth failure for user 192.168.189.144
INFO connection established
FATAL unrecoverable disk error
FATAL kernel panic
INFO user 192.168.229.48 logged in
WARN memory threshold reached: 192.168.211.158MB
WARN slow query: 192.168.142.104ms
WARN slow query: 192.168.121.141ms
WARN memory threshold reached: 192.168.193.243MB
FATAL out of memory
INFO processed 192.168.121.141 items
ERROR auth failure for user 192.168.197.186
WARN disk usage 192.168.189.144%
INFO user 192.168.36.209 logged in
DEBUG cache hit for key=192.168.197.186
DEBUG entering function foo
ERROR null pointer in module 192.168.57.185
INFO user 192.168.57.185 logged in
WARN memory threshold reached: 192.168.92.139MB
INFO request from 192.168.57.185
FATAL out of memory
DEBUG entering function foo
DEBUG cache hit for key=192.168.39.155
ERROR file not found: /tmp/192.168.36.209.log
WARN slow query: 192.168.36.209ms
WARN disk usage 192.168.9.50%
INFO user 192.168.121.141 logged in
ERROR null pointer in module 192.168.107.168
ERROR auth failure for user 192.168.178.215
DEBUG entering function foo
WARN retry attempt 192.168.39.155 for 99664
INFO user 192.168.178.6 logged in
INFO request from 192.168.92.139
DEBUG heap size: 192.168.193.243
FATAL kernel panic
WARN disk usage 192.168.178.215%
WARN retry attempt 192.168.193.243 for 12962
DEBUG variable x=192.168.141.220
WARN memory threshold reached: 192.168.60.30MB
INFO request from 192.168.57.185
FATAL kernel panic
WARN slow query: 192.168.92.139ms
WARN disk usage 192.168.121.141%
WARN disk usage 192.168.107.168%
WARN memory threshold reached: 192.168.9.50MB
FATAL out of memory
ERROR connection timeout 503
ERROR connection timeout 503
WARN slow query: 192.168.193.243ms
WARN slow query: 192.168.178.215ms
WARN disk usage 192.168.39.155%
INFO request from 192.168.178.6
INFO user 192.168.219.168 logged in
INFO connection established
WARN disk usage 192.168.60.30%
WARN memory threshold reached: 192.168.107.168MB
INFO request from 192.168.193.243
WARN memory threshold reached: 192.168.229.48MB
WARN memory threshold reached: 192.168.229.48MB
ERROR auth failure for user 192.168.141.220
ERROR null pointer in module 192.168.211.158
INFO user 192.168.229.48 logged in
WARN retry attempt 192.168.219.168 for 89870
INFO user 192.168.178.6 logged in
DEBUG heap size: 192.168.36.209
ERROR connection timeout 503
DEBUG cache hit for key=192.168.60.30
DEBUG cache hit for key=192.168.215.207
INFO user 192.168.193.243 logged in
INFO user 192.168.219.168 logged in
ERROR file not found: /tmp/192.168.60.30.log
DEBUG variable x=192.168.178.6
DEBUG variable x=192.168.193.243
INFO user 192.168.197.186 logged in
WARN disk usage 192.168.178.6%
ERROR auth failure for user 192.168.9.50
WARN disk usage 192.168.107.168%
ERROR file not found: /tmp/192.168.219.168.log
INFO processed 192.168.219.168 items
INFO user 192.168.211.158 logged in
ERROR auth failure for user 192.168.141.220
FATAL out of memory
WARN slow query: 192.168.60.30ms
ERROR file not found: /tmp/192.168.189.144.log
INFO processed 192.168.229.48 items
WARN memory threshold reached: 192.168.60.30MB
INFO request from 192.168.215.207
INFO user 192.168.57.185 logged in
ERROR connection timeout 503
DEBUG heap size: 192.168.189.144
ERROR auth failure for user 192.168.9.50
INFO request from 192.168.92.139
INFO user 192.168.189.144 logged in
FATAL segfault at address 0x192.168.39.155
ERROR connection timeout 503
INFO user 192.168.107.168 logged in
INFO request from 192.168.193.243
INFO request from 192.168.178.215
WARN slow query: 192.168.178.215ms
DEBUG entering function foo
DEBUG heap size: 192.168.215.207
WARN slow query: 192.168.92.139ms
DEBUG variable x=192.168.178.6
DEBUG cache hit for key=192.168.211.158
DEBUG entering function foo
ERROR auth failure for user 192.168.39.155
DEBUG cache hit for key=192.168.57.185
DEBUG cache hit for key=192.168.189.144
FATAL unrecoverable disk error
FATAL segfault at address 0x192.168.39.155
WARN retry attempt 192.168.178.6 for 68381
INFO processed 192.168.215.207 items
WARN memory threshold reached: 192.168.189.144MB
INFO processed 192.168.219.168 items
WARN disk usage 192.168.219.168%
FATAL kernel panic
INFO request from 192.168.107.168
INFO user 192.168.36.209 logged in
DEBUG variable x=192.168.193.243
INFO user 192.168.36.209 logged in
FATAL segfault at address 0x192.168.197.186
INFO processed 192.168.189.144 items
WARN disk usage 192.168.189.144%
ERROR file not found: /tmp/192.168.211.158.log
INFO request from 192.168.121.141
WARN slow query: 192.168.57.185ms
FATAL segfault at address 0x192.168.178.215
WARN memory threshold reached: 192.168.121.141MB
WARN memory threshold reached: 192.168.189.144MB
FATAL kernel panic
FATAL kernel panic
DEBUG entering function foo
ERROR null pointer in module 192.168.142.104
INFO user 192.168.60.30 logged in
ERROR file not found: /tmp/192.168.178.215.log
DEBUG cache hit for key=192.168.141.220
INFO request from 192.168.92.139
INFO request from 192.168.60.30
WARN disk usage 192.168.141.220%
DEBUG heap size: 192.168.82.31
WARN slow query: 192.168.193.243ms
FATAL unrecoverable disk error
WARN slow query: 192.168.141.220ms
WARN retry attempt 192.168.193.243 for 31628
ERROR null pointer in module 192.168.121.141
ERROR file not found: /tmp/192.168.219.168.log
ERROR auth failure for user 192.168.142.104
FATAL kernel panic
INFO user 192.168.141.220 logged in
FATAL out of memory
INFO processed 192.168.215.207 items
FATAL out of memory
INFO processed 192.168.107.168 items
FATAL kernel panic
DEBUG heap size: 192.168.9.50
ERROR connection timeout 503
WARN memory threshold reached: 192.168.9.50MB
ERROR connection timeout 503
DEBUG entering function foo
DEBUG variable x=192.168.39.155
INFO connection established
INFO connection established
WARN retry attempt 192.168.211.158 for 95445
FATAL segfault at address 0x192.168.178.6
INFO user 192.168.60.30 logged in
WARN slow query: 192.168.121.141ms
INFO user 192.168.211.158 logged in
FATAL out of memory
INFO processed 192.168.141.220 items
FATAL kernel panic
DEBUG heap size: 192.168.189.144
INFO request from 192.168.57.185
INFO processed 192.168.82.31 items
WARN slow query: 192.168.82.31ms
ERROR connection timeout 503
WARN retry attempt 192.168.92.139 for 53377
ERROR file not found: /tmp/192.168.92.139.log
INFO request from 192.168.211.158
DEBUG entering function foo
ERROR null pointer in module 192.168.141.220
WARN retry attempt 192.168.82.31 for 56146
ERROR file not found: /tmp/192.168.178.215.log
DEBUG variable x=192.168.36.209
INFO processed 192.168.121.141 items
DEBUG heap size: 192.168.193.243
WARN retry attempt 192.168.189.144 for 65791
WARN memory threshold reached: 192.168.57.185MB
DEBUG heap size: 192.168.219.168
WARN disk usage 192.168.60.30%
INFO user 192.168.141.220 logged in
DEBUG entering function foo
WARN slow query: 192.168.107.168ms
FATAL unrecoverable disk error
INFO user 192.168.215.207 logged in
ERROR null pointer in module 192.168.92.139
WARN disk usage 192.168.215.207%
WARN memory threshold reached: 192.168.178.6MB
DEBUG entering function foo
ERROR connection timeout 503
DEBUG variable x=192.168.197.186
WARN retry attempt 192.168.107.168 for 30556
DEBUG entering function foo
DEBUG cache hit for key=192.168.178.215
DEBUG entering function foo
INFO processed 192.168.57.185 items
FATAL out of memory
WARN retry attempt 192.168.178.6 for 86092
INFO connection established
WARN memory threshold reached: 192.168.211.158MB
INFO connection established
WARN slow query: 192.168.39.155ms
DEBUG cache hit for key=192.168.178.215
DEBUG heap size: 192.168.178.6
INFO request from 192.168.57.185
DEBUG entering function foo
ERROR connection timeout 503
FATAL out of memory
ERROR connection timeout 503
FATAL segfault at address 0x192.168.178.6
DEBUG heap size: 192.168.142.104
ERROR connection timeout 503
ERROR connection timeout 503
FATAL kernel panic
DEBUG heap size: 192.168.178.215
ERROR file not found: /tmp/192.168.57.185.log
DEBUG entering function foo
WARN slow query: 192.168.178.6ms
INFO processed 192.168.189.144 items
INFO request from 192.168.193.243
WARN slow query: 192.168.57.185ms
ERROR null pointer in module 192.168.107.168
FATAL segfault at address 0x192.168.197.186
FATAL unrecoverable disk error
DEBUG entering function foo
DEBUG entering function foo
ERROR file not found: /tmp/192.168.9.50.log
DEBUG cache hit for key=192.168.121.141
FATAL kernel panic
ERROR connection timeout 503
INFO connection established
WARN slow query: 192.168.107.168ms
FATAL segfault at address 0x192.168.107.168
ERROR file not found: /tmp/192.168.142.104.log
FATAL segfault at address 0x192.168.141.220
WARN disk usage 192.168.92.139%
DEBUG entering function foo
WARN memory threshold reached: 192.168.92.139MB
ERROR auth failure for user 192.168.57.185
WARN disk usage 192.168.189.144%
ERROR auth failure for user 192.168.57.185
WARN retry attempt 192.168.178.215 for 80934
WARN retry attempt 192.168.121.141 for 63288
INFO processed 192.168.229.48 items
FATAL unrecoverable disk error
ERROR file not found: /tmp/192.168.193.243.log
INFO processed 192.168.121.141 items
WARN memory threshold reached: 192.168.178.6MB
FATAL kernel panic
FATAL kernel panic
INFO connection established
ERROR null pointer in module 192.168.82.31
INFO connection established
FATAL unrecoverable disk error
ERROR auth failure for user 192.168.189.144
DEBUG variable x=192.168.141.220
DEBUG cache hit for key=192.168.189.144
INFO processed 192.168.60.30 items
FATAL out of memory
INFO user 192.168.141.220 logged in
FATAL out of memory
ERROR null pointer in module 192.168.142.104
INFO user 192.168.178.215 logged in
WARN slow query: 192.168.9.50ms
WARN memory threshold reached: 192.168.197.186MB
ERROR file not found: /tmp/192.168.92.139.log
WARN disk usage 192.168.219.168%
WARN slow query: 192.168.107.168ms
FATAL segfault at address 0x192.168.211.158
WARN retry attempt 192.168.107.168 for 54627
DEBUG heap size: 192.168.82.31
INFO user 192.168.142.104 logged in
ERROR file not found: /tmp/192.168.178.6.log
DEBUG entering function foo
INFO request from 192.168.229.48
INFO request from 192.168.229.48
WARN memory threshold reached: 192.168.178.215MB
FATAL out of memory
DEBUG heap size: 192.168.60.30
INFO user 192.168.229.48 logged in
INFO request from 192.168.9.50
ERROR auth failure for user 192.168.36.209
ERROR auth failure for user 192.168.39.155
FATAL segfault at address 0x192.168.219.168
DEBUG variable x=192.168.121.141
ERROR auth failure for user 192.168.60.30
DEBUG heap size: 192.168.36.209
WARN retry attempt 192.168.197.186 for 87195
ERROR file not found: /tmp/192.168.178.215.log
INFO user 192.168.82.31 logged in
WARN retry attempt 192.168.219.168 for 17555
FATAL unrecoverable disk error
FATAL unrecoverable disk error
INFO connection established
DEBUG variable x=192.168.92.139
ERROR file not found: /tmp/192.168.39.155.log
DEBUG heap size: 192.168.60.30
DEBUG heap size: 192.168.36.209
FATAL segfault at address 0x192.168.82.31
WARN slow query: 192.168.141.220ms
INFO connection established
ERROR null pointer in module 192.168.211.158
ERROR file not found: /tmp/192.168.211.158.log
FATAL out of memory
ERROR auth failure for user 192.168.178.215
FATAL out of memory
ERROR null pointer in module 192.168.60.30
FATAL segfault at address 0x192.168.142.104
INFO request from 192.168.142.104
ERROR connection timeout 503
FATAL segfault at address 0x192.168.178.215
WARN retry attempt 192.168.82.31 for 84363
DEBUG cache hit for key=192.168.92.139
WARN disk usage 192.168.9.50%
DEBUG entering function foo
ERROR null pointer in module 192.168.197.186
INFO connection established
DEBUG heap size: 192.168.142.104
DEBUG variable x=192.168.141.220
WARN slow query: 192.168.9.50ms
FATAL out of memory
ERROR file not found: /tmp/192.168.211.158.log
WARN memory threshold reached: 192.168.211.158MB
ERROR file not found: /tmp/192.168.229.48.log
DEBUG heap size: 192.168.92.139
DEBUG variable x=192.168.82.31
ERROR auth failure for user 192.168.178.215
ERROR file not found: /tmp/192.168.57.185.log
DEBUG heap size: 192.168.178.215
ERROR null pointer in module 192.168.219.168
ERROR connection timeout 503
DEBUG heap size: 192.168.142.104
ERROR file not found: /tmp/192.168.178.6.log
INFO connection established
INFO processed 192.168.9.50 items
FATAL kernel panic
FATAL kernel panic
ERROR auth failure for user 192.168.9.50
WARN memory threshold reached: 192.168.142.104MB
WARN disk usage 192.168.60.30%
FATAL segfault at address 0x192.168.215.207
WARN disk usage 192.168.141.220%
ERROR auth failure for user 192.168.219.168
FATAL segfault at address 0x192.168.57.185
FATAL unrecoverable disk error
INFO request from 192.168.141.220
WARN disk usage 192.168.36.209%
ERROR connection timeout 503
INFO connection established
INFO processed 192.168.229.48 items
FATAL kernel panic
INFO user 192.168.121.141 logged in
DEBUG variable x=192.168.82.31
WARN disk usage 192.168.197.186%
INFO user 192.168.178.6 logged in
INFO user 192.168.141.220 logged in
INFO user 192.168.215.207 logged in
FATAL out of memory
FATAL segfault at address 0x192.168.193.243
ERROR file not found: /tmp/192.168.121.141.log
DEBUG cache hit for key=192.168.197.186
FATAL out of memory
WARN memory threshold reached: 192.168.142.104MB
DEBUG entering function foo
ERROR connection timeout 503
FATAL segfault at address 0x192.168.141.220
FATAL unrecoverable disk error
INFO connection established
FATAL kernel panic
ERROR connection timeout 503
FATAL unrecoverable disk error
FATAL unrecoverable disk error
FATAL out of memory
INFO request from 192.168.107.168
ERROR file not found: /tmp/192.168.142.104.log
FATAL out of memory
WARN retry attempt 192.168.39.155 for 95650
ERROR connection timeout 503
FATAL kernel panic
DEBUG entering function foo
FATAL segfault at address 0x192.168.92.139
ERROR connection timeout 503
INFO processed 192.168.178.6 items
INFO processed 192.168.92.139 items
INFO connection established
WARN retry attempt 192.168.141.220 for 84873
FATAL segfault at address 0x192.168.178.6
FATAL out of memory
ERROR null pointer in module 192.168.92.139
ERROR file not found: /tmp/192.168.82.31.log
ERROR null pointer in module 192.168.211.158
FATAL unrecoverable disk error
INFO processed 192.168.193.243 items
INFO connection established
INFO user 192.168.141.220 logged in
WARN retry attempt 192.168.57.185 for 26215
WARN memory threshold reached: 192.168.60.30MB
DEBUG cache hit for key=192.168.60.30
FATAL unrecoverable disk error
INFO connection established
ERROR file not found: /tmp/192.168.189.144.log
ERROR file not found: /tmp/192.168.189.144.log
DEBUG entering function foo
FATAL out of memory
ERROR file not found: /tmp/192.168.178.6.log
ERROR null pointer in module 192.168.107.168
INFO processed 192.168.178.215 items
WARN disk usage 192.168.141.220%
INFO connection established
ERROR auth failure for user 192.168.36.209
WARN memory threshold reached: 192.168.39.155MB
ERROR auth failure for user 192.168.60.30
WARN memory threshold reached: 192.168.219.168MB
WARN retry attempt 192.168.142.104 for 94561
INFO connection established
WARN slow query: 192.168.9.50ms
FATAL unrecoverable disk error
INFO processed 192.168.141.220 items
INFO processed 192.168.189.144 items
WARN retry attempt 192.168.121.141 for 37043
INFO processed 192.168.178.215 items
ERROR null pointer in module 192.168.211.158
INFO user 192.168.141.220 logged in
INFO user 192.168.215.207 logged in
WARN memory threshold reached: 192.168.92.139MB
DEBUG cache hit for key=192.168.92.139
WARN slow query: 192.168.57.185ms
ERROR file not found: /tmp/192.168.39.155.log
FATAL segfault at address 0x192.168.197.186
DEBUG entering function foo
FATAL out of memory
ERROR null pointer in module 192.168.82.31
DEBUG variable x=192.168.36.209
INFO user 192.168.107.168 logged in
WARN memory threshold reached: 192.168.82.31MB
WARN retry attempt 192.168.189.144 for 71913
INFO connection established
FATAL segfault at address 0x192.168.92.139
DEBUG heap size: 192.168.92.139
INFO request from 192.168.178.215
FATAL out of memory
WARN disk usage 192.168.229.48%
ERROR connection timeout 503
INFO connection established
ERROR null pointer in module 192.168.178.215
WARN memory threshold reached: 192.168.36.209MB
DEBUG entering function foo
ERROR file not found: /tmp/192.168.142.104.log
DEBUG variable x=192.168.178.215
DEBUG heap size: 192.168.219.168
ERROR null pointer in module 192.168.211.158
FATAL kernel panic
WARN memory threshold reached: 192.168.178.6MB
INFO request from 192.168.57.185
INFO processed 192.168.9.50 items
WARN memory threshold reached: 192.168.178.215MB
FATAL segfault at address 0x192.168.178.6
FATAL out of memory
ERROR auth failure for user 192.168.178.6
FATAL out of memory
WARN slow query: 192.168.229.48ms
FATAL unrecoverable disk error
DEBUG entering function foo
INFO request from 192.168.92.139
INFO connection established
DEBUG cache hit for key=192.168.39.155
INFO processed 192.168.141.220 items
WARN slow query: 192.168.82.31ms
FATAL segfault at address 0x192.168.142.104
DEBUG heap size: 192.168.82.31
FATAL out of memory
ERROR auth failure for user 192.168.215.207
FATAL segfault at address 0x192.168.211.158
ERROR connection timeout 503
DEBUG heap size: 192.168.219.168
FATAL kernel panic
ERROR null pointer in module 192.168.219.168
WARN slow query: 192.168.142.104ms
DEBUG entering function foo
FATAL unrecoverable disk error
DEBUG entering function foo
INFO connection established
INFO connection established
FATAL unrecoverable disk error
INFO processed 192.168.9.50 items
WARN slow query: 192.168.178.6ms
INFO user 192.168.36.209 logged in
WARN retry attempt 192.168.39.155 for 26082
INFO request from 192.168.107.168
WARN retry attempt 192.168.57.185 for 56687
INFO user 192.168.141.220 logged in
FATAL out of memory
FATAL out of memory
FATAL segfault at address 0x192.168.229.48
FATAL out of memory
DEBUG variable x=192.168.197.186
ERROR null pointer in module 192.168.178.6
DEBUG cache hit for key=192.168.36.209
ERROR auth failure for user 192.168.215.207
INFO connection established
INFO connection established
ERROR auth failure for user 192.168.39.155
FATAL segfault at address 0x192.168.107.168
ERROR file not found: /tmp/192.168.60.30.log
FATAL unrecoverable disk error
ERROR null pointer in module 192.168.60.30
ERROR auth failure for user 192.168.121.141
FATAL kernel panic
INFO request from 192.168.60.30
ERROR connection timeout 503
WARN memory threshold reached: 192.168.211.158MB
WARN slow query: 192.168.60.30ms
INFO processed 192.168.178.6 items
WARN retry attempt 192.168.197.186 for 84121
DEBUG entering function foo
FATAL out of memory
INFO connection established
FATAL kernel panic
FATAL out of memory
FATAL out of memory
FATAL segfault at address 0x192.168.229.48
WARN disk usage 192.168.9.50%
DEBUG cache hit for key=192.168.215.207
INFO user 192.168.9.50 logged in
INFO user 192.168.141.220 logged in
DEBUG cache hit for key=192.168.189.144
INFO request from 192.168.141.220
WARN disk usage 192.168.107.168%
WARN disk usage 192.168.215.207%
WARN disk usage 192.168.92.139%
INFO request from 192.168.219.168
WARN disk usage 192.168.229.48%
INFO user 192.168.82.31 logged in
INFO request from 192.168.211.158
FATAL kernel panic
WARN retry attempt 192.168.57.185 for 986
ERROR file not found: /tmp/192.168.60.30.log
INFO connection established
ERROR file not found: /tmp/192.168.193.243.log
FATAL out of memory
INFO request from 192.168.178.6
INFO processed 192.168.142.104 items
ERROR auth failure for user 192.168.141.220
DEBUG entering function foo
WARN slow query: 192.168.92.139ms
ERROR file not found: /tmp/192.168.60.30.log
ERROR connection timeout 503
FATAL out of memory
ERROR file not found: /tmp/192.168.197.186.log
DEBUG variable x=192.168.189.144
DEBUG entering function foo
INFO processed 192.168.82.31 items
ERROR auth failure for user 192.168.219.168
INFO request from 192.168.215.207
INFO user 192.168.229.48 logged in
INFO connection established
WARN slow query: 192.168.178.6ms
ERROR file not found: /tmp/192.168.36.209.log
WARN slow query: 192.168.189.144ms
WARN disk usage 192.168.121.141%
DEBUG entering function foo
DEBUG variable x=192.168.211.158
DEBUG entering function foo
DEBUG cache hit for key=192.168.193.243
DEBUG cache hit for key=192.168.189.144
FATAL kernel panic
DEBUG cache hit for key=192.168.189.144
DEBUG entering function foo
ERROR file not found: /tmp/192.168.82.31.log
FATAL unrecoverable disk error
DEBUG entering function foo
DEBUG variable x=192.168.121.141
FATAL kernel panic
INFO processed 192.168.9.50 items
FATAL segfault at address 0x192.168.107.168
WARN memory threshold reached: 192.168.219.168MB
ERROR auth failure for user 192.168.82.31
DEBUG cache hit for key=192.168.215.207
WARN disk usage 192.168.141.220%
WARN memory threshold reached: 192.168.9.50MB
ERROR null pointer in module 192.168.60.30
ERROR file not found: /tmp/192.168.229.48.log
FATAL out of memory
WARN memory threshold reached: 192.168.142.104MB
ERROR file not found: /tmp/192.168.82.31.log
FATAL segfault at address 0x192.168.229.48
DEBUG heap size: 192.168.189.144
ERROR connection timeout 503
WARN memory threshold reached: 192.168.9.50MB
WARN memory threshold reached: 192.168.92.139MB
FATAL out of memory
DEBUG variable x=192.168.193.243
FATAL out of memory
ERROR connection timeout 503
ERROR auth failure for user 192.168.178.6
WARN memory threshold reached: 192.168.229.48MB
FATAL kernel panic
INFO connection established
INFO connection established
ERROR auth failure for user 192.168.197.186
INFO user 192.168.189.144 logged in
FATAL out of memory
FATAL kernel panic
ERROR null pointer in module 192.168.142.104
INFO connection established
ERROR file not found: /tmp/192.168.189.144.log
ERROR auth failure for user 192.168.92.139
WARN disk usage 192.168.219.168%
ERROR file not found: /tmp/192.168.36.209.log
FATAL segfault at address 0x192.168.82.31
ERROR null pointer in module 192.168.39.155
DEBUG variable x=192.168.92.139
DEBUG variable x=192.168.9.50
INFO request from 192.168.178.215
ERROR null pointer in module 192.168.121.141
ERROR auth failure for user 192.168.9.50
ERROR null pointer in module 192.168.142.104
INFO processed 192.168.36.209 items
ERROR null pointer in module 192.168.39.155
WARN retry attempt 192.168.197.186 for 67602
FATAL out of memory
FATAL kernel panic
WARN slow query: 192.168.60.30ms
DEBUG entering function foo
ERROR auth failure for user 192.168.197.186
INFO request from 192.168.193.243
ERROR file not found: /tmp/192.168.92.139.log
FATAL unrecoverable disk error
DEBUG cache hit for key=192.168.215.207
WARN disk usage 192.168.189.144%
FATAL out of memory
INFO processed 192.168.229.48 items
ERROR file not found: /tmp/192.168.57.185.log
FATAL out of memory
ERROR auth failure for user 192.168.178.6
FATAL segfault at address 0x192.168.60.30
WARN memory threshold reached: 192.168.178.6MB
INFO processed 192.168.142.104 items
DEBUG cache hit for key=192.168.219.168
WARN disk usage 192.168.60.30%
INFO processed 192.168.219.168 items
INFO connection established
INFO request from 192.168.193.243
ERROR connection timeout 503
ERROR file not found: /tmp/192.168.211.158.log
DEBUG cache hit for key=192.168.197.186
INFO user 192.168.36.209 logged in
INFO user 192.168.60.30 logged in
INFO connection established
DEBUG variable x=192.168.189.144
FATAL unrecoverable disk error
ERROR file not found: /tmp/192.168.219.168.log
DEBUG cache hit for key=192.168.39.155
FATAL kernel panic
INFO connection established
ERROR null pointer in module 192.168.9.50
ERROR null pointer in module 192.168.141.220
ERROR null pointer in module 192.168.39.155
DEBUG variable x=192.168.39.155
INFO request from 192.168.60.30
INFO processed 192.168.60.30 items
ERROR file not found: /tmp/192.168.178.215.log
ERROR auth failure for user 192.168.197.186
WARN retry attempt 192.168.82.31 for 56833
WARN disk usage 192.168.82.31%
ERROR file not found: /tmp/192.168.141.220.log
ERROR auth failure for user 192.168.141.220
ERROR null pointer in module 192.168.142.104
WARN retry attempt 192.168.57.185 for 10359
WARN slow query: 192.168.142.104ms
WARN memory threshold reached: 192.168.229.48MB
WARN memory threshold reached: 192.168.9.50MB
DEBUG variable x=192.168.219.168
DEBUG heap size: 192.168.92.139
FATAL kernel panic
WARN retry attempt 192.168.178.215 for 6176
FATAL kernel panic
DEBUG entering function foo
DEBUG heap size: 192.168.36.209
DEBUG variable x=192.168.178.215
INFO connection established
ERROR file not found: /tmp/192.168.189.144.log
INFO connection established
FATAL unrecoverable disk error
ERROR null pointer in module 192.168.60.30
INFO processed 192.168.60.30 items
DEBUG heap size: 192.168.229.48
INFO connection established
FATAL segfault at address 0x192.168.57.185
DEBUG entering function foo
INFO user 192.168.39.155 logged in
DEBUG entering function foo
DEBUG heap size: 192.168.219.168
FATAL unrecoverable disk error
INFO user 192.168.60.30 logged in
DEBUG variable x=192.168.178.6
WARN memory threshold reached: 192.168.9.50MB
ERROR null pointer in module 192.168.141.220
ERROR null pointer in module 192.168.178.6
DEBUG variable x=192.168.107.168
WARN slow query: 192.168.215.207ms
INFO connection established
DEBUG entering function foo
FATAL kernel panic
ERROR null pointer in module 192.168.9.50
INFO processed 192.168.215.207 items
FATAL out of memory
DEBUG entering function foo
DEBUG cache hit for key=192.168.189.144
WARN slow query: 192.168.178.6ms
FATAL segfault at address 0x192.168.9.50
DEBUG heap size: 192.168.39.155
INFO user 192.168.219.168 logged in
ERROR connection timeout 503
ERROR auth failure for user 192.168.178.6
WARN slow query: 192.168.57.185ms
INFO connection established
ERROR null pointer in module 192.168.142.104
INFO user 192.168.178.215 logged in
WARN memory threshold reached: 192.168.39.155MB
ERROR null pointer in module 192.168.193.243
FATAL unrecoverable disk error
DEBUG heap size: 192.168.39.155
FATAL unrecoverable disk error
INFO processed 192.168.121.141 items
DEBUG variable x=192.168.178.6
WARN disk usage 192.168.189.144%
WARN disk usage 192.168.215.207%
ERROR auth failure for user 192.168.142.104
ERROR null pointer in module 192.168.178.6
ERROR null pointer in module 192.168.57.185
ERROR auth failure for user 192.168.39.155
ERROR connection timeout 503
INFO processed 192.168.178.6 items
DEBUG cache hit for key=192.168.57.185
FATAL out of memory
ERROR null pointer in module 192.168.178.215
DEBUG cache hit for key=192.168.142.104
WARN memory threshold reached: 192.168.215.207MB
FATAL out of memory
DEBUG variable x=192.168.9.50
ERROR connection timeout 503
WARN slow query: 192.168.36.209ms
ERROR auth failure for user 192.168.197.186
ERROR null pointer in module 192.168.193.243
DEBUG entering function foo
WARN retry attempt 192.168.219.168 for 93164
INFO connection established
WARN retry attempt 192.168.9.50 for 11811
WARN disk usage 192.168.36.209%
ERROR null pointer in module 192.168.193.243
WARN retry attempt 192.168.141.220 for 40097
FATAL unrecoverable disk error
DEBUG variable x=192.168.142.104
INFO user 192.168.60.30 logged in
DEBUG heap size: 192.168.39.155
INFO request from 192.168.178.215
INFO connection established
ERROR null pointer in module 192.168.57.185
FATAL segfault at address 0x192.168.219.168
DEBUG entering function foo
DEBUG variable x=192.168.142.104
ERROR connection timeout 503
DEBUG cache hit for key=192.168.142.104
WARN memory threshold reached: 192.168.193.243MB
INFO processed 192.168.141.220 items
WARN disk usage 192.168.9.50%
INFO user 192.168.39.155 logged in
DEBUG heap size: 192.168.121.141
FATAL unrecoverable disk error
ERROR connection timeout 503
DEBUG entering function foo
WARN retry attempt 192.168.215.207 for 44867
ERROR file not found: /tmp/192.168.178.6.log
FATAL out of memory
DEBUG entering function foo
INFO user 192.168.60.30 logged in
FATAL kernel panic
FATAL out of memory
INFO processed 192.168.193.243 items
FATAL out of memory
WARN disk usage 192.168.211.158%
WARN memory threshold reached: 192.168.215.207MB
FATAL unrecoverable disk error
WARN slow query: 192.168.142.104ms
ERROR auth failure for user 192.168.60.30
FATAL out of memory
INFO user 192.168.211.158 logged in
FATAL segfault at address 0x192.168.82.31
DEBUG heap size: 192.168.82.31
INFO request from 192.168.60.30
FATAL out of memory
DEBUG heap size: 192.168.36.209
WARN slow query: 192.168.9.50ms
INFO processed 192.168.39.155 items
INFO connection established
WARN retry attempt 192.168.92.139 for 30997
DEBUG heap size: 192.168.36.209
WARN disk usage 192.168.9.50%
WARN slow query: 192.168.121.141ms
INFO user 192.168.229.48 logged in
FATAL out of memory
ERROR auth failure for user 192.168.107.168
INFO user 192.168.178.6 logged in
INFO processed 192.168.39.155 items
WARN disk usage 192.168.92.139%
ERROR file not found: /tmp/192.168.82.31.log
INFO request from 192.168.215.207
WARN retry attempt 192.168.211.158 for 92896
DEBUG entering function foo
INFO processed 192.168.219.168 items
FATAL segfault at address 0x192.168.142.104
WARN memory threshold reached: 192.168.189.144MB
ERROR file not found: /tmp/192.168.219.168.log
FATAL kernel panic
WARN disk usage 192.168.215.207%
WARN retry attempt 192.168.219.168 for 92009
INFO request from 192.168.57.185
DEBUG cache hit for key=192.168.121.141
FATAL kernel panic
FATAL unrecoverable disk error
ERROR null pointer in module 192.168.211.158
INFO request from 192.168.142.104
FATAL out of memory
INFO processed 192.168.189.144 items
FATAL segfault at address 0x192.168.189.144
ERROR auth failure for user 192.168.60.30
DEBUG heap size: 192.168.215.207
FATAL kernel panic
WARN memory threshold reached: 192.168.211.158MB
DEBUG entering function foo
INFO connection established
FATAL segfault at address 0x192.168.36.209
INFO user 192.168.178.215 logged in
FATAL out of memory
INFO processed 192.168.60.30 items
ERROR auth failure for user 192.168.215.207
INFO user 192.168.121.141 logged in
WARN disk usage 192.168.197.186%
WARN memory threshold reached: 192.168.229.48MB
DEBUG heap size: 192.168.219.168
ERROR auth failure for user 192.168.178.6
FATAL kernel panic
INFO user 192.168.211.158 logged in
ERROR connection timeout 503
FATAL unrecoverable disk error
INFO request from 192.168.60.30
ERROR connection timeout 503
ERROR auth failure for user 192.168.197.186
ERROR auth failure for user 192.168.178.6
DEBUG cache hit for key=192.168.211.158
WARN retry attempt 192.168.229.48 for 45731
INFO processed 192.168.215.207 items
DEBUG entering function foo
INFO request from 192.168.141.220
ERROR file not found: /tmp/192.168.215.207.log
INFO user 192.168.9.50 logged in
INFO user 192.168.57.185 logged in
WARN disk usage 192.168.189.144%
ERROR file not found: /tmp/192.168.107.168.log
DEBUG cache hit for key=192.168.193.243
DEBUG heap size: 192.168.178.215
INFO connection established
INFO request from 192.168.229.48
DEBUG variable x=192.168.57.185
FATAL unrecoverable disk error
INFO user 192.168.9.50 logged in
WARN disk usage 192.168.121.141%
ERROR file not found: /tmp/192.168.178.6.log
FATAL segfault at address 0x192.168.60.30
ERROR connection timeout 503
DEBUG variable x=192.168.142.104
ERROR file not found: /tmp/192.168.197.186.log
FATAL kernel panic
ERROR null pointer in module 192.168.193.243
DEBUG entering function foo
INFO request from 192.168.121.141
WARN slow query: 192.168.39.155ms
DEBUG variable x=192.168.142.104
FATAL out of memory
ERROR connection timeout 503
WARN retry attempt 192.168.60.30 for 10320
INFO connection established
ERROR null pointer in module 192.168.57.185
WARN memory threshold reached: 192.168.189.144MB
FATAL unrecoverable disk error
ERROR auth failure for user 192.168.215.207
WARN retry attempt 192.168.121.141 for 25738
WARN disk usage 192.168.193.243%
DEBUG cache hit for key=192.168.178.6
WARN retry attempt 192.168.219.168 for 79935
DEBUG cache hit for key=192.168.60.30
INFO user 192.168.178.6 logged in
FATAL out of memory
ERROR connection timeout 503
FATAL segfault at address 0x192.168.219.168
FATAL kernel panic
WARN disk usage 192.168.82.31%
DEBUG cache hit for key=192.168.215.207
INFO connection established
FATAL segfault at address 0x192.168.82.31
WARN disk usage 192.168.178.6%
ERROR null pointer in module 192.168.82.31
INFO processed 192.168.189.144 items
FATAL unrecoverable disk error
FATAL out of memory
FATAL unrecoverable disk error
ERROR auth failure for user 192.168.178.215
DEBUG entering function foo
DEBUG heap size: 192.168.92.139
DEBUG cache hit for key=192.168.60.30
ERROR null pointer in module 192.168.60.30
WARN retry attempt 192.168.197.186 for 38718
INFO connection established
WARN retry attempt 192.168.193.243 for 61167
WARN disk usage 192.168.92.139%
INFO processed 192.168.92.139 items
ERROR null pointer in module 192.168.82.31
INFO request from 192.168.219.168
INFO user 192.168.211.158 logged in
FATAL unrecoverable disk error
FATAL out of memory
DEBUG cache hit for key=192.168.189.144
ERROR null pointer in module 192.168.107.168
DEBUG heap size: 192.168.219.168
DEBUG cache hit for key=192.168.193.243
DEBUG entering function foo
FATAL kernel panic
ERROR null pointer in module 192.168.193.243
INFO user 192.168.60.30 logged in
DEBUG entering function foo
FATAL out of memory
WARN slow query: 192.168.121.141ms
DEBUG variable x=192.168.82.31
DEBUG variable x=192.168.82.31
DEBUG variable x=192.168.92.139
ERROR auth failure for user 192.168.142.104
WARN slow query: 192.168.92.139ms
ERROR file not found: /tmp/192.168.121.141.log
ERROR null pointer in module 192.168.82.31
WARN slow query: 192.168.141.220ms
WARN memory threshold reached: 192.168.142.104MB
WARN slow query: 192.168.189.144ms
INFO connection established
ERROR file not found: /tmp/192.168.92.139.log
ERROR connection timeout 503
INFO connection established
INFO processed 192.168.219.168 items
ERROR connection timeout 503
FATAL out of memory
FATAL kernel panic
FATAL unrecoverable disk error
ERROR auth failure for user 192.168.57.185
DEBUG entering function foo
FATAL kernel panic
FATAL unrecoverable disk error
INFO user 192.168.215.207 logged in
ERROR file not found: /tmp/192.168.36.209.log
INFO connection established
FATAL segfault at address 0x192.168.229.48
FATAL segfault at address 0x192.168.36.209
ERROR auth failure for user 192.168.178.6
WARN slow query: 192.168.215.207ms
WARN memory threshold reached: 192.168.197.186MB
INFO processed 192.168.189.144 items
WARN memory threshold reached: 192.168.60.30MB
ERROR null pointer in module 192.168.121.141
ERROR null pointer in module 192.168.82.31
FATAL unrecoverable disk error
INFO user 192.168.197.186 logged in
WARN memory threshold reached: 192.168.142.104MB
DEBUG heap size: 192.168.178.215
WARN memory threshold reached: 192.168.36.209MB
DEBUG heap size: 192.168.82.31
INFO user 192.168.57.185 logged in
FATAL unrecoverable disk error
FATAL unrecoverable disk error
FATAL kernel panic
INFO connection established
WARN slow query: 192.168.142.104ms
FATAL segfault at address 0x192.168.229.48
WARN disk usage 192.168.57.185%
FATAL segfault at address 0x192.168.229.48
WARN memory threshold reached: 192.168.57.185MB
WARN slow query: 192.168.178.215ms
ERROR connection timeout 503
DEBUG variable x=192.168.215.207
INFO user 192.168.121.141 logged in
DEBUG variable x=192.168.9.50
WARN slow query: 192.168.82.31ms
INFO user 192.168.219.168 logged in
FATAL segfault at address 0x192.168.211.158
WARN retry attempt 192.168.211.158 for 23943
INFO user 192.168.60.30 logged in
INFO request from 192.168.193.243
ERROR auth failure for user 192.168.39.155
DEBUG heap size: 192.168.82.31
DEBUG entering function foo
FATAL out of memory
INFO request from 192.168.92.139
FATAL segfault at address 0x192.168.197.186
INFO connection established
INFO processed 192.168.121.141 items
INFO user 192.168.219.168 logged in
WARN retry attempt 192.168.57.185 for 8221
ERROR auth failure for user 192.168.215.207
INFO user 192.168.197.186 logged in
ERROR null pointer in module 192.168.215.207
ERROR auth failure for user 192.168.9.50
FATAL unrecoverable disk error
DEBUG variable x=192.168.9.50
WARN memory threshold reached: 192.168.219.168MB
INFO request from 192.168.92.139
DEBUG cache hit for key=192.168.39.155
DEBUG heap size: 192.168.178.6
DEBUG cache hit for key=192.168.178.215
FATAL out of memory
DEBUG heap size: 192.168.178.6
WARN retry attempt 192.168.39.155 for 56720
WARN slow query: 192.168.215.207ms
DEBUG entering function foo
ERROR auth failure for user 192.168.211.158
FATAL kernel panic
FATAL unrecoverable disk error
ERROR null pointer in module 192.168.189.144
WARN memory threshold reached: 192.168.189.144MB
INFO connection established
FATAL unrecoverable disk error
FATAL out of memory
INFO user 192.168.36.209 logged in
WARN retry attempt 192.168.92.139 for 94042
INFO processed 192.168.197.186 items
DEBUG entering function foo
DEBUG variable x=192.168.107.168
WARN retry attempt 192.168.211.158 for 41025
FATAL segfault at address 0x192.168.178.6
INFO user 192.168.36.209 logged in
FATAL segfault at address 0x192.168.193.243
DEBUG heap size: 192.168.60.30
DEBUG variable x=192.168.219.168
ERROR file not found: /tmp/192.168.107.168.log
ERROR null pointer in module 192.168.215.207
WARN slow query: 192.168.60.30ms
DEBUG cache hit for key=192.168.189.144
INFO processed 192.168.107.168 items
WARN slow query: 192.168.178.215ms
FATAL out of memory
DEBUG heap size: 192.168.142.104
INFO request from 192.168.36.209
WARN disk usage 192.168.60.30%
WARN memory threshold reached: 192.168.39.155MB
INFO request from 192.168.57.185
FATAL kernel panic
DEBUG entering function foo
FATAL out of memory
ERROR null pointer in module 192.168.92.139
DEBUG variable x=192.168.193.243
DEBUG heap size: 192.168.9.50
ERROR auth failure for user 192.168.193.243
INFO user 192.168.9.50 logged in
WARN disk usage 192.168.141.220%
WARN retry attempt 192.168.60.30 for 48380
FATAL segfault at address 0x192.168.215.207
WARN memory threshold reached: 192.168.189.144MB
DEBUG heap size: 192.168.219.168
WARN retry attempt 192.168.60.30 for 35985
DEBUG variable x=192.168.36.209
ERROR connection timeout 503
DEBUG variable x=192.168.189.144
INFO user 192.168.219.168 logged in
FATAL out of memory
FATAL kernel panic
INFO processed 192.168.219.168 items
FATAL segfault at address 0x192.168.92.139
WARN disk usage 192.168.215.207%
DEBUG heap size: 192.168.219.168
ERROR auth failure for user 192.168.92.139
FATAL out of memory
INFO user 192.168.229.48 logged in
INFO user 192.168.178.215 logged in
FATAL out of memory
ERROR connection timeout 503
DEBUG cache hit for key=192.168.92.139
FATAL out of memory
FATAL unrecoverable disk error
DEBUG heap size: 192.168.178.215
FATAL segfault at address 0x192.168.60.30
WARN slow query: 192.168.9.50ms
WARN slow query: 192.168.178.6ms
WARN memory threshold reached: 192.168.121.141MB
FATAL unrecoverable disk error
DEBUG cache hit for key=192.168.178.6
INFO user 192.168.82.31 logged in
FATAL out of memory
FATAL out of memory
DEBUG cache hit for key=192.168.57.185
DEBUG cache hit for key=192.168.142.104
DEBUG cache hit for key=192.168.60.30
INFO request from 192.168.178.6
FATAL out of memory
WARN slow query: 192.168.193.243ms
WARN retry attempt 192.168.219.168 for 48903
ERROR null pointer in module 192.168.39.155
WARN slow query: 192.168.178.215ms
INFO request from 192.168.121.141
ERROR file not found: /tmp/192.168.215.207.log
WARN retry attempt 192.168.60.30 for 32877
ERROR file not found: /tmp/192.168.107.168.log
INFO connection established
ERROR auth failure for user 192.168.178.215
INFO request from 192.168.92.139
INFO user 192.168.229.48 logged in
WARN disk usage 192.168.39.155%
DEBUG entering function foo
INFO connection established
FATAL unrecoverable disk error
FATAL segfault at address 0x192.168.178.215
WARN retry attempt 192.168.36.209 for 51131
ERROR file not found: /tmp/192.168.215.207.log
DEBUG heap size: 192.168.229.48
DEBUG entering function foo
FATAL unrecoverable disk error
WARN disk usage 192.168.141.220%
DEBUG cache hit for key=192.168.141.220
ERROR connection timeout 503
INFO processed 192.168.60.30 items
FATAL out of memory
DEBUG heap size: 192.168.9.50
INFO connection established
FATAL segfault at address 0x192.168.60.30
DEBUG entering function foo
INFO user 192.168.82.31 logged in
FATAL segfault at address 0x192.168.142.104
DEBUG cache hit for key=192.168.57.185
DEBUG variable x=192.168.39.155
ERROR auth failure for user 192.168.197.186
INFO user 192.168.178.215 logged in
ERROR file not found: /tmp/192.168.9.50.log
DEBUG heap size: 192.168.219.168
DEBUG heap size: 192.168.142.104
ERROR file not found: /tmp/192.168.219.168.log
DEBUG entering function foo
FATAL out of memory
DEBUG variable x=192.168.60.30
FATAL segfault at address 0x192.168.121.141
FATAL segfault at address 0x192.168.36.209
DEBUG entering function foo
FATAL kernel panic
INFO processed 192.168.189.144 items
DEBUG variable x=192.168.178.6
ERROR auth failure for user 192.168.178.215
ERROR file not found: /tmp/192.168.9.50.log
ERROR null pointer in module 192.168.82.31
WARN slow query: 192.168.60.30ms
FATAL segfault at address 0x192.168.215.207
WARN slow query: 192.168.39.155ms
INFO user 192.168.36.209 logged in
ERROR null pointer in module 192.168.60.30
FATAL kernel panic
FATAL segfault at address 0x192.168.39.155
FATAL unrecoverable disk error
FATAL kernel panic
WARN disk usage 192.168.211.158%
ERROR file not found: /tmp/192.168.211.158.log
ERROR auth failure for user 192.168.9.50
WARN retry attempt 192.168.39.155 for 21116
ERROR connection timeout 503
WARN slow query: 192.168.215.207ms
FATAL kernel panic
WARN memory threshold reached: 192.168.60.30MB
FATAL out of memory
WARN slow query: 192.168.193.243ms
DEBUG heap size: 192.168.197.186
FATAL out of memory
DEBUG cache hit for key=192.168.178.6
ERROR auth failure for user 192.168.215.207
ERROR null pointer in module 192.168.57.185
WARN retry attempt 192.168.189.144 for 95778
WARN disk usage 192.168.141.220%
WARN slow query: 192.168.219.168ms
FATAL segfault at address 0x192.168.9.50
DEBUG heap size: 192.168.39.155
INFO user 192.168.189.144 logged in
FATAL segfault at address 0x192.168.178.215
ERROR file not found: /tmp/192.168.189.144.log
FATAL unrecoverable disk error
WARN memory threshold reached: 192.168.215.207MB
INFO processed 192.168.36.209 items
INFO request from 192.168.82.31
DEBUG variable x=192.168.178.215
DEBUG variable x=192.168.141.220
ERROR connection timeout 503
WARN disk usage 192.168.121.141%
WARN memory threshold reached: 192.168.57.185MB
INFO connection established
INFO user 192.168.178.215 logged in
WARN disk usage 192.168.211.158%
ERROR auth failure for user 192.168.60.30
FATAL segfault at address 0x192.168.197.186
ERROR null pointer in module 192.168.82.31
WARN slow query: 192.168.39.155ms
FATAL segfault at address 0x192.168.60.30
DEBUG cache hit for key=192.168.82.31
DEBUG variable x=192.168.178.6
WARN slow query: 192.168.92.139ms
INFO request from 192.168.178.6
DEBUG entering function foo
WARN slow query: 192.168.189.144ms
DEBUG entering function foo
FATAL out of memory
INFO user 192.168.39.155 logged in
ERROR file not found: /tmp/192.168.121.141.log
ERROR connection timeout 503
INFO user 192.168.60.30 logged in
FATAL segfault at address 0x192.168.178.6
DEBUG variable x=192.168.121.141
DEBUG heap size: 192.168.229.48
FATAL unrecoverable disk error
INFO processed 192.168.219.168 items
DEBUG heap size: 192.168.121.141
FATAL out of memory
FATAL unrecoverable disk error
FATAL segfault at address 0x192.168.92.139
DEBUG heap size: 192.168.189.144
WARN slow query: 192.168.60.30ms
FATAL unrecoverable disk error
ERROR connection timeout 503
WARN retry attempt 192.168.57.185 for 30347
DEBUG variable x=192.168.197.186
FATAL segfault at address 0x192.168.107.168
ERROR null pointer in module 192.168.215.207
ERROR file not found: /tmp/192.168.178.6.log
ERROR auth failure for user 192.168.36.209
INFO request from 192.168.121.141
WARN retry attempt 192.168.9.50 for 60581
INFO processed 192.168.178.6 items
FATAL out of memory
INFO request from 192.168.121.141
DEBUG cache hit for key=192.168.9.50
WARN disk usage 192.168.219.168%
ERROR file not found: /tmp/192.168.178.6.log
FATAL out of memory
WARN retry attempt 192.168.121.141 for 53194
DEBUG entering function foo
WARN slow query: 192.168.121.141ms
DEBUG variable x=192.168.60.30
DEBUG heap size: 192.168.193.243
ERROR auth failure for user 192.168.121.141
WARN disk usage 192.168.39.155%
FATAL segfault at address 0x192.168.60.30
INFO user 192.168.9.50 logged in
FATAL out of memory
DEBUG entering function foo
WARN disk usage 192.168.9.50%
FATAL segfault at address 0x192.168.39.155
ERROR auth failure for user 192.168.82.31
ERROR connection timeout 503
WARN retry attempt 192.168.92.139 for 33862
DEBUG variable x=192.168.141.220
FATAL segfault at address 0x192.168.211.158
DEBUG heap size: 192.168.197.186
INFO request from 192.168.121.141
WARN memory threshold reached: 192.168.121.141MB
INFO processed 192.168.141.220 items
DEBUG heap size: 192.168.193.243
DEBUG variable x=192.168.107.168
FATAL out of memory
INFO user 192.168.178.6 logged in
WARN slow query: 192.168.178.6ms
WARN disk usage 192.168.57.185%
ERROR file not found: /tmp/192.168.121.141.log
INFO processed 192.168.121.141 items
INFO user 192.168.92.139 logged in
FATAL kernel panic
FATAL segfault at address 0x192.168.107.168
DEBUG entering function foo
DEBUG cache hit for key=192.168.197.186
WARN slow query: 192.168.107.168ms
ERROR connection timeout 503
WARN slow query: 192.168.92.139ms
INFO processed 192.168.60.30 items
INFO connection established
FATAL segfault at address 0x192.168.193.243
WARN memory threshold reached: 192.168.121.141MB
INFO request from 192.168.121.141
WARN retry attempt 192.168.141.220 for 15047
DEBUG cache hit for key=192.168.107.168
DEBUG cache hit for key=192.168.197.186
DEBUG variable x=192.168.39.155
FATAL out of memory
WARN retry attempt 192.168.57.185 for 91941
ERROR file not found: /tmp/192.168.107.168.log
INFO connection established
INFO request from 192.168.36.209
FATAL unrecoverable disk error
INFO request from 192.168.107.168
ERROR auth failure for user 192.168.215.207
DEBUG entering function foo
INFO connection established
FATAL out of memory
ERROR null pointer in module 192.168.121.141
WARN retry attempt 192.168.219.168 for 53357
WARN disk usage 192.168.142.104%
ERROR connection timeout 503
INFO request from 192.168.197.186
DEBUG variable x=192.168.9.50
ERROR file not found: /tmp/192.168.121.141.log
INFO request from 192.168.9.50
ERROR auth failure for user 192.168.107.168
WARN slow query: 192.168.211.158ms
ERROR file not found: /tmp/192.168.211.158.log
FATAL out of memory
FATAL segfault at address 0x192.168.60.30
WARN retry attempt 192.168.121.141 for 82457
INFO processed 192.168.82.31 items
ERROR null pointer in module 192.168.189.144
INFO processed 192.168.229.48 items
FATAL out of memory
DEBUG entering function foo
FATAL segfault at address 0x192.168.141.220
WARN retry attempt 192.168.193.243 for 84395
WARN disk usage 192.168.197.186%
INFO processed 192.168.121.141 items
FATAL segfault at address 0x192.168.9.50
WARN disk usage 192.168.82.31%
FATAL out of memory
DEBUG cache hit for key=192.168.60.30
INFO request from 192.168.211.158
FATAL segfault at address 0x192.168.215.207
ERROR connection timeout 503
INFO processed 192.168.60.30 items
FATAL segfault at address 0x192.168.82.31
ERROR null pointer in module 192.168.211.158
INFO processed 192.168.178.6 items
DEBUG cache hit for key=192.168.178.215
INFO connection established
FATAL kernel panic
DEBUG entering function foo
DEBUG heap size: 192.168.229.48
DEBUG heap size: 192.168.9.50
DEBUG variable x=192.168.193.243
INFO request from 192.168.92.139
DEBUG cache hit for key=192.168.178.215
WARN retry attempt 192.168.229.48 for 34666
WARN disk usage 192.168.36.209%
FATAL kernel panic
ERROR auth failure for user 192.168.9.50
DEBUG cache hit for key=192.168.229.48
DEBUG entering function foo
INFO request from 192.168.39.155
INFO user 192.168.189.144 logged in
FATAL kernel panic
FATAL unrecoverable disk error
DEBUG entering function foo
WARN memory threshold reached: 192.168.178.6MB
ERROR connection timeout 503
DEBUG variable x=192.168.189.144
INFO connection established
WARN memory threshold reached: 192.168.39.155MB
FATAL segfault at address 0x192.168.211.158
INFO connection established
WARN disk usage 192.168.121.141%
INFO connection established
ERROR connection timeout 503
FATAL unrecoverable disk error
INFO user 192.168.189.144 logged in
INFO user 192.168.189.144 logged in
FATAL unrecoverable disk error
ERROR null pointer in module 192.168.178.215
FATAL unrecoverable disk error
INFO request from 192.168.178.6
DEBUG heap size: 192.168.92.139
FATAL out of memory
FATAL out of memory
ERROR connection timeout 503
FATAL unrecoverable disk error
INFO request from 192.168.39.155
WARN memory threshold reached: 192.168.142.104MB
INFO request from 192.168.197.186
INFO request from 192.168.215.207
INFO connection established
DEBUG variable x=192.168.193.243
INFO request from 192.168.57.185
INFO user 192.168.189.144 logged in
INFO user 192.168.60.30 logged in
ERROR connection timeout 503
FATAL kernel panic
FATAL out of memory
FATAL kernel panic
WARN memory threshold reached: 192.168.107.168MB
ERROR null pointer in module 192.168.211.158
WARN slow query: 192.168.142.104ms
WARN memory threshold reached: 192.168.121.141MB
FATAL unrecoverable disk error
INFO connection established
DEBUG cache hit for key=192.168.121.141
ERROR connection timeout 503
INFO processed 192.168.219.168 items
WARN memory threshold reached: 192.168.197.186MB
WARN disk usage 192.168.215.207%
FATAL segfault at address 0x192.168.178.6
FATAL kernel panic
INFO user 192.168.211.158 logged in
FATAL segfault at address 0x192.168.142.104
WARN retry attempt 192.168.39.155 for 66704
WARN slow query: 192.168.178.6ms
FATAL segfault at address 0x192.168.229.48
DEBUG variable x=192.168.141.220
DEBUG entering function foo
WARN disk usage 192.168.142.104%
DEBUG cache hit for key=192.168.9.50
WARN memory threshold reached: 192.168.219.168MB
INFO processed 192.168.142.104 items
INFO connection established
FATAL kernel panic
WARN memory threshold reached: 192.168.82.31MB
ERROR connection timeout 503
ERROR null pointer in module 192.168.82.31
DEBUG variable x=192.168.142.104
FATAL unrecoverable disk error
DEBUG heap size: 192.168.178.6
DEBUG entering function foo
DEBUG entering function foo
WARN memory threshold reached: 192.168.107.168MB
INFO processed 192.168.107.168 items
ERROR connection timeout 503
FATAL unrecoverable disk error
ERROR null pointer in module 192.168.92.139
INFO user 192.168.189.144 logged in
FATAL unrecoverable disk error
INFO request from 192.168.189.144
FATAL unrecoverable disk error
DEBUG entering function foo
ERROR auth failure for user 192.168.219.168
DEBUG entering function foo
WARN slow query: 192.168.215.207ms
INFO connection established
DEBUG entering function foo
INFO processed 192.168.36.209 items
INFO processed 192.168.178.6 items
FATAL out of memory
FATAL segfault at address 0x192.168.142.104
FATAL segfault at address 0x192.168.219.168
WARN disk usage 192.168.82.31%
FATAL out of memory
FATAL kernel panic
FATAL kernel panic
DEBUG variable x=192.168.60.30
FATAL kernel panic
FATAL unrecoverable disk error
WARN slow query: 192.168.141.220ms
ERROR null pointer in module 192.168.178.6
FATAL segfault at address 0x192.168.82.31
WARN slow query: 192.168.57.185ms
ERROR connection timeout 503
FATAL kernel panic
INFO request from 192.168.189.144
ERROR connection timeout 503
INFO connection established
FATAL unrecoverable disk error
WARN disk usage 192.168.178.215%
FATAL unrecoverable disk error
DEBUG variable x=192.168.92.139
FATAL unrecoverable disk error
WARN retry attempt 192.168.219.168 for 79504
INFO user 192.168.60.30 logged in
ERROR null pointer in module 192.168.178.215
DEBUG variable x=192.168.60.30
ERROR file not found: /tmp/192.168.107.168.log
WARN retry attempt 192.168.107.168 for 71690
INFO processed 192.168.60.30 items
FATAL out of memory
WARN disk usage 192.168.121.141%
WARN retry attempt 192.168.121.141 for 61289
INFO request from 192.168.229.48
FATAL out of memory
INFO processed 192.168.39.155 items
FATAL kernel panic
DEBUG heap size: 192.168.107.168
FATAL unrecoverable disk error
WARN slow query: 192.168.189.144ms
FATAL out of memory
FATAL unrecoverable disk error
ERROR auth failure for user 192.168.178.215
DEBUG entering function foo
FATAL unrecoverable disk error
WARN slow query: 192.168.197.186ms
WARN memory threshold reached: 192.168.142.104MB
DEBUG entering function foo
WARN memory threshold reached: 192.168.211.158MB
DEBUG entering function foo
INFO processed 192.168.121.141 items
ERROR auth failure for user 192.168.142.104
WARN memory threshold reached: 192.168.121.141MB
ERROR connection timeout 503
WARN slow query: 192.168.178.6ms
DEBUG variable x=192.168.92.139
INFO processed 192.168.197.186 items
DEBUG entering function foo
WARN slow query: 192.168.142.104ms
INFO processed 192.168.82.31 items
ERROR connection timeout 503
WARN slow query: 192.168.229.48ms
FATAL out of memory
DEBUG variable x=192.168.142.104
FATAL unrecoverable disk error
DEBUG entering function foo
ERROR auth failure for user 192.168.178.6
WARN slow query: 192.168.215.207ms
WARN retry attempt 192.168.178.6 for 96523
DEBUG cache hit for key=192.168.178.215
WARN slow query: 192.168.219.168ms
ERROR file not found: /tmp/192.168.229.48.log
ERROR auth failure for user 192.168.215.207
FATAL out of memory
WARN retry attempt 192.168.178.215 for 74925
WARN slow query: 192.168.60.30ms
DEBUG entering function foo
DEBUG cache hit for key=192.168.39.155
ERROR file not found: /tmp/192.168.39.155.log
INFO connection established
WARN slow query: 192.168.142.104ms
FATAL out of memory
ERROR null pointer in module 192.168.82.31
FATAL segfault at address 0x192.168.229.48
FATAL out of memory
ERROR null pointer in module 192.168.193.243
DEBUG variable x=192.168.215.207
INFO request from 192.168.219.168
INFO user 192.168.219.168 logged in
DEBUG cache hit for key=192.168.92.139
DEBUG variable x=192.168.178.215
ERROR null pointer in module 192.168.142.104
INFO connection established
ERROR file not found: /tmp/192.168.215.207.log
ERROR null pointer in module 192.168.107.168
ERROR null pointer in module 192.168.57.185
INFO user 192.168.107.168 logged in
ERROR file not found: /tmp/192.168.9.50.log
WARN slow query: 192.168.92.139ms
DEBUG cache hit for key=192.168.9.50
ERROR auth failure for user 192.168.39.155
WARN slow query: 192.168.82.31ms
WARN disk usage 192.168.178.215%
ERROR null pointer in module 192.168.39.155
WARN retry attempt 192.168.36.209 for 77192
ERROR connection timeout 503
WARN retry attempt 192.168.142.104 for 19889
FATAL segfault at address 0x192.168.92.139
FATAL out of memory
INFO user 192.168.57.185 logged in
DEBUG cache hit for key=192.168.141.220
FATAL segfault at address 0x192.168.141.220
INFO user 192.168.9.50 logged in
ERROR null pointer in module 192.168.36.209
ERROR connection timeout 503
WARN disk usage 192.168.141.220%
INFO request from 192.168.121.141
WARN disk usage 192.168.189.144%
ERROR connection timeout 503
ERROR auth failure for user 192.168.39.155
WARN disk usage 192.168.142.104%
INFO request from 192.168.39.155
DEBUG heap size: 192.168.9.50
WARN disk usage 192.168.57.185%
WARN retry attempt 192.168.211.158 for 44797
INFO connection established
ERROR file not found: /tmp/192.168.229.48.log
WARN slow query: 192.168.82.31ms
ERROR null pointer in module 192.168.197.186
ERROR auth failure for user 192.168.193.243
ERROR auth failure for user 192.168.107.168
DEBUG cache hit for key=192.168.36.209
ERROR null pointer in module 192.168.9.50
FATAL unrecoverable disk error
INFO user 192.168.178.6 logged in
DEBUG entering function foo
WARN slow query: 192.168.142.104ms
INFO user 192.168.36.209 logged in
FATAL out of memory
ERROR null pointer in module 192.168.36.209
WARN disk usage 192.168.178.6%
DEBUG entering function foo
DEBUG heap size: 192.168.92.139
INFO connection established
FATAL segfault at address 0x192.168.189.144
INFO connection established
ERROR auth failure for user 192.168.39.155
WARN memory threshold reached: 192.168.9.50MB
DEBUG cache hit for key=192.168.39.155
DEBUG entering function foo
ERROR connection timeout 503
FATAL kernel panic
FATAL out of memory
DEBUG cache hit for key=192.168.197.186
ERROR connection timeout 503
ERROR null pointer in module 192.168.211.158
ERROR null pointer in module 192.168.9.50
ERROR auth failure for user 192.168.211.158
ERROR null pointer in module 192.168.107.168
FATAL kernel panic
DEBUG cache hit for key=192.168.215.207
INFO processed 192.168.121.141 items
FATAL unrecoverable disk error
INFO request from 192.168.36.209
INFO connection established
ERROR null pointer in module 192.168.36.209
WARN retry attempt 192.168.211.158 for 43316
ERROR auth failure for user 192.168.193.243
FATAL out of memory
DEBUG cache hit for key=192.168.193.243
ERROR connection timeout 503
DEBUG variable x=192.168.197.186
INFO user 192.168.92.139 logged in
INFO request from 192.168.178.6
INFO user 192.168.211.158 logged in
ERROR file not found: /tmp/192.168.82.31.log
DEBUG variable x=192.168.189.144
WARN retry attempt 192.168.36.209 for 55648
ERROR auth failure for user 192.168.9.50
WARN memory threshold reached: 192.168.197.186MB
FATAL segfault at address 0x192.168.178.6
INFO user 192.168.229.48 logged in
INFO request from 192.168.211.158
ERROR auth failure for user 192.168.189.144
WARN disk usage 192.168.178.215%
FATAL kernel panic
WARN slow query: 192.168.141.220ms
INFO request from 192.168.197.186
FATAL kernel panic
WARN disk usage 192.168.57.185%
INFO user 192.168.9.50 logged in
FATAL segfault at address 0x192.168.141.220
INFO request from 192.168.39.155
DEBUG cache hit for key=192.168.9.50
FATAL kernel panic
FATAL out of memory
INFO user 192.168.82.31 logged in
DEBUG entering function foo
DEBUG entering function foo
INFO connection established
ERROR auth failure for user 192.168.107.168
DEBUG variable x=192.168.178.6
FATAL unrecoverable disk error
WARN memory threshold reached: 192.168.229.48MB
FATAL unrecoverable disk error
WARN retry attempt 192.168.219.168 for 96134
FATAL kernel panic
WARN memory threshold reached: 192.168.211.158MB
DEBUG cache hit for key=192.168.215.207
FATAL out of memory
FATAL unrecoverable disk error
INFO user 192.168.215.207 logged in
DEBUG variable x=192.168.229.48
FATAL segfault at address 0x192.168.211.158
ERROR null pointer in module 192.168.107.168
ERROR connection timeout 503
WARN retry attempt 192.168.211.158 for 92167
DEBUG cache hit for key=192.168.219.168
WARN retry attempt 192.168.215.207 for 49923
FATAL unrecoverable disk error
FATAL segfault at address 0x192.168.189.144
WARN memory threshold reached: 192.168.39.155MB
ERROR connection timeout 503
INFO processed 192.168.193.243 items
FATAL unrecoverable disk error
ERROR connection timeout 503
ERROR auth failure for user 192.168.57.185
DEBUG variable x=192.168.121.141
ERROR null pointer in module 192.168.142.104
DEBUG entering function foo
INFO connection established
INFO processed 192.168.219.168 items
FATAL out of memory
ERROR file not found: /tmp/192.168.121.141.log
WARN slow query: 192.168.229.48ms
WARN disk usage 192.168.121.141%
ERROR null pointer in module 192.168.121.141
ERROR file not found: /tmp/192.168.141.220.log
INFO user 192.168.193.243 logged in
DEBUG variable x=192.168.121.141
DEBUG entering function foo
ERROR file not found: /tmp/192.168.197.186.log
DEBUG variable x=192.168.219.168
WARN disk usage 192.168.189.144%
WARN slow query: 192.168.197.186ms
WARN disk usage 192.168.57.185%
ERROR auth failure for user 192.168.178.6
WARN retry attempt 192.168.142.104 for 30034
INFO user 192.168.215.207 logged in
FATAL kernel panic
FATAL segfault at address 0x192.168.121.141
FATAL segfault at address 0x192.168.9.50
WARN memory threshold reached: 192.168.178.6MB
DEBUG heap size: 192.168.142.104
DEBUG variable x=192.168.9.50
DEBUG heap size: 192.168.60.30
ERROR file not found: /tmp/192.168.39.155.log
DEBUG cache hit for key=192.168.189.144
FATAL unrecoverable disk error
INFO connection established
DEBUG heap size: 192.168.60.30
DEBUG variable x=192.168.57.185
FATAL kernel panic
INFO connection established
FATAL segfault at address 0x192.168.121.141
WARN slow query: 192.168.193.243ms
DEBUG entering function foo
DEBUG variable x=192.168.178.6
FATAL out of memory
INFO request from 192.168.36.209
ERROR auth failure for user 192.168.39.155
DEBUG entering function foo
FATAL unrecoverable disk error
DEBUG entering function foo
DEBUG entering function foo
WARN disk usage 192.168.215.207%
FATAL unrecoverable disk error
WARN memory threshold reached: 192.168.107.168MB
WARN slow query: 192.168.39.155ms
ERROR connection timeout 503
INFO request from 192.168.211.158
FATAL segfault at address 0x192.168.39.155
DEBUG cache hit for key=192.168.219.168
DEBUG heap size: 192.168.189.144
FATAL kernel panic
INFO processed 192.168.9.50 items
INFO processed 192.168.193.243 items
DEBUG heap size: 192.168.60.30
WARN disk usage 192.168.219.168%
WARN slow query: 192.168.121.141ms
DEBUG cache hit for key=192.168.178.6
WARN memory threshold reached: 192.168.229.48MB
WARN retry attempt 192.168.92.139 for 57514
DEBUG cache hit for key=192.168.215.207
DEBUG heap size: 192.168.141.220
ERROR null pointer in module 192.168.215.207
WARN slow query: 192.168.197.186ms
DEBUG cache hit for key=192.168.193.243
ERROR file not found: /tmp/192.168.92.139.log
INFO user 192.168.211.158 logged in
DEBUG heap size: 192.168.141.220
INFO request from 192.168.9.50
ERROR null pointer in module 192.168.211.158
WARN memory threshold reached: 192.168.197.186MB
FATAL kernel panic
FATAL segfault at address 0x192.168.142.104
WARN retry attempt 192.168.178.6 for 4486
WARN slow query: 192.168.82.31ms
INFO user 192.168.60.30 logged in
INFO user 192.168.57.185 logged in
INFO processed 192.168.107.168 items
INFO processed 192.168.36.209 items
DEBUG variable x=192.168.142.104
INFO connection established
ERROR null pointer in module 192.168.215.207
FATAL kernel panic
FATAL out of memory
ERROR file not found: /tmp/192.168.57.185.log
DEBUG cache hit for key=192.168.60.30
DEBUG cache hit for key=192.168.178.215
ERROR auth failure for user 192.168.36.209
INFO processed 192.168.39.155 items
WARN retry attempt 192.168.189.144 for 91883
ERROR auth failure for user 192.168.211.158
DEBUG entering function foo
WARN memory threshold reached: 192.168.229.48MB
FATAL kernel panic
WARN retry attempt 192.168.142.104 for 2397
WARN disk usage 192.168.82.31%
FATAL kernel panic
ERROR connection timeout 503
INFO processed 192.168.9.50 items
WARN retry attempt 192.168.39.155 for 93110
ERROR connection timeout 503
DEBUG entering function foo
INFO user 192.168.211.158 logged in
DEBUG heap size: 192.168.121.141
WARN disk usage 192.168.39.155%
WARN slow query: 192.168.197.186ms
ERROR null pointer in module 192.168.189.144
WARN retry attempt 192.168.9.50 for 1599
DEBUG entering function foo
WARN retry attempt 192.168.57.185 for 61549
ERROR file not found: /tmp/192.168.189.144.log
DEBUG entering function foo
INFO request from 192.168.141.220
WARN slow query: 192.168.82.31ms
ERROR null pointer in module 192.168.197.186
ERROR auth failure for user 192.168.121.141
ERROR auth failure for user 192.168.36.209
INFO request from 192.168.82.31
FATAL segfault at address 0x192.168.57.185
FATAL unrecoverable disk error
FATAL out of memory
ERROR file not found: /tmp/192.168.197.186.log
ERROR auth failure for user 192.168.211.158
FATAL kernel panic
DEBUG cache hit for key=192.168.121.141
FATAL out of memory
INFO user 192.168.60.30 logged in
ERROR connection timeout 503
ERROR auth failure for user 192.168.178.215
DEBUG cache hit for key=192.168.219.168
FATAL kernel panic
INFO user 192.168.229.48 logged in
INFO processed 192.168.193.243 items
DEBUG heap size: 192.168.178.6
FATAL unrecoverable disk error
DEBUG variable x=192.168.141.220
WARN slow query: 192.168.219.168ms
WARN disk usage 192.168.92.139%
WARN memory threshold reached: 192.168.189.144MB
FATAL segfault at address 0x192.168.121.141
ERROR file not found: /tmp/192.168.36.209.log
ERROR auth failure for user 192.168.39.155
ERROR null pointer in module 192.168.178.215
INFO processed 192.168.229.48 items
ERROR null pointer in module 192.168.193.243
FATAL segfault at address 0x192.168.197.186
WARN disk usage 192.168.60.30%
FATAL segfault at address 0x192.168.57.185
FATAL segfault at address 0x192.168.189.144
INFO connection established
INFO request from 192.168.215.207
DEBUG heap size: 192.168.178.215
DEBUG heap size: 192.168.39.155
FATAL kernel panic
ERROR null pointer in module 192.168.39.155
INFO processed 192.168.211.158 items
ERROR connection timeout 503
DEBUG heap size: 192.168.36.209
DEBUG cache hit for key=192.168.211.158
INFO connection established
INFO connection established
FATAL out of memory
FATAL unrecoverable disk error
DEBUG heap size: 192.168.82.31
INFO user 192.168.189.144 logged in
FATAL kernel panic
FATAL unrecoverable disk error
ERROR connection timeout 503
WARN memory threshold reached: 192.168.82.31MB
DEBUG cache hit for key=192.168.9.50
FATAL segfault at address 0x192.168.189.144
DEBUG cache hit for key=192.168.82.31
INFO processed 192.168.193.243 items
ERROR null pointer in module 192.168.121.141
WARN slow query: 192.168.219.168ms
WARN disk usage 192.168.211.158%
FATAL segfault at address 0x192.168.60.30
INFO user 192.168.57.185 logged in
INFO user 192.168.178.6 logged in
ERROR null pointer in module 192.168.178.6
ERROR connection timeout 503
FATAL out of memory
ERROR auth failure for user 192.168.193.243
DEBUG variable x=192.168.9.50
WARN retry attempt 192.168.36.209 for 4947
DEBUG variable x=192.168.60.30
INFO processed 192.168.107.168 items
DEBUG variable x=192.168.82.31
FATAL segfault at address 0x192.168.57.185
INFO connection established
INFO request from 192.168.57.185
FATAL kernel panic
FATAL unrecoverable disk error
INFO connection established
ERROR file not found: /tmp/192.168.57.185.log
ERROR file not found: /tmp/192.168.178.215.log
DEBUG entering function foo
INFO request from 192.168.189.144
FATAL segfault at address 0x192.168.60.30
WARN memory threshold reached: 192.168.107.168MB
WARN slow query: 192.168.193.243ms
FATAL segfault at address 0x192.168.193.243
WARN retry attempt 192.168.211.158 for 50065
INFO user 192.168.178.215 logged in
FATAL unrecoverable disk error
WARN memory threshold reached: 192.168.219.168MB
ERROR connection timeout 503
DEBUG heap size: 192.168.197.186
WARN slow query: 192.168.82.31ms
FATAL unrecoverable disk error
DEBUG heap size: 192.168.121.141
ERROR connection timeout 503
DEBUG cache hit for key=192.168.39.155
ERROR null pointer in module 192.168.178.215
FATAL kernel panic
WARN memory threshold reached: 192.168.57.185MB
FATAL out of memory
ERROR auth failure for user 192.168.39.155
WARN memory threshold reached: 192.168.189.144MB
INFO processed 192.168.142.104 items
WARN disk usage 192.168.92.139%
ERROR file not found: /tmp/192.168.178.215.log
WARN retry attempt 192.168.60.30 for 5738
ERROR connection timeout 503
INFO user 192.168.60.30 logged in
DEBUG heap size: 192.168.219.168
DEBUG heap size: 192.168.178.6
FATAL out of memory
WARN slow query: 192.168.142.104ms
DEBUG cache hit for key=192.168.107.168
WARN slow query: 192.168.197.186ms
FATAL kernel panic
INFO user 192.168.107.168 logged in
FATAL kernel panic
WARN disk usage 192.168.82.31%
FATAL segfault at address 0x192.168.193.243
ERROR file not found: /tmp/192.168.36.209.log
ERROR connection timeout 503
FATAL unrecoverable disk error
ERROR file not found: /tmp/192.168.141.220.log
DEBUG entering function foo
DEBUG variable x=192.168.211.158
FATAL kernel panic
DEBUG variable x=192.168.211.158
WARN memory threshold reached: 192.168.36.209MB
WARN memory threshold reached: 192.168.229.48MB
INFO user 192.168.82.31 logged in
FATAL kernel panic
INFO connection established
ERROR connection timeout 503
FATAL kernel panic
ERROR connection timeout 503
WARN disk usage 192.168.193.243%
ERROR file not found: /tmp/192.168.215.207.log
FATAL unrecoverable disk error
DEBUG heap size: 192.168.60.30
WARN disk usage 192.168.197.186%
DEBUG cache hit for key=192.168.215.207
DEBUG entering function foo
DEBUG entering function foo
ERROR connection timeout 503
DEBUG heap size: 192.168.215.207
INFO connection established
WARN slow query: 192.168.121.141ms
FATAL out of memory
WARN retry attempt 192.168.141.220 for 38529
WARN disk usage 192.168.9.50%
DEBUG variable x=192.168.107.168
DEBUG heap size: 192.168.107.168
ERROR file not found: /tmp/192.168.57.185.log
WARN memory threshold reached: 192.168.211.158MB
WARN retry attempt 192.168.142.104 for 57827
WARN memory threshold reached: 192.168.107.168MB
DEBUG cache hit for key=192.168.36.209
FATAL segfault at address 0x192.168.36.209
INFO request from 192.168.142.104
FATAL segfault at address 0x192.168.36.209
FATAL out of memory
FATAL unrecoverable disk error
INFO user 192.168.60.30 logged in
WARN retry attempt 192.168.60.30 for 68722
DEBUG heap size: 192.168.82.31
WARN retry attempt 192.168.121.141 for 34523
DEBUG variable x=192.168.9.50
INFO processed 192.168.211.158 items
DEBUG variable x=192.168.215.207
DEBUG heap size: 192.168.193.243
INFO processed 192.168.219.168 items
ERROR null pointer in module 192.168.39.155
WARN disk usage 192.168.178.215%
ERROR auth failure for user 192.168.197.186
ERROR null pointer in module 192.168.36.209
ERROR null pointer in module 192.168.193.243
DEBUG entering function foo
FATAL unrecoverable disk error
DEBUG variable x=192.168.92.139
FATAL out of memory
DEBUG cache hit for key=192.168.178.215
ERROR auth failure for user 192.168.141.220
INFO request from 192.168.189.144
INFO request from 192.168.39.155
DEBUG entering function foo
WARN slow query: 192.168.189.144ms
DEBUG variable x=192.168.57.185
DEBUG entering function foo
WARN disk usage 192.168.189.144%
INFO request from 192.168.229.48
WARN disk usage 192.168.141.220%
ERROR auth failure for user 192.168.142.104
WARN slow query: 192.168.178.6ms
INFO connection established
DEBUG variable x=192.168.219.168
WARN retry attempt 192.168.82.31 for 12712
WARN slow query: 192.168.60.30ms
DEBUG cache hit for key=192.168.178.215
INFO processed 192.168.39.155 items
ERROR null pointer in module 192.168.121.141
DEBUG cache hit for key=192.168.189.144
DEBUG heap size: 192.168.215.207
INFO connection established
WARN slow query: 192.168.229.48ms
WARN disk usage 192.168.215.207%
FATAL segfault at address 0x192.168.142.104
FATAL unrecoverable disk error
INFO processed 192.168.82.31 items
DEBUG entering function foo
WARN memory threshold reached: 192.168.215.207MB
INFO user 192.168.92.139 logged in
DEBUG heap size: 192.168.211.158
INFO request from 192.168.82.31
ERROR file not found: /tmp/192.168.215.207.log
ERROR file not found: /tmp/192.168.219.168.log
WARN disk usage 192.168.215.207%
FATAL unrecoverable disk error
ERROR auth failure for user 192.168.60.30
ERROR null pointer in module 192.168.178.6
INFO processed 192.168.197.186 items
DEBUG entering function foo
WARN disk usage 192.168.82.31%
FATAL unrecoverable disk error
ERROR file not found: /tmp/192.168.219.168.log
WARN memory threshold reached: 192.168.92.139MB
DEBUG variable x=192.168.189.144
ERROR connection timeout 503
FATAL kernel panic
INFO processed 192.168.141.220 items
DEBUG heap size: 192.168.211.158
INFO request from 192.168.193.243
FATAL segfault at address 0x192.168.211.158
DEBUG cache hit for key=192.168.39.155
FATAL unrecoverable disk error
INFO connection established
WARN disk usage 192.168.197.186%
ERROR file not found: /tmp/192.168.219.168.log
WARN retry attempt 192.168.141.220 for 87924
WARN memory threshold reached: 192.168.39.155MB
DEBUG variable x=192.168.193.243
INFO processed 192.168.211.158 items
INFO request from 192.168.229.48
WARN disk usage 192.168.39.155%
ERROR null pointer in module 192.168.178.6
WARN disk usage 192.168.82.31%
DEBUG cache hit for key=192.168.189.144
DEBUG variable x=192.168.142.104
FATAL segfault at address 0x192.168.92.139
WARN memory threshold reached: 192.168.193.243MB
WARN memory threshold reached: 192.168.36.209MB
ERROR file not found: /tmp/192.168.82.31.log
INFO user 192.168.193.243 logged in
INFO connection established
WARN slow query: 192.168.57.185ms
DEBUG entering function foo
INFO processed 192.168.178.6 items
ERROR null pointer in module 192.168.193.243
FATAL segfault at address 0x192.168.36.209
INFO processed 192.168.193.243 items
FATAL kernel panic
FATAL out of memory
FATAL out of memory
INFO connection established
INFO connection established
FATAL segfault at address 0x192.168.121.141
DEBUG heap size: 192.168.178.215
DEBUG cache hit for key=192.168.60.30
WARN slow query: 192.168.229.48ms
DEBUG variable x=192.168.141.220
INFO request from 192.168.82.31
DEBUG entering function foo
ERROR file not found: /tmp/192.168.215.207.log
ERROR connection timeout 503
DEBUG variable x=192.168.60.30
ERROR null pointer in module 192.168.39.155
FATAL kernel panic
DEBUG cache hit for key=192.168.60.30
FATAL segfault at address 0x192.168.211.158
WARN retry attempt 192.168.121.141 for 1944
ERROR connection timeout 503
WARN retry attempt 192.168.142.104 for 90439
DEBUG cache hit for key=192.168.178.215
DEBUG cache hit for key=192.168.36.209
DEBUG entering function foo
FATAL unrecoverable disk error
DEBUG heap size: 192.168.60.30
ERROR auth failure for user 192.168.211.158
DEBUG cache hit for key=192.168.197.186
INFO request from 192.168.215.207
WARN memory threshold reached: 192.168.39.155MB
WARN memory threshold reached: 192.168.107.168MB
WARN retry attempt 192.168.142.104 for 26192
INFO request from 192.168.9.50
FATAL out of memory
DEBUG entering function foo
DEBUG variable x=192.168.229.48
WARN retry attempt 192.168.142.104 for 11722
WARN memory threshold reached: 192.168.107.168MB
ERROR auth failure for user 192.168.9.50
WARN memory threshold reached: 192.168.178.6MB
DEBUG variable x=192.168.215.207
DEBUG entering function foo
ERROR file not found: /tmp/192.168.57.185.log
DEBUG cache hit for key=192.168.178.215
DEBUG cache hit for key=192.168.197.186
WARN disk usage 192.168.197.186%
ERROR connection timeout 503
DEBUG variable x=192.168.142.104
ERROR connection timeout 503
FATAL kernel panic
DEBUG entering function foo
WARN disk usage 192.168.60.30%
DEBUG heap size: 192.168.197.186
WARN disk usage 192.168.121.141%
WARN slow query: 192.168.39.155ms
ERROR auth failure for user 192.168.36.209
INFO connection established
WARN disk usage 192.168.178.215%
DEBUG cache hit for key=192.168.57.185
INFO request from 192.168.39.155
INFO processed 192.168.141.220 items
FATAL segfault at address 0x192.168.82.31
WARN retry attempt 192.168.178.215 for 93932
WARN disk usage 192.168.9.50%
DEBUG heap size: 192.168.178.6
DEBUG variable x=192.168.142.104
WARN disk usage 192.168.57.185%
INFO connection established
INFO request from 192.168.9.50
DEBUG heap size: 192.168.92.139
DEBUG variable x=192.168.82.31
ERROR file not found: /tmp/192.168.141.220.log
INFO connection established
DEBUG cache hit for key=192.168.193.243
INFO connection established
INFO connection established
ERROR connection timeout 503
WARN retry attempt 192.168.197.186 for 43657
FATAL kernel panic
FATAL out of memory
WARN memory threshold reached: 192.168.9.50MB
DEBUG variable x=192.168.82.31
FATAL kernel panic
DEBUG heap size: 192.168.211.158
WARN retry attempt 192.168.141.220 for 81765
INFO processed 192.168.211.158 items
WARN retry attempt 192.168.178.215 for 13131
WARN slow query: 192.168.219.168ms
DEBUG cache hit for key=192.168.197.186
WARN retry attempt 192.168.141.220 for 13883
INFO connection established
INFO processed 192.168.36.209 items
WARN retry attempt 192.168.219.168 for 35204
DEBUG heap size: 192.168.60.30
FATAL segfault at address 0x192.168.219.168
WARN disk usage 192.168.141.220%
INFO processed 192.168.36.209 items
DEBUG entering function foo
DEBUG variable x=192.168.60.30
INFO connection established
ERROR file not found: /tmp/192.168.121.141.log
WARN disk usage 192.168.141.220%
DEBUG entering function foo
ERROR null pointer in module 192.168.39.155
WARN retry attempt 192.168.9.50 for 17986
INFO user 192.168.60.30 logged in
DEBUG heap size: 192.168.229.48
FATAL unrecoverable disk error
ERROR file not found: /tmp/192.168.60.30.log
INFO request from 192.168.142.104
FATAL kernel panic
DEBUG entering function foo
WARN memory threshold reached: 192.168.219.168MB
INFO processed 192.168.219.168 items
INFO processed 192.168.189.144 items
INFO connection established
INFO connection established
DEBUG cache hit for key=192.168.193.243
WARN slow query: 192.168.121.141ms
FATAL out of memory
ERROR null pointer in module 192.168.189.144
ERROR null pointer in module 192.168.197.186
FATAL out of memory
ERROR null pointer in module 192.168.178.215
DEBUG variable x=192.168.57.185
FATAL kernel panic
WARN disk usage 192.168.219.168%
WARN slow query: 192.168.189.144ms
FATAL kernel panic
DEBUG cache hit for key=192.168.229.48
FATAL unrecoverable disk error
WARN retry attempt 192.168.92.139 for 447
FATAL segfault at address 0x192.168.178.215
WARN slow query: 192.168.189.144ms
FATAL out of memory
WARN slow query: 192.168.142.104ms
WARN disk usage 192.168.36.209%
INFO request from 192.168.141.220
WARN disk usage 192.168.9.50%
INFO user 192.168.193.243 logged in
FATAL out of memory
ERROR auth failure for user 192.168.9.50
INFO connection established
DEBUG cache hit for key=192.168.92.139
WARN memory threshold reached: 192.168.121.141MB
INFO request from 192.168.193.243
DEBUG entering function foo
INFO connection established
FATAL unrecoverable disk error
WARN memory threshold reached: 192.168.142.104MB
FATAL segfault at address 0x192.168.229.48
ERROR auth failure for user 192.168.219.168
DEBUG entering function foo
ERROR null pointer in module 192.168.141.220
ERROR connection timeout 503
WARN retry attempt 192.168.211.158 for 51303
WARN slow query: 192.168.142.104ms
INFO connection established
DEBUG variable x=192.168.211.158
INFO user 192.168.178.215 logged in
WARN disk usage 192.168.9.50%
FATAL segfault at address 0x192.168.219.168
INFO request from 192.168.189.144
DEBUG cache hit for key=192.168.39.155
INFO user 192.168.82.31 logged in
FATAL out of memory
WARN memory threshold reached: 192.168.60.30MB
INFO connection established
FATAL segfault at address 0x192.168.193.243
WARN memory threshold reached: 192.168.39.155MB
ERROR file not found: /tmp/192.168.141.220.log
WARN disk usage 192.168.141.220%
WARN disk usage 192.168.193.243%
FATAL kernel panic
WARN retry attempt 192.168.57.185 for 31894
DEBUG variable x=192.168.57.185
INFO connection established
INFO user 192.168.92.139 logged in
WARN memory threshold reached: 192.168.142.104MB
INFO connection established
WARN memory threshold reached: 192.168.211.158MB
INFO request from 192.168.219.168
DEBUG cache hit for key=192.168.141.220
FATAL kernel panic
INFO connection established
INFO user 192.168.142.104 logged in
WARN slow query: 192.168.121.141ms
WARN slow query: 192.168.36.209ms
FATAL segfault at address 0x192.168.142.104
DEBUG heap size: 192.168.9.50
INFO user 192.168.107.168 logged in
INFO user 192.168.178.6 logged in
FATAL out of memory
INFO request from 192.168.219.168
INFO user 192.168.57.185 logged in
ERROR file not found: /tmp/192.168.211.158.log
INFO user 192.168.178.215 logged in
ERROR file not found: /tmp/192.168.107.168.log
ERROR auth failure for user 192.168.121.141
WARN slow query: 192.168.178.6ms
ERROR auth failure for user 192.168.141.220
ERROR auth failure for user 192.168.39.155
FATAL out of memory
DEBUG cache hit for key=192.168.36.209
WARN retry attempt 192.168.178.6 for 55146
FATAL unrecoverable disk error
DEBUG entering function foo
ERROR file not found: /tmp/192.168.211.158.log
ERROR auth failure for user 192.168.178.215
INFO request from 192.168.142.104
FATAL unrecoverable disk error
INFO processed 192.168.215.207 items
DEBUG heap size: 192.168.219.168
DEBUG entering function foo
FATAL kernel panic
ERROR auth failure for user 192.168.82.31
WARN disk usage 192.168.107.168%
ERROR null pointer in module 192.168.178.6
INFO request from 192.168.178.215
FATAL out of memory
DEBUG cache hit for key=192.168.36.209
DEBUG heap size: 192.168.178.6
FATAL unrecoverable disk error
DEBUG cache hit for key=192.168.60.30
FATAL kernel panic
INFO user 192.168.189.144 logged in
INFO connection established
DEBUG cache hit for key=192.168.178.215
WARN slow query: 192.168.82.31ms
INFO request from 192.168.60.30
FATAL segfault at address 0x192.168.178.6
ERROR connection timeout 503
WARN retry attempt 192.168.215.207 for 1502
ERROR file not found: /tmp/192.168.178.6.log
DEBUG cache hit for key=192.168.39.155
INFO user 192.168.193.243 logged in
ERROR auth failure for user 192.168.142.104
WARN disk usage 192.168.121.141%
WARN memory threshold reached: 192.168.107.168MB
INFO request from 192.168.142.104
DEBUG cache hit for key=192.168.9.50
DEBUG heap size: 192.168.9.50
INFO processed 192.168.36.209 items
FATAL segfault at address 0x192.168.189.144
DEBUG entering function foo
FATAL kernel panic
DEBUG heap size: 192.168.9.50
ERROR null pointer in module 192.168.141.220
INFO processed 192.168.141.220 items
ERROR null pointer in module 192.168.57.185
FATAL unrecoverable disk error
WARN memory threshold reached: 192.168.178.6MB
DEBUG entering function foo
DEBUG variable x=192.168.57.185
DEBUG entering function foo
INFO user 192.168.189.144 logged in
WARN retry attempt 192.168.36.209 for 48011
DEBUG variable x=192.168.92.139
DEBUG heap size: 192.168.57.185
ERROR connection timeout 503
DEBUG variable x=192.168.215.207
ERROR connection timeout 503
WARN disk usage 192.168.57.185%
INFO processed 192.168.189.144 items
INFO processed 192.168.142.104 items
WARN disk usage 192.168.178.215%
FATAL kernel panic
FATAL unrecoverable disk error
INFO user 192.168.197.186 logged in
DEBUG entering function foo
INFO processed 192.168.197.186 items
INFO connection established
ERROR file not found: /tmp/192.168.121.141.log
FATAL kernel panic
DEBUG entering function foo
FATAL kernel panic
FATAL segfault at address 0x192.168.60.30
DEBUG entering function foo
DEBUG entering function foo
FATAL segfault at address 0x192.168.211.158
ERROR null pointer in module 192.168.60.30
ERROR null pointer in module 192.168.107.168
INFO request from 192.168.219.168
DEBUG heap size: 192.168.229.48
INFO processed 192.168.142.104 items
DEBUG variable x=192.168.60.30
INFO connection established
FATAL unrecoverable disk error
WARN retry attempt 192.168.178.6 for 90654
FATAL out of memory
WARN retry attempt 192.168.229.48 for 40485
WARN slow query: 192.168.39.155ms
FATAL segfault at address 0x192.168.193.243
WARN memory threshold reached: 192.168.60.30MB
DEBUG cache hit for key=192.168.178.6
DEBUG heap size: 192.168.219.168
ERROR null pointer in module 192.168.141.220
INFO user 192.168.39.155 logged in
ERROR file not found: /tmp/192.168.39.155.log
FATAL out of memory
WARN slow query: 192.168.39.155ms
DEBUG variable x=192.168.219.168
DEBUG entering function foo
FATAL kernel panic
INFO processed 192.168.193.243 items
ERROR connection timeout 503
DEBUG variable x=192.168.36.209
DEBUG entering function foo
FATAL segfault at address 0x192.168.57.185
WARN memory threshold reached: 192.168.9.50MB
DEBUG variable x=192.168.107.168
WARN retry attempt 192.168.36.209 for 61256
DEBUG variable x=192.168.82.31
DEBUG variable x=192.168.178.6
DEBUG heap size: 192.168.92.139
FATAL segfault at address 0x192.168.211.158
ERROR file not found: /tmp/192.168.36.209.log
FATAL out of memory
FATAL kernel panic
FATAL kernel panic
INFO connection established
FATAL out of memory
INFO connection established
WARN memory threshold reached: 192.168.178.215MB
INFO request from 192.168.92.139
FATAL out of memory
ERROR null pointer in module 192.168.57.185
WARN retry attempt 192.168.197.186 for 48134
ERROR auth failure for user 192.168.229.48
WARN retry attempt 192.168.9.50 for 48030
INFO processed 192.168.121.141 items
WARN memory threshold reached: 192.168.121.141MB
INFO request from 192.168.36.209
FATAL segfault at address 0x192.168.142.104
DEBUG variable x=192.168.141.220
DEBUG entering function foo
FATAL segfault at address 0x192.168.178.6
DEBUG heap size: 192.168.142.104
ERROR file not found: /tmp/192.168.215.207.log
FATAL unrecoverable disk error
WARN slow query: 192.168.57.185ms
FATAL kernel panic
FATAL kernel panic
DEBUG heap size: 192.168.92.139
ERROR file not found: /tmp/192.168.92.139.log
WARN slow query: 192.168.82.31ms
INFO request from 192.168.60.30
WARN retry attempt 192.168.178.6 for 13858
ERROR null pointer in module 192.168.57.185
DEBUG cache hit for key=192.168.142.104
INFO request from 192.168.189.144
WARN memory threshold reached: 192.168.178.215MB
DEBUG cache hit for key=192.168.219.168
DEBUG entering function foo
DEBUG cache hit for key=192.168.219.168
DEBUG cache hit for key=192.168.92.139
INFO user 192.168.36.209 logged in
FATAL segfault at address 0x192.168.178.6
FATAL unrecoverable disk error
WARN slow query: 192.168.219.168ms
ERROR auth failure for user 192.168.107.168
INFO request from 192.168.60.30
DEBUG variable x=192.168.121.141
INFO connection established
WARN disk usage 192.168.9.50%
ERROR connection timeout 503
INFO request from 192.168.39.155
FATAL out of memory
INFO user 192.168.39.155 logged in
ERROR file not found: /tmp/192.168.92.139.log
ERROR null pointer in module 192.168.39.155
ERROR null pointer in module 192.168.57.185
FATAL kernel panic
WARN retry attempt 192.168.141.220 for 80191
DEBUG entering function foo
DEBUG cache hit for key=192.168.142.104
FATAL out of memory
INFO processed 192.168.142.104 items
ERROR auth failure for user 192.168.197.186
DEBUG heap size: 192.168.229.48
DEBUG entering function foo
DEBUG variable x=192.168.36.209
DEBUG heap size: 192.168.121.141
ERROR file not found: /tmp/192.168.121.141.log
WARN retry attempt 192.168.219.168 for 42020
INFO request from 192.168.57.185
ERROR connection timeout 503
ERROR auth failure for user 192.168.36.209
INFO connection established
DEBUG heap size: 192.168.36.209
ERROR file not found: /tmp/192.168.189.144.log
INFO processed 192.168.60.30 items
ERROR connection timeout 503
FATAL out of memory
DEBUG variable x=192.168.92.139
DEBUG variable x=192.168.60.30
INFO connection established
ERROR file not found: /tmp/192.168.82.31.log
FATAL unrecoverable disk error
ERROR connection timeout 503
DEBUG variable x=192.168.9.50
WARN memory threshold reached: 192.168.39.155MB
WARN disk usage 192.168.107.168%
INFO connection established
WARN disk usage 192.168.121.141%
ERROR auth failure for user 192.168.9.50
FATAL kernel panic
INFO request from 192.168.189.144
INFO request from 192.168.82.31
INFO user 192.168.36.209 logged in
DEBUG cache hit for key=192.168.197.186
WARN retry attempt 192.168.121.141 for 86420
WARN memory threshold reached: 192.168.215.207MB
INFO connection established
INFO user 192.168.82.31 logged in
INFO user 192.168.141.220 logged in
ERROR null pointer in module 192.168.39.155
WARN retry attempt 192.168.39.155 for 86789
INFO user 192.168.215.207 logged in
WARN memory threshold reached: 192.168.39.155MB
DEBUG cache hit for key=192.168.193.243
FATAL unrecoverable disk error
ERROR file not found: /tmp/192.168.92.139.log
WARN slow query: 192.168.142.104ms
FATAL unrecoverable disk error
INFO request from 192.168.121.141
DEBUG heap size: 192.168.57.185
DEBUG entering function foo
DEBUG cache hit for key=192.168.189.144
WARN slow query: 192.168.211.158ms
DEBUG entering function foo
DEBUG variable x=192.168.57.185
FATAL kernel panic
FATAL out of memory
ERROR null pointer in module 192.168.211.158
WARN memory threshold reached: 192.168.178.215MB
FATAL kernel panic
FATAL out of memory
INFO request from 192.168.215.207
ERROR null pointer in module 192.168.193.243
DEBUG variable x=192.168.39.155
DEBUG entering function foo
FATAL kernel panic
INFO request from 192.168.142.104
FATAL segfault at address 0x192.168.57.185
INFO connection established
DEBUG heap size: 192.168.229.48
DEBUG variable x=192.168.39.155
FATAL unrecoverable disk error
INFO connection established
INFO connection established
WARN disk usage 192.168.141.220%
DEBUG entering function foo
WARN disk usage 192.168.60.30%
INFO request from 192.168.211.158
DEBUG variable x=192.168.57.185
WARN retry attempt 192.168.178.215 for 86170
FATAL kernel panic
WARN disk usage 192.168.229.48%
WARN retry attempt 192.168.57.185 for 52061
FATAL segfault at address 0x192.168.92.139
FATAL segfault at address 0x192.168.39.155
FATAL out of memory
INFO connection established
ERROR null pointer in module 192.168.121.141
DEBUG heap size: 192.168.121.141
DEBUG heap size: 192.168.141.220
FATAL unrecoverable disk error
INFO user 192.168.142.104 logged in
WARN disk usage 192.168.142.104%
FATAL kernel panic
DEBUG heap size: 192.168.141.220
ERROR auth failure for user 192.168.189.144
DEBUG variable x=192.168.215.207
WARN retry attempt 192.168.197.186 for 36713
DEBUG variable x=192.168.141.220
DEBUG heap size: 192.168.141.220
FATAL unrecoverable disk error
DEBUG entering function foo
DEBUG cache hit for key=192.168.141.220
WARN disk usage 192.168.121.141%
FATAL out of memory
INFO processed 192.168.178.215 items
INFO processed 192.168.57.185 items
WARN slow query: 192.168.197.186ms
INFO processed 192.168.178.215 items
FATAL segfault at address 0x192.168.82.31
INFO connection established
ERROR connection timeout 503
WARN disk usage 192.168.142.104%
INFO request from 192.168.197.186
WARN retry attempt 192.168.229.48 for 71717
ERROR auth failure for user 192.168.39.155
ERROR null pointer in module 192.168.178.215
ERROR file not found: /tmp/192.168.229.48.log
DEBUG variable x=192.168.178.6
WARN disk usage 192.168.178.215%
INFO connection established
FATAL unrecoverable disk error
ERROR connection timeout 503
ERROR connection timeout 503
WARN disk usage 192.168.9.50%
INFO connection established
INFO request from 192.168.211.158
WARN slow query: 192.168.9.50ms
INFO request from 192.168.36.209
FATAL segfault at address 0x192.168.211.158
FATAL kernel panic
INFO request from 192.168.229.48
FATAL out of memory
INFO connection established
WARN retry attempt 192.168.121.141 for 375
ERROR connection timeout 503
DEBUG variable x=192.168.92.139
WARN slow query: 192.168.142.104ms
ERROR connection timeout 503
WARN retry attempt 192.168.219.168 for 31796
INFO connection established
ERROR file not found: /tmp/192.168.141.220.log
FATAL segfault at address 0x192.168.39.155
INFO connection established
ERROR auth failure for user 192.168.82.31
ERROR auth failure for user 192.168.193.243
DEBUG heap size: 192.168.178.6
DEBUG entering function foo
FATAL segfault at address 0x192.168.9.50
WARN retry attempt 192.168.142.104 for 199
ERROR file not found: /tmp/192.168.39.155.log
INFO connection established
FATAL out of memory
WARN disk usage 192.168.121.141%
ERROR file not found: /tmp/192.168.229.48.log
FATAL kernel panic
DEBUG entering function foo
ERROR null pointer in module 192.168.229.48
DEBUG heap size: 192.168.211.158
INFO connection established
DEBUG variable x=192.168.178.6
DEBUG entering function foo
ERROR file not found: /tmp/192.168.9.50.log
ERROR auth failure for user 192.168.9.50
WARN slow query: 192.168.121.141ms
INFO connection established
FATAL out of memory
ERROR connection timeout 503
ERROR auth failure for user 192.168.60.30
INFO request from 192.168.82.31
INFO request from 192.168.36.209
INFO user 192.168.82.31 logged in
WARN disk usage 192.168.57.185%
ERROR connection timeout 503
WARN retry attempt 192.168.36.209 for 9415
DEBUG cache hit for key=192.168.107.168
ERROR null pointer in module 192.168.211.158
ERROR connection timeout 503
DEBUG heap size: 192.168.211.158
ERROR auth failure for user 192.168.9.50
WARN disk usage 192.168.189.144%
FATAL segfault at address 0x192.168.178.6
WARN retry attempt 192.168.197.186 for 18551
FATAL unrecoverable disk error
INFO user 192.168.189.144 logged in
DEBUG variable x=192.168.178.215
WARN slow query: 192.168.107.168ms
DEBUG variable x=192.168.189.144
DEBUG cache hit for key=192.168.215.207
ERROR file not found: /tmp/192.168.197.186.log
WARN retry attempt 192.168.39.155 for 36871
ERROR null pointer in module 192.168.92.139
DEBUG entering function foo
FATAL kernel panic
ERROR file not found: /tmp/192.168.57.185.log
WARN disk usage 192.168.193.243%
WARN slow query: 192.168.215.207ms
WARN slow query: 192.168.229.48ms
ERROR null pointer in module 192.168.9.50
DEBUG entering function foo
ERROR connection timeout 503
WARN disk usage 192.168.92.139%
FATAL unrecoverable disk error
ERROR null pointer in module 192.168.57.185
WARN memory threshold reached: 192.168.39.155MB
WARN retry attempt 192.168.60.30 for 98670
INFO processed 192.168.141.220 items
WARN slow query: 192.168.82.31ms
WARN disk usage 192.168.142.104%
ERROR connection timeout 503
FATAL unrecoverable disk error
DEBUG heap size: 192.168.107.168
DEBUG heap size: 192.168.229.48
INFO connection established
FATAL unrecoverable disk error
FATAL kernel panic
FATAL kernel panic
ERROR auth failure for user 192.168.107.168
ERROR auth failure for user 192.168.193.243
WARN memory threshold reached: 192.168.141.220MB
DEBUG cache hit for key=192.168.60.30
ERROR auth failure for user 192.168.178.215
INFO request from 192.168.36.209
WARN slow query: 192.168.178.215ms
DEBUG cache hit for key=192.168.57.185
INFO request from 192.168.219.168
ERROR null pointer in module 192.168.141.220
DEBUG heap size: 192.168.178.6
WARN disk usage 192.168.141.220%
WARN memory threshold reached: 192.168.219.168MB
FATAL out of memory
ERROR null pointer in module 192.168.142.104
INFO user 192.168.82.31 logged in
INFO connection established
INFO request from 192.168.82.31
INFO user 192.168.82.31 logged in
DEBUG entering function foo
FATAL out of memory
ERROR auth failure for user 192.168.9.50
ERROR file not found: /tmp/192.168.193.243.log
FATAL kernel panic
WARN slow query: 192.168.60.30ms
INFO processed 192.168.178.6 items
DEBUG variable x=192.168.193.243
ERROR null pointer in module 192.168.197.186
DEBUG cache hit for key=192.168.92.139
WARN slow query: 192.168.229.48ms
INFO request from 192.168.141.220
INFO connection established
WARN slow query: 192.168.92.139ms
INFO user 192.168.9.50 logged in
ERROR connection timeout 503
FATAL out of memory
ERROR auth failure for user 192.168.189.144
FATAL out of memory
WARN retry attempt 192.168.9.50 for 29426
ERROR null pointer in module 192.168.219.168
DEBUG variable x=192.168.211.158
DEBUG entering function foo
FATAL kernel panic
FATAL segfault at address 0x192.168.141.220
ERROR connection timeout 503
ERROR connection timeout 503
DEBUG cache hit for key=192.168.178.215
DEBUG variable x=192.168.82.31
INFO request from 192.168.219.168
ERROR file not found: /tmp/192.168.121.141.log
DEBUG heap size: 192.168.142.104
DEBUG heap size: 192.168.36.209
FATAL unrecoverable disk error
FATAL segfault at address 0x192.168.219.168
ERROR file not found: /tmp/192.168.219.168.log
FATAL out of memory
INFO processed 192.168.229.48 items
ERROR auth failure for user 192.168.178.6
WARN memory threshold reached: 192.168.178.215MB
WARN slow query: 192.168.82.31ms
WARN memory threshold reached: 192.168.178.215MB
DEBUG variable x=192.168.36.209
DEBUG heap size: 192.168.189.144
DEBUG cache hit for key=192.168.60.30
ERROR null pointer in module 192.168.219.168
WARN retry attempt 192.168.57.185 for 7434
DEBUG entering function foo
FATAL kernel panic
WARN slow query: 192.168.197.186ms
INFO processed 192.168.142.104 items
FATAL kernel panic
FATAL kernel panic
INFO connection established
ERROR connection timeout 503
INFO processed 192.168.197.186 items
DEBUG entering function foo
FATAL kernel panic
FATAL kernel panic
ERROR file not found: /tmp/192.168.57.185.log
INFO user 192.168.141.220 logged in
WARN retry attempt 192.168.219.168 for 75814
FATAL out of memory
DEBUG heap size: 192.168.107.168
FATAL segfault at address 0x192.168.229.48
ERROR file not found: /tmp/192.168.219.168.log
INFO processed 192.168.36.209 items
FATAL out of memory
ERROR null pointer in module 192.168.9.50
DEBUG variable x=192.168.92.139
DEBUG heap size: 192.168.36.209
WARN memory threshold reached: 192.168.57.185MB
FATAL segfault at address 0x192.168.215.207
INFO request from 192.168.219.168
WARN memory threshold reached: 192.168.189.144MB
FATAL segfault at address 0x192.168.229.48
FATAL out of memory
FATAL kernel panic
ERROR file not found: /tmp/192.168.178.6.log
INFO processed 192.168.9.50 items
ERROR null pointer in module 192.168.193.243
DEBUG entering function foo
INFO processed 192.168.142.104 items
WARN disk usage 192.168.92.139%
WARN disk usage 192.168.36.209%
ERROR file not found: /tmp/192.168.57.185.log
WARN disk usage 192.168.9.50%
ERROR connection timeout 503
INFO connection established
WARN disk usage 192.168.219.168%
DEBUG entering function foo
ERROR auth failure for user 192.168.178.6
WARN retry attempt 192.168.229.48 for 96378
FATAL unrecoverable disk error
WARN disk usage 192.168.219.168%
FATAL kernel panic
WARN disk usage 192.168.39.155%
DEBUG heap size: 192.168.215.207
ERROR auth failure for user 192.168.211.158
DEBUG cache hit for key=192.168.60.30
INFO processed 192.168.57.185 items
FATAL unrecoverable disk error
WARN disk usage 192.168.57.185%
WARN slow query: 192.168.178.215ms
WARN slow query: 192.168.9.50ms
FATAL out of memory
ERROR connection timeout 503
DEBUG cache hit for key=192.168.92.139
INFO processed 192.168.141.220 items
DEBUG variable x=192.168.92.139
DEBUG entering function foo
FATAL out of memory
INFO processed 192.168.219.168 items
ERROR auth failure for user 192.168.107.168
FATAL out of memory
WARN retry attempt 192.168.219.168 for 35498
INFO processed 192.168.92.139 items
ERROR connection timeout 503
ERROR file not found: /tmp/192.168.9.50.log
INFO user 192.168.60.30 logged in
WARN memory threshold reached: 192.168.215.207MB
FATAL out of memory
ERROR null pointer in module 192.168.197.186
WARN retry attempt 192.168.39.155 for 20295
FATAL out of memory
DEBUG heap size: 192.168.178.215
INFO connection established
DEBUG variable x=192.168.141.220
ERROR file not found: /tmp/192.168.178.215.log
ERROR null pointer in module 192.168.219.168
ERROR file not found: /tmp/192.168.215.207.log
ERROR null pointer in module 192.168.9.50
INFO connection established
DEBUG entering function foo
WARN slow query: 192.168.219.168ms
WARN memory threshold reached: 192.168.197.186MB
DEBUG heap size: 192.168.82.31
ERROR connection timeout 503
ERROR connection timeout 503
WARN disk usage 192.168.121.141%
INFO connection established
DEBUG variable x=192.168.193.243
DEBUG entering function foo
FATAL unrecoverable disk error
ERROR auth failure for user 192.168.219.168
INFO connection established
INFO user 192.168.219.168 logged in
FATAL unrecoverable disk error
ERROR connection timeout 503
ERROR auth failure for user 192.168.197.186
INFO connection established
FATAL out of memory
DEBUG entering function foo
ERROR connection timeout 503
FATAL kernel panic
INFO connection established
WARN retry attempt 192.168.82.31 for 43636
WARN memory threshold reached: 192.168.229.48MB
INFO request from 192.168.121.141
DEBUG variable x=192.168.82.31
WARN slow query: 192.168.197.186ms
FATAL out of memory
ERROR file not found: /tmp/192.168.178.6.log
FATAL out of memory
ERROR file not found: /tmp/192.168.36.209.log
DEBUG variable x=192.168.39.155
ERROR auth failure for user 192.168.141.220
DEBUG entering function foo
FATAL kernel panic
FATAL kernel panic
ERROR connection timeout 503
INFO connection established
FATAL unrecoverable disk error
ERROR file not found: /tmp/192.168.60.30.log
FATAL kernel panic
DEBUG variable x=192.168.197.186
INFO request from 192.168.178.215
DEBUG heap size: 192.168.60.30
FATAL unrecoverable disk error
WARN memory threshold reached: 192.168.189.144MB
FATAL out of memory
ERROR connection timeout 503
FATAL kernel panic
DEBUG cache hit for key=192.168.219.168
DEBUG cache hit for key=192.168.9.50
DEBUG variable x=192.168.229.48
FATAL unrecoverable disk error
ERROR auth failure for user 192.168.60.30
WARN disk usage 192.168.215.207%
ERROR auth failure for user 192.168.193.243
FATAL segfault at address 0x192.168.141.220
INFO user 192.168.141.220 logged in
WARN memory threshold reached: 192.168.141.220MB
ERROR connection timeout 503
INFO request from 192.168.121.141
WARN disk usage 192.168.178.215%
DEBUG cache hit for key=192.168.121.141
FATAL out of memory
ERROR file not found: /tmp/192.168.193.243.log
DEBUG variable x=192.168.193.243
FATAL kernel panic
FATAL out of memory
WARN memory threshold reached: 192.168.229.48MB
DEBUG variable x=192.168.193.243
WARN disk usage 192.168.107.168%
INFO processed 192.168.219.168 items
FATAL kernel panic
ERROR null pointer in module 192.168.107.168
ERROR file not found: /tmp/192.168.82.31.log
ERROR auth failure for user 192.168.39.155
ERROR auth failure for user 192.168.92.139
FATAL out of memory
INFO processed 192.168.219.168 items
INFO connection established
FATAL out of memory
INFO user 192.168.197.186 logged in
FATAL out of memory
INFO request from 192.168.92.139
FATAL unrecoverable disk error
ERROR auth failure for user 192.168.39.155
INFO processed 192.168.9.50 items
WARN slow query: 192.168.193.243ms
ERROR connection timeout 503
FATAL unrecoverable disk error
ERROR file not found: /tmp/192.168.36.209.log
FATAL segfault at address 0x192.168.178.6
INFO processed 192.168.229.48 items
DEBUG variable x=192.168.57.185
WARN disk usage 192.168.36.209%
DEBUG heap size: 192.168.229.48
FATAL unrecoverable disk error
FATAL kernel panic
DEBUG cache hit for key=192.168.39.155
INFO processed 192.168.193.243 items
WARN retry attempt 192.168.82.31 for 62732
ERROR connection timeout 503
DEBUG entering function foo
ERROR connection timeout 503
DEBUG entering function foo
WARN retry attempt 192.168.211.158 for 53745
DEBUG heap size: 192.168.215.207
ERROR connection timeout 503
WARN slow query: 192.168.189.144ms
WARN disk usage 192.168.219.168%
WARN retry attempt 192.168.178.215 for 16868
DEBUG heap size: 192.168.142.104
WARN memory threshold reached: 192.168.82.31MB
INFO connection established
INFO connection established
WARN memory threshold reached: 192.168.107.168MB
ERROR null pointer in module 192.168.92.139
WARN disk usage 192.168.189.144%
ERROR null pointer in module 192.168.142.104
FATAL unrecoverable disk error
FATAL unrecoverable disk error
ERROR auth failure for user 192.168.57.185
WARN disk usage 192.168.57.185%
FATAL segfault at address 0x192.168.36.209
DEBUG heap size: 192.168.82.31
DEBUG variable x=192.168.178.6
ERROR connection timeout 503
FATAL out of memory
ERROR auth failure for user 192.168.178.215
ERROR null pointer in module 192.168.219.168
DEBUG variable x=192.168.142.104
WARN disk usage 192.168.178.215%
DEBUG cache hit for key=192.168.82.31
ERROR auth failure for user 192.168.178.215
WARN memory threshold reached: 192.168.121.141MB
INFO connection established
FATAL kernel panic
FATAL segfault at address 0x192.168.211.158
WARN retry attempt 192.168.193.243 for 95319
DEBUG variable x=192.168.57.185
DEBUG variable x=192.168.178.215
FATAL out of memory
WARN memory threshold reached: 192.168.92.139MB
DEBUG cache hit for key=192.168.92.139
DEBUG variable x=192.168.178.215
ERROR connection timeout 503
ERROR file not found: /tmp/192.168.60.30.log
WARN disk usage 192.168.107.168%
INFO processed 192.168.107.168 items
INFO connection established
WARN slow query: 192.168.92.139ms
WARN retry attempt 192.168.219.168 for 97601
DEBUG heap size: 192.168.39.155
ERROR connection timeout 503
WARN slow query: 192.168.141.220ms
DEBUG entering function foo
FATAL kernel panic
WARN slow query: 192.168.178.215ms
INFO processed 192.168.189.144 items
INFO user 192.168.57.185 logged in
WARN disk usage 192.168.60.30%
DEBUG cache hit for key=192.168.36.209
DEBUG cache hit for key=192.168.193.243
ERROR null pointer in module 192.168.211.158
DEBUG variable x=192.168.142.104
WARN retry attempt 192.168.189.144 for 24786
INFO connection established
FATAL out of memory
ERROR null pointer in module 192.168.39.155
ERROR null pointer in module 192.168.178.6
DEBUG variable x=192.168.39.155
FATAL segfault at address 0x192.168.229.48
INFO processed 192.168.141.220 items
WARN disk usage 192.168.36.209%
WARN disk usage 192.168.107.168%
ERROR connection timeout 503
INFO request from 192.168.36.209
ERROR connection timeout 503
ERROR file not found: /tmp/192.168.57.185.log
ERROR connection timeout 503
ERROR connection timeout 503
DEBUG variable x=192.168.39.155
DEBUG cache hit for key=192.168.107.168
DEBUG variable x=192.168.141.220
WARN retry attempt 192.168.142.104 for 68598
FATAL out of memory
DEBUG heap size: 192.168.211.158
DEBUG cache hit for key=192.168.197.186
DEBUG variable x=192.168.197.186
ERROR auth failure for user 192.168.121.141
ERROR file not found: /tmp/192.168.57.185.log
ERROR file not found: /tmp/192.168.189.144.log
WARN slow query: 192.168.178.215ms
FATAL out of memory
FATAL out of memory
DEBUG entering function foo
INFO request from 192.168.36.209
WARN disk usage 192.168.219.168%
DEBUG heap size: 192.168.142.104
ERROR connection timeout 503
INFO connection established
INFO user 192.168.39.155 logged in
INFO request from 192.168.193.243
ERROR file not found: /tmp/192.168.60.30.log
INFO user 192.168.142.104 logged in
ERROR null pointer in module 192.168.178.215
INFO processed 192.168.219.168 items
WARN memory threshold reached: 192.168.9.50MB
FATAL segfault at address 0x192.168.141.220
WARN retry attempt 192.168.178.215 for 49006
DEBUG variable x=192.168.197.186
FATAL out of memory
INFO connection established
ERROR connection timeout 503
ERROR auth failure for user 192.168.142.104
DEBUG variable x=192.168.9.50
DEBUG heap size: 192.168.189.144
ERROR null pointer in module 192.168.39.155
FATAL unrecoverable disk error
INFO connection established
ERROR connection timeout 503
ERROR auth failure for user 192.168.57.185
FATAL unrecoverable disk error
INFO request from 192.168.60.30
DEBUG entering function foo
INFO request from 192.168.9.50
DEBUG entering function foo
ERROR null pointer in module 192.168.57.185
ERROR auth failure for user 192.168.178.6
FATAL out of memory
INFO processed 192.168.197.186 items
INFO request from 192.168.178.6
FATAL unrecoverable disk error
INFO request from 192.168.141.220
FATAL out of memory
INFO user 192.168.193.243 logged in
INFO request from 192.168.141.220
WARN disk usage 192.168.219.168%
WARN retry attempt 192.168.141.220 for 61053
ERROR file not found: /tmp/192.168.189.144.log
DEBUG cache hit for key=192.168.60.30
FATAL segfault at address 0x192.168.193.243
FATAL out of memory
WARN memory threshold reached: 192.168.189.144MB
ERROR file not found: /tmp/192.168.57.185.log
FATAL out of memory
DEBUG entering function foo
ERROR null pointer in module 192.168.211.158
INFO user 192.168.9.50 logged in
ERROR null pointer in module 192.168.107.168
DEBUG variable x=192.168.92.139
INFO processed 192.168.193.243 items
DEBUG variable x=192.168.219.168
DEBUG variable x=192.168.92.139
ERROR file not found: /tmp/192.168.141.220.log
WARN retry attempt 192.168.142.104 for 89988
INFO processed 192.168.142.104 items
DEBUG heap size: 192.168.189.144
ERROR auth failure for user 192.168.39.155
ERROR file not found: /tmp/192.168.9.50.log
FATAL out of memory
DEBUG entering function foo
WARN memory threshold reached: 192.168.57.185MB
ERROR null pointer in module 192.168.82.31
FATAL out of memory
FATAL out of memory
FATAL out of memory
INFO processed 192.168.39.155 items
ERROR connection timeout 503
WARN disk usage 192.168.211.158%
WARN slow query: 192.168.193.243ms
INFO user 192.168.215.207 logged in
WARN retry attempt 192.168.215.207 for 15929
ERROR file not found: /tmp/192.168.141.220.log
ERROR null pointer in module 192.168.57.185
DEBUG variable x=192.168.9.50
DEBUG variable x=192.168.219.168
ERROR connection timeout 503
WARN slow query: 192.168.9.50ms
INFO request from 192.168.178.215
FATAL out of memory
DEBUG cache hit for key=192.168.39.155
INFO request from 192.168.189.144
ERROR auth failure for user 192.168.178.215
ERROR file not found: /tmp/192.168.82.31.log
INFO request from 192.168.60.30
DEBUG entering function foo
DEBUG entering function foo
FATAL unrecoverable disk error
ERROR connection timeout 503
DEBUG heap size: 192.168.57.185
DEBUG variable x=192.168.39.155
FATAL segfault at address 0x192.168.219.168
FATAL kernel panic
DEBUG cache hit for key=192.168.193.243
ERROR file not found: /tmp/192.168.178.215.log
WARN memory threshold reached: 192.168.141.220MB
FATAL out of memory
FATAL unrecoverable disk error
INFO user 192.168.141.220 logged in
INFO connection established
ERROR connection timeout 503
INFO user 192.168.92.139 logged in
FATAL unrecoverable disk error
ERROR file not found: /tmp/192.168.107.168.log
INFO request from 192.168.229.48
ERROR file not found: /tmp/192.168.215.207.log
WARN memory threshold reached: 192.168.9.50MB
ERROR file not found: /tmp/192.168.229.48.log
DEBUG heap size: 192.168.219.168
ERROR auth failure for user 192.168.197.186
INFO user 192.168.92.139 logged in
DEBUG variable x=192.168.178.215
INFO processed 192.168.178.6 items
INFO request from 192.168.215.207
WARN retry attempt 192.168.57.185 for 28024
DEBUG variable x=192.168.141.220
DEBUG heap size: 192.168.92.139
WARN retry attempt 192.168.189.144 for 52356
DEBUG heap size: 192.168.9.50
WARN retry attempt 192.168.193.243 for 87787
WARN memory threshold reached: 192.168.82.31MB
FATAL segfault at address 0x192.168.60.30
ERROR auth failure for user 192.168.229.48
DEBUG cache hit for key=192.168.193.243
INFO request from 192.168.141.220
FATAL segfault at address 0x192.168.121.141
ERROR file not found: /tmp/192.168.142.104.log
FATAL unrecoverable disk error
WARN retry attempt 192.168.57.185 for 14822
DEBUG cache hit for key=192.168.39.155
DEBUG variable x=192.168.121.141
WARN disk usage 192.168.178.6%
FATAL unrecoverable disk error
FATAL kernel panic
WARN slow query: 192.168.215.207ms
DEBUG cache hit for key=192.168.189.144
DEBUG variable x=192.168.229.48
DEBUG entering function foo
WARN disk usage 192.168.92.139%
DEBUG cache hit for key=192.168.121.141
WARN disk usage 192.168.229.48%
ERROR null pointer in module 192.168.9.50
INFO processed 192.168.178.215 items
DEBUG entering function foo
DEBUG cache hit for key=192.168.211.158
WARN disk usage 192.168.142.104%
WARN retry attempt 192.168.57.185 for 44081
ERROR file not found: /tmp/192.168.57.185.log
INFO connection established
INFO request from 192.168.82.31
INFO connection established
FATAL out of memory
INFO user 192.168.178.215 logged in
ERROR connection timeout 503
INFO connection established
INFO user 192.168.57.185 logged in
INFO request from 192.168.229.48
ERROR connection timeout 503
INFO user 192.168.211.158 logged in
WARN disk usage 192.168.229.48%
ERROR auth failure for user 192.168.215.207
FATAL kernel panic
WARN slow query: 192.168.141.220ms
DEBUG cache hit for key=192.168.57.185
ERROR auth failure for user 192.168.36.209
WARN disk usage 192.168.178.6%
INFO processed 192.168.215.207 items
DEBUG variable x=192.168.39.155
INFO user 192.168.107.168 logged in
DEBUG variable x=192.168.92.139
FATAL unrecoverable disk error
FATAL segfault at address 0x192.168.121.141
WARN slow query: 192.168.57.185ms
ERROR null pointer in module 192.168.9.50
WARN retry attempt 192.168.141.220 for 26295
WARN memory threshold reached: 192.168.178.6MB
WARN disk usage 192.168.121.141%
WARN slow query: 192.168.39.155ms
ERROR file not found: /tmp/192.168.57.185.log
INFO request from 192.168.219.168
FATAL unrecoverable disk error
FATAL kernel panic
WARN slow query: 192.168.142.104ms
DEBUG cache hit for key=192.168.107.168
ERROR null pointer in module 192.168.92.139
FATAL unrecoverable disk error
DEBUG cache hit for key=192.168.215.207
DEBUG cache hit for key=192.168.141.220
INFO user 192.168.142.104 logged in
DEBUG cache hit for key=192.168.197.186
DEBUG heap size: 192.168.189.144
WARN retry attempt 192.168.219.168 for 16192
INFO user 192.168.229.48 logged in
ERROR null pointer in module 192.168.141.220
FATAL kernel panic
ERROR null pointer in module 192.168.9.50
FATAL segfault at address 0x192.168.178.215
WARN memory threshold reached: 192.168.178.6MB
INFO processed 192.168.211.158 items
INFO processed 192.168.197.186 items
DEBUG cache hit for key=192.168.9.50
WARN memory threshold reached: 192.168.178.6MB
DEBUG variable x=192.168.197.186
INFO user 192.168.57.185 logged in
FATAL kernel panic
ERROR file not found: /tmp/192.168.60.30.log
DEBUG entering function foo
ERROR auth failure for user 192.168.178.6
FATAL segfault at address 0x192.168.60.30
WARN memory threshold reached: 192.168.39.155MB
INFO processed 192.168.211.158 items
FATAL segfault at address 0x192.168.107.168
DEBUG entering function foo
INFO connection established
FATAL unrecoverable disk error
INFO connection established
WARN retry attempt 192.168.178.215 for 83280
WARN disk usage 192.168.92.139%
WARN disk usage 192.168.142.104%
ERROR null pointer in module 192.168.141.220
ERROR null pointer in module 192.168.9.50
INFO processed 192.168.107.168 items
FATAL kernel panic
WARN slow query: 192.168.178.6ms
DEBUG variable x=192.168.141.220
FATAL kernel panic
FATAL kernel panic
WARN disk usage 192.168.215.207%
INFO connection established
ERROR file not found: /tmp/192.168.82.31.log
ERROR null pointer in module 192.168.197.186
DEBUG heap size: 192.168.57.185
DEBUG heap size: 192.168.219.168
FATAL unrecoverable disk error
INFO processed 192.168.197.186 items
WARN slow query: 192.168.57.185ms
FATAL kernel panic
INFO connection established
FATAL unrecoverable disk error
FATAL kernel panic
INFO user 192.168.92.139 logged in
WARN memory threshold reached: 192.168.57.185MB
DEBUG entering function foo
DEBUG heap size: 192.168.92.139
ERROR auth failure for user 192.168.219.168
DEBUG entering function foo
WARN retry attempt 192.168.141.220 for 74226
ERROR null pointer in module 192.168.142.104
FATAL segfault at address 0x192.168.82.31
WARN slow query: 192.168.219.168ms
FATAL kernel panic
DEBUG heap size: 192.168.142.104
DEBUG variable x=192.168.215.207
WARN memory threshold reached: 192.168.215.207MB
WARN memory threshold reached: 192.168.178.215MB
DEBUG heap size: 192.168.121.141
WARN memory threshold reached: 192.168.197.186MB
WARN disk usage 192.168.121.141%
ERROR file not found: /tmp/192.168.141.220.log
FATAL kernel panic
INFO connection established
WARN retry attempt 192.168.142.104 for 53794
ERROR null pointer in module 192.168.142.104
ERROR null pointer in module 192.168.215.207
ERROR null pointer in module 192.168.57.185
FATAL out of memory
INFO processed 192.168.215.207 items
ERROR auth failure for user 192.168.39.155
WARN disk usage 192.168.142.104%
ERROR file not found: /tmp/192.168.178.6.log
WARN slow query: 192.168.229.48ms
DEBUG entering function foo
FATAL unrecoverable disk error
WARN retry attempt 192.168.9.50 for 96854
INFO user 192.168.121.141 logged in
DEBUG heap size: 192.168.211.158
WARN disk usage 192.168.178.215%
FATAL out of memory
WARN slow query: 192.168.82.31ms
INFO user 192.168.107.168 logged in
DEBUG entering function foo
FATAL segfault at address 0x192.168.178.215
INFO user 192.168.57.185 logged in
WARN slow query: 192.168.36.209ms
FATAL unrecoverable disk error
FATAL unrecoverable disk error
WARN slow query: 192.168.211.158ms
ERROR file not found: /tmp/192.168.215.207.log
DEBUG variable x=192.168.92.139
WARN memory threshold reached: 192.168.36.209MB
FATAL unrecoverable disk error
DEBUG cache hit for key=192.168.141.220
INFO user 192.168.178.6 logged in
WARN memory threshold reached: 192.168.193.243MB
FATAL kernel panic
ERROR file not found: /tmp/192.168.178.6.log
FATAL segfault at address 0x192.168.57.185
WARN disk usage 192.168.229.48%
INFO user 192.168.193.243 logged in
FATAL out of memory
ERROR null pointer in module 192.168.193.243
WARN retry attempt 192.168.60.30 for 34038
WARN memory threshold reached: 192.168.121.141MB
INFO request from 192.168.142.104
INFO user 192.168.92.139 logged in
INFO request from 192.168.193.243
WARN retry attempt 192.168.82.31 for 99905
DEBUG heap size: 192.168.36.209
ERROR auth failure for user 192.168.141.220
ERROR auth failure for user 192.168.219.168
INFO user 192.168.9.50 logged in
FATAL segfault at address 0x192.168.211.158
ERROR auth failure for user 192.168.82.31
INFO connection established
DEBUG cache hit for key=192.168.215.207
INFO connection established
WARN disk usage 192.168.121.141%
DEBUG entering function foo
WARN retry attempt 192.168.36.209 for 32141
WARN disk usage 192.168.178.6%
WARN slow query: 192.168.36.209ms
ERROR file not found: /tmp/192.168.121.141.log
ERROR null pointer in module 192.168.178.215
INFO processed 192.168.39.155 items
ERROR connection timeout 503
ERROR connection timeout 503
FATAL unrecoverable disk error
INFO processed 192.168.219.168 items
DEBUG cache hit for key=192.168.121.141
ERROR connection timeout 503
WARN disk usage 192.168.141.220%
DEBUG entering function foo
ERROR file not found: /tmp/192.168.60.30.log
ERROR file not found: /tmp/192.168.141.220.log
ERROR file not found: /tmp/192.168.215.207.log
WARN retry attempt 192.168.57.185 for 14095
DEBUG entering function foo
WARN retry attempt 192.168.193.243 for 51420
WARN retry attempt 192.168.189.144 for 82911
FATAL out of memory
FATAL out of memory
INFO request from 192.168.36.209
INFO processed 192.168.229.48 items
DEBUG heap size: 192.168.60.30
WARN slow query: 192.168.82.31ms
WARN retry attempt 192.168.36.209 for 44216
FATAL unrecoverable disk error
INFO connection established
DEBUG variable x=192.168.215.207
WARN disk usage 192.168.189.144%
ERROR null pointer in module 192.168.36.209
FATAL unrecoverable disk error
ERROR null pointer in module 192.168.141.220
INFO request from 192.168.211.158
WARN memory threshold reached: 192.168.39.155MB
WARN memory threshold reached: 192.168.57.185MB
FATAL segfault at address 0x192.168.215.207
ERROR null pointer in module 192.168.142.104
ERROR file not found: /tmp/192.168.36.209.log
ERROR connection timeout 503
INFO user 192.168.142.104 logged in
DEBUG heap size: 192.168.36.209
DEBUG entering function foo
INFO connection established
DEBUG heap size: 192.168.142.104
DEBUG entering function foo
ERROR connection timeout 503
DEBUG entering function foo
DEBUG cache hit for key=192.168.142.104
ERROR connection timeout 503
INFO processed 192.168.39.155 items
DEBUG heap size: 192.168.219.168
FATAL unrecoverable disk error
ERROR null pointer in module 192.168.178.6
FATAL out of memory
WARN retry attempt 192.168.107.168 for 88028
WARN memory threshold reached: 192.168.92.139MB
WARN retry attempt 192.168.121.141 for 39432
DEBUG variable x=192.168.211.158
WARN retry attempt 192.168.60.30 for 21312
